Copyright 1986-2022 Xilinx, Inc. All Rights Reserved. Copyright 2022-2026 Advanced Micro Devices, Inc. All Rights Reserved.
---------------------------------------------------------------------------------------------------------------------------------------------
| Tool Version : Vivado v.2025.2.1 (win64) Build 6403652 Thu Mar 19 19:48:24 GMT 2026
| Date         : Wed Sep 30 15:56:10 2026
| Host         : Uie-laptop running 64-bit major release  (build 9200)
| Command      : report_timing_summary -file D:/Xilinx/Prj/pro/Video_Processing/build/isolated_r95b_wlfanout/timing_summary.rpt
| Design       : system_top
| Device       : 7z020-clg484
| Speed File   : -2  PRODUCTION 1.12 2019-11-22
| Design State : Routed
---------------------------------------------------------------------------------------------------------------------------------------------

Timing Summary Report

------------------------------------------------------------------------------------------------
| Timer Settings
| --------------
------------------------------------------------------------------------------------------------

  Enable Multi Corner Analysis               :  Yes
  Enable Pessimism Removal                   :  Yes
  Pessimism Removal Resolution               :  Nearest Common Node
  Enable Input Delay Default Clock           :  No
  Enable Preset / Clear Arcs                 :  No
  Disable Flight Delays                      :  No
  Ignore I/O Paths                           :  No
  Timing Early Launch at Borrowing Latches   :  No
  Borrow Time for Max Delay Exceptions       :  Yes
  Merge Timing Exceptions                    :  Yes
  Inter-SLR Compensation                     :  Conservative

  Corner  Analyze    Analyze    
  Name    Max Paths  Min Paths  
  ------  ---------  ---------  
  Slow    Yes        Yes        
  Fast    Yes        Yes        


------------------------------------------------------------------------------------------------
| Report Methodology
| ------------------
------------------------------------------------------------------------------------------------

Rule       Severity  Description                                                Violations  
---------  --------  ---------------------------------------------------------  ----------  
DPIR-1     Warning   Asynchronous driver check                                  2           
LUTAR-1    Warning   LUT drives async reset alert                               1           
SYNTH-5    Warning   Mapped onto distributed RAM because of timing constraints  336         
SYNTH-6    Warning   Timing of a RAM block might be sub-optimal                 97          
TIMING-9   Warning   Unknown CDC Logic                                          1           
TIMING-10  Warning   Missing property on synchronizer                           1           
TIMING-18  Warning   Missing input or output delay                              7           

Note: This report is based on the most recent report_methodology run and may not be up-to-date. Run report_methodology on the current design for the latest report.



check_timing report

Table of Contents
-----------------
1. checking no_clock (0)
2. checking constant_clock (0)
3. checking pulse_width_clock (0)
4. checking unconstrained_internal_endpoints (0)
5. checking no_input_delay (7)
6. checking no_output_delay (12)
7. checking multiple_clock (0)
8. checking generated_clocks (0)
9. checking loops (0)
10. checking partial_input_delay (0)
11. checking partial_output_delay (0)
12. checking latch_loops (0)

1. checking no_clock (0)
------------------------
 There are 0 register/latch pins with no clock.


2. checking constant_clock (0)
------------------------------
 There are 0 register/latch pins with constant_clock.


3. checking pulse_width_clock (0)
---------------------------------
 There are 0 register/latch pins which need pulse_width check


4. checking unconstrained_internal_endpoints (0)
------------------------------------------------
 There are 0 pins that are not constrained for maximum delay.

 There are 0 pins that are not constrained for maximum delay due to constant clock.


5. checking no_input_delay (7)
------------------------------
 There are 5 input ports with no input delay specified. (HIGH)

 There are 2 input ports with no input delay but user has a false path constraint. (MEDIUM)


6. checking no_output_delay (12)
--------------------------------
 There are 6 ports with no output delay specified. (HIGH)

 There are 6 ports with no output delay but user has a false path constraint (MEDIUM)

 There are 0 ports with no output delay but with a timing clock defined on it or propagating through it


7. checking multiple_clock (0)
------------------------------
 There are 0 register/latch pins with multiple clocks.


8. checking generated_clocks (0)
--------------------------------
 There are 0 generated clocks that are not connected to a clock source.


9. checking loops (0)
---------------------
 There are 0 combinational loops in the design.


10. checking partial_input_delay (0)
------------------------------------
 There are 0 input ports with partial input delay specified.


11. checking partial_output_delay (0)
-------------------------------------
 There are 0 ports with partial output delay specified.


12. checking latch_loops (0)
----------------------------
 There are 0 combinational latch loops in the design through latch input



------------------------------------------------------------------------------------------------
| Design Timing Summary
| ---------------------
------------------------------------------------------------------------------------------------

    WNS(ns)      TNS(ns)  TNS Failing Endpoints  TNS Total Endpoints      WHS(ns)      THS(ns)  THS Failing Endpoints  THS Total Endpoints     WPWS(ns)     TPWS(ns)  TPWS Failing Endpoints  TPWS Total Endpoints  
    -------      -------  ---------------------  -------------------      -------      -------  ---------------------  -------------------     --------     --------  ----------------------  --------------------  
      0.553        0.000                      0                50883        0.049        0.000                      0                50883        0.264        0.000                       0                 12521  


All user specified timing constraints are met.


------------------------------------------------------------------------------------------------
| Clock Summary
| -------------
------------------------------------------------------------------------------------------------

Clock         Waveform(ns)         Period(ns)      Frequency(MHz)
-----         ------------         ----------      --------------
clk_fpga_0    {0.000 5.000}        10.000          100.000         
eth_rxc       {0.000 4.000}        8.000           125.000         
sys_clk       {0.000 10.000}       20.000          50.000          
  clkfbout    {0.000 10.000}       20.000          50.000          
  clkfbout_1  {0.000 10.000}       20.000          50.000          
  clkout0_1   {0.000 10.000}       20.000          50.000          
  clkout1_1   {0.000 2.000}        4.000           250.000         
  clkout2     {0.000 2.500}        5.000           200.000         


------------------------------------------------------------------------------------------------
| Intra Clock Table
| -----------------
------------------------------------------------------------------------------------------------

Clock             WNS(ns)      TNS(ns)  TNS Failing Endpoints  TNS Total Endpoints      WHS(ns)      THS(ns)  THS Failing Endpoints  THS Total Endpoints     WPWS(ns)     TPWS(ns)  TPWS Failing Endpoints  TPWS Total Endpoints  
-----             -------      -------  ---------------------  -------------------      -------      -------  ---------------------  -------------------     --------     --------  ----------------------  --------------------  
clk_fpga_0          0.970        0.000                      0                15713        0.060        0.000                      0                15713        3.870        0.000                       0                  4368  
eth_rxc             0.553        0.000                      0                 4721        0.049        0.000                      0                 4721        3.500        0.000                       0                  2480  
sys_clk            14.195        0.000                      0                  253        0.121        0.000                      0                  253        7.000        0.000                       0                   186  
  clkfbout                                                                                                                                                     18.408        0.000                       0                     3  
  clkfbout_1                                                                                                                                                   18.408        0.000                       0                     3  
  clkout0_1         1.089        0.000                      0                30118        0.063        0.000                      0                30118        8.870        0.000                       0                  5468  
  clkout1_1                                                                                                                                                     2.408        0.000                       0                    10  
  clkout2                                                                                                                                                       0.264        0.000                       0                     3  


------------------------------------------------------------------------------------------------
| Inter Clock Table
| -----------------
------------------------------------------------------------------------------------------------

From Clock    To Clock          WNS(ns)      TNS(ns)  TNS Failing Endpoints  TNS Total Endpoints      WHS(ns)      THS(ns)  THS Failing Endpoints  THS Total Endpoints  
----------    --------          -------      -------  ---------------------  -------------------      -------      -------  ---------------------  -------------------  
clkout0_1     sys_clk            15.259        0.000                      0                   20        0.173        0.000                      0                   20  
sys_clk       clkout0_1           2.094        0.000                      0                  241        0.171        0.000                      0                  241  


------------------------------------------------------------------------------------------------
| Other Path Groups Table
| -----------------------
------------------------------------------------------------------------------------------------

Path Group    From Clock    To Clock          WNS(ns)      TNS(ns)  TNS Failing Endpoints  TNS Total Endpoints      WHS(ns)      THS(ns)  THS Failing Endpoints  THS Total Endpoints  
----------    ----------    --------          -------      -------  ---------------------  -------------------      -------      -------  ---------------------  -------------------  


------------------------------------------------------------------------------------------------
| Timing Details
| --------------
------------------------------------------------------------------------------------------------


---------------------------------------------------------------------------------------------------
From Clock:  clk_fpga_0
  To Clock:  clk_fpga_0

Setup :            0  Failing Endpoints,  Worst Slack        0.970ns,  Total Violation        0.000ns
Hold  :            0  Failing Endpoints,  Worst Slack        0.060ns,  Total Violation        0.000ns
PW    :            0  Failing Endpoints,  Worst Slack        3.870ns,  Total Violation        0.000ns
---------------------------------------------------------------------------------------------------


Max Delay Paths
--------------------------------------------------------------------------------------
Slack (MET) :             0.970ns  (required time - arrival time)
  Source:                 u_pl/u_arb/owner_eth_reg_rep__0/C
                            (rising edge-triggered cell FDCE clocked by clk_fpga_0  {rise@0.000ns fall@5.000ns period=10.000ns})
  Destination:            u_pl/u_bilin/u_fb/lo_reg_0_63/ADDRARDADDR[2]
                            (rising edge-triggered cell RAMB36E1 clocked by clk_fpga_0  {rise@0.000ns fall@5.000ns period=10.000ns})
  Path Group:             clk_fpga_0
  Path Type:              Setup (Max at Slow Process Corner)
  Requirement:            10.000ns  (clk_fpga_0 rise@10.000ns - clk_fpga_0 rise@0.000ns)
  Data Path Delay:        8.408ns  (logic 0.484ns (5.757%)  route 7.924ns (94.243%))
  Logic Levels:           1  (LUT3=1)
  Clock Path Skew:        0.022ns (DCD - SCD + CPR)
    Destination Clock Delay (DCD):    2.370ns = ( 12.370 - 10.000 ) 
    Source Clock Delay      (SCD):    2.457ns
    Clock Pessimism Removal (CPR):    0.109ns
  Clock Uncertainty:      0.154ns  ((TSJ^2 + TIJ^2)^1/2 + DJ) / 2 + PE
    Total System Jitter     (TSJ):    0.071ns
    Total Input Jitter      (TIJ):    0.300ns
    Discrete Jitter          (DJ):    0.000ns
    Phase Error              (PE):    0.000ns

    Location             Delay type                Incr(ns)  Path(ns)    Netlist Resource(s)
  -------------------------------------------------------------------    -------------------
                         (clock clk_fpga_0 rise edge)
                                                      0.000     0.000 r  
    PS7_X0Y0             PS7                          0.000     0.000 r  u_bd/design_1_i/processing_system7_0/inst/PS7_i/FCLKCLK[0]
                         net (fo=1, routed)           0.994     0.994    u_bd/design_1_i/processing_system7_0/inst/FCLK_CLK_unbuffered[0]
    BUFGCTRL_X0Y16       BUFG (Prop_bufg_I_O)         0.085     1.079 r  u_bd/design_1_i/processing_system7_0/inst/buffer_fclk_clk_0.FCLK_CLK_0_BUFG/O
                         net (fo=4369, routed)        1.378     2.457    u_pl/u_arb/FCLK_CLK0
    SLICE_X47Y69         FDCE                                         r  u_pl/u_arb/owner_eth_reg_rep__0/C
  -------------------------------------------------------------------    -------------------
    SLICE_X47Y69         FDCE (Prop_fdce_C_Q)         0.379     2.836 r  u_pl/u_arb/owner_eth_reg_rep__0/Q
                         net (fo=187, routed)         1.978     4.814    u_pl/u_row/wr_words_reg[17]_0
    SLICE_X51Y49         LUT3 (Prop_lut3_I2_O)        0.105     4.919 r  u_pl/u_row/lo_reg_0_12_i_13/O
                         net (fo=20, routed)          5.945    10.865    u_pl/u_bilin/u_fb/lo_reg_0_12_0[2]
    RAMB36_X5Y18         RAMB36E1                                     r  u_pl/u_bilin/u_fb/lo_reg_0_63/ADDRARDADDR[2]
  -------------------------------------------------------------------    -------------------

                         (clock clk_fpga_0 rise edge)
                                                     10.000    10.000 r  
    PS7_X0Y0             PS7                          0.000    10.000 r  u_bd/design_1_i/processing_system7_0/inst/PS7_i/FCLKCLK[0]
                         net (fo=1, routed)           0.905    10.906    u_bd/design_1_i/processing_system7_0/inst/FCLK_CLK_unbuffered[0]
    BUFGCTRL_X0Y16       BUFG (Prop_bufg_I_O)         0.077    10.983 r  u_bd/design_1_i/processing_system7_0/inst/buffer_fclk_clk_0.FCLK_CLK_0_BUFG/O
                         net (fo=4369, routed)        1.388    12.370    u_pl/u_bilin/u_fb/FCLK_CLK0
    RAMB36_X5Y18         RAMB36E1                                     r  u_pl/u_bilin/u_fb/lo_reg_0_63/CLKARDCLK
                         clock pessimism              0.109    12.479    
                         clock uncertainty           -0.154    12.325    
    RAMB36_X5Y18         RAMB36E1 (Setup_ramb36e1_CLKARDCLK_ADDRARDADDR[2])
                                                     -0.490    11.835    u_pl/u_bilin/u_fb/lo_reg_0_63
  -------------------------------------------------------------------
                         required time                         11.835    
                         arrival time                         -10.865    
  -------------------------------------------------------------------
                         slack                                  0.970    





Min Delay Paths
--------------------------------------------------------------------------------------
Slack (MET) :             0.060ns  (arrival time - required time)
  Source:                 u_eth/u_saver/cur_data_reg[54]/C
                            (rising edge-triggered cell FDCE clocked by clk_fpga_0  {rise@0.000ns fall@5.000ns period=10.000ns})
  Destination:            u_eth/u_saver/q_data_reg_0_63_54_56/RAMA/I
                            (rising edge-triggered cell RAMD64E clocked by clk_fpga_0  {rise@0.000ns fall@5.000ns period=10.000ns})
  Path Group:             clk_fpga_0
  Path Type:              Hold (Min at Fast Process Corner)
  Requirement:            0.000ns  (clk_fpga_0 rise@0.000ns - clk_fpga_0 rise@0.000ns)
  Data Path Delay:        0.220ns  (logic 0.141ns (64.205%)  route 0.079ns (35.795%))
  Logic Levels:           0  
  Clock Path Skew:        0.013ns (DCD - SCD - CPR)
    Destination Clock Delay (DCD):    1.220ns
    Source Clock Delay      (SCD):    0.923ns
    Clock Pessimism Removal (CPR):    0.284ns

    Location             Delay type                Incr(ns)  Path(ns)    Netlist Resource(s)
  -------------------------------------------------------------------    -------------------
                         (clock clk_fpga_0 rise edge)
                                                      0.000     0.000 r  
    PS7_X0Y0             PS7                          0.000     0.000 r  u_bd/design_1_i/processing_system7_0/inst/PS7_i/FCLKCLK[0]
                         net (fo=1, routed)           0.310     0.310    u_bd/design_1_i/processing_system7_0/inst/FCLK_CLK_unbuffered[0]
    BUFGCTRL_X0Y16       BUFG (Prop_bufg_I_O)         0.026     0.336 r  u_bd/design_1_i/processing_system7_0/inst/buffer_fclk_clk_0.FCLK_CLK_0_BUFG/O
                         net (fo=4369, routed)        0.587     0.923    u_eth/u_saver/FCLK_CLK0
    SLICE_X21Y30         FDCE                                         r  u_eth/u_saver/cur_data_reg[54]/C
  -------------------------------------------------------------------    -------------------
    SLICE_X21Y30         FDCE (Prop_fdce_C_Q)         0.141     1.064 r  u_eth/u_saver/cur_data_reg[54]/Q
                         net (fo=8, routed)           0.079     1.142    u_eth/u_saver/q_data_reg_0_63_54_56/DIA
    SLICE_X20Y30         RAMD64E                                      r  u_eth/u_saver/q_data_reg_0_63_54_56/RAMA/I
  -------------------------------------------------------------------    -------------------

                         (clock clk_fpga_0 rise edge)
                                                      0.000     0.000 r  
    PS7_X0Y0             PS7                          0.000     0.000 r  u_bd/design_1_i/processing_system7_0/inst/PS7_i/FCLKCLK[0]
                         net (fo=1, routed)           0.337     0.337    u_bd/design_1_i/processing_system7_0/inst/FCLK_CLK_unbuffered[0]
    BUFGCTRL_X0Y16       BUFG (Prop_bufg_I_O)         0.029     0.366 r  u_bd/design_1_i/processing_system7_0/inst/buffer_fclk_clk_0.FCLK_CLK_0_BUFG/O
                         net (fo=4369, routed)        0.854     1.220    u_eth/u_saver/q_data_reg_0_63_54_56/WCLK
    SLICE_X20Y30         RAMD64E                                      r  u_eth/u_saver/q_data_reg_0_63_54_56/RAMA/CLK
                         clock pessimism             -0.284     0.936    
    SLICE_X20Y30         RAMD64E (Hold_ramd64e_CLK_I)
                                                      0.147     1.083    u_eth/u_saver/q_data_reg_0_63_54_56/RAMA
  -------------------------------------------------------------------
                         required time                         -1.083    
                         arrival time                           1.142    
  -------------------------------------------------------------------
                         slack                                  0.060    





Pulse Width Checks
--------------------------------------------------------------------------------------
Clock Name:         clk_fpga_0
Waveform(ns):       { 0.000 5.000 }
Period(ns):         10.000
Sources:            { u_bd/design_1_i/processing_system7_0/inst/PS7_i/FCLKCLK[0] }

Check Type        Corner  Lib Pin             Reference Pin  Required(ns)  Actual(ns)  Slack(ns)  Location      Pin
Min Period        n/a     RAMB36E1/CLKBWRCLK  n/a            2.170         10.000      7.830      RAMB36_X0Y3   u_eth/u_cdc/mem_reg_0/CLKBWRCLK
Low Pulse Width   Slow    RAMD64E/CLK         n/a            1.130         5.000       3.870      SLICE_X22Y28  u_eth/u_saver/q_addr_reg_0_63_12_14/RAMA/CLK
High Pulse Width  Slow    RAMD64E/CLK         n/a            1.130         5.000       3.870      SLICE_X22Y28  u_eth/u_saver/q_addr_reg_0_63_12_14/RAMA/CLK



---------------------------------------------------------------------------------------------------
From Clock:  eth_rxc
  To Clock:  eth_rxc

Setup :            0  Failing Endpoints,  Worst Slack        0.553ns,  Total Violation        0.000ns
Hold  :            0  Failing Endpoints,  Worst Slack        0.049ns,  Total Violation        0.000ns
PW    :            0  Failing Endpoints,  Worst Slack        3.500ns,  Total Violation        0.000ns
---------------------------------------------------------------------------------------------------


Max Delay Paths
--------------------------------------------------------------------------------------
Slack (MET) :             0.553ns  (required time - arrival time)
  Source:                 u_eth/u_icmp/u_icmp_tx/tx_data_num_reg[12]/C
                            (rising edge-triggered cell FDCE clocked by eth_rxc  {rise@0.000ns fall@4.000ns period=8.000ns})
  Destination:            u_eth/u_icmp/u_icmp_tx/data_cnt_reg[12]/CE
                            (rising edge-triggered cell FDCE clocked by eth_rxc  {rise@0.000ns fall@4.000ns period=8.000ns})
  Path Group:             eth_rxc
  Path Type:              Setup (Max at Slow Process Corner)
  Requirement:            8.000ns  (eth_rxc rise@8.000ns - eth_rxc rise@0.000ns)
  Data Path Delay:        7.182ns  (logic 2.615ns (36.411%)  route 4.567ns (63.589%))
  Logic Levels:           11  (CARRY4=5 LUT2=3 LUT4=1 LUT5=1 LUT6=1)
  Clock Path Skew:        -0.062ns (DCD - SCD + CPR)
    Destination Clock Delay (DCD):    4.507ns = ( 12.507 - 8.000 ) 
    Source Clock Delay      (SCD):    4.911ns
    Clock Pessimism Removal (CPR):    0.342ns
  Clock Uncertainty:      0.035ns  ((TSJ^2 + TIJ^2)^1/2 + DJ) / 2 + PE
    Total System Jitter     (TSJ):    0.071ns
    Total Input Jitter      (TIJ):    0.000ns
    Discrete Jitter          (DJ):    0.000ns
    Phase Error              (PE):    0.000ns

    Location             Delay type                Incr(ns)  Path(ns)    Netlist Resource(s)
  -------------------------------------------------------------------    -------------------
                         (clock eth_rxc rise edge)    0.000     0.000 r  
    Y19                                               0.000     0.000 r  eth_rxc (IN)
                         net (fo=0)                   0.000     0.000    eth_rxc
    Y19                  IBUF (Prop_ibuf_I_O)         1.430     1.430 r  eth_rxc_IBUF_inst/O
                         net (fo=1, routed)           1.873     3.303    u_eth/u_rgmii/u_rgmii_rx/rgmii_rxc
    BUFGCTRL_X0Y1        BUFG (Prop_bufg_I_O)         0.085     3.388 r  u_eth/u_rgmii/u_rgmii_rx/BUFG_inst/O
                         net (fo=2480, routed)        1.523     4.911    u_eth/u_icmp/u_icmp_tx/gmii_rx_clk
    SLICE_X102Y44        FDCE                                         r  u_eth/u_icmp/u_icmp_tx/tx_data_num_reg[12]/C
  -------------------------------------------------------------------    -------------------
    SLICE_X102Y44        FDCE (Prop_fdce_C_Q)         0.398     5.309 r  u_eth/u_icmp/u_icmp_tx/tx_data_num_reg[12]/Q
                         net (fo=6, routed)           0.573     5.882    u_eth/u_icmp/u_icmp_tx/tx_data_num[12]
    SLICE_X103Y44        LUT4 (Prop_lut4_I2_O)        0.232     6.114 r  u_eth/u_icmp/u_icmp_tx/real_add_cnt[4]_i_102/O
                         net (fo=1, routed)           0.546     6.660    u_eth/u_icmp/u_icmp_tx/real_add_cnt[4]_i_102_n_0
    SLICE_X103Y44        LUT5 (Prop_lut5_I4_O)        0.105     6.765 r  u_eth/u_icmp/u_icmp_tx/real_add_cnt[4]_i_90/O
                         net (fo=17, routed)          0.455     7.220    u_eth/u_icmp/u_icmp_tx/real_tx_data_num1
    SLICE_X103Y45        LUT2 (Prop_lut2_I0_O)        0.105     7.325 r  u_eth/u_icmp/u_icmp_tx/real_add_cnt[4]_i_95/O
                         net (fo=1, routed)           0.255     7.580    u_eth/u_icmp/u_icmp_tx/real_add_cnt[4]_i_95_n_0
    SLICE_X102Y46        CARRY4 (Prop_carry4_CYINIT_CO[3])
                                                      0.494     8.074 r  u_eth/u_icmp/u_icmp_tx/real_add_cnt_reg[4]_i_85/CO[3]
                         net (fo=1, routed)           0.000     8.074    u_eth/u_icmp/u_icmp_tx/real_add_cnt_reg[4]_i_85_n_0
    SLICE_X102Y47        CARRY4 (Prop_carry4_CI_CO[3])
                                                      0.100     8.174 r  u_eth/u_icmp/u_icmp_tx/real_add_cnt_reg[4]_i_67/CO[3]
                         net (fo=1, routed)           0.000     8.174    u_eth/u_icmp/u_icmp_tx/real_add_cnt_reg[4]_i_67_n_0
    SLICE_X102Y48        CARRY4 (Prop_carry4_CI_O[0])
                                                      0.178     8.352 r  u_eth/u_icmp/u_icmp_tx/real_add_cnt_reg[4]_i_48/O[0]
                         net (fo=1, routed)           0.517     8.870    u_eth/u_icmp/u_icmp_tx/real_add_cnt_reg[4]_i_48_n_7
    SLICE_X103Y48        LUT2 (Prop_lut2_I1_O)        0.238     9.108 r  u_eth/u_icmp/u_icmp_tx/real_add_cnt[4]_i_45/O
                         net (fo=1, routed)           0.000     9.108    u_eth/u_icmp/u_icmp_tx/real_add_cnt[4]_i_45_n_0
    SLICE_X103Y48        CARRY4 (Prop_carry4_S[1]_CO[3])
                                                      0.457     9.565 r  u_eth/u_icmp/u_icmp_tx/real_add_cnt_reg[4]_i_20/CO[3]
                         net (fo=1, routed)           0.000     9.565    u_eth/u_icmp/u_icmp_tx/real_add_cnt_reg[4]_i_20_n_0
    SLICE_X103Y49        CARRY4 (Prop_carry4_CI_CO[3])
                                                      0.098     9.663 r  u_eth/u_icmp/u_icmp_tx/real_add_cnt_reg[4]_i_7/CO[3]
                         net (fo=9, routed)           0.840    10.503    u_eth/u_icmp/u_icmp_tx/real_add_cnt_reg[4]_i_7_n_0
    SLICE_X104Y45        LUT2 (Prop_lut2_I1_O)        0.105    10.608 r  u_eth/u_icmp/u_icmp_tx/data_cnt[0]_i_3/O
                         net (fo=1, routed)           0.503    11.112    u_eth/u_icmp/u_icmp_tx/data_cnt[0]_i_3_n_0
    SLICE_X104Y45        LUT6 (Prop_lut6_I3_O)        0.105    11.217 r  u_eth/u_icmp/u_icmp_tx/data_cnt[0]_i_1__0/O
                         net (fo=16, routed)          0.876    12.093    u_eth/u_icmp/u_icmp_tx/data_cnt0
    SLICE_X105Y48        FDCE                                         r  u_eth/u_icmp/u_icmp_tx/data_cnt_reg[12]/CE
  -------------------------------------------------------------------    -------------------

                         (clock eth_rxc rise edge)    8.000     8.000 r  
    Y19                                               0.000     8.000 r  eth_rxc (IN)
                         net (fo=0)                   0.000     8.000    eth_rxc
    Y19                  IBUF (Prop_ibuf_I_O)         1.364     9.364 r  eth_rxc_IBUF_inst/O
                         net (fo=1, routed)           1.701    11.065    u_eth/u_rgmii/u_rgmii_rx/rgmii_rxc
    BUFGCTRL_X0Y1        BUFG (Prop_bufg_I_O)         0.077    11.142 r  u_eth/u_rgmii/u_rgmii_rx/BUFG_inst/O
                         net (fo=2480, routed)        1.365    12.507    u_eth/u_icmp/u_icmp_tx/gmii_rx_clk
    SLICE_X105Y48        FDCE                                         r  u_eth/u_icmp/u_icmp_tx/data_cnt_reg[12]/C
                         clock pessimism              0.342    12.849    
                         clock uncertainty           -0.035    12.813    
    SLICE_X105Y48        FDCE (Setup_fdce_C_CE)      -0.168    12.645    u_eth/u_icmp/u_icmp_tx/data_cnt_reg[12]
  -------------------------------------------------------------------
                         required time                         12.645    
                         arrival time                         -12.093    
  -------------------------------------------------------------------
                         slack                                  0.553    





Min Delay Paths
--------------------------------------------------------------------------------------
Slack (MET) :             0.049ns  (arrival time - required time)
  Source:                 u_eth/u_arp/u_arp_tx/arp_data_reg[27][4]/C
                            (rising edge-triggered cell FDCE clocked by eth_rxc  {rise@0.000ns fall@4.000ns period=8.000ns})
  Destination:            u_eth/u_arp/u_arp_tx/gmii_txd_reg[4]/D
                            (rising edge-triggered cell FDCE clocked by eth_rxc  {rise@0.000ns fall@4.000ns period=8.000ns})
  Path Group:             eth_rxc
  Path Type:              Hold (Min at Fast Process Corner)
  Requirement:            0.000ns  (eth_rxc rise@0.000ns - eth_rxc rise@0.000ns)
  Data Path Delay:        1.239ns  (logic 0.407ns (32.841%)  route 0.832ns (67.159%))
  Logic Levels:           3  (LUT5=1 LUT6=2)
  Clock Path Skew:        0.269ns (DCD - SCD - CPR)
    Destination Clock Delay (DCD):    2.120ns
    Source Clock Delay      (SCD):    1.603ns
    Clock Pessimism Removal (CPR):    0.248ns
  Clock Uncertainty:      0.800ns  ((TSJ^2 + TIJ^2)^1/2 + DJ) / 2 + PE + UU
    Total System Jitter     (TSJ):    0.000ns
    Total Input Jitter      (TIJ):    0.000ns
    Discrete Jitter          (DJ):    0.000ns
    Phase Error              (PE):    0.000ns
    User Uncertainty         (UU):    0.800ns

    Location             Delay type                Incr(ns)  Path(ns)    Netlist Resource(s)
  -------------------------------------------------------------------    -------------------
                         (clock eth_rxc rise edge)    0.000     0.000 r  
    Y19                                               0.000     0.000 r  eth_rxc (IN)
                         net (fo=0)                   0.000     0.000    eth_rxc
    Y19                  IBUF (Prop_ibuf_I_O)         0.266     0.266 r  eth_rxc_IBUF_inst/O
                         net (fo=1, routed)           0.674     0.940    u_eth/u_rgmii/u_rgmii_rx/rgmii_rxc
    BUFGCTRL_X0Y1        BUFG (Prop_bufg_I_O)         0.026     0.966 r  u_eth/u_rgmii/u_rgmii_rx/BUFG_inst/O
                         net (fo=2480, routed)        0.637     1.603    u_eth/u_arp/u_arp_tx/gmii_rx_clk
    SLICE_X108Y54        FDCE                                         r  u_eth/u_arp/u_arp_tx/arp_data_reg[27][4]/C
  -------------------------------------------------------------------    -------------------
    SLICE_X108Y54        FDCE (Prop_fdce_C_Q)         0.148     1.751 r  u_eth/u_arp/u_arp_tx/arp_data_reg[27][4]/Q
                         net (fo=1, routed)           0.055     1.806    u_eth/u_arp/u_arp_tx/arp_data_reg[27]_12[4]
    SLICE_X108Y54        LUT6 (Prop_lut6_I2_O)        0.098     1.904 r  u_eth/u_arp/u_arp_tx/gmii_txd[4]_i_7/O
                         net (fo=1, routed)           0.536     2.440    u_eth/u_arp/u_arp_tx/gmii_txd[4]_i_7_n_0
    SLICE_X108Y34        LUT5 (Prop_lut5_I1_O)        0.043     2.483 r  u_eth/u_arp/u_arp_tx/gmii_txd[4]_i_3/O
                         net (fo=1, routed)           0.242     2.724    u_eth/u_arp/u_arp_tx/arp_data[4]
    SLICE_X112Y35        LUT6 (Prop_lut6_I2_O)        0.118     2.842 r  u_eth/u_arp/u_arp_tx/gmii_txd[4]_i_1/O
                         net (fo=1, routed)           0.000     2.842    u_eth/u_arp/u_arp_tx/gmii_txd[4]_i_1_n_0
    SLICE_X112Y35        FDCE                                         r  u_eth/u_arp/u_arp_tx/gmii_txd_reg[4]/D
  -------------------------------------------------------------------    -------------------

                         (clock eth_rxc rise edge)    0.000     0.000 r  
    Y19                                               0.000     0.000 r  eth_rxc (IN)
                         net (fo=0)                   0.000     0.000    eth_rxc
    Y19                  IBUF (Prop_ibuf_I_O)         0.454     0.454 r  eth_rxc_IBUF_inst/O
                         net (fo=1, routed)           0.731     1.185    u_eth/u_rgmii/u_rgmii_rx/rgmii_rxc
    BUFGCTRL_X0Y1        BUFG (Prop_bufg_I_O)         0.029     1.214 r  u_eth/u_rgmii/u_rgmii_rx/BUFG_inst/O
                         net (fo=2480, routed)        0.906     2.120    u_eth/u_arp/u_arp_tx/gmii_rx_clk
    SLICE_X112Y35        FDCE                                         r  u_eth/u_arp/u_arp_tx/gmii_txd_reg[4]/C
                         clock pessimism             -0.248     1.872    
                         clock uncertainty            0.800     2.672    
    SLICE_X112Y35        FDCE (Hold_fdce_C_D)         0.121     2.793    u_eth/u_arp/u_arp_tx/gmii_txd_reg[4]
  -------------------------------------------------------------------
                         required time                         -2.793    
                         arrival time                           2.842    
  -------------------------------------------------------------------
                         slack                                  0.049    





Pulse Width Checks
--------------------------------------------------------------------------------------
Clock Name:         eth_rxc
Waveform(ns):       { 0.000 4.000 }
Period(ns):         8.000
Sources:            { eth_rxc }

Check Type        Corner  Lib Pin             Reference Pin  Required(ns)  Actual(ns)  Slack(ns)  Location      Pin
Min Period        n/a     RAMB18E1/CLKARDCLK  n/a            2.472         8.000       5.528      RAMB18_X5Y10  u_eth/u_icmp_fifo/mem_reg/CLKARDCLK
Low Pulse Width   Slow    FDCE/C              n/a            0.500         4.000       3.500      SLICE_X28Y23  u_eth/flush_pend_reg/C
High Pulse Width  Slow    FDCE/C              n/a            0.500         4.000       3.500      SLICE_X28Y23  u_eth/flush_pend_reg/C



---------------------------------------------------------------------------------------------------
From Clock:  sys_clk
  To Clock:  sys_clk

Setup :            0  Failing Endpoints,  Worst Slack       14.195ns,  Total Violation        0.000ns
Hold  :            0  Failing Endpoints,  Worst Slack        0.121ns,  Total Violation        0.000ns
PW    :            0  Failing Endpoints,  Worst Slack        7.000ns,  Total Violation        0.000ns
---------------------------------------------------------------------------------------------------


Max Delay Paths
--------------------------------------------------------------------------------------
Slack (MET) :             14.195ns  (required time - arrival time)
  Source:                 u_pl/sec_div_reg[20]/C
                            (rising edge-triggered cell FDCE clocked by sys_clk  {rise@0.000ns fall@10.000ns period=20.000ns})
  Destination:            u_pl/fps_acc_reg[0]/CE
                            (rising edge-triggered cell FDCE clocked by sys_clk  {rise@0.000ns fall@10.000ns period=20.000ns})
  Path Group:             sys_clk
  Path Type:              Setup (Max at Slow Process Corner)
  Requirement:            20.000ns  (sys_clk rise@20.000ns - sys_clk rise@0.000ns)
  Data Path Delay:        5.534ns  (logic 1.007ns (18.196%)  route 4.527ns (81.804%))
  Logic Levels:           5  (LUT3=1 LUT4=1 LUT5=1 LUT6=2)
  Clock Path Skew:        -0.068ns (DCD - SCD + CPR)
    Destination Clock Delay (DCD):    4.571ns = ( 24.571 - 20.000 ) 
    Source Clock Delay      (SCD):    4.996ns
    Clock Pessimism Removal (CPR):    0.357ns
  Clock Uncertainty:      0.035ns  ((TSJ^2 + TIJ^2)^1/2 + DJ) / 2 + PE
    Total System Jitter     (TSJ):    0.071ns
    Total Input Jitter      (TIJ):    0.000ns
    Discrete Jitter          (DJ):    0.000ns
    Phase Error              (PE):    0.000ns

    Location             Delay type                Incr(ns)  Path(ns)    Netlist Resource(s)
  -------------------------------------------------------------------    -------------------
                         (clock sys_clk rise edge)    0.000     0.000 r  
    W17                                               0.000     0.000 r  sys_clk (IN)
                         net (fo=0)                   0.000     0.000    sys_clk
    W17                  IBUF (Prop_ibuf_I_O)         1.415     1.415 r  sys_clk_IBUF_inst/O
                         net (fo=1, routed)           1.873     3.288    sys_clk_IBUF
    BUFGCTRL_X0Y4        BUFG (Prop_bufg_I_O)         0.085     3.373 r  sys_clk_IBUF_BUFG_inst/O
                         net (fo=185, routed)         1.623     4.996    u_pl/CLK
    SLICE_X87Y107        FDCE                                         r  u_pl/sec_div_reg[20]/C
  -------------------------------------------------------------------    -------------------
    SLICE_X87Y107        FDCE (Prop_fdce_C_Q)         0.348     5.344 r  u_pl/sec_div_reg[20]/Q
                         net (fo=2, routed)           0.846     6.190    u_pl/sec_div_reg_n_0_[20]
    SLICE_X87Y107        LUT4 (Prop_lut4_I3_O)        0.239     6.429 f  u_pl/sec_div[25]_i_8/O
                         net (fo=1, routed)           0.515     6.944    u_pl/sec_div[25]_i_8_n_0
    SLICE_X87Y106        LUT5 (Prop_lut5_I4_O)        0.105     7.049 f  u_pl/sec_div[25]_i_7/O
                         net (fo=1, routed)           0.465     7.514    u_pl/sec_div[25]_i_7_n_0
    SLICE_X87Y104        LUT6 (Prop_lut6_I5_O)        0.105     7.619 f  u_pl/sec_div[25]_i_4/O
                         net (fo=1, routed)           0.395     8.014    u_pl/sec_div[25]_i_4_n_0
    SLICE_X87Y103        LUT6 (Prop_lut6_I0_O)        0.105     8.119 r  u_pl/sec_div[25]_i_2/O
                         net (fo=42, routed)          1.580     9.699    u_pl/fps_q[0]
    SLICE_X67Y106        LUT3 (Prop_lut3_I2_O)        0.105     9.804 r  u_pl/fps_acc[7]_i_1/O
                         net (fo=8, routed)           0.726    10.530    u_pl/fps_acc[7]_i_1_n_0
    SLICE_X67Y110        FDCE                                         r  u_pl/fps_acc_reg[0]/CE
  -------------------------------------------------------------------    -------------------

                         (clock sys_clk rise edge)   20.000    20.000 r  
    W17                                               0.000    20.000 r  sys_clk (IN)
                         net (fo=0)                   0.000    20.000    sys_clk
    W17                  IBUF (Prop_ibuf_I_O)         1.349    21.349 r  sys_clk_IBUF_inst/O
                         net (fo=1, routed)           1.701    23.050    sys_clk_IBUF
    BUFGCTRL_X0Y4        BUFG (Prop_bufg_I_O)         0.077    23.127 r  sys_clk_IBUF_BUFG_inst/O
                         net (fo=185, routed)         1.444    24.571    u_pl/CLK
    SLICE_X67Y110        FDCE                                         r  u_pl/fps_acc_reg[0]/C
                         clock pessimism              0.357    24.928    
                         clock uncertainty           -0.035    24.893    
    SLICE_X67Y110        FDCE (Setup_fdce_C_CE)      -0.168    24.725    u_pl/fps_acc_reg[0]
  -------------------------------------------------------------------
                         required time                         24.725    
                         arrival time                         -10.530    
  -------------------------------------------------------------------
                         slack                                 14.195    





Min Delay Paths
--------------------------------------------------------------------------------------
Slack (MET) :             0.121ns  (arrival time - required time)
  Source:                 u_pl/vt0_reg/C
                            (rising edge-triggered cell FDRE clocked by sys_clk  {rise@0.000ns fall@10.000ns period=20.000ns})
  Destination:            u_pl/vt1_reg/D
                            (rising edge-triggered cell FDRE clocked by sys_clk  {rise@0.000ns fall@10.000ns period=20.000ns})
  Path Group:             sys_clk
  Path Type:              Hold (Min at Fast Process Corner)
  Requirement:            0.000ns  (sys_clk rise@0.000ns - sys_clk rise@0.000ns)
  Data Path Delay:        0.196ns  (logic 0.141ns (71.838%)  route 0.055ns (28.162%))
  Logic Levels:           0  
  Clock Path Skew:        0.000ns (DCD - SCD - CPR)
    Destination Clock Delay (DCD):    2.136ns
    Source Clock Delay      (SCD):    1.615ns
    Clock Pessimism Removal (CPR):    0.521ns

    Location             Delay type                Incr(ns)  Path(ns)    Netlist Resource(s)
  -------------------------------------------------------------------    -------------------
                         (clock sys_clk rise edge)    0.000     0.000 r  
    W17                                               0.000     0.000 r  sys_clk (IN)
                         net (fo=0)                   0.000     0.000    sys_clk
    W17                  IBUF (Prop_ibuf_I_O)         0.252     0.252 r  sys_clk_IBUF_inst/O
                         net (fo=1, routed)           0.674     0.926    sys_clk_IBUF
    BUFGCTRL_X0Y4        BUFG (Prop_bufg_I_O)         0.026     0.952 r  sys_clk_IBUF_BUFG_inst/O
                         net (fo=185, routed)         0.663     1.615    u_pl/CLK
    SLICE_X67Y106        FDRE                                         r  u_pl/vt0_reg/C
  -------------------------------------------------------------------    -------------------
    SLICE_X67Y106        FDRE (Prop_fdre_C_Q)         0.141     1.756 r  u_pl/vt0_reg/Q
                         net (fo=1, routed)           0.055     1.811    u_pl/vt0
    SLICE_X67Y106        FDRE                                         r  u_pl/vt1_reg/D
  -------------------------------------------------------------------    -------------------

                         (clock sys_clk rise edge)    0.000     0.000 r  
    W17                                               0.000     0.000 r  sys_clk (IN)
                         net (fo=0)                   0.000     0.000    sys_clk
    W17                  IBUF (Prop_ibuf_I_O)         0.440     0.440 r  sys_clk_IBUF_inst/O
                         net (fo=1, routed)           0.731     1.171    sys_clk_IBUF
    BUFGCTRL_X0Y4        BUFG (Prop_bufg_I_O)         0.029     1.200 r  sys_clk_IBUF_BUFG_inst/O
                         net (fo=185, routed)         0.936     2.136    u_pl/CLK
    SLICE_X67Y106        FDRE                                         r  u_pl/vt1_reg/C
                         clock pessimism             -0.521     1.615    
    SLICE_X67Y106        FDRE (Hold_fdre_C_D)         0.075     1.690    u_pl/vt1_reg
  -------------------------------------------------------------------
                         required time                         -1.690    
                         arrival time                           1.811    
  -------------------------------------------------------------------
                         slack                                  0.121    





Pulse Width Checks
--------------------------------------------------------------------------------------
Clock Name:         sys_clk
Waveform(ns):       { 0.000 10.000 }
Period(ns):         20.000
Sources:            { sys_clk }

Check Type        Corner  Lib Pin            Reference Pin  Required(ns)  Actual(ns)  Slack(ns)  Location         Pin
Min Period        n/a     BUFG/I             n/a            1.592         20.000      18.408     BUFGCTRL_X0Y4    sys_clk_IBUF_BUFG_inst/I
Max Period        n/a     MMCME2_ADV/CLKIN1  n/a            100.000       20.000      80.000     MMCME2_ADV_X0Y0  u_idelay_clkgen/u_mmcm/CLKIN1
Low Pulse Width   Slow    MMCME2_ADV/CLKIN1  n/a            3.000         10.000      7.000      MMCME2_ADV_X0Y0  u_idelay_clkgen/u_mmcm/CLKIN1
High Pulse Width  Slow    MMCME2_ADV/CLKIN1  n/a            3.000         10.000      7.000      MMCME2_ADV_X0Y0  u_idelay_clkgen/u_mmcm/CLKIN1



---------------------------------------------------------------------------------------------------
From Clock:  clkfbout
  To Clock:  clkfbout

Setup :           NA  Failing Endpoints,  Worst Slack           NA  ,  Total Violation           NA
Hold  :           NA  Failing Endpoints,  Worst Slack           NA  ,  Total Violation           NA
PW    :            0  Failing Endpoints,  Worst Slack       18.408ns,  Total Violation        0.000ns
---------------------------------------------------------------------------------------------------


Pulse Width Checks
--------------------------------------------------------------------------------------
Clock Name:         clkfbout
Waveform(ns):       { 0.000 10.000 }
Period(ns):         20.000
Sources:            { u_idelay_clkgen/u_mmcm/CLKFBOUT }

Check Type  Corner  Lib Pin             Reference Pin  Required(ns)  Actual(ns)  Slack(ns)  Location         Pin
Min Period  n/a     BUFG/I              n/a            1.592         20.000      18.408     BUFGCTRL_X0Y5    u_idelay_clkgen/u_bufg_fb/I
Max Period  n/a     MMCME2_ADV/CLKFBIN  n/a            100.000       20.000      80.000     MMCME2_ADV_X0Y0  u_idelay_clkgen/u_mmcm/CLKFBIN



---------------------------------------------------------------------------------------------------
From Clock:  clkfbout_1
  To Clock:  clkfbout_1

Setup :           NA  Failing Endpoints,  Worst Slack           NA  ,  Total Violation           NA
Hold  :           NA  Failing Endpoints,  Worst Slack           NA  ,  Total Violation           NA
PW    :            0  Failing Endpoints,  Worst Slack       18.408ns,  Total Violation        0.000ns
---------------------------------------------------------------------------------------------------


Pulse Width Checks
--------------------------------------------------------------------------------------
Clock Name:         clkfbout_1
Waveform(ns):       { 0.000 10.000 }
Period(ns):         20.000
Sources:            { u_pl/u_clk/u_mmcm/CLKFBOUT }

Check Type  Corner  Lib Pin             Reference Pin  Required(ns)  Actual(ns)  Slack(ns)  Location         Pin
Min Period  n/a     BUFG/I              n/a            1.592         20.000      18.408     BUFGCTRL_X0Y6    u_pl/u_clk/u_bufg_fb/I
Max Period  n/a     MMCME2_ADV/CLKFBIN  n/a            100.000       20.000      80.000     MMCME2_ADV_X1Y0  u_pl/u_clk/u_mmcm/CLKFBIN



---------------------------------------------------------------------------------------------------
From Clock:  clkout0_1
  To Clock:  clkout0_1

Setup :            0  Failing Endpoints,  Worst Slack        1.089ns,  Total Violation        0.000ns
Hold  :            0  Failing Endpoints,  Worst Slack        0.063ns,  Total Violation        0.000ns
PW    :            0  Failing Endpoints,  Worst Slack        8.870ns,  Total Violation        0.000ns
---------------------------------------------------------------------------------------------------


Max Delay Paths
--------------------------------------------------------------------------------------
Slack (MET) :             1.089ns  (required time - arrival time)
  Source:                 u_pl/u_split_ctrl/prod/CLK
                            (rising edge-triggered cell DSP48E1 clocked by clkout0_1  {rise@0.000ns fall@10.000ns period=20.000ns})
  Destination:            u_pl/u_osd/b_reg[2]/D
                            (rising edge-triggered cell FDCE clocked by clkout0_1  {rise@0.000ns fall@10.000ns period=20.000ns})
  Path Group:             clkout0_1
  Path Type:              Setup (Max at Slow Process Corner)
  Requirement:            20.000ns  (clkout0_1 rise@20.000ns - clkout0_1 rise@0.000ns)
  Data Path Delay:        18.769ns  (logic 4.072ns (21.695%)  route 14.697ns (78.305%))
  Logic Levels:           21  (CARRY4=1 LUT2=2 LUT3=2 LUT5=2 LUT6=13 MUXF7=1)
  Clock Path Skew:        -0.119ns (DCD - SCD + CPR)
    Destination Clock Delay (DCD):    4.479ns = ( 24.479 - 20.000 ) 
    Source Clock Delay      (SCD):    4.844ns
    Clock Pessimism Removal (CPR):    0.246ns
  Clock Uncertainty:      0.094ns  ((TSJ^2 + DJ^2)^1/2) / 2 + PE
    Total System Jitter     (TSJ):    0.071ns
    Discrete Jitter          (DJ):    0.175ns
    Phase Error              (PE):    0.000ns

    Location             Delay type                Incr(ns)  Path(ns)    Netlist Resource(s)
  -------------------------------------------------------------------    -------------------
                         (clock clkout0_1 rise edge)
                                                      0.000     0.000 r  
    W17                                               0.000     0.000 r  sys_clk (IN)
                         net (fo=0)                   0.000     0.000    sys_clk
    W17                  IBUF (Prop_ibuf_I_O)         1.415     1.415 r  sys_clk_IBUF_inst/O
                         net (fo=1, routed)           1.873     3.288    sys_clk_IBUF
    BUFGCTRL_X0Y4        BUFG (Prop_bufg_I_O)         0.085     3.373 r  sys_clk_IBUF_BUFG_inst/O
                         net (fo=185, routed)         1.550     4.923    u_pl/u_clk/CLK
    MMCME2_ADV_X1Y0      MMCME2_ADV (Prop_mmcme2_adv_CLKIN1_CLKOUT0)
                                                     -3.232     1.691 r  u_pl/u_clk/u_mmcm/CLKOUT0
                         net (fo=1, routed)           1.597     3.288    u_pl/u_clk/clkout0
    BUFGCTRL_X0Y0        BUFG (Prop_bufg_I_O)         0.085     3.373 r  u_pl/u_clk/u_bufg_pix/O
                         net (fo=5475, routed)        1.471     4.844    u_pl/u_split_ctrl/clk_pix
    DSP48_X2Y34          DSP48E1                                      r  u_pl/u_split_ctrl/prod/CLK
  -------------------------------------------------------------------    -------------------
    DSP48_X2Y34          DSP48E1 (Prop_dsp48e1_CLK_P[19])
                                                      0.370     5.214 r  u_pl/u_split_ctrl/prod/P[19]
                         net (fo=1, routed)           1.052     6.265    u_pl/u_split_ctrl/prod__0[19]
    SLICE_X50Y93         LUT2 (Prop_lut2_I0_O)        0.106     6.371 r  u_pl/u_split_ctrl/g0_b0_i_464/O
                         net (fo=14, routed)          1.149     7.521    u_pl/u_split_ctrl/split_pct_w[5]
    SLICE_X56Y99         LUT5 (Prop_lut5_I1_O)        0.297     7.818 r  u_pl/u_split_ctrl/g0_b0_i_517/O
                         net (fo=1, routed)           0.694     8.512    u_pl/u_split_ctrl/g0_b0_i_517_n_0
    SLICE_X57Y100        LUT6 (Prop_lut6_I2_O)        0.267     8.779 r  u_pl/u_split_ctrl/g0_b0_i_278/O
                         net (fo=11, routed)          0.481     9.259    u_pl/u_split_ctrl/g0_b0_i_278_n_0
    SLICE_X57Y102        LUT6 (Prop_lut6_I3_O)        0.105     9.364 r  u_pl/u_split_ctrl/g0_b0_i_221/O
                         net (fo=23, routed)          0.853    10.217    u_pl/u_split_ctrl/prod_2
    SLICE_X64Y105        LUT6 (Prop_lut6_I0_O)        0.105    10.322 f  u_pl/u_split_ctrl/g0_b0_i_447/O
                         net (fo=2, routed)           0.473    10.795    u_pl/u_split_ctrl/g0_b0_i_447_n_0
    SLICE_X62Y105        LUT5 (Prop_lut5_I0_O)        0.105    10.900 r  u_pl/u_split_ctrl/g0_b0_i_477/O
                         net (fo=1, routed)           0.000    10.900    u_pl/u_split_ctrl/g0_b0_i_477_n_0
    SLICE_X62Y105        CARRY4 (Prop_carry4_S[1]_O[3])
                                                      0.534    11.434 f  u_pl/u_split_ctrl/g0_b0_i_243/O[3]
                         net (fo=19, routed)          0.867    12.302    u_pl/u_split_ctrl/O[3]
    SLICE_X61Y107        LUT6 (Prop_lut6_I2_O)        0.250    12.552 r  u_pl/u_split_ctrl/g0_b0_i_258/O
                         net (fo=11, routed)          0.649    13.200    u_pl/u_osd/g0_b0_i_295
    SLICE_X59Y103        LUT3 (Prop_lut3_I2_O)        0.108    13.308 f  u_pl/u_osd/g0_b0_i_526/O
                         net (fo=1, routed)           0.348    13.657    u_pl/u_split_ctrl/g0_b0_i_119_1
    SLICE_X59Y103        LUT6 (Prop_lut6_I3_O)        0.267    13.924 r  u_pl/u_split_ctrl/g0_b0_i_295/O
                         net (fo=1, routed)           0.522    14.446    u_pl/u_split_ctrl/g0_b0_i_295_n_0
    SLICE_X58Y102        LUT6 (Prop_lut6_I5_O)        0.105    14.551 r  u_pl/u_split_ctrl/g0_b0_i_119/O
                         net (fo=1, routed)           0.604    15.155    u_pl/u_osd/g0_b0_i_23_5
    SLICE_X58Y105        LUT6 (Prop_lut6_I3_O)        0.105    15.260 r  u_pl/u_osd/g0_b0_i_45/O
                         net (fo=1, routed)           0.448    15.708    u_pl/u_osd/g0_b0_i_45_n_0
    SLICE_X53Y103        LUT6 (Prop_lut6_I3_O)        0.105    15.813 r  u_pl/u_osd/g0_b0_i_23/O
                         net (fo=12, routed)          1.152    16.965    u_pl/u_osd/chars[0]
    SLICE_X54Y99         LUT6 (Prop_lut6_I0_O)        0.105    17.070 r  u_pl/u_osd/g0_b0_i_10/O
                         net (fo=1, routed)           0.361    17.431    u_pl/u_osd/g0_b0_i_10_n_0
    SLICE_X54Y99         LUT3 (Prop_lut3_I0_O)        0.125    17.556 r  u_pl/u_osd/g0_b0_i_2/O
                         net (fo=35, routed)          1.596    19.152    u_pl/glyph_idx[1]
    SLICE_X52Y79         LUT6 (Prop_lut6_I1_O)        0.264    19.416 f  u_pl/g0_b3__2/O
                         net (fo=1, routed)           0.000    19.416    u_pl/u_osd/r_reg[7]_i_14_1[3]
    SLICE_X52Y79         MUXF7 (Prop_muxf7_I1_O)      0.182    19.598 f  u_pl/u_osd/r_reg[7]_i_30/O
                         net (fo=1, routed)           0.457    20.055    u_pl/u_osd/r_reg[7]_i_30_n_0
    SLICE_X53Y79         LUT6 (Prop_lut6_I1_O)        0.252    20.307 f  u_pl/u_osd/r[7]_i_17/O
                         net (fo=1, routed)           0.314    20.622    u_pl/u_osd/r[7]_i_17_n_0
    SLICE_X53Y80         LUT6 (Prop_lut6_I0_O)        0.105    20.727 f  u_pl/u_osd/r[7]_i_5/O
                         net (fo=1, routed)           0.503    21.229    u_pl/u_osd/r[7]_i_5_n_0
    SLICE_X52Y81         LUT6 (Prop_lut6_I2_O)        0.105    21.334 f  u_pl/u_osd/r[7]_i_2/O
                         net (fo=19, routed)          2.174    23.508    u_pl/u_osd/r[7]_i_2_n_0
    SLICE_X94Y27         LUT2 (Prop_lut2_I1_O)        0.105    23.613 r  u_pl/u_osd/b[2]_i_1/O
                         net (fo=1, routed)           0.000    23.613    u_pl/u_osd/b[2]_i_1_n_0
    SLICE_X94Y27         FDCE                                         r  u_pl/u_osd/b_reg[2]/D
  -------------------------------------------------------------------    -------------------

                         (clock clkout0_1 rise edge)
                                                     20.000    20.000 r  
    W17                                               0.000    20.000 r  sys_clk (IN)
                         net (fo=0)                   0.000    20.000    sys_clk
    W17                  IBUF (Prop_ibuf_I_O)         1.349    21.349 r  sys_clk_IBUF_inst/O
                         net (fo=1, routed)           1.701    23.050    sys_clk_IBUF
    BUFGCTRL_X0Y4        BUFG (Prop_bufg_I_O)         0.077    23.127 r  sys_clk_IBUF_BUFG_inst/O
                         net (fo=185, routed)         1.384    24.511    u_pl/u_clk/CLK
    MMCME2_ADV_X1Y0      MMCME2_ADV (Prop_mmcme2_adv_CLKIN1_CLKOUT0)
                                                     -2.915    21.596 r  u_pl/u_clk/u_mmcm/CLKOUT0
                         net (fo=1, routed)           1.454    23.050    u_pl/u_clk/clkout0
    BUFGCTRL_X0Y0        BUFG (Prop_bufg_I_O)         0.077    23.127 r  u_pl/u_clk/u_bufg_pix/O
                         net (fo=5475, routed)        1.352    24.479    u_pl/u_osd/clk_pix
    SLICE_X94Y27         FDCE                                         r  u_pl/u_osd/b_reg[2]/C
                         clock pessimism              0.246    24.725    
                         clock uncertainty           -0.094    24.631    
    SLICE_X94Y27         FDCE (Setup_fdce_C_D)        0.072    24.703    u_pl/u_osd/b_reg[2]
  -------------------------------------------------------------------
                         required time                         24.703    
                         arrival time                         -23.613    
  -------------------------------------------------------------------
                         slack                                  1.089    





Min Delay Paths
--------------------------------------------------------------------------------------
Slack (MET) :             0.063ns  (arrival time - required time)
  Source:                 u_pl/u_pipe/xd_reg[5][1]_rep__0/C
                            (rising edge-triggered cell FDCE clocked by clkout0_1  {rise@0.000ns fall@10.000ns period=20.000ns})
  Destination:            u_pl/u_sharp/lb0_reg_640_703_9_11/RAMA/WADR1
                            (rising edge-triggered cell RAMD64E clocked by clkout0_1  {rise@0.000ns fall@10.000ns period=20.000ns})
  Path Group:             clkout0_1
  Path Type:              Hold (Min at Fast Process Corner)
  Requirement:            0.000ns  (clkout0_1 rise@0.000ns - clkout0_1 rise@0.000ns)
  Data Path Delay:        0.386ns  (logic 0.141ns (36.514%)  route 0.245ns (63.486%))
  Logic Levels:           0  
  Clock Path Skew:        0.014ns (DCD - SCD - CPR)
    Destination Clock Delay (DCD):    2.023ns
    Source Clock Delay      (SCD):    1.510ns
    Clock Pessimism Removal (CPR):    0.499ns

    Location             Delay type                Incr(ns)  Path(ns)    Netlist Resource(s)
  -------------------------------------------------------------------    -------------------
                         (clock clkout0_1 rise edge)
                                                      0.000     0.000 r  
    W17                                               0.000     0.000 r  sys_clk (IN)
                         net (fo=0)                   0.000     0.000    sys_clk
    W17                  IBUF (Prop_ibuf_I_O)         0.252     0.252 r  sys_clk_IBUF_inst/O
                         net (fo=1, routed)           0.674     0.926    sys_clk_IBUF
    BUFGCTRL_X0Y4        BUFG (Prop_bufg_I_O)         0.026     0.952 r  sys_clk_IBUF_BUFG_inst/O
                         net (fo=185, routed)         0.595     1.547    u_pl/u_clk/CLK
    MMCME2_ADV_X1Y0      MMCME2_ADV (Prop_mmcme2_adv_CLKIN1_CLKOUT0)
                                                     -1.150     0.397 r  u_pl/u_clk/u_mmcm/CLKOUT0
                         net (fo=1, routed)           0.529     0.926    u_pl/u_clk/clkout0
    BUFGCTRL_X0Y0        BUFG (Prop_bufg_I_O)         0.026     0.952 r  u_pl/u_clk/u_bufg_pix/O
                         net (fo=5475, routed)        0.558     1.510    u_pl/u_pipe/clk_pix
    SLICE_X45Y38         FDCE                                         r  u_pl/u_pipe/xd_reg[5][1]_rep__0/C
  -------------------------------------------------------------------    -------------------
    SLICE_X45Y38         FDCE (Prop_fdce_C_Q)         0.141     1.651 r  u_pl/u_pipe/xd_reg[5][1]_rep__0/Q
                         net (fo=224, routed)         0.245     1.896    u_pl/u_sharp/lb0_reg_640_703_9_11/ADDRD1
    SLICE_X46Y37         RAMD64E                                      r  u_pl/u_sharp/lb0_reg_640_703_9_11/RAMA/WADR1
  -------------------------------------------------------------------    -------------------

                         (clock clkout0_1 rise edge)
                                                      0.000     0.000 r  
    W17                                               0.000     0.000 r  sys_clk (IN)
                         net (fo=0)                   0.000     0.000    sys_clk
    W17                  IBUF (Prop_ibuf_I_O)         0.440     0.440 r  sys_clk_IBUF_inst/O
                         net (fo=1, routed)           0.731     1.171    sys_clk_IBUF
    BUFGCTRL_X0Y4        BUFG (Prop_bufg_I_O)         0.029     1.200 r  sys_clk_IBUF_BUFG_inst/O
                         net (fo=185, routed)         0.862     2.062    u_pl/u_clk/CLK
    MMCME2_ADV_X1Y0      MMCME2_ADV (Prop_mmcme2_adv_CLKIN1_CLKOUT0)
                                                     -1.467     0.595 r  u_pl/u_clk/u_mmcm/CLKOUT0
                         net (fo=1, routed)           0.576     1.171    u_pl/u_clk/clkout0
    BUFGCTRL_X0Y0        BUFG (Prop_bufg_I_O)         0.029     1.200 r  u_pl/u_clk/u_bufg_pix/O
                         net (fo=5475, routed)        0.823     2.023    u_pl/u_sharp/lb0_reg_640_703_9_11/WCLK
    SLICE_X46Y37         RAMD64E                                      r  u_pl/u_sharp/lb0_reg_640_703_9_11/RAMA/CLK
                         clock pessimism             -0.499     1.524    
    SLICE_X46Y37         RAMD64E (Hold_ramd64e_CLK_WADR1)
                                                      0.309     1.833    u_pl/u_sharp/lb0_reg_640_703_9_11/RAMA
  -------------------------------------------------------------------
                         required time                         -1.833    
                         arrival time                           1.896    
  -------------------------------------------------------------------
                         slack                                  0.063    





Pulse Width Checks
--------------------------------------------------------------------------------------
Clock Name:         clkout0_1
Waveform(ns):       { 0.000 10.000 }
Period(ns):         20.000
Sources:            { u_pl/u_clk/u_mmcm/CLKOUT0 }

Check Type        Corner  Lib Pin             Reference Pin  Required(ns)  Actual(ns)  Slack(ns)  Location         Pin
Min Period        n/a     DSP48E1/CLK         n/a            3.272         20.000      16.728     DSP48_X3Y37      u_pl/u_zmap/yr_m_reg/CLK
Max Period        n/a     MMCME2_ADV/CLKOUT0  n/a            213.360       20.000      193.360    MMCME2_ADV_X1Y0  u_pl/u_clk/u_mmcm/CLKOUT0
Low Pulse Width   Slow    RAMD64E/CLK         n/a            1.130         10.000      8.870      SLICE_X62Y44     u_pl/u_blur/lb0_reg_0_63_0_2/RAMA/CLK
High Pulse Width  Slow    RAMD64E/CLK         n/a            1.130         10.000      8.870      SLICE_X62Y44     u_pl/u_blur/lb0_reg_0_63_0_2/RAMA/CLK



---------------------------------------------------------------------------------------------------
From Clock:  clkout1_1
  To Clock:  clkout1_1

Setup :           NA  Failing Endpoints,  Worst Slack           NA  ,  Total Violation           NA
Hold  :           NA  Failing Endpoints,  Worst Slack           NA  ,  Total Violation           NA
PW    :            0  Failing Endpoints,  Worst Slack        2.408ns,  Total Violation        0.000ns
---------------------------------------------------------------------------------------------------


Pulse Width Checks
--------------------------------------------------------------------------------------
Clock Name:         clkout1_1
Waveform(ns):       { 0.000 2.000 }
Period(ns):         4.000
Sources:            { u_pl/u_clk/u_mmcm/CLKOUT1 }

Check Type  Corner  Lib Pin             Reference Pin  Required(ns)  Actual(ns)  Slack(ns)  Location         Pin
Min Period  n/a     BUFG/I              n/a            1.592         4.000       2.408      BUFGCTRL_X0Y2    u_pl/u_clk/u_bufg_5x/I
Max Period  n/a     MMCME2_ADV/CLKOUT1  n/a            213.360       4.000       209.360    MMCME2_ADV_X1Y0  u_pl/u_clk/u_mmcm/CLKOUT1



---------------------------------------------------------------------------------------------------
From Clock:  clkout2
  To Clock:  clkout2

Setup :           NA  Failing Endpoints,  Worst Slack           NA  ,  Total Violation           NA
Hold  :           NA  Failing Endpoints,  Worst Slack           NA  ,  Total Violation           NA
PW    :            0  Failing Endpoints,  Worst Slack        0.264ns,  Total Violation        0.000ns
---------------------------------------------------------------------------------------------------


Pulse Width Checks
--------------------------------------------------------------------------------------
Clock Name:         clkout2
Waveform(ns):       { 0.000 2.500 }
Period(ns):         5.000
Sources:            { u_idelay_clkgen/u_mmcm/CLKOUT2 }

Check Type  Corner  Lib Pin            Reference Pin  Required(ns)  Actual(ns)  Slack(ns)  Location         Pin
Min Period  n/a     IDELAYCTRL/REFCLK  n/a            2.438         5.000       2.562      IDELAYCTRL_X1Y0  u_eth/u_rgmii/u_rgmii_rx/IDELAYCTRL_inst/REFCLK
Max Period  n/a     IDELAYCTRL/REFCLK  n/a            5.264         5.000       0.264      IDELAYCTRL_X1Y0  u_eth/u_rgmii/u_rgmii_rx/IDELAYCTRL_inst/REFCLK



---------------------------------------------------------------------------------------------------
From Clock:  clkout0_1
  To Clock:  sys_clk

Setup :            0  Failing Endpoints,  Worst Slack       15.259ns,  Total Violation        0.000ns
Hold  :            0  Failing Endpoints,  Worst Slack        0.173ns,  Total Violation        0.000ns
---------------------------------------------------------------------------------------------------


Max Delay Paths
--------------------------------------------------------------------------------------
Slack (MET) :             15.259ns  (required time - arrival time)
  Source:                 u_pl/u_split_x/bus_q_reg[16]/C
                            (rising edge-triggered cell FDCE clocked by clkout0_1  {rise@0.000ns fall@10.000ns period=20.000ns})
  Destination:            u_pl/u_ang/angle_reg[3]/D
                            (rising edge-triggered cell FDRE clocked by sys_clk  {rise@0.000ns fall@10.000ns period=20.000ns})
  Path Group:             sys_clk
  Path Type:              Setup (Max at Slow Process Corner)
  Requirement:            20.000ns  (sys_clk rise@20.000ns - clkout0_1 rise@0.000ns)
  Data Path Delay:        4.272ns  (logic 1.573ns (36.825%)  route 2.699ns (63.175%))
  Logic Levels:           6  (CARRY4=3 LUT2=1 LUT6=2)
  Clock Path Skew:        -0.168ns (DCD - SCD + CPR)
    Destination Clock Delay (DCD):    4.567ns = ( 24.567 - 20.000 ) 
    Source Clock Delay      (SCD):    4.981ns
    Clock Pessimism Removal (CPR):    0.246ns
  Clock Uncertainty:      0.259ns  ((TSJ^2 + DJ^2)^1/2) / 2 + PE
    Total System Jitter     (TSJ):    0.071ns
    Discrete Jitter          (DJ):    0.175ns
    Phase Error              (PE):    0.165ns

    Location             Delay type                Incr(ns)  Path(ns)    Netlist Resource(s)
  -------------------------------------------------------------------    -------------------
                         (clock clkout0_1 rise edge)
                                                      0.000     0.000 r  
    W17                                               0.000     0.000 r  sys_clk (IN)
                         net (fo=0)                   0.000     0.000    sys_clk
    W17                  IBUF (Prop_ibuf_I_O)         1.415     1.415 r  sys_clk_IBUF_inst/O
                         net (fo=1, routed)           1.873     3.288    sys_clk_IBUF
    BUFGCTRL_X0Y4        BUFG (Prop_bufg_I_O)         0.085     3.373 r  sys_clk_IBUF_BUFG_inst/O
                         net (fo=185, routed)         1.550     4.923    u_pl/u_clk/CLK
    MMCME2_ADV_X1Y0      MMCME2_ADV (Prop_mmcme2_adv_CLKIN1_CLKOUT0)
                                                     -3.232     1.691 r  u_pl/u_clk/u_mmcm/CLKOUT0
                         net (fo=1, routed)           1.597     3.288    u_pl/u_clk/clkout0
    BUFGCTRL_X0Y0        BUFG (Prop_bufg_I_O)         0.085     3.373 r  u_pl/u_clk/u_bufg_pix/O
                         net (fo=5475, routed)        1.608     4.981    u_pl/u_split_x/clk_pix
    SLICE_X56Y113        FDCE                                         r  u_pl/u_split_x/bus_q_reg[16]/C
  -------------------------------------------------------------------    -------------------
    SLICE_X56Y113        FDCE (Prop_fdce_C_Q)         0.379     5.360 r  u_pl/u_split_x/bus_q_reg[16]/Q
                         net (fo=2, routed)           0.796     6.156    u_pl/u_ang/bus_q[1]
    SLICE_X60Y113        LUT2 (Prop_lut2_I1_O)        0.105     6.261 r  u_pl/u_ang/angle[3]_i_7/O
                         net (fo=1, routed)           0.000     6.261    u_pl/u_ang/angle[3]_i_7_n_0
    SLICE_X60Y113        CARRY4 (Prop_carry4_S[1]_CO[3])
                                                      0.457     6.718 r  u_pl/u_ang/angle_reg[3]_i_2/CO[3]
                         net (fo=1, routed)           0.000     6.718    u_pl/u_ang/angle_reg[3]_i_2_n_0
    SLICE_X60Y114        CARRY4 (Prop_carry4_CI_CO[3])
                                                      0.098     6.816 r  u_pl/u_ang/angle_reg[7]_i_4/CO[3]
                         net (fo=1, routed)           0.000     6.816    u_pl/u_ang/angle_reg[7]_i_4_n_0
    SLICE_X60Y115        CARRY4 (Prop_carry4_CI_O[0])
                                                      0.180     6.996 r  u_pl/u_ang/angle_reg[3]_i_4/O[0]
                         net (fo=3, routed)           0.712     7.708    u_pl/u_ang/angle_reg[3]_i_4_n_7
    SLICE_X59Y114        LUT6 (Prop_lut6_I0_O)        0.249     7.957 r  u_pl/u_ang/angle[3]_i_3/O
                         net (fo=4, routed)           0.905     8.862    u_pl/u_ang/angle[3]_i_3_n_0
    SLICE_X60Y112        LUT6 (Prop_lut6_I1_O)        0.105     8.967 r  u_pl/u_ang/angle[3]_i_1/O
                         net (fo=1, routed)           0.286     9.253    u_pl/u_ang/p_1_in__0[3]
    SLICE_X60Y112        FDRE                                         r  u_pl/u_ang/angle_reg[3]/D
  -------------------------------------------------------------------    -------------------

                         (clock sys_clk rise edge)   20.000    20.000 r  
    W17                                               0.000    20.000 r  sys_clk (IN)
                         net (fo=0)                   0.000    20.000    sys_clk
    W17                  IBUF (Prop_ibuf_I_O)         1.349    21.349 r  sys_clk_IBUF_inst/O
                         net (fo=1, routed)           1.701    23.050    sys_clk_IBUF
    BUFGCTRL_X0Y4        BUFG (Prop_bufg_I_O)         0.077    23.127 r  sys_clk_IBUF_BUFG_inst/O
                         net (fo=185, routed)         1.440    24.567    u_pl/u_ang/CLK
    SLICE_X60Y112        FDRE                                         r  u_pl/u_ang/angle_reg[3]/C
                         clock pessimism              0.246    24.813    
                         clock uncertainty           -0.259    24.554    
    SLICE_X60Y112        FDRE (Setup_fdre_C_D)       -0.042    24.512    u_pl/u_ang/angle_reg[3]
  -------------------------------------------------------------------
                         required time                         24.512    
                         arrival time                          -9.253    
  -------------------------------------------------------------------
                         slack                                 15.259    





Min Delay Paths
--------------------------------------------------------------------------------------
Slack (MET) :             0.173ns  (arrival time - required time)
  Source:                 u_pl/u_split_x/bus_q_reg[15]/C
                            (rising edge-triggered cell FDCE clocked by clkout0_1  {rise@0.000ns fall@10.000ns period=20.000ns})
  Destination:            u_pl/u_ang/angle_reg[8]/CE
                            (rising edge-triggered cell FDRE clocked by sys_clk  {rise@0.000ns fall@10.000ns period=20.000ns})
  Path Group:             sys_clk
  Path Type:              Hold (Min at Fast Process Corner)
  Requirement:            0.000ns  (sys_clk rise@0.000ns - clkout0_1 rise@0.000ns)
  Data Path Delay:        0.667ns  (logic 0.231ns (34.633%)  route 0.436ns (65.367%))
  Logic Levels:           2  (LUT3=1 LUT6=1)
  Clock Path Skew:        0.274ns (DCD - SCD - CPR)
    Destination Clock Delay (DCD):    2.131ns
    Source Clock Delay      (SCD):    1.609ns
    Clock Pessimism Removal (CPR):    0.248ns
  Clock Uncertainty:      0.259ns  ((TSJ^2 + DJ^2)^1/2) / 2 + PE
    Total System Jitter     (TSJ):    0.071ns
    Discrete Jitter          (DJ):    0.175ns
    Phase Error              (PE):    0.165ns

    Location             Delay type                Incr(ns)  Path(ns)    Netlist Resource(s)
  -------------------------------------------------------------------    -------------------
                         (clock clkout0_1 rise edge)
                                                      0.000     0.000 r  
    W17                                               0.000     0.000 r  sys_clk (IN)
                         net (fo=0)                   0.000     0.000    sys_clk
    W17                  IBUF (Prop_ibuf_I_O)         0.252     0.252 r  sys_clk_IBUF_inst/O
                         net (fo=1, routed)           0.674     0.926    sys_clk_IBUF
    BUFGCTRL_X0Y4        BUFG (Prop_bufg_I_O)         0.026     0.952 r  sys_clk_IBUF_BUFG_inst/O
                         net (fo=185, routed)         0.595     1.547    u_pl/u_clk/CLK
    MMCME2_ADV_X1Y0      MMCME2_ADV (Prop_mmcme2_adv_CLKIN1_CLKOUT0)
                                                     -1.150     0.397 r  u_pl/u_clk/u_mmcm/CLKOUT0
                         net (fo=1, routed)           0.529     0.926    u_pl/u_clk/clkout0
    BUFGCTRL_X0Y0        BUFG (Prop_bufg_I_O)         0.026     0.952 r  u_pl/u_clk/u_bufg_pix/O
                         net (fo=5475, routed)        0.657     1.609    u_pl/u_split_x/clk_pix
    SLICE_X56Y113        FDCE                                         r  u_pl/u_split_x/bus_q_reg[15]/C
  -------------------------------------------------------------------    -------------------
    SLICE_X56Y113        FDCE (Prop_fdce_C_Q)         0.141     1.750 r  u_pl/u_split_x/bus_q_reg[15]/Q
                         net (fo=2, routed)           0.112     1.862    u_pl/u_split_x/Q[12]
    SLICE_X58Y113        LUT6 (Prop_lut6_I2_O)        0.045     1.907 f  u_pl/u_split_x/angle[8]_i_3/O
                         net (fo=1, routed)           0.189     2.095    u_pl/u_split_x/angle[8]_i_3_n_0
    SLICE_X59Y113        LUT3 (Prop_lut3_I0_O)        0.045     2.140 r  u_pl/u_split_x/angle[8]_i_1/O
                         net (fo=9, routed)           0.136     2.276    u_pl/u_ang/angle_reg[8]_2
    SLICE_X61Y113        FDRE                                         r  u_pl/u_ang/angle_reg[8]/CE
  -------------------------------------------------------------------    -------------------

                         (clock sys_clk rise edge)    0.000     0.000 r  
    W17                                               0.000     0.000 r  sys_clk (IN)
                         net (fo=0)                   0.000     0.000    sys_clk
    W17                  IBUF (Prop_ibuf_I_O)         0.440     0.440 r  sys_clk_IBUF_inst/O
                         net (fo=1, routed)           0.731     1.171    sys_clk_IBUF
    BUFGCTRL_X0Y4        BUFG (Prop_bufg_I_O)         0.029     1.200 r  sys_clk_IBUF_BUFG_inst/O
                         net (fo=185, routed)         0.931     2.131    u_pl/u_ang/CLK
    SLICE_X61Y113        FDRE                                         r  u_pl/u_ang/angle_reg[8]/C
                         clock pessimism             -0.248     1.883    
                         clock uncertainty            0.259     2.142    
    SLICE_X61Y113        FDRE (Hold_fdre_C_CE)       -0.039     2.103    u_pl/u_ang/angle_reg[8]
  -------------------------------------------------------------------
                         required time                         -2.103    
                         arrival time                           2.276    
  -------------------------------------------------------------------
                         slack                                  0.173    





---------------------------------------------------------------------------------------------------
From Clock:  sys_clk
  To Clock:  clkout0_1

Setup :            0  Failing Endpoints,  Worst Slack        2.094ns,  Total Violation        0.000ns
Hold  :            0  Failing Endpoints,  Worst Slack        0.171ns,  Total Violation        0.000ns
---------------------------------------------------------------------------------------------------


Max Delay Paths
--------------------------------------------------------------------------------------
Slack (MET) :             2.094ns  (required time - arrival time)
  Source:                 u_pl/u_ang/angle_reg[2]/C
                            (rising edge-triggered cell FDRE clocked by sys_clk  {rise@0.000ns fall@10.000ns period=20.000ns})
  Destination:            u_pl/u_osd/b_reg[2]/D
                            (rising edge-triggered cell FDCE clocked by clkout0_1  {rise@0.000ns fall@10.000ns period=20.000ns})
  Path Group:             clkout0_1
  Path Type:              Setup (Max at Slow Process Corner)
  Requirement:            20.000ns  (clkout0_1 rise@20.000ns - sys_clk rise@0.000ns)
  Data Path Delay:        17.458ns  (logic 4.584ns (26.257%)  route 12.874ns (73.743%))
  Logic Levels:           21  (CARRY4=4 LUT2=2 LUT3=2 LUT4=2 LUT5=1 LUT6=9 MUXF7=1)
  Clock Path Skew:        -0.260ns (DCD - SCD + CPR)
    Destination Clock Delay (DCD):    4.479ns = ( 24.479 - 20.000 ) 
    Source Clock Delay      (SCD):    4.985ns
    Clock Pessimism Removal (CPR):    0.246ns
  Clock Uncertainty:      0.259ns  ((TSJ^2 + DJ^2)^1/2) / 2 + PE
    Total System Jitter     (TSJ):    0.071ns
    Discrete Jitter          (DJ):    0.175ns
    Phase Error              (PE):    0.165ns

    Location             Delay type                Incr(ns)  Path(ns)    Netlist Resource(s)
  -------------------------------------------------------------------    -------------------
                         (clock sys_clk rise edge)    0.000     0.000 r  
    W17                                               0.000     0.000 r  sys_clk (IN)
                         net (fo=0)                   0.000     0.000    sys_clk
    W17                  IBUF (Prop_ibuf_I_O)         1.415     1.415 r  sys_clk_IBUF_inst/O
                         net (fo=1, routed)           1.873     3.288    sys_clk_IBUF
    BUFGCTRL_X0Y4        BUFG (Prop_bufg_I_O)         0.085     3.373 r  sys_clk_IBUF_BUFG_inst/O
                         net (fo=185, routed)         1.612     4.985    u_pl/u_ang/CLK
    SLICE_X60Y112        FDRE                                         r  u_pl/u_ang/angle_reg[2]/C
  -------------------------------------------------------------------    -------------------
    SLICE_X60Y112        FDRE (Prop_fdre_C_Q)         0.379     5.364 r  u_pl/u_ang/angle_reg[2]/Q
                         net (fo=202, routed)         1.138     6.502    u_pl/u_ang/angle_reg_n_0_[2]
    SLICE_X47Y108        LUT2 (Prop_lut2_I0_O)        0.105     6.607 r  u_pl/u_ang/g0_b0_i_710/O
                         net (fo=1, routed)           0.000     6.607    u_pl/u_ang/g0_b0_i_710_n_0
    SLICE_X47Y108        CARRY4 (Prop_carry4_S[1]_CO[3])
                                                      0.457     7.064 r  u_pl/u_ang/g0_b0_i_647/CO[3]
                         net (fo=1, routed)           0.000     7.064    u_pl/u_ang/g0_b0_i_647_n_0
    SLICE_X47Y109        CARRY4 (Prop_carry4_CI_CO[3])
                                                      0.098     7.162 r  u_pl/u_ang/g0_b0_i_417/CO[3]
                         net (fo=1, routed)           0.000     7.162    u_pl/u_ang/g0_b0_i_417_n_0
    SLICE_X47Y110        CARRY4 (Prop_carry4_CI_O[0])
                                                      0.180     7.342 r  u_pl/u_ang/g0_b0_i_180/O[0]
                         net (fo=19, routed)          0.737     8.079    u_pl/u_ang/g0_b0_i_180_n_7
    SLICE_X46Y109        LUT3 (Prop_lut3_I1_O)        0.262     8.341 r  u_pl/u_ang/g0_b0_i_412/O
                         net (fo=2, routed)           0.764     9.106    u_pl/u_ang/g0_b0_i_412_n_0
    SLICE_X46Y109        LUT5 (Prop_lut5_I0_O)        0.264     9.370 r  u_pl/u_ang/g0_b0_i_415/O
                         net (fo=1, routed)           0.000     9.370    u_pl/u_ang/g0_b0_i_415_n_0
    SLICE_X46Y109        CARRY4 (Prop_carry4_S[1]_CO[2])
                                                      0.477     9.847 r  u_pl/u_ang/g0_b0_i_179/CO[2]
                         net (fo=9, routed)           0.506    10.353    u_pl/u_ang/g0_b0_i_179_n_1
    SLICE_X45Y106        LUT4 (Prop_lut4_I0_O)        0.255    10.608 r  u_pl/u_ang/g0_b0_i_72/O
                         net (fo=46, routed)          0.625    11.234    u_pl/u_ang/angle_reg[8]_0
    SLICE_X48Y109        LUT6 (Prop_lut6_I5_O)        0.275    11.509 r  u_pl/u_ang/g0_b0_i_510/O
                         net (fo=9, routed)           0.860    12.369    u_pl/u_osd/g0_b0_i_122
    SLICE_X50Y106        LUT4 (Prop_lut4_I1_O)        0.115    12.484 r  u_pl/u_osd/g0_b0_i_314/O
                         net (fo=2, routed)           1.015    13.499    u_pl/u_ang/g0_b0_i_49
    SLICE_X50Y108        LUT6 (Prop_lut6_I3_O)        0.264    13.763 f  u_pl/u_ang/g0_b0_i_134/O
                         net (fo=1, routed)           0.233    13.996    u_pl/u_osd/g0_b0_i_24_1
    SLICE_X51Y106        LUT6 (Prop_lut6_I1_O)        0.105    14.101 r  u_pl/u_osd/g0_b0_i_49/O
                         net (fo=1, routed)           0.544    14.645    u_pl/u_osd/g0_b0_i_49_n_0
    SLICE_X53Y103        LUT6 (Prop_lut6_I4_O)        0.105    14.750 r  u_pl/u_osd/g0_b0_i_24/O
                         net (fo=11, routed)          1.046    15.796    u_pl/u_osd/chars[2]
    SLICE_X54Y99         LUT6 (Prop_lut6_I1_O)        0.105    15.901 r  u_pl/u_osd/g0_b0_i_10/O
                         net (fo=1, routed)           0.361    16.261    u_pl/u_osd/g0_b0_i_10_n_0
    SLICE_X54Y99         LUT3 (Prop_lut3_I0_O)        0.125    16.386 r  u_pl/u_osd/g0_b0_i_2/O
                         net (fo=35, routed)          1.596    17.982    u_pl/glyph_idx[1]
    SLICE_X52Y79         LUT6 (Prop_lut6_I1_O)        0.264    18.246 f  u_pl/g0_b3__2/O
                         net (fo=1, routed)           0.000    18.246    u_pl/u_osd/r_reg[7]_i_14_1[3]
    SLICE_X52Y79         MUXF7 (Prop_muxf7_I1_O)      0.182    18.428 f  u_pl/u_osd/r_reg[7]_i_30/O
                         net (fo=1, routed)           0.457    18.886    u_pl/u_osd/r_reg[7]_i_30_n_0
    SLICE_X53Y79         LUT6 (Prop_lut6_I1_O)        0.252    19.138 f  u_pl/u_osd/r[7]_i_17/O
                         net (fo=1, routed)           0.314    19.452    u_pl/u_osd/r[7]_i_17_n_0
    SLICE_X53Y80         LUT6 (Prop_lut6_I0_O)        0.105    19.557 f  u_pl/u_osd/r[7]_i_5/O
                         net (fo=1, routed)           0.503    20.060    u_pl/u_osd/r[7]_i_5_n_0
    SLICE_X52Y81         LUT6 (Prop_lut6_I2_O)        0.105    20.165 f  u_pl/u_osd/r[7]_i_2/O
                         net (fo=19, routed)          2.174    22.339    u_pl/u_osd/r[7]_i_2_n_0
    SLICE_X94Y27         LUT2 (Prop_lut2_I1_O)        0.105    22.444 r  u_pl/u_osd/b[2]_i_1/O
                         net (fo=1, routed)           0.000    22.444    u_pl/u_osd/b[2]_i_1_n_0
    SLICE_X94Y27         FDCE                                         r  u_pl/u_osd/b_reg[2]/D
  -------------------------------------------------------------------    -------------------

                         (clock clkout0_1 rise edge)
                                                     20.000    20.000 r  
    W17                                               0.000    20.000 r  sys_clk (IN)
                         net (fo=0)                   0.000    20.000    sys_clk
    W17                  IBUF (Prop_ibuf_I_O)         1.349    21.349 r  sys_clk_IBUF_inst/O
                         net (fo=1, routed)           1.701    23.050    sys_clk_IBUF
    BUFGCTRL_X0Y4        BUFG (Prop_bufg_I_O)         0.077    23.127 r  sys_clk_IBUF_BUFG_inst/O
                         net (fo=185, routed)         1.384    24.511    u_pl/u_clk/CLK
    MMCME2_ADV_X1Y0      MMCME2_ADV (Prop_mmcme2_adv_CLKIN1_CLKOUT0)
                                                     -2.915    21.596 r  u_pl/u_clk/u_mmcm/CLKOUT0
                         net (fo=1, routed)           1.454    23.050    u_pl/u_clk/clkout0
    BUFGCTRL_X0Y0        BUFG (Prop_bufg_I_O)         0.077    23.127 r  u_pl/u_clk/u_bufg_pix/O
                         net (fo=5475, routed)        1.352    24.479    u_pl/u_osd/clk_pix
    SLICE_X94Y27         FDCE                                         r  u_pl/u_osd/b_reg[2]/C
                         clock pessimism              0.246    24.725    
                         clock uncertainty           -0.259    24.466    
    SLICE_X94Y27         FDCE (Setup_fdce_C_D)        0.072    24.538    u_pl/u_osd/b_reg[2]
  -------------------------------------------------------------------
                         required time                         24.538    
                         arrival time                         -22.444    
  -------------------------------------------------------------------
                         slack                                  2.094    





Min Delay Paths
--------------------------------------------------------------------------------------
Slack (MET) :             0.171ns  (arrival time - required time)
  Source:                 u_pl/u_k1l/tog_reg/C
                            (rising edge-triggered cell FDRE clocked by sys_clk  {rise@0.000ns fall@10.000ns period=20.000ns})
  Destination:            u_pl/u_mode/lsync_reg[0]/D
                            (rising edge-triggered cell FDCE clocked by clkout0_1  {rise@0.000ns fall@10.000ns period=20.000ns})
  Path Group:             clkout0_1
  Path Type:              Hold (Min at Fast Process Corner)
  Requirement:            0.000ns  (clkout0_1 rise@0.000ns - sys_clk rise@0.000ns)
  Data Path Delay:        0.740ns  (logic 0.128ns (17.292%)  route 0.612ns (82.708%))
  Logic Levels:           0  
  Clock Path Skew:        0.275ns (DCD - SCD - CPR)
    Destination Clock Delay (DCD):    2.131ns
    Source Clock Delay      (SCD):    1.608ns
    Clock Pessimism Removal (CPR):    0.248ns
  Clock Uncertainty:      0.259ns  ((TSJ^2 + DJ^2)^1/2) / 2 + PE
    Total System Jitter     (TSJ):    0.071ns
    Discrete Jitter          (DJ):    0.175ns
    Phase Error              (PE):    0.165ns

    Location             Delay type                Incr(ns)  Path(ns)    Netlist Resource(s)
  -------------------------------------------------------------------    -------------------
                         (clock sys_clk rise edge)    0.000     0.000 r  
    W17                                               0.000     0.000 r  sys_clk (IN)
                         net (fo=0)                   0.000     0.000    sys_clk
    W17                  IBUF (Prop_ibuf_I_O)         0.252     0.252 r  sys_clk_IBUF_inst/O
                         net (fo=1, routed)           0.674     0.926    sys_clk_IBUF
    BUFGCTRL_X0Y4        BUFG (Prop_bufg_I_O)         0.026     0.952 r  sys_clk_IBUF_BUFG_inst/O
                         net (fo=185, routed)         0.656     1.608    u_pl/u_k1l/CLK
    SLICE_X59Y116        FDRE                                         r  u_pl/u_k1l/tog_reg/C
  -------------------------------------------------------------------    -------------------
    SLICE_X59Y116        FDRE (Prop_fdre_C_Q)         0.128     1.736 r  u_pl/u_k1l/tog_reg/Q
                         net (fo=3, routed)           0.612     2.348    u_pl/u_mode/D[0]
    SLICE_X54Y110        FDCE                                         r  u_pl/u_mode/lsync_reg[0]/D
  -------------------------------------------------------------------    -------------------

                         (clock clkout0_1 rise edge)
                                                      0.000     0.000 r  
    W17                                               0.000     0.000 r  sys_clk (IN)
                         net (fo=0)                   0.000     0.000    sys_clk
    W17                  IBUF (Prop_ibuf_I_O)         0.440     0.440 r  sys_clk_IBUF_inst/O
                         net (fo=1, routed)           0.731     1.171    sys_clk_IBUF
    BUFGCTRL_X0Y4        BUFG (Prop_bufg_I_O)         0.029     1.200 r  sys_clk_IBUF_BUFG_inst/O
                         net (fo=185, routed)         0.862     2.062    u_pl/u_clk/CLK
    MMCME2_ADV_X1Y0      MMCME2_ADV (Prop_mmcme2_adv_CLKIN1_CLKOUT0)
                                                     -1.467     0.595 r  u_pl/u_clk/u_mmcm/CLKOUT0
                         net (fo=1, routed)           0.576     1.171    u_pl/u_clk/clkout0
    BUFGCTRL_X0Y0        BUFG (Prop_bufg_I_O)         0.029     1.200 r  u_pl/u_clk/u_bufg_pix/O
                         net (fo=5475, routed)        0.931     2.131    u_pl/u_mode/clk_pix
    SLICE_X54Y110        FDCE                                         r  u_pl/u_mode/lsync_reg[0]/C
                         clock pessimism             -0.248     1.883    
                         clock uncertainty            0.259     2.142    
    SLICE_X54Y110        FDCE (Hold_fdce_C_D)         0.035     2.177    u_pl/u_mode/lsync_reg[0]
  -------------------------------------------------------------------
                         required time                         -2.177    
                         arrival time                           2.348    
  -------------------------------------------------------------------
                         slack                                  0.171    





