Copyright 1986-2022 Xilinx, Inc. All Rights Reserved. Copyright 2022-2026 Advanced Micro Devices, Inc. All Rights Reserved.
---------------------------------------------------------------------------------------------------------------------------------------------
| Tool Version : Vivado v.2025.2.1 (win64) Build 6403652 Thu Mar 19 19:48:24 GMT 2026
| Date         : Sat Sep 26 04:38:16 2026
| Host         : Uie-laptop running 64-bit major release  (build 9200)
| Command      : report_timing_summary -file D:/Xilinx/Prj/pro/Video_Processing/build/timing_summary.rpt
| Design       : system_top
| Device       : 7z020-clg484
| Speed File   : -2  PRODUCTION 1.12 2019-11-22
| Design State : Routed
---------------------------------------------------------------------------------------------------------------------------------------------

Timing Summary Report

------------------------------------------------------------------------------------------------
| Timer Settings
| --------------
------------------------------------------------------------------------------------------------

  Enable Multi Corner Analysis               :  Yes
  Enable Pessimism Removal                   :  Yes
  Pessimism Removal Resolution               :  Nearest Common Node
  Enable Input Delay Default Clock           :  No
  Enable Preset / Clear Arcs                 :  No
  Disable Flight Delays                      :  No
  Ignore I/O Paths                           :  No
  Timing Early Launch at Borrowing Latches   :  No
  Borrow Time for Max Delay Exceptions       :  Yes
  Merge Timing Exceptions                    :  Yes
  Inter-SLR Compensation                     :  Conservative

  Corner  Analyze    Analyze    
  Name    Max Paths  Min Paths  
  ------  ---------  ---------  
  Slow    Yes        Yes        
  Fast    Yes        Yes        


------------------------------------------------------------------------------------------------
| Report Methodology
| ------------------
------------------------------------------------------------------------------------------------

Rule       Severity  Description                                                Violations  
---------  --------  ---------------------------------------------------------  ----------  
DPIR-1     Warning   Asynchronous driver check                                  129         
LUTAR-1    Warning   LUT drives async reset alert                               1           
SYNTH-5    Warning   Mapped onto distributed RAM because of timing constraints  160         
SYNTH-6    Warning   Timing of a RAM block might be sub-optimal                 101         
TIMING-9   Warning   Unknown CDC Logic                                          1           
TIMING-10  Warning   Missing property on synchronizer                           1           
TIMING-18  Warning   Missing input or output delay                              7           

Note: This report is based on the most recent report_methodology run and may not be up-to-date. Run report_methodology on the current design for the latest report.



check_timing report

Table of Contents
-----------------
1. checking no_clock (0)
2. checking constant_clock (0)
3. checking pulse_width_clock (0)
4. checking unconstrained_internal_endpoints (0)
5. checking no_input_delay (7)
6. checking no_output_delay (12)
7. checking multiple_clock (0)
8. checking generated_clocks (0)
9. checking loops (0)
10. checking partial_input_delay (0)
11. checking partial_output_delay (0)
12. checking latch_loops (0)

1. checking no_clock (0)
------------------------
 There are 0 register/latch pins with no clock.


2. checking constant_clock (0)
------------------------------
 There are 0 register/latch pins with constant_clock.


3. checking pulse_width_clock (0)
---------------------------------
 There are 0 register/latch pins which need pulse_width check


4. checking unconstrained_internal_endpoints (0)
------------------------------------------------
 There are 0 pins that are not constrained for maximum delay.

 There are 0 pins that are not constrained for maximum delay due to constant clock.


5. checking no_input_delay (7)
------------------------------
 There are 5 input ports with no input delay specified. (HIGH)

 There are 2 input ports with no input delay but user has a false path constraint. (MEDIUM)


6. checking no_output_delay (12)
--------------------------------
 There are 6 ports with no output delay specified. (HIGH)

 There are 6 ports with no output delay but user has a false path constraint (MEDIUM)

 There are 0 ports with no output delay but with a timing clock defined on it or propagating through it


7. checking multiple_clock (0)
------------------------------
 There are 0 register/latch pins with multiple clocks.


8. checking generated_clocks (0)
--------------------------------
 There are 0 generated clocks that are not connected to a clock source.


9. checking loops (0)
---------------------
 There are 0 combinational loops in the design.


10. checking partial_input_delay (0)
------------------------------------
 There are 0 input ports with partial input delay specified.


11. checking partial_output_delay (0)
-------------------------------------
 There are 0 ports with partial output delay specified.


12. checking latch_loops (0)
----------------------------
 There are 0 combinational latch loops in the design through latch input



------------------------------------------------------------------------------------------------
| Design Timing Summary
| ---------------------
------------------------------------------------------------------------------------------------

    WNS(ns)      TNS(ns)  TNS Failing Endpoints  TNS Total Endpoints      WHS(ns)      THS(ns)  THS Failing Endpoints  THS Total Endpoints     WPWS(ns)     TPWS(ns)  TPWS Failing Endpoints  TPWS Total Endpoints  
    -------      -------  ---------------------  -------------------      -------      -------  ---------------------  -------------------     --------     --------  ----------------------  --------------------  
      0.843        0.000                      0                34566        0.049        0.000                      0                34566        0.264        0.000                       0                 12034  


All user specified timing constraints are met.


------------------------------------------------------------------------------------------------
| Clock Summary
| -------------
------------------------------------------------------------------------------------------------

Clock         Waveform(ns)         Period(ns)      Frequency(MHz)
-----         ------------         ----------      --------------
clk_fpga_0    {0.000 5.000}        10.000          100.000         
eth_rxc       {0.000 4.000}        8.000           125.000         
sys_clk       {0.000 10.000}       20.000          50.000          
  clkfbout    {0.000 10.000}       20.000          50.000          
  clkfbout_1  {0.000 10.000}       20.000          50.000          
  clkout0_1   {0.000 10.000}       20.000          50.000          
  clkout1_1   {0.000 2.000}        4.000           250.000         
  clkout2     {0.000 2.500}        5.000           200.000         


------------------------------------------------------------------------------------------------
| Intra Clock Table
| -----------------
------------------------------------------------------------------------------------------------

Clock             WNS(ns)      TNS(ns)  TNS Failing Endpoints  TNS Total Endpoints      WHS(ns)      THS(ns)  THS Failing Endpoints  THS Total Endpoints     WPWS(ns)     TPWS(ns)  TPWS Failing Endpoints  TPWS Total Endpoints  
-----             -------      -------  ---------------------  -------------------      -------      -------  ---------------------  -------------------     --------     --------  ----------------------  --------------------  
clk_fpga_0          2.032        0.000                      0                15717        0.052        0.000                      0                15717        3.870        0.000                       0                  4370  
eth_rxc             0.843        0.000                      0                 4818        0.049        0.000                      0                 4818        3.500        0.000                       0                  2528  
sys_clk            14.435        0.000                      0                  255        0.130        0.000                      0                  255        7.000        0.000                       0                   187  
  clkfbout                                                                                                                                                     18.408        0.000                       0                     3  
  clkfbout_1                                                                                                                                                   18.408        0.000                       0                     3  
  clkout0_1         1.199        0.000                      0                13698        0.079        0.000                      0                13698        8.870        0.000                       0                  4930  
  clkout1_1                                                                                                                                                     2.408        0.000                       0                    10  
  clkout2                                                                                                                                                       0.264        0.000                       0                     3  


------------------------------------------------------------------------------------------------
| Inter Clock Table
| -----------------
------------------------------------------------------------------------------------------------

From Clock    To Clock          WNS(ns)      TNS(ns)  TNS Failing Endpoints  TNS Total Endpoints      WHS(ns)      THS(ns)  THS Failing Endpoints  THS Total Endpoints  
----------    --------          -------      -------  ---------------------  -------------------      -------      -------  ---------------------  -------------------  
clkout0_1     sys_clk            14.385        0.000                      0                   22        0.255        0.000                      0                   22  
sys_clk       clkout0_1           5.037        0.000                      0                  191        0.315        0.000                      0                  191  


------------------------------------------------------------------------------------------------
| Other Path Groups Table
| -----------------------
------------------------------------------------------------------------------------------------

Path Group    From Clock    To Clock          WNS(ns)      TNS(ns)  TNS Failing Endpoints  TNS Total Endpoints      WHS(ns)      THS(ns)  THS Failing Endpoints  THS Total Endpoints  
----------    ----------    --------          -------      -------  ---------------------  -------------------      -------      -------  ---------------------  -------------------  


------------------------------------------------------------------------------------------------
| Timing Details
| --------------
------------------------------------------------------------------------------------------------


---------------------------------------------------------------------------------------------------
From Clock:  clk_fpga_0
  To Clock:  clk_fpga_0

Setup :            0  Failing Endpoints,  Worst Slack        2.032ns,  Total Violation        0.000ns
Hold  :            0  Failing Endpoints,  Worst Slack        0.052ns,  Total Violation        0.000ns
PW    :            0  Failing Endpoints,  Worst Slack        3.870ns,  Total Violation        0.000ns
---------------------------------------------------------------------------------------------------


Max Delay Paths
--------------------------------------------------------------------------------------
Slack (MET) :             2.032ns  (required time - arrival time)
  Source:                 u_pl/u_row/fb_wr_addr_reg[16]/C
                            (rising edge-triggered cell FDCE clocked by clk_fpga_0  {rise@0.000ns fall@5.000ns period=10.000ns})
  Destination:            u_pl/u_bilin/u_fb/lo_reg_0_54/WEA[0]
                            (rising edge-triggered cell RAMB36E1 clocked by clk_fpga_0  {rise@0.000ns fall@5.000ns period=10.000ns})
  Path Group:             clk_fpga_0
  Path Type:              Setup (Max at Slow Process Corner)
  Requirement:            10.000ns  (clk_fpga_0 rise@10.000ns - clk_fpga_0 rise@0.000ns)
  Data Path Delay:        7.287ns  (logic 0.484ns (6.642%)  route 6.803ns (93.358%))
  Logic Levels:           1  (LUT6=1)
  Clock Path Skew:        -0.052ns (DCD - SCD + CPR)
    Destination Clock Delay (DCD):    2.322ns = ( 12.322 - 10.000 ) 
    Source Clock Delay      (SCD):    2.470ns
    Clock Pessimism Removal (CPR):    0.097ns
  Clock Uncertainty:      0.154ns  ((TSJ^2 + TIJ^2)^1/2 + DJ) / 2 + PE
    Total System Jitter     (TSJ):    0.071ns
    Total Input Jitter      (TIJ):    0.300ns
    Discrete Jitter          (DJ):    0.000ns
    Phase Error              (PE):    0.000ns

    Location             Delay type                Incr(ns)  Path(ns)    Netlist Resource(s)
  -------------------------------------------------------------------    -------------------
                         (clock clk_fpga_0 rise edge)
                                                      0.000     0.000 r  
    PS7_X0Y0             PS7                          0.000     0.000 r  u_bd/design_1_i/processing_system7_0/inst/PS7_i/FCLKCLK[0]
                         net (fo=1, routed)           0.994     0.994    u_bd/design_1_i/processing_system7_0/inst/FCLK_CLK_unbuffered[0]
    BUFGCTRL_X0Y16       BUFG (Prop_bufg_I_O)         0.085     1.079 r  u_bd/design_1_i/processing_system7_0/inst/buffer_fclk_clk_0.FCLK_CLK_0_BUFG/O
                         net (fo=4371, routed)        1.391     2.470    u_pl/u_row/FCLK_CLK0
    SLICE_X39Y50         FDCE                                         r  u_pl/u_row/fb_wr_addr_reg[16]/C
  -------------------------------------------------------------------    -------------------
    SLICE_X39Y50         FDCE (Prop_fdce_C_Q)         0.379     2.849 f  u_pl/u_row/fb_wr_addr_reg[16]/Q
                         net (fo=44, routed)          5.186     8.035    u_pl/u_row/Q[1]
    SLICE_X90Y14         LUT6 (Prop_lut6_I2_O)        0.105     8.140 r  u_pl/u_row/lo_reg_0_52_i_2/O
                         net (fo=3, routed)           1.616     9.757    u_pl/u_bilin/u_fb/lo_reg_0_38_0[0]
    RAMB36_X3Y0          RAMB36E1                                     r  u_pl/u_bilin/u_fb/lo_reg_0_54/WEA[0]
  -------------------------------------------------------------------    -------------------

                         (clock clk_fpga_0 rise edge)
                                                     10.000    10.000 r  
    PS7_X0Y0             PS7                          0.000    10.000 r  u_bd/design_1_i/processing_system7_0/inst/PS7_i/FCLKCLK[0]
                         net (fo=1, routed)           0.905    10.906    u_bd/design_1_i/processing_system7_0/inst/FCLK_CLK_unbuffered[0]
    BUFGCTRL_X0Y16       BUFG (Prop_bufg_I_O)         0.077    10.983 r  u_bd/design_1_i/processing_system7_0/inst/buffer_fclk_clk_0.FCLK_CLK_0_BUFG/O
                         net (fo=4371, routed)        1.339    12.322    u_pl/u_bilin/u_fb/FCLK_CLK0
    RAMB36_X3Y0          RAMB36E1                                     r  u_pl/u_bilin/u_fb/lo_reg_0_54/CLKARDCLK
                         clock pessimism              0.097    12.418    
                         clock uncertainty           -0.154    12.264    
    RAMB36_X3Y0          RAMB36E1 (Setup_ramb36e1_CLKARDCLK_WEA[0])
                                                     -0.476    11.788    u_pl/u_bilin/u_fb/lo_reg_0_54
  -------------------------------------------------------------------
                         required time                         11.788    
                         arrival time                          -9.757    
  -------------------------------------------------------------------
                         slack                                  2.032    





Min Delay Paths
--------------------------------------------------------------------------------------
Slack (MET) :             0.052ns  (arrival time - required time)
  Source:                 u_bd/design_1_i/axi_gpio_1/U0/gpio_core_1/Not_Dual.gpio_Data_In_reg[7]/C
                            (rising edge-triggered cell FDRE clocked by clk_fpga_0  {rise@0.000ns fall@5.000ns period=10.000ns})
  Destination:            u_bd/design_1_i/axi_gpio_1/U0/gpio_core_1/Not_Dual.ALLIN1_ND.READ_REG_GEN[7].reg1_reg[7]/D
                            (rising edge-triggered cell FDRE clocked by clk_fpga_0  {rise@0.000ns fall@5.000ns period=10.000ns})
  Path Group:             clk_fpga_0
  Path Type:              Hold (Min at Fast Process Corner)
  Requirement:            0.000ns  (clk_fpga_0 rise@0.000ns - clk_fpga_0 rise@0.000ns)
  Data Path Delay:        0.525ns  (logic 0.209ns (39.837%)  route 0.316ns (60.163%))
  Logic Levels:           1  (LUT5=1)
  Clock Path Skew:        0.351ns (DCD - SCD - CPR)
    Destination Clock Delay (DCD):    1.278ns
    Source Clock Delay      (SCD):    0.892ns
    Clock Pessimism Removal (CPR):    0.035ns

    Location             Delay type                Incr(ns)  Path(ns)    Netlist Resource(s)
  -------------------------------------------------------------------    -------------------
                         (clock clk_fpga_0 rise edge)
                                                      0.000     0.000 r  
    PS7_X0Y0             PS7                          0.000     0.000 r  u_bd/design_1_i/processing_system7_0/inst/PS7_i/FCLKCLK[0]
                         net (fo=1, routed)           0.310     0.310    u_bd/design_1_i/processing_system7_0/inst/FCLK_CLK_unbuffered[0]
    BUFGCTRL_X0Y16       BUFG (Prop_bufg_I_O)         0.026     0.336 r  u_bd/design_1_i/processing_system7_0/inst/buffer_fclk_clk_0.FCLK_CLK_0_BUFG/O
                         net (fo=4371, routed)        0.556     0.892    u_bd/design_1_i/axi_gpio_1/U0/gpio_core_1/s_axi_aclk
    SLICE_X34Y89         FDRE                                         r  u_bd/design_1_i/axi_gpio_1/U0/gpio_core_1/Not_Dual.gpio_Data_In_reg[7]/C
  -------------------------------------------------------------------    -------------------
    SLICE_X34Y89         FDRE (Prop_fdre_C_Q)         0.164     1.056 r  u_bd/design_1_i/axi_gpio_1/U0/gpio_core_1/Not_Dual.gpio_Data_In_reg[7]/Q
                         net (fo=1, routed)           0.316     1.371    u_bd/design_1_i/axi_gpio_1/U0/gpio_core_1/gpio_Data_In[7]
    SLICE_X34Y101        LUT5 (Prop_lut5_I0_O)        0.045     1.416 r  u_bd/design_1_i/axi_gpio_1/U0/gpio_core_1/Not_Dual.ALLIN1_ND.READ_REG_GEN[7].reg1[7]_i_1/O
                         net (fo=1, routed)           0.000     1.416    u_bd/design_1_i/axi_gpio_1/U0/gpio_core_1/Not_Dual.ALLIN1_ND.READ_REG_GEN[7].reg1[7]_i_1_n_0
    SLICE_X34Y101        FDRE                                         r  u_bd/design_1_i/axi_gpio_1/U0/gpio_core_1/Not_Dual.ALLIN1_ND.READ_REG_GEN[7].reg1_reg[7]/D
  -------------------------------------------------------------------    -------------------

                         (clock clk_fpga_0 rise edge)
                                                      0.000     0.000 r  
    PS7_X0Y0             PS7                          0.000     0.000 r  u_bd/design_1_i/processing_system7_0/inst/PS7_i/FCLKCLK[0]
                         net (fo=1, routed)           0.337     0.337    u_bd/design_1_i/processing_system7_0/inst/FCLK_CLK_unbuffered[0]
    BUFGCTRL_X0Y16       BUFG (Prop_bufg_I_O)         0.029     0.366 r  u_bd/design_1_i/processing_system7_0/inst/buffer_fclk_clk_0.FCLK_CLK_0_BUFG/O
                         net (fo=4371, routed)        0.912     1.278    u_bd/design_1_i/axi_gpio_1/U0/gpio_core_1/s_axi_aclk
    SLICE_X34Y101        FDRE                                         r  u_bd/design_1_i/axi_gpio_1/U0/gpio_core_1/Not_Dual.ALLIN1_ND.READ_REG_GEN[7].reg1_reg[7]/C
                         clock pessimism             -0.035     1.243    
    SLICE_X34Y101        FDRE (Hold_fdre_C_D)         0.121     1.364    u_bd/design_1_i/axi_gpio_1/U0/gpio_core_1/Not_Dual.ALLIN1_ND.READ_REG_GEN[7].reg1_reg[7]
  -------------------------------------------------------------------
                         required time                         -1.364    
                         arrival time                           1.416    
  -------------------------------------------------------------------
                         slack                                  0.052    





Pulse Width Checks
--------------------------------------------------------------------------------------
Clock Name:         clk_fpga_0
Waveform(ns):       { 0.000 5.000 }
Period(ns):         10.000
Sources:            { u_bd/design_1_i/processing_system7_0/inst/PS7_i/FCLKCLK[0] }

Check Type        Corner  Lib Pin             Reference Pin  Required(ns)  Actual(ns)  Slack(ns)  Location      Pin
Min Period        n/a     RAMB36E1/CLKBWRCLK  n/a            2.170         10.000      7.830      RAMB36_X1Y6   u_eth/u_cdc/mem_reg_0/CLKBWRCLK
Low Pulse Width   Slow    RAMD64E/CLK         n/a            1.130         5.000       3.870      SLICE_X32Y32  u_eth/u_saver/q_addr_reg_0_63_12_14/RAMA/CLK
High Pulse Width  Slow    RAMD64E/CLK         n/a            1.130         5.000       3.870      SLICE_X32Y32  u_eth/u_saver/q_addr_reg_0_63_12_14/RAMA/CLK



---------------------------------------------------------------------------------------------------
From Clock:  eth_rxc
  To Clock:  eth_rxc

Setup :            0  Failing Endpoints,  Worst Slack        0.843ns,  Total Violation        0.000ns
Hold  :            0  Failing Endpoints,  Worst Slack        0.049ns,  Total Violation        0.000ns
PW    :            0  Failing Endpoints,  Worst Slack        3.500ns,  Total Violation        0.000ns
---------------------------------------------------------------------------------------------------


Max Delay Paths
--------------------------------------------------------------------------------------
Slack (MET) :             0.843ns  (required time - arrival time)
  Source:                 u_eth/u_lm/ms32_reg[0]/C
                            (rising edge-triggered cell FDCE clocked by eth_rxc  {rise@0.000ns fall@4.000ns period=8.000ns})
  Destination:            u_eth/u_lm/gap_max_reg[4]/CE
                            (rising edge-triggered cell FDCE clocked by eth_rxc  {rise@0.000ns fall@4.000ns period=8.000ns})
  Path Group:             eth_rxc
  Path Type:              Setup (Max at Slow Process Corner)
  Requirement:            8.000ns  (eth_rxc rise@8.000ns - eth_rxc rise@0.000ns)
  Data Path Delay:        6.676ns  (logic 2.891ns (43.302%)  route 3.785ns (56.699%))
  Logic Levels:           15  (CARRY4=10 LUT2=1 LUT4=2 LUT5=2)
  Clock Path Skew:        -0.096ns (DCD - SCD + CPR)
    Destination Clock Delay (DCD):    4.368ns = ( 12.368 - 8.000 ) 
    Source Clock Delay      (SCD):    4.806ns
    Clock Pessimism Removal (CPR):    0.342ns
  Clock Uncertainty:      0.035ns  ((TSJ^2 + TIJ^2)^1/2 + DJ) / 2 + PE
    Total System Jitter     (TSJ):    0.071ns
    Total Input Jitter      (TIJ):    0.000ns
    Discrete Jitter          (DJ):    0.000ns
    Phase Error              (PE):    0.000ns

    Location             Delay type                Incr(ns)  Path(ns)    Netlist Resource(s)
  -------------------------------------------------------------------    -------------------
                         (clock eth_rxc rise edge)    0.000     0.000 r  
    Y19                                               0.000     0.000 r  eth_rxc (IN)
                         net (fo=0)                   0.000     0.000    eth_rxc
    Y19                  IBUF (Prop_ibuf_I_O)         1.430     1.430 r  eth_rxc_IBUF_inst/O
                         net (fo=2, routed)           1.873     3.303    u_eth/u_rgmii/u_rgmii_rx/rgmii_rxc
    BUFGCTRL_X0Y1        BUFG (Prop_bufg_I_O)         0.085     3.388 r  u_eth/u_rgmii/u_rgmii_rx/BUFG_inst/O
                         net (fo=2522, routed)        1.418     4.806    u_eth/u_lm/gmii_rx_clk
    SLICE_X29Y71         FDCE                                         r  u_eth/u_lm/ms32_reg[0]/C
  -------------------------------------------------------------------    -------------------
    SLICE_X29Y71         FDCE (Prop_fdce_C_Q)         0.379     5.185 r  u_eth/u_lm/ms32_reg[0]/Q
                         net (fo=4, routed)           0.628     5.812    u_eth/u_lm/ms32_reg[0]
    SLICE_X28Y71         LUT2 (Prop_lut2_I0_O)        0.105     5.917 r  u_eth/u_lm/gap_min[3]_i_6/O
                         net (fo=1, routed)           0.000     5.917    u_eth/u_lm/gap_min[3]_i_6_n_0
    SLICE_X28Y71         CARRY4 (Prop_carry4_S[0]_CO[3])
                                                      0.440     6.357 r  u_eth/u_lm/gap_min_reg[3]_i_2/CO[3]
                         net (fo=1, routed)           0.000     6.357    u_eth/u_lm/gap_min_reg[3]_i_2_n_0
    SLICE_X28Y72         CARRY4 (Prop_carry4_CI_CO[3])
                                                      0.098     6.455 r  u_eth/u_lm/gap_min_reg[7]_i_2/CO[3]
                         net (fo=1, routed)           0.000     6.455    u_eth/u_lm/gap_min_reg[7]_i_2_n_0
    SLICE_X28Y73         CARRY4 (Prop_carry4_CI_CO[3])
                                                      0.098     6.553 r  u_eth/u_lm/gap_min_reg[11]_i_2/CO[3]
                         net (fo=1, routed)           0.000     6.553    u_eth/u_lm/gap_min_reg[11]_i_2_n_0
    SLICE_X28Y74         CARRY4 (Prop_carry4_CI_CO[3])
                                                      0.098     6.651 r  u_eth/u_lm/gap_min_reg[15]_i_5/CO[3]
                         net (fo=1, routed)           0.008     6.659    u_eth/u_lm/gap_min_reg[15]_i_5_n_0
    SLICE_X28Y75         CARRY4 (Prop_carry4_CI_CO[3])
                                                      0.098     6.757 r  u_eth/u_lm/gap_min_reg[15]_i_33/CO[3]
                         net (fo=1, routed)           0.000     6.757    u_eth/u_lm/gap_min_reg[15]_i_33_n_0
    SLICE_X28Y76         CARRY4 (Prop_carry4_CI_CO[3])
                                                      0.098     6.855 r  u_eth/u_lm/gap_min_reg[15]_i_31/CO[3]
                         net (fo=1, routed)           0.000     6.855    u_eth/u_lm/gap_min_reg[15]_i_31_n_0
    SLICE_X28Y77         CARRY4 (Prop_carry4_CI_CO[3])
                                                      0.098     6.953 r  u_eth/u_lm/gap_min_reg[15]_i_32/CO[3]
                         net (fo=1, routed)           0.000     6.953    u_eth/u_lm/gap_min_reg[15]_i_32_n_0
    SLICE_X28Y78         CARRY4 (Prop_carry4_CI_O[3])
                                                      0.260     7.213 r  u_eth/u_lm/gap_min_reg[15]_i_34/O[3]
                         net (fo=1, routed)           0.368     7.581    u_eth/u_lm/gap_min_reg[15]_i_34_n_4
    SLICE_X30Y76         LUT4 (Prop_lut4_I3_O)        0.257     7.838 r  u_eth/u_lm/gap_min[15]_i_15/O
                         net (fo=1, routed)           0.566     8.404    u_eth/u_lm/gap_min[15]_i_15_n_0
    SLICE_X30Y76         LUT4 (Prop_lut4_I0_O)        0.105     8.509 r  u_eth/u_lm/gap_min[15]_i_4/O
                         net (fo=96, routed)          0.794     9.303    u_eth/u_lm/gap_min[15]_i_4_n_0
    SLICE_X30Y72         LUT5 (Prop_lut5_I1_O)        0.105     9.408 r  u_eth/u_lm/gap_max[15]_i_19/O
                         net (fo=1, routed)           0.000     9.408    u_eth/u_lm/gap_max[15]_i_19_n_0
    SLICE_X30Y72         CARRY4 (Prop_carry4_S[1]_CO[3])
                                                      0.444     9.852 r  u_eth/u_lm/gap_max_reg[15]_i_4/CO[3]
                         net (fo=1, routed)           0.000     9.852    u_eth/u_lm/gap_max_reg[15]_i_4_n_0
    SLICE_X30Y73         CARRY4 (Prop_carry4_CI_CO[3])
                                                      0.100     9.952 r  u_eth/u_lm/gap_max_reg[15]_i_3/CO[3]
                         net (fo=17, routed)          0.915    10.866    u_eth/u_lm/gap_max_reg[15]_i_3_n_0
    SLICE_X30Y74         LUT5 (Prop_lut5_I2_O)        0.108    10.974 r  u_eth/u_lm/gap_max[15]_i_1/O
                         net (fo=16, routed)          0.508    11.482    u_eth/u_lm/gap_max[15]_i_1_n_0
    SLICE_X33Y72         FDCE                                         r  u_eth/u_lm/gap_max_reg[4]/CE
  -------------------------------------------------------------------    -------------------

                         (clock eth_rxc rise edge)    8.000     8.000 r  
    Y19                                               0.000     8.000 r  eth_rxc (IN)
                         net (fo=0)                   0.000     8.000    eth_rxc
    Y19                  IBUF (Prop_ibuf_I_O)         1.364     9.364 r  eth_rxc_IBUF_inst/O
                         net (fo=2, routed)           1.701    11.065    u_eth/u_rgmii/u_rgmii_rx/rgmii_rxc
    BUFGCTRL_X0Y1        BUFG (Prop_bufg_I_O)         0.077    11.142 r  u_eth/u_rgmii/u_rgmii_rx/BUFG_inst/O
                         net (fo=2522, routed)        1.226    12.368    u_eth/u_lm/gmii_rx_clk
    SLICE_X33Y72         FDCE                                         r  u_eth/u_lm/gap_max_reg[4]/C
                         clock pessimism              0.342    12.710    
                         clock uncertainty           -0.035    12.674    
    SLICE_X33Y72         FDCE (Setup_fdce_C_CE)      -0.349    12.325    u_eth/u_lm/gap_max_reg[4]
  -------------------------------------------------------------------
                         required time                         12.325    
                         arrival time                         -11.482    
  -------------------------------------------------------------------
                         slack                                  0.843    





Min Delay Paths
--------------------------------------------------------------------------------------
Slack (MET) :             0.049ns  (arrival time - required time)
  Source:                 u_eth/u_arp/u_crc32_d8/crc_data_reg[23]/C
                            (rising edge-triggered cell FDPE clocked by eth_rxc  {rise@0.000ns fall@4.000ns period=8.000ns})
  Destination:            u_eth/u_arp/u_crc32_d8/crc_data_reg[31]/D
                            (rising edge-triggered cell FDPE clocked by eth_rxc  {rise@0.000ns fall@4.000ns period=8.000ns})
  Path Group:             eth_rxc
  Path Type:              Hold (Min at Fast Process Corner)
  Requirement:            0.000ns  (eth_rxc rise@0.000ns - eth_rxc rise@0.000ns)
  Data Path Delay:        0.694ns  (logic 0.209ns (30.112%)  route 0.485ns (69.888%))
  Logic Levels:           1  (LUT4=1)
  Clock Path Skew:        0.038ns (DCD - SCD - CPR)
    Destination Clock Delay (DCD):    2.121ns
    Source Clock Delay      (SCD):    1.602ns
    Clock Pessimism Removal (CPR):    0.481ns
  Clock Uncertainty:      0.500ns  ((TSJ^2 + TIJ^2)^1/2 + DJ) / 2 + PE + UU
    Total System Jitter     (TSJ):    0.000ns
    Total Input Jitter      (TIJ):    0.000ns
    Discrete Jitter          (DJ):    0.000ns
    Phase Error              (PE):    0.000ns
    User Uncertainty         (UU):    0.500ns

    Location             Delay type                Incr(ns)  Path(ns)    Netlist Resource(s)
  -------------------------------------------------------------------    -------------------
                         (clock eth_rxc rise edge)    0.000     0.000 r  
    Y19                                               0.000     0.000 r  eth_rxc (IN)
                         net (fo=0)                   0.000     0.000    eth_rxc
    Y19                  IBUF (Prop_ibuf_I_O)         0.266     0.266 r  eth_rxc_IBUF_inst/O
                         net (fo=2, routed)           0.674     0.940    u_eth/u_rgmii/u_rgmii_rx/rgmii_rxc
    BUFGCTRL_X0Y1        BUFG (Prop_bufg_I_O)         0.026     0.966 r  u_eth/u_rgmii/u_rgmii_rx/BUFG_inst/O
                         net (fo=2522, routed)        0.636     1.602    u_eth/u_arp/u_crc32_d8/gmii_rx_clk
    SLICE_X108Y37        FDPE                                         r  u_eth/u_arp/u_crc32_d8/crc_data_reg[23]/C
  -------------------------------------------------------------------    -------------------
    SLICE_X108Y37        FDPE (Prop_fdpe_C_Q)         0.164     1.766 r  u_eth/u_arp/u_crc32_d8/crc_data_reg[23]/Q
                         net (fo=2, routed)           0.485     2.251    u_eth/u_arp/u_arp_tx/Q[18]
    SLICE_X111Y37        LUT4 (Prop_lut4_I2_O)        0.045     2.296 r  u_eth/u_arp/u_arp_tx/crc_data[31]_i_2/O
                         net (fo=1, routed)           0.000     2.296    u_eth/u_arp/u_crc32_d8/D[21]
    SLICE_X111Y37        FDPE                                         r  u_eth/u_arp/u_crc32_d8/crc_data_reg[31]/D
  -------------------------------------------------------------------    -------------------

                         (clock eth_rxc rise edge)    0.000     0.000 r  
    Y19                                               0.000     0.000 r  eth_rxc (IN)
                         net (fo=0)                   0.000     0.000    eth_rxc
    Y19                  IBUF (Prop_ibuf_I_O)         0.454     0.454 r  eth_rxc_IBUF_inst/O
                         net (fo=2, routed)           0.731     1.185    u_eth/u_rgmii/u_rgmii_rx/rgmii_rxc
    BUFGCTRL_X0Y1        BUFG (Prop_bufg_I_O)         0.029     1.214 r  u_eth/u_rgmii/u_rgmii_rx/BUFG_inst/O
                         net (fo=2522, routed)        0.907     2.121    u_eth/u_arp/u_crc32_d8/gmii_rx_clk
    SLICE_X111Y37        FDPE                                         r  u_eth/u_arp/u_crc32_d8/crc_data_reg[31]/C
                         clock pessimism             -0.481     1.640    
                         clock uncertainty            0.500     2.140    
    SLICE_X111Y37        FDPE (Hold_fdpe_C_D)         0.107     2.247    u_eth/u_arp/u_crc32_d8/crc_data_reg[31]
  -------------------------------------------------------------------
                         required time                         -2.247    
                         arrival time                           2.296    
  -------------------------------------------------------------------
                         slack                                  0.049    





Pulse Width Checks
--------------------------------------------------------------------------------------
Clock Name:         eth_rxc
Waveform(ns):       { 0.000 4.000 }
Period(ns):         8.000
Sources:            { eth_rxc }

Check Type        Corner  Lib Pin             Reference Pin  Required(ns)  Actual(ns)  Slack(ns)  Location      Pin
Min Period        n/a     RAMB18E1/CLKARDCLK  n/a            2.472         8.000       5.528      RAMB18_X5Y12  u_eth/u_icmp_fifo/mem_reg/CLKARDCLK
Low Pulse Width   Slow    FDCE/C              n/a            0.500         4.000       3.500      SLICE_X25Y30  u_eth/flush_pend_reg/C
High Pulse Width  Slow    FDCE/C              n/a            0.500         4.000       3.500      SLICE_X25Y30  u_eth/flush_pend_reg/C



---------------------------------------------------------------------------------------------------
From Clock:  sys_clk
  To Clock:  sys_clk

Setup :            0  Failing Endpoints,  Worst Slack       14.435ns,  Total Violation        0.000ns
Hold  :            0  Failing Endpoints,  Worst Slack        0.130ns,  Total Violation        0.000ns
PW    :            0  Failing Endpoints,  Worst Slack        7.000ns,  Total Violation        0.000ns
---------------------------------------------------------------------------------------------------


Max Delay Paths
--------------------------------------------------------------------------------------
Slack (MET) :             14.435ns  (required time - arrival time)
  Source:                 u_pl/u_ang/angle_reg[4]/C
                            (rising edge-triggered cell FDRE clocked by sys_clk  {rise@0.000ns fall@10.000ns period=20.000ns})
  Destination:            u_pl/u_ang/angle_reg[6]/D
                            (rising edge-triggered cell FDRE clocked by sys_clk  {rise@0.000ns fall@10.000ns period=20.000ns})
  Path Group:             sys_clk
  Path Type:              Setup (Max at Slow Process Corner)
  Requirement:            20.000ns  (sys_clk rise@20.000ns - sys_clk rise@0.000ns)
  Data Path Delay:        5.411ns  (logic 1.668ns (30.823%)  route 3.743ns (69.177%))
  Logic Levels:           6  (CARRY4=2 LUT5=2 LUT6=2)
  Clock Path Skew:        -0.059ns (DCD - SCD + CPR)
    Destination Clock Delay (DCD):    4.513ns = ( 24.513 - 20.000 ) 
    Source Clock Delay      (SCD):    4.929ns
    Clock Pessimism Removal (CPR):    0.357ns
  Clock Uncertainty:      0.035ns  ((TSJ^2 + TIJ^2)^1/2 + DJ) / 2 + PE
    Total System Jitter     (TSJ):    0.071ns
    Total Input Jitter      (TIJ):    0.000ns
    Discrete Jitter          (DJ):    0.000ns
    Phase Error              (PE):    0.000ns

    Location             Delay type                Incr(ns)  Path(ns)    Netlist Resource(s)
  -------------------------------------------------------------------    -------------------
                         (clock sys_clk rise edge)    0.000     0.000 r  
    W17                                               0.000     0.000 r  sys_clk (IN)
                         net (fo=0)                   0.000     0.000    sys_clk
    W17                  IBUF (Prop_ibuf_I_O)         1.415     1.415 r  sys_clk_IBUF_inst/O
                         net (fo=1, routed)           1.873     3.288    sys_clk_IBUF
    BUFGCTRL_X0Y4        BUFG (Prop_bufg_I_O)         0.085     3.373 r  sys_clk_IBUF_BUFG_inst/O
                         net (fo=186, routed)         1.556     4.929    u_pl/u_ang/CLK
    SLICE_X39Y114        FDRE                                         r  u_pl/u_ang/angle_reg[4]/C
  -------------------------------------------------------------------    -------------------
    SLICE_X39Y114        FDRE (Prop_fdre_C_Q)         0.379     5.308 r  u_pl/u_ang/angle_reg[4]/Q
                         net (fo=205, routed)         1.365     6.673    u_pl/u_ang/angle_reg[4]_0
    SLICE_X41Y114        CARRY4 (Prop_carry4_S[0]_CO[3])
                                                      0.545     7.218 r  u_pl/u_ang/angle_reg[7]_i_4/CO[3]
                         net (fo=1, routed)           0.000     7.218    u_pl/u_ang/angle_reg[7]_i_4_n_0
    SLICE_X41Y115        CARRY4 (Prop_carry4_CI_O[0])
                                                      0.180     7.398 r  u_pl/u_ang/angle_reg[3]_i_4/O[0]
                         net (fo=3, routed)           0.696     8.094    u_pl/u_ang/angle_reg[3]_i_4_n_7
    SLICE_X39Y115        LUT6 (Prop_lut6_I0_O)        0.249     8.343 r  u_pl/u_ang/angle[3]_i_3/O
                         net (fo=4, routed)           0.822     9.165    u_pl/u_ang/angle[3]_i_3_n_0
    SLICE_X40Y115        LUT6 (Prop_lut6_I5_O)        0.105     9.270 r  u_pl/u_ang/angle[6]_i_5/O
                         net (fo=1, routed)           0.124     9.394    u_pl/u_ang/angle[6]_i_5_n_0
    SLICE_X40Y115        LUT5 (Prop_lut5_I4_O)        0.105     9.499 r  u_pl/u_ang/angle[6]_i_3/O
                         net (fo=1, routed)           0.218     9.717    u_pl/u_ang/angle[6]_i_3_n_0
    SLICE_X40Y115        LUT5 (Prop_lut5_I4_O)        0.105     9.822 r  u_pl/u_ang/angle[6]_i_1/O
                         net (fo=1, routed)           0.518    10.341    u_pl/u_ang/p_1_in__0[6]
    SLICE_X40Y115        FDRE                                         r  u_pl/u_ang/angle_reg[6]/D
  -------------------------------------------------------------------    -------------------

                         (clock sys_clk rise edge)   20.000    20.000 r  
    W17                                               0.000    20.000 r  sys_clk (IN)
                         net (fo=0)                   0.000    20.000    sys_clk
    W17                  IBUF (Prop_ibuf_I_O)         1.349    21.349 r  sys_clk_IBUF_inst/O
                         net (fo=1, routed)           1.701    23.050    sys_clk_IBUF
    BUFGCTRL_X0Y4        BUFG (Prop_bufg_I_O)         0.077    23.127 r  sys_clk_IBUF_BUFG_inst/O
                         net (fo=186, routed)         1.386    24.513    u_pl/u_ang/CLK
    SLICE_X40Y115        FDRE                                         r  u_pl/u_ang/angle_reg[6]/C
                         clock pessimism              0.357    24.870    
                         clock uncertainty           -0.035    24.835    
    SLICE_X40Y115        FDRE (Setup_fdre_C_D)       -0.059    24.776    u_pl/u_ang/angle_reg[6]
  -------------------------------------------------------------------
                         required time                         24.776    
                         arrival time                         -10.341    
  -------------------------------------------------------------------
                         slack                                 14.435    





Min Delay Paths
--------------------------------------------------------------------------------------
Slack (MET) :             0.130ns  (arrival time - required time)
  Source:                 u_pl/vt0_reg/C
                            (rising edge-triggered cell FDRE clocked by sys_clk  {rise@0.000ns fall@10.000ns period=20.000ns})
  Destination:            u_pl/vt1_reg/D
                            (rising edge-triggered cell FDRE clocked by sys_clk  {rise@0.000ns fall@10.000ns period=20.000ns})
  Path Group:             sys_clk
  Path Type:              Hold (Min at Fast Process Corner)
  Requirement:            0.000ns  (sys_clk rise@0.000ns - sys_clk rise@0.000ns)
  Data Path Delay:        0.205ns  (logic 0.141ns (68.843%)  route 0.064ns (31.157%))
  Logic Levels:           0  
  Clock Path Skew:        0.000ns (DCD - SCD - CPR)
    Destination Clock Delay (DCD):    2.037ns
    Source Clock Delay      (SCD):    1.523ns
    Clock Pessimism Removal (CPR):    0.514ns

    Location             Delay type                Incr(ns)  Path(ns)    Netlist Resource(s)
  -------------------------------------------------------------------    -------------------
                         (clock sys_clk rise edge)    0.000     0.000 r  
    W17                                               0.000     0.000 r  sys_clk (IN)
                         net (fo=0)                   0.000     0.000    sys_clk
    W17                  IBUF (Prop_ibuf_I_O)         0.252     0.252 r  sys_clk_IBUF_inst/O
                         net (fo=1, routed)           0.674     0.926    sys_clk_IBUF
    BUFGCTRL_X0Y4        BUFG (Prop_bufg_I_O)         0.026     0.952 r  sys_clk_IBUF_BUFG_inst/O
                         net (fo=186, routed)         0.571     1.523    u_pl/CLK
    SLICE_X64Y72         FDRE                                         r  u_pl/vt0_reg/C
  -------------------------------------------------------------------    -------------------
    SLICE_X64Y72         FDRE (Prop_fdre_C_Q)         0.141     1.664 r  u_pl/vt0_reg/Q
                         net (fo=1, routed)           0.064     1.728    u_pl/vt0
    SLICE_X64Y72         FDRE                                         r  u_pl/vt1_reg/D
  -------------------------------------------------------------------    -------------------

                         (clock sys_clk rise edge)    0.000     0.000 r  
    W17                                               0.000     0.000 r  sys_clk (IN)
                         net (fo=0)                   0.000     0.000    sys_clk
    W17                  IBUF (Prop_ibuf_I_O)         0.440     0.440 r  sys_clk_IBUF_inst/O
                         net (fo=1, routed)           0.731     1.171    sys_clk_IBUF
    BUFGCTRL_X0Y4        BUFG (Prop_bufg_I_O)         0.029     1.200 r  sys_clk_IBUF_BUFG_inst/O
                         net (fo=186, routed)         0.837     2.037    u_pl/CLK
    SLICE_X64Y72         FDRE                                         r  u_pl/vt1_reg/C
                         clock pessimism             -0.514     1.523    
    SLICE_X64Y72         FDRE (Hold_fdre_C_D)         0.075     1.598    u_pl/vt1_reg
  -------------------------------------------------------------------
                         required time                         -1.598    
                         arrival time                           1.728    
  -------------------------------------------------------------------
                         slack                                  0.130    





Pulse Width Checks
--------------------------------------------------------------------------------------
Clock Name:         sys_clk
Waveform(ns):       { 0.000 10.000 }
Period(ns):         20.000
Sources:            { sys_clk }

Check Type        Corner  Lib Pin            Reference Pin  Required(ns)  Actual(ns)  Slack(ns)  Location         Pin
Min Period        n/a     BUFG/I             n/a            1.592         20.000      18.408     BUFGCTRL_X0Y4    sys_clk_IBUF_BUFG_inst/I
Max Period        n/a     MMCME2_ADV/CLKIN1  n/a            100.000       20.000      80.000     MMCME2_ADV_X0Y0  u_idelay_clkgen/u_mmcm/CLKIN1
Low Pulse Width   Slow    MMCME2_ADV/CLKIN1  n/a            3.000         10.000      7.000      MMCME2_ADV_X0Y0  u_idelay_clkgen/u_mmcm/CLKIN1
High Pulse Width  Slow    MMCME2_ADV/CLKIN1  n/a            3.000         10.000      7.000      MMCME2_ADV_X0Y0  u_idelay_clkgen/u_mmcm/CLKIN1



---------------------------------------------------------------------------------------------------
From Clock:  clkfbout
  To Clock:  clkfbout

Setup :           NA  Failing Endpoints,  Worst Slack           NA  ,  Total Violation           NA
Hold  :           NA  Failing Endpoints,  Worst Slack           NA  ,  Total Violation           NA
PW    :            0  Failing Endpoints,  Worst Slack       18.408ns,  Total Violation        0.000ns
---------------------------------------------------------------------------------------------------


Pulse Width Checks
--------------------------------------------------------------------------------------
Clock Name:         clkfbout
Waveform(ns):       { 0.000 10.000 }
Period(ns):         20.000
Sources:            { u_idelay_clkgen/u_mmcm/CLKFBOUT }

Check Type  Corner  Lib Pin             Reference Pin  Required(ns)  Actual(ns)  Slack(ns)  Location         Pin
Min Period  n/a     BUFG/I              n/a            1.592         20.000      18.408     BUFGCTRL_X0Y5    u_idelay_clkgen/u_bufg_fb/I
Max Period  n/a     MMCME2_ADV/CLKFBIN  n/a            100.000       20.000      80.000     MMCME2_ADV_X0Y0  u_idelay_clkgen/u_mmcm/CLKFBIN



---------------------------------------------------------------------------------------------------
From Clock:  clkfbout_1
  To Clock:  clkfbout_1

Setup :           NA  Failing Endpoints,  Worst Slack           NA  ,  Total Violation           NA
Hold  :           NA  Failing Endpoints,  Worst Slack           NA  ,  Total Violation           NA
PW    :            0  Failing Endpoints,  Worst Slack       18.408ns,  Total Violation        0.000ns
---------------------------------------------------------------------------------------------------


Pulse Width Checks
--------------------------------------------------------------------------------------
Clock Name:         clkfbout_1
Waveform(ns):       { 0.000 10.000 }
Period(ns):         20.000
Sources:            { u_pl/u_clk/u_mmcm/CLKFBOUT }

Check Type  Corner  Lib Pin             Reference Pin  Required(ns)  Actual(ns)  Slack(ns)  Location         Pin
Min Period  n/a     BUFG/I              n/a            1.592         20.000      18.408     BUFGCTRL_X0Y6    u_pl/u_clk/u_bufg_fb/I
Max Period  n/a     MMCME2_ADV/CLKFBIN  n/a            100.000       20.000      80.000     MMCME2_ADV_X1Y0  u_pl/u_clk/u_mmcm/CLKFBIN



---------------------------------------------------------------------------------------------------
From Clock:  clkout0_1
  To Clock:  clkout0_1

Setup :            0  Failing Endpoints,  Worst Slack        1.199ns,  Total Violation        0.000ns
Hold  :            0  Failing Endpoints,  Worst Slack        0.079ns,  Total Violation        0.000ns
PW    :            0  Failing Endpoints,  Worst Slack        8.870ns,  Total Violation        0.000ns
---------------------------------------------------------------------------------------------------


Max Delay Paths
--------------------------------------------------------------------------------------
Slack (MET) :             1.199ns  (required time - arrival time)
  Source:                 u_pl/u_pipe/xd_reg[7][4]/C
                            (rising edge-triggered cell FDCE clocked by clkout0_1  {rise@0.000ns fall@10.000ns period=20.000ns})
  Destination:            u_pl/u_osd/r_reg[4]/D
                            (rising edge-triggered cell FDCE clocked by clkout0_1  {rise@0.000ns fall@10.000ns period=20.000ns})
  Path Group:             clkout0_1
  Path Type:              Setup (Max at Slow Process Corner)
  Requirement:            20.000ns  (clkout0_1 rise@20.000ns - clkout0_1 rise@0.000ns)
  Data Path Delay:        18.736ns  (logic 6.454ns (34.447%)  route 12.282ns (65.553%))
  Logic Levels:           28  (CARRY4=9 LUT2=2 LUT3=2 LUT4=3 LUT5=1 LUT6=11)
  Clock Path Skew:        -0.001ns (DCD - SCD + CPR)
    Destination Clock Delay (DCD):    4.410ns = ( 24.410 - 20.000 ) 
    Source Clock Delay      (SCD):    4.753ns
    Clock Pessimism Removal (CPR):    0.342ns
  Clock Uncertainty:      0.094ns  ((TSJ^2 + DJ^2)^1/2) / 2 + PE
    Total System Jitter     (TSJ):    0.071ns
    Discrete Jitter          (DJ):    0.175ns
    Phase Error              (PE):    0.000ns

    Location             Delay type                Incr(ns)  Path(ns)    Netlist Resource(s)
  -------------------------------------------------------------------    -------------------
                         (clock clkout0_1 rise edge)
                                                      0.000     0.000 r  
    W17                                               0.000     0.000 r  sys_clk (IN)
                         net (fo=0)                   0.000     0.000    sys_clk
    W17                  IBUF (Prop_ibuf_I_O)         1.415     1.415 r  sys_clk_IBUF_inst/O
                         net (fo=1, routed)           1.873     3.288    sys_clk_IBUF
    BUFGCTRL_X0Y4        BUFG (Prop_bufg_I_O)         0.085     3.373 r  sys_clk_IBUF_BUFG_inst/O
                         net (fo=186, routed)         1.550     4.923    u_pl/u_clk/CLK
    MMCME2_ADV_X1Y0      MMCME2_ADV (Prop_mmcme2_adv_CLKIN1_CLKOUT0)
                                                     -3.232     1.691 r  u_pl/u_clk/u_mmcm/CLKOUT0
                         net (fo=1, routed)           1.597     3.288    u_pl/u_clk/clkout0
    BUFGCTRL_X0Y0        BUFG (Prop_bufg_I_O)         0.085     3.373 r  u_pl/u_clk/u_bufg_pix/O
                         net (fo=4931, routed)        1.380     4.753    u_pl/u_pipe/clk_pix
    SLICE_X53Y95         FDCE                                         r  u_pl/u_pipe/xd_reg[7][4]/C
  -------------------------------------------------------------------    -------------------
    SLICE_X53Y95         FDCE (Prop_fdce_C_Q)         0.379     5.132 r  u_pl/u_pipe/xd_reg[7][4]/Q
                         net (fo=5, routed)           0.527     5.659    u_pl/u_pipe/xd_reg[7]_5[4]
    SLICE_X52Y95         CARRY4 (Prop_carry4_DI[1]_CO[3])
                                                      0.418     6.077 r  u_pl/u_pipe/r_reg[7]_i_36/CO[3]
                         net (fo=1, routed)           0.000     6.077    u_pl/u_pipe/r_reg[7]_i_36_n_0
    SLICE_X52Y96         CARRY4 (Prop_carry4_CI_O[1])
                                                      0.265     6.342 f  u_pl/u_pipe/g0_b0_i_288/O[1]
                         net (fo=20, routed)          0.430     6.772    u_pl/u_pipe/u_osd/lx[8]
    SLICE_X52Y98         LUT3 (Prop_lut3_I2_O)        0.250     7.022 r  u_pl/u_pipe/g0_b0_i_833/O
                         net (fo=4, routed)           0.603     7.625    u_pl/u_pipe/g0_b0_i_833_n_0
    SLICE_X51Y95         LUT4 (Prop_lut4_I3_O)        0.105     7.730 r  u_pl/u_pipe/g0_b0_i_837/O
                         net (fo=1, routed)           0.000     7.730    u_pl/u_pipe/g0_b0_i_837_n_0
    SLICE_X51Y95         CARRY4 (Prop_carry4_S[1]_CO[3])
                                                      0.457     8.187 r  u_pl/u_pipe/g0_b0_i_601/CO[3]
                         net (fo=1, routed)           0.000     8.187    u_pl/u_pipe/g0_b0_i_601_n_0
    SLICE_X51Y96         CARRY4 (Prop_carry4_CI_O[1])
                                                      0.265     8.452 r  u_pl/u_pipe/g0_b0_i_296/O[1]
                         net (fo=2, routed)           0.690     9.142    u_pl/u_pipe/g0_b0_i_296_n_6
    SLICE_X48Y96         LUT3 (Prop_lut3_I0_O)        0.264     9.406 r  u_pl/u_pipe/g0_b0_i_106/O
                         net (fo=2, routed)           0.462     9.867    u_pl/u_pipe/g0_b0_i_106_n_0
    SLICE_X49Y97         LUT4 (Prop_lut4_I3_O)        0.267    10.134 r  u_pl/u_pipe/g0_b0_i_110/O
                         net (fo=1, routed)           0.000    10.134    u_pl/u_pipe/g0_b0_i_110_n_0
    SLICE_X49Y97         CARRY4 (Prop_carry4_S[0]_CO[3])
                                                      0.440    10.574 r  u_pl/u_pipe/g0_b0_i_36/CO[3]
                         net (fo=1, routed)           0.000    10.574    u_pl/u_pipe/g0_b0_i_36_n_0
    SLICE_X49Y98         CARRY4 (Prop_carry4_CI_O[1])
                                                      0.265    10.839 r  u_pl/u_pipe/g0_b0_i_287/O[1]
                         net (fo=3, routed)           0.293    11.132    u_pl/u_pipe/g0_b0_i_287_n_6
    SLICE_X48Y98         LUT2 (Prop_lut2_I0_O)        0.250    11.382 r  u_pl/u_pipe/g0_b0_i_603/O
                         net (fo=1, routed)           0.000    11.382    u_pl/u_pipe/g0_b0_i_603_n_0
    SLICE_X48Y98         CARRY4 (Prop_carry4_S[1]_CO[3])
                                                      0.457    11.839 r  u_pl/u_pipe/g0_b0_i_286/CO[3]
                         net (fo=1, routed)           0.000    11.839    u_pl/u_pipe/g0_b0_i_286_n_0
    SLICE_X48Y99         CARRY4 (Prop_carry4_CI_O[0])
                                                      0.180    12.019 r  u_pl/u_pipe/g0_b0_i_100/O[0]
                         net (fo=36, routed)          0.646    12.665    u_pl/u_pipe/g0_b0_i_100_n_7
    SLICE_X47Y98         LUT4 (Prop_lut4_I2_O)        0.249    12.914 r  u_pl/u_pipe/g0_b0_i_293/O
                         net (fo=1, routed)           0.000    12.914    u_pl/u_pipe/g0_b0_i_293_n_0
    SLICE_X47Y98         CARRY4 (Prop_carry4_S[1]_CO[1])
                                                      0.408    13.322 f  u_pl/u_pipe/g0_b0_i_102/CO[1]
                         net (fo=35, routed)          0.742    14.064    u_pl/u_pipe/g0_b0_i_102_n_2
    SLICE_X51Y102        LUT6 (Prop_lut6_I4_O)        0.275    14.339 r  u_pl/u_pipe/g0_b0_i_112/O
                         net (fo=4, routed)           0.366    14.705    u_pl/u_pipe/g0_b0_i_112_n_0
    SLICE_X51Y102        LUT2 (Prop_lut2_I1_O)        0.105    14.810 f  u_pl/u_pipe/g0_b0_i_70/O
                         net (fo=59, routed)          0.910    15.720    u_pl/u_pipe/g0_b0_i_112_0
    SLICE_X39Y108        LUT6 (Prop_lut6_I0_O)        0.105    15.825 f  u_pl/u_pipe/g0_b0_i_350/O
                         net (fo=1, routed)           0.454    16.279    u_pl/u_pipe/g0_b0_i_350_n_0
    SLICE_X39Y108        LUT6 (Prop_lut6_I4_O)        0.105    16.384 r  u_pl/u_pipe/g0_b0_i_129/O
                         net (fo=1, routed)           0.993    17.377    u_pl/u_pipe/g0_b0_i_129_n_0
    SLICE_X49Y100        LUT6 (Prop_lut6_I4_O)        0.105    17.482 r  u_pl/u_pipe/g0_b0_i_44/O
                         net (fo=1, routed)           0.628    18.110    u_pl/u_pipe/g0_b0_i_44_n_0
    SLICE_X49Y94         LUT6 (Prop_lut6_I3_O)        0.105    18.215 r  u_pl/u_pipe/g0_b0_i_22/O
                         net (fo=13, routed)          0.805    19.020    u_pl/u_osd/chars[3]
    SLICE_X51Y91         LUT6 (Prop_lut6_I0_O)        0.105    19.125 r  u_pl/u_osd/g0_b0_i_16/O
                         net (fo=1, routed)           0.626    19.752    u_pl/u_osd/g0_b0_i_16_n_0
    SLICE_X51Y88         LUT5 (Prop_lut5_I2_O)        0.105    19.857 r  u_pl/u_osd/g0_b0_i_4/O
                         net (fo=35, routed)          1.045    20.901    u_pl/u_osd_n_191
    SLICE_X52Y84         LUT6 (Prop_lut6_I3_O)        0.105    21.006 r  u_pl/g0_b1/O
                         net (fo=1, routed)           0.510    21.516    u_pl/u_pipe/r[7]_i_4_0[1]
    SLICE_X52Y84         LUT6 (Prop_lut6_I1_O)        0.105    21.621 r  u_pl/u_pipe/r[7]_i_27/O
                         net (fo=1, routed)           0.243    21.864    u_pl/u_pipe/r[7]_i_27_n_0
    SLICE_X52Y86         LUT6 (Prop_lut6_I3_O)        0.105    21.969 f  u_pl/u_pipe/r[7]_i_10/O
                         net (fo=1, routed)           0.551    22.521    u_pl/u_pipe/r[7]_i_10_n_0
    SLICE_X52Y86         LUT6 (Prop_lut6_I0_O)        0.105    22.626 f  u_pl/u_pipe/r[7]_i_3/O
                         net (fo=19, routed)          0.758    23.384    u_pl/u_pipe/u_sobel/b_reg[2]
    SLICE_X60Y85         LUT6 (Prop_lut6_I2_O)        0.105    23.489 r  u_pl/u_pipe/u_sobel/r[4]_i_1/O
                         net (fo=1, routed)           0.000    23.489    u_pl/u_osd/r_reg[7]_0[2]
    SLICE_X60Y85         FDCE                                         r  u_pl/u_osd/r_reg[4]/D
  -------------------------------------------------------------------    -------------------

                         (clock clkout0_1 rise edge)
                                                     20.000    20.000 r  
    W17                                               0.000    20.000 r  sys_clk (IN)
                         net (fo=0)                   0.000    20.000    sys_clk
    W17                  IBUF (Prop_ibuf_I_O)         1.349    21.349 r  sys_clk_IBUF_inst/O
                         net (fo=1, routed)           1.701    23.050    sys_clk_IBUF
    BUFGCTRL_X0Y4        BUFG (Prop_bufg_I_O)         0.077    23.127 r  sys_clk_IBUF_BUFG_inst/O
                         net (fo=186, routed)         1.384    24.511    u_pl/u_clk/CLK
    MMCME2_ADV_X1Y0      MMCME2_ADV (Prop_mmcme2_adv_CLKIN1_CLKOUT0)
                                                     -2.915    21.596 r  u_pl/u_clk/u_mmcm/CLKOUT0
                         net (fo=1, routed)           1.454    23.050    u_pl/u_clk/clkout0
    BUFGCTRL_X0Y0        BUFG (Prop_bufg_I_O)         0.077    23.127 r  u_pl/u_clk/u_bufg_pix/O
                         net (fo=4931, routed)        1.283    24.410    u_pl/u_osd/clk_pix
    SLICE_X60Y85         FDCE                                         r  u_pl/u_osd/r_reg[4]/C
                         clock pessimism              0.342    24.752    
                         clock uncertainty           -0.094    24.658    
    SLICE_X60Y85         FDCE (Setup_fdce_C_D)        0.030    24.688    u_pl/u_osd/r_reg[4]
  -------------------------------------------------------------------
                         required time                         24.688    
                         arrival time                         -23.489    
  -------------------------------------------------------------------
                         slack                                  1.199    





Min Delay Paths
--------------------------------------------------------------------------------------
Slack (MET) :             0.079ns  (arrival time - required time)
  Source:                 u_pl/u_pipe/xd_reg[5][3]/C
                            (rising edge-triggered cell FDCE clocked by clkout0_1  {rise@0.000ns fall@10.000ns period=20.000ns})
  Destination:            u_pl/u_pipe/u_sharp/lb1_reg_0_255_8_8/RAMS64E_A/ADR3
                            (rising edge-triggered cell RAMS64E clocked by clkout0_1  {rise@0.000ns fall@10.000ns period=20.000ns})
  Path Group:             clkout0_1
  Path Type:              Hold (Min at Fast Process Corner)
  Requirement:            0.000ns  (clkout0_1 rise@0.000ns - clkout0_1 rise@0.000ns)
  Data Path Delay:        0.334ns  (logic 0.141ns (42.212%)  route 0.193ns (57.788%))
  Logic Levels:           0  
  Clock Path Skew:        0.015ns (DCD - SCD - CPR)
    Destination Clock Delay (DCD):    2.131ns
    Source Clock Delay      (SCD):    1.611ns
    Clock Pessimism Removal (CPR):    0.505ns

    Location             Delay type                Incr(ns)  Path(ns)    Netlist Resource(s)
  -------------------------------------------------------------------    -------------------
                         (clock clkout0_1 rise edge)
                                                      0.000     0.000 r  
    W17                                               0.000     0.000 r  sys_clk (IN)
                         net (fo=0)                   0.000     0.000    sys_clk
    W17                  IBUF (Prop_ibuf_I_O)         0.252     0.252 r  sys_clk_IBUF_inst/O
                         net (fo=1, routed)           0.674     0.926    sys_clk_IBUF
    BUFGCTRL_X0Y4        BUFG (Prop_bufg_I_O)         0.026     0.952 r  sys_clk_IBUF_BUFG_inst/O
                         net (fo=186, routed)         0.595     1.547    u_pl/u_clk/CLK
    MMCME2_ADV_X1Y0      MMCME2_ADV (Prop_mmcme2_adv_CLKIN1_CLKOUT0)
                                                     -1.150     0.397 r  u_pl/u_clk/u_mmcm/CLKOUT0
                         net (fo=1, routed)           0.529     0.926    u_pl/u_clk/clkout0
    BUFGCTRL_X0Y0        BUFG (Prop_bufg_I_O)         0.026     0.952 r  u_pl/u_clk/u_bufg_pix/O
                         net (fo=4931, routed)        0.659     1.611    u_pl/u_pipe/clk_pix
    SLICE_X60Y115        FDCE                                         r  u_pl/u_pipe/xd_reg[5][3]/C
  -------------------------------------------------------------------    -------------------
    SLICE_X60Y115        FDCE (Prop_fdce_C_Q)         0.141     1.752 r  u_pl/u_pipe/xd_reg[5][3]/Q
                         net (fo=132, routed)         0.193     1.945    u_pl/u_pipe/u_sharp/lb1_reg_0_255_8_8/A3
    SLICE_X62Y114        RAMS64E                                      r  u_pl/u_pipe/u_sharp/lb1_reg_0_255_8_8/RAMS64E_A/ADR3
  -------------------------------------------------------------------    -------------------

                         (clock clkout0_1 rise edge)
                                                      0.000     0.000 r  
    W17                                               0.000     0.000 r  sys_clk (IN)
                         net (fo=0)                   0.000     0.000    sys_clk
    W17                  IBUF (Prop_ibuf_I_O)         0.440     0.440 r  sys_clk_IBUF_inst/O
                         net (fo=1, routed)           0.731     1.171    sys_clk_IBUF
    BUFGCTRL_X0Y4        BUFG (Prop_bufg_I_O)         0.029     1.200 r  sys_clk_IBUF_BUFG_inst/O
                         net (fo=186, routed)         0.862     2.062    u_pl/u_clk/CLK
    MMCME2_ADV_X1Y0      MMCME2_ADV (Prop_mmcme2_adv_CLKIN1_CLKOUT0)
                                                     -1.467     0.595 r  u_pl/u_clk/u_mmcm/CLKOUT0
                         net (fo=1, routed)           0.576     1.171    u_pl/u_clk/clkout0
    BUFGCTRL_X0Y0        BUFG (Prop_bufg_I_O)         0.029     1.200 r  u_pl/u_clk/u_bufg_pix/O
                         net (fo=4931, routed)        0.931     2.131    u_pl/u_pipe/u_sharp/lb1_reg_0_255_8_8/WCLK
    SLICE_X62Y114        RAMS64E                                      r  u_pl/u_pipe/u_sharp/lb1_reg_0_255_8_8/RAMS64E_A/CLK
                         clock pessimism             -0.505     1.626    
    SLICE_X62Y114        RAMS64E (Hold_rams64e_CLK_ADR3)
                                                      0.240     1.866    u_pl/u_pipe/u_sharp/lb1_reg_0_255_8_8/RAMS64E_A
  -------------------------------------------------------------------
                         required time                         -1.866    
                         arrival time                           1.945    
  -------------------------------------------------------------------
                         slack                                  0.079    





Pulse Width Checks
--------------------------------------------------------------------------------------
Clock Name:         clkout0_1
Waveform(ns):       { 0.000 10.000 }
Period(ns):         20.000
Sources:            { u_pl/u_clk/u_mmcm/CLKOUT0 }

Check Type        Corner  Lib Pin             Reference Pin  Required(ns)  Actual(ns)  Slack(ns)  Location         Pin
Min Period        n/a     DSP48E1/CLK         n/a            3.272         20.000      16.728     DSP48_X0Y19      u_pl/u_zmap/yr_m_reg/CLK
Max Period        n/a     MMCME2_ADV/CLKOUT0  n/a            213.360       20.000      193.360    MMCME2_ADV_X1Y0  u_pl/u_clk/u_mmcm/CLKOUT0
Low Pulse Width   Slow    RAMS64E/CLK         n/a            1.130         10.000      8.870      SLICE_X46Y100    u_pl/u_pipe/u_blur/lb1_reg_0_255_0_0/RAMS64E_A/CLK
High Pulse Width  Slow    RAMS64E/CLK         n/a            1.130         10.000      8.870      SLICE_X46Y100    u_pl/u_pipe/u_blur/lb1_reg_0_255_0_0/RAMS64E_A/CLK



---------------------------------------------------------------------------------------------------
From Clock:  clkout1_1
  To Clock:  clkout1_1

Setup :           NA  Failing Endpoints,  Worst Slack           NA  ,  Total Violation           NA
Hold  :           NA  Failing Endpoints,  Worst Slack           NA  ,  Total Violation           NA
PW    :            0  Failing Endpoints,  Worst Slack        2.408ns,  Total Violation        0.000ns
---------------------------------------------------------------------------------------------------


Pulse Width Checks
--------------------------------------------------------------------------------------
Clock Name:         clkout1_1
Waveform(ns):       { 0.000 2.000 }
Period(ns):         4.000
Sources:            { u_pl/u_clk/u_mmcm/CLKOUT1 }

Check Type  Corner  Lib Pin             Reference Pin  Required(ns)  Actual(ns)  Slack(ns)  Location         Pin
Min Period  n/a     BUFG/I              n/a            1.592         4.000       2.408      BUFGCTRL_X0Y2    u_pl/u_clk/u_bufg_5x/I
Max Period  n/a     MMCME2_ADV/CLKOUT1  n/a            213.360       4.000       209.360    MMCME2_ADV_X1Y0  u_pl/u_clk/u_mmcm/CLKOUT1



---------------------------------------------------------------------------------------------------
From Clock:  clkout2
  To Clock:  clkout2

Setup :           NA  Failing Endpoints,  Worst Slack           NA  ,  Total Violation           NA
Hold  :           NA  Failing Endpoints,  Worst Slack           NA  ,  Total Violation           NA
PW    :            0  Failing Endpoints,  Worst Slack        0.264ns,  Total Violation        0.000ns
---------------------------------------------------------------------------------------------------


Pulse Width Checks
--------------------------------------------------------------------------------------
Clock Name:         clkout2
Waveform(ns):       { 0.000 2.500 }
Period(ns):         5.000
Sources:            { u_idelay_clkgen/u_mmcm/CLKOUT2 }

Check Type  Corner  Lib Pin            Reference Pin  Required(ns)  Actual(ns)  Slack(ns)  Location         Pin
Min Period  n/a     IDELAYCTRL/REFCLK  n/a            2.438         5.000       2.562      IDELAYCTRL_X1Y0  u_eth/u_rgmii/u_rgmii_rx/IDELAYCTRL_inst/REFCLK
Max Period  n/a     IDELAYCTRL/REFCLK  n/a            5.264         5.000       0.264      IDELAYCTRL_X1Y0  u_eth/u_rgmii/u_rgmii_rx/IDELAYCTRL_inst/REFCLK



---------------------------------------------------------------------------------------------------
From Clock:  clkout0_1
  To Clock:  sys_clk

Setup :            0  Failing Endpoints,  Worst Slack       14.385ns,  Total Violation        0.000ns
Hold  :            0  Failing Endpoints,  Worst Slack        0.255ns,  Total Violation        0.000ns
---------------------------------------------------------------------------------------------------


Max Delay Paths
--------------------------------------------------------------------------------------
Slack (MET) :             14.385ns  (required time - arrival time)
  Source:                 u_pl/u_split_x/bus_q_reg[17]/C
                            (rising edge-triggered cell FDCE clocked by clkout0_1  {rise@0.000ns fall@10.000ns period=20.000ns})
  Destination:            u_pl/u_ang/angle_reg[6]/D
                            (rising edge-triggered cell FDRE clocked by sys_clk  {rise@0.000ns fall@10.000ns period=20.000ns})
  Path Group:             sys_clk
  Path Type:              Setup (Max at Slow Process Corner)
  Requirement:            20.000ns  (sys_clk rise@20.000ns - clkout0_1 rise@0.000ns)
  Data Path Delay:        5.122ns  (logic 1.584ns (30.926%)  route 3.538ns (69.074%))
  Logic Levels:           7  (CARRY4=2 LUT2=1 LUT5=2 LUT6=2)
  Clock Path Skew:        -0.175ns (DCD - SCD + CPR)
    Destination Clock Delay (DCD):    4.513ns = ( 24.513 - 20.000 ) 
    Source Clock Delay      (SCD):    4.934ns
    Clock Pessimism Removal (CPR):    0.246ns
  Clock Uncertainty:      0.259ns  ((TSJ^2 + DJ^2)^1/2) / 2 + PE
    Total System Jitter     (TSJ):    0.071ns
    Discrete Jitter          (DJ):    0.175ns
    Phase Error              (PE):    0.165ns

    Location             Delay type                Incr(ns)  Path(ns)    Netlist Resource(s)
  -------------------------------------------------------------------    -------------------
                         (clock clkout0_1 rise edge)
                                                      0.000     0.000 r  
    W17                                               0.000     0.000 r  sys_clk (IN)
                         net (fo=0)                   0.000     0.000    sys_clk
    W17                  IBUF (Prop_ibuf_I_O)         1.415     1.415 r  sys_clk_IBUF_inst/O
                         net (fo=1, routed)           1.873     3.288    sys_clk_IBUF
    BUFGCTRL_X0Y4        BUFG (Prop_bufg_I_O)         0.085     3.373 r  sys_clk_IBUF_BUFG_inst/O
                         net (fo=186, routed)         1.550     4.923    u_pl/u_clk/CLK
    MMCME2_ADV_X1Y0      MMCME2_ADV (Prop_mmcme2_adv_CLKIN1_CLKOUT0)
                                                     -3.232     1.691 r  u_pl/u_clk/u_mmcm/CLKOUT0
                         net (fo=1, routed)           1.597     3.288    u_pl/u_clk/clkout0
    BUFGCTRL_X0Y0        BUFG (Prop_bufg_I_O)         0.085     3.373 r  u_pl/u_clk/u_bufg_pix/O
                         net (fo=4931, routed)        1.561     4.934    u_pl/u_split_x/clk_pix
    SLICE_X43Y107        FDCE                                         r  u_pl/u_split_x/bus_q_reg[17]/C
  -------------------------------------------------------------------    -------------------
    SLICE_X43Y107        FDCE (Prop_fdce_C_Q)         0.379     5.313 r  u_pl/u_split_x/bus_q_reg[17]/Q
                         net (fo=2, routed)           1.055     6.368    u_pl/u_ang/bus_q[2]
    SLICE_X41Y113        LUT2 (Prop_lut2_I1_O)        0.105     6.473 r  u_pl/u_ang/angle[3]_i_6/O
                         net (fo=1, routed)           0.000     6.473    u_pl/u_ang/angle[3]_i_6_n_0
    SLICE_X41Y113        CARRY4 (Prop_carry4_S[2]_CO[3])
                                                      0.332     6.805 r  u_pl/u_ang/angle_reg[3]_i_2/CO[3]
                         net (fo=1, routed)           0.000     6.805    u_pl/u_ang/angle_reg[3]_i_2_n_0
    SLICE_X41Y114        CARRY4 (Prop_carry4_CI_O[2])
                                                      0.200     7.005 r  u_pl/u_ang/angle_reg[7]_i_4/O[2]
                         net (fo=4, routed)           0.801     7.806    u_pl/u_ang/angle_reg[7]_i_4_n_5
    SLICE_X39Y115        LUT6 (Prop_lut6_I4_O)        0.253     8.059 r  u_pl/u_ang/angle[3]_i_3/O
                         net (fo=4, routed)           0.822     8.880    u_pl/u_ang/angle[3]_i_3_n_0
    SLICE_X40Y115        LUT6 (Prop_lut6_I5_O)        0.105     8.985 r  u_pl/u_ang/angle[6]_i_5/O
                         net (fo=1, routed)           0.124     9.110    u_pl/u_ang/angle[6]_i_5_n_0
    SLICE_X40Y115        LUT5 (Prop_lut5_I4_O)        0.105     9.215 r  u_pl/u_ang/angle[6]_i_3/O
                         net (fo=1, routed)           0.218     9.433    u_pl/u_ang/angle[6]_i_3_n_0
    SLICE_X40Y115        LUT5 (Prop_lut5_I4_O)        0.105     9.538 r  u_pl/u_ang/angle[6]_i_1/O
                         net (fo=1, routed)           0.518    10.056    u_pl/u_ang/p_1_in__0[6]
    SLICE_X40Y115        FDRE                                         r  u_pl/u_ang/angle_reg[6]/D
  -------------------------------------------------------------------    -------------------

                         (clock sys_clk rise edge)   20.000    20.000 r  
    W17                                               0.000    20.000 r  sys_clk (IN)
                         net (fo=0)                   0.000    20.000    sys_clk
    W17                  IBUF (Prop_ibuf_I_O)         1.349    21.349 r  sys_clk_IBUF_inst/O
                         net (fo=1, routed)           1.701    23.050    sys_clk_IBUF
    BUFGCTRL_X0Y4        BUFG (Prop_bufg_I_O)         0.077    23.127 r  sys_clk_IBUF_BUFG_inst/O
                         net (fo=186, routed)         1.386    24.513    u_pl/u_ang/CLK
    SLICE_X40Y115        FDRE                                         r  u_pl/u_ang/angle_reg[6]/C
                         clock pessimism              0.246    24.759    
                         clock uncertainty           -0.259    24.500    
    SLICE_X40Y115        FDRE (Setup_fdre_C_D)       -0.059    24.441    u_pl/u_ang/angle_reg[6]
  -------------------------------------------------------------------
                         required time                         24.441    
                         arrival time                         -10.056    
  -------------------------------------------------------------------
                         slack                                 14.385    





Min Delay Paths
--------------------------------------------------------------------------------------
Slack (MET) :             0.255ns  (arrival time - required time)
  Source:                 u_pl/rot_fs_tog_reg/C
                            (rising edge-triggered cell FDCE clocked by clkout0_1  {rise@0.000ns fall@10.000ns period=20.000ns})
  Destination:            u_pl/u_ang/fs_s_reg[0]/D
                            (rising edge-triggered cell FDRE clocked by sys_clk  {rise@0.000ns fall@10.000ns period=20.000ns})
  Path Group:             sys_clk
  Path Type:              Hold (Min at Fast Process Corner)
  Requirement:            0.000ns  (sys_clk rise@0.000ns - clkout0_1 rise@0.000ns)
  Data Path Delay:        0.860ns  (logic 0.164ns (19.080%)  route 0.696ns (80.920%))
  Logic Levels:           0  
  Clock Path Skew:        0.270ns (DCD - SCD - CPR)
    Destination Clock Delay (DCD):    2.108ns
    Source Clock Delay      (SCD):    1.590ns
    Clock Pessimism Removal (CPR):    0.248ns
  Clock Uncertainty:      0.259ns  ((TSJ^2 + DJ^2)^1/2) / 2 + PE
    Total System Jitter     (TSJ):    0.071ns
    Discrete Jitter          (DJ):    0.175ns
    Phase Error              (PE):    0.165ns

    Location             Delay type                Incr(ns)  Path(ns)    Netlist Resource(s)
  -------------------------------------------------------------------    -------------------
                         (clock clkout0_1 rise edge)
                                                      0.000     0.000 r  
    W17                                               0.000     0.000 r  sys_clk (IN)
                         net (fo=0)                   0.000     0.000    sys_clk
    W17                  IBUF (Prop_ibuf_I_O)         0.252     0.252 r  sys_clk_IBUF_inst/O
                         net (fo=1, routed)           0.674     0.926    sys_clk_IBUF
    BUFGCTRL_X0Y4        BUFG (Prop_bufg_I_O)         0.026     0.952 r  sys_clk_IBUF_BUFG_inst/O
                         net (fo=186, routed)         0.595     1.547    u_pl/u_clk/CLK
    MMCME2_ADV_X1Y0      MMCME2_ADV (Prop_mmcme2_adv_CLKIN1_CLKOUT0)
                                                     -1.150     0.397 r  u_pl/u_clk/u_mmcm/CLKOUT0
                         net (fo=1, routed)           0.529     0.926    u_pl/u_clk/clkout0
    BUFGCTRL_X0Y0        BUFG (Prop_bufg_I_O)         0.026     0.952 r  u_pl/u_clk/u_bufg_pix/O
                         net (fo=4931, routed)        0.638     1.590    u_pl/clk_pix
    SLICE_X42Y111        FDCE                                         r  u_pl/rot_fs_tog_reg/C
  -------------------------------------------------------------------    -------------------
    SLICE_X42Y111        FDCE (Prop_fdce_C_Q)         0.164     1.754 r  u_pl/rot_fs_tog_reg/Q
                         net (fo=2, routed)           0.696     2.450    u_pl/u_ang/rot_fs_tog
    SLICE_X42Y112        FDRE                                         r  u_pl/u_ang/fs_s_reg[0]/D
  -------------------------------------------------------------------    -------------------

                         (clock sys_clk rise edge)    0.000     0.000 r  
    W17                                               0.000     0.000 r  sys_clk (IN)
                         net (fo=0)                   0.000     0.000    sys_clk
    W17                  IBUF (Prop_ibuf_I_O)         0.440     0.440 r  sys_clk_IBUF_inst/O
                         net (fo=1, routed)           0.731     1.171    sys_clk_IBUF
    BUFGCTRL_X0Y4        BUFG (Prop_bufg_I_O)         0.029     1.200 r  sys_clk_IBUF_BUFG_inst/O
                         net (fo=186, routed)         0.908     2.108    u_pl/u_ang/CLK
    SLICE_X42Y112        FDRE                                         r  u_pl/u_ang/fs_s_reg[0]/C
                         clock pessimism             -0.248     1.860    
                         clock uncertainty            0.259     2.119    
    SLICE_X42Y112        FDRE (Hold_fdre_C_D)         0.075     2.194    u_pl/u_ang/fs_s_reg[0]
  -------------------------------------------------------------------
                         required time                         -2.194    
                         arrival time                           2.450    
  -------------------------------------------------------------------
                         slack                                  0.255    





---------------------------------------------------------------------------------------------------
From Clock:  sys_clk
  To Clock:  clkout0_1

Setup :            0  Failing Endpoints,  Worst Slack        5.037ns,  Total Violation        0.000ns
Hold  :            0  Failing Endpoints,  Worst Slack        0.315ns,  Total Violation        0.000ns
---------------------------------------------------------------------------------------------------


Max Delay Paths
--------------------------------------------------------------------------------------
Slack (MET) :             5.037ns  (required time - arrival time)
  Source:                 u_pl/u_ang/angle_reg[2]/C
                            (rising edge-triggered cell FDRE clocked by sys_clk  {rise@0.000ns fall@10.000ns period=20.000ns})
  Destination:            u_pl/u_osd/r_reg[4]/D
                            (rising edge-triggered cell FDCE clocked by clkout0_1  {rise@0.000ns fall@10.000ns period=20.000ns})
  Path Group:             clkout0_1
  Path Type:              Setup (Max at Slow Process Corner)
  Requirement:            20.000ns  (clkout0_1 rise@20.000ns - sys_clk rise@0.000ns)
  Data Path Delay:        14.461ns  (logic 4.251ns (29.395%)  route 10.210ns (70.605%))
  Logic Levels:           20  (CARRY4=4 LUT2=1 LUT3=1 LUT4=2 LUT5=2 LUT6=10)
  Clock Path Skew:        -0.272ns (DCD - SCD + CPR)
    Destination Clock Delay (DCD):    4.410ns = ( 24.410 - 20.000 ) 
    Source Clock Delay      (SCD):    4.928ns
    Clock Pessimism Removal (CPR):    0.246ns
  Clock Uncertainty:      0.259ns  ((TSJ^2 + DJ^2)^1/2) / 2 + PE
    Total System Jitter     (TSJ):    0.071ns
    Discrete Jitter          (DJ):    0.175ns
    Phase Error              (PE):    0.165ns

    Location             Delay type                Incr(ns)  Path(ns)    Netlist Resource(s)
  -------------------------------------------------------------------    -------------------
                         (clock sys_clk rise edge)    0.000     0.000 r  
    W17                                               0.000     0.000 r  sys_clk (IN)
                         net (fo=0)                   0.000     0.000    sys_clk
    W17                  IBUF (Prop_ibuf_I_O)         1.415     1.415 r  sys_clk_IBUF_inst/O
                         net (fo=1, routed)           1.873     3.288    sys_clk_IBUF
    BUFGCTRL_X0Y4        BUFG (Prop_bufg_I_O)         0.085     3.373 r  sys_clk_IBUF_BUFG_inst/O
                         net (fo=186, routed)         1.555     4.928    u_pl/u_ang/CLK
    SLICE_X42Y114        FDRE                                         r  u_pl/u_ang/angle_reg[2]/C
  -------------------------------------------------------------------    -------------------
    SLICE_X42Y114        FDRE (Prop_fdre_C_Q)         0.433     5.361 r  u_pl/u_ang/angle_reg[2]/Q
                         net (fo=203, routed)         0.765     6.126    u_pl/u_ang/angle_reg_n_0_[2]
    SLICE_X39Y109        LUT2 (Prop_lut2_I0_O)        0.105     6.231 r  u_pl/u_ang/g0_b0_i_905/O
                         net (fo=1, routed)           0.000     6.231    u_pl/u_ang/g0_b0_i_905_n_0
    SLICE_X39Y109        CARRY4 (Prop_carry4_S[1]_CO[3])
                                                      0.457     6.688 r  u_pl/u_ang/g0_b0_i_818/CO[3]
                         net (fo=1, routed)           0.000     6.688    u_pl/u_ang/g0_b0_i_818_n_0
    SLICE_X39Y110        CARRY4 (Prop_carry4_CI_CO[3])
                                                      0.098     6.786 r  u_pl/u_ang/g0_b0_i_586/CO[3]
                         net (fo=1, routed)           0.000     6.786    u_pl/u_ang/g0_b0_i_586_n_0
    SLICE_X39Y111        CARRY4 (Prop_carry4_CI_O[1])
                                                      0.265     7.051 r  u_pl/u_ang/g0_b0_i_274/O[1]
                         net (fo=15, routed)          0.737     7.788    u_pl/u_ang/g0_b0_i_274_n_6
    SLICE_X40Y110        LUT3 (Prop_lut3_I0_O)        0.264     8.052 r  u_pl/u_ang/g0_b0_i_589/O
                         net (fo=2, routed)           0.351     8.404    u_pl/u_ang/g0_b0_i_589_n_0
    SLICE_X40Y110        LUT5 (Prop_lut5_I0_O)        0.267     8.671 r  u_pl/u_ang/g0_b0_i_592/O
                         net (fo=1, routed)           0.000     8.671    u_pl/u_ang/g0_b0_i_592_n_0
    SLICE_X40Y110        CARRY4 (Prop_carry4_S[1]_CO[2])
                                                      0.475     9.146 r  u_pl/u_ang/g0_b0_i_275/CO[2]
                         net (fo=7, routed)           0.546     9.691    u_pl/u_ang/g0_b0_i_275_n_1
    SLICE_X41Y109        LUT4 (Prop_lut4_I3_O)        0.281     9.972 f  u_pl/u_ang/g0_b0_i_97/O
                         net (fo=41, routed)          1.042    11.014    u_pl/u_ang/angle_reg[8]_0
    SLICE_X41Y104        LUT4 (Prop_lut4_I2_O)        0.289    11.303 f  u_pl/u_ang/g0_b0_i_782/O
                         net (fo=1, routed)           0.813    12.116    u_pl/u_zctrl/g0_b0_i_197
    SLICE_X40Y106        LUT6 (Prop_lut6_I3_O)        0.267    12.383 f  u_pl/u_zctrl/g0_b0_i_490/O
                         net (fo=1, routed)           0.241    12.624    u_pl/u_pipe/g0_b0_i_67_1
    SLICE_X40Y104        LUT6 (Prop_lut6_I4_O)        0.105    12.729 f  u_pl/u_pipe/g0_b0_i_197/O
                         net (fo=1, routed)           0.504    13.232    u_pl/u_pipe/g0_b0_i_197_n_0
    SLICE_X45Y97         LUT6 (Prop_lut6_I5_O)        0.105    13.337 f  u_pl/u_pipe/g0_b0_i_67/O
                         net (fo=1, routed)           0.596    13.933    u_pl/u_pipe/g0_b0_i_67_n_0
    SLICE_X48Y95         LUT6 (Prop_lut6_I3_O)        0.105    14.038 f  u_pl/u_pipe/g0_b0_i_27/O
                         net (fo=13, routed)          0.925    14.963    u_pl/u_osd/chars[0]
    SLICE_X49Y91         LUT6 (Prop_lut6_I1_O)        0.105    15.068 r  u_pl/u_osd/g0_b0_i_11/O
                         net (fo=3, routed)           0.684    15.752    u_pl/u_osd/g0_b0_i_11_n_0
    SLICE_X51Y88         LUT5 (Prop_lut5_I0_O)        0.105    15.857 r  u_pl/u_osd/g0_b0_i_2/O
                         net (fo=35, routed)          0.859    16.716    u_pl/u_osd_n_189
    SLICE_X52Y88         LUT6 (Prop_lut6_I1_O)        0.105    16.821 r  u_pl/g0_b0/O
                         net (fo=1, routed)           0.552    17.373    u_pl/u_pipe/r[7]_i_4_0[0]
    SLICE_X52Y88         LUT6 (Prop_lut6_I0_O)        0.105    17.478 f  u_pl/u_pipe/r[7]_i_28/O
                         net (fo=1, routed)           0.481    17.960    u_pl/u_pipe/r[7]_i_28_n_0
    SLICE_X52Y86         LUT6 (Prop_lut6_I3_O)        0.105    18.065 f  u_pl/u_pipe/r[7]_i_11/O
                         net (fo=1, routed)           0.357    18.421    u_pl/u_pipe/r[7]_i_11_n_0
    SLICE_X52Y86         LUT6 (Prop_lut6_I1_O)        0.105    18.526 f  u_pl/u_pipe/r[7]_i_3/O
                         net (fo=19, routed)          0.758    19.285    u_pl/u_pipe/u_sobel/b_reg[2]
    SLICE_X60Y85         LUT6 (Prop_lut6_I2_O)        0.105    19.390 r  u_pl/u_pipe/u_sobel/r[4]_i_1/O
                         net (fo=1, routed)           0.000    19.390    u_pl/u_osd/r_reg[7]_0[2]
    SLICE_X60Y85         FDCE                                         r  u_pl/u_osd/r_reg[4]/D
  -------------------------------------------------------------------    -------------------

                         (clock clkout0_1 rise edge)
                                                     20.000    20.000 r  
    W17                                               0.000    20.000 r  sys_clk (IN)
                         net (fo=0)                   0.000    20.000    sys_clk
    W17                  IBUF (Prop_ibuf_I_O)         1.349    21.349 r  sys_clk_IBUF_inst/O
                         net (fo=1, routed)           1.701    23.050    sys_clk_IBUF
    BUFGCTRL_X0Y4        BUFG (Prop_bufg_I_O)         0.077    23.127 r  sys_clk_IBUF_BUFG_inst/O
                         net (fo=186, routed)         1.384    24.511    u_pl/u_clk/CLK
    MMCME2_ADV_X1Y0      MMCME2_ADV (Prop_mmcme2_adv_CLKIN1_CLKOUT0)
                                                     -2.915    21.596 r  u_pl/u_clk/u_mmcm/CLKOUT0
                         net (fo=1, routed)           1.454    23.050    u_pl/u_clk/clkout0
    BUFGCTRL_X0Y0        BUFG (Prop_bufg_I_O)         0.077    23.127 r  u_pl/u_clk/u_bufg_pix/O
                         net (fo=4931, routed)        1.283    24.410    u_pl/u_osd/clk_pix
    SLICE_X60Y85         FDCE                                         r  u_pl/u_osd/r_reg[4]/C
                         clock pessimism              0.246    24.656    
                         clock uncertainty           -0.259    24.397    
    SLICE_X60Y85         FDCE (Setup_fdce_C_D)        0.030    24.427    u_pl/u_osd/r_reg[4]
  -------------------------------------------------------------------
                         required time                         24.427    
                         arrival time                         -19.390    
  -------------------------------------------------------------------
                         slack                                  5.037    





Min Delay Paths
--------------------------------------------------------------------------------------
Slack (MET) :             0.315ns  (arrival time - required time)
  Source:                 u_pl/u_k1l/tog_reg/C
                            (rising edge-triggered cell FDRE clocked by sys_clk  {rise@0.000ns fall@10.000ns period=20.000ns})
  Destination:            u_pl/u_mode/lsync_reg[0]/D
                            (rising edge-triggered cell FDCE clocked by clkout0_1  {rise@0.000ns fall@10.000ns period=20.000ns})
  Path Group:             clkout0_1
  Path Type:              Hold (Min at Fast Process Corner)
  Requirement:            0.000ns  (clkout0_1 rise@0.000ns - sys_clk rise@0.000ns)
  Data Path Delay:        0.855ns  (logic 0.148ns (17.301%)  route 0.707ns (82.699%))
  Logic Levels:           0  
  Clock Path Skew:        0.273ns (DCD - SCD - CPR)
    Destination Clock Delay (DCD):    2.107ns
    Source Clock Delay      (SCD):    1.586ns
    Clock Pessimism Removal (CPR):    0.248ns
  Clock Uncertainty:      0.259ns  ((TSJ^2 + DJ^2)^1/2) / 2 + PE
    Total System Jitter     (TSJ):    0.071ns
    Discrete Jitter          (DJ):    0.175ns
    Phase Error              (PE):    0.165ns

    Location             Delay type                Incr(ns)  Path(ns)    Netlist Resource(s)
  -------------------------------------------------------------------    -------------------
                         (clock sys_clk rise edge)    0.000     0.000 r  
    W17                                               0.000     0.000 r  sys_clk (IN)
                         net (fo=0)                   0.000     0.000    sys_clk
    W17                  IBUF (Prop_ibuf_I_O)         0.252     0.252 r  sys_clk_IBUF_inst/O
                         net (fo=1, routed)           0.674     0.926    sys_clk_IBUF
    BUFGCTRL_X0Y4        BUFG (Prop_bufg_I_O)         0.026     0.952 r  sys_clk_IBUF_BUFG_inst/O
                         net (fo=186, routed)         0.634     1.586    u_pl/u_k1l/CLK
    SLICE_X42Y117        FDRE                                         r  u_pl/u_k1l/tog_reg/C
  -------------------------------------------------------------------    -------------------
    SLICE_X42Y117        FDRE (Prop_fdre_C_Q)         0.148     1.734 r  u_pl/u_k1l/tog_reg/Q
                         net (fo=3, routed)           0.707     2.442    u_pl/u_mode/D[0]
    SLICE_X44Y113        FDCE                                         r  u_pl/u_mode/lsync_reg[0]/D
  -------------------------------------------------------------------    -------------------

                         (clock clkout0_1 rise edge)
                                                      0.000     0.000 r  
    W17                                               0.000     0.000 r  sys_clk (IN)
                         net (fo=0)                   0.000     0.000    sys_clk
    W17                  IBUF (Prop_ibuf_I_O)         0.440     0.440 r  sys_clk_IBUF_inst/O
                         net (fo=1, routed)           0.731     1.171    sys_clk_IBUF
    BUFGCTRL_X0Y4        BUFG (Prop_bufg_I_O)         0.029     1.200 r  sys_clk_IBUF_BUFG_inst/O
                         net (fo=186, routed)         0.862     2.062    u_pl/u_clk/CLK
    MMCME2_ADV_X1Y0      MMCME2_ADV (Prop_mmcme2_adv_CLKIN1_CLKOUT0)
                                                     -1.467     0.595 r  u_pl/u_clk/u_mmcm/CLKOUT0
                         net (fo=1, routed)           0.576     1.171    u_pl/u_clk/clkout0
    BUFGCTRL_X0Y0        BUFG (Prop_bufg_I_O)         0.029     1.200 r  u_pl/u_clk/u_bufg_pix/O
                         net (fo=4931, routed)        0.907     2.107    u_pl/u_mode/clk_pix
    SLICE_X44Y113        FDCE                                         r  u_pl/u_mode/lsync_reg[0]/C
                         clock pessimism             -0.248     1.859    
                         clock uncertainty            0.259     2.118    
    SLICE_X44Y113        FDCE (Hold_fdce_C_D)         0.008     2.126    u_pl/u_mode/lsync_reg[0]
  -------------------------------------------------------------------
                         required time                         -2.126    
                         arrival time                           2.442    
  -------------------------------------------------------------------
                         slack                                  0.315    





