#-----------------------------------------------------------
# Vivado v2025.2.1 (64-bit)
# SW Build 6403652 on Thu Mar 19 19:48:24 GMT 2026
# IP Build 6403511 on Thu Mar 19 12:41:45 MDT 2026
# SharedData Build 6403650 on Thu Mar 19 14:02:13 MDT 2026
# Start of session at: Mon Oct  5 20:46:47 2026
# Process ID         : 3876
# Current directory  : D:/Xilinx/Prj/pro/doc_audit_20261005/flash_scratch
# Command line       : vivado.exe -mode batch -nojournal -log probe2.log -source probe2.tcl
# Log file           : D:/Xilinx/Prj/pro/doc_audit_20261005/flash_scratch/probe2.log
# Journal file       : 
# Running On         : Uie-laptop
# Platform           : Windows Server 2016 or Windows 10
# Operating System   : 26300
# Processor Detail   : 12th Gen Intel(R) Core(TM) i5-12450H
# CPU Frequency      : 2496 MHz
# CPU Physical cores : 8
# CPU Logical cores  : 12
# Host memory        : 16873 MB
# Swap memory        : 21474 MB
# Total Virtual      : 38348 MB
# Available Virtual  : 14139 MB
#-----------------------------------------------------------
source probe2.tcl
# open_hw
WARNING: 'open_hw' is deprecated, please use 'open_hw_manager' instead.
open_hw_manager: Time (s): cpu = 00:00:12 ; elapsed = 00:00:08 . Memory (MB): peak = 543.012 ; gain = 225.207
# catch {connect_hw_server -url localhost:3121}
INFO: [Labtools 27-2285] Connecting to hw_server url TCP:localhost:3121
INFO: [Labtools 27-3415] Connecting to cs_server url TCP:localhost:0
INFO: [Labtools 27-3417] Launching cs_server...
INFO: [Labtools 27-2221] Launch Output:


******** Xilinx cs_server v2025.2.0
  ****** Build date   : Nov 14 2025-07:16:52
    **** Build number : 2025.2.1763075812
      ** Copyright 2017-2022 Xilinx, Inc. All Rights Reserved.
      ** Copyright 2022-2026 Advanced Micro Devices, Inc. All Rights Reserved.



# catch {open_hw_target}
INFO: [Labtoolstcl 44-466] Opening hw_target localhost:3121/xilinx_tcf/Xilinx/0ABC01A
# current_hw_device [get_hw_devices xc7z020_1]
# refresh_hw_device -update_hw_probes false [current_hw_device]
INFO: [Labtools 27-1435] Device xc7z020 (JTAG device index = 1) is not programmed (DONE status = 0).
# puts "CMDCMD: [info commands *cfgmem*]"
CMDCMD: readback_hw_cfgmem get_hw_cfgmems create_hw_cfgmem current_hw_cfgmem write_cfgmem delete_hw_cfgmem get_cfgmem_parts program_hw_cfgmem
# puts "PROGP: [info commands *program_hw*]"
PROGP: program_hw_devices program_hw_cfgmem
# set r1 [catch {get_cfgmem_parts *} m1]
# puts "PARTS rc=$r1 n=[expr {$r1==0?[llength $m1]:-1}]"
PARTS rc=0 n=4495
# set r2 [catch {get_cfgmem_parts *25q256*} m2]
# puts "P25Q256 rc=$r2 list=$m2"
P25Q256 rc=0 list=w25q256jwm-qspi-x8-dual_parallel w25q256jwm-qspi-x4-dual_stacked w25q256jwm-qspi-x2-dual_stacked w25q256jwm-qspi-x1-dual_stacked w25q256jwm-qspi-x4-single w25q256jwm-qspi-x2-single w25q256jwm-qspi-x1-single w25q256jw-qspi-x1-dual_stacked w25q256jw-qspi-x1-single w25q256jw-qspi-x2-dual_stacked w25q256jw-qspi-x2-single w25q256jw-qspi-x4-dual_stacked w25q256jw-qspi-x8-dual_parallel w25q256jw-qspi-x4-single w25q256jwm-qspi-x8-dual_parallel w25q256jwm-qspi-x4-dual_stacked w25q256jwm-qspi-x2-dual_stacked w25q256jwm-qspi-x1-dual_stacked w25q256jwm-qspi-x4-single w25q256jwm-qspi-x2-single w25q256jwm-qspi-x1-single w25q256jw-qspi-x1-dual_stacked w25q256jw-qspi-x1-single w25q256jw-qspi-x2-dual_stacked w25q256jw-qspi-x2-single w25q256jw-qspi-x4-dual_stacked w25q256jw-qspi-x8-dual_parallel w25q256jw-qspi-x4-single w25q256jwq-spi-x1_x2_x4 gd25q256d-spi-x1_x2_x4_x8 gd25q256d-spi-x1_x2_x4 w25q256jwq-spi-x1_x2_x4 gd25q256d-spi-x1_x2_x4_x8 gd25q256d-spi-x1_x2_x4 w25q256jwq-spi-x1_x2_x4_x8 w25q256jwq-spi-x1_x2_x4 gd25q256d-spi-x1_x2_x4_x8 gd25q256d-spi-x1_x2_x4 w25q256jwq-spi-x1_x2_x4 gd25q256d-spi-x1_x2_x4_x8 gd25q256d-spi-x1_x2_x4 w25q256jwq-spi-x1_x2_x4_x8 w25q256jwq-spi-x1_x2_x4 gd25q256d-spi-x1_x2_x4_x8 gd25q256d-spi-x1_x2_x4 w25q256jwq-spi-x1_x2_x4_x8 w25q256jwq-spi-x1_x2_x4 gd25q256d-spi-x1_x2_x4_x8 gd25q256d-spi-x1_x2_x4 w25q256jwq-spi-x1_x2_x4_x8 w25q256jwq-spi-x1_x2_x4 gd25q256d-spi-x1_x2_x4_x8 gd25q256d-spi-x1_x2_x4 w25q256jwq-spi-x1_x2_x4 gd25q256d-spi-x1_x2_x4_x8 gd25q256d-spi-x1_x2_x4 w25q256jwq-spi-x1_x2_x4_x8 w25q256jwq-spi-x1_x2_x4 gd25q256d-spi-x1_x2_x4 w25q256jwq-spi-x1_x2_x4 gd25q256d-spi-x1_x2_x4_x8 gd25q256d-spi-x1_x2_x4 w25q256jwm-qspi-x8-dual_parallel w25q256jwm-qspi-x4-dual_stacked w25q256jwm-qspi-x2-dual_stacked w25q256jwm-qspi-x1-dual_stacked w25q256jwm-qspi-x4-single w25q256jwm-qspi-x2-single w25q256jwm-qspi-x1-single w25q256jwq-spi-x1_x2_x4_x8 w25q256jw-qspi-x1-dual_stacked w25q256jw-qspi-x1-single w25q256jw-qspi-x2-dual_stacked w25q256jw-qspi-x2-single w25q256jw-qspi-x4-dual_stacked w25q256jw-qspi-x8-dual_parallel w25q256jw-qspi-x4-single
# set r3 [catch {get_hw_busbars} bb]
# puts "BUSBARS rc=$r3 n=[expr {$r3==0?[llength $bb]:-1}]"
BUSBARS rc=1 n=-1
# exit 0
INFO: [Common 17-206] Exiting Vivado at Mon Oct  5 20:47:03 2026...
