Copyright 1986-2022 Xilinx, Inc. All Rights Reserved. Copyright 2022-2026 Advanced Micro Devices, Inc. All Rights Reserved.
-------------------------------------------------------------------------------------------------------------------------------------------------------------
| Tool Version      : Vivado v.2025.2.1 (win64) Build 6403652 Thu Mar 19 19:48:24 GMT 2026
| Date              : Wed Sep 23 22:00:15 2026
| Host              : Uie-laptop running 64-bit major release  (build 9200)
| Command           : report_timing -delay_type max -max_paths 4 -nworst 2 -sort_by group -file D:/Xilinx/Prj/pro/Video_Processing/ku5p/build/ku5p_setup.rpt
| Design            : ku5p_eth_top
| Device            : xcku5p-ffvb676
| Speed File        : -2  PRODUCTION 1.29 05-01-2022
| Design State      : Routed
| Temperature Grade : I
-------------------------------------------------------------------------------------------------------------------------------------------------------------

Timing Report

Slack (MET) :             0.647ns  (required time - arrival time)
  Source:                 u_rx_cmd/p_data_reg[5]/C
                            (rising edge-triggered cell FDCE clocked by eth_rxc  {rise@0.000ns fall@4.000ns period=8.000ns})
  Destination:            u_cmd/cmds_ok_reg[5]/CE
                            (rising edge-triggered cell FDCE clocked by eth_rxc  {rise@0.000ns fall@4.000ns period=8.000ns})
  Path Group:             eth_rxc
  Path Type:              Setup (Max at Slow Process Corner)
  Requirement:            8.000ns  (eth_rxc rise@8.000ns - eth_rxc rise@0.000ns)
  Data Path Delay:        6.682ns  (logic 4.325ns (64.723%)  route 2.357ns (35.277%))
  Logic Levels:           20  (DSP_ALU=3 DSP_C_DATA=1 DSP_M_DATA=1 DSP_MULTIPLIER=1 DSP_OUTPUT=3 DSP_PREADD=1 DSP_PREADD_DATA=2 LUT4=1 LUT5=3 LUT6=4)
  Clock Path Skew:        -0.074ns (DCD - SCD + CPR)
    Destination Clock Delay (DCD):    1.630ns = ( 9.630 - 8.000 ) 
    Source Clock Delay      (SCD):    2.064ns
    Clock Pessimism Removal (CPR):    0.360ns
  Clock Uncertainty:      0.535ns  ((TSJ^2 + TIJ^2)^1/2 + DJ) / 2 + PE + UU
    Total System Jitter     (TSJ):    0.071ns
    Total Input Jitter      (TIJ):    0.000ns
    Discrete Jitter          (DJ):    0.000ns
    Phase Error              (PE):    0.000ns
    User Uncertainty         (UU):    0.500ns
  Clock Net Delay (Source):      1.207ns (routing 0.171ns, distribution 1.036ns)
  Clock Net Delay (Destination): 1.065ns (routing 0.155ns, distribution 0.910ns)

    Location             Delay type                Incr(ns)  Path(ns)    Netlist Resource(s)
  -------------------------------------------------------------------    -------------------
                         (clock eth_rxc rise edge)    0.000     0.000 r  
    K22                                               0.000     0.000 r  eth_rxc (IN)
                         net (fo=0)                   0.000     0.000    eth_rxc_IBUF_inst/I
    K22                  INBUF (Prop_INBUF_HPIOB_M_PAD_O)
                                                      0.493     0.493 r  eth_rxc_IBUF_inst/INBUF_INST/O
                         net (fo=1, routed)           0.000     0.493    eth_rxc_IBUF_inst/OUT
    K22                  IBUFCTRL (Prop_IBUFCTRL_HPIOB_M_I_O)
                                                      0.000     0.493 r  eth_rxc_IBUF_inst/IBUFCTRL_INST/O
                         net (fo=2, routed)           0.336     0.829    eth_rxc_IBUF
    BUFGCE_X0Y56         BUFGCE (Prop_BUFCE_BUFGCE_I_O)
                                                      0.028     0.857 r  eth_rxc_IBUF_BUFGCE_collapsed_inst/O
    X0Y2 (CLOCK_ROOT)    net (fo=3420, routed)        1.207     2.064    u_rx_cmd/eth_txc_OBUF
    SLICE_X19Y144        FDCE                                         r  u_rx_cmd/p_data_reg[5]/C
  -------------------------------------------------------------------    -------------------
    SLICE_X19Y144        FDCE (Prop_GFF_SLICEL_C_Q)
                                                      0.079     2.143 f  u_rx_cmd/p_data_reg[5]/Q
                         net (fo=6, routed)           0.527     2.671    u_rx_cmd/p_data_reg[7]_0[3]
    SLICE_X19Y144        LUT5 (Prop_C6LUT_SLICEL_I4_O)
                                                      0.123     2.794 r  u_rx_cmd/sh[39]_i_2/O
                         net (fo=32, routed)          0.299     3.092    u_rx_cmd/sh[39]_i_2_n_0
    SLICE_X20Y145        LUT5 (Prop_H6LUT_SLICEM_I1_O)
                                                      0.039     3.131 f  u_rx_cmd/sh[10]_i_1/O
                         net (fo=4, routed)           0.199     3.330    u_cmd/spd_val2/D[2]
    DSP48E2_X3Y58        DSP_PREADD_DATA (Prop_DSP_PREADD_DATA_DSP48E2_DIN[2]_D_DATA[2])
                                                      0.240     3.570 r  u_cmd/spd_val2/DSP_PREADD_DATA_INST/D_DATA[2]
                         net (fo=1, routed)           0.000     3.570    u_cmd/spd_val2/DSP_PREADD_DATA.D_DATA<2>
    DSP48E2_X3Y58        DSP_PREADD (Prop_DSP_PREADD_DSP48E2_D_DATA[2]_AD[8])
                                                      0.524     4.094 f  u_cmd/spd_val2/DSP_PREADD_INST/AD[8]
                         net (fo=1, routed)           0.000     4.094    u_cmd/spd_val2/DSP_PREADD.AD<8>
    DSP48E2_X3Y58        DSP_PREADD_DATA (Prop_DSP_PREADD_DATA_DSP48E2_AD[8]_AD_DATA[8])
                                                      0.050     4.144 r  u_cmd/spd_val2/DSP_PREADD_DATA_INST/AD_DATA[8]
                         net (fo=1, routed)           0.000     4.144    u_cmd/spd_val2/DSP_PREADD_DATA.AD_DATA<8>
    DSP48E2_X3Y58        DSP_MULTIPLIER (Prop_DSP_MULTIPLIER_DSP48E2_AD_DATA[8]_U[9])
                                                      0.612     4.756 f  u_cmd/spd_val2/DSP_MULTIPLIER_INST/U[9]
                         net (fo=1, routed)           0.000     4.756    u_cmd/spd_val2/DSP_MULTIPLIER.U<9>
    DSP48E2_X3Y58        DSP_M_DATA (Prop_DSP_M_DATA_DSP48E2_U[9]_U_DATA[9])
                                                      0.047     4.803 r  u_cmd/spd_val2/DSP_M_DATA_INST/U_DATA[9]
                         net (fo=1, routed)           0.000     4.803    u_cmd/spd_val2/DSP_M_DATA.U_DATA<9>
    DSP48E2_X3Y58        DSP_ALU (Prop_DSP_ALU_DSP48E2_U_DATA[9]_ALU_OUT[9])
                                                      0.585     5.388 f  u_cmd/spd_val2/DSP_ALU_INST/ALU_OUT[9]
                         net (fo=1, routed)           0.000     5.388    u_cmd/spd_val2/DSP_ALU.ALU_OUT<9>
    DSP48E2_X3Y58        DSP_OUTPUT (Prop_DSP_OUTPUT_DSP48E2_ALU_OUT[9]_P[9])
                                                      0.109     5.497 r  u_cmd/spd_val2/DSP_OUTPUT_INST/P[9]
                         net (fo=1, routed)           0.323     5.820    u_cmd/spd_val1__0/C[9]
    DSP48E2_X3Y60        DSP_C_DATA (Prop_DSP_C_DATA_DSP48E2_C[9]_C_DATA[9])
                                                      0.105     5.925 r  u_cmd/spd_val1__0/DSP_C_DATA_INST/C_DATA[9]
                         net (fo=2, routed)           0.000     5.925    u_cmd/spd_val1__0/DSP_C_DATA.C_DATA<9>
    DSP48E2_X3Y60        DSP_ALU (Prop_DSP_ALU_DSP48E2_C_DATA[9]_ALU_OUT[47])
                                                      0.585     6.510 f  u_cmd/spd_val1__0/DSP_ALU_INST/ALU_OUT[47]
                         net (fo=1, routed)           0.000     6.510    u_cmd/spd_val1__0/DSP_ALU.ALU_OUT<47>
    DSP48E2_X3Y60        DSP_OUTPUT (Prop_DSP_OUTPUT_DSP48E2_ALU_OUT[47]_PCOUT[47])
                                                      0.122     6.632 r  u_cmd/spd_val1__0/DSP_OUTPUT_INST/PCOUT[47]
                         net (fo=1, routed)           0.014     6.646    u_cmd/spd_val1__1/PCIN[47]
    DSP48E2_X3Y61        DSP_ALU (Prop_DSP_ALU_DSP48E2_PCIN[47]_ALU_OUT[9])
                                                      0.546     7.192 f  u_cmd/spd_val1__1/DSP_ALU_INST/ALU_OUT[9]
                         net (fo=1, routed)           0.000     7.192    u_cmd/spd_val1__1/DSP_ALU.ALU_OUT<9>
    DSP48E2_X3Y61        DSP_OUTPUT (Prop_DSP_OUTPUT_DSP48E2_ALU_OUT[9]_P[9])
                                                      0.109     7.301 r  u_cmd/spd_val1__1/DSP_OUTPUT_INST/P[9]
                         net (fo=1, routed)           0.202     7.503    u_cmd/spd_val1__1_n_96
    SLICE_X20Y151        LUT4 (Prop_G6LUT_SLICEM_I1_O)
                                                      0.100     7.603 r  u_cmd/period_s[7]_i_34/O
                         net (fo=1, routed)           0.047     7.650    u_cmd/period_s[7]_i_34_n_0
    SLICE_X20Y151        LUT5 (Prop_H6LUT_SLICEM_I4_O)
                                                      0.101     7.751 r  u_cmd/period_s[7]_i_12/O
                         net (fo=1, routed)           0.156     7.907    u_cmd/period_s[7]_i_12_n_0
    SLICE_X20Y150        LUT6 (Prop_B6LUT_SLICEM_I0_O)
                                                      0.052     7.959 r  u_cmd/period_s[7]_i_4/O
                         net (fo=9, routed)           0.110     8.069    u_cmd/period_s[7]_i_4_n_0
    SLICE_X20Y148        LUT6 (Prop_E6LUT_SLICEM_I4_O)
                                                      0.037     8.106 r  u_cmd/period_s[7]_i_6/O
                         net (fo=1, routed)           0.087     8.193    u_cmd/period_s[7]_i_6_n_0
    SLICE_X20Y148        LUT6 (Prop_F6LUT_SLICEM_I0_O)
                                                      0.037     8.230 r  u_cmd/period_s[7]_i_3/O
                         net (fo=4, routed)           0.103     8.334    u_cmd/p_sof_reg
    SLICE_X19Y148        LUT6 (Prop_C6LUT_SLICEL_I5_O)
                                                      0.123     8.457 r  u_cmd/cmds_ok[15]_i_1/O
                         net (fo=16, routed)          0.290     8.747    u_cmd/cmds_ok[15]_i_1_n_0
    SLICE_X16Y147        FDCE                                         r  u_cmd/cmds_ok_reg[5]/CE
  -------------------------------------------------------------------    -------------------

                         (clock eth_rxc rise edge)    8.000     8.000 r  
    K22                                               0.000     8.000 r  eth_rxc (IN)
                         net (fo=0)                   0.000     8.000    eth_rxc_IBUF_inst/I
    K22                  INBUF (Prop_INBUF_HPIOB_M_PAD_O)
                                                      0.244     8.244 r  eth_rxc_IBUF_inst/INBUF_INST/O
                         net (fo=1, routed)           0.000     8.244    eth_rxc_IBUF_inst/OUT
    K22                  IBUFCTRL (Prop_IBUFCTRL_HPIOB_M_I_O)
                                                      0.000     8.244 r  eth_rxc_IBUF_inst/IBUFCTRL_INST/O
                         net (fo=2, routed)           0.298     8.542    eth_rxc_IBUF
    BUFGCE_X0Y56         BUFGCE (Prop_BUFCE_BUFGCE_I_O)
                                                      0.024     8.566 r  eth_rxc_IBUF_BUFGCE_collapsed_inst/O
    X0Y2 (CLOCK_ROOT)    net (fo=3420, routed)        1.065     9.630    u_cmd/eth_txc_OBUF
    SLICE_X16Y147        FDCE                                         r  u_cmd/cmds_ok_reg[5]/C
                         clock pessimism              0.360     9.990    
                         clock uncertainty           -0.535     9.455    
    SLICE_X16Y147        FDCE (Setup_EFF_SLICEM_C_CE)
                                                     -0.061     9.394    u_cmd/cmds_ok_reg[5]
  -------------------------------------------------------------------
                         required time                          9.394    
                         arrival time                          -8.747    
  -------------------------------------------------------------------
                         slack                                  0.647    

Slack (MET) :             0.647ns  (required time - arrival time)
  Source:                 u_rx_cmd/p_data_reg[5]/C
                            (rising edge-triggered cell FDCE clocked by eth_rxc  {rise@0.000ns fall@4.000ns period=8.000ns})
  Destination:            u_cmd/cmds_ok_reg[5]/CE
                            (rising edge-triggered cell FDCE clocked by eth_rxc  {rise@0.000ns fall@4.000ns period=8.000ns})
  Path Group:             eth_rxc
  Path Type:              Setup (Max at Slow Process Corner)
  Requirement:            8.000ns  (eth_rxc rise@8.000ns - eth_rxc rise@0.000ns)
  Data Path Delay:        6.682ns  (logic 4.325ns (64.723%)  route 2.357ns (35.277%))
  Logic Levels:           20  (DSP_ALU=3 DSP_C_DATA=1 DSP_M_DATA=1 DSP_MULTIPLIER=1 DSP_OUTPUT=3 DSP_PREADD=1 DSP_PREADD_DATA=2 LUT4=1 LUT5=3 LUT6=4)
  Clock Path Skew:        -0.074ns (DCD - SCD + CPR)
    Destination Clock Delay (DCD):    1.630ns = ( 9.630 - 8.000 ) 
    Source Clock Delay      (SCD):    2.064ns
    Clock Pessimism Removal (CPR):    0.360ns
  Clock Uncertainty:      0.535ns  ((TSJ^2 + TIJ^2)^1/2 + DJ) / 2 + PE + UU
    Total System Jitter     (TSJ):    0.071ns
    Total Input Jitter      (TIJ):    0.000ns
    Discrete Jitter          (DJ):    0.000ns
    Phase Error              (PE):    0.000ns
    User Uncertainty         (UU):    0.500ns
  Clock Net Delay (Source):      1.207ns (routing 0.171ns, distribution 1.036ns)
  Clock Net Delay (Destination): 1.065ns (routing 0.155ns, distribution 0.910ns)

    Location             Delay type                Incr(ns)  Path(ns)    Netlist Resource(s)
  -------------------------------------------------------------------    -------------------
                         (clock eth_rxc rise edge)    0.000     0.000 r  
    K22                                               0.000     0.000 r  eth_rxc (IN)
                         net (fo=0)                   0.000     0.000    eth_rxc_IBUF_inst/I
    K22                  INBUF (Prop_INBUF_HPIOB_M_PAD_O)
                                                      0.493     0.493 r  eth_rxc_IBUF_inst/INBUF_INST/O
                         net (fo=1, routed)           0.000     0.493    eth_rxc_IBUF_inst/OUT
    K22                  IBUFCTRL (Prop_IBUFCTRL_HPIOB_M_I_O)
                                                      0.000     0.493 r  eth_rxc_IBUF_inst/IBUFCTRL_INST/O
                         net (fo=2, routed)           0.336     0.829    eth_rxc_IBUF
    BUFGCE_X0Y56         BUFGCE (Prop_BUFCE_BUFGCE_I_O)
                                                      0.028     0.857 r  eth_rxc_IBUF_BUFGCE_collapsed_inst/O
    X0Y2 (CLOCK_ROOT)    net (fo=3420, routed)        1.207     2.064    u_rx_cmd/eth_txc_OBUF
    SLICE_X19Y144        FDCE                                         r  u_rx_cmd/p_data_reg[5]/C
  -------------------------------------------------------------------    -------------------
    SLICE_X19Y144        FDCE (Prop_GFF_SLICEL_C_Q)
                                                      0.079     2.143 f  u_rx_cmd/p_data_reg[5]/Q
                         net (fo=6, routed)           0.527     2.671    u_rx_cmd/p_data_reg[7]_0[3]
    SLICE_X19Y144        LUT5 (Prop_C6LUT_SLICEL_I4_O)
                                                      0.123     2.794 r  u_rx_cmd/sh[39]_i_2/O
                         net (fo=32, routed)          0.299     3.092    u_rx_cmd/sh[39]_i_2_n_0
    SLICE_X20Y145        LUT5 (Prop_H6LUT_SLICEM_I1_O)
                                                      0.039     3.131 f  u_rx_cmd/sh[10]_i_1/O
                         net (fo=4, routed)           0.199     3.330    u_cmd/spd_val2/D[2]
    DSP48E2_X3Y58        DSP_PREADD_DATA (Prop_DSP_PREADD_DATA_DSP48E2_DIN[2]_D_DATA[2])
                                                      0.240     3.570 r  u_cmd/spd_val2/DSP_PREADD_DATA_INST/D_DATA[2]
                         net (fo=1, routed)           0.000     3.570    u_cmd/spd_val2/DSP_PREADD_DATA.D_DATA<2>
    DSP48E2_X3Y58        DSP_PREADD (Prop_DSP_PREADD_DSP48E2_D_DATA[2]_AD[8])
                                                      0.524     4.094 r  u_cmd/spd_val2/DSP_PREADD_INST/AD[8]
                         net (fo=1, routed)           0.000     4.094    u_cmd/spd_val2/DSP_PREADD.AD<8>
    DSP48E2_X3Y58        DSP_PREADD_DATA (Prop_DSP_PREADD_DATA_DSP48E2_AD[8]_AD_DATA[8])
                                                      0.050     4.144 f  u_cmd/spd_val2/DSP_PREADD_DATA_INST/AD_DATA[8]
                         net (fo=1, routed)           0.000     4.144    u_cmd/spd_val2/DSP_PREADD_DATA.AD_DATA<8>
    DSP48E2_X3Y58        DSP_MULTIPLIER (Prop_DSP_MULTIPLIER_DSP48E2_AD_DATA[8]_U[9])
                                                      0.612     4.756 f  u_cmd/spd_val2/DSP_MULTIPLIER_INST/U[9]
                         net (fo=1, routed)           0.000     4.756    u_cmd/spd_val2/DSP_MULTIPLIER.U<9>
    DSP48E2_X3Y58        DSP_M_DATA (Prop_DSP_M_DATA_DSP48E2_U[9]_U_DATA[9])
                                                      0.047     4.803 r  u_cmd/spd_val2/DSP_M_DATA_INST/U_DATA[9]
                         net (fo=1, routed)           0.000     4.803    u_cmd/spd_val2/DSP_M_DATA.U_DATA<9>
    DSP48E2_X3Y58        DSP_ALU (Prop_DSP_ALU_DSP48E2_U_DATA[9]_ALU_OUT[9])
                                                      0.585     5.388 f  u_cmd/spd_val2/DSP_ALU_INST/ALU_OUT[9]
                         net (fo=1, routed)           0.000     5.388    u_cmd/spd_val2/DSP_ALU.ALU_OUT<9>
    DSP48E2_X3Y58        DSP_OUTPUT (Prop_DSP_OUTPUT_DSP48E2_ALU_OUT[9]_P[9])
                                                      0.109     5.497 r  u_cmd/spd_val2/DSP_OUTPUT_INST/P[9]
                         net (fo=1, routed)           0.323     5.820    u_cmd/spd_val1__0/C[9]
    DSP48E2_X3Y60        DSP_C_DATA (Prop_DSP_C_DATA_DSP48E2_C[9]_C_DATA[9])
                                                      0.105     5.925 r  u_cmd/spd_val1__0/DSP_C_DATA_INST/C_DATA[9]
                         net (fo=2, routed)           0.000     5.925    u_cmd/spd_val1__0/DSP_C_DATA.C_DATA<9>
    DSP48E2_X3Y60        DSP_ALU (Prop_DSP_ALU_DSP48E2_C_DATA[9]_ALU_OUT[47])
                                                      0.585     6.510 f  u_cmd/spd_val1__0/DSP_ALU_INST/ALU_OUT[47]
                         net (fo=1, routed)           0.000     6.510    u_cmd/spd_val1__0/DSP_ALU.ALU_OUT<47>
    DSP48E2_X3Y60        DSP_OUTPUT (Prop_DSP_OUTPUT_DSP48E2_ALU_OUT[47]_PCOUT[47])
                                                      0.122     6.632 r  u_cmd/spd_val1__0/DSP_OUTPUT_INST/PCOUT[47]
                         net (fo=1, routed)           0.014     6.646    u_cmd/spd_val1__1/PCIN[47]
    DSP48E2_X3Y61        DSP_ALU (Prop_DSP_ALU_DSP48E2_PCIN[47]_ALU_OUT[9])
                                                      0.546     7.192 f  u_cmd/spd_val1__1/DSP_ALU_INST/ALU_OUT[9]
                         net (fo=1, routed)           0.000     7.192    u_cmd/spd_val1__1/DSP_ALU.ALU_OUT<9>
    DSP48E2_X3Y61        DSP_OUTPUT (Prop_DSP_OUTPUT_DSP48E2_ALU_OUT[9]_P[9])
                                                      0.109     7.301 r  u_cmd/spd_val1__1/DSP_OUTPUT_INST/P[9]
                         net (fo=1, routed)           0.202     7.503    u_cmd/spd_val1__1_n_96
    SLICE_X20Y151        LUT4 (Prop_G6LUT_SLICEM_I1_O)
                                                      0.100     7.603 r  u_cmd/period_s[7]_i_34/O
                         net (fo=1, routed)           0.047     7.650    u_cmd/period_s[7]_i_34_n_0
    SLICE_X20Y151        LUT5 (Prop_H6LUT_SLICEM_I4_O)
                                                      0.101     7.751 r  u_cmd/period_s[7]_i_12/O
                         net (fo=1, routed)           0.156     7.907    u_cmd/period_s[7]_i_12_n_0
    SLICE_X20Y150        LUT6 (Prop_B6LUT_SLICEM_I0_O)
                                                      0.052     7.959 r  u_cmd/period_s[7]_i_4/O
                         net (fo=9, routed)           0.110     8.069    u_cmd/period_s[7]_i_4_n_0
    SLICE_X20Y148        LUT6 (Prop_E6LUT_SLICEM_I4_O)
                                                      0.037     8.106 r  u_cmd/period_s[7]_i_6/O
                         net (fo=1, routed)           0.087     8.193    u_cmd/period_s[7]_i_6_n_0
    SLICE_X20Y148        LUT6 (Prop_F6LUT_SLICEM_I0_O)
                                                      0.037     8.230 r  u_cmd/period_s[7]_i_3/O
                         net (fo=4, routed)           0.103     8.334    u_cmd/p_sof_reg
    SLICE_X19Y148        LUT6 (Prop_C6LUT_SLICEL_I5_O)
                                                      0.123     8.457 r  u_cmd/cmds_ok[15]_i_1/O
                         net (fo=16, routed)          0.290     8.747    u_cmd/cmds_ok[15]_i_1_n_0
    SLICE_X16Y147        FDCE                                         r  u_cmd/cmds_ok_reg[5]/CE
  -------------------------------------------------------------------    -------------------

                         (clock eth_rxc rise edge)    8.000     8.000 r  
    K22                                               0.000     8.000 r  eth_rxc (IN)
                         net (fo=0)                   0.000     8.000    eth_rxc_IBUF_inst/I
    K22                  INBUF (Prop_INBUF_HPIOB_M_PAD_O)
                                                      0.244     8.244 r  eth_rxc_IBUF_inst/INBUF_INST/O
                         net (fo=1, routed)           0.000     8.244    eth_rxc_IBUF_inst/OUT
    K22                  IBUFCTRL (Prop_IBUFCTRL_HPIOB_M_I_O)
                                                      0.000     8.244 r  eth_rxc_IBUF_inst/IBUFCTRL_INST/O
                         net (fo=2, routed)           0.298     8.542    eth_rxc_IBUF
    BUFGCE_X0Y56         BUFGCE (Prop_BUFCE_BUFGCE_I_O)
                                                      0.024     8.566 r  eth_rxc_IBUF_BUFGCE_collapsed_inst/O
    X0Y2 (CLOCK_ROOT)    net (fo=3420, routed)        1.065     9.630    u_cmd/eth_txc_OBUF
    SLICE_X16Y147        FDCE                                         r  u_cmd/cmds_ok_reg[5]/C
                         clock pessimism              0.360     9.990    
                         clock uncertainty           -0.535     9.455    
    SLICE_X16Y147        FDCE (Setup_EFF_SLICEM_C_CE)
                                                     -0.061     9.394    u_cmd/cmds_ok_reg[5]
  -------------------------------------------------------------------
                         required time                          9.394    
                         arrival time                          -8.747    
  -------------------------------------------------------------------
                         slack                                  0.647    

Slack (MET) :             0.647ns  (required time - arrival time)
  Source:                 u_rx_cmd/p_data_reg[5]/C
                            (rising edge-triggered cell FDCE clocked by eth_rxc  {rise@0.000ns fall@4.000ns period=8.000ns})
  Destination:            u_cmd/cmds_ok_reg[6]/CE
                            (rising edge-triggered cell FDCE clocked by eth_rxc  {rise@0.000ns fall@4.000ns period=8.000ns})
  Path Group:             eth_rxc
  Path Type:              Setup (Max at Slow Process Corner)
  Requirement:            8.000ns  (eth_rxc rise@8.000ns - eth_rxc rise@0.000ns)
  Data Path Delay:        6.682ns  (logic 4.325ns (64.723%)  route 2.357ns (35.277%))
  Logic Levels:           20  (DSP_ALU=3 DSP_C_DATA=1 DSP_M_DATA=1 DSP_MULTIPLIER=1 DSP_OUTPUT=3 DSP_PREADD=1 DSP_PREADD_DATA=2 LUT4=1 LUT5=3 LUT6=4)
  Clock Path Skew:        -0.074ns (DCD - SCD + CPR)
    Destination Clock Delay (DCD):    1.630ns = ( 9.630 - 8.000 ) 
    Source Clock Delay      (SCD):    2.064ns
    Clock Pessimism Removal (CPR):    0.360ns
  Clock Uncertainty:      0.535ns  ((TSJ^2 + TIJ^2)^1/2 + DJ) / 2 + PE + UU
    Total System Jitter     (TSJ):    0.071ns
    Total Input Jitter      (TIJ):    0.000ns
    Discrete Jitter          (DJ):    0.000ns
    Phase Error              (PE):    0.000ns
    User Uncertainty         (UU):    0.500ns
  Clock Net Delay (Source):      1.207ns (routing 0.171ns, distribution 1.036ns)
  Clock Net Delay (Destination): 1.065ns (routing 0.155ns, distribution 0.910ns)

    Location             Delay type                Incr(ns)  Path(ns)    Netlist Resource(s)
  -------------------------------------------------------------------    -------------------
                         (clock eth_rxc rise edge)    0.000     0.000 r  
    K22                                               0.000     0.000 r  eth_rxc (IN)
                         net (fo=0)                   0.000     0.000    eth_rxc_IBUF_inst/I
    K22                  INBUF (Prop_INBUF_HPIOB_M_PAD_O)
                                                      0.493     0.493 r  eth_rxc_IBUF_inst/INBUF_INST/O
                         net (fo=1, routed)           0.000     0.493    eth_rxc_IBUF_inst/OUT
    K22                  IBUFCTRL (Prop_IBUFCTRL_HPIOB_M_I_O)
                                                      0.000     0.493 r  eth_rxc_IBUF_inst/IBUFCTRL_INST/O
                         net (fo=2, routed)           0.336     0.829    eth_rxc_IBUF
    BUFGCE_X0Y56         BUFGCE (Prop_BUFCE_BUFGCE_I_O)
                                                      0.028     0.857 r  eth_rxc_IBUF_BUFGCE_collapsed_inst/O
    X0Y2 (CLOCK_ROOT)    net (fo=3420, routed)        1.207     2.064    u_rx_cmd/eth_txc_OBUF
    SLICE_X19Y144        FDCE                                         r  u_rx_cmd/p_data_reg[5]/C
  -------------------------------------------------------------------    -------------------
    SLICE_X19Y144        FDCE (Prop_GFF_SLICEL_C_Q)
                                                      0.079     2.143 f  u_rx_cmd/p_data_reg[5]/Q
                         net (fo=6, routed)           0.527     2.671    u_rx_cmd/p_data_reg[7]_0[3]
    SLICE_X19Y144        LUT5 (Prop_C6LUT_SLICEL_I4_O)
                                                      0.123     2.794 r  u_rx_cmd/sh[39]_i_2/O
                         net (fo=32, routed)          0.299     3.092    u_rx_cmd/sh[39]_i_2_n_0
    SLICE_X20Y145        LUT5 (Prop_H6LUT_SLICEM_I1_O)
                                                      0.039     3.131 f  u_rx_cmd/sh[10]_i_1/O
                         net (fo=4, routed)           0.199     3.330    u_cmd/spd_val2/D[2]
    DSP48E2_X3Y58        DSP_PREADD_DATA (Prop_DSP_PREADD_DATA_DSP48E2_DIN[2]_D_DATA[2])
                                                      0.240     3.570 r  u_cmd/spd_val2/DSP_PREADD_DATA_INST/D_DATA[2]
                         net (fo=1, routed)           0.000     3.570    u_cmd/spd_val2/DSP_PREADD_DATA.D_DATA<2>
    DSP48E2_X3Y58        DSP_PREADD (Prop_DSP_PREADD_DSP48E2_D_DATA[2]_AD[8])
                                                      0.524     4.094 f  u_cmd/spd_val2/DSP_PREADD_INST/AD[8]
                         net (fo=1, routed)           0.000     4.094    u_cmd/spd_val2/DSP_PREADD.AD<8>
    DSP48E2_X3Y58        DSP_PREADD_DATA (Prop_DSP_PREADD_DATA_DSP48E2_AD[8]_AD_DATA[8])
                                                      0.050     4.144 r  u_cmd/spd_val2/DSP_PREADD_DATA_INST/AD_DATA[8]
                         net (fo=1, routed)           0.000     4.144    u_cmd/spd_val2/DSP_PREADD_DATA.AD_DATA<8>
    DSP48E2_X3Y58        DSP_MULTIPLIER (Prop_DSP_MULTIPLIER_DSP48E2_AD_DATA[8]_U[9])
                                                      0.612     4.756 f  u_cmd/spd_val2/DSP_MULTIPLIER_INST/U[9]
                         net (fo=1, routed)           0.000     4.756    u_cmd/spd_val2/DSP_MULTIPLIER.U<9>
    DSP48E2_X3Y58        DSP_M_DATA (Prop_DSP_M_DATA_DSP48E2_U[9]_U_DATA[9])
                                                      0.047     4.803 r  u_cmd/spd_val2/DSP_M_DATA_INST/U_DATA[9]
                         net (fo=1, routed)           0.000     4.803    u_cmd/spd_val2/DSP_M_DATA.U_DATA<9>
    DSP48E2_X3Y58        DSP_ALU (Prop_DSP_ALU_DSP48E2_U_DATA[9]_ALU_OUT[9])
                                                      0.585     5.388 f  u_cmd/spd_val2/DSP_ALU_INST/ALU_OUT[9]
                         net (fo=1, routed)           0.000     5.388    u_cmd/spd_val2/DSP_ALU.ALU_OUT<9>
    DSP48E2_X3Y58        DSP_OUTPUT (Prop_DSP_OUTPUT_DSP48E2_ALU_OUT[9]_P[9])
                                                      0.109     5.497 r  u_cmd/spd_val2/DSP_OUTPUT_INST/P[9]
                         net (fo=1, routed)           0.323     5.820    u_cmd/spd_val1__0/C[9]
    DSP48E2_X3Y60        DSP_C_DATA (Prop_DSP_C_DATA_DSP48E2_C[9]_C_DATA[9])
                                                      0.105     5.925 r  u_cmd/spd_val1__0/DSP_C_DATA_INST/C_DATA[9]
                         net (fo=2, routed)           0.000     5.925    u_cmd/spd_val1__0/DSP_C_DATA.C_DATA<9>
    DSP48E2_X3Y60        DSP_ALU (Prop_DSP_ALU_DSP48E2_C_DATA[9]_ALU_OUT[47])
                                                      0.585     6.510 f  u_cmd/spd_val1__0/DSP_ALU_INST/ALU_OUT[47]
                         net (fo=1, routed)           0.000     6.510    u_cmd/spd_val1__0/DSP_ALU.ALU_OUT<47>
    DSP48E2_X3Y60        DSP_OUTPUT (Prop_DSP_OUTPUT_DSP48E2_ALU_OUT[47]_PCOUT[47])
                                                      0.122     6.632 r  u_cmd/spd_val1__0/DSP_OUTPUT_INST/PCOUT[47]
                         net (fo=1, routed)           0.014     6.646    u_cmd/spd_val1__1/PCIN[47]
    DSP48E2_X3Y61        DSP_ALU (Prop_DSP_ALU_DSP48E2_PCIN[47]_ALU_OUT[9])
                                                      0.546     7.192 f  u_cmd/spd_val1__1/DSP_ALU_INST/ALU_OUT[9]
                         net (fo=1, routed)           0.000     7.192    u_cmd/spd_val1__1/DSP_ALU.ALU_OUT<9>
    DSP48E2_X3Y61        DSP_OUTPUT (Prop_DSP_OUTPUT_DSP48E2_ALU_OUT[9]_P[9])
                                                      0.109     7.301 r  u_cmd/spd_val1__1/DSP_OUTPUT_INST/P[9]
                         net (fo=1, routed)           0.202     7.503    u_cmd/spd_val1__1_n_96
    SLICE_X20Y151        LUT4 (Prop_G6LUT_SLICEM_I1_O)
                                                      0.100     7.603 r  u_cmd/period_s[7]_i_34/O
                         net (fo=1, routed)           0.047     7.650    u_cmd/period_s[7]_i_34_n_0
    SLICE_X20Y151        LUT5 (Prop_H6LUT_SLICEM_I4_O)
                                                      0.101     7.751 r  u_cmd/period_s[7]_i_12/O
                         net (fo=1, routed)           0.156     7.907    u_cmd/period_s[7]_i_12_n_0
    SLICE_X20Y150        LUT6 (Prop_B6LUT_SLICEM_I0_O)
                                                      0.052     7.959 r  u_cmd/period_s[7]_i_4/O
                         net (fo=9, routed)           0.110     8.069    u_cmd/period_s[7]_i_4_n_0
    SLICE_X20Y148        LUT6 (Prop_E6LUT_SLICEM_I4_O)
                                                      0.037     8.106 r  u_cmd/period_s[7]_i_6/O
                         net (fo=1, routed)           0.087     8.193    u_cmd/period_s[7]_i_6_n_0
    SLICE_X20Y148        LUT6 (Prop_F6LUT_SLICEM_I0_O)
                                                      0.037     8.230 r  u_cmd/period_s[7]_i_3/O
                         net (fo=4, routed)           0.103     8.334    u_cmd/p_sof_reg
    SLICE_X19Y148        LUT6 (Prop_C6LUT_SLICEL_I5_O)
                                                      0.123     8.457 r  u_cmd/cmds_ok[15]_i_1/O
                         net (fo=16, routed)          0.290     8.747    u_cmd/cmds_ok[15]_i_1_n_0
    SLICE_X16Y147        FDCE                                         r  u_cmd/cmds_ok_reg[6]/CE
  -------------------------------------------------------------------    -------------------

                         (clock eth_rxc rise edge)    8.000     8.000 r  
    K22                                               0.000     8.000 r  eth_rxc (IN)
                         net (fo=0)                   0.000     8.000    eth_rxc_IBUF_inst/I
    K22                  INBUF (Prop_INBUF_HPIOB_M_PAD_O)
                                                      0.244     8.244 r  eth_rxc_IBUF_inst/INBUF_INST/O
                         net (fo=1, routed)           0.000     8.244    eth_rxc_IBUF_inst/OUT
    K22                  IBUFCTRL (Prop_IBUFCTRL_HPIOB_M_I_O)
                                                      0.000     8.244 r  eth_rxc_IBUF_inst/IBUFCTRL_INST/O
                         net (fo=2, routed)           0.298     8.542    eth_rxc_IBUF
    BUFGCE_X0Y56         BUFGCE (Prop_BUFCE_BUFGCE_I_O)
                                                      0.024     8.566 r  eth_rxc_IBUF_BUFGCE_collapsed_inst/O
    X0Y2 (CLOCK_ROOT)    net (fo=3420, routed)        1.065     9.630    u_cmd/eth_txc_OBUF
    SLICE_X16Y147        FDCE                                         r  u_cmd/cmds_ok_reg[6]/C
                         clock pessimism              0.360     9.990    
                         clock uncertainty           -0.535     9.455    
    SLICE_X16Y147        FDCE (Setup_FFF_SLICEM_C_CE)
                                                     -0.061     9.394    u_cmd/cmds_ok_reg[6]
  -------------------------------------------------------------------
                         required time                          9.394    
                         arrival time                          -8.747    
  -------------------------------------------------------------------
                         slack                                  0.647    

Slack (MET) :             0.647ns  (required time - arrival time)
  Source:                 u_rx_cmd/p_data_reg[5]/C
                            (rising edge-triggered cell FDCE clocked by eth_rxc  {rise@0.000ns fall@4.000ns period=8.000ns})
  Destination:            u_cmd/cmds_ok_reg[6]/CE
                            (rising edge-triggered cell FDCE clocked by eth_rxc  {rise@0.000ns fall@4.000ns period=8.000ns})
  Path Group:             eth_rxc
  Path Type:              Setup (Max at Slow Process Corner)
  Requirement:            8.000ns  (eth_rxc rise@8.000ns - eth_rxc rise@0.000ns)
  Data Path Delay:        6.682ns  (logic 4.325ns (64.723%)  route 2.357ns (35.277%))
  Logic Levels:           20  (DSP_ALU=3 DSP_C_DATA=1 DSP_M_DATA=1 DSP_MULTIPLIER=1 DSP_OUTPUT=3 DSP_PREADD=1 DSP_PREADD_DATA=2 LUT4=1 LUT5=3 LUT6=4)
  Clock Path Skew:        -0.074ns (DCD - SCD + CPR)
    Destination Clock Delay (DCD):    1.630ns = ( 9.630 - 8.000 ) 
    Source Clock Delay      (SCD):    2.064ns
    Clock Pessimism Removal (CPR):    0.360ns
  Clock Uncertainty:      0.535ns  ((TSJ^2 + TIJ^2)^1/2 + DJ) / 2 + PE + UU
    Total System Jitter     (TSJ):    0.071ns
    Total Input Jitter      (TIJ):    0.000ns
    Discrete Jitter          (DJ):    0.000ns
    Phase Error              (PE):    0.000ns
    User Uncertainty         (UU):    0.500ns
  Clock Net Delay (Source):      1.207ns (routing 0.171ns, distribution 1.036ns)
  Clock Net Delay (Destination): 1.065ns (routing 0.155ns, distribution 0.910ns)

    Location             Delay type                Incr(ns)  Path(ns)    Netlist Resource(s)
  -------------------------------------------------------------------    -------------------
                         (clock eth_rxc rise edge)    0.000     0.000 r  
    K22                                               0.000     0.000 r  eth_rxc (IN)
                         net (fo=0)                   0.000     0.000    eth_rxc_IBUF_inst/I
    K22                  INBUF (Prop_INBUF_HPIOB_M_PAD_O)
                                                      0.493     0.493 r  eth_rxc_IBUF_inst/INBUF_INST/O
                         net (fo=1, routed)           0.000     0.493    eth_rxc_IBUF_inst/OUT
    K22                  IBUFCTRL (Prop_IBUFCTRL_HPIOB_M_I_O)
                                                      0.000     0.493 r  eth_rxc_IBUF_inst/IBUFCTRL_INST/O
                         net (fo=2, routed)           0.336     0.829    eth_rxc_IBUF
    BUFGCE_X0Y56         BUFGCE (Prop_BUFCE_BUFGCE_I_O)
                                                      0.028     0.857 r  eth_rxc_IBUF_BUFGCE_collapsed_inst/O
    X0Y2 (CLOCK_ROOT)    net (fo=3420, routed)        1.207     2.064    u_rx_cmd/eth_txc_OBUF
    SLICE_X19Y144        FDCE                                         r  u_rx_cmd/p_data_reg[5]/C
  -------------------------------------------------------------------    -------------------
    SLICE_X19Y144        FDCE (Prop_GFF_SLICEL_C_Q)
                                                      0.079     2.143 f  u_rx_cmd/p_data_reg[5]/Q
                         net (fo=6, routed)           0.527     2.671    u_rx_cmd/p_data_reg[7]_0[3]
    SLICE_X19Y144        LUT5 (Prop_C6LUT_SLICEL_I4_O)
                                                      0.123     2.794 r  u_rx_cmd/sh[39]_i_2/O
                         net (fo=32, routed)          0.299     3.092    u_rx_cmd/sh[39]_i_2_n_0
    SLICE_X20Y145        LUT5 (Prop_H6LUT_SLICEM_I1_O)
                                                      0.039     3.131 f  u_rx_cmd/sh[10]_i_1/O
                         net (fo=4, routed)           0.199     3.330    u_cmd/spd_val2/D[2]
    DSP48E2_X3Y58        DSP_PREADD_DATA (Prop_DSP_PREADD_DATA_DSP48E2_DIN[2]_D_DATA[2])
                                                      0.240     3.570 r  u_cmd/spd_val2/DSP_PREADD_DATA_INST/D_DATA[2]
                         net (fo=1, routed)           0.000     3.570    u_cmd/spd_val2/DSP_PREADD_DATA.D_DATA<2>
    DSP48E2_X3Y58        DSP_PREADD (Prop_DSP_PREADD_DSP48E2_D_DATA[2]_AD[8])
                                                      0.524     4.094 r  u_cmd/spd_val2/DSP_PREADD_INST/AD[8]
                         net (fo=1, routed)           0.000     4.094    u_cmd/spd_val2/DSP_PREADD.AD<8>
    DSP48E2_X3Y58        DSP_PREADD_DATA (Prop_DSP_PREADD_DATA_DSP48E2_AD[8]_AD_DATA[8])
                                                      0.050     4.144 f  u_cmd/spd_val2/DSP_PREADD_DATA_INST/AD_DATA[8]
                         net (fo=1, routed)           0.000     4.144    u_cmd/spd_val2/DSP_PREADD_DATA.AD_DATA<8>
    DSP48E2_X3Y58        DSP_MULTIPLIER (Prop_DSP_MULTIPLIER_DSP48E2_AD_DATA[8]_U[9])
                                                      0.612     4.756 f  u_cmd/spd_val2/DSP_MULTIPLIER_INST/U[9]
                         net (fo=1, routed)           0.000     4.756    u_cmd/spd_val2/DSP_MULTIPLIER.U<9>
    DSP48E2_X3Y58        DSP_M_DATA (Prop_DSP_M_DATA_DSP48E2_U[9]_U_DATA[9])
                                                      0.047     4.803 r  u_cmd/spd_val2/DSP_M_DATA_INST/U_DATA[9]
                         net (fo=1, routed)           0.000     4.803    u_cmd/spd_val2/DSP_M_DATA.U_DATA<9>
    DSP48E2_X3Y58        DSP_ALU (Prop_DSP_ALU_DSP48E2_U_DATA[9]_ALU_OUT[9])
                                                      0.585     5.388 f  u_cmd/spd_val2/DSP_ALU_INST/ALU_OUT[9]
                         net (fo=1, routed)           0.000     5.388    u_cmd/spd_val2/DSP_ALU.ALU_OUT<9>
    DSP48E2_X3Y58        DSP_OUTPUT (Prop_DSP_OUTPUT_DSP48E2_ALU_OUT[9]_P[9])
                                                      0.109     5.497 r  u_cmd/spd_val2/DSP_OUTPUT_INST/P[9]
                         net (fo=1, routed)           0.323     5.820    u_cmd/spd_val1__0/C[9]
    DSP48E2_X3Y60        DSP_C_DATA (Prop_DSP_C_DATA_DSP48E2_C[9]_C_DATA[9])
                                                      0.105     5.925 r  u_cmd/spd_val1__0/DSP_C_DATA_INST/C_DATA[9]
                         net (fo=2, routed)           0.000     5.925    u_cmd/spd_val1__0/DSP_C_DATA.C_DATA<9>
    DSP48E2_X3Y60        DSP_ALU (Prop_DSP_ALU_DSP48E2_C_DATA[9]_ALU_OUT[47])
                                                      0.585     6.510 f  u_cmd/spd_val1__0/DSP_ALU_INST/ALU_OUT[47]
                         net (fo=1, routed)           0.000     6.510    u_cmd/spd_val1__0/DSP_ALU.ALU_OUT<47>
    DSP48E2_X3Y60        DSP_OUTPUT (Prop_DSP_OUTPUT_DSP48E2_ALU_OUT[47]_PCOUT[47])
                                                      0.122     6.632 r  u_cmd/spd_val1__0/DSP_OUTPUT_INST/PCOUT[47]
                         net (fo=1, routed)           0.014     6.646    u_cmd/spd_val1__1/PCIN[47]
    DSP48E2_X3Y61        DSP_ALU (Prop_DSP_ALU_DSP48E2_PCIN[47]_ALU_OUT[9])
                                                      0.546     7.192 f  u_cmd/spd_val1__1/DSP_ALU_INST/ALU_OUT[9]
                         net (fo=1, routed)           0.000     7.192    u_cmd/spd_val1__1/DSP_ALU.ALU_OUT<9>
    DSP48E2_X3Y61        DSP_OUTPUT (Prop_DSP_OUTPUT_DSP48E2_ALU_OUT[9]_P[9])
                                                      0.109     7.301 r  u_cmd/spd_val1__1/DSP_OUTPUT_INST/P[9]
                         net (fo=1, routed)           0.202     7.503    u_cmd/spd_val1__1_n_96
    SLICE_X20Y151        LUT4 (Prop_G6LUT_SLICEM_I1_O)
                                                      0.100     7.603 r  u_cmd/period_s[7]_i_34/O
                         net (fo=1, routed)           0.047     7.650    u_cmd/period_s[7]_i_34_n_0
    SLICE_X20Y151        LUT5 (Prop_H6LUT_SLICEM_I4_O)
                                                      0.101     7.751 r  u_cmd/period_s[7]_i_12/O
                         net (fo=1, routed)           0.156     7.907    u_cmd/period_s[7]_i_12_n_0
    SLICE_X20Y150        LUT6 (Prop_B6LUT_SLICEM_I0_O)
                                                      0.052     7.959 r  u_cmd/period_s[7]_i_4/O
                         net (fo=9, routed)           0.110     8.069    u_cmd/period_s[7]_i_4_n_0
    SLICE_X20Y148        LUT6 (Prop_E6LUT_SLICEM_I4_O)
                                                      0.037     8.106 r  u_cmd/period_s[7]_i_6/O
                         net (fo=1, routed)           0.087     8.193    u_cmd/period_s[7]_i_6_n_0
    SLICE_X20Y148        LUT6 (Prop_F6LUT_SLICEM_I0_O)
                                                      0.037     8.230 r  u_cmd/period_s[7]_i_3/O
                         net (fo=4, routed)           0.103     8.334    u_cmd/p_sof_reg
    SLICE_X19Y148        LUT6 (Prop_C6LUT_SLICEL_I5_O)
                                                      0.123     8.457 r  u_cmd/cmds_ok[15]_i_1/O
                         net (fo=16, routed)          0.290     8.747    u_cmd/cmds_ok[15]_i_1_n_0
    SLICE_X16Y147        FDCE                                         r  u_cmd/cmds_ok_reg[6]/CE
  -------------------------------------------------------------------    -------------------

                         (clock eth_rxc rise edge)    8.000     8.000 r  
    K22                                               0.000     8.000 r  eth_rxc (IN)
                         net (fo=0)                   0.000     8.000    eth_rxc_IBUF_inst/I
    K22                  INBUF (Prop_INBUF_HPIOB_M_PAD_O)
                                                      0.244     8.244 r  eth_rxc_IBUF_inst/INBUF_INST/O
                         net (fo=1, routed)           0.000     8.244    eth_rxc_IBUF_inst/OUT
    K22                  IBUFCTRL (Prop_IBUFCTRL_HPIOB_M_I_O)
                                                      0.000     8.244 r  eth_rxc_IBUF_inst/IBUFCTRL_INST/O
                         net (fo=2, routed)           0.298     8.542    eth_rxc_IBUF
    BUFGCE_X0Y56         BUFGCE (Prop_BUFCE_BUFGCE_I_O)
                                                      0.024     8.566 r  eth_rxc_IBUF_BUFGCE_collapsed_inst/O
    X0Y2 (CLOCK_ROOT)    net (fo=3420, routed)        1.065     9.630    u_cmd/eth_txc_OBUF
    SLICE_X16Y147        FDCE                                         r  u_cmd/cmds_ok_reg[6]/C
                         clock pessimism              0.360     9.990    
                         clock uncertainty           -0.535     9.455    
    SLICE_X16Y147        FDCE (Setup_FFF_SLICEM_C_CE)
                                                     -0.061     9.394    u_cmd/cmds_ok_reg[6]
  -------------------------------------------------------------------
                         required time                          9.394    
                         arrival time                          -8.747    
  -------------------------------------------------------------------
                         slack                                  0.647    

Slack (MET) :             3.079ns  (required time - arrival time)
  Source:                 por_reg[6]/C
                            (rising edge-triggered cell FDCE clocked by eth_rxc  {rise@0.000ns fall@4.000ns period=8.000ns})
  Destination:            u_udp_tx/cnt_reg[1]/CLR
                            (recovery check against rising-edge clock eth_rxc  {rise@0.000ns fall@4.000ns period=8.000ns})
  Path Group:             **async_default**
  Path Type:              Recovery (Max at Slow Process Corner)
  Requirement:            8.000ns  (eth_rxc rise@8.000ns - eth_rxc rise@0.000ns)
  Data Path Delay:        4.196ns  (logic 0.233ns (5.553%)  route 3.963ns (94.447%))
  Logic Levels:           3  (BUFGCE=1 LUT6=2)
  Clock Path Skew:        -0.123ns (DCD - SCD + CPR)
    Destination Clock Delay (DCD):    1.663ns = ( 9.663 - 8.000 ) 
    Source Clock Delay      (SCD):    2.094ns
    Clock Pessimism Removal (CPR):    0.308ns
  Clock Uncertainty:      0.535ns  ((TSJ^2 + TIJ^2)^1/2 + DJ) / 2 + PE + UU
    Total System Jitter     (TSJ):    0.071ns
    Total Input Jitter      (TIJ):    0.000ns
    Discrete Jitter          (DJ):    0.000ns
    Phase Error              (PE):    0.000ns
    User Uncertainty         (UU):    0.500ns
  Clock Net Delay (Source):      1.237ns (routing 0.171ns, distribution 1.066ns)
  Clock Net Delay (Destination): 1.098ns (routing 0.155ns, distribution 0.943ns)

    Location             Delay type                Incr(ns)  Path(ns)    Netlist Resource(s)
  -------------------------------------------------------------------    -------------------
                         (clock eth_rxc rise edge)    0.000     0.000 r  
    K22                                               0.000     0.000 r  eth_rxc (IN)
                         net (fo=0)                   0.000     0.000    eth_rxc_IBUF_inst/I
    K22                  INBUF (Prop_INBUF_HPIOB_M_PAD_O)
                                                      0.493     0.493 r  eth_rxc_IBUF_inst/INBUF_INST/O
                         net (fo=1, routed)           0.000     0.493    eth_rxc_IBUF_inst/OUT
    K22                  IBUFCTRL (Prop_IBUFCTRL_HPIOB_M_I_O)
                                                      0.000     0.493 r  eth_rxc_IBUF_inst/IBUFCTRL_INST/O
                         net (fo=2, routed)           0.336     0.829    eth_rxc_IBUF
    BUFGCE_X0Y56         BUFGCE (Prop_BUFCE_BUFGCE_I_O)
                                                      0.028     0.857 r  eth_rxc_IBUF_BUFGCE_collapsed_inst/O
    X0Y2 (CLOCK_ROOT)    net (fo=3420, routed)        1.237     2.094    xlnx_opt_
    SLICE_X18Y137        FDCE                                         r  por_reg[6]/C
  -------------------------------------------------------------------    -------------------
    SLICE_X18Y137        FDCE (Prop_FFF_SLICEL_C_Q)
                                                      0.079     2.173 r  por_reg[6]/Q
                         net (fo=3, routed)           1.285     3.458    u_icmp/u_icmp_tx/por_reg[6]
    SLICE_X17Y137        LUT6 (Prop_E6LUT_SLICEL_I0_O)
                                                      0.090     3.548 r  u_icmp/u_icmp_tx/mem_reg_bram_0_i_11/O
                         net (fo=1, routed)           0.187     3.735    u_icmp/u_icmp_tx/mem_reg_bram_0_i_11_n_0
    SLICE_X17Y137        LUT6 (Prop_B6LUT_SLICEL_I5_O)
                                                      0.036     3.771 f  u_icmp/u_icmp_tx/mem_reg_bram_0_i_8/O
                         net (fo=10, routed)          1.226     4.998    u_icmp/u_icmp_tx/por_reg_2_sn_1_bufg_place
    BUFGCE_X0Y50         BUFGCE (Prop_BUFCE_BUFGCE_I_O)
                                                      0.028     5.026 f  u_icmp/u_icmp_tx/mem_reg_bram_0_i_8_bufg_place/O
                         net (fo=2994, routed)        1.265     6.291    u_udp_tx/data_cnt_reg[15]_0
    SLICE_X25Y116        FDCE                                         f  u_udp_tx/cnt_reg[1]/CLR
  -------------------------------------------------------------------    -------------------

                         (clock eth_rxc rise edge)    8.000     8.000 r  
    K22                                               0.000     8.000 r  eth_rxc (IN)
                         net (fo=0)                   0.000     8.000    eth_rxc_IBUF_inst/I
    K22                  INBUF (Prop_INBUF_HPIOB_M_PAD_O)
                                                      0.244     8.244 r  eth_rxc_IBUF_inst/INBUF_INST/O
                         net (fo=1, routed)           0.000     8.244    eth_rxc_IBUF_inst/OUT
    K22                  IBUFCTRL (Prop_IBUFCTRL_HPIOB_M_I_O)
                                                      0.000     8.244 r  eth_rxc_IBUF_inst/IBUFCTRL_INST/O
                         net (fo=2, routed)           0.298     8.542    eth_rxc_IBUF
    BUFGCE_X0Y56         BUFGCE (Prop_BUFCE_BUFGCE_I_O)
                                                      0.024     8.566 r  eth_rxc_IBUF_BUFGCE_collapsed_inst/O
    X0Y2 (CLOCK_ROOT)    net (fo=3420, routed)        1.098     9.663    u_udp_tx/eth_txc_OBUF
    SLICE_X25Y116        FDCE                                         r  u_udp_tx/cnt_reg[1]/C
                         clock pessimism              0.308     9.971    
                         clock uncertainty           -0.535     9.436    
    SLICE_X25Y116        FDCE (Recov_CFF_SLICEM_C_CLR)
                                                     -0.066     9.370    u_udp_tx/cnt_reg[1]
  -------------------------------------------------------------------
                         required time                          9.370    
                         arrival time                          -6.291    
  -------------------------------------------------------------------
                         slack                                  3.079    

Slack (MET) :             3.080ns  (required time - arrival time)
  Source:                 por_reg[6]/C
                            (rising edge-triggered cell FDCE clocked by eth_rxc  {rise@0.000ns fall@4.000ns period=8.000ns})
  Destination:            u_arp/u_arp_tx/arp_data_reg[25][7]/CLR
                            (recovery check against rising-edge clock eth_rxc  {rise@0.000ns fall@4.000ns period=8.000ns})
  Path Group:             **async_default**
  Path Type:              Recovery (Max at Slow Process Corner)
  Requirement:            8.000ns  (eth_rxc rise@8.000ns - eth_rxc rise@0.000ns)
  Data Path Delay:        4.194ns  (logic 0.233ns (5.555%)  route 3.961ns (94.445%))
  Logic Levels:           3  (BUFGCE=1 LUT6=2)
  Clock Path Skew:        -0.124ns (DCD - SCD + CPR)
    Destination Clock Delay (DCD):    1.662ns = ( 9.662 - 8.000 ) 
    Source Clock Delay      (SCD):    2.094ns
    Clock Pessimism Removal (CPR):    0.308ns
  Clock Uncertainty:      0.535ns  ((TSJ^2 + TIJ^2)^1/2 + DJ) / 2 + PE + UU
    Total System Jitter     (TSJ):    0.071ns
    Total Input Jitter      (TIJ):    0.000ns
    Discrete Jitter          (DJ):    0.000ns
    Phase Error              (PE):    0.000ns
    User Uncertainty         (UU):    0.500ns
  Clock Net Delay (Source):      1.237ns (routing 0.171ns, distribution 1.066ns)
  Clock Net Delay (Destination): 1.097ns (routing 0.155ns, distribution 0.942ns)

    Location             Delay type                Incr(ns)  Path(ns)    Netlist Resource(s)
  -------------------------------------------------------------------    -------------------
                         (clock eth_rxc rise edge)    0.000     0.000 r  
    K22                                               0.000     0.000 r  eth_rxc (IN)
                         net (fo=0)                   0.000     0.000    eth_rxc_IBUF_inst/I
    K22                  INBUF (Prop_INBUF_HPIOB_M_PAD_O)
                                                      0.493     0.493 r  eth_rxc_IBUF_inst/INBUF_INST/O
                         net (fo=1, routed)           0.000     0.493    eth_rxc_IBUF_inst/OUT
    K22                  IBUFCTRL (Prop_IBUFCTRL_HPIOB_M_I_O)
                                                      0.000     0.493 r  eth_rxc_IBUF_inst/IBUFCTRL_INST/O
                         net (fo=2, routed)           0.336     0.829    eth_rxc_IBUF
    BUFGCE_X0Y56         BUFGCE (Prop_BUFCE_BUFGCE_I_O)
                                                      0.028     0.857 r  eth_rxc_IBUF_BUFGCE_collapsed_inst/O
    X0Y2 (CLOCK_ROOT)    net (fo=3420, routed)        1.237     2.094    xlnx_opt_
    SLICE_X18Y137        FDCE                                         r  por_reg[6]/C
  -------------------------------------------------------------------    -------------------
    SLICE_X18Y137        FDCE (Prop_FFF_SLICEL_C_Q)
                                                      0.079     2.173 r  por_reg[6]/Q
                         net (fo=3, routed)           1.285     3.458    u_icmp/u_icmp_tx/por_reg[6]
    SLICE_X17Y137        LUT6 (Prop_E6LUT_SLICEL_I0_O)
                                                      0.090     3.548 r  u_icmp/u_icmp_tx/mem_reg_bram_0_i_11/O
                         net (fo=1, routed)           0.187     3.735    u_icmp/u_icmp_tx/mem_reg_bram_0_i_11_n_0
    SLICE_X17Y137        LUT6 (Prop_B6LUT_SLICEL_I5_O)
                                                      0.036     3.771 f  u_icmp/u_icmp_tx/mem_reg_bram_0_i_8/O
                         net (fo=10, routed)          1.226     4.998    u_icmp/u_icmp_tx/por_reg_2_sn_1_bufg_place
    BUFGCE_X0Y50         BUFGCE (Prop_BUFCE_BUFGCE_I_O)
                                                      0.028     5.026 f  u_icmp/u_icmp_tx/mem_reg_bram_0_i_8_bufg_place/O
                         net (fo=2994, routed)        1.263     6.289    u_arp/u_arp_tx/gmii_tx_en_reg_1
    SLICE_X21Y119        FDCE                                         f  u_arp/u_arp_tx/arp_data_reg[25][7]/CLR
  -------------------------------------------------------------------    -------------------

                         (clock eth_rxc rise edge)    8.000     8.000 r  
    K22                                               0.000     8.000 r  eth_rxc (IN)
                         net (fo=0)                   0.000     8.000    eth_rxc_IBUF_inst/I
    K22                  INBUF (Prop_INBUF_HPIOB_M_PAD_O)
                                                      0.244     8.244 r  eth_rxc_IBUF_inst/INBUF_INST/O
                         net (fo=1, routed)           0.000     8.244    eth_rxc_IBUF_inst/OUT
    K22                  IBUFCTRL (Prop_IBUFCTRL_HPIOB_M_I_O)
                                                      0.000     8.244 r  eth_rxc_IBUF_inst/IBUFCTRL_INST/O
                         net (fo=2, routed)           0.298     8.542    eth_rxc_IBUF
    BUFGCE_X0Y56         BUFGCE (Prop_BUFCE_BUFGCE_I_O)
                                                      0.024     8.566 r  eth_rxc_IBUF_BUFGCE_collapsed_inst/O
    X0Y2 (CLOCK_ROOT)    net (fo=3420, routed)        1.097     9.662    u_arp/u_arp_tx/eth_txc_OBUF
    SLICE_X21Y119        FDCE                                         r  u_arp/u_arp_tx/arp_data_reg[25][7]/C
                         clock pessimism              0.308     9.970    
                         clock uncertainty           -0.535     9.435    
    SLICE_X21Y119        FDCE (Recov_DFF2_SLICEM_C_CLR)
                                                     -0.066     9.369    u_arp/u_arp_tx/arp_data_reg[25][7]
  -------------------------------------------------------------------
                         required time                          9.369    
                         arrival time                          -6.289    
  -------------------------------------------------------------------
                         slack                                  3.080    

Slack (MET) :             3.080ns  (required time - arrival time)
  Source:                 por_reg[6]/C
                            (rising edge-triggered cell FDCE clocked by eth_rxc  {rise@0.000ns fall@4.000ns period=8.000ns})
  Destination:            u_arp/u_arp_tx/arp_data_reg[26][7]/CLR
                            (recovery check against rising-edge clock eth_rxc  {rise@0.000ns fall@4.000ns period=8.000ns})
  Path Group:             **async_default**
  Path Type:              Recovery (Max at Slow Process Corner)
  Requirement:            8.000ns  (eth_rxc rise@8.000ns - eth_rxc rise@0.000ns)
  Data Path Delay:        4.194ns  (logic 0.233ns (5.555%)  route 3.961ns (94.445%))
  Logic Levels:           3  (BUFGCE=1 LUT6=2)
  Clock Path Skew:        -0.124ns (DCD - SCD + CPR)
    Destination Clock Delay (DCD):    1.662ns = ( 9.662 - 8.000 ) 
    Source Clock Delay      (SCD):    2.094ns
    Clock Pessimism Removal (CPR):    0.308ns
  Clock Uncertainty:      0.535ns  ((TSJ^2 + TIJ^2)^1/2 + DJ) / 2 + PE + UU
    Total System Jitter     (TSJ):    0.071ns
    Total Input Jitter      (TIJ):    0.000ns
    Discrete Jitter          (DJ):    0.000ns
    Phase Error              (PE):    0.000ns
    User Uncertainty         (UU):    0.500ns
  Clock Net Delay (Source):      1.237ns (routing 0.171ns, distribution 1.066ns)
  Clock Net Delay (Destination): 1.097ns (routing 0.155ns, distribution 0.942ns)

    Location             Delay type                Incr(ns)  Path(ns)    Netlist Resource(s)
  -------------------------------------------------------------------    -------------------
                         (clock eth_rxc rise edge)    0.000     0.000 r  
    K22                                               0.000     0.000 r  eth_rxc (IN)
                         net (fo=0)                   0.000     0.000    eth_rxc_IBUF_inst/I
    K22                  INBUF (Prop_INBUF_HPIOB_M_PAD_O)
                                                      0.493     0.493 r  eth_rxc_IBUF_inst/INBUF_INST/O
                         net (fo=1, routed)           0.000     0.493    eth_rxc_IBUF_inst/OUT
    K22                  IBUFCTRL (Prop_IBUFCTRL_HPIOB_M_I_O)
                                                      0.000     0.493 r  eth_rxc_IBUF_inst/IBUFCTRL_INST/O
                         net (fo=2, routed)           0.336     0.829    eth_rxc_IBUF
    BUFGCE_X0Y56         BUFGCE (Prop_BUFCE_BUFGCE_I_O)
                                                      0.028     0.857 r  eth_rxc_IBUF_BUFGCE_collapsed_inst/O
    X0Y2 (CLOCK_ROOT)    net (fo=3420, routed)        1.237     2.094    xlnx_opt_
    SLICE_X18Y137        FDCE                                         r  por_reg[6]/C
  -------------------------------------------------------------------    -------------------
    SLICE_X18Y137        FDCE (Prop_FFF_SLICEL_C_Q)
                                                      0.079     2.173 r  por_reg[6]/Q
                         net (fo=3, routed)           1.285     3.458    u_icmp/u_icmp_tx/por_reg[6]
    SLICE_X17Y137        LUT6 (Prop_E6LUT_SLICEL_I0_O)
                                                      0.090     3.548 r  u_icmp/u_icmp_tx/mem_reg_bram_0_i_11/O
                         net (fo=1, routed)           0.187     3.735    u_icmp/u_icmp_tx/mem_reg_bram_0_i_11_n_0
    SLICE_X17Y137        LUT6 (Prop_B6LUT_SLICEL_I5_O)
                                                      0.036     3.771 f  u_icmp/u_icmp_tx/mem_reg_bram_0_i_8/O
                         net (fo=10, routed)          1.226     4.998    u_icmp/u_icmp_tx/por_reg_2_sn_1_bufg_place
    BUFGCE_X0Y50         BUFGCE (Prop_BUFCE_BUFGCE_I_O)
                                                      0.028     5.026 f  u_icmp/u_icmp_tx/mem_reg_bram_0_i_8_bufg_place/O
                         net (fo=2994, routed)        1.263     6.289    u_arp/u_arp_tx/gmii_tx_en_reg_1
    SLICE_X21Y119        FDCE                                         f  u_arp/u_arp_tx/arp_data_reg[26][7]/CLR
  -------------------------------------------------------------------    -------------------

                         (clock eth_rxc rise edge)    8.000     8.000 r  
    K22                                               0.000     8.000 r  eth_rxc (IN)
                         net (fo=0)                   0.000     8.000    eth_rxc_IBUF_inst/I
    K22                  INBUF (Prop_INBUF_HPIOB_M_PAD_O)
                                                      0.244     8.244 r  eth_rxc_IBUF_inst/INBUF_INST/O
                         net (fo=1, routed)           0.000     8.244    eth_rxc_IBUF_inst/OUT
    K22                  IBUFCTRL (Prop_IBUFCTRL_HPIOB_M_I_O)
                                                      0.000     8.244 r  eth_rxc_IBUF_inst/IBUFCTRL_INST/O
                         net (fo=2, routed)           0.298     8.542    eth_rxc_IBUF
    BUFGCE_X0Y56         BUFGCE (Prop_BUFCE_BUFGCE_I_O)
                                                      0.024     8.566 r  eth_rxc_IBUF_BUFGCE_collapsed_inst/O
    X0Y2 (CLOCK_ROOT)    net (fo=3420, routed)        1.097     9.662    u_arp/u_arp_tx/eth_txc_OBUF
    SLICE_X21Y119        FDCE                                         r  u_arp/u_arp_tx/arp_data_reg[26][7]/C
                         clock pessimism              0.308     9.970    
                         clock uncertainty           -0.535     9.435    
    SLICE_X21Y119        FDCE (Recov_CFF2_SLICEM_C_CLR)
                                                     -0.066     9.369    u_arp/u_arp_tx/arp_data_reg[26][7]
  -------------------------------------------------------------------
                         required time                          9.369    
                         arrival time                          -6.289    
  -------------------------------------------------------------------
                         slack                                  3.080    

Slack (MET) :             3.080ns  (required time - arrival time)
  Source:                 por_reg[6]/C
                            (rising edge-triggered cell FDCE clocked by eth_rxc  {rise@0.000ns fall@4.000ns period=8.000ns})
  Destination:            u_arp/u_arp_tx/eth_head_reg[5][7]/PRE
                            (recovery check against rising-edge clock eth_rxc  {rise@0.000ns fall@4.000ns period=8.000ns})
  Path Group:             **async_default**
  Path Type:              Recovery (Max at Slow Process Corner)
  Requirement:            8.000ns  (eth_rxc rise@8.000ns - eth_rxc rise@0.000ns)
  Data Path Delay:        4.194ns  (logic 0.233ns (5.555%)  route 3.961ns (94.445%))
  Logic Levels:           3  (BUFGCE=1 LUT6=2)
  Clock Path Skew:        -0.124ns (DCD - SCD + CPR)
    Destination Clock Delay (DCD):    1.662ns = ( 9.662 - 8.000 ) 
    Source Clock Delay      (SCD):    2.094ns
    Clock Pessimism Removal (CPR):    0.308ns
  Clock Uncertainty:      0.535ns  ((TSJ^2 + TIJ^2)^1/2 + DJ) / 2 + PE + UU
    Total System Jitter     (TSJ):    0.071ns
    Total Input Jitter      (TIJ):    0.000ns
    Discrete Jitter          (DJ):    0.000ns
    Phase Error              (PE):    0.000ns
    User Uncertainty         (UU):    0.500ns
  Clock Net Delay (Source):      1.237ns (routing 0.171ns, distribution 1.066ns)
  Clock Net Delay (Destination): 1.097ns (routing 0.155ns, distribution 0.942ns)

    Location             Delay type                Incr(ns)  Path(ns)    Netlist Resource(s)
  -------------------------------------------------------------------    -------------------
                         (clock eth_rxc rise edge)    0.000     0.000 r  
    K22                                               0.000     0.000 r  eth_rxc (IN)
                         net (fo=0)                   0.000     0.000    eth_rxc_IBUF_inst/I
    K22                  INBUF (Prop_INBUF_HPIOB_M_PAD_O)
                                                      0.493     0.493 r  eth_rxc_IBUF_inst/INBUF_INST/O
                         net (fo=1, routed)           0.000     0.493    eth_rxc_IBUF_inst/OUT
    K22                  IBUFCTRL (Prop_IBUFCTRL_HPIOB_M_I_O)
                                                      0.000     0.493 r  eth_rxc_IBUF_inst/IBUFCTRL_INST/O
                         net (fo=2, routed)           0.336     0.829    eth_rxc_IBUF
    BUFGCE_X0Y56         BUFGCE (Prop_BUFCE_BUFGCE_I_O)
                                                      0.028     0.857 r  eth_rxc_IBUF_BUFGCE_collapsed_inst/O
    X0Y2 (CLOCK_ROOT)    net (fo=3420, routed)        1.237     2.094    xlnx_opt_
    SLICE_X18Y137        FDCE                                         r  por_reg[6]/C
  -------------------------------------------------------------------    -------------------
    SLICE_X18Y137        FDCE (Prop_FFF_SLICEL_C_Q)
                                                      0.079     2.173 r  por_reg[6]/Q
                         net (fo=3, routed)           1.285     3.458    u_icmp/u_icmp_tx/por_reg[6]
    SLICE_X17Y137        LUT6 (Prop_E6LUT_SLICEL_I0_O)
                                                      0.090     3.548 r  u_icmp/u_icmp_tx/mem_reg_bram_0_i_11/O
                         net (fo=1, routed)           0.187     3.735    u_icmp/u_icmp_tx/mem_reg_bram_0_i_11_n_0
    SLICE_X17Y137        LUT6 (Prop_B6LUT_SLICEL_I5_O)
                                                      0.036     3.771 f  u_icmp/u_icmp_tx/mem_reg_bram_0_i_8/O
                         net (fo=10, routed)          1.226     4.998    u_icmp/u_icmp_tx/por_reg_2_sn_1_bufg_place
    BUFGCE_X0Y50         BUFGCE (Prop_BUFCE_BUFGCE_I_O)
                                                      0.028     5.026 f  u_icmp/u_icmp_tx/mem_reg_bram_0_i_8_bufg_place/O
                         net (fo=2994, routed)        1.263     6.289    u_arp/u_arp_tx/gmii_tx_en_reg_1
    SLICE_X21Y119        FDPE                                         f  u_arp/u_arp_tx/eth_head_reg[5][7]/PRE
  -------------------------------------------------------------------    -------------------

                         (clock eth_rxc rise edge)    8.000     8.000 r  
    K22                                               0.000     8.000 r  eth_rxc (IN)
                         net (fo=0)                   0.000     8.000    eth_rxc_IBUF_inst/I
    K22                  INBUF (Prop_INBUF_HPIOB_M_PAD_O)
                                                      0.244     8.244 r  eth_rxc_IBUF_inst/INBUF_INST/O
                         net (fo=1, routed)           0.000     8.244    eth_rxc_IBUF_inst/OUT
    K22                  IBUFCTRL (Prop_IBUFCTRL_HPIOB_M_I_O)
                                                      0.000     8.244 r  eth_rxc_IBUF_inst/IBUFCTRL_INST/O
                         net (fo=2, routed)           0.298     8.542    eth_rxc_IBUF
    BUFGCE_X0Y56         BUFGCE (Prop_BUFCE_BUFGCE_I_O)
                                                      0.024     8.566 r  eth_rxc_IBUF_BUFGCE_collapsed_inst/O
    X0Y2 (CLOCK_ROOT)    net (fo=3420, routed)        1.097     9.662    u_arp/u_arp_tx/eth_txc_OBUF
    SLICE_X21Y119        FDPE                                         r  u_arp/u_arp_tx/eth_head_reg[5][7]/C
                         clock pessimism              0.308     9.970    
                         clock uncertainty           -0.535     9.435    
    SLICE_X21Y119        FDPE (Recov_BFF2_SLICEM_C_PRE)
                                                     -0.066     9.369    u_arp/u_arp_tx/eth_head_reg[5][7]
  -------------------------------------------------------------------
                         required time                          9.369    
                         arrival time                          -6.289    
  -------------------------------------------------------------------
                         slack                                  3.080    




