Copyright 1986-2022 Xilinx, Inc. All Rights Reserved. Copyright 2022-2026 Advanced Micro Devices, Inc. All Rights Reserved.
------------------------------------------------------------------------------------------------------------------------------------------------------------
| Tool Version      : Vivado v.2025.2.1 (win64) Build 6403652 Thu Mar 19 19:48:24 GMT 2026
| Date              : Wed Sep 23 22:14:59 2026
| Host              : Uie-laptop running 64-bit major release  (build 9200)
| Command           : report_timing -delay_type min -max_paths 4 -nworst 2 -sort_by group -file D:/Xilinx/Prj/pro/Video_Processing/ku5p/build/ku5p_hold.rpt
| Design            : ku5p_eth_top
| Device            : xcku5p-ffvb676
| Speed File        : -2  PRODUCTION 1.29 05-01-2022
| Design State      : Routed
| Temperature Grade : I
------------------------------------------------------------------------------------------------------------------------------------------------------------

Timing Report

Slack (MET) :             0.012ns  (arrival time - required time)
  Source:                 u_arp/u_arp_rx/des_ip_t_reg[22]/C
                            (rising edge-triggered cell FDCE clocked by eth_rxc  {rise@0.000ns fall@4.000ns period=8.000ns})
  Destination:            u_arp/u_arp_rx/des_ip_t_reg[30]/D
                            (rising edge-triggered cell FDCE clocked by eth_rxc  {rise@0.000ns fall@4.000ns period=8.000ns})
  Path Group:             eth_rxc
  Path Type:              Hold (Min at Fast Process Corner)
  Requirement:            0.000ns  (eth_rxc rise@0.000ns - eth_rxc rise@0.000ns)
  Data Path Delay:        0.564ns  (logic 0.099ns (17.556%)  route 0.465ns (82.444%))
  Logic Levels:           1  (LUT4=1)
  Clock Path Skew:        0.006ns (DCD - SCD - CPR)
    Destination Clock Delay (DCD):    1.311ns
    Source Clock Delay      (SCD):    0.990ns
    Clock Pessimism Removal (CPR):    0.316ns
  Clock Uncertainty:      0.500ns  ((TSJ^2 + TIJ^2)^1/2 + DJ) / 2 + PE + UU
    Total System Jitter     (TSJ):    0.000ns
    Total Input Jitter      (TIJ):    0.000ns
    Discrete Jitter          (DJ):    0.000ns
    Phase Error              (PE):    0.000ns
    User Uncertainty         (UU):    0.500ns
  Clock Net Delay (Source):      0.693ns (routing 0.096ns, distribution 0.597ns)
  Clock Net Delay (Destination): 0.790ns (routing 0.108ns, distribution 0.682ns)

    Location             Delay type                Incr(ns)  Path(ns)    Netlist Resource(s)
  -------------------------------------------------------------------    -------------------
                         (clock eth_rxc rise edge)    0.000     0.000 r  
    K22                                               0.000     0.000 r  eth_rxc (IN)
                         net (fo=0)                   0.000     0.000    eth_rxc_IBUF_inst/I
    K22                  INBUF (Prop_INBUF_HPIOB_M_PAD_O)
                                                      0.129     0.129 r  eth_rxc_IBUF_inst/INBUF_INST/O
                         net (fo=1, routed)           0.000     0.129    eth_rxc_IBUF_inst/OUT
    K22                  IBUFCTRL (Prop_IBUFCTRL_HPIOB_M_I_O)
                                                      0.000     0.129 r  eth_rxc_IBUF_inst/IBUFCTRL_INST/O
                         net (fo=2, routed)           0.151     0.280    eth_rxc_IBUF
    BUFGCE_X0Y56         BUFGCE (Prop_BUFCE_BUFGCE_I_O)
                                                      0.017     0.297 r  eth_rxc_IBUF_BUFGCE_collapsed_inst/O
    X0Y2 (CLOCK_ROOT)    net (fo=3420, routed)        0.693     0.990    u_arp/u_arp_rx/eth_txc_OBUF
    SLICE_X20Y131        FDCE                                         r  u_arp/u_arp_rx/des_ip_t_reg[22]/C
  -------------------------------------------------------------------    -------------------
    SLICE_X20Y131        FDCE (Prop_DFF_SLICEM_C_Q)
                                                      0.039     1.029 r  u_arp/u_arp_rx/des_ip_t_reg[22]/Q
                         net (fo=2, routed)           0.444     1.472    u_arp/u_arp_rx/des_ip_t_reg_n_0_[22]
    SLICE_X20Y131        LUT4 (Prop_B6LUT_SLICEM_I0_O)
                                                      0.060     1.532 r  u_arp/u_arp_rx/des_ip_t[30]_i_1/O
                         net (fo=1, routed)           0.021     1.553    u_arp/u_arp_rx/des_ip_t[30]_i_1_n_0
    SLICE_X20Y131        FDCE                                         r  u_arp/u_arp_rx/des_ip_t_reg[30]/D
  -------------------------------------------------------------------    -------------------

                         (clock eth_rxc rise edge)    0.000     0.000 r  
    K22                                               0.000     0.000 r  eth_rxc (IN)
                         net (fo=0)                   0.000     0.000    eth_rxc_IBUF_inst/I
    K22                  INBUF (Prop_INBUF_HPIOB_M_PAD_O)
                                                      0.313     0.313 r  eth_rxc_IBUF_inst/INBUF_INST/O
                         net (fo=1, routed)           0.000     0.313    eth_rxc_IBUF_inst/OUT
    K22                  IBUFCTRL (Prop_IBUFCTRL_HPIOB_M_I_O)
                                                      0.000     0.313 r  eth_rxc_IBUF_inst/IBUFCTRL_INST/O
                         net (fo=2, routed)           0.189     0.502    eth_rxc_IBUF
    BUFGCE_X0Y56         BUFGCE (Prop_BUFCE_BUFGCE_I_O)
                                                      0.019     0.521 r  eth_rxc_IBUF_BUFGCE_collapsed_inst/O
    X0Y2 (CLOCK_ROOT)    net (fo=3420, routed)        0.790     1.311    u_arp/u_arp_rx/eth_txc_OBUF
    SLICE_X20Y131        FDCE                                         r  u_arp/u_arp_rx/des_ip_t_reg[30]/C
                         clock pessimism             -0.316     0.996    
                         clock uncertainty            0.500     1.496    
    SLICE_X20Y131        FDCE (Hold_BFF_SLICEM_C_D)
                                                      0.046     1.542    u_arp/u_arp_rx/des_ip_t_reg[30]
  -------------------------------------------------------------------
                         required time                         -1.542    
                         arrival time                           1.553    
  -------------------------------------------------------------------
                         slack                                  0.012    

Slack (MET) :             0.012ns  (arrival time - required time)
  Source:                 u_arp/u_arp_rx/des_ip_t_reg[22]/C
                            (rising edge-triggered cell FDCE clocked by eth_rxc  {rise@0.000ns fall@4.000ns period=8.000ns})
  Destination:            u_arp/u_arp_rx/des_ip_t_reg[30]/D
                            (rising edge-triggered cell FDCE clocked by eth_rxc  {rise@0.000ns fall@4.000ns period=8.000ns})
  Path Group:             eth_rxc
  Path Type:              Hold (Min at Fast Process Corner)
  Requirement:            0.000ns  (eth_rxc rise@0.000ns - eth_rxc rise@0.000ns)
  Data Path Delay:        0.564ns  (logic 0.099ns (17.556%)  route 0.465ns (82.444%))
  Logic Levels:           1  (LUT4=1)
  Clock Path Skew:        0.006ns (DCD - SCD - CPR)
    Destination Clock Delay (DCD):    1.311ns
    Source Clock Delay      (SCD):    0.990ns
    Clock Pessimism Removal (CPR):    0.316ns
  Clock Uncertainty:      0.500ns  ((TSJ^2 + TIJ^2)^1/2 + DJ) / 2 + PE + UU
    Total System Jitter     (TSJ):    0.000ns
    Total Input Jitter      (TIJ):    0.000ns
    Discrete Jitter          (DJ):    0.000ns
    Phase Error              (PE):    0.000ns
    User Uncertainty         (UU):    0.500ns
  Clock Net Delay (Source):      0.693ns (routing 0.096ns, distribution 0.597ns)
  Clock Net Delay (Destination): 0.790ns (routing 0.108ns, distribution 0.682ns)

    Location             Delay type                Incr(ns)  Path(ns)    Netlist Resource(s)
  -------------------------------------------------------------------    -------------------
                         (clock eth_rxc rise edge)    0.000     0.000 r  
    K22                                               0.000     0.000 r  eth_rxc (IN)
                         net (fo=0)                   0.000     0.000    eth_rxc_IBUF_inst/I
    K22                  INBUF (Prop_INBUF_HPIOB_M_PAD_O)
                                                      0.129     0.129 r  eth_rxc_IBUF_inst/INBUF_INST/O
                         net (fo=1, routed)           0.000     0.129    eth_rxc_IBUF_inst/OUT
    K22                  IBUFCTRL (Prop_IBUFCTRL_HPIOB_M_I_O)
                                                      0.000     0.129 r  eth_rxc_IBUF_inst/IBUFCTRL_INST/O
                         net (fo=2, routed)           0.151     0.280    eth_rxc_IBUF
    BUFGCE_X0Y56         BUFGCE (Prop_BUFCE_BUFGCE_I_O)
                                                      0.017     0.297 r  eth_rxc_IBUF_BUFGCE_collapsed_inst/O
    X0Y2 (CLOCK_ROOT)    net (fo=3420, routed)        0.693     0.990    u_arp/u_arp_rx/eth_txc_OBUF
    SLICE_X20Y131        FDCE                                         r  u_arp/u_arp_rx/des_ip_t_reg[22]/C
  -------------------------------------------------------------------    -------------------
    SLICE_X20Y131        FDCE (Prop_DFF_SLICEM_C_Q)
                                                      0.039     1.029 f  u_arp/u_arp_rx/des_ip_t_reg[22]/Q
                         net (fo=2, routed)           0.444     1.472    u_arp/u_arp_rx/des_ip_t_reg_n_0_[22]
    SLICE_X20Y131        LUT4 (Prop_B6LUT_SLICEM_I0_O)
                                                      0.060     1.532 f  u_arp/u_arp_rx/des_ip_t[30]_i_1/O
                         net (fo=1, routed)           0.021     1.553    u_arp/u_arp_rx/des_ip_t[30]_i_1_n_0
    SLICE_X20Y131        FDCE                                         f  u_arp/u_arp_rx/des_ip_t_reg[30]/D
  -------------------------------------------------------------------    -------------------

                         (clock eth_rxc rise edge)    0.000     0.000 r  
    K22                                               0.000     0.000 r  eth_rxc (IN)
                         net (fo=0)                   0.000     0.000    eth_rxc_IBUF_inst/I
    K22                  INBUF (Prop_INBUF_HPIOB_M_PAD_O)
                                                      0.313     0.313 r  eth_rxc_IBUF_inst/INBUF_INST/O
                         net (fo=1, routed)           0.000     0.313    eth_rxc_IBUF_inst/OUT
    K22                  IBUFCTRL (Prop_IBUFCTRL_HPIOB_M_I_O)
                                                      0.000     0.313 r  eth_rxc_IBUF_inst/IBUFCTRL_INST/O
                         net (fo=2, routed)           0.189     0.502    eth_rxc_IBUF
    BUFGCE_X0Y56         BUFGCE (Prop_BUFCE_BUFGCE_I_O)
                                                      0.019     0.521 r  eth_rxc_IBUF_BUFGCE_collapsed_inst/O
    X0Y2 (CLOCK_ROOT)    net (fo=3420, routed)        0.790     1.311    u_arp/u_arp_rx/eth_txc_OBUF
    SLICE_X20Y131        FDCE                                         r  u_arp/u_arp_rx/des_ip_t_reg[30]/C
                         clock pessimism             -0.316     0.996    
                         clock uncertainty            0.500     1.496    
    SLICE_X20Y131        FDCE (Hold_BFF_SLICEM_C_D)
                                                      0.046     1.542    u_arp/u_arp_rx/des_ip_t_reg[30]
  -------------------------------------------------------------------
                         required time                         -1.542    
                         arrival time                           1.553    
  -------------------------------------------------------------------
                         slack                                  0.012    

Slack (MET) :             0.020ns  (arrival time - required time)
  Source:                 u_fb/hi_reg_bram_13/CLKBWRCLK
                            (rising edge-triggered cell RAMB36E2 clocked by eth_rxc  {rise@0.000ns fall@4.000ns period=8.000ns})
  Destination:            rd_xor_reg[9]/D
                            (rising edge-triggered cell FDCE clocked by eth_rxc  {rise@0.000ns fall@4.000ns period=8.000ns})
  Path Group:             eth_rxc
  Path Type:              Hold (Min at Fast Process Corner)
  Requirement:            0.000ns  (eth_rxc rise@0.000ns - eth_rxc rise@0.000ns)
  Data Path Delay:        0.640ns  (logic 0.200ns (31.250%)  route 0.440ns (68.750%))
  Logic Levels:           2  (LUT5=1 LUT6=1)
  Clock Path Skew:        0.074ns (DCD - SCD - CPR)
    Destination Clock Delay (DCD):    1.324ns
    Source Clock Delay      (SCD):    1.013ns
    Clock Pessimism Removal (CPR):    0.237ns
  Clock Uncertainty:      0.500ns  ((TSJ^2 + TIJ^2)^1/2 + DJ) / 2 + PE + UU
    Total System Jitter     (TSJ):    0.000ns
    Total Input Jitter      (TIJ):    0.000ns
    Discrete Jitter          (DJ):    0.000ns
    Phase Error              (PE):    0.000ns
    User Uncertainty         (UU):    0.500ns
  Clock Net Delay (Source):      0.717ns (routing 0.096ns, distribution 0.621ns)
  Clock Net Delay (Destination): 0.803ns (routing 0.108ns, distribution 0.695ns)

    Location             Delay type                Incr(ns)  Path(ns)    Netlist Resource(s)
  -------------------------------------------------------------------    -------------------
                         (clock eth_rxc rise edge)    0.000     0.000 r  
    K22                                               0.000     0.000 r  eth_rxc (IN)
                         net (fo=0)                   0.000     0.000    eth_rxc_IBUF_inst/I
    K22                  INBUF (Prop_INBUF_HPIOB_M_PAD_O)
                                                      0.129     0.129 r  eth_rxc_IBUF_inst/INBUF_INST/O
                         net (fo=1, routed)           0.000     0.129    eth_rxc_IBUF_inst/OUT
    K22                  IBUFCTRL (Prop_IBUFCTRL_HPIOB_M_I_O)
                                                      0.000     0.129 r  eth_rxc_IBUF_inst/IBUFCTRL_INST/O
                         net (fo=2, routed)           0.151     0.280    eth_rxc_IBUF
    BUFGCE_X0Y56         BUFGCE (Prop_BUFCE_BUFGCE_I_O)
                                                      0.017     0.297 r  eth_rxc_IBUF_BUFGCE_collapsed_inst/O
    X0Y2 (CLOCK_ROOT)    net (fo=3420, routed)        0.717     1.013    u_fb/eth_txc_OBUF
    RAMB36_X1Y34         RAMB36E2                                     r  u_fb/hi_reg_bram_13/CLKBWRCLK
  -------------------------------------------------------------------    -------------------
    RAMB36_X1Y34         RAMB36E2 (Prop_RAMB36E2_RAMB36_CLKBWRCLK_DOUTBDOUT[3])
                                                      0.128     1.141 r  u_fb/hi_reg_bram_13/DOUTBDOUT[3]
                         net (fo=1, routed)           0.140     1.281    u_fb/q_hi[57]
    SLICE_X14Y173        LUT6 (Prop_F6LUT_SLICEL_I0_O)
                                                      0.022     1.303 r  u_fb/rd_xor[9]_i_2/O
                         net (fo=1, routed)           0.284     1.587    u_fb/rd_xor[9]_i_2_n_0
    SLICE_X14Y192        LUT5 (Prop_D6LUT_SLICEL_I1_O)
                                                      0.050     1.637 r  u_fb/rd_xor[9]_i_1/O
                         net (fo=1, routed)           0.016     1.653    u_fb_n_7
    SLICE_X14Y192        FDCE                                         r  rd_xor_reg[9]/D
  -------------------------------------------------------------------    -------------------

                         (clock eth_rxc rise edge)    0.000     0.000 r  
    K22                                               0.000     0.000 r  eth_rxc (IN)
                         net (fo=0)                   0.000     0.000    eth_rxc_IBUF_inst/I
    K22                  INBUF (Prop_INBUF_HPIOB_M_PAD_O)
                                                      0.313     0.313 r  eth_rxc_IBUF_inst/INBUF_INST/O
                         net (fo=1, routed)           0.000     0.313    eth_rxc_IBUF_inst/OUT
    K22                  IBUFCTRL (Prop_IBUFCTRL_HPIOB_M_I_O)
                                                      0.000     0.313 r  eth_rxc_IBUF_inst/IBUFCTRL_INST/O
                         net (fo=2, routed)           0.189     0.502    eth_rxc_IBUF
    BUFGCE_X0Y56         BUFGCE (Prop_BUFCE_BUFGCE_I_O)
                                                      0.019     0.521 r  eth_rxc_IBUF_BUFGCE_collapsed_inst/O
    X0Y2 (CLOCK_ROOT)    net (fo=3420, routed)        0.803     1.324    eth_txc_OBUF
    SLICE_X14Y192        FDCE                                         r  rd_xor_reg[9]/C
                         clock pessimism             -0.237     1.088    
                         clock uncertainty            0.500     1.588    
    SLICE_X14Y192        FDCE (Hold_DFF_SLICEL_C_D)
                                                      0.046     1.634    rd_xor_reg[9]
  -------------------------------------------------------------------
                         required time                         -1.634    
                         arrival time                           1.653    
  -------------------------------------------------------------------
                         slack                                  0.020    

Slack (MET) :             0.020ns  (arrival time - required time)
  Source:                 u_fb/hi_reg_bram_13/CLKBWRCLK
                            (rising edge-triggered cell RAMB36E2 clocked by eth_rxc  {rise@0.000ns fall@4.000ns period=8.000ns})
  Destination:            rd_xor_reg[9]/D
                            (rising edge-triggered cell FDCE clocked by eth_rxc  {rise@0.000ns fall@4.000ns period=8.000ns})
  Path Group:             eth_rxc
  Path Type:              Hold (Min at Fast Process Corner)
  Requirement:            0.000ns  (eth_rxc rise@0.000ns - eth_rxc rise@0.000ns)
  Data Path Delay:        0.640ns  (logic 0.200ns (31.250%)  route 0.440ns (68.750%))
  Logic Levels:           2  (LUT5=1 LUT6=1)
  Clock Path Skew:        0.074ns (DCD - SCD - CPR)
    Destination Clock Delay (DCD):    1.324ns
    Source Clock Delay      (SCD):    1.013ns
    Clock Pessimism Removal (CPR):    0.237ns
  Clock Uncertainty:      0.500ns  ((TSJ^2 + TIJ^2)^1/2 + DJ) / 2 + PE + UU
    Total System Jitter     (TSJ):    0.000ns
    Total Input Jitter      (TIJ):    0.000ns
    Discrete Jitter          (DJ):    0.000ns
    Phase Error              (PE):    0.000ns
    User Uncertainty         (UU):    0.500ns
  Clock Net Delay (Source):      0.717ns (routing 0.096ns, distribution 0.621ns)
  Clock Net Delay (Destination): 0.803ns (routing 0.108ns, distribution 0.695ns)

    Location             Delay type                Incr(ns)  Path(ns)    Netlist Resource(s)
  -------------------------------------------------------------------    -------------------
                         (clock eth_rxc rise edge)    0.000     0.000 r  
    K22                                               0.000     0.000 r  eth_rxc (IN)
                         net (fo=0)                   0.000     0.000    eth_rxc_IBUF_inst/I
    K22                  INBUF (Prop_INBUF_HPIOB_M_PAD_O)
                                                      0.129     0.129 r  eth_rxc_IBUF_inst/INBUF_INST/O
                         net (fo=1, routed)           0.000     0.129    eth_rxc_IBUF_inst/OUT
    K22                  IBUFCTRL (Prop_IBUFCTRL_HPIOB_M_I_O)
                                                      0.000     0.129 r  eth_rxc_IBUF_inst/IBUFCTRL_INST/O
                         net (fo=2, routed)           0.151     0.280    eth_rxc_IBUF
    BUFGCE_X0Y56         BUFGCE (Prop_BUFCE_BUFGCE_I_O)
                                                      0.017     0.297 r  eth_rxc_IBUF_BUFGCE_collapsed_inst/O
    X0Y2 (CLOCK_ROOT)    net (fo=3420, routed)        0.717     1.013    u_fb/eth_txc_OBUF
    RAMB36_X1Y34         RAMB36E2                                     r  u_fb/hi_reg_bram_13/CLKBWRCLK
  -------------------------------------------------------------------    -------------------
    RAMB36_X1Y34         RAMB36E2 (Prop_RAMB36E2_RAMB36_CLKBWRCLK_DOUTBDOUT[3])
                                                      0.128     1.141 f  u_fb/hi_reg_bram_13/DOUTBDOUT[3]
                         net (fo=1, routed)           0.140     1.281    u_fb/q_hi[57]
    SLICE_X14Y173        LUT6 (Prop_F6LUT_SLICEL_I0_O)
                                                      0.022     1.303 f  u_fb/rd_xor[9]_i_2/O
                         net (fo=1, routed)           0.284     1.587    u_fb/rd_xor[9]_i_2_n_0
    SLICE_X14Y192        LUT5 (Prop_D6LUT_SLICEL_I1_O)
                                                      0.050     1.637 r  u_fb/rd_xor[9]_i_1/O
                         net (fo=1, routed)           0.016     1.653    u_fb_n_7
    SLICE_X14Y192        FDCE                                         r  rd_xor_reg[9]/D
  -------------------------------------------------------------------    -------------------

                         (clock eth_rxc rise edge)    0.000     0.000 r  
    K22                                               0.000     0.000 r  eth_rxc (IN)
                         net (fo=0)                   0.000     0.000    eth_rxc_IBUF_inst/I
    K22                  INBUF (Prop_INBUF_HPIOB_M_PAD_O)
                                                      0.313     0.313 r  eth_rxc_IBUF_inst/INBUF_INST/O
                         net (fo=1, routed)           0.000     0.313    eth_rxc_IBUF_inst/OUT
    K22                  IBUFCTRL (Prop_IBUFCTRL_HPIOB_M_I_O)
                                                      0.000     0.313 r  eth_rxc_IBUF_inst/IBUFCTRL_INST/O
                         net (fo=2, routed)           0.189     0.502    eth_rxc_IBUF
    BUFGCE_X0Y56         BUFGCE (Prop_BUFCE_BUFGCE_I_O)
                                                      0.019     0.521 r  eth_rxc_IBUF_BUFGCE_collapsed_inst/O
    X0Y2 (CLOCK_ROOT)    net (fo=3420, routed)        0.803     1.324    eth_txc_OBUF
    SLICE_X14Y192        FDCE                                         r  rd_xor_reg[9]/C
                         clock pessimism             -0.237     1.088    
                         clock uncertainty            0.500     1.588    
    SLICE_X14Y192        FDCE (Hold_DFF_SLICEL_C_D)
                                                      0.046     1.634    rd_xor_reg[9]
  -------------------------------------------------------------------
                         required time                         -1.634    
                         arrival time                           1.653    
  -------------------------------------------------------------------
                         slack                                  0.020    

Slack (MET) :             0.220ns  (arrival time - required time)
  Source:                 por_reg[1]/C
                            (rising edge-triggered cell FDCE clocked by eth_rxc  {rise@0.000ns fall@4.000ns period=8.000ns})
  Destination:            icmp_dly_reg[2]/CLR
                            (removal check against rising-edge clock eth_rxc  {rise@0.000ns fall@4.000ns period=8.000ns})
  Path Group:             **async_default**
  Path Type:              Removal (Min at Fast Process Corner)
  Requirement:            0.000ns  (eth_rxc rise@0.000ns - eth_rxc rise@0.000ns)
  Data Path Delay:        0.744ns  (logic 0.088ns (11.824%)  route 0.656ns (88.176%))
  Logic Levels:           1  (LUT6=1)
  Clock Path Skew:        0.045ns (DCD - SCD - CPR)
    Destination Clock Delay (DCD):    1.312ns
    Source Clock Delay      (SCD):    0.998ns
    Clock Pessimism Removal (CPR):    0.269ns
  Clock Uncertainty:      0.500ns  ((TSJ^2 + TIJ^2)^1/2 + DJ) / 2 + PE + UU
    Total System Jitter     (TSJ):    0.000ns
    Total Input Jitter      (TIJ):    0.000ns
    Discrete Jitter          (DJ):    0.000ns
    Phase Error              (PE):    0.000ns
    User Uncertainty         (UU):    0.500ns
  Clock Net Delay (Source):      0.701ns (routing 0.096ns, distribution 0.605ns)
  Clock Net Delay (Destination): 0.790ns (routing 0.108ns, distribution 0.682ns)

    Location             Delay type                Incr(ns)  Path(ns)    Netlist Resource(s)
  -------------------------------------------------------------------    -------------------
                         (clock eth_rxc rise edge)    0.000     0.000 r  
    K22                                               0.000     0.000 r  eth_rxc (IN)
                         net (fo=0)                   0.000     0.000    eth_rxc_IBUF_inst/I
    K22                  INBUF (Prop_INBUF_HPIOB_M_PAD_O)
                                                      0.129     0.129 r  eth_rxc_IBUF_inst/INBUF_INST/O
                         net (fo=1, routed)           0.000     0.129    eth_rxc_IBUF_inst/OUT
    K22                  IBUFCTRL (Prop_IBUFCTRL_HPIOB_M_I_O)
                                                      0.000     0.129 r  eth_rxc_IBUF_inst/IBUFCTRL_INST/O
                         net (fo=2, routed)           0.151     0.280    eth_rxc_IBUF
    BUFGCE_X0Y56         BUFGCE (Prop_BUFCE_BUFGCE_I_O)
                                                      0.017     0.297 r  eth_rxc_IBUF_BUFGCE_collapsed_inst/O
    X0Y2 (CLOCK_ROOT)    net (fo=3420, routed)        0.701     0.998    xlnx_opt_
    SLICE_X21Y131        FDCE                                         r  por_reg[1]/C
  -------------------------------------------------------------------    -------------------
    SLICE_X21Y131        FDCE (Prop_AFF_SLICEM_C_Q)
                                                      0.038     1.036 r  por_reg[1]/Q
                         net (fo=3, routed)           0.222     1.258    por_reg[1]
    SLICE_X22Y131        LUT6 (Prop_H6LUT_SLICEL_I3_O)
                                                      0.050     1.308 f  por[15]_i_1/O
                         net (fo=95, routed)          0.434     1.742    sel
    SLICE_X15Y133        FDCE                                         f  icmp_dly_reg[2]/CLR
  -------------------------------------------------------------------    -------------------

                         (clock eth_rxc rise edge)    0.000     0.000 r  
    K22                                               0.000     0.000 r  eth_rxc (IN)
                         net (fo=0)                   0.000     0.000    eth_rxc_IBUF_inst/I
    K22                  INBUF (Prop_INBUF_HPIOB_M_PAD_O)
                                                      0.313     0.313 r  eth_rxc_IBUF_inst/INBUF_INST/O
                         net (fo=1, routed)           0.000     0.313    eth_rxc_IBUF_inst/OUT
    K22                  IBUFCTRL (Prop_IBUFCTRL_HPIOB_M_I_O)
                                                      0.000     0.313 r  eth_rxc_IBUF_inst/IBUFCTRL_INST/O
                         net (fo=2, routed)           0.189     0.502    eth_rxc_IBUF
    BUFGCE_X0Y56         BUFGCE (Prop_BUFCE_BUFGCE_I_O)
                                                      0.019     0.521 r  eth_rxc_IBUF_BUFGCE_collapsed_inst/O
    X0Y2 (CLOCK_ROOT)    net (fo=3420, routed)        0.790     1.312    eth_txc_OBUF
    SLICE_X15Y133        FDCE                                         r  icmp_dly_reg[2]/C
                         clock pessimism             -0.269     1.042    
                         clock uncertainty            0.500     1.542    
    SLICE_X15Y133        FDCE (Remov_BFF_SLICEM_C_CLR)
                                                     -0.020     1.522    icmp_dly_reg[2]
  -------------------------------------------------------------------
                         required time                         -1.522    
                         arrival time                           1.742    
  -------------------------------------------------------------------
                         slack                                  0.220    

Slack (MET) :             0.220ns  (arrival time - required time)
  Source:                 por_reg[1]/C
                            (rising edge-triggered cell FDCE clocked by eth_rxc  {rise@0.000ns fall@4.000ns period=8.000ns})
  Destination:            icmp_dly_reg[3]/CLR
                            (removal check against rising-edge clock eth_rxc  {rise@0.000ns fall@4.000ns period=8.000ns})
  Path Group:             **async_default**
  Path Type:              Removal (Min at Fast Process Corner)
  Requirement:            0.000ns  (eth_rxc rise@0.000ns - eth_rxc rise@0.000ns)
  Data Path Delay:        0.744ns  (logic 0.088ns (11.824%)  route 0.656ns (88.176%))
  Logic Levels:           1  (LUT6=1)
  Clock Path Skew:        0.045ns (DCD - SCD - CPR)
    Destination Clock Delay (DCD):    1.312ns
    Source Clock Delay      (SCD):    0.998ns
    Clock Pessimism Removal (CPR):    0.269ns
  Clock Uncertainty:      0.500ns  ((TSJ^2 + TIJ^2)^1/2 + DJ) / 2 + PE + UU
    Total System Jitter     (TSJ):    0.000ns
    Total Input Jitter      (TIJ):    0.000ns
    Discrete Jitter          (DJ):    0.000ns
    Phase Error              (PE):    0.000ns
    User Uncertainty         (UU):    0.500ns
  Clock Net Delay (Source):      0.701ns (routing 0.096ns, distribution 0.605ns)
  Clock Net Delay (Destination): 0.790ns (routing 0.108ns, distribution 0.682ns)

    Location             Delay type                Incr(ns)  Path(ns)    Netlist Resource(s)
  -------------------------------------------------------------------    -------------------
                         (clock eth_rxc rise edge)    0.000     0.000 r  
    K22                                               0.000     0.000 r  eth_rxc (IN)
                         net (fo=0)                   0.000     0.000    eth_rxc_IBUF_inst/I
    K22                  INBUF (Prop_INBUF_HPIOB_M_PAD_O)
                                                      0.129     0.129 r  eth_rxc_IBUF_inst/INBUF_INST/O
                         net (fo=1, routed)           0.000     0.129    eth_rxc_IBUF_inst/OUT
    K22                  IBUFCTRL (Prop_IBUFCTRL_HPIOB_M_I_O)
                                                      0.000     0.129 r  eth_rxc_IBUF_inst/IBUFCTRL_INST/O
                         net (fo=2, routed)           0.151     0.280    eth_rxc_IBUF
    BUFGCE_X0Y56         BUFGCE (Prop_BUFCE_BUFGCE_I_O)
                                                      0.017     0.297 r  eth_rxc_IBUF_BUFGCE_collapsed_inst/O
    X0Y2 (CLOCK_ROOT)    net (fo=3420, routed)        0.701     0.998    xlnx_opt_
    SLICE_X21Y131        FDCE                                         r  por_reg[1]/C
  -------------------------------------------------------------------    -------------------
    SLICE_X21Y131        FDCE (Prop_AFF_SLICEM_C_Q)
                                                      0.038     1.036 r  por_reg[1]/Q
                         net (fo=3, routed)           0.222     1.258    por_reg[1]
    SLICE_X22Y131        LUT6 (Prop_H6LUT_SLICEL_I3_O)
                                                      0.050     1.308 f  por[15]_i_1/O
                         net (fo=95, routed)          0.434     1.742    sel
    SLICE_X15Y133        FDCE                                         f  icmp_dly_reg[3]/CLR
  -------------------------------------------------------------------    -------------------

                         (clock eth_rxc rise edge)    0.000     0.000 r  
    K22                                               0.000     0.000 r  eth_rxc (IN)
                         net (fo=0)                   0.000     0.000    eth_rxc_IBUF_inst/I
    K22                  INBUF (Prop_INBUF_HPIOB_M_PAD_O)
                                                      0.313     0.313 r  eth_rxc_IBUF_inst/INBUF_INST/O
                         net (fo=1, routed)           0.000     0.313    eth_rxc_IBUF_inst/OUT
    K22                  IBUFCTRL (Prop_IBUFCTRL_HPIOB_M_I_O)
                                                      0.000     0.313 r  eth_rxc_IBUF_inst/IBUFCTRL_INST/O
                         net (fo=2, routed)           0.189     0.502    eth_rxc_IBUF
    BUFGCE_X0Y56         BUFGCE (Prop_BUFCE_BUFGCE_I_O)
                                                      0.019     0.521 r  eth_rxc_IBUF_BUFGCE_collapsed_inst/O
    X0Y2 (CLOCK_ROOT)    net (fo=3420, routed)        0.790     1.312    eth_txc_OBUF
    SLICE_X15Y133        FDCE                                         r  icmp_dly_reg[3]/C
                         clock pessimism             -0.269     1.042    
                         clock uncertainty            0.500     1.542    
    SLICE_X15Y133        FDCE (Remov_BFF2_SLICEM_C_CLR)
                                                     -0.020     1.522    icmp_dly_reg[3]
  -------------------------------------------------------------------
                         required time                         -1.522    
                         arrival time                           1.742    
  -------------------------------------------------------------------
                         slack                                  0.220    

Slack (MET) :             0.220ns  (arrival time - required time)
  Source:                 por_reg[1]/C
                            (rising edge-triggered cell FDCE clocked by eth_rxc  {rise@0.000ns fall@4.000ns period=8.000ns})
  Destination:            icmp_dly_reg[4]/CLR
                            (removal check against rising-edge clock eth_rxc  {rise@0.000ns fall@4.000ns period=8.000ns})
  Path Group:             **async_default**
  Path Type:              Removal (Min at Fast Process Corner)
  Requirement:            0.000ns  (eth_rxc rise@0.000ns - eth_rxc rise@0.000ns)
  Data Path Delay:        0.744ns  (logic 0.088ns (11.824%)  route 0.656ns (88.176%))
  Logic Levels:           1  (LUT6=1)
  Clock Path Skew:        0.045ns (DCD - SCD - CPR)
    Destination Clock Delay (DCD):    1.312ns
    Source Clock Delay      (SCD):    0.998ns
    Clock Pessimism Removal (CPR):    0.269ns
  Clock Uncertainty:      0.500ns  ((TSJ^2 + TIJ^2)^1/2 + DJ) / 2 + PE + UU
    Total System Jitter     (TSJ):    0.000ns
    Total Input Jitter      (TIJ):    0.000ns
    Discrete Jitter          (DJ):    0.000ns
    Phase Error              (PE):    0.000ns
    User Uncertainty         (UU):    0.500ns
  Clock Net Delay (Source):      0.701ns (routing 0.096ns, distribution 0.605ns)
  Clock Net Delay (Destination): 0.790ns (routing 0.108ns, distribution 0.682ns)

    Location             Delay type                Incr(ns)  Path(ns)    Netlist Resource(s)
  -------------------------------------------------------------------    -------------------
                         (clock eth_rxc rise edge)    0.000     0.000 r  
    K22                                               0.000     0.000 r  eth_rxc (IN)
                         net (fo=0)                   0.000     0.000    eth_rxc_IBUF_inst/I
    K22                  INBUF (Prop_INBUF_HPIOB_M_PAD_O)
                                                      0.129     0.129 r  eth_rxc_IBUF_inst/INBUF_INST/O
                         net (fo=1, routed)           0.000     0.129    eth_rxc_IBUF_inst/OUT
    K22                  IBUFCTRL (Prop_IBUFCTRL_HPIOB_M_I_O)
                                                      0.000     0.129 r  eth_rxc_IBUF_inst/IBUFCTRL_INST/O
                         net (fo=2, routed)           0.151     0.280    eth_rxc_IBUF
    BUFGCE_X0Y56         BUFGCE (Prop_BUFCE_BUFGCE_I_O)
                                                      0.017     0.297 r  eth_rxc_IBUF_BUFGCE_collapsed_inst/O
    X0Y2 (CLOCK_ROOT)    net (fo=3420, routed)        0.701     0.998    xlnx_opt_
    SLICE_X21Y131        FDCE                                         r  por_reg[1]/C
  -------------------------------------------------------------------    -------------------
    SLICE_X21Y131        FDCE (Prop_AFF_SLICEM_C_Q)
                                                      0.038     1.036 r  por_reg[1]/Q
                         net (fo=3, routed)           0.222     1.258    por_reg[1]
    SLICE_X22Y131        LUT6 (Prop_H6LUT_SLICEL_I3_O)
                                                      0.050     1.308 f  por[15]_i_1/O
                         net (fo=95, routed)          0.434     1.742    sel
    SLICE_X15Y133        FDCE                                         f  icmp_dly_reg[4]/CLR
  -------------------------------------------------------------------    -------------------

                         (clock eth_rxc rise edge)    0.000     0.000 r  
    K22                                               0.000     0.000 r  eth_rxc (IN)
                         net (fo=0)                   0.000     0.000    eth_rxc_IBUF_inst/I
    K22                  INBUF (Prop_INBUF_HPIOB_M_PAD_O)
                                                      0.313     0.313 r  eth_rxc_IBUF_inst/INBUF_INST/O
                         net (fo=1, routed)           0.000     0.313    eth_rxc_IBUF_inst/OUT
    K22                  IBUFCTRL (Prop_IBUFCTRL_HPIOB_M_I_O)
                                                      0.000     0.313 r  eth_rxc_IBUF_inst/IBUFCTRL_INST/O
                         net (fo=2, routed)           0.189     0.502    eth_rxc_IBUF
    BUFGCE_X0Y56         BUFGCE (Prop_BUFCE_BUFGCE_I_O)
                                                      0.019     0.521 r  eth_rxc_IBUF_BUFGCE_collapsed_inst/O
    X0Y2 (CLOCK_ROOT)    net (fo=3420, routed)        0.790     1.312    eth_txc_OBUF
    SLICE_X15Y133        FDCE                                         r  icmp_dly_reg[4]/C
                         clock pessimism             -0.269     1.042    
                         clock uncertainty            0.500     1.542    
    SLICE_X15Y133        FDCE (Remov_DFF_SLICEM_C_CLR)
                                                     -0.020     1.522    icmp_dly_reg[4]
  -------------------------------------------------------------------
                         required time                         -1.522    
                         arrival time                           1.742    
  -------------------------------------------------------------------
                         slack                                  0.220    

Slack (MET) :             0.221ns  (arrival time - required time)
  Source:                 por_reg[1]/C
                            (rising edge-triggered cell FDCE clocked by eth_rxc  {rise@0.000ns fall@4.000ns period=8.000ns})
  Destination:            icmp_dly_reg[0]/CLR
                            (removal check against rising-edge clock eth_rxc  {rise@0.000ns fall@4.000ns period=8.000ns})
  Path Group:             **async_default**
  Path Type:              Removal (Min at Fast Process Corner)
  Requirement:            0.000ns  (eth_rxc rise@0.000ns - eth_rxc rise@0.000ns)
  Data Path Delay:        0.743ns  (logic 0.088ns (11.840%)  route 0.655ns (88.160%))
  Logic Levels:           1  (LUT6=1)
  Clock Path Skew:        0.043ns (DCD - SCD - CPR)
    Destination Clock Delay (DCD):    1.310ns
    Source Clock Delay      (SCD):    0.998ns
    Clock Pessimism Removal (CPR):    0.269ns
  Clock Uncertainty:      0.500ns  ((TSJ^2 + TIJ^2)^1/2 + DJ) / 2 + PE + UU
    Total System Jitter     (TSJ):    0.000ns
    Total Input Jitter      (TIJ):    0.000ns
    Discrete Jitter          (DJ):    0.000ns
    Phase Error              (PE):    0.000ns
    User Uncertainty         (UU):    0.500ns
  Clock Net Delay (Source):      0.701ns (routing 0.096ns, distribution 0.605ns)
  Clock Net Delay (Destination): 0.788ns (routing 0.108ns, distribution 0.680ns)

    Location             Delay type                Incr(ns)  Path(ns)    Netlist Resource(s)
  -------------------------------------------------------------------    -------------------
                         (clock eth_rxc rise edge)    0.000     0.000 r  
    K22                                               0.000     0.000 r  eth_rxc (IN)
                         net (fo=0)                   0.000     0.000    eth_rxc_IBUF_inst/I
    K22                  INBUF (Prop_INBUF_HPIOB_M_PAD_O)
                                                      0.129     0.129 r  eth_rxc_IBUF_inst/INBUF_INST/O
                         net (fo=1, routed)           0.000     0.129    eth_rxc_IBUF_inst/OUT
    K22                  IBUFCTRL (Prop_IBUFCTRL_HPIOB_M_I_O)
                                                      0.000     0.129 r  eth_rxc_IBUF_inst/IBUFCTRL_INST/O
                         net (fo=2, routed)           0.151     0.280    eth_rxc_IBUF
    BUFGCE_X0Y56         BUFGCE (Prop_BUFCE_BUFGCE_I_O)
                                                      0.017     0.297 r  eth_rxc_IBUF_BUFGCE_collapsed_inst/O
    X0Y2 (CLOCK_ROOT)    net (fo=3420, routed)        0.701     0.998    xlnx_opt_
    SLICE_X21Y131        FDCE                                         r  por_reg[1]/C
  -------------------------------------------------------------------    -------------------
    SLICE_X21Y131        FDCE (Prop_AFF_SLICEM_C_Q)
                                                      0.038     1.036 r  por_reg[1]/Q
                         net (fo=3, routed)           0.222     1.258    por_reg[1]
    SLICE_X22Y131        LUT6 (Prop_H6LUT_SLICEL_I3_O)
                                                      0.050     1.308 f  por[15]_i_1/O
                         net (fo=95, routed)          0.433     1.741    sel
    SLICE_X15Y133        FDCE                                         f  icmp_dly_reg[0]/CLR
  -------------------------------------------------------------------    -------------------

                         (clock eth_rxc rise edge)    0.000     0.000 r  
    K22                                               0.000     0.000 r  eth_rxc (IN)
                         net (fo=0)                   0.000     0.000    eth_rxc_IBUF_inst/I
    K22                  INBUF (Prop_INBUF_HPIOB_M_PAD_O)
                                                      0.313     0.313 r  eth_rxc_IBUF_inst/INBUF_INST/O
                         net (fo=1, routed)           0.000     0.313    eth_rxc_IBUF_inst/OUT
    K22                  IBUFCTRL (Prop_IBUFCTRL_HPIOB_M_I_O)
                                                      0.000     0.313 r  eth_rxc_IBUF_inst/IBUFCTRL_INST/O
                         net (fo=2, routed)           0.189     0.502    eth_rxc_IBUF
    BUFGCE_X0Y56         BUFGCE (Prop_BUFCE_BUFGCE_I_O)
                                                      0.019     0.521 r  eth_rxc_IBUF_BUFGCE_collapsed_inst/O
    X0Y2 (CLOCK_ROOT)    net (fo=3420, routed)        0.788     1.310    eth_txc_OBUF
    SLICE_X15Y133        FDCE                                         r  icmp_dly_reg[0]/C
                         clock pessimism             -0.269     1.040    
                         clock uncertainty            0.500     1.540    
    SLICE_X15Y133        FDCE (Remov_HFF2_SLICEM_C_CLR)
                                                     -0.020     1.520    icmp_dly_reg[0]
  -------------------------------------------------------------------
                         required time                         -1.520    
                         arrival time                           1.741    
  -------------------------------------------------------------------
                         slack                                  0.221    




