Copyright 1986-2022 Xilinx, Inc. All Rights Reserved. Copyright 2022-2026 Advanced Micro Devices, Inc. All Rights Reserved.
---------------------------------------------------------------------------------------------------------------------------------------------
| Tool Version : Vivado v.2025.2.1 (win64) Build 6403652 Thu Mar 19 19:48:24 GMT 2026
| Date         : Sat Sep 26 10:42:29 2026
| Host         : Uie-laptop running 64-bit major release  (build 9200)
| Command      : report_timing_summary -file D:/Xilinx/Prj/pro/Video_Processing/build/timing_summary.rpt
| Design       : system_top
| Device       : 7z020-clg484
| Speed File   : -2  PRODUCTION 1.12 2019-11-22
| Design State : Routed
---------------------------------------------------------------------------------------------------------------------------------------------

Timing Summary Report

------------------------------------------------------------------------------------------------
| Timer Settings
| --------------
------------------------------------------------------------------------------------------------

  Enable Multi Corner Analysis               :  Yes
  Enable Pessimism Removal                   :  Yes
  Pessimism Removal Resolution               :  Nearest Common Node
  Enable Input Delay Default Clock           :  No
  Enable Preset / Clear Arcs                 :  No
  Disable Flight Delays                      :  No
  Ignore I/O Paths                           :  No
  Timing Early Launch at Borrowing Latches   :  No
  Borrow Time for Max Delay Exceptions       :  Yes
  Merge Timing Exceptions                    :  Yes
  Inter-SLR Compensation                     :  Conservative

  Corner  Analyze    Analyze    
  Name    Max Paths  Min Paths  
  ------  ---------  ---------  
  Slow    Yes        Yes        
  Fast    Yes        Yes        


------------------------------------------------------------------------------------------------
| Report Methodology
| ------------------
------------------------------------------------------------------------------------------------

Rule       Severity  Description                                                Violations  
---------  --------  ---------------------------------------------------------  ----------  
DPIR-1     Warning   Asynchronous driver check                                  129         
LUTAR-1    Warning   LUT drives async reset alert                               1           
SYNTH-5    Warning   Mapped onto distributed RAM because of timing constraints  160         
SYNTH-6    Warning   Timing of a RAM block might be sub-optimal                 101         
TIMING-9   Warning   Unknown CDC Logic                                          1           
TIMING-10  Warning   Missing property on synchronizer                           1           
TIMING-18  Warning   Missing input or output delay                              7           

Note: This report is based on the most recent report_methodology run and may not be up-to-date. Run report_methodology on the current design for the latest report.



check_timing report

Table of Contents
-----------------
1. checking no_clock (0)
2. checking constant_clock (0)
3. checking pulse_width_clock (0)
4. checking unconstrained_internal_endpoints (0)
5. checking no_input_delay (7)
6. checking no_output_delay (12)
7. checking multiple_clock (0)
8. checking generated_clocks (0)
9. checking loops (0)
10. checking partial_input_delay (0)
11. checking partial_output_delay (0)
12. checking latch_loops (0)

1. checking no_clock (0)
------------------------
 There are 0 register/latch pins with no clock.


2. checking constant_clock (0)
------------------------------
 There are 0 register/latch pins with constant_clock.


3. checking pulse_width_clock (0)
---------------------------------
 There are 0 register/latch pins which need pulse_width check


4. checking unconstrained_internal_endpoints (0)
------------------------------------------------
 There are 0 pins that are not constrained for maximum delay.

 There are 0 pins that are not constrained for maximum delay due to constant clock.


5. checking no_input_delay (7)
------------------------------
 There are 5 input ports with no input delay specified. (HIGH)

 There are 2 input ports with no input delay but user has a false path constraint. (MEDIUM)


6. checking no_output_delay (12)
--------------------------------
 There are 6 ports with no output delay specified. (HIGH)

 There are 6 ports with no output delay but user has a false path constraint (MEDIUM)

 There are 0 ports with no output delay but with a timing clock defined on it or propagating through it


7. checking multiple_clock (0)
------------------------------
 There are 0 register/latch pins with multiple clocks.


8. checking generated_clocks (0)
--------------------------------
 There are 0 generated clocks that are not connected to a clock source.


9. checking loops (0)
---------------------
 There are 0 combinational loops in the design.


10. checking partial_input_delay (0)
------------------------------------
 There are 0 input ports with partial input delay specified.


11. checking partial_output_delay (0)
-------------------------------------
 There are 0 ports with partial output delay specified.


12. checking latch_loops (0)
----------------------------
 There are 0 combinational latch loops in the design through latch input



------------------------------------------------------------------------------------------------
| Design Timing Summary
| ---------------------
------------------------------------------------------------------------------------------------

    WNS(ns)      TNS(ns)  TNS Failing Endpoints  TNS Total Endpoints      WHS(ns)      THS(ns)  THS Failing Endpoints  THS Total Endpoints     WPWS(ns)     TPWS(ns)  TPWS Failing Endpoints  TPWS Total Endpoints  
    -------      -------  ---------------------  -------------------      -------      -------  ---------------------  -------------------     --------     --------  ----------------------  --------------------  
      0.177        0.000                      0                34559        0.024        0.000                      0                34559        0.264        0.000                       0                 12030  


All user specified timing constraints are met.


------------------------------------------------------------------------------------------------
| Clock Summary
| -------------
------------------------------------------------------------------------------------------------

Clock         Waveform(ns)         Period(ns)      Frequency(MHz)
-----         ------------         ----------      --------------
clk_fpga_0    {0.000 5.000}        10.000          100.000         
eth_rxc       {0.000 4.000}        8.000           125.000         
sys_clk       {0.000 10.000}       20.000          50.000          
  clkfbout    {0.000 10.000}       20.000          50.000          
  clkfbout_1  {0.000 10.000}       20.000          50.000          
  clkout0_1   {0.000 10.000}       20.000          50.000          
  clkout1_1   {0.000 2.000}        4.000           250.000         
  clkout2     {0.000 2.500}        5.000           200.000         


------------------------------------------------------------------------------------------------
| Intra Clock Table
| -----------------
------------------------------------------------------------------------------------------------

Clock             WNS(ns)      TNS(ns)  TNS Failing Endpoints  TNS Total Endpoints      WHS(ns)      THS(ns)  THS Failing Endpoints  THS Total Endpoints     WPWS(ns)     TPWS(ns)  TPWS Failing Endpoints  TPWS Total Endpoints  
-----             -------      -------  ---------------------  -------------------      -------      -------  ---------------------  -------------------     --------     --------  ----------------------  --------------------  
clk_fpga_0          1.772        0.000                      0                15716        0.052        0.000                      0                15716        3.870        0.000                       0                  4370  
eth_rxc             0.177        0.000                      0                 4818        0.024        0.000                      0                 4818        3.500        0.000                       0                  2528  
sys_clk            14.567        0.000                      0                  255        0.121        0.000                      0                  255        7.000        0.000                       0                   187  
  clkfbout                                                                                                                                                     18.408        0.000                       0                     3  
  clkfbout_1                                                                                                                                                   18.408        0.000                       0                     3  
  clkout0_1         0.588        0.000                      0                13692        0.079        0.000                      0                13692        8.870        0.000                       0                  4926  
  clkout1_1                                                                                                                                                     2.408        0.000                       0                    10  
  clkout2                                                                                                                                                       0.264        0.000                       0                     3  


------------------------------------------------------------------------------------------------
| Inter Clock Table
| -----------------
------------------------------------------------------------------------------------------------

From Clock    To Clock          WNS(ns)      TNS(ns)  TNS Failing Endpoints  TNS Total Endpoints      WHS(ns)      THS(ns)  THS Failing Endpoints  THS Total Endpoints  
----------    --------          -------      -------  ---------------------  -------------------      -------      -------  ---------------------  -------------------  
clkout0_1     sys_clk            14.021        0.000                      0                   22        0.162        0.000                      0                   22  
sys_clk       clkout0_1           4.413        0.000                      0                  191        0.136        0.000                      0                  191  


------------------------------------------------------------------------------------------------
| Other Path Groups Table
| -----------------------
------------------------------------------------------------------------------------------------

Path Group    From Clock    To Clock          WNS(ns)      TNS(ns)  TNS Failing Endpoints  TNS Total Endpoints      WHS(ns)      THS(ns)  THS Failing Endpoints  THS Total Endpoints  
----------    ----------    --------          -------      -------  ---------------------  -------------------      -------      -------  ---------------------  -------------------  


------------------------------------------------------------------------------------------------
| Timing Details
| --------------
------------------------------------------------------------------------------------------------


---------------------------------------------------------------------------------------------------
From Clock:  clk_fpga_0
  To Clock:  clk_fpga_0

Setup :            0  Failing Endpoints,  Worst Slack        1.772ns,  Total Violation        0.000ns
Hold  :            0  Failing Endpoints,  Worst Slack        0.052ns,  Total Violation        0.000ns
PW    :            0  Failing Endpoints,  Worst Slack        3.870ns,  Total Violation        0.000ns
---------------------------------------------------------------------------------------------------


Max Delay Paths
--------------------------------------------------------------------------------------
Slack (MET) :             1.772ns  (required time - arrival time)
  Source:                 u_pl/u_arb/owner_eth_reg_rep__0/C
                            (rising edge-triggered cell FDCE clocked by clk_fpga_0  {rise@0.000ns fall@5.000ns period=10.000ns})
  Destination:            u_pl/u_bilin/u_fb/lo_reg_0_46/ADDRARDADDR[10]
                            (rising edge-triggered cell RAMB36E1 clocked by clk_fpga_0  {rise@0.000ns fall@5.000ns period=10.000ns})
  Path Group:             clk_fpga_0
  Path Type:              Setup (Max at Slow Process Corner)
  Requirement:            10.000ns  (clk_fpga_0 rise@10.000ns - clk_fpga_0 rise@0.000ns)
  Data Path Delay:        7.688ns  (logic 0.590ns (7.674%)  route 7.098ns (92.326%))
  Logic Levels:           1  (LUT3=1)
  Clock Path Skew:        0.105ns (DCD - SCD + CPR)
    Destination Clock Delay (DCD):    2.364ns = ( 12.364 - 10.000 ) 
    Source Clock Delay      (SCD):    2.452ns
    Clock Pessimism Removal (CPR):    0.192ns
  Clock Uncertainty:      0.154ns  ((TSJ^2 + TIJ^2)^1/2 + DJ) / 2 + PE
    Total System Jitter     (TSJ):    0.071ns
    Total Input Jitter      (TIJ):    0.300ns
    Discrete Jitter          (DJ):    0.000ns
    Phase Error              (PE):    0.000ns

    Location             Delay type                Incr(ns)  Path(ns)    Netlist Resource(s)
  -------------------------------------------------------------------    -------------------
                         (clock clk_fpga_0 rise edge)
                                                      0.000     0.000 r  
    PS7_X0Y0             PS7                          0.000     0.000 r  u_bd/design_1_i/processing_system7_0/inst/PS7_i/FCLKCLK[0]
                         net (fo=1, routed)           0.994     0.994    u_bd/design_1_i/processing_system7_0/inst/FCLK_CLK_unbuffered[0]
    BUFGCTRL_X0Y16       BUFG (Prop_bufg_I_O)         0.085     1.079 r  u_bd/design_1_i/processing_system7_0/inst/buffer_fclk_clk_0.FCLK_CLK_0_BUFG/O
                         net (fo=4371, routed)        1.373     2.452    u_pl/u_arb/FCLK_CLK0
    SLICE_X51Y63         FDCE                                         r  u_pl/u_arb/owner_eth_reg_rep__0/C
  -------------------------------------------------------------------    -------------------
    SLICE_X51Y63         FDCE (Prop_fdce_C_Q)         0.348     2.800 r  u_pl/u_arb/owner_eth_reg_rep__0/Q
                         net (fo=177, routed)         1.907     4.707    u_pl/u_row/wr_words_reg[17]_0
    SLICE_X47Y40         LUT3 (Prop_lut3_I2_O)        0.242     4.949 r  u_pl/u_row/lo_reg_0_12_i_5/O
                         net (fo=20, routed)          5.191    10.140    u_pl/u_bilin/u_fb/lo_reg_0_12_0[10]
    RAMB36_X5Y16         RAMB36E1                                     r  u_pl/u_bilin/u_fb/lo_reg_0_46/ADDRARDADDR[10]
  -------------------------------------------------------------------    -------------------

                         (clock clk_fpga_0 rise edge)
                                                     10.000    10.000 r  
    PS7_X0Y0             PS7                          0.000    10.000 r  u_bd/design_1_i/processing_system7_0/inst/PS7_i/FCLKCLK[0]
                         net (fo=1, routed)           0.905    10.906    u_bd/design_1_i/processing_system7_0/inst/FCLK_CLK_unbuffered[0]
    BUFGCTRL_X0Y16       BUFG (Prop_bufg_I_O)         0.077    10.983 r  u_bd/design_1_i/processing_system7_0/inst/buffer_fclk_clk_0.FCLK_CLK_0_BUFG/O
                         net (fo=4371, routed)        1.382    12.364    u_pl/u_bilin/u_fb/FCLK_CLK0
    RAMB36_X5Y16         RAMB36E1                                     r  u_pl/u_bilin/u_fb/lo_reg_0_46/CLKARDCLK
                         clock pessimism              0.192    12.557    
                         clock uncertainty           -0.154    12.403    
    RAMB36_X5Y16         RAMB36E1 (Setup_ramb36e1_CLKARDCLK_ADDRARDADDR[10])
                                                     -0.490    11.913    u_pl/u_bilin/u_fb/lo_reg_0_46
  -------------------------------------------------------------------
                         required time                         11.913    
                         arrival time                         -10.140    
  -------------------------------------------------------------------
                         slack                                  1.772    





Min Delay Paths
--------------------------------------------------------------------------------------
Slack (MET) :             0.052ns  (arrival time - required time)
  Source:                 u_bd/design_1_i/axi_gp0_ic/s00_couplers/auto_pc/inst/gen_axilite.gen_b2s_conv.axilite_b2s/WR.aw_channel_0/s_awid_r_reg[7]/C
                            (rising edge-triggered cell FDRE clocked by clk_fpga_0  {rise@0.000ns fall@5.000ns period=10.000ns})
  Destination:            u_bd/design_1_i/axi_gp0_ic/s00_couplers/auto_pc/inst/gen_axilite.gen_b2s_conv.axilite_b2s/WR.b_channel_0/bid_fifo_0/memory_reg[3][15]_srl4/D
                            (rising edge-triggered cell SRL16E clocked by clk_fpga_0  {rise@0.000ns fall@5.000ns period=10.000ns})
  Path Group:             clk_fpga_0
  Path Type:              Hold (Min at Fast Process Corner)
  Requirement:            0.000ns  (clk_fpga_0 rise@0.000ns - clk_fpga_0 rise@0.000ns)
  Data Path Delay:        0.251ns  (logic 0.141ns (56.078%)  route 0.110ns (43.922%))
  Logic Levels:           0  
  Clock Path Skew:        0.016ns (DCD - SCD - CPR)
    Destination Clock Delay (DCD):    1.296ns
    Source Clock Delay      (SCD):    0.994ns
    Clock Pessimism Removal (CPR):    0.286ns

    Location             Delay type                Incr(ns)  Path(ns)    Netlist Resource(s)
  -------------------------------------------------------------------    -------------------
                         (clock clk_fpga_0 rise edge)
                                                      0.000     0.000 r  
    PS7_X0Y0             PS7                          0.000     0.000 r  u_bd/design_1_i/processing_system7_0/inst/PS7_i/FCLKCLK[0]
                         net (fo=1, routed)           0.310     0.310    u_bd/design_1_i/processing_system7_0/inst/FCLK_CLK_unbuffered[0]
    BUFGCTRL_X0Y16       BUFG (Prop_bufg_I_O)         0.026     0.336 r  u_bd/design_1_i/processing_system7_0/inst/buffer_fclk_clk_0.FCLK_CLK_0_BUFG/O
                         net (fo=4371, routed)        0.658     0.994    u_bd/design_1_i/axi_gp0_ic/s00_couplers/auto_pc/inst/gen_axilite.gen_b2s_conv.axilite_b2s/WR.aw_channel_0/aclk
    SLICE_X31Y104        FDRE                                         r  u_bd/design_1_i/axi_gp0_ic/s00_couplers/auto_pc/inst/gen_axilite.gen_b2s_conv.axilite_b2s/WR.aw_channel_0/s_awid_r_reg[7]/C
  -------------------------------------------------------------------    -------------------
    SLICE_X31Y104        FDRE (Prop_fdre_C_Q)         0.141     1.135 r  u_bd/design_1_i/axi_gp0_ic/s00_couplers/auto_pc/inst/gen_axilite.gen_b2s_conv.axilite_b2s/WR.aw_channel_0/s_awid_r_reg[7]/Q
                         net (fo=1, routed)           0.110     1.245    u_bd/design_1_i/axi_gp0_ic/s00_couplers/auto_pc/inst/gen_axilite.gen_b2s_conv.axilite_b2s/WR.b_channel_0/bid_fifo_0/in[11]
    SLICE_X30Y105        SRL16E                                       r  u_bd/design_1_i/axi_gp0_ic/s00_couplers/auto_pc/inst/gen_axilite.gen_b2s_conv.axilite_b2s/WR.b_channel_0/bid_fifo_0/memory_reg[3][15]_srl4/D
  -------------------------------------------------------------------    -------------------

                         (clock clk_fpga_0 rise edge)
                                                      0.000     0.000 r  
    PS7_X0Y0             PS7                          0.000     0.000 r  u_bd/design_1_i/processing_system7_0/inst/PS7_i/FCLKCLK[0]
                         net (fo=1, routed)           0.337     0.337    u_bd/design_1_i/processing_system7_0/inst/FCLK_CLK_unbuffered[0]
    BUFGCTRL_X0Y16       BUFG (Prop_bufg_I_O)         0.029     0.366 r  u_bd/design_1_i/processing_system7_0/inst/buffer_fclk_clk_0.FCLK_CLK_0_BUFG/O
                         net (fo=4371, routed)        0.930     1.296    u_bd/design_1_i/axi_gp0_ic/s00_couplers/auto_pc/inst/gen_axilite.gen_b2s_conv.axilite_b2s/WR.b_channel_0/bid_fifo_0/aclk
    SLICE_X30Y105        SRL16E                                       r  u_bd/design_1_i/axi_gp0_ic/s00_couplers/auto_pc/inst/gen_axilite.gen_b2s_conv.axilite_b2s/WR.b_channel_0/bid_fifo_0/memory_reg[3][15]_srl4/CLK
                         clock pessimism             -0.286     1.010    
    SLICE_X30Y105        SRL16E (Hold_srl16e_CLK_D)
                                                      0.183     1.193    u_bd/design_1_i/axi_gp0_ic/s00_couplers/auto_pc/inst/gen_axilite.gen_b2s_conv.axilite_b2s/WR.b_channel_0/bid_fifo_0/memory_reg[3][15]_srl4
  -------------------------------------------------------------------
                         required time                         -1.193    
                         arrival time                           1.245    
  -------------------------------------------------------------------
                         slack                                  0.052    





Pulse Width Checks
--------------------------------------------------------------------------------------
Clock Name:         clk_fpga_0
Waveform(ns):       { 0.000 5.000 }
Period(ns):         10.000
Sources:            { u_bd/design_1_i/processing_system7_0/inst/PS7_i/FCLKCLK[0] }

Check Type        Corner  Lib Pin             Reference Pin  Required(ns)  Actual(ns)  Slack(ns)  Location      Pin
Min Period        n/a     RAMB36E1/CLKBWRCLK  n/a            2.170         10.000      7.830      RAMB36_X1Y4   u_eth/u_cdc/mem_reg_0/CLKBWRCLK
Low Pulse Width   Slow    RAMD64E/CLK         n/a            1.130         5.000       3.870      SLICE_X14Y29  u_eth/u_saver/q_addr_reg_0_63_12_14/RAMA/CLK
High Pulse Width  Slow    RAMD64E/CLK         n/a            1.130         5.000       3.870      SLICE_X14Y29  u_eth/u_saver/q_addr_reg_0_63_12_14/RAMA/CLK



---------------------------------------------------------------------------------------------------
From Clock:  eth_rxc
  To Clock:  eth_rxc

Setup :            0  Failing Endpoints,  Worst Slack        0.177ns,  Total Violation        0.000ns
Hold  :            0  Failing Endpoints,  Worst Slack        0.024ns,  Total Violation        0.000ns
PW    :            0  Failing Endpoints,  Worst Slack        3.500ns,  Total Violation        0.000ns
---------------------------------------------------------------------------------------------------


Max Delay Paths
--------------------------------------------------------------------------------------
Slack (MET) :             0.177ns  (required time - arrival time)
  Source:                 u_eth/u_lm/ms32_reg[4]/C
                            (rising edge-triggered cell FDCE clocked by eth_rxc  {rise@0.000ns fall@4.000ns period=8.000ns})
  Destination:            u_eth/u_lm/gap_min_reg[8]/CE
                            (rising edge-triggered cell FDCE clocked by eth_rxc  {rise@0.000ns fall@4.000ns period=8.000ns})
  Path Group:             eth_rxc
  Path Type:              Setup (Max at Slow Process Corner)
  Requirement:            8.000ns  (eth_rxc rise@8.000ns - eth_rxc rise@0.000ns)
  Data Path Delay:        7.353ns  (logic 2.418ns (32.883%)  route 4.935ns (67.117%))
  Logic Levels:           10  (CARRY4=6 LUT4=2 LUT5=2)
  Clock Path Skew:        -0.096ns (DCD - SCD + CPR)
    Destination Clock Delay (DCD):    4.372ns = ( 12.372 - 8.000 ) 
    Source Clock Delay      (SCD):    4.810ns
    Clock Pessimism Removal (CPR):    0.342ns
  Clock Uncertainty:      0.035ns  ((TSJ^2 + TIJ^2)^1/2 + DJ) / 2 + PE
    Total System Jitter     (TSJ):    0.071ns
    Total Input Jitter      (TIJ):    0.000ns
    Discrete Jitter          (DJ):    0.000ns
    Phase Error              (PE):    0.000ns

    Location             Delay type                Incr(ns)  Path(ns)    Netlist Resource(s)
  -------------------------------------------------------------------    -------------------
                         (clock eth_rxc rise edge)    0.000     0.000 r  
    Y19                                               0.000     0.000 r  eth_rxc (IN)
                         net (fo=0)                   0.000     0.000    eth_rxc
    Y19                  IBUF (Prop_ibuf_I_O)         1.430     1.430 r  eth_rxc_IBUF_inst/O
                         net (fo=2, routed)           1.873     3.303    u_eth/u_rgmii/u_rgmii_rx/rgmii_rxc
    BUFGCTRL_X0Y1        BUFG (Prop_bufg_I_O)         0.085     3.388 r  u_eth/u_rgmii/u_rgmii_rx/BUFG_inst/O
                         net (fo=2522, routed)        1.422     4.810    u_eth/u_lm/gmii_rx_clk
    SLICE_X31Y68         FDCE                                         r  u_eth/u_lm/ms32_reg[4]/C
  -------------------------------------------------------------------    -------------------
    SLICE_X31Y68         FDCE (Prop_fdce_C_Q)         0.379     5.189 r  u_eth/u_lm/ms32_reg[4]/Q
                         net (fo=4, routed)           1.060     6.248    u_eth/u_lm/ms32_reg[4]
    SLICE_X30Y68         CARRY4 (Prop_carry4_DI[0]_CO[3])
                                                      0.457     6.705 r  u_eth/u_lm/gap_min_reg[7]_i_2/CO[3]
                         net (fo=1, routed)           0.000     6.705    u_eth/u_lm/gap_min_reg[7]_i_2_n_0
    SLICE_X30Y69         CARRY4 (Prop_carry4_CI_CO[3])
                                                      0.100     6.805 r  u_eth/u_lm/gap_min_reg[11]_i_2/CO[3]
                         net (fo=1, routed)           0.000     6.805    u_eth/u_lm/gap_min_reg[11]_i_2_n_0
    SLICE_X30Y70         CARRY4 (Prop_carry4_CI_CO[3])
                                                      0.100     6.905 r  u_eth/u_lm/gap_min_reg[15]_i_5/CO[3]
                         net (fo=1, routed)           0.000     6.905    u_eth/u_lm/gap_min_reg[15]_i_5_n_0
    SLICE_X30Y71         CARRY4 (Prop_carry4_CI_O[1])
                                                      0.257     7.162 r  u_eth/u_lm/gap_min_reg[15]_i_33/O[1]
                         net (fo=1, routed)           0.957     8.119    u_eth/u_lm/gap_min_reg[15]_i_33_n_6
    SLICE_X30Y75         LUT4 (Prop_lut4_I2_O)        0.245     8.364 r  u_eth/u_lm/gap_min[15]_i_15/O
                         net (fo=1, routed)           0.532     8.896    u_eth/u_lm/gap_min[15]_i_15_n_0
    SLICE_X30Y75         LUT4 (Prop_lut4_I0_O)        0.105     9.001 r  u_eth/u_lm/gap_min[15]_i_4/O
                         net (fo=96, routed)          0.855     9.856    u_eth/u_lm/gap_min[15]_i_4_n_0
    SLICE_X29Y67         LUT5 (Prop_lut5_I1_O)        0.105     9.961 r  u_eth/u_lm/gap_min[15]_i_29/O
                         net (fo=1, routed)           0.000     9.961    u_eth/u_lm/gap_min[15]_i_29_n_0
    SLICE_X29Y67         CARRY4 (Prop_carry4_S[1]_CO[3])
                                                      0.457    10.418 r  u_eth/u_lm/gap_min_reg[15]_i_6/CO[3]
                         net (fo=1, routed)           0.000    10.418    u_eth/u_lm/gap_min_reg[15]_i_6_n_0
    SLICE_X29Y68         CARRY4 (Prop_carry4_CI_CO[3])
                                                      0.098    10.516 r  u_eth/u_lm/gap_min_reg[15]_i_3/CO[3]
                         net (fo=17, routed)          0.900    11.416    u_eth/u_lm/gap_min_reg[15]_i_3_n_0
    SLICE_X28Y68         LUT5 (Prop_lut5_I2_O)        0.115    11.531 r  u_eth/u_lm/gap_min[15]_i_1/O
                         net (fo=16, routed)          0.632    12.163    u_eth/u_lm/gap_min[15]_i_1_n_0
    SLICE_X33Y68         FDCE                                         r  u_eth/u_lm/gap_min_reg[8]/CE
  -------------------------------------------------------------------    -------------------

                         (clock eth_rxc rise edge)    8.000     8.000 r  
    Y19                                               0.000     8.000 r  eth_rxc (IN)
                         net (fo=0)                   0.000     8.000    eth_rxc
    Y19                  IBUF (Prop_ibuf_I_O)         1.364     9.364 r  eth_rxc_IBUF_inst/O
                         net (fo=2, routed)           1.701    11.065    u_eth/u_rgmii/u_rgmii_rx/rgmii_rxc
    BUFGCTRL_X0Y1        BUFG (Prop_bufg_I_O)         0.077    11.142 r  u_eth/u_rgmii/u_rgmii_rx/BUFG_inst/O
                         net (fo=2522, routed)        1.230    12.372    u_eth/u_lm/gmii_rx_clk
    SLICE_X33Y68         FDCE                                         r  u_eth/u_lm/gap_min_reg[8]/C
                         clock pessimism              0.342    12.714    
                         clock uncertainty           -0.035    12.678    
    SLICE_X33Y68         FDCE (Setup_fdce_C_CE)      -0.338    12.340    u_eth/u_lm/gap_min_reg[8]
  -------------------------------------------------------------------
                         required time                         12.340    
                         arrival time                         -12.163    
  -------------------------------------------------------------------
                         slack                                  0.177    





Min Delay Paths
--------------------------------------------------------------------------------------
Slack (MET) :             0.024ns  (arrival time - required time)
  Source:                 u_eth/u_cdc/wbin_reg[1]/C
                            (rising edge-triggered cell FDCE clocked by eth_rxc  {rise@0.000ns fall@4.000ns period=8.000ns})
  Destination:            u_eth/u_cdc/wgray_reg[13]/D
                            (rising edge-triggered cell FDCE clocked by eth_rxc  {rise@0.000ns fall@4.000ns period=8.000ns})
  Path Group:             eth_rxc
  Path Type:              Hold (Min at Fast Process Corner)
  Requirement:            0.000ns  (eth_rxc rise@0.000ns - eth_rxc rise@0.000ns)
  Data Path Delay:        0.639ns  (logic 0.493ns (77.148%)  route 0.146ns (22.852%))
  Logic Levels:           4  (CARRY4=4)
  Clock Path Skew:        0.013ns (DCD - SCD - CPR)
    Destination Clock Delay (DCD):    2.072ns
    Source Clock Delay      (SCD):    1.558ns
    Clock Pessimism Removal (CPR):    0.501ns
  Clock Uncertainty:      0.500ns  ((TSJ^2 + TIJ^2)^1/2 + DJ) / 2 + PE + UU
    Total System Jitter     (TSJ):    0.000ns
    Total Input Jitter      (TIJ):    0.000ns
    Discrete Jitter          (DJ):    0.000ns
    Phase Error              (PE):    0.000ns
    User Uncertainty         (UU):    0.500ns

    Location             Delay type                Incr(ns)  Path(ns)    Netlist Resource(s)
  -------------------------------------------------------------------    -------------------
                         (clock eth_rxc rise edge)    0.000     0.000 r  
    Y19                                               0.000     0.000 r  eth_rxc (IN)
                         net (fo=0)                   0.000     0.000    eth_rxc
    Y19                  IBUF (Prop_ibuf_I_O)         0.266     0.266 r  eth_rxc_IBUF_inst/O
                         net (fo=2, routed)           0.674     0.940    u_eth/u_rgmii/u_rgmii_rx/rgmii_rxc
    BUFGCTRL_X0Y1        BUFG (Prop_bufg_I_O)         0.026     0.966 r  u_eth/u_rgmii/u_rgmii_rx/BUFG_inst/O
                         net (fo=2522, routed)        0.592     1.558    u_eth/u_cdc/gmii_rx_clk
    SLICE_X14Y11         FDCE                                         r  u_eth/u_cdc/wbin_reg[1]/C
  -------------------------------------------------------------------    -------------------
    SLICE_X14Y11         FDCE (Prop_fdce_C_Q)         0.164     1.722 r  u_eth/u_cdc/wbin_reg[1]/Q
                         net (fo=11, routed)          0.146     1.868    u_eth/u_cdc/wbin_reg[1]
    SLICE_X15Y11         CARRY4 (Prop_carry4_S[0]_CO[3])
                                                      0.197     2.065 r  u_eth/u_cdc/wgray_reg[4]_i_2/CO[3]
                         net (fo=1, routed)           0.000     2.065    u_eth/u_cdc/wgray_reg[4]_i_2_n_0
    SLICE_X15Y12         CARRY4 (Prop_carry4_CI_CO[3])
                                                      0.039     2.104 r  u_eth/u_cdc/wgray_reg[8]_i_2/CO[3]
                         net (fo=1, routed)           0.000     2.104    u_eth/u_cdc/wgray_reg[8]_i_2_n_0
    SLICE_X15Y13         CARRY4 (Prop_carry4_CI_CO[3])
                                                      0.039     2.143 r  u_eth/u_cdc/wgray_reg[13]_i_3/CO[3]
                         net (fo=1, routed)           0.000     2.143    u_eth/u_cdc/wgray_reg[13]_i_3_n_0
    SLICE_X15Y14         CARRY4 (Prop_carry4_CI_O[0])
                                                      0.054     2.197 r  u_eth/u_cdc/wgray_reg[13]_i_2/O[0]
                         net (fo=3, routed)           0.000     2.197    u_eth/u_cdc/b1_in[13]
    SLICE_X15Y14         FDCE                                         r  u_eth/u_cdc/wgray_reg[13]/D
  -------------------------------------------------------------------    -------------------

                         (clock eth_rxc rise edge)    0.000     0.000 r  
    Y19                                               0.000     0.000 r  eth_rxc (IN)
                         net (fo=0)                   0.000     0.000    eth_rxc
    Y19                  IBUF (Prop_ibuf_I_O)         0.454     0.454 r  eth_rxc_IBUF_inst/O
                         net (fo=2, routed)           0.731     1.185    u_eth/u_rgmii/u_rgmii_rx/rgmii_rxc
    BUFGCTRL_X0Y1        BUFG (Prop_bufg_I_O)         0.029     1.214 r  u_eth/u_rgmii/u_rgmii_rx/BUFG_inst/O
                         net (fo=2522, routed)        0.858     2.072    u_eth/u_cdc/gmii_rx_clk
    SLICE_X15Y14         FDCE                                         r  u_eth/u_cdc/wgray_reg[13]/C
                         clock pessimism             -0.501     1.571    
                         clock uncertainty            0.500     2.071    
    SLICE_X15Y14         FDCE (Hold_fdce_C_D)         0.102     2.173    u_eth/u_cdc/wgray_reg[13]
  -------------------------------------------------------------------
                         required time                         -2.173    
                         arrival time                           2.197    
  -------------------------------------------------------------------
                         slack                                  0.024    





Pulse Width Checks
--------------------------------------------------------------------------------------
Clock Name:         eth_rxc
Waveform(ns):       { 0.000 4.000 }
Period(ns):         8.000
Sources:            { eth_rxc }

Check Type        Corner  Lib Pin             Reference Pin  Required(ns)  Actual(ns)  Slack(ns)  Location      Pin
Min Period        n/a     RAMB18E1/CLKARDCLK  n/a            2.472         8.000       5.528      RAMB18_X5Y12  u_eth/u_icmp_fifo/mem_reg/CLKARDCLK
Low Pulse Width   Slow    FDCE/C              n/a            0.500         4.000       3.500      SLICE_X18Y18  u_eth/flush_pend_reg/C
High Pulse Width  Slow    FDCE/C              n/a            0.500         4.000       3.500      SLICE_X18Y18  u_eth/flush_pend_reg/C



---------------------------------------------------------------------------------------------------
From Clock:  sys_clk
  To Clock:  sys_clk

Setup :            0  Failing Endpoints,  Worst Slack       14.567ns,  Total Violation        0.000ns
Hold  :            0  Failing Endpoints,  Worst Slack        0.121ns,  Total Violation        0.000ns
PW    :            0  Failing Endpoints,  Worst Slack        7.000ns,  Total Violation        0.000ns
---------------------------------------------------------------------------------------------------


Max Delay Paths
--------------------------------------------------------------------------------------
Slack (MET) :             14.567ns  (required time - arrival time)
  Source:                 u_pl/u_ang/angle_reg[0]/C
                            (rising edge-triggered cell FDRE clocked by sys_clk  {rise@0.000ns fall@10.000ns period=20.000ns})
  Destination:            u_pl/u_ang/angle_reg[6]/D
                            (rising edge-triggered cell FDRE clocked by sys_clk  {rise@0.000ns fall@10.000ns period=20.000ns})
  Path Group:             sys_clk
  Path Type:              Setup (Max at Slow Process Corner)
  Requirement:            20.000ns  (sys_clk rise@20.000ns - sys_clk rise@0.000ns)
  Data Path Delay:        5.324ns  (logic 1.754ns (32.948%)  route 3.570ns (67.052%))
  Logic Levels:           7  (CARRY4=2 LUT2=1 LUT5=2 LUT6=2)
  Clock Path Skew:        -0.059ns (DCD - SCD + CPR)
    Destination Clock Delay (DCD):    4.514ns = ( 24.514 - 20.000 ) 
    Source Clock Delay      (SCD):    4.930ns
    Clock Pessimism Removal (CPR):    0.357ns
  Clock Uncertainty:      0.035ns  ((TSJ^2 + TIJ^2)^1/2 + DJ) / 2 + PE
    Total System Jitter     (TSJ):    0.071ns
    Total Input Jitter      (TIJ):    0.000ns
    Discrete Jitter          (DJ):    0.000ns
    Phase Error              (PE):    0.000ns

    Location             Delay type                Incr(ns)  Path(ns)    Netlist Resource(s)
  -------------------------------------------------------------------    -------------------
                         (clock sys_clk rise edge)    0.000     0.000 r  
    W17                                               0.000     0.000 r  sys_clk (IN)
                         net (fo=0)                   0.000     0.000    sys_clk
    W17                  IBUF (Prop_ibuf_I_O)         1.415     1.415 r  sys_clk_IBUF_inst/O
                         net (fo=1, routed)           1.873     3.288    sys_clk_IBUF
    BUFGCTRL_X0Y4        BUFG (Prop_bufg_I_O)         0.085     3.373 r  sys_clk_IBUF_BUFG_inst/O
                         net (fo=186, routed)         1.557     4.930    u_pl/u_ang/CLK
    SLICE_X45Y113        FDRE                                         r  u_pl/u_ang/angle_reg[0]/C
  -------------------------------------------------------------------    -------------------
    SLICE_X45Y113        FDRE (Prop_fdre_C_Q)         0.379     5.309 r  u_pl/u_ang/angle_reg[0]/Q
                         net (fo=185, routed)         0.592     5.901    u_pl/u_ang/angle_reg[8]_1[0]
    SLICE_X44Y112        LUT2 (Prop_lut2_I0_O)        0.105     6.006 r  u_pl/u_ang/angle[3]_i_8/O
                         net (fo=1, routed)           0.000     6.006    u_pl/u_ang/angle[3]_i_8_n_0
    SLICE_X44Y112        CARRY4 (Prop_carry4_S[0]_CO[3])
                                                      0.440     6.446 r  u_pl/u_ang/angle_reg[3]_i_2/CO[3]
                         net (fo=1, routed)           0.000     6.446    u_pl/u_ang/angle_reg[3]_i_2_n_0
    SLICE_X44Y113        CARRY4 (Prop_carry4_CI_O[1])
                                                      0.265     6.711 r  u_pl/u_ang/angle_reg[7]_i_4/O[1]
                         net (fo=5, routed)           0.689     7.400    u_pl/u_ang/angle_reg[7]_i_4_n_6
    SLICE_X45Y113        LUT6 (Prop_lut6_I3_O)        0.250     7.650 r  u_pl/u_ang/angle[3]_i_3/O
                         net (fo=4, routed)           0.703     8.353    u_pl/u_ang/angle[3]_i_3_n_0
    SLICE_X42Y113        LUT6 (Prop_lut6_I5_O)        0.105     8.458 r  u_pl/u_ang/angle[6]_i_5/O
                         net (fo=1, routed)           0.654     9.111    u_pl/u_ang/angle[6]_i_5_n_0
    SLICE_X41Y113        LUT5 (Prop_lut5_I4_O)        0.105     9.216 r  u_pl/u_ang/angle[6]_i_3/O
                         net (fo=1, routed)           0.677     9.893    u_pl/u_ang/angle[6]_i_3_n_0
    SLICE_X42Y114        LUT5 (Prop_lut5_I4_O)        0.105     9.998 r  u_pl/u_ang/angle[6]_i_1/O
                         net (fo=1, routed)           0.255    10.254    u_pl/u_ang/p_1_in__0[6]
    SLICE_X42Y114        FDRE                                         r  u_pl/u_ang/angle_reg[6]/D
  -------------------------------------------------------------------    -------------------

                         (clock sys_clk rise edge)   20.000    20.000 r  
    W17                                               0.000    20.000 r  sys_clk (IN)
                         net (fo=0)                   0.000    20.000    sys_clk
    W17                  IBUF (Prop_ibuf_I_O)         1.349    21.349 r  sys_clk_IBUF_inst/O
                         net (fo=1, routed)           1.701    23.050    sys_clk_IBUF
    BUFGCTRL_X0Y4        BUFG (Prop_bufg_I_O)         0.077    23.127 r  sys_clk_IBUF_BUFG_inst/O
                         net (fo=186, routed)         1.387    24.514    u_pl/u_ang/CLK
    SLICE_X42Y114        FDRE                                         r  u_pl/u_ang/angle_reg[6]/C
                         clock pessimism              0.357    24.871    
                         clock uncertainty           -0.035    24.836    
    SLICE_X42Y114        FDRE (Setup_fdre_C_D)       -0.015    24.821    u_pl/u_ang/angle_reg[6]
  -------------------------------------------------------------------
                         required time                         24.821    
                         arrival time                         -10.254    
  -------------------------------------------------------------------
                         slack                                 14.567    





Min Delay Paths
--------------------------------------------------------------------------------------
Slack (MET) :             0.121ns  (arrival time - required time)
  Source:                 u_pl/u_ang/fs_s_reg[0]/C
                            (rising edge-triggered cell FDRE clocked by sys_clk  {rise@0.000ns fall@10.000ns period=20.000ns})
  Destination:            u_pl/u_ang/fs_s_reg[1]/D
                            (rising edge-triggered cell FDRE clocked by sys_clk  {rise@0.000ns fall@10.000ns period=20.000ns})
  Path Group:             sys_clk
  Path Type:              Hold (Min at Fast Process Corner)
  Requirement:            0.000ns  (sys_clk rise@0.000ns - sys_clk rise@0.000ns)
  Data Path Delay:        0.196ns  (logic 0.141ns (71.838%)  route 0.055ns (28.162%))
  Logic Levels:           0  
  Clock Path Skew:        0.000ns (DCD - SCD - CPR)
    Destination Clock Delay (DCD):    2.108ns
    Source Clock Delay      (SCD):    1.589ns
    Clock Pessimism Removal (CPR):    0.519ns

    Location             Delay type                Incr(ns)  Path(ns)    Netlist Resource(s)
  -------------------------------------------------------------------    -------------------
                         (clock sys_clk rise edge)    0.000     0.000 r  
    W17                                               0.000     0.000 r  sys_clk (IN)
                         net (fo=0)                   0.000     0.000    sys_clk
    W17                  IBUF (Prop_ibuf_I_O)         0.252     0.252 r  sys_clk_IBUF_inst/O
                         net (fo=1, routed)           0.674     0.926    sys_clk_IBUF
    BUFGCTRL_X0Y4        BUFG (Prop_bufg_I_O)         0.026     0.952 r  sys_clk_IBUF_BUFG_inst/O
                         net (fo=186, routed)         0.637     1.589    u_pl/u_ang/CLK
    SLICE_X45Y112        FDRE                                         r  u_pl/u_ang/fs_s_reg[0]/C
  -------------------------------------------------------------------    -------------------
    SLICE_X45Y112        FDRE (Prop_fdre_C_Q)         0.141     1.730 r  u_pl/u_ang/fs_s_reg[0]/Q
                         net (fo=1, routed)           0.055     1.785    u_pl/u_ang/fs_s[0]
    SLICE_X45Y112        FDRE                                         r  u_pl/u_ang/fs_s_reg[1]/D
  -------------------------------------------------------------------    -------------------

                         (clock sys_clk rise edge)    0.000     0.000 r  
    W17                                               0.000     0.000 r  sys_clk (IN)
                         net (fo=0)                   0.000     0.000    sys_clk
    W17                  IBUF (Prop_ibuf_I_O)         0.440     0.440 r  sys_clk_IBUF_inst/O
                         net (fo=1, routed)           0.731     1.171    sys_clk_IBUF
    BUFGCTRL_X0Y4        BUFG (Prop_bufg_I_O)         0.029     1.200 r  sys_clk_IBUF_BUFG_inst/O
                         net (fo=186, routed)         0.908     2.108    u_pl/u_ang/CLK
    SLICE_X45Y112        FDRE                                         r  u_pl/u_ang/fs_s_reg[1]/C
                         clock pessimism             -0.519     1.589    
    SLICE_X45Y112        FDRE (Hold_fdre_C_D)         0.075     1.664    u_pl/u_ang/fs_s_reg[1]
  -------------------------------------------------------------------
                         required time                         -1.664    
                         arrival time                           1.785    
  -------------------------------------------------------------------
                         slack                                  0.121    





Pulse Width Checks
--------------------------------------------------------------------------------------
Clock Name:         sys_clk
Waveform(ns):       { 0.000 10.000 }
Period(ns):         20.000
Sources:            { sys_clk }

Check Type        Corner  Lib Pin            Reference Pin  Required(ns)  Actual(ns)  Slack(ns)  Location         Pin
Min Period        n/a     BUFG/I             n/a            1.592         20.000      18.408     BUFGCTRL_X0Y4    sys_clk_IBUF_BUFG_inst/I
Max Period        n/a     MMCME2_ADV/CLKIN1  n/a            100.000       20.000      80.000     MMCME2_ADV_X0Y0  u_idelay_clkgen/u_mmcm/CLKIN1
Low Pulse Width   Slow    MMCME2_ADV/CLKIN1  n/a            3.000         10.000      7.000      MMCME2_ADV_X0Y0  u_idelay_clkgen/u_mmcm/CLKIN1
High Pulse Width  Slow    MMCME2_ADV/CLKIN1  n/a            3.000         10.000      7.000      MMCME2_ADV_X0Y0  u_idelay_clkgen/u_mmcm/CLKIN1



---------------------------------------------------------------------------------------------------
From Clock:  clkfbout
  To Clock:  clkfbout

Setup :           NA  Failing Endpoints,  Worst Slack           NA  ,  Total Violation           NA
Hold  :           NA  Failing Endpoints,  Worst Slack           NA  ,  Total Violation           NA
PW    :            0  Failing Endpoints,  Worst Slack       18.408ns,  Total Violation        0.000ns
---------------------------------------------------------------------------------------------------


Pulse Width Checks
--------------------------------------------------------------------------------------
Clock Name:         clkfbout
Waveform(ns):       { 0.000 10.000 }
Period(ns):         20.000
Sources:            { u_idelay_clkgen/u_mmcm/CLKFBOUT }

Check Type  Corner  Lib Pin             Reference Pin  Required(ns)  Actual(ns)  Slack(ns)  Location         Pin
Min Period  n/a     BUFG/I              n/a            1.592         20.000      18.408     BUFGCTRL_X0Y5    u_idelay_clkgen/u_bufg_fb/I
Max Period  n/a     MMCME2_ADV/CLKFBIN  n/a            100.000       20.000      80.000     MMCME2_ADV_X0Y0  u_idelay_clkgen/u_mmcm/CLKFBIN



---------------------------------------------------------------------------------------------------
From Clock:  clkfbout_1
  To Clock:  clkfbout_1

Setup :           NA  Failing Endpoints,  Worst Slack           NA  ,  Total Violation           NA
Hold  :           NA  Failing Endpoints,  Worst Slack           NA  ,  Total Violation           NA
PW    :            0  Failing Endpoints,  Worst Slack       18.408ns,  Total Violation        0.000ns
---------------------------------------------------------------------------------------------------


Pulse Width Checks
--------------------------------------------------------------------------------------
Clock Name:         clkfbout_1
Waveform(ns):       { 0.000 10.000 }
Period(ns):         20.000
Sources:            { u_pl/u_clk/u_mmcm/CLKFBOUT }

Check Type  Corner  Lib Pin             Reference Pin  Required(ns)  Actual(ns)  Slack(ns)  Location         Pin
Min Period  n/a     BUFG/I              n/a            1.592         20.000      18.408     BUFGCTRL_X0Y6    u_pl/u_clk/u_bufg_fb/I
Max Period  n/a     MMCME2_ADV/CLKFBIN  n/a            100.000       20.000      80.000     MMCME2_ADV_X1Y0  u_pl/u_clk/u_mmcm/CLKFBIN



---------------------------------------------------------------------------------------------------
From Clock:  clkout0_1
  To Clock:  clkout0_1

Setup :            0  Failing Endpoints,  Worst Slack        0.588ns,  Total Violation        0.000ns
Hold  :            0  Failing Endpoints,  Worst Slack        0.079ns,  Total Violation        0.000ns
PW    :            0  Failing Endpoints,  Worst Slack        8.870ns,  Total Violation        0.000ns
---------------------------------------------------------------------------------------------------


Max Delay Paths
--------------------------------------------------------------------------------------
Slack (MET) :             0.588ns  (required time - arrival time)
  Source:                 u_pl/u_pipe/xd_reg[7][4]/C
                            (rising edge-triggered cell FDCE clocked by clkout0_1  {rise@0.000ns fall@10.000ns period=20.000ns})
  Destination:            u_pl/u_osd/b_reg[5]/D
                            (rising edge-triggered cell FDCE clocked by clkout0_1  {rise@0.000ns fall@10.000ns period=20.000ns})
  Path Group:             clkout0_1
  Path Type:              Setup (Max at Slow Process Corner)
  Requirement:            20.000ns  (clkout0_1 rise@20.000ns - clkout0_1 rise@0.000ns)
  Data Path Delay:        19.349ns  (logic 6.536ns (33.779%)  route 12.813ns (66.221%))
  Logic Levels:           28  (CARRY4=9 LUT1=1 LUT2=1 LUT3=2 LUT4=5 LUT5=1 LUT6=9)
  Clock Path Skew:        0.001ns (DCD - SCD + CPR)
    Destination Clock Delay (DCD):    4.412ns = ( 24.412 - 20.000 ) 
    Source Clock Delay      (SCD):    4.753ns
    Clock Pessimism Removal (CPR):    0.342ns
  Clock Uncertainty:      0.094ns  ((TSJ^2 + DJ^2)^1/2) / 2 + PE
    Total System Jitter     (TSJ):    0.071ns
    Discrete Jitter          (DJ):    0.175ns
    Phase Error              (PE):    0.000ns

    Location             Delay type                Incr(ns)  Path(ns)    Netlist Resource(s)
  -------------------------------------------------------------------    -------------------
                         (clock clkout0_1 rise edge)
                                                      0.000     0.000 r  
    W17                                               0.000     0.000 r  sys_clk (IN)
                         net (fo=0)                   0.000     0.000    sys_clk
    W17                  IBUF (Prop_ibuf_I_O)         1.415     1.415 r  sys_clk_IBUF_inst/O
                         net (fo=1, routed)           1.873     3.288    sys_clk_IBUF
    BUFGCTRL_X0Y4        BUFG (Prop_bufg_I_O)         0.085     3.373 r  sys_clk_IBUF_BUFG_inst/O
                         net (fo=186, routed)         1.550     4.923    u_pl/u_clk/CLK
    MMCME2_ADV_X1Y0      MMCME2_ADV (Prop_mmcme2_adv_CLKIN1_CLKOUT0)
                                                     -3.232     1.691 r  u_pl/u_clk/u_mmcm/CLKOUT0
                         net (fo=1, routed)           1.597     3.288    u_pl/u_clk/clkout0
    BUFGCTRL_X0Y0        BUFG (Prop_bufg_I_O)         0.085     3.373 r  u_pl/u_clk/u_bufg_pix/O
                         net (fo=4927, routed)        1.380     4.753    u_pl/u_pipe/clk_pix
    SLICE_X50Y95         FDCE                                         r  u_pl/u_pipe/xd_reg[7][4]/C
  -------------------------------------------------------------------    -------------------
    SLICE_X50Y95         FDCE (Prop_fdce_C_Q)         0.433     5.186 f  u_pl/u_pipe/xd_reg[7][4]/Q
                         net (fo=5, routed)           0.375     5.561    u_pl/u_pipe/xd_reg[7]_6[4]
    SLICE_X50Y95         LUT1 (Prop_lut1_I0_O)        0.105     5.666 r  u_pl/u_pipe/r[7]_i_54/O
                         net (fo=1, routed)           0.000     5.666    u_pl/u_pipe/r[7]_i_54_n_0
    SLICE_X50Y95         CARRY4 (Prop_carry4_S[1]_CO[3])
                                                      0.444     6.110 r  u_pl/u_pipe/r_reg[7]_i_35/CO[3]
                         net (fo=1, routed)           0.000     6.110    u_pl/u_pipe/r_reg[7]_i_35_n_0
    SLICE_X50Y96         CARRY4 (Prop_carry4_CI_O[1])
                                                      0.257     6.367 f  u_pl/u_pipe/g0_b0_i_564/O[1]
                         net (fo=20, routed)          0.825     7.192    u_pl/u_pipe/u_osd/lx[8]
    SLICE_X51Y100        LUT3 (Prop_lut3_I1_O)        0.245     7.437 r  u_pl/u_pipe/g0_b0_i_852/O
                         net (fo=4, routed)           0.509     7.945    u_pl/u_pipe/g0_b0_i_852_n_0
    SLICE_X49Y99         LUT4 (Prop_lut4_I3_O)        0.105     8.050 r  u_pl/u_pipe/g0_b0_i_856/O
                         net (fo=1, routed)           0.000     8.050    u_pl/u_pipe/g0_b0_i_856_n_0
    SLICE_X49Y99         CARRY4 (Prop_carry4_S[1]_CO[3])
                                                      0.457     8.507 r  u_pl/u_pipe/g0_b0_i_649/CO[3]
                         net (fo=1, routed)           0.001     8.508    u_pl/u_pipe/g0_b0_i_649_n_0
    SLICE_X49Y100        CARRY4 (Prop_carry4_CI_O[0])
                                                      0.180     8.688 r  u_pl/u_pipe/g0_b0_i_580/O[0]
                         net (fo=2, routed)           0.800     9.488    u_pl/u_pipe/g0_b0_i_580_n_7
    SLICE_X47Y98         LUT3 (Prop_lut3_I1_O)        0.259     9.747 r  u_pl/u_pipe/g0_b0_i_342/O
                         net (fo=2, routed)           0.408    10.156    u_pl/u_pipe/g0_b0_i_342_n_0
    SLICE_X48Y98         LUT4 (Prop_lut4_I3_O)        0.267    10.423 r  u_pl/u_pipe/g0_b0_i_346/O
                         net (fo=1, routed)           0.000    10.423    u_pl/u_pipe/g0_b0_i_346_n_0
    SLICE_X48Y98         CARRY4 (Prop_carry4_S[3]_CO[3])
                                                      0.332    10.755 r  u_pl/u_pipe/g0_b0_i_131/CO[3]
                         net (fo=1, routed)           0.000    10.755    u_pl/u_pipe/g0_b0_i_131_n_0
    SLICE_X48Y99         CARRY4 (Prop_carry4_CI_O[1])
                                                      0.265    11.020 r  u_pl/u_pipe/g0_b0_i_99/O[1]
                         net (fo=20, routed)          0.518    11.538    u_pl/u_pipe/g0_b0_i_99_n_6
    SLICE_X47Y99         CARRY4 (Prop_carry4_DI[1]_O[3])
                                                      0.637    12.175 r  u_pl/u_pipe/g0_b0_i_791/O[3]
                         net (fo=3, routed)           0.661    12.836    u_pl/u_pipe/g0_b0_i_791_n_4
    SLICE_X46Y100        LUT4 (Prop_lut4_I1_O)        0.257    13.093 r  u_pl/u_pipe/g0_b0_i_808/O
                         net (fo=1, routed)           0.000    13.093    u_pl/u_pipe/g0_b0_i_808_n_0
    SLICE_X46Y100        CARRY4 (Prop_carry4_S[1]_CO[3])
                                                      0.444    13.537 r  u_pl/u_pipe/g0_b0_i_566/CO[3]
                         net (fo=1, routed)           0.000    13.537    u_pl/u_pipe/g0_b0_i_566_n_0
    SLICE_X46Y101        CARRY4 (Prop_carry4_CI_CO[1])
                                                      0.131    13.668 r  u_pl/u_pipe/g0_b0_i_263/CO[1]
                         net (fo=37, routed)          0.910    14.578    u_pl/u_pipe/g0_b0_i_263_n_2
    SLICE_X41Y106        LUT4 (Prop_lut4_I3_O)        0.296    14.874 r  u_pl/u_pipe/g0_b0_i_92/O
                         net (fo=147, routed)         0.946    15.820    u_pl/u_eff/g0_b0_i_167_0
    SLICE_X43Y103        LUT4 (Prop_lut4_I0_O)        0.267    16.087 f  u_pl/u_eff/g0_b0_i_124/O
                         net (fo=6, routed)           0.421    16.508    u_pl/u_eff/th_sync_reg[7]_3
    SLICE_X43Y102        LUT6 (Prop_lut6_I4_O)        0.105    16.613 r  u_pl/u_eff/g0_b0_i_476/O
                         net (fo=1, routed)           0.776    17.389    u_pl/u_pipe/g0_b0_i_65_1
    SLICE_X41Y100        LUT6 (Prop_lut6_I3_O)        0.105    17.494 r  u_pl/u_pipe/g0_b0_i_182/O
                         net (fo=1, routed)           0.515    18.009    u_pl/u_pipe/g0_b0_i_182_n_0
    SLICE_X43Y100        LUT6 (Prop_lut6_I4_O)        0.105    18.114 f  u_pl/u_pipe/g0_b0_i_65/O
                         net (fo=1, routed)           0.607    18.721    u_pl/u_pipe/g0_b0_i_65_n_0
    SLICE_X43Y99         LUT6 (Prop_lut6_I3_O)        0.105    18.826 f  u_pl/u_pipe/g0_b0_i_27/O
                         net (fo=13, routed)          0.849    19.675    u_pl/u_osd/chars[0]
    SLICE_X43Y98         LUT6 (Prop_lut6_I1_O)        0.105    19.780 r  u_pl/u_osd/g0_b0_i_11/O
                         net (fo=3, routed)           0.490    20.270    u_pl/u_osd/g0_b0_i_11_n_0
    SLICE_X45Y98         LUT5 (Prop_lut5_I0_O)        0.105    20.375 r  u_pl/u_osd/g0_b0_i_2/O
                         net (fo=35, routed)          0.842    21.217    u_pl/u_pipe/r[7]_i_18_2
    SLICE_X47Y97         LUT6 (Prop_lut6_I1_O)        0.105    21.322 f  u_pl/u_pipe/r[7]_i_28/O
                         net (fo=1, routed)           0.515    21.837    u_pl/u_pipe/r[7]_i_28_n_0
    SLICE_X47Y96         LUT6 (Prop_lut6_I0_O)        0.105    21.942 f  u_pl/u_pipe/r[7]_i_11/O
                         net (fo=1, routed)           0.346    22.288    u_pl/u_pipe/r[7]_i_11_n_0
    SLICE_X47Y96         LUT6 (Prop_lut6_I2_O)        0.105    22.393 r  u_pl/u_pipe/r[7]_i_3/O
                         net (fo=1, routed)           0.782    23.174    u_pl/u_pipe/u_sobel/b_reg[2]
    SLICE_X49Y96         LUT6 (Prop_lut6_I0_O)        0.105    23.279 f  u_pl/u_pipe/u_sobel/r[7]_i_2/O
                         net (fo=19, routed)          0.718    23.997    u_pl/u_split/b_reg[2]
    SLICE_X55Y95         LUT2 (Prop_lut2_I1_O)        0.105    24.102 r  u_pl/u_split/b[5]_i_1/O
                         net (fo=1, routed)           0.000    24.102    u_pl/u_osd/b_reg[7]_1[3]
    SLICE_X55Y95         FDCE                                         r  u_pl/u_osd/b_reg[5]/D
  -------------------------------------------------------------------    -------------------

                         (clock clkout0_1 rise edge)
                                                     20.000    20.000 r  
    W17                                               0.000    20.000 r  sys_clk (IN)
                         net (fo=0)                   0.000    20.000    sys_clk
    W17                  IBUF (Prop_ibuf_I_O)         1.349    21.349 r  sys_clk_IBUF_inst/O
                         net (fo=1, routed)           1.701    23.050    sys_clk_IBUF
    BUFGCTRL_X0Y4        BUFG (Prop_bufg_I_O)         0.077    23.127 r  sys_clk_IBUF_BUFG_inst/O
                         net (fo=186, routed)         1.384    24.511    u_pl/u_clk/CLK
    MMCME2_ADV_X1Y0      MMCME2_ADV (Prop_mmcme2_adv_CLKIN1_CLKOUT0)
                                                     -2.915    21.596 r  u_pl/u_clk/u_mmcm/CLKOUT0
                         net (fo=1, routed)           1.454    23.050    u_pl/u_clk/clkout0
    BUFGCTRL_X0Y0        BUFG (Prop_bufg_I_O)         0.077    23.127 r  u_pl/u_clk/u_bufg_pix/O
                         net (fo=4927, routed)        1.285    24.412    u_pl/u_osd/clk_pix
    SLICE_X55Y95         FDCE                                         r  u_pl/u_osd/b_reg[5]/C
                         clock pessimism              0.342    24.754    
                         clock uncertainty           -0.094    24.660    
    SLICE_X55Y95         FDCE (Setup_fdce_C_D)        0.030    24.690    u_pl/u_osd/b_reg[5]
  -------------------------------------------------------------------
                         required time                         24.690    
                         arrival time                         -24.102    
  -------------------------------------------------------------------
                         slack                                  0.588    





Min Delay Paths
--------------------------------------------------------------------------------------
Slack (MET) :             0.079ns  (arrival time - required time)
  Source:                 u_pl/u_bilin/j_d2_reg[7]/C
                            (rising edge-triggered cell FDCE clocked by clkout0_1  {rise@0.000ns fall@10.000ns period=20.000ns})
  Destination:            u_pl/u_bilin/tap_hold_reg/ADDRBWRADDR[12]
                            (rising edge-triggered cell RAMB18E1 clocked by clkout0_1  {rise@0.000ns fall@10.000ns period=20.000ns})
  Path Group:             clkout0_1
  Path Type:              Hold (Min at Fast Process Corner)
  Requirement:            0.000ns  (clkout0_1 rise@0.000ns - clkout0_1 rise@0.000ns)
  Data Path Delay:        0.317ns  (logic 0.164ns (51.662%)  route 0.153ns (48.338%))
  Logic Levels:           0  
  Clock Path Skew:        0.056ns (DCD - SCD - CPR)
    Destination Clock Delay (DCD):    2.086ns
    Source Clock Delay      (SCD):    1.529ns
    Clock Pessimism Removal (CPR):    0.501ns

    Location             Delay type                Incr(ns)  Path(ns)    Netlist Resource(s)
  -------------------------------------------------------------------    -------------------
                         (clock clkout0_1 rise edge)
                                                      0.000     0.000 r  
    W17                                               0.000     0.000 r  sys_clk (IN)
                         net (fo=0)                   0.000     0.000    sys_clk
    W17                  IBUF (Prop_ibuf_I_O)         0.252     0.252 r  sys_clk_IBUF_inst/O
                         net (fo=1, routed)           0.674     0.926    sys_clk_IBUF
    BUFGCTRL_X0Y4        BUFG (Prop_bufg_I_O)         0.026     0.952 r  sys_clk_IBUF_BUFG_inst/O
                         net (fo=186, routed)         0.595     1.547    u_pl/u_clk/CLK
    MMCME2_ADV_X1Y0      MMCME2_ADV (Prop_mmcme2_adv_CLKIN1_CLKOUT0)
                                                     -1.150     0.397 r  u_pl/u_clk/u_mmcm/CLKOUT0
                         net (fo=1, routed)           0.529     0.926    u_pl/u_clk/clkout0
    BUFGCTRL_X0Y0        BUFG (Prop_bufg_I_O)         0.026     0.952 r  u_pl/u_clk/u_bufg_pix/O
                         net (fo=4927, routed)        0.577     1.529    u_pl/u_bilin/clk_pix
    SLICE_X54Y57         FDCE                                         r  u_pl/u_bilin/j_d2_reg[7]/C
  -------------------------------------------------------------------    -------------------
    SLICE_X54Y57         FDCE (Prop_fdce_C_Q)         0.164     1.693 r  u_pl/u_bilin/j_d2_reg[7]/Q
                         net (fo=2, routed)           0.153     1.846    u_pl/u_bilin/j_d2[7]
    RAMB18_X3Y23         RAMB18E1                                     r  u_pl/u_bilin/tap_hold_reg/ADDRBWRADDR[12]
  -------------------------------------------------------------------    -------------------

                         (clock clkout0_1 rise edge)
                                                      0.000     0.000 r  
    W17                                               0.000     0.000 r  sys_clk (IN)
                         net (fo=0)                   0.000     0.000    sys_clk
    W17                  IBUF (Prop_ibuf_I_O)         0.440     0.440 r  sys_clk_IBUF_inst/O
                         net (fo=1, routed)           0.731     1.171    sys_clk_IBUF
    BUFGCTRL_X0Y4        BUFG (Prop_bufg_I_O)         0.029     1.200 r  sys_clk_IBUF_BUFG_inst/O
                         net (fo=186, routed)         0.862     2.062    u_pl/u_clk/CLK
    MMCME2_ADV_X1Y0      MMCME2_ADV (Prop_mmcme2_adv_CLKIN1_CLKOUT0)
                                                     -1.467     0.595 r  u_pl/u_clk/u_mmcm/CLKOUT0
                         net (fo=1, routed)           0.576     1.171    u_pl/u_clk/clkout0
    BUFGCTRL_X0Y0        BUFG (Prop_bufg_I_O)         0.029     1.200 r  u_pl/u_clk/u_bufg_pix/O
                         net (fo=4927, routed)        0.886     2.086    u_pl/u_bilin/clk_pix
    RAMB18_X3Y23         RAMB18E1                                     r  u_pl/u_bilin/tap_hold_reg/CLKBWRCLK
                         clock pessimism             -0.501     1.584    
    RAMB18_X3Y23         RAMB18E1 (Hold_ramb18e1_CLKBWRCLK_ADDRBWRADDR[12])
                                                      0.183     1.767    u_pl/u_bilin/tap_hold_reg
  -------------------------------------------------------------------
                         required time                         -1.767    
                         arrival time                           1.846    
  -------------------------------------------------------------------
                         slack                                  0.079    





Pulse Width Checks
--------------------------------------------------------------------------------------
Clock Name:         clkout0_1
Waveform(ns):       { 0.000 10.000 }
Period(ns):         20.000
Sources:            { u_pl/u_clk/u_mmcm/CLKOUT0 }

Check Type        Corner  Lib Pin             Reference Pin  Required(ns)  Actual(ns)  Slack(ns)  Location         Pin
Min Period        n/a     DSP48E1/CLK         n/a            3.272         20.000      16.728     DSP48_X2Y46      u_pl/u_zmap/yr_m_reg/CLK
Max Period        n/a     MMCME2_ADV/CLKOUT0  n/a            213.360       20.000      193.360    MMCME2_ADV_X1Y0  u_pl/u_clk/u_mmcm/CLKOUT0
Low Pulse Width   Slow    RAMS64E/CLK         n/a            1.130         10.000      8.870      SLICE_X62Y78     u_pl/u_pipe/u_blur/lb1_reg_0_255_0_0/RAMS64E_A/CLK
High Pulse Width  Slow    RAMS64E/CLK         n/a            1.130         10.000      8.870      SLICE_X62Y78     u_pl/u_pipe/u_blur/lb1_reg_0_255_0_0/RAMS64E_A/CLK



---------------------------------------------------------------------------------------------------
From Clock:  clkout1_1
  To Clock:  clkout1_1

Setup :           NA  Failing Endpoints,  Worst Slack           NA  ,  Total Violation           NA
Hold  :           NA  Failing Endpoints,  Worst Slack           NA  ,  Total Violation           NA
PW    :            0  Failing Endpoints,  Worst Slack        2.408ns,  Total Violation        0.000ns
---------------------------------------------------------------------------------------------------


Pulse Width Checks
--------------------------------------------------------------------------------------
Clock Name:         clkout1_1
Waveform(ns):       { 0.000 2.000 }
Period(ns):         4.000
Sources:            { u_pl/u_clk/u_mmcm/CLKOUT1 }

Check Type  Corner  Lib Pin             Reference Pin  Required(ns)  Actual(ns)  Slack(ns)  Location         Pin
Min Period  n/a     BUFG/I              n/a            1.592         4.000       2.408      BUFGCTRL_X0Y2    u_pl/u_clk/u_bufg_5x/I
Max Period  n/a     MMCME2_ADV/CLKOUT1  n/a            213.360       4.000       209.360    MMCME2_ADV_X1Y0  u_pl/u_clk/u_mmcm/CLKOUT1



---------------------------------------------------------------------------------------------------
From Clock:  clkout2
  To Clock:  clkout2

Setup :           NA  Failing Endpoints,  Worst Slack           NA  ,  Total Violation           NA
Hold  :           NA  Failing Endpoints,  Worst Slack           NA  ,  Total Violation           NA
PW    :            0  Failing Endpoints,  Worst Slack        0.264ns,  Total Violation        0.000ns
---------------------------------------------------------------------------------------------------


Pulse Width Checks
--------------------------------------------------------------------------------------
Clock Name:         clkout2
Waveform(ns):       { 0.000 2.500 }
Period(ns):         5.000
Sources:            { u_idelay_clkgen/u_mmcm/CLKOUT2 }

Check Type  Corner  Lib Pin            Reference Pin  Required(ns)  Actual(ns)  Slack(ns)  Location         Pin
Min Period  n/a     IDELAYCTRL/REFCLK  n/a            2.438         5.000       2.562      IDELAYCTRL_X1Y0  u_eth/u_rgmii/u_rgmii_rx/IDELAYCTRL_inst/REFCLK
Max Period  n/a     IDELAYCTRL/REFCLK  n/a            5.264         5.000       0.264      IDELAYCTRL_X1Y0  u_eth/u_rgmii/u_rgmii_rx/IDELAYCTRL_inst/REFCLK



---------------------------------------------------------------------------------------------------
From Clock:  clkout0_1
  To Clock:  sys_clk

Setup :            0  Failing Endpoints,  Worst Slack       14.021ns,  Total Violation        0.000ns
Hold  :            0  Failing Endpoints,  Worst Slack        0.162ns,  Total Violation        0.000ns
---------------------------------------------------------------------------------------------------


Max Delay Paths
--------------------------------------------------------------------------------------
Slack (MET) :             14.021ns  (required time - arrival time)
  Source:                 u_pl/u_split_x/bus_q_reg[16]/C
                            (rising edge-triggered cell FDCE clocked by clkout0_1  {rise@0.000ns fall@10.000ns period=20.000ns})
  Destination:            u_pl/u_ang/angle_reg[6]/D
                            (rising edge-triggered cell FDRE clocked by sys_clk  {rise@0.000ns fall@10.000ns period=20.000ns})
  Path Group:             sys_clk
  Path Type:              Setup (Max at Slow Process Corner)
  Requirement:            20.000ns  (sys_clk rise@20.000ns - clkout0_1 rise@0.000ns)
  Data Path Delay:        5.532ns  (logic 1.771ns (32.015%)  route 3.761ns (67.986%))
  Logic Levels:           7  (CARRY4=2 LUT2=1 LUT5=2 LUT6=2)
  Clock Path Skew:        -0.173ns (DCD - SCD + CPR)
    Destination Clock Delay (DCD):    4.514ns = ( 24.514 - 20.000 ) 
    Source Clock Delay      (SCD):    4.933ns
    Clock Pessimism Removal (CPR):    0.246ns
  Clock Uncertainty:      0.259ns  ((TSJ^2 + DJ^2)^1/2) / 2 + PE
    Total System Jitter     (TSJ):    0.071ns
    Discrete Jitter          (DJ):    0.175ns
    Phase Error              (PE):    0.165ns

    Location             Delay type                Incr(ns)  Path(ns)    Netlist Resource(s)
  -------------------------------------------------------------------    -------------------
                         (clock clkout0_1 rise edge)
                                                      0.000     0.000 r  
    W17                                               0.000     0.000 r  sys_clk (IN)
                         net (fo=0)                   0.000     0.000    sys_clk
    W17                  IBUF (Prop_ibuf_I_O)         1.415     1.415 r  sys_clk_IBUF_inst/O
                         net (fo=1, routed)           1.873     3.288    sys_clk_IBUF
    BUFGCTRL_X0Y4        BUFG (Prop_bufg_I_O)         0.085     3.373 r  sys_clk_IBUF_BUFG_inst/O
                         net (fo=186, routed)         1.550     4.923    u_pl/u_clk/CLK
    MMCME2_ADV_X1Y0      MMCME2_ADV (Prop_mmcme2_adv_CLKIN1_CLKOUT0)
                                                     -3.232     1.691 r  u_pl/u_clk/u_mmcm/CLKOUT0
                         net (fo=1, routed)           1.597     3.288    u_pl/u_clk/clkout0
    BUFGCTRL_X0Y0        BUFG (Prop_bufg_I_O)         0.085     3.373 r  u_pl/u_clk/u_bufg_pix/O
                         net (fo=4927, routed)        1.560     4.933    u_pl/u_split_x/clk_pix
    SLICE_X45Y109        FDCE                                         r  u_pl/u_split_x/bus_q_reg[16]/C
  -------------------------------------------------------------------    -------------------
    SLICE_X45Y109        FDCE (Prop_fdce_C_Q)         0.379     5.312 r  u_pl/u_split_x/bus_q_reg[16]/Q
                         net (fo=2, routed)           0.783     6.095    u_pl/u_ang/bus_q[1]
    SLICE_X44Y112        LUT2 (Prop_lut2_I1_O)        0.105     6.200 r  u_pl/u_ang/angle[3]_i_7/O
                         net (fo=1, routed)           0.000     6.200    u_pl/u_ang/angle[3]_i_7_n_0
    SLICE_X44Y112        CARRY4 (Prop_carry4_S[1]_CO[3])
                                                      0.457     6.657 r  u_pl/u_ang/angle_reg[3]_i_2/CO[3]
                         net (fo=1, routed)           0.000     6.657    u_pl/u_ang/angle_reg[3]_i_2_n_0
    SLICE_X44Y113        CARRY4 (Prop_carry4_CI_O[1])
                                                      0.265     6.922 r  u_pl/u_ang/angle_reg[7]_i_4/O[1]
                         net (fo=5, routed)           0.689     7.611    u_pl/u_ang/angle_reg[7]_i_4_n_6
    SLICE_X45Y113        LUT6 (Prop_lut6_I3_O)        0.250     7.861 r  u_pl/u_ang/angle[3]_i_3/O
                         net (fo=4, routed)           0.703     8.564    u_pl/u_ang/angle[3]_i_3_n_0
    SLICE_X42Y113        LUT6 (Prop_lut6_I5_O)        0.105     8.669 r  u_pl/u_ang/angle[6]_i_5/O
                         net (fo=1, routed)           0.654     9.322    u_pl/u_ang/angle[6]_i_5_n_0
    SLICE_X41Y113        LUT5 (Prop_lut5_I4_O)        0.105     9.427 r  u_pl/u_ang/angle[6]_i_3/O
                         net (fo=1, routed)           0.677    10.105    u_pl/u_ang/angle[6]_i_3_n_0
    SLICE_X42Y114        LUT5 (Prop_lut5_I4_O)        0.105    10.210 r  u_pl/u_ang/angle[6]_i_1/O
                         net (fo=1, routed)           0.255    10.465    u_pl/u_ang/p_1_in__0[6]
    SLICE_X42Y114        FDRE                                         r  u_pl/u_ang/angle_reg[6]/D
  -------------------------------------------------------------------    -------------------

                         (clock sys_clk rise edge)   20.000    20.000 r  
    W17                                               0.000    20.000 r  sys_clk (IN)
                         net (fo=0)                   0.000    20.000    sys_clk
    W17                  IBUF (Prop_ibuf_I_O)         1.349    21.349 r  sys_clk_IBUF_inst/O
                         net (fo=1, routed)           1.701    23.050    sys_clk_IBUF
    BUFGCTRL_X0Y4        BUFG (Prop_bufg_I_O)         0.077    23.127 r  sys_clk_IBUF_BUFG_inst/O
                         net (fo=186, routed)         1.387    24.514    u_pl/u_ang/CLK
    SLICE_X42Y114        FDRE                                         r  u_pl/u_ang/angle_reg[6]/C
                         clock pessimism              0.246    24.760    
                         clock uncertainty           -0.259    24.501    
    SLICE_X42Y114        FDRE (Setup_fdre_C_D)       -0.015    24.486    u_pl/u_ang/angle_reg[6]
  -------------------------------------------------------------------
                         required time                         24.486    
                         arrival time                         -10.465    
  -------------------------------------------------------------------
                         slack                                 14.021    





Min Delay Paths
--------------------------------------------------------------------------------------
Slack (MET) :             0.162ns  (arrival time - required time)
  Source:                 u_pl/rot_fs_tog_reg/C
                            (rising edge-triggered cell FDCE clocked by clkout0_1  {rise@0.000ns fall@10.000ns period=20.000ns})
  Destination:            u_pl/u_ang/fs_s_reg[0]/D
                            (rising edge-triggered cell FDRE clocked by sys_clk  {rise@0.000ns fall@10.000ns period=20.000ns})
  Path Group:             sys_clk
  Path Type:              Hold (Min at Fast Process Corner)
  Requirement:            0.000ns  (sys_clk rise@0.000ns - clkout0_1 rise@0.000ns)
  Data Path Delay:        0.738ns  (logic 0.141ns (19.115%)  route 0.597ns (80.885%))
  Logic Levels:           0  
  Clock Path Skew:        0.270ns (DCD - SCD - CPR)
    Destination Clock Delay (DCD):    2.108ns
    Source Clock Delay      (SCD):    1.590ns
    Clock Pessimism Removal (CPR):    0.248ns
  Clock Uncertainty:      0.259ns  ((TSJ^2 + DJ^2)^1/2) / 2 + PE
    Total System Jitter     (TSJ):    0.071ns
    Discrete Jitter          (DJ):    0.175ns
    Phase Error              (PE):    0.165ns

    Location             Delay type                Incr(ns)  Path(ns)    Netlist Resource(s)
  -------------------------------------------------------------------    -------------------
                         (clock clkout0_1 rise edge)
                                                      0.000     0.000 r  
    W17                                               0.000     0.000 r  sys_clk (IN)
                         net (fo=0)                   0.000     0.000    sys_clk
    W17                  IBUF (Prop_ibuf_I_O)         0.252     0.252 r  sys_clk_IBUF_inst/O
                         net (fo=1, routed)           0.674     0.926    sys_clk_IBUF
    BUFGCTRL_X0Y4        BUFG (Prop_bufg_I_O)         0.026     0.952 r  sys_clk_IBUF_BUFG_inst/O
                         net (fo=186, routed)         0.595     1.547    u_pl/u_clk/CLK
    MMCME2_ADV_X1Y0      MMCME2_ADV (Prop_mmcme2_adv_CLKIN1_CLKOUT0)
                                                     -1.150     0.397 r  u_pl/u_clk/u_mmcm/CLKOUT0
                         net (fo=1, routed)           0.529     0.926    u_pl/u_clk/clkout0
    BUFGCTRL_X0Y0        BUFG (Prop_bufg_I_O)         0.026     0.952 r  u_pl/u_clk/u_bufg_pix/O
                         net (fo=4927, routed)        0.638     1.590    u_pl/clk_pix
    SLICE_X45Y111        FDCE                                         r  u_pl/rot_fs_tog_reg/C
  -------------------------------------------------------------------    -------------------
    SLICE_X45Y111        FDCE (Prop_fdce_C_Q)         0.141     1.731 r  u_pl/rot_fs_tog_reg/Q
                         net (fo=2, routed)           0.597     2.328    u_pl/u_ang/rot_fs_tog
    SLICE_X45Y112        FDRE                                         r  u_pl/u_ang/fs_s_reg[0]/D
  -------------------------------------------------------------------    -------------------

                         (clock sys_clk rise edge)    0.000     0.000 r  
    W17                                               0.000     0.000 r  sys_clk (IN)
                         net (fo=0)                   0.000     0.000    sys_clk
    W17                  IBUF (Prop_ibuf_I_O)         0.440     0.440 r  sys_clk_IBUF_inst/O
                         net (fo=1, routed)           0.731     1.171    sys_clk_IBUF
    BUFGCTRL_X0Y4        BUFG (Prop_bufg_I_O)         0.029     1.200 r  sys_clk_IBUF_BUFG_inst/O
                         net (fo=186, routed)         0.908     2.108    u_pl/u_ang/CLK
    SLICE_X45Y112        FDRE                                         r  u_pl/u_ang/fs_s_reg[0]/C
                         clock pessimism             -0.248     1.860    
                         clock uncertainty            0.259     2.119    
    SLICE_X45Y112        FDRE (Hold_fdre_C_D)         0.046     2.165    u_pl/u_ang/fs_s_reg[0]
  -------------------------------------------------------------------
                         required time                         -2.165    
                         arrival time                           2.328    
  -------------------------------------------------------------------
                         slack                                  0.162    





---------------------------------------------------------------------------------------------------
From Clock:  sys_clk
  To Clock:  clkout0_1

Setup :            0  Failing Endpoints,  Worst Slack        4.413ns,  Total Violation        0.000ns
Hold  :            0  Failing Endpoints,  Worst Slack        0.136ns,  Total Violation        0.000ns
---------------------------------------------------------------------------------------------------


Max Delay Paths
--------------------------------------------------------------------------------------
Slack (MET) :             4.413ns  (required time - arrival time)
  Source:                 u_pl/u_ang/angle_reg[2]/C
                            (rising edge-triggered cell FDRE clocked by sys_clk  {rise@0.000ns fall@10.000ns period=20.000ns})
  Destination:            u_pl/u_osd/b_reg[5]/D
                            (rising edge-triggered cell FDCE clocked by clkout0_1  {rise@0.000ns fall@10.000ns period=20.000ns})
  Path Group:             clkout0_1
  Path Type:              Setup (Max at Slow Process Corner)
  Requirement:            20.000ns  (clkout0_1 rise@20.000ns - sys_clk rise@0.000ns)
  Data Path Delay:        15.085ns  (logic 4.171ns (27.649%)  route 10.914ns (72.351%))
  Logic Levels:           20  (CARRY4=4 LUT2=2 LUT3=2 LUT4=1 LUT5=2 LUT6=9)
  Clock Path Skew:        -0.272ns (DCD - SCD + CPR)
    Destination Clock Delay (DCD):    4.412ns = ( 24.412 - 20.000 ) 
    Source Clock Delay      (SCD):    4.930ns
    Clock Pessimism Removal (CPR):    0.246ns
  Clock Uncertainty:      0.259ns  ((TSJ^2 + DJ^2)^1/2) / 2 + PE
    Total System Jitter     (TSJ):    0.071ns
    Discrete Jitter          (DJ):    0.175ns
    Phase Error              (PE):    0.165ns

    Location             Delay type                Incr(ns)  Path(ns)    Netlist Resource(s)
  -------------------------------------------------------------------    -------------------
                         (clock sys_clk rise edge)    0.000     0.000 r  
    W17                                               0.000     0.000 r  sys_clk (IN)
                         net (fo=0)                   0.000     0.000    sys_clk
    W17                  IBUF (Prop_ibuf_I_O)         1.415     1.415 r  sys_clk_IBUF_inst/O
                         net (fo=1, routed)           1.873     3.288    sys_clk_IBUF
    BUFGCTRL_X0Y4        BUFG (Prop_bufg_I_O)         0.085     3.373 r  sys_clk_IBUF_BUFG_inst/O
                         net (fo=186, routed)         1.557     4.930    u_pl/u_ang/CLK
    SLICE_X45Y113        FDRE                                         r  u_pl/u_ang/angle_reg[2]/C
  -------------------------------------------------------------------    -------------------
    SLICE_X45Y113        FDRE (Prop_fdre_C_Q)         0.379     5.309 r  u_pl/u_ang/angle_reg[2]/Q
                         net (fo=205, routed)         0.861     6.170    u_pl/u_ang/angle[2]
    SLICE_X36Y106        LUT2 (Prop_lut2_I0_O)        0.105     6.275 r  u_pl/u_ang/g0_b0_i_903/O
                         net (fo=1, routed)           0.000     6.275    u_pl/u_ang/g0_b0_i_903_n_0
    SLICE_X36Y106        CARRY4 (Prop_carry4_S[1]_CO[3])
                                                      0.444     6.719 r  u_pl/u_ang/g0_b0_i_810/CO[3]
                         net (fo=1, routed)           0.000     6.719    u_pl/u_ang/g0_b0_i_810_n_0
    SLICE_X36Y107        CARRY4 (Prop_carry4_CI_CO[3])
                                                      0.100     6.819 r  u_pl/u_ang/g0_b0_i_571/CO[3]
                         net (fo=1, routed)           0.000     6.819    u_pl/u_ang/g0_b0_i_571_n_0
    SLICE_X36Y108        CARRY4 (Prop_carry4_CI_O[1])
                                                      0.257     7.076 r  u_pl/u_ang/g0_b0_i_264/O[1]
                         net (fo=15, routed)          0.888     7.964    u_pl/u_ang/g0_b0_i_264_n_6
    SLICE_X32Y107        LUT3 (Prop_lut3_I0_O)        0.258     8.222 r  u_pl/u_ang/g0_b0_i_574/O
                         net (fo=2, routed)           0.837     9.059    u_pl/u_ang/g0_b0_i_574_n_0
    SLICE_X32Y107        LUT5 (Prop_lut5_I0_O)        0.264     9.323 r  u_pl/u_ang/g0_b0_i_577/O
                         net (fo=1, routed)           0.000     9.323    u_pl/u_ang/g0_b0_i_577_n_0
    SLICE_X32Y107        CARRY4 (Prop_carry4_S[1]_CO[2])
                                                      0.477     9.800 r  u_pl/u_ang/g0_b0_i_265/CO[2]
                         net (fo=7, routed)           0.520    10.320    u_pl/u_ang/g0_b0_i_265_n_1
    SLICE_X34Y107        LUT4 (Prop_lut4_I3_O)        0.273    10.593 f  u_pl/u_ang/g0_b0_i_95/O
                         net (fo=41, routed)          0.769    11.362    u_pl/u_split_x/g0_b0_i_67
    SLICE_X37Y107        LUT3 (Prop_lut3_I0_O)        0.297    11.659 f  u_pl/u_split_x/g0_b0_i_718/O
                         net (fo=1, routed)           0.685    12.344    u_pl/u_zctrl/g0_b0_i_171_3
    SLICE_X37Y107        LUT6 (Prop_lut6_I5_O)        0.267    12.611 r  u_pl/u_zctrl/g0_b0_i_448/O
                         net (fo=1, routed)           0.558    13.169    u_pl/u_pipe/g0_b0_i_62_2
    SLICE_X37Y104        LUT6 (Prop_lut6_I4_O)        0.105    13.274 r  u_pl/u_pipe/g0_b0_i_171/O
                         net (fo=1, routed)           0.583    13.857    u_pl/u_pipe/g0_b0_i_171_n_0
    SLICE_X39Y102        LUT6 (Prop_lut6_I4_O)        0.105    13.962 r  u_pl/u_pipe/g0_b0_i_62/O
                         net (fo=1, routed)           0.672    14.634    u_pl/u_pipe/g0_b0_i_62_n_0
    SLICE_X43Y99         LUT6 (Prop_lut6_I0_O)        0.105    14.739 f  u_pl/u_pipe/g0_b0_i_27/O
                         net (fo=13, routed)          0.849    15.588    u_pl/u_osd/chars[0]
    SLICE_X43Y98         LUT6 (Prop_lut6_I1_O)        0.105    15.693 r  u_pl/u_osd/g0_b0_i_11/O
                         net (fo=3, routed)           0.490    16.183    u_pl/u_osd/g0_b0_i_11_n_0
    SLICE_X45Y98         LUT5 (Prop_lut5_I0_O)        0.105    16.288 r  u_pl/u_osd/g0_b0_i_2/O
                         net (fo=35, routed)          0.842    17.130    u_pl/u_pipe/r[7]_i_18_2
    SLICE_X47Y97         LUT6 (Prop_lut6_I1_O)        0.105    17.235 f  u_pl/u_pipe/r[7]_i_28/O
                         net (fo=1, routed)           0.515    17.750    u_pl/u_pipe/r[7]_i_28_n_0
    SLICE_X47Y96         LUT6 (Prop_lut6_I0_O)        0.105    17.855 f  u_pl/u_pipe/r[7]_i_11/O
                         net (fo=1, routed)           0.346    18.201    u_pl/u_pipe/r[7]_i_11_n_0
    SLICE_X47Y96         LUT6 (Prop_lut6_I2_O)        0.105    18.306 r  u_pl/u_pipe/r[7]_i_3/O
                         net (fo=1, routed)           0.782    19.088    u_pl/u_pipe/u_sobel/b_reg[2]
    SLICE_X49Y96         LUT6 (Prop_lut6_I0_O)        0.105    19.193 f  u_pl/u_pipe/u_sobel/r[7]_i_2/O
                         net (fo=19, routed)          0.718    19.911    u_pl/u_split/b_reg[2]
    SLICE_X55Y95         LUT2 (Prop_lut2_I1_O)        0.105    20.016 r  u_pl/u_split/b[5]_i_1/O
                         net (fo=1, routed)           0.000    20.016    u_pl/u_osd/b_reg[7]_1[3]
    SLICE_X55Y95         FDCE                                         r  u_pl/u_osd/b_reg[5]/D
  -------------------------------------------------------------------    -------------------

                         (clock clkout0_1 rise edge)
                                                     20.000    20.000 r  
    W17                                               0.000    20.000 r  sys_clk (IN)
                         net (fo=0)                   0.000    20.000    sys_clk
    W17                  IBUF (Prop_ibuf_I_O)         1.349    21.349 r  sys_clk_IBUF_inst/O
                         net (fo=1, routed)           1.701    23.050    sys_clk_IBUF
    BUFGCTRL_X0Y4        BUFG (Prop_bufg_I_O)         0.077    23.127 r  sys_clk_IBUF_BUFG_inst/O
                         net (fo=186, routed)         1.384    24.511    u_pl/u_clk/CLK
    MMCME2_ADV_X1Y0      MMCME2_ADV (Prop_mmcme2_adv_CLKIN1_CLKOUT0)
                                                     -2.915    21.596 r  u_pl/u_clk/u_mmcm/CLKOUT0
                         net (fo=1, routed)           1.454    23.050    u_pl/u_clk/clkout0
    BUFGCTRL_X0Y0        BUFG (Prop_bufg_I_O)         0.077    23.127 r  u_pl/u_clk/u_bufg_pix/O
                         net (fo=4927, routed)        1.285    24.412    u_pl/u_osd/clk_pix
    SLICE_X55Y95         FDCE                                         r  u_pl/u_osd/b_reg[5]/C
                         clock pessimism              0.246    24.658    
                         clock uncertainty           -0.259    24.399    
    SLICE_X55Y95         FDCE (Setup_fdce_C_D)        0.030    24.429    u_pl/u_osd/b_reg[5]
  -------------------------------------------------------------------
                         required time                         24.429    
                         arrival time                         -20.016    
  -------------------------------------------------------------------
                         slack                                  4.413    





Min Delay Paths
--------------------------------------------------------------------------------------
Slack (MET) :             0.136ns  (arrival time - required time)
  Source:                 u_pl/u_k1l/tog_reg/C
                            (rising edge-triggered cell FDRE clocked by sys_clk  {rise@0.000ns fall@10.000ns period=20.000ns})
  Destination:            u_pl/u_mode/lsync_reg[0]/D
                            (rising edge-triggered cell FDCE clocked by clkout0_1  {rise@0.000ns fall@10.000ns period=20.000ns})
  Path Group:             clkout0_1
  Path Type:              Hold (Min at Fast Process Corner)
  Requirement:            0.000ns  (clkout0_1 rise@0.000ns - sys_clk rise@0.000ns)
  Data Path Delay:        0.706ns  (logic 0.128ns (18.120%)  route 0.578ns (81.880%))
  Logic Levels:           0  
  Clock Path Skew:        0.275ns (DCD - SCD - CPR)
    Destination Clock Delay (DCD):    2.110ns
    Source Clock Delay      (SCD):    1.587ns
    Clock Pessimism Removal (CPR):    0.248ns
  Clock Uncertainty:      0.259ns  ((TSJ^2 + DJ^2)^1/2) / 2 + PE
    Total System Jitter     (TSJ):    0.071ns
    Discrete Jitter          (DJ):    0.175ns
    Phase Error              (PE):    0.165ns

    Location             Delay type                Incr(ns)  Path(ns)    Netlist Resource(s)
  -------------------------------------------------------------------    -------------------
                         (clock sys_clk rise edge)    0.000     0.000 r  
    W17                                               0.000     0.000 r  sys_clk (IN)
                         net (fo=0)                   0.000     0.000    sys_clk
    W17                  IBUF (Prop_ibuf_I_O)         0.252     0.252 r  sys_clk_IBUF_inst/O
                         net (fo=1, routed)           0.674     0.926    sys_clk_IBUF
    BUFGCTRL_X0Y4        BUFG (Prop_bufg_I_O)         0.026     0.952 r  sys_clk_IBUF_BUFG_inst/O
                         net (fo=186, routed)         0.635     1.587    u_pl/u_k1l/CLK
    SLICE_X48Y114        FDRE                                         r  u_pl/u_k1l/tog_reg/C
  -------------------------------------------------------------------    -------------------
    SLICE_X48Y114        FDRE (Prop_fdre_C_Q)         0.128     1.715 r  u_pl/u_k1l/tog_reg/Q
                         net (fo=3, routed)           0.578     2.294    u_pl/u_mode/D[0]
    SLICE_X46Y111        FDCE                                         r  u_pl/u_mode/lsync_reg[0]/D
  -------------------------------------------------------------------    -------------------

                         (clock clkout0_1 rise edge)
                                                      0.000     0.000 r  
    W17                                               0.000     0.000 r  sys_clk (IN)
                         net (fo=0)                   0.000     0.000    sys_clk
    W17                  IBUF (Prop_ibuf_I_O)         0.440     0.440 r  sys_clk_IBUF_inst/O
                         net (fo=1, routed)           0.731     1.171    sys_clk_IBUF
    BUFGCTRL_X0Y4        BUFG (Prop_bufg_I_O)         0.029     1.200 r  sys_clk_IBUF_BUFG_inst/O
                         net (fo=186, routed)         0.862     2.062    u_pl/u_clk/CLK
    MMCME2_ADV_X1Y0      MMCME2_ADV (Prop_mmcme2_adv_CLKIN1_CLKOUT0)
                                                     -1.467     0.595 r  u_pl/u_clk/u_mmcm/CLKOUT0
                         net (fo=1, routed)           0.576     1.171    u_pl/u_clk/clkout0
    BUFGCTRL_X0Y0        BUFG (Prop_bufg_I_O)         0.029     1.200 r  u_pl/u_clk/u_bufg_pix/O
                         net (fo=4927, routed)        0.910     2.110    u_pl/u_mode/clk_pix
    SLICE_X46Y111        FDCE                                         r  u_pl/u_mode/lsync_reg[0]/C
                         clock pessimism             -0.248     1.862    
                         clock uncertainty            0.259     2.121    
    SLICE_X46Y111        FDCE (Hold_fdce_C_D)         0.036     2.157    u_pl/u_mode/lsync_reg[0]
  -------------------------------------------------------------------
                         required time                         -2.157    
                         arrival time                           2.294    
  -------------------------------------------------------------------
                         slack                                  0.136    





