Copyright 1986-2022 Xilinx, Inc. All Rights Reserved. Copyright 2022-2026 Advanced Micro Devices, Inc. All Rights Reserved.
---------------------------------------------------------------------------------------------------------------------------------------------
| Tool Version : Vivado v.2025.2.1 (win64) Build 6403652 Thu Mar 19 19:48:24 GMT 2026
| Date         : Thu Sep 24 20:27:22 2026
| Host         : Uie-laptop running 64-bit major release  (build 9200)
| Command      : report_timing_summary -file D:/Xilinx/Prj/pro/Video_Processing/build/timing_summary.rpt
| Design       : system_top
| Device       : 7z020-clg484
| Speed File   : -2  PRODUCTION 1.12 2019-11-22
| Design State : Routed
---------------------------------------------------------------------------------------------------------------------------------------------

Timing Summary Report

------------------------------------------------------------------------------------------------
| Timer Settings
| --------------
------------------------------------------------------------------------------------------------

  Enable Multi Corner Analysis               :  Yes
  Enable Pessimism Removal                   :  Yes
  Pessimism Removal Resolution               :  Nearest Common Node
  Enable Input Delay Default Clock           :  No
  Enable Preset / Clear Arcs                 :  No
  Disable Flight Delays                      :  No
  Ignore I/O Paths                           :  No
  Timing Early Launch at Borrowing Latches   :  No
  Borrow Time for Max Delay Exceptions       :  Yes
  Merge Timing Exceptions                    :  Yes
  Inter-SLR Compensation                     :  Conservative

  Corner  Analyze    Analyze    
  Name    Max Paths  Min Paths  
  ------  ---------  ---------  
  Slow    Yes        Yes        
  Fast    Yes        Yes        


------------------------------------------------------------------------------------------------
| Report Methodology
| ------------------
------------------------------------------------------------------------------------------------

Rule       Severity  Description                                                Violations  
---------  --------  ---------------------------------------------------------  ----------  
DPIR-1     Warning   Asynchronous driver check                                  36          
LUTAR-1    Warning   LUT drives async reset alert                               1           
SYNTH-5    Warning   Mapped onto distributed RAM because of timing constraints  80          
SYNTH-6    Warning   Timing of a RAM block might be sub-optimal                 94          
TIMING-9   Warning   Unknown CDC Logic                                          1           
TIMING-10  Warning   Missing property on synchronizer                           1           
TIMING-18  Warning   Missing input or output delay                              7           

Note: This report is based on the most recent report_methodology run and may not be up-to-date. Run report_methodology on the current design for the latest report.



check_timing report

Table of Contents
-----------------
1. checking no_clock (0)
2. checking constant_clock (0)
3. checking pulse_width_clock (0)
4. checking unconstrained_internal_endpoints (0)
5. checking no_input_delay (7)
6. checking no_output_delay (12)
7. checking multiple_clock (0)
8. checking generated_clocks (0)
9. checking loops (0)
10. checking partial_input_delay (0)
11. checking partial_output_delay (0)
12. checking latch_loops (0)

1. checking no_clock (0)
------------------------
 There are 0 register/latch pins with no clock.


2. checking constant_clock (0)
------------------------------
 There are 0 register/latch pins with constant_clock.


3. checking pulse_width_clock (0)
---------------------------------
 There are 0 register/latch pins which need pulse_width check


4. checking unconstrained_internal_endpoints (0)
------------------------------------------------
 There are 0 pins that are not constrained for maximum delay.

 There are 0 pins that are not constrained for maximum delay due to constant clock.


5. checking no_input_delay (7)
------------------------------
 There are 5 input ports with no input delay specified. (HIGH)

 There are 2 input ports with no input delay but user has a false path constraint. (MEDIUM)


6. checking no_output_delay (12)
--------------------------------
 There are 6 ports with no output delay specified. (HIGH)

 There are 6 ports with no output delay but user has a false path constraint (MEDIUM)

 There are 0 ports with no output delay but with a timing clock defined on it or propagating through it


7. checking multiple_clock (0)
------------------------------
 There are 0 register/latch pins with multiple clocks.


8. checking generated_clocks (0)
--------------------------------
 There are 0 generated clocks that are not connected to a clock source.


9. checking loops (0)
---------------------
 There are 0 combinational loops in the design.


10. checking partial_input_delay (0)
------------------------------------
 There are 0 input ports with partial input delay specified.


11. checking partial_output_delay (0)
-------------------------------------
 There are 0 ports with partial output delay specified.


12. checking latch_loops (0)
----------------------------
 There are 0 combinational latch loops in the design through latch input



------------------------------------------------------------------------------------------------
| Design Timing Summary
| ---------------------
------------------------------------------------------------------------------------------------

    WNS(ns)      TNS(ns)  TNS Failing Endpoints  TNS Total Endpoints      WHS(ns)      THS(ns)  THS Failing Endpoints  THS Total Endpoints     WPWS(ns)     TPWS(ns)  TPWS Failing Endpoints  TPWS Total Endpoints  
    -------      -------  ---------------------  -------------------      -------      -------  ---------------------  -------------------     --------     --------  ----------------------  --------------------  
      0.795        0.000                      0                28122        0.053        0.000                      0                28122        0.264        0.000                       0                  9467  


All user specified timing constraints are met.


------------------------------------------------------------------------------------------------
| Clock Summary
| -------------
------------------------------------------------------------------------------------------------

Clock         Waveform(ns)         Period(ns)      Frequency(MHz)
-----         ------------         ----------      --------------
clk_fpga_0    {0.000 5.000}        10.000          100.000         
eth_rxc       {0.000 4.000}        8.000           125.000         
sys_clk       {0.000 10.000}       20.000          50.000          
  clkfbout    {0.000 10.000}       20.000          50.000          
  clkfbout_1  {0.000 10.000}       20.000          50.000          
  clkout0_1   {0.000 10.000}       20.000          50.000          
  clkout1_1   {0.000 2.000}        4.000           250.000         
  clkout2     {0.000 2.500}        5.000           200.000         


------------------------------------------------------------------------------------------------
| Intra Clock Table
| -----------------
------------------------------------------------------------------------------------------------

Clock             WNS(ns)      TNS(ns)  TNS Failing Endpoints  TNS Total Endpoints      WHS(ns)      THS(ns)  THS Failing Endpoints  THS Total Endpoints     WPWS(ns)     TPWS(ns)  TPWS Failing Endpoints  TPWS Total Endpoints  
-----             -------      -------  ---------------------  -------------------      -------      -------  ---------------------  -------------------     --------     --------  ----------------------  --------------------  
clk_fpga_0          2.030        0.000                      0                14535        0.053        0.000                      0                14535        3.870        0.000                       0                  3734  
eth_rxc             0.795        0.000                      0                 4814        0.065        0.000                      0                 4814        3.500        0.000                       0                  2526  
sys_clk            14.075        0.000                      0                  251        0.091        0.000                      0                  251        7.000        0.000                       0                   183  
  clkfbout                                                                                                                                                     18.408        0.000                       0                     3  
  clkfbout_1                                                                                                                                                   18.408        0.000                       0                     3  
  clkout0_1         1.709        0.000                      0                 8483        0.079        0.000                      0                 8483        8.870        0.000                       0                  3005  
  clkout1_1                                                                                                                                                     2.408        0.000                       0                    10  
  clkout2                                                                                                                                                       0.264        0.000                       0                     3  


------------------------------------------------------------------------------------------------
| Inter Clock Table
| -----------------
------------------------------------------------------------------------------------------------

From Clock    To Clock          WNS(ns)      TNS(ns)  TNS Failing Endpoints  TNS Total Endpoints      WHS(ns)      THS(ns)  THS Failing Endpoints  THS Total Endpoints  
----------    --------          -------      -------  ---------------------  -------------------      -------      -------  ---------------------  -------------------  
clkout0_1     sys_clk            17.231        0.000                      0                    1        0.330        0.000                      0                    1  
sys_clk       clkout0_1           6.235        0.000                      0                  153        0.327        0.000                      0                  153  


------------------------------------------------------------------------------------------------
| Other Path Groups Table
| -----------------------
------------------------------------------------------------------------------------------------

Path Group    From Clock    To Clock          WNS(ns)      TNS(ns)  TNS Failing Endpoints  TNS Total Endpoints      WHS(ns)      THS(ns)  THS Failing Endpoints  THS Total Endpoints  
----------    ----------    --------          -------      -------  ---------------------  -------------------      -------      -------  ---------------------  -------------------  


------------------------------------------------------------------------------------------------
| Timing Details
| --------------
------------------------------------------------------------------------------------------------


---------------------------------------------------------------------------------------------------
From Clock:  clk_fpga_0
  To Clock:  clk_fpga_0

Setup :            0  Failing Endpoints,  Worst Slack        2.030ns,  Total Violation        0.000ns
Hold  :            0  Failing Endpoints,  Worst Slack        0.053ns,  Total Violation        0.000ns
PW    :            0  Failing Endpoints,  Worst Slack        3.870ns,  Total Violation        0.000ns
---------------------------------------------------------------------------------------------------


Max Delay Paths
--------------------------------------------------------------------------------------
Slack (MET) :             2.030ns  (required time - arrival time)
  Source:                 u_pl/u_arb/owner_eth_reg_rep/C
                            (rising edge-triggered cell FDCE clocked by clk_fpga_0  {rise@0.000ns fall@5.000ns period=10.000ns})
  Destination:            u_pl/u_fb/lo_reg_0_51/ADDRARDADDR[9]
                            (rising edge-triggered cell RAMB36E1 clocked by clk_fpga_0  {rise@0.000ns fall@5.000ns period=10.000ns})
  Path Group:             clk_fpga_0
  Path Type:              Setup (Max at Slow Process Corner)
  Requirement:            10.000ns  (clk_fpga_0 rise@10.000ns - clk_fpga_0 rise@0.000ns)
  Data Path Delay:        7.163ns  (logic 0.498ns (6.952%)  route 6.665ns (93.048%))
  Logic Levels:           1  (LUT3=1)
  Clock Path Skew:        0.001ns (DCD - SCD + CPR)
    Destination Clock Delay (DCD):    2.360ns = ( 12.360 - 10.000 ) 
    Source Clock Delay      (SCD):    2.468ns
    Clock Pessimism Removal (CPR):    0.109ns
  Clock Uncertainty:      0.154ns  ((TSJ^2 + TIJ^2)^1/2 + DJ) / 2 + PE
    Total System Jitter     (TSJ):    0.071ns
    Total Input Jitter      (TIJ):    0.300ns
    Discrete Jitter          (DJ):    0.000ns
    Phase Error              (PE):    0.000ns

    Location             Delay type                Incr(ns)  Path(ns)    Netlist Resource(s)
  -------------------------------------------------------------------    -------------------
                         (clock clk_fpga_0 rise edge)
                                                      0.000     0.000 r  
    PS7_X0Y0             PS7                          0.000     0.000 r  u_bd/design_1_i/processing_system7_0/inst/PS7_i/FCLKCLK[0]
                         net (fo=1, routed)           0.994     0.994    u_bd/design_1_i/processing_system7_0/inst/FCLK_CLK_unbuffered[0]
    BUFGCTRL_X0Y16       BUFG (Prop_bufg_I_O)         0.085     1.079 r  u_bd/design_1_i/processing_system7_0/inst/buffer_fclk_clk_0.FCLK_CLK_0_BUFG/O
                         net (fo=3735, routed)        1.389     2.468    u_pl/u_arb/FCLK_CLK0
    SLICE_X40Y56         FDCE                                         r  u_pl/u_arb/owner_eth_reg_rep/C
  -------------------------------------------------------------------    -------------------
    SLICE_X40Y56         FDCE (Prop_fdce_C_Q)         0.379     2.847 r  u_pl/u_arb/owner_eth_reg_rep/Q
                         net (fo=198, routed)         1.702     4.549    u_pl/u_row/lo_reg_0_63
    SLICE_X50Y49         LUT3 (Prop_lut3_I2_O)        0.119     4.668 r  u_pl/u_row/lo_reg_0_50_i_3/O
                         net (fo=10, routed)          4.963     9.631    u_pl/u_fb/lo_reg_0_50_0[0]
    RAMB36_X4Y16         RAMB36E1                                     r  u_pl/u_fb/lo_reg_0_51/ADDRARDADDR[9]
  -------------------------------------------------------------------    -------------------

                         (clock clk_fpga_0 rise edge)
                                                     10.000    10.000 r  
    PS7_X0Y0             PS7                          0.000    10.000 r  u_bd/design_1_i/processing_system7_0/inst/PS7_i/FCLKCLK[0]
                         net (fo=1, routed)           0.905    10.906    u_bd/design_1_i/processing_system7_0/inst/FCLK_CLK_unbuffered[0]
    BUFGCTRL_X0Y16       BUFG (Prop_bufg_I_O)         0.077    10.983 r  u_bd/design_1_i/processing_system7_0/inst/buffer_fclk_clk_0.FCLK_CLK_0_BUFG/O
                         net (fo=3735, routed)        1.378    12.360    u_pl/u_fb/FCLK_CLK0
    RAMB36_X4Y16         RAMB36E1                                     r  u_pl/u_fb/lo_reg_0_51/CLKARDCLK
                         clock pessimism              0.109    12.469    
                         clock uncertainty           -0.154    12.315    
    RAMB36_X4Y16         RAMB36E1 (Setup_ramb36e1_CLKARDCLK_ADDRARDADDR[9])
                                                     -0.653    11.662    u_pl/u_fb/lo_reg_0_51
  -------------------------------------------------------------------
                         required time                         11.662    
                         arrival time                          -9.631    
  -------------------------------------------------------------------
                         slack                                  2.030    





Min Delay Paths
--------------------------------------------------------------------------------------
Slack (MET) :             0.053ns  (arrival time - required time)
  Source:                 u_bd/design_1_i/axi_gp0_ic/xbar/inst/gen_sasd.crossbar_sasd_0/reg_slice_r/m_payload_i_reg[12]/C
                            (rising edge-triggered cell FDRE clocked by clk_fpga_0  {rise@0.000ns fall@5.000ns period=10.000ns})
  Destination:            u_bd/design_1_i/axi_gp0_ic/s00_couplers/auto_pc/inst/gen_axilite.gen_b2s_conv.axilite_b2s/RD.r_channel_0/rd_data_fifo_0/memory_reg[31][9]_srl32/D
                            (rising edge-triggered cell SRLC32E clocked by clk_fpga_0  {rise@0.000ns fall@5.000ns period=10.000ns})
  Path Group:             clk_fpga_0
  Path Type:              Hold (Min at Fast Process Corner)
  Requirement:            0.000ns  (clk_fpga_0 rise@0.000ns - clk_fpga_0 rise@0.000ns)
  Data Path Delay:        0.249ns  (logic 0.141ns (56.528%)  route 0.108ns (43.472%))
  Logic Levels:           0  
  Clock Path Skew:        0.013ns (DCD - SCD - CPR)
    Destination Clock Delay (DCD):    1.190ns
    Source Clock Delay      (SCD):    0.893ns
    Clock Pessimism Removal (CPR):    0.284ns

    Location             Delay type                Incr(ns)  Path(ns)    Netlist Resource(s)
  -------------------------------------------------------------------    -------------------
                         (clock clk_fpga_0 rise edge)
                                                      0.000     0.000 r  
    PS7_X0Y0             PS7                          0.000     0.000 r  u_bd/design_1_i/processing_system7_0/inst/PS7_i/FCLKCLK[0]
                         net (fo=1, routed)           0.310     0.310    u_bd/design_1_i/processing_system7_0/inst/FCLK_CLK_unbuffered[0]
    BUFGCTRL_X0Y16       BUFG (Prop_bufg_I_O)         0.026     0.336 r  u_bd/design_1_i/processing_system7_0/inst/buffer_fclk_clk_0.FCLK_CLK_0_BUFG/O
                         net (fo=3735, routed)        0.557     0.893    u_bd/design_1_i/axi_gp0_ic/xbar/inst/gen_sasd.crossbar_sasd_0/reg_slice_r/aclk
    SLICE_X33Y90         FDRE                                         r  u_bd/design_1_i/axi_gp0_ic/xbar/inst/gen_sasd.crossbar_sasd_0/reg_slice_r/m_payload_i_reg[12]/C
  -------------------------------------------------------------------    -------------------
    SLICE_X33Y90         FDRE (Prop_fdre_C_Q)         0.141     1.034 r  u_bd/design_1_i/axi_gp0_ic/xbar/inst/gen_sasd.crossbar_sasd_0/reg_slice_r/m_payload_i_reg[12]/Q
                         net (fo=1, routed)           0.108     1.142    u_bd/design_1_i/axi_gp0_ic/s00_couplers/auto_pc/inst/gen_axilite.gen_b2s_conv.axilite_b2s/RD.r_channel_0/rd_data_fifo_0/in[9]
    SLICE_X32Y90         SRLC32E                                      r  u_bd/design_1_i/axi_gp0_ic/s00_couplers/auto_pc/inst/gen_axilite.gen_b2s_conv.axilite_b2s/RD.r_channel_0/rd_data_fifo_0/memory_reg[31][9]_srl32/D
  -------------------------------------------------------------------    -------------------

                         (clock clk_fpga_0 rise edge)
                                                      0.000     0.000 r  
    PS7_X0Y0             PS7                          0.000     0.000 r  u_bd/design_1_i/processing_system7_0/inst/PS7_i/FCLKCLK[0]
                         net (fo=1, routed)           0.337     0.337    u_bd/design_1_i/processing_system7_0/inst/FCLK_CLK_unbuffered[0]
    BUFGCTRL_X0Y16       BUFG (Prop_bufg_I_O)         0.029     0.366 r  u_bd/design_1_i/processing_system7_0/inst/buffer_fclk_clk_0.FCLK_CLK_0_BUFG/O
                         net (fo=3735, routed)        0.824     1.190    u_bd/design_1_i/axi_gp0_ic/s00_couplers/auto_pc/inst/gen_axilite.gen_b2s_conv.axilite_b2s/RD.r_channel_0/rd_data_fifo_0/aclk
    SLICE_X32Y90         SRLC32E                                      r  u_bd/design_1_i/axi_gp0_ic/s00_couplers/auto_pc/inst/gen_axilite.gen_b2s_conv.axilite_b2s/RD.r_channel_0/rd_data_fifo_0/memory_reg[31][9]_srl32/CLK
                         clock pessimism             -0.284     0.906    
    SLICE_X32Y90         SRLC32E (Hold_srlc32e_CLK_D)
                                                      0.183     1.089    u_bd/design_1_i/axi_gp0_ic/s00_couplers/auto_pc/inst/gen_axilite.gen_b2s_conv.axilite_b2s/RD.r_channel_0/rd_data_fifo_0/memory_reg[31][9]_srl32
  -------------------------------------------------------------------
                         required time                         -1.089    
                         arrival time                           1.142    
  -------------------------------------------------------------------
                         slack                                  0.053    





Pulse Width Checks
--------------------------------------------------------------------------------------
Clock Name:         clk_fpga_0
Waveform(ns):       { 0.000 5.000 }
Period(ns):         10.000
Sources:            { u_bd/design_1_i/processing_system7_0/inst/PS7_i/FCLKCLK[0] }

Check Type        Corner  Lib Pin             Reference Pin  Required(ns)  Actual(ns)  Slack(ns)  Location      Pin
Min Period        n/a     RAMB36E1/CLKBWRCLK  n/a            2.170         10.000      7.830      RAMB36_X2Y8   u_eth/u_cdc/mem_reg_0/CLKBWRCLK
Low Pulse Width   Slow    RAMD64E/CLK         n/a            1.130         5.000       3.870      SLICE_X30Y34  u_eth/u_saver/q_addr_reg_0_63_12_14/RAMA/CLK
High Pulse Width  Slow    RAMD64E/CLK         n/a            1.130         5.000       3.870      SLICE_X30Y34  u_eth/u_saver/q_addr_reg_0_63_12_14/RAMA/CLK



---------------------------------------------------------------------------------------------------
From Clock:  eth_rxc
  To Clock:  eth_rxc

Setup :            0  Failing Endpoints,  Worst Slack        0.795ns,  Total Violation        0.000ns
Hold  :            0  Failing Endpoints,  Worst Slack        0.065ns,  Total Violation        0.000ns
PW    :            0  Failing Endpoints,  Worst Slack        3.500ns,  Total Violation        0.000ns
---------------------------------------------------------------------------------------------------


Max Delay Paths
--------------------------------------------------------------------------------------
Slack (MET) :             0.795ns  (required time - arrival time)
  Source:                 u_eth/u_icmp/u_icmp_tx/tx_data_num_reg[5]/C
                            (rising edge-triggered cell FDCE clocked by eth_rxc  {rise@0.000ns fall@4.000ns period=8.000ns})
  Destination:            u_eth/u_icmp/u_icmp_tx/data_cnt_reg[12]/CE
                            (rising edge-triggered cell FDCE clocked by eth_rxc  {rise@0.000ns fall@4.000ns period=8.000ns})
  Path Group:             eth_rxc
  Path Type:              Setup (Max at Slow Process Corner)
  Requirement:            8.000ns  (eth_rxc rise@8.000ns - eth_rxc rise@0.000ns)
  Data Path Delay:        6.976ns  (logic 2.710ns (38.847%)  route 4.266ns (61.153%))
  Logic Levels:           11  (CARRY4=5 LUT2=3 LUT4=1 LUT5=1 LUT6=1)
  Clock Path Skew:        -0.058ns (DCD - SCD + CPR)
    Destination Clock Delay (DCD):    4.498ns = ( 12.498 - 8.000 ) 
    Source Clock Delay      (SCD):    4.898ns
    Clock Pessimism Removal (CPR):    0.342ns
  Clock Uncertainty:      0.035ns  ((TSJ^2 + TIJ^2)^1/2 + DJ) / 2 + PE
    Total System Jitter     (TSJ):    0.071ns
    Total Input Jitter      (TIJ):    0.000ns
    Discrete Jitter          (DJ):    0.000ns
    Phase Error              (PE):    0.000ns

    Location             Delay type                Incr(ns)  Path(ns)    Netlist Resource(s)
  -------------------------------------------------------------------    -------------------
                         (clock eth_rxc rise edge)    0.000     0.000 r  
    Y19                                               0.000     0.000 r  eth_rxc (IN)
                         net (fo=0)                   0.000     0.000    eth_rxc
    Y19                  IBUF (Prop_ibuf_I_O)         1.430     1.430 r  eth_rxc_IBUF_inst/O
                         net (fo=2, routed)           1.873     3.303    u_eth/u_rgmii/u_rgmii_rx/rgmii_rxc
    BUFGCTRL_X0Y1        BUFG (Prop_bufg_I_O)         0.085     3.388 r  u_eth/u_rgmii/u_rgmii_rx/BUFG_inst/O
                         net (fo=2520, routed)        1.510     4.898    u_eth/u_icmp/u_icmp_tx/gmii_rx_clk
    SLICE_X92Y31         FDCE                                         r  u_eth/u_icmp/u_icmp_tx/tx_data_num_reg[5]/C
  -------------------------------------------------------------------    -------------------
    SLICE_X92Y31         FDCE (Prop_fdce_C_Q)         0.433     5.331 r  u_eth/u_icmp/u_icmp_tx/tx_data_num_reg[5]/Q
                         net (fo=6, routed)           0.572     5.902    u_eth/u_icmp/u_icmp_tx/tx_data_num[5]
    SLICE_X92Y31         LUT4 (Prop_lut4_I1_O)        0.105     6.007 r  u_eth/u_icmp/u_icmp_tx/real_add_cnt[4]_i_100/O
                         net (fo=1, routed)           0.552     6.560    u_eth/u_icmp/u_icmp_tx/real_add_cnt[4]_i_100_n_0
    SLICE_X92Y31         LUT5 (Prop_lut5_I0_O)        0.105     6.665 r  u_eth/u_icmp/u_icmp_tx/real_add_cnt[4]_i_90/O
                         net (fo=17, routed)          0.826     7.490    u_eth/u_icmp/u_icmp_tx/real_tx_data_num1
    SLICE_X100Y28        LUT2 (Prop_lut2_I0_O)        0.127     7.617 r  u_eth/u_icmp/u_icmp_tx/real_add_cnt[4]_i_95/O
                         net (fo=1, routed)           0.256     7.874    u_eth/u_icmp/u_icmp_tx/real_add_cnt[4]_i_95_n_0
    SLICE_X99Y28         CARRY4 (Prop_carry4_CYINIT_CO[3])
                                                      0.661     8.535 r  u_eth/u_icmp/u_icmp_tx/real_add_cnt_reg[4]_i_85/CO[3]
                         net (fo=1, routed)           0.000     8.535    u_eth/u_icmp/u_icmp_tx/real_add_cnt_reg[4]_i_85_n_0
    SLICE_X99Y29         CARRY4 (Prop_carry4_CI_CO[3])
                                                      0.098     8.633 r  u_eth/u_icmp/u_icmp_tx/real_add_cnt_reg[4]_i_67/CO[3]
                         net (fo=1, routed)           0.000     8.633    u_eth/u_icmp/u_icmp_tx/real_add_cnt_reg[4]_i_67_n_0
    SLICE_X99Y30         CARRY4 (Prop_carry4_CI_CO[3])
                                                      0.098     8.731 r  u_eth/u_icmp/u_icmp_tx/real_add_cnt_reg[4]_i_48/CO[3]
                         net (fo=1, routed)           0.000     8.731    u_eth/u_icmp/u_icmp_tx/real_add_cnt_reg[4]_i_48_n_0
    SLICE_X99Y31         CARRY4 (Prop_carry4_CI_O[0])
                                                      0.180     8.911 r  u_eth/u_icmp/u_icmp_tx/real_add_cnt_reg[4]_i_47/O[0]
                         net (fo=1, routed)           0.407     9.317    u_eth/u_icmp/u_icmp_tx/real_add_cnt_reg[4]_i_47_n_7
    SLICE_X96Y30         LUT2 (Prop_lut2_I1_O)        0.249     9.566 r  u_eth/u_icmp/u_icmp_tx/real_add_cnt[4]_i_24/O
                         net (fo=1, routed)           0.000     9.566    u_eth/u_icmp/u_icmp_tx/real_add_cnt[4]_i_24_n_0
    SLICE_X96Y30         CARRY4 (Prop_carry4_S[1]_CO[3])
                                                      0.444    10.010 r  u_eth/u_icmp/u_icmp_tx/real_add_cnt_reg[4]_i_7/CO[3]
                         net (fo=9, routed)           0.771    10.781    u_eth/u_icmp/u_icmp_tx/real_add_cnt_reg[4]_i_7_n_0
    SLICE_X100Y28        LUT2 (Prop_lut2_I1_O)        0.105    10.886 r  u_eth/u_icmp/u_icmp_tx/data_cnt[0]_i_3/O
                         net (fo=1, routed)           0.376    11.263    u_eth/u_icmp/u_icmp_tx/data_cnt[0]_i_3_n_0
    SLICE_X100Y28        LUT6 (Prop_lut6_I3_O)        0.105    11.368 r  u_eth/u_icmp/u_icmp_tx/data_cnt[0]_i_1__0/O
                         net (fo=16, routed)          0.506    11.874    u_eth/u_icmp/u_icmp_tx/data_cnt0
    SLICE_X98Y31         FDCE                                         r  u_eth/u_icmp/u_icmp_tx/data_cnt_reg[12]/CE
  -------------------------------------------------------------------    -------------------

                         (clock eth_rxc rise edge)    8.000     8.000 r  
    Y19                                               0.000     8.000 r  eth_rxc (IN)
                         net (fo=0)                   0.000     8.000    eth_rxc
    Y19                  IBUF (Prop_ibuf_I_O)         1.364     9.364 r  eth_rxc_IBUF_inst/O
                         net (fo=2, routed)           1.701    11.065    u_eth/u_rgmii/u_rgmii_rx/rgmii_rxc
    BUFGCTRL_X0Y1        BUFG (Prop_bufg_I_O)         0.077    11.142 r  u_eth/u_rgmii/u_rgmii_rx/BUFG_inst/O
                         net (fo=2520, routed)        1.356    12.498    u_eth/u_icmp/u_icmp_tx/gmii_rx_clk
    SLICE_X98Y31         FDCE                                         r  u_eth/u_icmp/u_icmp_tx/data_cnt_reg[12]/C
                         clock pessimism              0.342    12.840    
                         clock uncertainty           -0.035    12.804    
    SLICE_X98Y31         FDCE (Setup_fdce_C_CE)      -0.136    12.668    u_eth/u_icmp/u_icmp_tx/data_cnt_reg[12]
  -------------------------------------------------------------------
                         required time                         12.668    
                         arrival time                         -11.874    
  -------------------------------------------------------------------
                         slack                                  0.795    





Min Delay Paths
--------------------------------------------------------------------------------------
Slack (MET) :             0.065ns  (arrival time - required time)
  Source:                 u_eth/u_icmp_fifo/wptr_reg[7]/C
                            (rising edge-triggered cell FDCE clocked by eth_rxc  {rise@0.000ns fall@4.000ns period=8.000ns})
  Destination:            u_eth/u_icmp_fifo/mem_reg/ADDRARDADDR[10]
                            (rising edge-triggered cell RAMB18E1 clocked by eth_rxc  {rise@0.000ns fall@4.000ns period=8.000ns})
  Path Group:             eth_rxc
  Path Type:              Hold (Min at Fast Process Corner)
  Requirement:            0.000ns  (eth_rxc rise@0.000ns - eth_rxc rise@0.000ns)
  Data Path Delay:        0.297ns  (logic 0.141ns (47.395%)  route 0.156ns (52.605%))
  Logic Levels:           0  
  Clock Path Skew:        0.050ns (DCD - SCD - CPR)
    Destination Clock Delay (DCD):    2.126ns
    Source Clock Delay      (SCD):    1.574ns
    Clock Pessimism Removal (CPR):    0.502ns

    Location             Delay type                Incr(ns)  Path(ns)    Netlist Resource(s)
  -------------------------------------------------------------------    -------------------
                         (clock eth_rxc rise edge)    0.000     0.000 r  
    Y19                                               0.000     0.000 r  eth_rxc (IN)
                         net (fo=0)                   0.000     0.000    eth_rxc
    Y19                  IBUF (Prop_ibuf_I_O)         0.266     0.266 r  eth_rxc_IBUF_inst/O
                         net (fo=2, routed)           0.674     0.940    u_eth/u_rgmii/u_rgmii_rx/rgmii_rxc
    BUFGCTRL_X0Y1        BUFG (Prop_bufg_I_O)         0.026     0.966 r  u_eth/u_rgmii/u_rgmii_rx/BUFG_inst/O
                         net (fo=2520, routed)        0.608     1.574    u_eth/u_icmp_fifo/gmii_rx_clk
    SLICE_X105Y15        FDCE                                         r  u_eth/u_icmp_fifo/wptr_reg[7]/C
  -------------------------------------------------------------------    -------------------
    SLICE_X105Y15        FDCE (Prop_fdce_C_Q)         0.141     1.715 r  u_eth/u_icmp_fifo/wptr_reg[7]/Q
                         net (fo=4, routed)           0.156     1.872    u_eth/u_icmp_fifo/wptr_reg_n_0_[7]
    RAMB18_X5Y6          RAMB18E1                                     r  u_eth/u_icmp_fifo/mem_reg/ADDRARDADDR[10]
  -------------------------------------------------------------------    -------------------

                         (clock eth_rxc rise edge)    0.000     0.000 r  
    Y19                                               0.000     0.000 r  eth_rxc (IN)
                         net (fo=0)                   0.000     0.000    eth_rxc
    Y19                  IBUF (Prop_ibuf_I_O)         0.454     0.454 r  eth_rxc_IBUF_inst/O
                         net (fo=2, routed)           0.731     1.185    u_eth/u_rgmii/u_rgmii_rx/rgmii_rxc
    BUFGCTRL_X0Y1        BUFG (Prop_bufg_I_O)         0.029     1.214 r  u_eth/u_rgmii/u_rgmii_rx/BUFG_inst/O
                         net (fo=2520, routed)        0.912     2.126    u_eth/u_icmp_fifo/gmii_rx_clk
    RAMB18_X5Y6          RAMB18E1                                     r  u_eth/u_icmp_fifo/mem_reg/CLKARDCLK
                         clock pessimism             -0.502     1.624    
    RAMB18_X5Y6          RAMB18E1 (Hold_ramb18e1_CLKARDCLK_ADDRARDADDR[10])
                                                      0.183     1.807    u_eth/u_icmp_fifo/mem_reg
  -------------------------------------------------------------------
                         required time                         -1.807    
                         arrival time                           1.872    
  -------------------------------------------------------------------
                         slack                                  0.065    





Pulse Width Checks
--------------------------------------------------------------------------------------
Clock Name:         eth_rxc
Waveform(ns):       { 0.000 4.000 }
Period(ns):         8.000
Sources:            { eth_rxc }

Check Type        Corner  Lib Pin             Reference Pin  Required(ns)  Actual(ns)  Slack(ns)  Location      Pin
Min Period        n/a     RAMB18E1/CLKARDCLK  n/a            2.472         8.000       5.528      RAMB18_X5Y6   u_eth/u_icmp_fifo/mem_reg/CLKARDCLK
Low Pulse Width   Slow    FDCE/C              n/a            0.500         4.000       3.500      SLICE_X31Y30  u_eth/flush_pend_reg/C
High Pulse Width  Slow    FDCE/C              n/a            0.500         4.000       3.500      SLICE_X31Y30  u_eth/flush_pend_reg/C



---------------------------------------------------------------------------------------------------
From Clock:  sys_clk
  To Clock:  sys_clk

Setup :            0  Failing Endpoints,  Worst Slack       14.075ns,  Total Violation        0.000ns
Hold  :            0  Failing Endpoints,  Worst Slack        0.091ns,  Total Violation        0.000ns
PW    :            0  Failing Endpoints,  Worst Slack        7.000ns,  Total Violation        0.000ns
---------------------------------------------------------------------------------------------------


Max Delay Paths
--------------------------------------------------------------------------------------
Slack (MET) :             14.075ns  (required time - arrival time)
  Source:                 u_pl/sec_div_reg[20]/C
                            (rising edge-triggered cell FDCE clocked by sys_clk  {rise@0.000ns fall@10.000ns period=20.000ns})
  Destination:            u_pl/fps_acc_reg[1]/CE
                            (rising edge-triggered cell FDCE clocked by sys_clk  {rise@0.000ns fall@10.000ns period=20.000ns})
  Path Group:             sys_clk
  Path Type:              Setup (Max at Slow Process Corner)
  Requirement:            20.000ns  (sys_clk rise@20.000ns - sys_clk rise@0.000ns)
  Data Path Delay:        5.717ns  (logic 1.007ns (17.614%)  route 4.710ns (82.386%))
  Logic Levels:           5  (LUT3=1 LUT4=1 LUT5=1 LUT6=2)
  Clock Path Skew:        -0.004ns (DCD - SCD + CPR)
    Destination Clock Delay (DCD):    4.406ns = ( 24.406 - 20.000 ) 
    Source Clock Delay      (SCD):    4.752ns
    Clock Pessimism Removal (CPR):    0.342ns
  Clock Uncertainty:      0.035ns  ((TSJ^2 + TIJ^2)^1/2 + DJ) / 2 + PE
    Total System Jitter     (TSJ):    0.071ns
    Total Input Jitter      (TIJ):    0.000ns
    Discrete Jitter          (DJ):    0.000ns
    Phase Error              (PE):    0.000ns

    Location             Delay type                Incr(ns)  Path(ns)    Netlist Resource(s)
  -------------------------------------------------------------------    -------------------
                         (clock sys_clk rise edge)    0.000     0.000 r  
    W17                                               0.000     0.000 r  sys_clk (IN)
                         net (fo=0)                   0.000     0.000    sys_clk
    W17                  IBUF (Prop_ibuf_I_O)         1.415     1.415 r  sys_clk_IBUF_inst/O
                         net (fo=1, routed)           1.873     3.288    sys_clk_IBUF
    BUFGCTRL_X0Y4        BUFG (Prop_bufg_I_O)         0.085     3.373 r  sys_clk_IBUF_BUFG_inst/O
                         net (fo=182, routed)         1.379     4.752    u_pl/sys_clk_IBUF_BUFG
    SLICE_X53Y56         FDCE                                         r  u_pl/sec_div_reg[20]/C
  -------------------------------------------------------------------    -------------------
    SLICE_X53Y56         FDCE (Prop_fdce_C_Q)         0.348     5.100 r  u_pl/sec_div_reg[20]/Q
                         net (fo=2, routed)           0.846     5.946    u_pl/sec_div_reg_n_0_[20]
    SLICE_X53Y56         LUT4 (Prop_lut4_I3_O)        0.239     6.185 f  u_pl/sec_div[25]_i_8/O
                         net (fo=1, routed)           0.513     6.698    u_pl/sec_div[25]_i_8_n_0
    SLICE_X53Y55         LUT5 (Prop_lut5_I4_O)        0.105     6.803 f  u_pl/sec_div[25]_i_7/O
                         net (fo=1, routed)           0.507     7.310    u_pl/sec_div[25]_i_7_n_0
    SLICE_X53Y54         LUT6 (Prop_lut6_I5_O)        0.105     7.415 f  u_pl/sec_div[25]_i_4/O
                         net (fo=1, routed)           0.663     8.078    u_pl/sec_div[25]_i_4_n_0
    SLICE_X53Y52         LUT6 (Prop_lut6_I0_O)        0.105     8.183 r  u_pl/sec_div[25]_i_2/O
                         net (fo=42, routed)          1.672     9.855    u_pl/fps_q[0]
    SLICE_X58Y64         LUT3 (Prop_lut3_I2_O)        0.105     9.960 r  u_pl/fps_acc[7]_i_1/O
                         net (fo=8, routed)           0.509    10.469    u_pl/fps_acc[0]
    SLICE_X55Y65         FDCE                                         r  u_pl/fps_acc_reg[1]/CE
  -------------------------------------------------------------------    -------------------

                         (clock sys_clk rise edge)   20.000    20.000 r  
    W17                                               0.000    20.000 r  sys_clk (IN)
                         net (fo=0)                   0.000    20.000    sys_clk
    W17                  IBUF (Prop_ibuf_I_O)         1.349    21.349 r  sys_clk_IBUF_inst/O
                         net (fo=1, routed)           1.701    23.050    sys_clk_IBUF
    BUFGCTRL_X0Y4        BUFG (Prop_bufg_I_O)         0.077    23.127 r  sys_clk_IBUF_BUFG_inst/O
                         net (fo=182, routed)         1.279    24.406    u_pl/sys_clk_IBUF_BUFG
    SLICE_X55Y65         FDCE                                         r  u_pl/fps_acc_reg[1]/C
                         clock pessimism              0.342    24.748    
                         clock uncertainty           -0.035    24.713    
    SLICE_X55Y65         FDCE (Setup_fdce_C_CE)      -0.168    24.545    u_pl/fps_acc_reg[1]
  -------------------------------------------------------------------
                         required time                         24.545    
                         arrival time                         -10.469    
  -------------------------------------------------------------------
                         slack                                 14.075    





Min Delay Paths
--------------------------------------------------------------------------------------
Slack (MET) :             0.091ns  (arrival time - required time)
  Source:                 u_pl/hb_reg[19]/C
                            (rising edge-triggered cell FDRE clocked by sys_clk  {rise@0.000ns fall@10.000ns period=20.000ns})
  Destination:            u_pl/hb_reg[20]/D
                            (rising edge-triggered cell FDRE clocked by sys_clk  {rise@0.000ns fall@10.000ns period=20.000ns})
  Path Group:             sys_clk
  Path Type:              Hold (Min at Fast Process Corner)
  Requirement:            0.000ns  (sys_clk rise@0.000ns - sys_clk rise@0.000ns)
  Data Path Delay:        0.462ns  (logic 0.355ns (76.797%)  route 0.107ns (23.203%))
  Logic Levels:           2  (CARRY4=2)
  Clock Path Skew:        0.266ns (DCD - SCD - CPR)
    Destination Clock Delay (DCD):    2.023ns
    Source Clock Delay      (SCD):    1.509ns
    Clock Pessimism Removal (CPR):    0.248ns

    Location             Delay type                Incr(ns)  Path(ns)    Netlist Resource(s)
  -------------------------------------------------------------------    -------------------
                         (clock sys_clk rise edge)    0.000     0.000 r  
    W17                                               0.000     0.000 r  sys_clk (IN)
                         net (fo=0)                   0.000     0.000    sys_clk
    W17                  IBUF (Prop_ibuf_I_O)         0.252     0.252 r  sys_clk_IBUF_inst/O
                         net (fo=1, routed)           0.674     0.926    sys_clk_IBUF
    BUFGCTRL_X0Y4        BUFG (Prop_bufg_I_O)         0.026     0.952 r  sys_clk_IBUF_BUFG_inst/O
                         net (fo=182, routed)         0.557     1.509    u_pl/sys_clk_IBUF_BUFG
    SLICE_X51Y49         FDRE                                         r  u_pl/hb_reg[19]/C
  -------------------------------------------------------------------    -------------------
    SLICE_X51Y49         FDRE (Prop_fdre_C_Q)         0.141     1.650 r  u_pl/hb_reg[19]/Q
                         net (fo=1, routed)           0.107     1.756    u_pl/hb_reg_n_0_[19]
    SLICE_X51Y49         CARRY4 (Prop_carry4_S[3]_CO[3])
                                                      0.160     1.916 r  u_pl/hb_reg[16]_i_1/CO[3]
                         net (fo=1, routed)           0.001     1.917    u_pl/hb_reg[16]_i_1_n_0
    SLICE_X51Y50         CARRY4 (Prop_carry4_CI_O[0])
                                                      0.054     1.971 r  u_pl/hb_reg[20]_i_1/O[0]
                         net (fo=1, routed)           0.000     1.971    u_pl/hb_reg[20]_i_1_n_7
    SLICE_X51Y50         FDRE                                         r  u_pl/hb_reg[20]/D
  -------------------------------------------------------------------    -------------------

                         (clock sys_clk rise edge)    0.000     0.000 r  
    W17                                               0.000     0.000 r  sys_clk (IN)
                         net (fo=0)                   0.000     0.000    sys_clk
    W17                  IBUF (Prop_ibuf_I_O)         0.440     0.440 r  sys_clk_IBUF_inst/O
                         net (fo=1, routed)           0.731     1.171    sys_clk_IBUF
    BUFGCTRL_X0Y4        BUFG (Prop_bufg_I_O)         0.029     1.200 r  sys_clk_IBUF_BUFG_inst/O
                         net (fo=182, routed)         0.823     2.023    u_pl/sys_clk_IBUF_BUFG
    SLICE_X51Y50         FDRE                                         r  u_pl/hb_reg[20]/C
                         clock pessimism             -0.248     1.775    
    SLICE_X51Y50         FDRE (Hold_fdre_C_D)         0.105     1.880    u_pl/hb_reg[20]
  -------------------------------------------------------------------
                         required time                         -1.880    
                         arrival time                           1.971    
  -------------------------------------------------------------------
                         slack                                  0.091    





Pulse Width Checks
--------------------------------------------------------------------------------------
Clock Name:         sys_clk
Waveform(ns):       { 0.000 10.000 }
Period(ns):         20.000
Sources:            { sys_clk }

Check Type        Corner  Lib Pin            Reference Pin  Required(ns)  Actual(ns)  Slack(ns)  Location         Pin
Min Period        n/a     BUFG/I             n/a            1.592         20.000      18.408     BUFGCTRL_X0Y4    sys_clk_IBUF_BUFG_inst/I
Max Period        n/a     MMCME2_ADV/CLKIN1  n/a            100.000       20.000      80.000     MMCME2_ADV_X0Y0  u_idelay_clkgen/u_mmcm/CLKIN1
Low Pulse Width   Slow    MMCME2_ADV/CLKIN1  n/a            3.000         10.000      7.000      MMCME2_ADV_X0Y0  u_idelay_clkgen/u_mmcm/CLKIN1
High Pulse Width  Slow    MMCME2_ADV/CLKIN1  n/a            3.000         10.000      7.000      MMCME2_ADV_X0Y0  u_idelay_clkgen/u_mmcm/CLKIN1



---------------------------------------------------------------------------------------------------
From Clock:  clkfbout
  To Clock:  clkfbout

Setup :           NA  Failing Endpoints,  Worst Slack           NA  ,  Total Violation           NA
Hold  :           NA  Failing Endpoints,  Worst Slack           NA  ,  Total Violation           NA
PW    :            0  Failing Endpoints,  Worst Slack       18.408ns,  Total Violation        0.000ns
---------------------------------------------------------------------------------------------------


Pulse Width Checks
--------------------------------------------------------------------------------------
Clock Name:         clkfbout
Waveform(ns):       { 0.000 10.000 }
Period(ns):         20.000
Sources:            { u_idelay_clkgen/u_mmcm/CLKFBOUT }

Check Type  Corner  Lib Pin             Reference Pin  Required(ns)  Actual(ns)  Slack(ns)  Location         Pin
Min Period  n/a     BUFG/I              n/a            1.592         20.000      18.408     BUFGCTRL_X0Y5    u_idelay_clkgen/u_bufg_fb/I
Max Period  n/a     MMCME2_ADV/CLKFBIN  n/a            100.000       20.000      80.000     MMCME2_ADV_X0Y0  u_idelay_clkgen/u_mmcm/CLKFBIN



---------------------------------------------------------------------------------------------------
From Clock:  clkfbout_1
  To Clock:  clkfbout_1

Setup :           NA  Failing Endpoints,  Worst Slack           NA  ,  Total Violation           NA
Hold  :           NA  Failing Endpoints,  Worst Slack           NA  ,  Total Violation           NA
PW    :            0  Failing Endpoints,  Worst Slack       18.408ns,  Total Violation        0.000ns
---------------------------------------------------------------------------------------------------


Pulse Width Checks
--------------------------------------------------------------------------------------
Clock Name:         clkfbout_1
Waveform(ns):       { 0.000 10.000 }
Period(ns):         20.000
Sources:            { u_pl/u_clk/u_mmcm/CLKFBOUT }

Check Type  Corner  Lib Pin             Reference Pin  Required(ns)  Actual(ns)  Slack(ns)  Location         Pin
Min Period  n/a     BUFG/I              n/a            1.592         20.000      18.408     BUFGCTRL_X0Y6    u_pl/u_clk/u_bufg_fb/I
Max Period  n/a     MMCME2_ADV/CLKFBIN  n/a            100.000       20.000      80.000     MMCME2_ADV_X1Y0  u_pl/u_clk/u_mmcm/CLKFBIN



---------------------------------------------------------------------------------------------------
From Clock:  clkout0_1
  To Clock:  clkout0_1

Setup :            0  Failing Endpoints,  Worst Slack        1.709ns,  Total Violation        0.000ns
Hold  :            0  Failing Endpoints,  Worst Slack        0.079ns,  Total Violation        0.000ns
PW    :            0  Failing Endpoints,  Worst Slack        8.870ns,  Total Violation        0.000ns
---------------------------------------------------------------------------------------------------


Max Delay Paths
--------------------------------------------------------------------------------------
Slack (MET) :             1.709ns  (required time - arrival time)
  Source:                 u_pl/x_d_reg[11][3]/C
                            (rising edge-triggered cell FDCE clocked by clkout0_1  {rise@0.000ns fall@10.000ns period=20.000ns})
  Destination:            u_pl/u_osd/r_reg[4]/D
                            (rising edge-triggered cell FDCE clocked by clkout0_1  {rise@0.000ns fall@10.000ns period=20.000ns})
  Path Group:             clkout0_1
  Path Type:              Setup (Max at Slow Process Corner)
  Requirement:            20.000ns  (clkout0_1 rise@20.000ns - clkout0_1 rise@0.000ns)
  Data Path Delay:        18.172ns  (logic 6.898ns (37.959%)  route 11.274ns (62.041%))
  Logic Levels:           26  (CARRY4=9 LUT2=2 LUT3=2 LUT4=5 LUT5=2 LUT6=6)
  Clock Path Skew:        -0.056ns (DCD - SCD + CPR)
    Destination Clock Delay (DCD):    4.412ns = ( 24.412 - 20.000 ) 
    Source Clock Delay      (SCD):    4.810ns
    Clock Pessimism Removal (CPR):    0.342ns
  Clock Uncertainty:      0.094ns  ((TSJ^2 + DJ^2)^1/2) / 2 + PE
    Total System Jitter     (TSJ):    0.071ns
    Discrete Jitter          (DJ):    0.175ns
    Phase Error              (PE):    0.000ns

    Location             Delay type                Incr(ns)  Path(ns)    Netlist Resource(s)
  -------------------------------------------------------------------    -------------------
                         (clock clkout0_1 rise edge)
                                                      0.000     0.000 r  
    W17                                               0.000     0.000 r  sys_clk (IN)
                         net (fo=0)                   0.000     0.000    sys_clk
    W17                  IBUF (Prop_ibuf_I_O)         1.415     1.415 r  sys_clk_IBUF_inst/O
                         net (fo=1, routed)           1.873     3.288    sys_clk_IBUF
    BUFGCTRL_X0Y4        BUFG (Prop_bufg_I_O)         0.085     3.373 r  sys_clk_IBUF_BUFG_inst/O
                         net (fo=182, routed)         1.550     4.923    u_pl/u_clk/sys_clk_IBUF_BUFG
    MMCME2_ADV_X1Y0      MMCME2_ADV (Prop_mmcme2_adv_CLKIN1_CLKOUT0)
                                                     -3.232     1.691 r  u_pl/u_clk/u_mmcm/CLKOUT0
                         net (fo=1, routed)           1.597     3.288    u_pl/u_clk/clkout0
    BUFGCTRL_X0Y0        BUFG (Prop_bufg_I_O)         0.085     3.373 r  u_pl/u_clk/u_bufg_pix/O
                         net (fo=3006, routed)        1.437     4.810    u_pl/clk_pix
    SLICE_X60Y66         FDCE                                         r  u_pl/x_d_reg[11][3]/C
  -------------------------------------------------------------------    -------------------
    SLICE_X60Y66         FDCE (Prop_fdce_C_Q)         0.348     5.158 r  u_pl/x_d_reg[11][3]/Q
                         net (fo=4, routed)           0.380     5.538    u_pl/u_osd/r[7]_i_14_4
    SLICE_X61Y65         CARRY4 (Prop_carry4_S[0]_CO[3])
                                                      0.679     6.217 r  u_pl/u_osd/r_reg[7]_i_40/CO[3]
                         net (fo=1, routed)           0.000     6.217    u_pl/u_osd/r_reg[7]_i_40_n_0
    SLICE_X61Y66         CARRY4 (Prop_carry4_CI_O[1])
                                                      0.265     6.482 r  u_pl/u_osd/g0_b3_i_229/O[1]
                         net (fo=20, routed)          0.901     7.383    u_pl/u_osd/lx[8]
    SLICE_X60Y71         LUT3 (Prop_lut3_I0_O)        0.250     7.633 r  u_pl/u_osd/r[7]_i_96/O
                         net (fo=4, routed)           0.348     7.981    u_pl/u_osd/r[7]_i_96_n_0
    SLICE_X59Y70         LUT4 (Prop_lut4_I0_O)        0.105     8.086 r  u_pl/u_osd/g0_b3_i_370/O
                         net (fo=1, routed)           0.000     8.086    u_pl/u_osd/g0_b3_i_370_n_0
    SLICE_X59Y70         CARRY4 (Prop_carry4_S[3]_CO[3])
                                                      0.332     8.418 r  u_pl/u_osd/g0_b3_i_296/CO[3]
                         net (fo=1, routed)           0.000     8.418    u_pl/u_osd/g0_b3_i_296_n_0
    SLICE_X59Y71         CARRY4 (Prop_carry4_CI_O[2])
                                                      0.200     8.618 r  u_pl/u_osd/g0_b3_i_237/O[2]
                         net (fo=2, routed)           0.686     9.305    u_pl/u_osd/g0_b3_i_237_n_5
    SLICE_X60Y70         LUT3 (Prop_lut3_I1_O)        0.267     9.572 r  u_pl/u_osd/g0_b3_i_133/O
                         net (fo=2, routed)           0.422     9.994    u_pl/u_osd/g0_b3_i_133_n_0
    SLICE_X58Y71         LUT4 (Prop_lut4_I3_O)        0.275    10.269 r  u_pl/u_osd/g0_b3_i_137/O
                         net (fo=1, routed)           0.000    10.269    u_pl/u_osd/g0_b3_i_137_n_0
    SLICE_X58Y71         CARRY4 (Prop_carry4_S[1]_CO[3])
                                                      0.444    10.713 r  u_pl/u_osd/g0_b3_i_62/CO[3]
                         net (fo=1, routed)           0.000    10.713    u_pl/u_osd/g0_b3_i_62_n_0
    SLICE_X58Y72         CARRY4 (Prop_carry4_CI_O[0])
                                                      0.178    10.891 r  u_pl/u_osd/g0_b3_i_228/O[0]
                         net (fo=3, routed)           0.473    11.364    u_pl/u_osd/g0_b3_i_228_n_7
    SLICE_X57Y72         LUT2 (Prop_lut2_I0_O)        0.238    11.602 r  u_pl/u_osd/g0_b3_i_299/O
                         net (fo=1, routed)           0.000    11.602    u_pl/u_osd/g0_b3_i_299_n_0
    SLICE_X57Y72         CARRY4 (Prop_carry4_S[0]_CO[3])
                                                      0.440    12.042 r  u_pl/u_osd/g0_b3_i_227/CO[3]
                         net (fo=1, routed)           0.000    12.042    u_pl/u_osd/g0_b3_i_227_n_0
    SLICE_X57Y73         CARRY4 (Prop_carry4_CI_O[0])
                                                      0.180    12.222 r  u_pl/u_osd/g0_b3_i_126/O[0]
                         net (fo=13, routed)          0.613    12.834    u_pl/u_osd/g0_b3_i_228_0[0]
    SLICE_X55Y72         LUT4 (Prop_lut4_I2_O)        0.249    13.083 r  u_pl/u_osd/g0_b3_i_234/O
                         net (fo=1, routed)           0.000    13.083    u_pl/u_osd/g0_b3_i_234_n_0
    SLICE_X55Y72         CARRY4 (Prop_carry4_S[1]_CO[1])
                                                      0.408    13.491 f  u_pl/u_osd/g0_b3_i_128/CO[1]
                         net (fo=12, routed)          0.684    14.176    u_pl/u_osd/CO[0]
    SLICE_X53Y70         LUT4 (Prop_lut4_I3_O)        0.278    14.454 r  u_pl/u_osd/g0_b3_i_129/O
                         net (fo=3, routed)           0.530    14.983    u_pl/u_osd/g0_b3_i_129_n_0
    SLICE_X53Y70         LUT5 (Prop_lut5_I1_O)        0.267    15.250 f  u_pl/u_osd/g0_b3_i_57/O
                         net (fo=32, routed)          0.837    16.088    u_pl/u_osd/g0_b3_i_122_0
    SLICE_X54Y67         LUT2 (Prop_lut2_I0_O)        0.125    16.213 f  u_pl/u_osd/g0_b3_i_75/O
                         net (fo=1, routed)           0.958    17.170    u_pl/u_lm_x/g0_b3_i_8_0
    SLICE_X52Y66         LUT6 (Prop_lut6_I1_O)        0.264    17.434 f  u_pl/u_lm_x/g0_b3_i_24/O
                         net (fo=1, routed)           0.450    17.885    u_pl/u_mode/g0_b3_i_3_0
    SLICE_X52Y68         LUT6 (Prop_lut6_I3_O)        0.105    17.990 r  u_pl/u_mode/g0_b3_i_8/O
                         net (fo=5, routed)           1.043    19.032    u_pl/u_mode/mode_reg[0]_0
    SLICE_X60Y68         LUT6 (Prop_lut6_I0_O)        0.105    19.137 r  u_pl/u_mode/g0_b3_i_4/O
                         net (fo=30, routed)          0.632    19.769    u_pl/u_mode_n_23
    SLICE_X61Y69         LUT5 (Prop_lut5_I3_O)        0.124    19.893 r  u_pl/g0_b0__0/O
                         net (fo=1, routed)           0.518    20.411    u_pl/u_mode/r[7]_i_22_2
    SLICE_X61Y69         LUT4 (Prop_lut4_I1_O)        0.287    20.698 f  u_pl/u_mode/r[7]_i_49/O
                         net (fo=1, routed)           0.663    21.361    u_pl/u_mode/r[7]_i_49_n_0
    SLICE_X61Y69         LUT6 (Prop_lut6_I2_O)        0.275    21.636 f  u_pl/u_mode/r[7]_i_22/O
                         net (fo=1, routed)           0.530    22.166    u_pl/u_mode/r[7]_i_22_n_0
    SLICE_X64Y65         LUT6 (Prop_lut6_I0_O)        0.105    22.271 r  u_pl/u_mode/r[7]_i_6__0/O
                         net (fo=19, routed)          0.607    22.878    u_pl/u_mode/r[7]_i_6__0_n_0
    SLICE_X65Y65         LUT6 (Prop_lut6_I5_O)        0.105    22.983 r  u_pl/u_mode/r[4]_i_1/O
                         net (fo=1, routed)           0.000    22.983    u_pl/u_osd/r_reg[7]_1[2]
    SLICE_X65Y65         FDCE                                         r  u_pl/u_osd/r_reg[4]/D
  -------------------------------------------------------------------    -------------------

                         (clock clkout0_1 rise edge)
                                                     20.000    20.000 r  
    W17                                               0.000    20.000 r  sys_clk (IN)
                         net (fo=0)                   0.000    20.000    sys_clk
    W17                  IBUF (Prop_ibuf_I_O)         1.349    21.349 r  sys_clk_IBUF_inst/O
                         net (fo=1, routed)           1.701    23.050    sys_clk_IBUF
    BUFGCTRL_X0Y4        BUFG (Prop_bufg_I_O)         0.077    23.127 r  sys_clk_IBUF_BUFG_inst/O
                         net (fo=182, routed)         1.384    24.511    u_pl/u_clk/sys_clk_IBUF_BUFG
    MMCME2_ADV_X1Y0      MMCME2_ADV (Prop_mmcme2_adv_CLKIN1_CLKOUT0)
                                                     -2.915    21.596 r  u_pl/u_clk/u_mmcm/CLKOUT0
                         net (fo=1, routed)           1.454    23.050    u_pl/u_clk/clkout0
    BUFGCTRL_X0Y0        BUFG (Prop_bufg_I_O)         0.077    23.127 r  u_pl/u_clk/u_bufg_pix/O
                         net (fo=3006, routed)        1.285    24.412    u_pl/u_osd/clk_pix
    SLICE_X65Y65         FDCE                                         r  u_pl/u_osd/r_reg[4]/C
                         clock pessimism              0.342    24.754    
                         clock uncertainty           -0.094    24.660    
    SLICE_X65Y65         FDCE (Setup_fdce_C_D)        0.032    24.692    u_pl/u_osd/r_reg[4]
  -------------------------------------------------------------------
                         required time                         24.692    
                         arrival time                         -22.983    
  -------------------------------------------------------------------
                         slack                                  1.709    





Min Delay Paths
--------------------------------------------------------------------------------------
Slack (MET) :             0.079ns  (arrival time - required time)
  Source:                 u_pl/x_d_reg[3][2]/C
                            (rising edge-triggered cell FDCE clocked by clkout0_1  {rise@0.000ns fall@10.000ns period=20.000ns})
  Destination:            u_pl/u_pipe/u_blur/lb1_reg_256_511_1_1/RAMS64E_A/ADR2
                            (rising edge-triggered cell RAMS64E clocked by clkout0_1  {rise@0.000ns fall@10.000ns period=20.000ns})
  Path Group:             clkout0_1
  Path Type:              Hold (Min at Fast Process Corner)
  Requirement:            0.000ns  (clkout0_1 rise@0.000ns - clkout0_1 rise@0.000ns)
  Data Path Delay:        0.348ns  (logic 0.141ns (40.524%)  route 0.207ns (59.476%))
  Logic Levels:           0  
  Clock Path Skew:        0.015ns (DCD - SCD - CPR)
    Destination Clock Delay (DCD):    2.012ns
    Source Clock Delay      (SCD):    1.497ns
    Clock Pessimism Removal (CPR):    0.500ns

    Location             Delay type                Incr(ns)  Path(ns)    Netlist Resource(s)
  -------------------------------------------------------------------    -------------------
                         (clock clkout0_1 rise edge)
                                                      0.000     0.000 r  
    W17                                               0.000     0.000 r  sys_clk (IN)
                         net (fo=0)                   0.000     0.000    sys_clk
    W17                  IBUF (Prop_ibuf_I_O)         0.252     0.252 r  sys_clk_IBUF_inst/O
                         net (fo=1, routed)           0.674     0.926    sys_clk_IBUF
    BUFGCTRL_X0Y4        BUFG (Prop_bufg_I_O)         0.026     0.952 r  sys_clk_IBUF_BUFG_inst/O
                         net (fo=182, routed)         0.595     1.547    u_pl/u_clk/sys_clk_IBUF_BUFG
    MMCME2_ADV_X1Y0      MMCME2_ADV (Prop_mmcme2_adv_CLKIN1_CLKOUT0)
                                                     -1.150     0.397 r  u_pl/u_clk/u_mmcm/CLKOUT0
                         net (fo=1, routed)           0.529     0.926    u_pl/u_clk/clkout0
    BUFGCTRL_X0Y0        BUFG (Prop_bufg_I_O)         0.026     0.952 r  u_pl/u_clk/u_bufg_pix/O
                         net (fo=3006, routed)        0.545     1.497    u_pl/clk_pix
    SLICE_X53Y70         FDCE                                         r  u_pl/x_d_reg[3][2]/C
  -------------------------------------------------------------------    -------------------
    SLICE_X53Y70         FDCE (Prop_fdce_C_Q)         0.141     1.638 r  u_pl/x_d_reg[3][2]/Q
                         net (fo=129, routed)         0.207     1.845    u_pl/u_pipe/u_blur/lb1_reg_256_511_1_1/A2
    SLICE_X50Y69         RAMS64E                                      r  u_pl/u_pipe/u_blur/lb1_reg_256_511_1_1/RAMS64E_A/ADR2
  -------------------------------------------------------------------    -------------------

                         (clock clkout0_1 rise edge)
                                                      0.000     0.000 r  
    W17                                               0.000     0.000 r  sys_clk (IN)
                         net (fo=0)                   0.000     0.000    sys_clk
    W17                  IBUF (Prop_ibuf_I_O)         0.440     0.440 r  sys_clk_IBUF_inst/O
                         net (fo=1, routed)           0.731     1.171    sys_clk_IBUF
    BUFGCTRL_X0Y4        BUFG (Prop_bufg_I_O)         0.029     1.200 r  sys_clk_IBUF_BUFG_inst/O
                         net (fo=182, routed)         0.862     2.062    u_pl/u_clk/sys_clk_IBUF_BUFG
    MMCME2_ADV_X1Y0      MMCME2_ADV (Prop_mmcme2_adv_CLKIN1_CLKOUT0)
                                                     -1.467     0.595 r  u_pl/u_clk/u_mmcm/CLKOUT0
                         net (fo=1, routed)           0.576     1.171    u_pl/u_clk/clkout0
    BUFGCTRL_X0Y0        BUFG (Prop_bufg_I_O)         0.029     1.200 r  u_pl/u_clk/u_bufg_pix/O
                         net (fo=3006, routed)        0.812     2.012    u_pl/u_pipe/u_blur/lb1_reg_256_511_1_1/WCLK
    SLICE_X50Y69         RAMS64E                                      r  u_pl/u_pipe/u_blur/lb1_reg_256_511_1_1/RAMS64E_A/CLK
                         clock pessimism             -0.500     1.512    
    SLICE_X50Y69         RAMS64E (Hold_rams64e_CLK_ADR2)
                                                      0.254     1.766    u_pl/u_pipe/u_blur/lb1_reg_256_511_1_1/RAMS64E_A
  -------------------------------------------------------------------
                         required time                         -1.766    
                         arrival time                           1.845    
  -------------------------------------------------------------------
                         slack                                  0.079    





Pulse Width Checks
--------------------------------------------------------------------------------------
Clock Name:         clkout0_1
Waveform(ns):       { 0.000 10.000 }
Period(ns):         20.000
Sources:            { u_pl/u_clk/u_mmcm/CLKOUT0 }

Check Type        Corner  Lib Pin             Reference Pin  Required(ns)  Actual(ns)  Slack(ns)  Location         Pin
Min Period        n/a     DSP48E1/CLK         n/a            3.272         20.000      16.728     DSP48_X4Y26      u_pl/u_zmap/yr_m_reg/CLK
Max Period        n/a     MMCME2_ADV/CLKOUT0  n/a            213.360       20.000      193.360    MMCME2_ADV_X1Y0  u_pl/u_clk/u_mmcm/CLKOUT0
Low Pulse Width   Slow    RAMS64E/CLK         n/a            1.130         10.000      8.870      SLICE_X42Y70     u_pl/u_pipe/u_blur/lb1_reg_0_255_0_0/RAMS64E_A/CLK
High Pulse Width  Slow    RAMS64E/CLK         n/a            1.130         10.000      8.870      SLICE_X42Y70     u_pl/u_pipe/u_blur/lb1_reg_0_255_0_0/RAMS64E_A/CLK



---------------------------------------------------------------------------------------------------
From Clock:  clkout1_1
  To Clock:  clkout1_1

Setup :           NA  Failing Endpoints,  Worst Slack           NA  ,  Total Violation           NA
Hold  :           NA  Failing Endpoints,  Worst Slack           NA  ,  Total Violation           NA
PW    :            0  Failing Endpoints,  Worst Slack        2.408ns,  Total Violation        0.000ns
---------------------------------------------------------------------------------------------------


Pulse Width Checks
--------------------------------------------------------------------------------------
Clock Name:         clkout1_1
Waveform(ns):       { 0.000 2.000 }
Period(ns):         4.000
Sources:            { u_pl/u_clk/u_mmcm/CLKOUT1 }

Check Type  Corner  Lib Pin             Reference Pin  Required(ns)  Actual(ns)  Slack(ns)  Location         Pin
Min Period  n/a     BUFG/I              n/a            1.592         4.000       2.408      BUFGCTRL_X0Y2    u_pl/u_clk/u_bufg_5x/I
Max Period  n/a     MMCME2_ADV/CLKOUT1  n/a            213.360       4.000       209.360    MMCME2_ADV_X1Y0  u_pl/u_clk/u_mmcm/CLKOUT1



---------------------------------------------------------------------------------------------------
From Clock:  clkout2
  To Clock:  clkout2

Setup :           NA  Failing Endpoints,  Worst Slack           NA  ,  Total Violation           NA
Hold  :           NA  Failing Endpoints,  Worst Slack           NA  ,  Total Violation           NA
PW    :            0  Failing Endpoints,  Worst Slack        0.264ns,  Total Violation        0.000ns
---------------------------------------------------------------------------------------------------


Pulse Width Checks
--------------------------------------------------------------------------------------
Clock Name:         clkout2
Waveform(ns):       { 0.000 2.500 }
Period(ns):         5.000
Sources:            { u_idelay_clkgen/u_mmcm/CLKOUT2 }

Check Type  Corner  Lib Pin            Reference Pin  Required(ns)  Actual(ns)  Slack(ns)  Location         Pin
Min Period  n/a     IDELAYCTRL/REFCLK  n/a            2.438         5.000       2.562      IDELAYCTRL_X1Y0  u_eth/u_rgmii/u_rgmii_rx/IDELAYCTRL_inst/REFCLK
Max Period  n/a     IDELAYCTRL/REFCLK  n/a            5.264         5.000       0.264      IDELAYCTRL_X1Y0  u_eth/u_rgmii/u_rgmii_rx/IDELAYCTRL_inst/REFCLK



---------------------------------------------------------------------------------------------------
From Clock:  clkout0_1
  To Clock:  sys_clk

Setup :            0  Failing Endpoints,  Worst Slack       17.231ns,  Total Violation        0.000ns
Hold  :            0  Failing Endpoints,  Worst Slack        0.330ns,  Total Violation        0.000ns
---------------------------------------------------------------------------------------------------


Max Delay Paths
--------------------------------------------------------------------------------------
Slack (MET) :             17.231ns  (required time - arrival time)
  Source:                 u_pl/vs_pix_d0_reg/C
                            (rising edge-triggered cell FDRE clocked by clkout0_1  {rise@0.000ns fall@10.000ns period=20.000ns})
  Destination:            u_pl/vt0_reg/D
                            (rising edge-triggered cell FDRE clocked by sys_clk  {rise@0.000ns fall@10.000ns period=20.000ns})
  Path Group:             sys_clk
  Path Type:              Setup (Max at Slow Process Corner)
  Requirement:            20.000ns  (sys_clk rise@20.000ns - clkout0_1 rise@0.000ns)
  Data Path Delay:        2.328ns  (logic 0.484ns (20.787%)  route 1.844ns (79.213%))
  Logic Levels:           1  (LUT2=1)
  Clock Path Skew:        -0.154ns (DCD - SCD + CPR)
    Destination Clock Delay (DCD):    4.409ns = ( 24.409 - 20.000 ) 
    Source Clock Delay      (SCD):    4.809ns
    Clock Pessimism Removal (CPR):    0.246ns
  Clock Uncertainty:      0.259ns  ((TSJ^2 + DJ^2)^1/2) / 2 + PE
    Total System Jitter     (TSJ):    0.071ns
    Discrete Jitter          (DJ):    0.175ns
    Phase Error              (PE):    0.165ns

    Location             Delay type                Incr(ns)  Path(ns)    Netlist Resource(s)
  -------------------------------------------------------------------    -------------------
                         (clock clkout0_1 rise edge)
                                                      0.000     0.000 r  
    W17                                               0.000     0.000 r  sys_clk (IN)
                         net (fo=0)                   0.000     0.000    sys_clk
    W17                  IBUF (Prop_ibuf_I_O)         1.415     1.415 r  sys_clk_IBUF_inst/O
                         net (fo=1, routed)           1.873     3.288    sys_clk_IBUF
    BUFGCTRL_X0Y4        BUFG (Prop_bufg_I_O)         0.085     3.373 r  sys_clk_IBUF_BUFG_inst/O
                         net (fo=182, routed)         1.550     4.923    u_pl/u_clk/sys_clk_IBUF_BUFG
    MMCME2_ADV_X1Y0      MMCME2_ADV (Prop_mmcme2_adv_CLKIN1_CLKOUT0)
                                                     -3.232     1.691 r  u_pl/u_clk/u_mmcm/CLKOUT0
                         net (fo=1, routed)           1.597     3.288    u_pl/u_clk/clkout0
    BUFGCTRL_X0Y0        BUFG (Prop_bufg_I_O)         0.085     3.373 r  u_pl/u_clk/u_bufg_pix/O
                         net (fo=3006, routed)        1.436     4.809    u_pl/clk_pix
    SLICE_X57Y64         FDRE                                         r  u_pl/vs_pix_d0_reg/C
  -------------------------------------------------------------------    -------------------
    SLICE_X57Y64         FDRE (Prop_fdre_C_Q)         0.379     5.188 r  u_pl/vs_pix_d0_reg/Q
                         net (fo=2, routed)           1.015     6.203    u_pl/vs_pix_d0
    SLICE_X57Y64         LUT2 (Prop_lut2_I0_O)        0.105     6.308 r  u_pl/vt0_i_1/O
                         net (fo=1, routed)           0.830     7.138    u_pl/vs_tick
    SLICE_X58Y64         FDRE                                         r  u_pl/vt0_reg/D
  -------------------------------------------------------------------    -------------------

                         (clock sys_clk rise edge)   20.000    20.000 r  
    W17                                               0.000    20.000 r  sys_clk (IN)
                         net (fo=0)                   0.000    20.000    sys_clk
    W17                  IBUF (Prop_ibuf_I_O)         1.349    21.349 r  sys_clk_IBUF_inst/O
                         net (fo=1, routed)           1.701    23.050    sys_clk_IBUF
    BUFGCTRL_X0Y4        BUFG (Prop_bufg_I_O)         0.077    23.127 r  sys_clk_IBUF_BUFG_inst/O
                         net (fo=182, routed)         1.282    24.409    u_pl/sys_clk_IBUF_BUFG
    SLICE_X58Y64         FDRE                                         r  u_pl/vt0_reg/C
                         clock pessimism              0.246    24.655    
                         clock uncertainty           -0.259    24.396    
    SLICE_X58Y64         FDRE (Setup_fdre_C_D)       -0.027    24.369    u_pl/vt0_reg
  -------------------------------------------------------------------
                         required time                         24.369    
                         arrival time                          -7.138    
  -------------------------------------------------------------------
                         slack                                 17.231    





Min Delay Paths
--------------------------------------------------------------------------------------
Slack (MET) :             0.330ns  (arrival time - required time)
  Source:                 u_pl/vs_pix_d0_reg/C
                            (rising edge-triggered cell FDRE clocked by clkout0_1  {rise@0.000ns fall@10.000ns period=20.000ns})
  Destination:            u_pl/vt0_reg/D
                            (rising edge-triggered cell FDRE clocked by sys_clk  {rise@0.000ns fall@10.000ns period=20.000ns})
  Path Group:             sys_clk
  Path Type:              Hold (Min at Fast Process Corner)
  Requirement:            0.000ns  (sys_clk rise@0.000ns - clkout0_1 rise@0.000ns)
  Data Path Delay:        0.947ns  (logic 0.186ns (19.634%)  route 0.761ns (80.366%))
  Logic Levels:           1  (LUT2=1)
  Clock Path Skew:        0.269ns (DCD - SCD - CPR)
    Destination Clock Delay (DCD):    2.044ns
    Source Clock Delay      (SCD):    1.527ns
    Clock Pessimism Removal (CPR):    0.248ns
  Clock Uncertainty:      0.259ns  ((TSJ^2 + DJ^2)^1/2) / 2 + PE
    Total System Jitter     (TSJ):    0.071ns
    Discrete Jitter          (DJ):    0.175ns
    Phase Error              (PE):    0.165ns

    Location             Delay type                Incr(ns)  Path(ns)    Netlist Resource(s)
  -------------------------------------------------------------------    -------------------
                         (clock clkout0_1 rise edge)
                                                      0.000     0.000 r  
    W17                                               0.000     0.000 r  sys_clk (IN)
                         net (fo=0)                   0.000     0.000    sys_clk
    W17                  IBUF (Prop_ibuf_I_O)         0.252     0.252 r  sys_clk_IBUF_inst/O
                         net (fo=1, routed)           0.674     0.926    sys_clk_IBUF
    BUFGCTRL_X0Y4        BUFG (Prop_bufg_I_O)         0.026     0.952 r  sys_clk_IBUF_BUFG_inst/O
                         net (fo=182, routed)         0.595     1.547    u_pl/u_clk/sys_clk_IBUF_BUFG
    MMCME2_ADV_X1Y0      MMCME2_ADV (Prop_mmcme2_adv_CLKIN1_CLKOUT0)
                                                     -1.150     0.397 r  u_pl/u_clk/u_mmcm/CLKOUT0
                         net (fo=1, routed)           0.529     0.926    u_pl/u_clk/clkout0
    BUFGCTRL_X0Y0        BUFG (Prop_bufg_I_O)         0.026     0.952 r  u_pl/u_clk/u_bufg_pix/O
                         net (fo=3006, routed)        0.575     1.527    u_pl/clk_pix
    SLICE_X57Y64         FDRE                                         r  u_pl/vs_pix_d0_reg/C
  -------------------------------------------------------------------    -------------------
    SLICE_X57Y64         FDRE (Prop_fdre_C_Q)         0.141     1.668 r  u_pl/vs_pix_d0_reg/Q
                         net (fo=2, routed)           0.422     2.089    u_pl/vs_pix_d0
    SLICE_X57Y64         LUT2 (Prop_lut2_I0_O)        0.045     2.134 r  u_pl/vt0_i_1/O
                         net (fo=1, routed)           0.340     2.474    u_pl/vs_tick
    SLICE_X58Y64         FDRE                                         r  u_pl/vt0_reg/D
  -------------------------------------------------------------------    -------------------

                         (clock sys_clk rise edge)    0.000     0.000 r  
    W17                                               0.000     0.000 r  sys_clk (IN)
                         net (fo=0)                   0.000     0.000    sys_clk
    W17                  IBUF (Prop_ibuf_I_O)         0.440     0.440 r  sys_clk_IBUF_inst/O
                         net (fo=1, routed)           0.731     1.171    sys_clk_IBUF
    BUFGCTRL_X0Y4        BUFG (Prop_bufg_I_O)         0.029     1.200 r  sys_clk_IBUF_BUFG_inst/O
                         net (fo=182, routed)         0.844     2.044    u_pl/sys_clk_IBUF_BUFG
    SLICE_X58Y64         FDRE                                         r  u_pl/vt0_reg/C
                         clock pessimism             -0.248     1.796    
                         clock uncertainty            0.259     2.055    
    SLICE_X58Y64         FDRE (Hold_fdre_C_D)         0.089     2.144    u_pl/vt0_reg
  -------------------------------------------------------------------
                         required time                         -2.144    
                         arrival time                           2.474    
  -------------------------------------------------------------------
                         slack                                  0.330    





---------------------------------------------------------------------------------------------------
From Clock:  sys_clk
  To Clock:  clkout0_1

Setup :            0  Failing Endpoints,  Worst Slack        6.235ns,  Total Violation        0.000ns
Hold  :            0  Failing Endpoints,  Worst Slack        0.327ns,  Total Violation        0.000ns
---------------------------------------------------------------------------------------------------


Max Delay Paths
--------------------------------------------------------------------------------------
Slack (MET) :             6.235ns  (required time - arrival time)
  Source:                 u_pl/u_ang/angle_reg[5]/C
                            (rising edge-triggered cell FDRE clocked by sys_clk  {rise@0.000ns fall@10.000ns period=20.000ns})
  Destination:            u_pl/u_osd/r_reg[4]/D
                            (rising edge-triggered cell FDCE clocked by clkout0_1  {rise@0.000ns fall@10.000ns period=20.000ns})
  Path Group:             clkout0_1
  Path Type:              Setup (Max at Slow Process Corner)
  Requirement:            20.000ns  (clkout0_1 rise@20.000ns - sys_clk rise@0.000ns)
  Data Path Delay:        13.326ns  (logic 4.077ns (30.595%)  route 9.249ns (69.405%))
  Logic Levels:           16  (CARRY4=3 LUT2=1 LUT3=1 LUT4=2 LUT5=3 LUT6=6)
  Clock Path Skew:        -0.212ns (DCD - SCD + CPR)
    Destination Clock Delay (DCD):    4.412ns = ( 24.412 - 20.000 ) 
    Source Clock Delay      (SCD):    4.870ns
    Clock Pessimism Removal (CPR):    0.246ns
  Clock Uncertainty:      0.259ns  ((TSJ^2 + DJ^2)^1/2) / 2 + PE
    Total System Jitter     (TSJ):    0.071ns
    Discrete Jitter          (DJ):    0.175ns
    Phase Error              (PE):    0.165ns

    Location             Delay type                Incr(ns)  Path(ns)    Netlist Resource(s)
  -------------------------------------------------------------------    -------------------
                         (clock sys_clk rise edge)    0.000     0.000 r  
    W17                                               0.000     0.000 r  sys_clk (IN)
                         net (fo=0)                   0.000     0.000    sys_clk
    W17                  IBUF (Prop_ibuf_I_O)         1.415     1.415 r  sys_clk_IBUF_inst/O
                         net (fo=1, routed)           1.873     3.288    sys_clk_IBUF
    BUFGCTRL_X0Y4        BUFG (Prop_bufg_I_O)         0.085     3.373 r  sys_clk_IBUF_BUFG_inst/O
                         net (fo=182, routed)         1.497     4.870    u_pl/u_ang/sys_clk_IBUF_BUFG
    SLICE_X96Y68         FDRE                                         r  u_pl/u_ang/angle_reg[5]/C
  -------------------------------------------------------------------    -------------------
    SLICE_X96Y68         FDRE (Prop_fdre_C_Q)         0.398     5.268 r  u_pl/u_ang/angle_reg[5]/Q
                         net (fo=115, routed)         1.613     6.881    u_pl/u_ang/angle_reg[5]_0
    SLICE_X59Y63         LUT2 (Prop_lut2_I0_O)        0.235     7.116 r  u_pl/u_ang/g0_b3_i_329/O
                         net (fo=1, routed)           0.000     7.116    u_pl/u_ang/g0_b3_i_329_n_0
    SLICE_X59Y63         CARRY4 (Prop_carry4_S[0]_CO[3])
                                                      0.440     7.556 r  u_pl/u_ang/g0_b3_i_243/CO[3]
                         net (fo=1, routed)           0.000     7.556    u_pl/u_ang/g0_b3_i_243_n_0
    SLICE_X59Y64         CARRY4 (Prop_carry4_CI_O[1])
                                                      0.265     7.821 r  u_pl/u_ang/g0_b3_i_147/O[1]
                         net (fo=11, routed)          0.836     8.657    u_pl/u_ang/g0_b3_i_147_n_6
    SLICE_X59Y67         LUT3 (Prop_lut3_I0_O)        0.260     8.917 r  u_pl/u_ang/g0_b3_i_332/O
                         net (fo=2, routed)           0.640     9.558    u_pl/u_ang/g0_b3_i_332_n_0
    SLICE_X59Y67         LUT5 (Prop_lut5_I0_O)        0.267     9.825 r  u_pl/u_ang/g0_b3_i_335/O
                         net (fo=1, routed)           0.000     9.825    u_pl/u_ang/g0_b3_i_335_n_0
    SLICE_X59Y67         CARRY4 (Prop_carry4_S[1]_CO[2])
                                                      0.475    10.300 r  u_pl/u_ang/g0_b3_i_244/CO[2]
                         net (fo=2, routed)           0.326    10.625    u_pl/u_ang/g0_b3_i_244_n_1
    SLICE_X59Y65         LUT5 (Prop_lut5_I0_O)        0.264    10.889 f  u_pl/u_ang/g0_b3_i_162/O
                         net (fo=1, routed)           0.756    11.645    u_pl/u_ang/g0_b3_i_162_n_0
    SLICE_X55Y66         LUT6 (Prop_lut6_I5_O)        0.267    11.912 f  u_pl/u_ang/g0_b3_i_86/O
                         net (fo=1, routed)           0.346    12.258    u_pl/u_ang/g0_b3_i_86_n_0
    SLICE_X55Y66         LUT4 (Prop_lut4_I1_O)        0.105    12.363 r  u_pl/u_ang/g0_b3_i_32/O
                         net (fo=1, routed)           0.590    12.953    u_pl/u_ang/g0_b3_i_32_n_0
    SLICE_X53Y67         LUT6 (Prop_lut6_I2_O)        0.105    13.058 r  u_pl/u_ang/g0_b3_i_10/O
                         net (fo=6, routed)           0.869    13.928    u_pl/u_mode/g0_b3
    SLICE_X55Y68         LUT6 (Prop_lut6_I3_O)        0.105    14.033 r  u_pl/u_mode/g0_b3_i_1/O
                         net (fo=30, routed)          0.955    14.988    u_pl/u_mode_n_24
    SLICE_X61Y69         LUT5 (Prop_lut5_I0_O)        0.119    15.107 r  u_pl/g0_b0__0/O
                         net (fo=1, routed)           0.518    15.624    u_pl/u_mode/r[7]_i_22_2
    SLICE_X61Y69         LUT4 (Prop_lut4_I1_O)        0.287    15.911 f  u_pl/u_mode/r[7]_i_49/O
                         net (fo=1, routed)           0.663    16.574    u_pl/u_mode/r[7]_i_49_n_0
    SLICE_X61Y69         LUT6 (Prop_lut6_I2_O)        0.275    16.849 f  u_pl/u_mode/r[7]_i_22/O
                         net (fo=1, routed)           0.530    17.379    u_pl/u_mode/r[7]_i_22_n_0
    SLICE_X64Y65         LUT6 (Prop_lut6_I0_O)        0.105    17.484 r  u_pl/u_mode/r[7]_i_6__0/O
                         net (fo=19, routed)          0.607    18.091    u_pl/u_mode/r[7]_i_6__0_n_0
    SLICE_X65Y65         LUT6 (Prop_lut6_I5_O)        0.105    18.196 r  u_pl/u_mode/r[4]_i_1/O
                         net (fo=1, routed)           0.000    18.196    u_pl/u_osd/r_reg[7]_1[2]
    SLICE_X65Y65         FDCE                                         r  u_pl/u_osd/r_reg[4]/D
  -------------------------------------------------------------------    -------------------

                         (clock clkout0_1 rise edge)
                                                     20.000    20.000 r  
    W17                                               0.000    20.000 r  sys_clk (IN)
                         net (fo=0)                   0.000    20.000    sys_clk
    W17                  IBUF (Prop_ibuf_I_O)         1.349    21.349 r  sys_clk_IBUF_inst/O
                         net (fo=1, routed)           1.701    23.050    sys_clk_IBUF
    BUFGCTRL_X0Y4        BUFG (Prop_bufg_I_O)         0.077    23.127 r  sys_clk_IBUF_BUFG_inst/O
                         net (fo=182, routed)         1.384    24.511    u_pl/u_clk/sys_clk_IBUF_BUFG
    MMCME2_ADV_X1Y0      MMCME2_ADV (Prop_mmcme2_adv_CLKIN1_CLKOUT0)
                                                     -2.915    21.596 r  u_pl/u_clk/u_mmcm/CLKOUT0
                         net (fo=1, routed)           1.454    23.050    u_pl/u_clk/clkout0
    BUFGCTRL_X0Y0        BUFG (Prop_bufg_I_O)         0.077    23.127 r  u_pl/u_clk/u_bufg_pix/O
                         net (fo=3006, routed)        1.285    24.412    u_pl/u_osd/clk_pix
    SLICE_X65Y65         FDCE                                         r  u_pl/u_osd/r_reg[4]/C
                         clock pessimism              0.246    24.658    
                         clock uncertainty           -0.259    24.399    
    SLICE_X65Y65         FDCE (Setup_fdce_C_D)        0.032    24.431    u_pl/u_osd/r_reg[4]
  -------------------------------------------------------------------
                         required time                         24.431    
                         arrival time                         -18.196    
  -------------------------------------------------------------------
                         slack                                  6.235    





Min Delay Paths
--------------------------------------------------------------------------------------
Slack (MET) :             0.327ns  (arrival time - required time)
  Source:                 u_pl/u_ang/angle_reg[7]/C
                            (rising edge-triggered cell FDRE clocked by sys_clk  {rise@0.000ns fall@10.000ns period=20.000ns})
  Destination:            u_pl/u_zmap/rot_s0_reg/D
                            (rising edge-triggered cell FDRE clocked by clkout0_1  {rise@0.000ns fall@10.000ns period=20.000ns})
  Path Group:             clkout0_1
  Path Type:              Hold (Min at Fast Process Corner)
  Requirement:            0.000ns  (clkout0_1 rise@0.000ns - sys_clk rise@0.000ns)
  Data Path Delay:        0.849ns  (logic 0.213ns (25.085%)  route 0.636ns (74.915%))
  Logic Levels:           1  (LUT4=1)
  Clock Path Skew:        0.270ns (DCD - SCD - CPR)
    Destination Clock Delay (DCD):    2.073ns
    Source Clock Delay      (SCD):    1.555ns
    Clock Pessimism Removal (CPR):    0.248ns
  Clock Uncertainty:      0.259ns  ((TSJ^2 + DJ^2)^1/2) / 2 + PE
    Total System Jitter     (TSJ):    0.071ns
    Discrete Jitter          (DJ):    0.175ns
    Phase Error              (PE):    0.165ns

    Location             Delay type                Incr(ns)  Path(ns)    Netlist Resource(s)
  -------------------------------------------------------------------    -------------------
                         (clock sys_clk rise edge)    0.000     0.000 r  
    W17                                               0.000     0.000 r  sys_clk (IN)
                         net (fo=0)                   0.000     0.000    sys_clk
    W17                  IBUF (Prop_ibuf_I_O)         0.252     0.252 r  sys_clk_IBUF_inst/O
                         net (fo=1, routed)           0.674     0.926    sys_clk_IBUF
    BUFGCTRL_X0Y4        BUFG (Prop_bufg_I_O)         0.026     0.952 r  sys_clk_IBUF_BUFG_inst/O
                         net (fo=182, routed)         0.603     1.555    u_pl/u_ang/sys_clk_IBUF_BUFG
    SLICE_X94Y67         FDRE                                         r  u_pl/u_ang/angle_reg[7]/C
  -------------------------------------------------------------------    -------------------
    SLICE_X94Y67         FDRE (Prop_fdre_C_Q)         0.164     1.719 r  u_pl/u_ang/angle_reg[7]/Q
                         net (fo=40, routed)          0.239     1.958    u_pl/u_ang/angle_reg[7]_0
    SLICE_X96Y67         LUT4 (Prop_lut4_I1_O)        0.049     2.007 r  u_pl/u_ang/rot_s0_i_1/O
                         net (fo=1, routed)           0.397     2.404    u_pl/u_zmap/rot_s0_reg_0
    SLICE_X95Y65         FDRE                                         r  u_pl/u_zmap/rot_s0_reg/D
  -------------------------------------------------------------------    -------------------

                         (clock clkout0_1 rise edge)
                                                      0.000     0.000 r  
    W17                                               0.000     0.000 r  sys_clk (IN)
                         net (fo=0)                   0.000     0.000    sys_clk
    W17                  IBUF (Prop_ibuf_I_O)         0.440     0.440 r  sys_clk_IBUF_inst/O
                         net (fo=1, routed)           0.731     1.171    sys_clk_IBUF
    BUFGCTRL_X0Y4        BUFG (Prop_bufg_I_O)         0.029     1.200 r  sys_clk_IBUF_BUFG_inst/O
                         net (fo=182, routed)         0.862     2.062    u_pl/u_clk/sys_clk_IBUF_BUFG
    MMCME2_ADV_X1Y0      MMCME2_ADV (Prop_mmcme2_adv_CLKIN1_CLKOUT0)
                                                     -1.467     0.595 r  u_pl/u_clk/u_mmcm/CLKOUT0
                         net (fo=1, routed)           0.576     1.171    u_pl/u_clk/clkout0
    BUFGCTRL_X0Y0        BUFG (Prop_bufg_I_O)         0.029     1.200 r  u_pl/u_clk/u_bufg_pix/O
                         net (fo=3006, routed)        0.873     2.073    u_pl/u_zmap/clk_pix
    SLICE_X95Y65         FDRE                                         r  u_pl/u_zmap/rot_s0_reg/C
                         clock pessimism             -0.248     1.825    
                         clock uncertainty            0.259     2.084    
    SLICE_X95Y65         FDRE (Hold_fdre_C_D)        -0.007     2.077    u_pl/u_zmap/rot_s0_reg
  -------------------------------------------------------------------
                         required time                         -2.077    
                         arrival time                           2.404    
  -------------------------------------------------------------------
                         slack                                  0.327    





