Copyright 1986-2022 Xilinx, Inc. All Rights Reserved. Copyright 2022-2026 Advanced Micro Devices, Inc. All Rights Reserved.
---------------------------------------------------------------------------------------------------------------------------------------------
| Tool Version : Vivado v.2025.2.1 (win64) Build 6403652 Thu Mar 19 19:48:24 GMT 2026
| Date         : Sat Sep 26 09:07:30 2026
| Host         : Uie-laptop running 64-bit major release  (build 9200)
| Command      : report_timing_summary -file D:/Xilinx/Prj/pro/Video_Processing/build/timing_summary.rpt
| Design       : system_top
| Device       : 7z020-clg484
| Speed File   : -2  PRODUCTION 1.12 2019-11-22
| Design State : Routed
---------------------------------------------------------------------------------------------------------------------------------------------

Timing Summary Report

------------------------------------------------------------------------------------------------
| Timer Settings
| --------------
------------------------------------------------------------------------------------------------

  Enable Multi Corner Analysis               :  Yes
  Enable Pessimism Removal                   :  Yes
  Pessimism Removal Resolution               :  Nearest Common Node
  Enable Input Delay Default Clock           :  No
  Enable Preset / Clear Arcs                 :  No
  Disable Flight Delays                      :  No
  Ignore I/O Paths                           :  No
  Timing Early Launch at Borrowing Latches   :  No
  Borrow Time for Max Delay Exceptions       :  Yes
  Merge Timing Exceptions                    :  Yes
  Inter-SLR Compensation                     :  Conservative

  Corner  Analyze    Analyze    
  Name    Max Paths  Min Paths  
  ------  ---------  ---------  
  Slow    Yes        Yes        
  Fast    Yes        Yes        


------------------------------------------------------------------------------------------------
| Report Methodology
| ------------------
------------------------------------------------------------------------------------------------

Rule       Severity  Description                                                Violations  
---------  --------  ---------------------------------------------------------  ----------  
DPIR-1     Warning   Asynchronous driver check                                  129         
LUTAR-1    Warning   LUT drives async reset alert                               1           
SYNTH-5    Warning   Mapped onto distributed RAM because of timing constraints  160         
SYNTH-6    Warning   Timing of a RAM block might be sub-optimal                 101         
TIMING-9   Warning   Unknown CDC Logic                                          1           
TIMING-10  Warning   Missing property on synchronizer                           1           
TIMING-18  Warning   Missing input or output delay                              7           

Note: This report is based on the most recent report_methodology run and may not be up-to-date. Run report_methodology on the current design for the latest report.



check_timing report

Table of Contents
-----------------
1. checking no_clock (0)
2. checking constant_clock (0)
3. checking pulse_width_clock (0)
4. checking unconstrained_internal_endpoints (0)
5. checking no_input_delay (7)
6. checking no_output_delay (12)
7. checking multiple_clock (0)
8. checking generated_clocks (0)
9. checking loops (0)
10. checking partial_input_delay (0)
11. checking partial_output_delay (0)
12. checking latch_loops (0)

1. checking no_clock (0)
------------------------
 There are 0 register/latch pins with no clock.


2. checking constant_clock (0)
------------------------------
 There are 0 register/latch pins with constant_clock.


3. checking pulse_width_clock (0)
---------------------------------
 There are 0 register/latch pins which need pulse_width check


4. checking unconstrained_internal_endpoints (0)
------------------------------------------------
 There are 0 pins that are not constrained for maximum delay.

 There are 0 pins that are not constrained for maximum delay due to constant clock.


5. checking no_input_delay (7)
------------------------------
 There are 5 input ports with no input delay specified. (HIGH)

 There are 2 input ports with no input delay but user has a false path constraint. (MEDIUM)


6. checking no_output_delay (12)
--------------------------------
 There are 6 ports with no output delay specified. (HIGH)

 There are 6 ports with no output delay but user has a false path constraint (MEDIUM)

 There are 0 ports with no output delay but with a timing clock defined on it or propagating through it


7. checking multiple_clock (0)
------------------------------
 There are 0 register/latch pins with multiple clocks.


8. checking generated_clocks (0)
--------------------------------
 There are 0 generated clocks that are not connected to a clock source.


9. checking loops (0)
---------------------
 There are 0 combinational loops in the design.


10. checking partial_input_delay (0)
------------------------------------
 There are 0 input ports with partial input delay specified.


11. checking partial_output_delay (0)
-------------------------------------
 There are 0 ports with partial output delay specified.


12. checking latch_loops (0)
----------------------------
 There are 0 combinational latch loops in the design through latch input



------------------------------------------------------------------------------------------------
| Design Timing Summary
| ---------------------
------------------------------------------------------------------------------------------------

    WNS(ns)      TNS(ns)  TNS Failing Endpoints  TNS Total Endpoints      WHS(ns)      THS(ns)  THS Failing Endpoints  THS Total Endpoints     WPWS(ns)     TPWS(ns)  TPWS Failing Endpoints  TPWS Total Endpoints  
    -------      -------  ---------------------  -------------------      -------      -------  ---------------------  -------------------     --------     --------  ----------------------  --------------------  
      0.513        0.000                      0                34556        0.055        0.000                      0                34556        0.264        0.000                       0                 12028  


All user specified timing constraints are met.


------------------------------------------------------------------------------------------------
| Clock Summary
| -------------
------------------------------------------------------------------------------------------------

Clock         Waveform(ns)         Period(ns)      Frequency(MHz)
-----         ------------         ----------      --------------
clk_fpga_0    {0.000 5.000}        10.000          100.000         
eth_rxc       {0.000 4.000}        8.000           125.000         
sys_clk       {0.000 10.000}       20.000          50.000          
  clkfbout    {0.000 10.000}       20.000          50.000          
  clkfbout_1  {0.000 10.000}       20.000          50.000          
  clkout0_1   {0.000 10.000}       20.000          50.000          
  clkout1_1   {0.000 2.000}        4.000           250.000         
  clkout2     {0.000 2.500}        5.000           200.000         


------------------------------------------------------------------------------------------------
| Intra Clock Table
| -----------------
------------------------------------------------------------------------------------------------

Clock             WNS(ns)      TNS(ns)  TNS Failing Endpoints  TNS Total Endpoints      WHS(ns)      THS(ns)  THS Failing Endpoints  THS Total Endpoints     WPWS(ns)     TPWS(ns)  TPWS Failing Endpoints  TPWS Total Endpoints  
-----             -------      -------  ---------------------  -------------------      -------      -------  ---------------------  -------------------     --------     --------  ----------------------  --------------------  
clk_fpga_0          1.282        0.000                      0                15718        0.055        0.000                      0                15718        3.870        0.000                       0                  4371  
eth_rxc             0.513        0.000                      0                 4814        0.056        0.000                      0                 4814        3.500        0.000                       0                  2526  
sys_clk            13.669        0.000                      0                  255        0.104        0.000                      0                  255        7.000        0.000                       0                   187  
  clkfbout                                                                                                                                                     18.408        0.000                       0                     3  
  clkfbout_1                                                                                                                                                   18.408        0.000                       0                     3  
  clkout0_1         0.598        0.000                      0                13691        0.089        0.000                      0                13691        8.870        0.000                       0                  4925  
  clkout1_1                                                                                                                                                     2.408        0.000                       0                    10  
  clkout2                                                                                                                                                       0.264        0.000                       0                     3  


------------------------------------------------------------------------------------------------
| Inter Clock Table
| -----------------
------------------------------------------------------------------------------------------------

From Clock    To Clock          WNS(ns)      TNS(ns)  TNS Failing Endpoints  TNS Total Endpoints      WHS(ns)      THS(ns)  THS Failing Endpoints  THS Total Endpoints  
----------    --------          -------      -------  ---------------------  -------------------      -------      -------  ---------------------  -------------------  
clkout0_1     sys_clk            14.735        0.000                      0                   22        0.077        0.000                      0                   22  
sys_clk       clkout0_1           4.524        0.000                      0                  191        0.324        0.000                      0                  191  


------------------------------------------------------------------------------------------------
| Other Path Groups Table
| -----------------------
------------------------------------------------------------------------------------------------

Path Group    From Clock    To Clock          WNS(ns)      TNS(ns)  TNS Failing Endpoints  TNS Total Endpoints      WHS(ns)      THS(ns)  THS Failing Endpoints  THS Total Endpoints  
----------    ----------    --------          -------      -------  ---------------------  -------------------      -------      -------  ---------------------  -------------------  


------------------------------------------------------------------------------------------------
| Timing Details
| --------------
------------------------------------------------------------------------------------------------


---------------------------------------------------------------------------------------------------
From Clock:  clk_fpga_0
  To Clock:  clk_fpga_0

Setup :            0  Failing Endpoints,  Worst Slack        1.282ns,  Total Violation        0.000ns
Hold  :            0  Failing Endpoints,  Worst Slack        0.055ns,  Total Violation        0.000ns
PW    :            0  Failing Endpoints,  Worst Slack        3.870ns,  Total Violation        0.000ns
---------------------------------------------------------------------------------------------------


Max Delay Paths
--------------------------------------------------------------------------------------
Slack (MET) :             1.282ns  (required time - arrival time)
  Source:                 u_pl/u_arb/owner_eth_reg_rep__0/C
                            (rising edge-triggered cell FDCE clocked by clk_fpga_0  {rise@0.000ns fall@5.000ns period=10.000ns})
  Destination:            u_pl/u_bilin/u_fb/lo_reg_0_59/ADDRARDADDR[0]
                            (rising edge-triggered cell RAMB36E1 clocked by clk_fpga_0  {rise@0.000ns fall@5.000ns period=10.000ns})
  Path Group:             clk_fpga_0
  Path Type:              Setup (Max at Slow Process Corner)
  Requirement:            10.000ns  (clk_fpga_0 rise@10.000ns - clk_fpga_0 rise@0.000ns)
  Data Path Delay:        7.876ns  (logic 0.644ns (8.177%)  route 7.232ns (91.823%))
  Logic Levels:           1  (LUT3=1)
  Clock Path Skew:        -0.030ns (DCD - SCD + CPR)
    Destination Clock Delay (DCD):    2.384ns = ( 12.384 - 10.000 ) 
    Source Clock Delay      (SCD):    2.510ns
    Clock Pessimism Removal (CPR):    0.097ns
  Clock Uncertainty:      0.154ns  ((TSJ^2 + TIJ^2)^1/2 + DJ) / 2 + PE
    Total System Jitter     (TSJ):    0.071ns
    Total Input Jitter      (TIJ):    0.300ns
    Discrete Jitter          (DJ):    0.000ns
    Phase Error              (PE):    0.000ns

    Location             Delay type                Incr(ns)  Path(ns)    Netlist Resource(s)
  -------------------------------------------------------------------    -------------------
                         (clock clk_fpga_0 rise edge)
                                                      0.000     0.000 r  
    PS7_X0Y0             PS7                          0.000     0.000 r  u_bd/design_1_i/processing_system7_0/inst/PS7_i/FCLKCLK[0]
                         net (fo=1, routed)           0.994     0.994    u_bd/design_1_i/processing_system7_0/inst/FCLK_CLK_unbuffered[0]
    BUFGCTRL_X0Y16       BUFG (Prop_bufg_I_O)         0.085     1.079 r  u_bd/design_1_i/processing_system7_0/inst/buffer_fclk_clk_0.FCLK_CLK_0_BUFG/O
                         net (fo=4372, routed)        1.431     2.510    u_pl/u_arb/FCLK_CLK0
    SLICE_X58Y67         FDCE                                         r  u_pl/u_arb/owner_eth_reg_rep__0/C
  -------------------------------------------------------------------    -------------------
    SLICE_X58Y67         FDCE (Prop_fdce_C_Q)         0.398     2.908 r  u_pl/u_arb/owner_eth_reg_rep__0/Q
                         net (fo=177, routed)         2.188     5.096    u_pl/u_row/wr_words_reg[17]_0
    SLICE_X39Y44         LUT3 (Prop_lut3_I2_O)        0.246     5.342 r  u_pl/u_row/lo_reg_0_8_i_15/O
                         net (fo=20, routed)          5.044    10.386    u_pl/u_bilin/u_fb/lo_reg_0_24_0[0]
    RAMB36_X5Y2          RAMB36E1                                     r  u_pl/u_bilin/u_fb/lo_reg_0_59/ADDRARDADDR[0]
  -------------------------------------------------------------------    -------------------

                         (clock clk_fpga_0 rise edge)
                                                     10.000    10.000 r  
    PS7_X0Y0             PS7                          0.000    10.000 r  u_bd/design_1_i/processing_system7_0/inst/PS7_i/FCLKCLK[0]
                         net (fo=1, routed)           0.905    10.906    u_bd/design_1_i/processing_system7_0/inst/FCLK_CLK_unbuffered[0]
    BUFGCTRL_X0Y16       BUFG (Prop_bufg_I_O)         0.077    10.983 r  u_bd/design_1_i/processing_system7_0/inst/buffer_fclk_clk_0.FCLK_CLK_0_BUFG/O
                         net (fo=4372, routed)        1.401    12.384    u_pl/u_bilin/u_fb/FCLK_CLK0
    RAMB36_X5Y2          RAMB36E1                                     r  u_pl/u_bilin/u_fb/lo_reg_0_59/CLKARDCLK
                         clock pessimism              0.097    12.480    
                         clock uncertainty           -0.154    12.326    
    RAMB36_X5Y2          RAMB36E1 (Setup_ramb36e1_CLKARDCLK_ADDRARDADDR[0])
                                                     -0.659    11.667    u_pl/u_bilin/u_fb/lo_reg_0_59
  -------------------------------------------------------------------
                         required time                         11.667    
                         arrival time                         -10.386    
  -------------------------------------------------------------------
                         slack                                  1.282    





Min Delay Paths
--------------------------------------------------------------------------------------
Slack (MET) :             0.055ns  (arrival time - required time)
  Source:                 u_bd/design_1_i/axi_gp0_ic/s00_couplers/auto_pc/inst/gen_axilite.gen_b2s_conv.axilite_b2s/SI_REG/aw.aw_pipe/m_payload_i_reg[27]/C
                            (rising edge-triggered cell FDRE clocked by clk_fpga_0  {rise@0.000ns fall@5.000ns period=10.000ns})
  Destination:            u_bd/design_1_i/axi_gp0_ic/xbar/inst/gen_sasd.crossbar_sasd_0/addr_arbiter_inst/gen_no_arbiter.m_amesg_i_reg[28]/D
                            (rising edge-triggered cell FDRE clocked by clk_fpga_0  {rise@0.000ns fall@5.000ns period=10.000ns})
  Path Group:             clk_fpga_0
  Path Type:              Hold (Min at Fast Process Corner)
  Requirement:            0.000ns  (clk_fpga_0 rise@0.000ns - clk_fpga_0 rise@0.000ns)
  Data Path Delay:        0.497ns  (logic 0.186ns (37.454%)  route 0.311ns (62.546%))
  Logic Levels:           1  (LUT4=1)
  Clock Path Skew:        0.349ns (DCD - SCD - CPR)
    Destination Clock Delay (DCD):    1.297ns
    Source Clock Delay      (SCD):    0.913ns
    Clock Pessimism Removal (CPR):    0.035ns

    Location             Delay type                Incr(ns)  Path(ns)    Netlist Resource(s)
  -------------------------------------------------------------------    -------------------
                         (clock clk_fpga_0 rise edge)
                                                      0.000     0.000 r  
    PS7_X0Y0             PS7                          0.000     0.000 r  u_bd/design_1_i/processing_system7_0/inst/PS7_i/FCLKCLK[0]
                         net (fo=1, routed)           0.310     0.310    u_bd/design_1_i/processing_system7_0/inst/FCLK_CLK_unbuffered[0]
    BUFGCTRL_X0Y16       BUFG (Prop_bufg_I_O)         0.026     0.336 r  u_bd/design_1_i/processing_system7_0/inst/buffer_fclk_clk_0.FCLK_CLK_0_BUFG/O
                         net (fo=4372, routed)        0.577     0.913    u_bd/design_1_i/axi_gp0_ic/s00_couplers/auto_pc/inst/gen_axilite.gen_b2s_conv.axilite_b2s/SI_REG/aw.aw_pipe/aclk
    SLICE_X28Y99         FDRE                                         r  u_bd/design_1_i/axi_gp0_ic/s00_couplers/auto_pc/inst/gen_axilite.gen_b2s_conv.axilite_b2s/SI_REG/aw.aw_pipe/m_payload_i_reg[27]/C
  -------------------------------------------------------------------    -------------------
    SLICE_X28Y99         FDRE (Prop_fdre_C_Q)         0.141     1.054 r  u_bd/design_1_i/axi_gp0_ic/s00_couplers/auto_pc/inst/gen_axilite.gen_b2s_conv.axilite_b2s/SI_REG/aw.aw_pipe/m_payload_i_reg[27]/Q
                         net (fo=1, routed)           0.311     1.364    u_bd/design_1_i/axi_gp0_ic/xbar/inst/gen_sasd.crossbar_sasd_0/addr_arbiter_inst/s_axi_awaddr[27]
    SLICE_X28Y100        LUT4 (Prop_lut4_I3_O)        0.045     1.409 r  u_bd/design_1_i/axi_gp0_ic/xbar/inst/gen_sasd.crossbar_sasd_0/addr_arbiter_inst/gen_no_arbiter.m_amesg_i[28]_i_1/O
                         net (fo=1, routed)           0.000     1.409    u_bd/design_1_i/axi_gp0_ic/xbar/inst/gen_sasd.crossbar_sasd_0/addr_arbiter_inst/s_amesg[28]
    SLICE_X28Y100        FDRE                                         r  u_bd/design_1_i/axi_gp0_ic/xbar/inst/gen_sasd.crossbar_sasd_0/addr_arbiter_inst/gen_no_arbiter.m_amesg_i_reg[28]/D
  -------------------------------------------------------------------    -------------------

                         (clock clk_fpga_0 rise edge)
                                                      0.000     0.000 r  
    PS7_X0Y0             PS7                          0.000     0.000 r  u_bd/design_1_i/processing_system7_0/inst/PS7_i/FCLKCLK[0]
                         net (fo=1, routed)           0.337     0.337    u_bd/design_1_i/processing_system7_0/inst/FCLK_CLK_unbuffered[0]
    BUFGCTRL_X0Y16       BUFG (Prop_bufg_I_O)         0.029     0.366 r  u_bd/design_1_i/processing_system7_0/inst/buffer_fclk_clk_0.FCLK_CLK_0_BUFG/O
                         net (fo=4372, routed)        0.931     1.297    u_bd/design_1_i/axi_gp0_ic/xbar/inst/gen_sasd.crossbar_sasd_0/addr_arbiter_inst/aclk
    SLICE_X28Y100        FDRE                                         r  u_bd/design_1_i/axi_gp0_ic/xbar/inst/gen_sasd.crossbar_sasd_0/addr_arbiter_inst/gen_no_arbiter.m_amesg_i_reg[28]/C
                         clock pessimism             -0.035     1.262    
    SLICE_X28Y100        FDRE (Hold_fdre_C_D)         0.092     1.354    u_bd/design_1_i/axi_gp0_ic/xbar/inst/gen_sasd.crossbar_sasd_0/addr_arbiter_inst/gen_no_arbiter.m_amesg_i_reg[28]
  -------------------------------------------------------------------
                         required time                         -1.354    
                         arrival time                           1.409    
  -------------------------------------------------------------------
                         slack                                  0.055    





Pulse Width Checks
--------------------------------------------------------------------------------------
Clock Name:         clk_fpga_0
Waveform(ns):       { 0.000 5.000 }
Period(ns):         10.000
Sources:            { u_bd/design_1_i/processing_system7_0/inst/PS7_i/FCLKCLK[0] }

Check Type        Corner  Lib Pin             Reference Pin  Required(ns)  Actual(ns)  Slack(ns)  Location      Pin
Min Period        n/a     RAMB36E1/CLKBWRCLK  n/a            2.170         10.000      7.830      RAMB36_X0Y7   u_eth/u_cdc/mem_reg_0/CLKBWRCLK
Low Pulse Width   Slow    RAMD64E/CLK         n/a            1.130         5.000       3.870      SLICE_X16Y31  u_eth/u_saver/q_addr_reg_0_63_12_14/RAMA/CLK
High Pulse Width  Slow    RAMD64E/CLK         n/a            1.130         5.000       3.870      SLICE_X16Y31  u_eth/u_saver/q_addr_reg_0_63_12_14/RAMA/CLK



---------------------------------------------------------------------------------------------------
From Clock:  eth_rxc
  To Clock:  eth_rxc

Setup :            0  Failing Endpoints,  Worst Slack        0.513ns,  Total Violation        0.000ns
Hold  :            0  Failing Endpoints,  Worst Slack        0.056ns,  Total Violation        0.000ns
PW    :            0  Failing Endpoints,  Worst Slack        3.500ns,  Total Violation        0.000ns
---------------------------------------------------------------------------------------------------


Max Delay Paths
--------------------------------------------------------------------------------------
Slack (MET) :             0.513ns  (required time - arrival time)
  Source:                 u_eth/u_lm/ms32_reg[1]/C
                            (rising edge-triggered cell FDCE clocked by eth_rxc  {rise@0.000ns fall@4.000ns period=8.000ns})
  Destination:            u_eth/u_lm/gap_min_reg[10]/CE
                            (rising edge-triggered cell FDCE clocked by eth_rxc  {rise@0.000ns fall@4.000ns period=8.000ns})
  Path Group:             eth_rxc
  Path Type:              Setup (Max at Slow Process Corner)
  Requirement:            8.000ns  (eth_rxc rise@8.000ns - eth_rxc rise@0.000ns)
  Data Path Delay:        7.096ns  (logic 2.568ns (36.188%)  route 4.528ns (63.812%))
  Logic Levels:           12  (CARRY4=8 LUT4=2 LUT5=2)
  Clock Path Skew:        -0.025ns (DCD - SCD + CPR)
    Destination Clock Delay (DCD):    4.415ns = ( 12.415 - 8.000 ) 
    Source Clock Delay      (SCD):    4.813ns
    Clock Pessimism Removal (CPR):    0.373ns
  Clock Uncertainty:      0.035ns  ((TSJ^2 + TIJ^2)^1/2 + DJ) / 2 + PE
    Total System Jitter     (TSJ):    0.071ns
    Total Input Jitter      (TIJ):    0.000ns
    Discrete Jitter          (DJ):    0.000ns
    Phase Error              (PE):    0.000ns

    Location             Delay type                Incr(ns)  Path(ns)    Netlist Resource(s)
  -------------------------------------------------------------------    -------------------
                         (clock eth_rxc rise edge)    0.000     0.000 r  
    Y19                                               0.000     0.000 r  eth_rxc (IN)
                         net (fo=0)                   0.000     0.000    eth_rxc
    Y19                  IBUF (Prop_ibuf_I_O)         1.430     1.430 r  eth_rxc_IBUF_inst/O
                         net (fo=2, routed)           1.873     3.303    u_eth/u_rgmii/u_rgmii_rx/rgmii_rxc
    BUFGCTRL_X0Y1        BUFG (Prop_bufg_I_O)         0.085     3.388 r  u_eth/u_rgmii/u_rgmii_rx/BUFG_inst/O
                         net (fo=2520, routed)        1.425     4.813    u_eth/u_lm/gmii_rx_clk
    SLICE_X28Y65         FDCE                                         r  u_eth/u_lm/ms32_reg[1]/C
  -------------------------------------------------------------------    -------------------
    SLICE_X28Y65         FDCE (Prop_fdce_C_Q)         0.379     5.192 r  u_eth/u_lm/ms32_reg[1]/Q
                         net (fo=4, routed)           1.066     6.257    u_eth/u_lm/ms32_reg[1]
    SLICE_X27Y65         CARRY4 (Prop_carry4_DI[1]_CO[3])
                                                      0.418     6.675 r  u_eth/u_lm/gap_min_reg[3]_i_2/CO[3]
                         net (fo=1, routed)           0.000     6.675    u_eth/u_lm/gap_min_reg[3]_i_2_n_0
    SLICE_X27Y66         CARRY4 (Prop_carry4_CI_CO[3])
                                                      0.098     6.773 r  u_eth/u_lm/gap_min_reg[7]_i_2/CO[3]
                         net (fo=1, routed)           0.000     6.773    u_eth/u_lm/gap_min_reg[7]_i_2_n_0
    SLICE_X27Y67         CARRY4 (Prop_carry4_CI_CO[3])
                                                      0.098     6.871 r  u_eth/u_lm/gap_min_reg[11]_i_2/CO[3]
                         net (fo=1, routed)           0.000     6.871    u_eth/u_lm/gap_min_reg[11]_i_2_n_0
    SLICE_X27Y68         CARRY4 (Prop_carry4_CI_CO[3])
                                                      0.098     6.969 r  u_eth/u_lm/gap_min_reg[15]_i_5/CO[3]
                         net (fo=1, routed)           0.000     6.969    u_eth/u_lm/gap_min_reg[15]_i_5_n_0
    SLICE_X27Y69         CARRY4 (Prop_carry4_CI_CO[3])
                                                      0.098     7.067 r  u_eth/u_lm/gap_min_reg[15]_i_33/CO[3]
                         net (fo=1, routed)           0.000     7.067    u_eth/u_lm/gap_min_reg[15]_i_33_n_0
    SLICE_X27Y70         CARRY4 (Prop_carry4_CI_O[3])
                                                      0.260     7.327 r  u_eth/u_lm/gap_min_reg[15]_i_31/O[3]
                         net (fo=1, routed)           0.548     7.876    u_eth/u_lm/gap_min_reg[15]_i_31_n_4
    SLICE_X26Y70         LUT4 (Prop_lut4_I0_O)        0.257     8.133 r  u_eth/u_lm/gap_min[15]_i_16/O
                         net (fo=1, routed)           0.537     8.669    u_eth/u_lm/gap_min[15]_i_16_n_0
    SLICE_X29Y71         LUT4 (Prop_lut4_I1_O)        0.105     8.774 r  u_eth/u_lm/gap_min[15]_i_4/O
                         net (fo=96, routed)          0.841     9.615    u_eth/u_lm/gap_min[15]_i_4_n_0
    SLICE_X30Y63         LUT5 (Prop_lut5_I1_O)        0.105     9.720 r  u_eth/u_lm/gap_min[15]_i_29/O
                         net (fo=1, routed)           0.000     9.720    u_eth/u_lm/gap_min[15]_i_29_n_0
    SLICE_X30Y63         CARRY4 (Prop_carry4_S[1]_CO[3])
                                                      0.444    10.164 r  u_eth/u_lm/gap_min_reg[15]_i_6/CO[3]
                         net (fo=1, routed)           0.000    10.164    u_eth/u_lm/gap_min_reg[15]_i_6_n_0
    SLICE_X30Y64         CARRY4 (Prop_carry4_CI_CO[3])
                                                      0.100    10.264 r  u_eth/u_lm/gap_min_reg[15]_i_3/CO[3]
                         net (fo=17, routed)          0.947    11.211    u_eth/u_lm/gap_min_reg[15]_i_3_n_0
    SLICE_X29Y65         LUT5 (Prop_lut5_I2_O)        0.108    11.319 r  u_eth/u_lm/gap_min[15]_i_1/O
                         net (fo=16, routed)          0.590    11.909    u_eth/u_lm/gap_min[15]_i_1_n_0
    SLICE_X31Y64         FDCE                                         r  u_eth/u_lm/gap_min_reg[10]/CE
  -------------------------------------------------------------------    -------------------

                         (clock eth_rxc rise edge)    8.000     8.000 r  
    Y19                                               0.000     8.000 r  eth_rxc (IN)
                         net (fo=0)                   0.000     8.000    eth_rxc
    Y19                  IBUF (Prop_ibuf_I_O)         1.364     9.364 r  eth_rxc_IBUF_inst/O
                         net (fo=2, routed)           1.701    11.065    u_eth/u_rgmii/u_rgmii_rx/rgmii_rxc
    BUFGCTRL_X0Y1        BUFG (Prop_bufg_I_O)         0.077    11.142 r  u_eth/u_rgmii/u_rgmii_rx/BUFG_inst/O
                         net (fo=2520, routed)        1.273    12.415    u_eth/u_lm/gmii_rx_clk
    SLICE_X31Y64         FDCE                                         r  u_eth/u_lm/gap_min_reg[10]/C
                         clock pessimism              0.373    12.788    
                         clock uncertainty           -0.035    12.752    
    SLICE_X31Y64         FDCE (Setup_fdce_C_CE)      -0.330    12.422    u_eth/u_lm/gap_min_reg[10]
  -------------------------------------------------------------------
                         required time                         12.422    
                         arrival time                         -11.909    
  -------------------------------------------------------------------
                         slack                                  0.513    





Min Delay Paths
--------------------------------------------------------------------------------------
Slack (MET) :             0.056ns  (arrival time - required time)
  Source:                 u_eth/u_arp/u_crc32_d8/crc_data_reg[16]/C
                            (rising edge-triggered cell FDPE clocked by eth_rxc  {rise@0.000ns fall@4.000ns period=8.000ns})
  Destination:            u_eth/u_arp/u_crc32_d8/crc_data_reg[24]/D
                            (rising edge-triggered cell FDPE clocked by eth_rxc  {rise@0.000ns fall@4.000ns period=8.000ns})
  Path Group:             eth_rxc
  Path Type:              Hold (Min at Fast Process Corner)
  Requirement:            0.000ns  (eth_rxc rise@0.000ns - eth_rxc rise@0.000ns)
  Data Path Delay:        0.687ns  (logic 0.227ns (33.061%)  route 0.460ns (66.939%))
  Logic Levels:           1  (LUT6=1)
  Clock Path Skew:        0.039ns (DCD - SCD - CPR)
    Destination Clock Delay (DCD):    2.124ns
    Source Clock Delay      (SCD):    1.603ns
    Clock Pessimism Removal (CPR):    0.482ns
  Clock Uncertainty:      0.500ns  ((TSJ^2 + TIJ^2)^1/2 + DJ) / 2 + PE + UU
    Total System Jitter     (TSJ):    0.000ns
    Total Input Jitter      (TIJ):    0.000ns
    Discrete Jitter          (DJ):    0.000ns
    Phase Error              (PE):    0.000ns
    User Uncertainty         (UU):    0.500ns

    Location             Delay type                Incr(ns)  Path(ns)    Netlist Resource(s)
  -------------------------------------------------------------------    -------------------
                         (clock eth_rxc rise edge)    0.000     0.000 r  
    Y19                                               0.000     0.000 r  eth_rxc (IN)
                         net (fo=0)                   0.000     0.000    eth_rxc
    Y19                  IBUF (Prop_ibuf_I_O)         0.266     0.266 r  eth_rxc_IBUF_inst/O
                         net (fo=2, routed)           0.674     0.940    u_eth/u_rgmii/u_rgmii_rx/rgmii_rxc
    BUFGCTRL_X0Y1        BUFG (Prop_bufg_I_O)         0.026     0.966 r  u_eth/u_rgmii/u_rgmii_rx/BUFG_inst/O
                         net (fo=2520, routed)        0.637     1.603    u_eth/u_arp/u_crc32_d8/gmii_rx_clk
    SLICE_X107Y55        FDPE                                         r  u_eth/u_arp/u_crc32_d8/crc_data_reg[16]/C
  -------------------------------------------------------------------    -------------------
    SLICE_X107Y55        FDPE (Prop_fdpe_C_Q)         0.128     1.731 r  u_eth/u_arp/u_crc32_d8/crc_data_reg[16]/Q
                         net (fo=3, routed)           0.460     2.191    u_eth/u_arp/u_arp_tx/crc_data_reg[14][13]
    SLICE_X110Y56        LUT6 (Prop_lut6_I1_O)        0.099     2.290 r  u_eth/u_arp/u_arp_tx/crc_data[24]_i_1/O
                         net (fo=1, routed)           0.000     2.290    u_eth/u_arp/u_crc32_d8/D[17]
    SLICE_X110Y56        FDPE                                         r  u_eth/u_arp/u_crc32_d8/crc_data_reg[24]/D
  -------------------------------------------------------------------    -------------------

                         (clock eth_rxc rise edge)    0.000     0.000 r  
    Y19                                               0.000     0.000 r  eth_rxc (IN)
                         net (fo=0)                   0.000     0.000    eth_rxc
    Y19                  IBUF (Prop_ibuf_I_O)         0.454     0.454 r  eth_rxc_IBUF_inst/O
                         net (fo=2, routed)           0.731     1.185    u_eth/u_rgmii/u_rgmii_rx/rgmii_rxc
    BUFGCTRL_X0Y1        BUFG (Prop_bufg_I_O)         0.029     1.214 r  u_eth/u_rgmii/u_rgmii_rx/BUFG_inst/O
                         net (fo=2520, routed)        0.910     2.124    u_eth/u_arp/u_crc32_d8/gmii_rx_clk
    SLICE_X110Y56        FDPE                                         r  u_eth/u_arp/u_crc32_d8/crc_data_reg[24]/C
                         clock pessimism             -0.482     1.642    
                         clock uncertainty            0.500     2.142    
    SLICE_X110Y56        FDPE (Hold_fdpe_C_D)         0.092     2.234    u_eth/u_arp/u_crc32_d8/crc_data_reg[24]
  -------------------------------------------------------------------
                         required time                         -2.234    
                         arrival time                           2.290    
  -------------------------------------------------------------------
                         slack                                  0.056    





Pulse Width Checks
--------------------------------------------------------------------------------------
Clock Name:         eth_rxc
Waveform(ns):       { 0.000 4.000 }
Period(ns):         8.000
Sources:            { eth_rxc }

Check Type        Corner  Lib Pin             Reference Pin  Required(ns)  Actual(ns)  Slack(ns)  Location      Pin
Min Period        n/a     RAMB18E1/CLKARDCLK  n/a            2.472         8.000       5.528      RAMB18_X4Y10  u_eth/u_icmp_fifo/mem_reg/CLKARDCLK
Low Pulse Width   Slow    FDCE/C              n/a            0.500         4.000       3.500      SLICE_X31Y31  u_eth/flush_pend_reg/C
High Pulse Width  Slow    FDCE/C              n/a            0.500         4.000       3.500      SLICE_X31Y31  u_eth/flush_pend_reg/C



---------------------------------------------------------------------------------------------------
From Clock:  sys_clk
  To Clock:  sys_clk

Setup :            0  Failing Endpoints,  Worst Slack       13.669ns,  Total Violation        0.000ns
Hold  :            0  Failing Endpoints,  Worst Slack        0.104ns,  Total Violation        0.000ns
PW    :            0  Failing Endpoints,  Worst Slack        7.000ns,  Total Violation        0.000ns
---------------------------------------------------------------------------------------------------


Max Delay Paths
--------------------------------------------------------------------------------------
Slack (MET) :             13.669ns  (required time - arrival time)
  Source:                 u_pl/sec_div_reg[18]/C
                            (rising edge-triggered cell FDCE clocked by sys_clk  {rise@0.000ns fall@10.000ns period=20.000ns})
  Destination:            u_pl/fps_acc_reg[1]/D
                            (rising edge-triggered cell FDCE clocked by sys_clk  {rise@0.000ns fall@10.000ns period=20.000ns})
  Path Group:             sys_clk
  Path Type:              Setup (Max at Slow Process Corner)
  Requirement:            20.000ns  (sys_clk rise@20.000ns - sys_clk rise@0.000ns)
  Data Path Delay:        6.205ns  (logic 0.904ns (14.568%)  route 5.301ns (85.432%))
  Logic Levels:           5  (LUT2=1 LUT4=1 LUT5=1 LUT6=2)
  Clock Path Skew:        -0.122ns (DCD - SCD + CPR)
    Destination Clock Delay (DCD):    4.347ns = ( 24.347 - 20.000 ) 
    Source Clock Delay      (SCD):    4.811ns
    Clock Pessimism Removal (CPR):    0.342ns
  Clock Uncertainty:      0.035ns  ((TSJ^2 + TIJ^2)^1/2 + DJ) / 2 + PE
    Total System Jitter     (TSJ):    0.071ns
    Total Input Jitter      (TIJ):    0.000ns
    Discrete Jitter          (DJ):    0.000ns
    Phase Error              (PE):    0.000ns

    Location             Delay type                Incr(ns)  Path(ns)    Netlist Resource(s)
  -------------------------------------------------------------------    -------------------
                         (clock sys_clk rise edge)    0.000     0.000 r  
    W17                                               0.000     0.000 r  sys_clk (IN)
                         net (fo=0)                   0.000     0.000    sys_clk
    W17                  IBUF (Prop_ibuf_I_O)         1.415     1.415 r  sys_clk_IBUF_inst/O
                         net (fo=1, routed)           1.873     3.288    sys_clk_IBUF
    BUFGCTRL_X0Y4        BUFG (Prop_bufg_I_O)         0.085     3.373 r  sys_clk_IBUF_BUFG_inst/O
                         net (fo=186, routed)         1.438     4.811    u_pl/CLK
    SLICE_X85Y71         FDCE                                         r  u_pl/sec_div_reg[18]/C
  -------------------------------------------------------------------    -------------------
    SLICE_X85Y71         FDCE (Prop_fdce_C_Q)         0.379     5.190 r  u_pl/sec_div_reg[18]/Q
                         net (fo=2, routed)           0.695     5.885    u_pl/sec_div_reg_n_0_[18]
    SLICE_X85Y71         LUT4 (Prop_lut4_I1_O)        0.105     5.990 r  u_pl/sec_div[25]_i_8/O
                         net (fo=1, routed)           0.828     6.818    u_pl/sec_div[25]_i_8_n_0
    SLICE_X85Y70         LUT5 (Prop_lut5_I4_O)        0.105     6.923 r  u_pl/sec_div[25]_i_7/O
                         net (fo=1, routed)           0.507     7.430    u_pl/sec_div[25]_i_7_n_0
    SLICE_X85Y69         LUT6 (Prop_lut6_I5_O)        0.105     7.535 r  u_pl/sec_div[25]_i_4/O
                         net (fo=1, routed)           0.513     8.048    u_pl/sec_div[25]_i_4_n_0
    SLICE_X85Y68         LUT6 (Prop_lut6_I0_O)        0.105     8.153 f  u_pl/sec_div[25]_i_2/O
                         net (fo=42, routed)          2.759    10.911    u_pl/fps_q[0]
    SLICE_X53Y82         LUT2 (Prop_lut2_I0_O)        0.105    11.016 r  u_pl/fps_acc[1]_i_1/O
                         net (fo=1, routed)           0.000    11.016    u_pl/fps_acc[1]
    SLICE_X53Y82         FDCE                                         r  u_pl/fps_acc_reg[1]/D
  -------------------------------------------------------------------    -------------------

                         (clock sys_clk rise edge)   20.000    20.000 r  
    W17                                               0.000    20.000 r  sys_clk (IN)
                         net (fo=0)                   0.000    20.000    sys_clk
    W17                  IBUF (Prop_ibuf_I_O)         1.349    21.349 r  sys_clk_IBUF_inst/O
                         net (fo=1, routed)           1.701    23.050    sys_clk_IBUF
    BUFGCTRL_X0Y4        BUFG (Prop_bufg_I_O)         0.077    23.127 r  sys_clk_IBUF_BUFG_inst/O
                         net (fo=186, routed)         1.220    24.347    u_pl/CLK
    SLICE_X53Y82         FDCE                                         r  u_pl/fps_acc_reg[1]/C
                         clock pessimism              0.342    24.689    
                         clock uncertainty           -0.035    24.654    
    SLICE_X53Y82         FDCE (Setup_fdce_C_D)        0.032    24.686    u_pl/fps_acc_reg[1]
  -------------------------------------------------------------------
                         required time                         24.686    
                         arrival time                         -11.016    
  -------------------------------------------------------------------
                         slack                                 13.669    





Min Delay Paths
--------------------------------------------------------------------------------------
Slack (MET) :             0.104ns  (arrival time - required time)
  Source:                 u_pl/fps_acc_reg[2]/C
                            (rising edge-triggered cell FDCE clocked by sys_clk  {rise@0.000ns fall@10.000ns period=20.000ns})
  Destination:            u_pl/fps_q_reg[2]/D
                            (rising edge-triggered cell FDCE clocked by sys_clk  {rise@0.000ns fall@10.000ns period=20.000ns})
  Path Group:             sys_clk
  Path Type:              Hold (Min at Fast Process Corner)
  Requirement:            0.000ns  (sys_clk rise@0.000ns - sys_clk rise@0.000ns)
  Data Path Delay:        0.386ns  (logic 0.128ns (33.179%)  route 0.258ns (66.821%))
  Logic Levels:           0  
  Clock Path Skew:        0.264ns (DCD - SCD - CPR)
    Destination Clock Delay (DCD):    2.017ns
    Source Clock Delay      (SCD):    1.500ns
    Clock Pessimism Removal (CPR):    0.253ns

    Location             Delay type                Incr(ns)  Path(ns)    Netlist Resource(s)
  -------------------------------------------------------------------    -------------------
                         (clock sys_clk rise edge)    0.000     0.000 r  
    W17                                               0.000     0.000 r  sys_clk (IN)
                         net (fo=0)                   0.000     0.000    sys_clk
    W17                  IBUF (Prop_ibuf_I_O)         0.252     0.252 r  sys_clk_IBUF_inst/O
                         net (fo=1, routed)           0.674     0.926    sys_clk_IBUF
    BUFGCTRL_X0Y4        BUFG (Prop_bufg_I_O)         0.026     0.952 r  sys_clk_IBUF_BUFG_inst/O
                         net (fo=186, routed)         0.548     1.500    u_pl/CLK
    SLICE_X53Y82         FDCE                                         r  u_pl/fps_acc_reg[2]/C
  -------------------------------------------------------------------    -------------------
    SLICE_X53Y82         FDCE (Prop_fdce_C_Q)         0.128     1.628 r  u_pl/fps_acc_reg[2]/Q
                         net (fo=2, routed)           0.258     1.886    u_pl/fps_acc_reg_n_0_[2]
    SLICE_X49Y81         FDCE                                         r  u_pl/fps_q_reg[2]/D
  -------------------------------------------------------------------    -------------------

                         (clock sys_clk rise edge)    0.000     0.000 r  
    W17                                               0.000     0.000 r  sys_clk (IN)
                         net (fo=0)                   0.000     0.000    sys_clk
    W17                  IBUF (Prop_ibuf_I_O)         0.440     0.440 r  sys_clk_IBUF_inst/O
                         net (fo=1, routed)           0.731     1.171    sys_clk_IBUF
    BUFGCTRL_X0Y4        BUFG (Prop_bufg_I_O)         0.029     1.200 r  sys_clk_IBUF_BUFG_inst/O
                         net (fo=186, routed)         0.817     2.017    u_pl/CLK
    SLICE_X49Y81         FDCE                                         r  u_pl/fps_q_reg[2]/C
                         clock pessimism             -0.253     1.764    
    SLICE_X49Y81         FDCE (Hold_fdce_C_D)         0.017     1.781    u_pl/fps_q_reg[2]
  -------------------------------------------------------------------
                         required time                         -1.781    
                         arrival time                           1.886    
  -------------------------------------------------------------------
                         slack                                  0.104    





Pulse Width Checks
--------------------------------------------------------------------------------------
Clock Name:         sys_clk
Waveform(ns):       { 0.000 10.000 }
Period(ns):         20.000
Sources:            { sys_clk }

Check Type        Corner  Lib Pin            Reference Pin  Required(ns)  Actual(ns)  Slack(ns)  Location         Pin
Min Period        n/a     BUFG/I             n/a            1.592         20.000      18.408     BUFGCTRL_X0Y4    sys_clk_IBUF_BUFG_inst/I
Max Period        n/a     MMCME2_ADV/CLKIN1  n/a            100.000       20.000      80.000     MMCME2_ADV_X0Y0  u_idelay_clkgen/u_mmcm/CLKIN1
Low Pulse Width   Slow    MMCME2_ADV/CLKIN1  n/a            3.000         10.000      7.000      MMCME2_ADV_X0Y0  u_idelay_clkgen/u_mmcm/CLKIN1
High Pulse Width  Slow    MMCME2_ADV/CLKIN1  n/a            3.000         10.000      7.000      MMCME2_ADV_X0Y0  u_idelay_clkgen/u_mmcm/CLKIN1



---------------------------------------------------------------------------------------------------
From Clock:  clkfbout
  To Clock:  clkfbout

Setup :           NA  Failing Endpoints,  Worst Slack           NA  ,  Total Violation           NA
Hold  :           NA  Failing Endpoints,  Worst Slack           NA  ,  Total Violation           NA
PW    :            0  Failing Endpoints,  Worst Slack       18.408ns,  Total Violation        0.000ns
---------------------------------------------------------------------------------------------------


Pulse Width Checks
--------------------------------------------------------------------------------------
Clock Name:         clkfbout
Waveform(ns):       { 0.000 10.000 }
Period(ns):         20.000
Sources:            { u_idelay_clkgen/u_mmcm/CLKFBOUT }

Check Type  Corner  Lib Pin             Reference Pin  Required(ns)  Actual(ns)  Slack(ns)  Location         Pin
Min Period  n/a     BUFG/I              n/a            1.592         20.000      18.408     BUFGCTRL_X0Y5    u_idelay_clkgen/u_bufg_fb/I
Max Period  n/a     MMCME2_ADV/CLKFBIN  n/a            100.000       20.000      80.000     MMCME2_ADV_X0Y0  u_idelay_clkgen/u_mmcm/CLKFBIN



---------------------------------------------------------------------------------------------------
From Clock:  clkfbout_1
  To Clock:  clkfbout_1

Setup :           NA  Failing Endpoints,  Worst Slack           NA  ,  Total Violation           NA
Hold  :           NA  Failing Endpoints,  Worst Slack           NA  ,  Total Violation           NA
PW    :            0  Failing Endpoints,  Worst Slack       18.408ns,  Total Violation        0.000ns
---------------------------------------------------------------------------------------------------


Pulse Width Checks
--------------------------------------------------------------------------------------
Clock Name:         clkfbout_1
Waveform(ns):       { 0.000 10.000 }
Period(ns):         20.000
Sources:            { u_pl/u_clk/u_mmcm/CLKFBOUT }

Check Type  Corner  Lib Pin             Reference Pin  Required(ns)  Actual(ns)  Slack(ns)  Location         Pin
Min Period  n/a     BUFG/I              n/a            1.592         20.000      18.408     BUFGCTRL_X0Y6    u_pl/u_clk/u_bufg_fb/I
Max Period  n/a     MMCME2_ADV/CLKFBIN  n/a            100.000       20.000      80.000     MMCME2_ADV_X1Y0  u_pl/u_clk/u_mmcm/CLKFBIN



---------------------------------------------------------------------------------------------------
From Clock:  clkout0_1
  To Clock:  clkout0_1

Setup :            0  Failing Endpoints,  Worst Slack        0.598ns,  Total Violation        0.000ns
Hold  :            0  Failing Endpoints,  Worst Slack        0.089ns,  Total Violation        0.000ns
PW    :            0  Failing Endpoints,  Worst Slack        8.870ns,  Total Violation        0.000ns
---------------------------------------------------------------------------------------------------


Max Delay Paths
--------------------------------------------------------------------------------------
Slack (MET) :             0.598ns  (required time - arrival time)
  Source:                 u_pl/u_pipe/xd_reg[7][4]/C
                            (rising edge-triggered cell FDCE clocked by clkout0_1  {rise@0.000ns fall@10.000ns period=20.000ns})
  Destination:            u_pl/u_osd/r_reg[4]/D
                            (rising edge-triggered cell FDCE clocked by clkout0_1  {rise@0.000ns fall@10.000ns period=20.000ns})
  Path Group:             clkout0_1
  Path Type:              Setup (Max at Slow Process Corner)
  Requirement:            20.000ns  (clkout0_1 rise@20.000ns - clkout0_1 rise@0.000ns)
  Data Path Delay:        19.334ns  (logic 6.578ns (34.022%)  route 12.757ns (65.978%))
  Logic Levels:           29  (CARRY4=10 LUT2=1 LUT3=2 LUT4=4 LUT6=11 MUXF7=1)
  Clock Path Skew:        -0.005ns (DCD - SCD + CPR)
    Destination Clock Delay (DCD):    4.465ns = ( 24.465 - 20.000 ) 
    Source Clock Delay      (SCD):    4.812ns
    Clock Pessimism Removal (CPR):    0.342ns
  Clock Uncertainty:      0.094ns  ((TSJ^2 + DJ^2)^1/2) / 2 + PE
    Total System Jitter     (TSJ):    0.071ns
    Discrete Jitter          (DJ):    0.175ns
    Phase Error              (PE):    0.000ns

    Location             Delay type                Incr(ns)  Path(ns)    Netlist Resource(s)
  -------------------------------------------------------------------    -------------------
                         (clock clkout0_1 rise edge)
                                                      0.000     0.000 r  
    W17                                               0.000     0.000 r  sys_clk (IN)
                         net (fo=0)                   0.000     0.000    sys_clk
    W17                  IBUF (Prop_ibuf_I_O)         1.415     1.415 r  sys_clk_IBUF_inst/O
                         net (fo=1, routed)           1.873     3.288    sys_clk_IBUF
    BUFGCTRL_X0Y4        BUFG (Prop_bufg_I_O)         0.085     3.373 r  sys_clk_IBUF_BUFG_inst/O
                         net (fo=186, routed)         1.550     4.923    u_pl/u_clk/CLK
    MMCME2_ADV_X1Y0      MMCME2_ADV (Prop_mmcme2_adv_CLKIN1_CLKOUT0)
                                                     -3.232     1.691 r  u_pl/u_clk/u_mmcm/CLKOUT0
                         net (fo=1, routed)           1.597     3.288    u_pl/u_clk/clkout0
    BUFGCTRL_X0Y0        BUFG (Prop_bufg_I_O)         0.085     3.373 r  u_pl/u_clk/u_bufg_pix/O
                         net (fo=4926, routed)        1.439     4.812    u_pl/u_pipe/clk_pix
    SLICE_X57Y87         FDCE                                         r  u_pl/u_pipe/xd_reg[7][4]/C
  -------------------------------------------------------------------    -------------------
    SLICE_X57Y87         FDCE (Prop_fdce_C_Q)         0.379     5.191 r  u_pl/u_pipe/xd_reg[7][4]/Q
                         net (fo=5, routed)           0.522     5.713    u_pl/u_pipe/xd_reg[7]_6[4]
    SLICE_X56Y87         CARRY4 (Prop_carry4_DI[1]_CO[3])
                                                      0.418     6.131 r  u_pl/u_pipe/r_reg[7]_i_32/CO[3]
                         net (fo=1, routed)           0.000     6.131    u_pl/u_pipe/r_reg[7]_i_32_n_0
    SLICE_X56Y88         CARRY4 (Prop_carry4_CI_O[1])
                                                      0.265     6.396 f  u_pl/u_pipe/g0_b0_i_276/O[1]
                         net (fo=20, routed)          0.470     6.866    u_pl/u_pipe/u_osd/lx[8]
    SLICE_X59Y86         LUT3 (Prop_lut3_I2_O)        0.250     7.116 r  u_pl/u_pipe/g0_b0_i_829/O
                         net (fo=4, routed)           0.628     7.744    u_pl/u_pipe/g0_b0_i_829_n_0
    SLICE_X57Y85         LUT4 (Prop_lut4_I3_O)        0.105     7.849 r  u_pl/u_pipe/g0_b0_i_833/O
                         net (fo=1, routed)           0.000     7.849    u_pl/u_pipe/g0_b0_i_833_n_0
    SLICE_X57Y85         CARRY4 (Prop_carry4_S[1]_CO[3])
                                                      0.457     8.306 r  u_pl/u_pipe/g0_b0_i_572/CO[3]
                         net (fo=1, routed)           0.000     8.306    u_pl/u_pipe/g0_b0_i_572_n_0
    SLICE_X57Y86         CARRY4 (Prop_carry4_CI_CO[3])
                                                      0.098     8.404 r  u_pl/u_pipe/g0_b0_i_284/CO[3]
                         net (fo=1, routed)           0.000     8.404    u_pl/u_pipe/g0_b0_i_284_n_0
    SLICE_X57Y87         CARRY4 (Prop_carry4_CI_O[0])
                                                      0.180     8.584 r  u_pl/u_pipe/g0_b0_i_283/O[0]
                         net (fo=2, routed)           0.817     9.401    u_pl/u_pipe/g0_b0_i_283_n_7
    SLICE_X57Y88         LUT3 (Prop_lut3_I0_O)        0.263     9.664 r  u_pl/u_pipe/g0_b0_i_100/O
                         net (fo=2, routed)           0.529    10.193    u_pl/u_pipe/g0_b0_i_100_n_0
    SLICE_X56Y85         LUT4 (Prop_lut4_I0_O)        0.267    10.460 r  u_pl/u_pipe/g0_b0_i_104/O
                         net (fo=1, routed)           0.000    10.460    u_pl/u_pipe/g0_b0_i_104_n_0
    SLICE_X56Y85         CARRY4 (Prop_carry4_S[3]_CO[3])
                                                      0.332    10.792 r  u_pl/u_pipe/g0_b0_i_36/CO[3]
                         net (fo=1, routed)           0.000    10.792    u_pl/u_pipe/g0_b0_i_36_n_0
    SLICE_X56Y86         CARRY4 (Prop_carry4_CI_O[1])
                                                      0.265    11.057 r  u_pl/u_pipe/g0_b0_i_275/O[1]
                         net (fo=3, routed)           0.402    11.459    u_pl/u_pipe/g0_b0_i_275_n_6
    SLICE_X55Y88         LUT2 (Prop_lut2_I0_O)        0.250    11.709 r  u_pl/u_pipe/g0_b0_i_574/O
                         net (fo=1, routed)           0.000    11.709    u_pl/u_pipe/g0_b0_i_574_n_0
    SLICE_X55Y88         CARRY4 (Prop_carry4_S[1]_CO[3])
                                                      0.457    12.166 r  u_pl/u_pipe/g0_b0_i_274/CO[3]
                         net (fo=1, routed)           0.000    12.166    u_pl/u_pipe/g0_b0_i_274_n_0
    SLICE_X55Y89         CARRY4 (Prop_carry4_CI_O[0])
                                                      0.180    12.346 r  u_pl/u_pipe/g0_b0_i_97/O[0]
                         net (fo=37, routed)          0.667    13.013    u_pl/u_pipe/g0_b0_i_97_n_7
    SLICE_X55Y86         LUT4 (Prop_lut4_I2_O)        0.249    13.262 r  u_pl/u_pipe/g0_b0_i_281/O
                         net (fo=1, routed)           0.000    13.262    u_pl/u_pipe/g0_b0_i_281_n_0
    SLICE_X55Y86         CARRY4 (Prop_carry4_S[1]_CO[1])
                                                      0.408    13.670 r  u_pl/u_pipe/g0_b0_i_99/CO[1]
                         net (fo=36, routed)          0.709    14.379    u_pl/u_pipe/g0_b0_i_99_n_2
    SLICE_X52Y89         LUT6 (Prop_lut6_I5_O)        0.275    14.654 r  u_pl/u_pipe/g0_b0_i_35/O
                         net (fo=94, routed)          1.314    15.968    u_pl/u_split_ctrl/g0_b0_i_155_0
    SLICE_X34Y76         LUT6 (Prop_lut6_I0_O)        0.105    16.073 r  u_pl/u_split_ctrl/g0_b0_i_709/O
                         net (fo=1, routed)           0.541    16.615    u_pl/u_split_ctrl/g0_b0_i_709_n_0
    SLICE_X35Y76         LUT6 (Prop_lut6_I5_O)        0.105    16.720 r  u_pl/u_split_ctrl/g0_b0_i_407/O
                         net (fo=1, routed)           0.113    16.832    u_pl/u_split_ctrl/g0_b0_i_407_n_0
    SLICE_X35Y76         LUT6 (Prop_lut6_I5_O)        0.105    16.937 r  u_pl/u_split_ctrl/g0_b0_i_164/O
                         net (fo=1, routed)           0.935    17.872    u_pl/u_pipe/g0_b0_i_26_1
    SLICE_X42Y80         LUT6 (Prop_lut6_I2_O)        0.105    17.977 f  u_pl/u_pipe/g0_b0_i_59/O
                         net (fo=1, routed)           0.636    18.613    u_pl/u_pipe/g0_b0_i_59_n_0
    SLICE_X47Y82         LUT6 (Prop_lut6_I0_O)        0.105    18.718 r  u_pl/u_pipe/g0_b0_i_26/O
                         net (fo=13, routed)          0.771    19.489    u_pl/u_osd/chars[1]
    SLICE_X50Y80         LUT6 (Prop_lut6_I2_O)        0.105    19.594 r  u_pl/u_osd/g0_b0_i_18/O
                         net (fo=1, routed)           0.328    19.922    u_pl/u_osd/g0_b0_i_18_n_0
    SLICE_X50Y80         LUT4 (Prop_lut4_I0_O)        0.105    20.027 r  u_pl/u_osd/g0_b0_i_5/O
                         net (fo=35, routed)          1.041    21.068    u_pl/u_pipe/r[7]_i_30_3
    SLICE_X56Y80         LUT6 (Prop_lut6_I1_O)        0.105    21.173 f  u_pl/u_pipe/r[7]_i_61/O
                         net (fo=1, routed)           0.829    22.002    u_pl/u_pipe/r[7]_i_61_n_0
    SLICE_X65Y80         LUT6 (Prop_lut6_I1_O)        0.105    22.107 f  u_pl/u_pipe/r[7]_i_39/O
                         net (fo=1, routed)           0.398    22.506    u_pl/u_pipe/r[7]_i_39_n_0
    SLICE_X67Y80         LUT6 (Prop_lut6_I3_O)        0.105    22.611 r  u_pl/u_pipe/r[7]_i_18/O
                         net (fo=1, routed)           0.000    22.611    u_pl/u_pipe/r[7]_i_18_n_0
    SLICE_X67Y80         MUXF7 (Prop_muxf7_I0_O)      0.178    22.789 r  u_pl/u_pipe/r_reg[7]_i_5/O
                         net (fo=19, routed)          1.106    23.895    u_pl/u_pipe/u_sobel/b_reg[2]_2
    SLICE_X93Y80         LUT6 (Prop_lut6_I4_O)        0.252    24.147 r  u_pl/u_pipe/u_sobel/r[4]_i_1/O
                         net (fo=1, routed)           0.000    24.147    u_pl/u_osd/r_reg[7]_0[2]
    SLICE_X93Y80         FDCE                                         r  u_pl/u_osd/r_reg[4]/D
  -------------------------------------------------------------------    -------------------

                         (clock clkout0_1 rise edge)
                                                     20.000    20.000 r  
    W17                                               0.000    20.000 r  sys_clk (IN)
                         net (fo=0)                   0.000    20.000    sys_clk
    W17                  IBUF (Prop_ibuf_I_O)         1.349    21.349 r  sys_clk_IBUF_inst/O
                         net (fo=1, routed)           1.701    23.050    sys_clk_IBUF
    BUFGCTRL_X0Y4        BUFG (Prop_bufg_I_O)         0.077    23.127 r  sys_clk_IBUF_BUFG_inst/O
                         net (fo=186, routed)         1.384    24.511    u_pl/u_clk/CLK
    MMCME2_ADV_X1Y0      MMCME2_ADV (Prop_mmcme2_adv_CLKIN1_CLKOUT0)
                                                     -2.915    21.596 r  u_pl/u_clk/u_mmcm/CLKOUT0
                         net (fo=1, routed)           1.454    23.050    u_pl/u_clk/clkout0
    BUFGCTRL_X0Y0        BUFG (Prop_bufg_I_O)         0.077    23.127 r  u_pl/u_clk/u_bufg_pix/O
                         net (fo=4926, routed)        1.338    24.465    u_pl/u_osd/clk_pix
    SLICE_X93Y80         FDCE                                         r  u_pl/u_osd/r_reg[4]/C
                         clock pessimism              0.342    24.807    
                         clock uncertainty           -0.094    24.713    
    SLICE_X93Y80         FDCE (Setup_fdce_C_D)        0.032    24.745    u_pl/u_osd/r_reg[4]
  -------------------------------------------------------------------
                         required time                         24.745    
                         arrival time                         -24.147    
  -------------------------------------------------------------------
                         slack                                  0.598    





Min Delay Paths
--------------------------------------------------------------------------------------
Slack (MET) :             0.089ns  (arrival time - required time)
  Source:                 u_pl/u_bilin/oob_d4_reg/C
                            (rising edge-triggered cell FDPE clocked by clkout0_1  {rise@0.000ns fall@10.000ns period=20.000ns})
  Destination:            u_pl/u_bilin/res_reg/DIPADIP[0]
                            (rising edge-triggered cell RAMB18E1 clocked by clkout0_1  {rise@0.000ns fall@10.000ns period=20.000ns})
  Path Group:             clkout0_1
  Path Type:              Hold (Min at Fast Process Corner)
  Requirement:            0.000ns  (clkout0_1 rise@0.000ns - clkout0_1 rise@0.000ns)
  Data Path Delay:        0.297ns  (logic 0.164ns (55.284%)  route 0.133ns (44.716%))
  Logic Levels:           0  
  Clock Path Skew:        0.053ns (DCD - SCD - CPR)
    Destination Clock Delay (DCD):    2.074ns
    Source Clock Delay      (SCD):    1.520ns
    Clock Pessimism Removal (CPR):    0.501ns

    Location             Delay type                Incr(ns)  Path(ns)    Netlist Resource(s)
  -------------------------------------------------------------------    -------------------
                         (clock clkout0_1 rise edge)
                                                      0.000     0.000 r  
    W17                                               0.000     0.000 r  sys_clk (IN)
                         net (fo=0)                   0.000     0.000    sys_clk
    W17                  IBUF (Prop_ibuf_I_O)         0.252     0.252 r  sys_clk_IBUF_inst/O
                         net (fo=1, routed)           0.674     0.926    sys_clk_IBUF
    BUFGCTRL_X0Y4        BUFG (Prop_bufg_I_O)         0.026     0.952 r  sys_clk_IBUF_BUFG_inst/O
                         net (fo=186, routed)         0.595     1.547    u_pl/u_clk/CLK
    MMCME2_ADV_X1Y0      MMCME2_ADV (Prop_mmcme2_adv_CLKIN1_CLKOUT0)
                                                     -1.150     0.397 r  u_pl/u_clk/u_mmcm/CLKOUT0
                         net (fo=1, routed)           0.529     0.926    u_pl/u_clk/clkout0
    BUFGCTRL_X0Y0        BUFG (Prop_bufg_I_O)         0.026     0.952 r  u_pl/u_clk/u_bufg_pix/O
                         net (fo=4926, routed)        0.568     1.520    u_pl/u_bilin/clk_pix
    SLICE_X54Y77         FDPE                                         r  u_pl/u_bilin/oob_d4_reg/C
  -------------------------------------------------------------------    -------------------
    SLICE_X54Y77         FDPE (Prop_fdpe_C_Q)         0.164     1.684 r  u_pl/u_bilin/oob_d4_reg/Q
                         net (fo=1, routed)           0.133     1.816    u_pl/u_bilin/oob_d4
    RAMB18_X3Y30         RAMB18E1                                     r  u_pl/u_bilin/res_reg/DIPADIP[0]
  -------------------------------------------------------------------    -------------------

                         (clock clkout0_1 rise edge)
                                                      0.000     0.000 r  
    W17                                               0.000     0.000 r  sys_clk (IN)
                         net (fo=0)                   0.000     0.000    sys_clk
    W17                  IBUF (Prop_ibuf_I_O)         0.440     0.440 r  sys_clk_IBUF_inst/O
                         net (fo=1, routed)           0.731     1.171    sys_clk_IBUF
    BUFGCTRL_X0Y4        BUFG (Prop_bufg_I_O)         0.029     1.200 r  sys_clk_IBUF_BUFG_inst/O
                         net (fo=186, routed)         0.862     2.062    u_pl/u_clk/CLK
    MMCME2_ADV_X1Y0      MMCME2_ADV (Prop_mmcme2_adv_CLKIN1_CLKOUT0)
                                                     -1.467     0.595 r  u_pl/u_clk/u_mmcm/CLKOUT0
                         net (fo=1, routed)           0.576     1.171    u_pl/u_clk/clkout0
    BUFGCTRL_X0Y0        BUFG (Prop_bufg_I_O)         0.029     1.200 r  u_pl/u_clk/u_bufg_pix/O
                         net (fo=4926, routed)        0.874     2.074    u_pl/u_bilin/clk_pix
    RAMB18_X3Y30         RAMB18E1                                     r  u_pl/u_bilin/res_reg/CLKARDCLK
                         clock pessimism             -0.501     1.572    
    RAMB18_X3Y30         RAMB18E1 (Hold_ramb18e1_CLKARDCLK_DIPADIP[0])
                                                      0.155     1.727    u_pl/u_bilin/res_reg
  -------------------------------------------------------------------
                         required time                         -1.727    
                         arrival time                           1.816    
  -------------------------------------------------------------------
                         slack                                  0.089    





Pulse Width Checks
--------------------------------------------------------------------------------------
Clock Name:         clkout0_1
Waveform(ns):       { 0.000 10.000 }
Period(ns):         20.000
Sources:            { u_pl/u_clk/u_mmcm/CLKOUT0 }

Check Type        Corner  Lib Pin             Reference Pin  Required(ns)  Actual(ns)  Slack(ns)  Location         Pin
Min Period        n/a     DSP48E1/CLK         n/a            3.272         20.000      16.728     DSP48_X2Y31      u_pl/u_zmap/yr_m_reg/CLK
Max Period        n/a     MMCME2_ADV/CLKOUT0  n/a            213.360       20.000      193.360    MMCME2_ADV_X1Y0  u_pl/u_clk/u_mmcm/CLKOUT0
Low Pulse Width   Slow    RAMS64E/CLK         n/a            1.130         10.000      8.870      SLICE_X90Y88     u_pl/u_pipe/u_blur/lb1_reg_0_255_0_0/RAMS64E_A/CLK
High Pulse Width  Slow    RAMS64E/CLK         n/a            1.130         10.000      8.870      SLICE_X90Y88     u_pl/u_pipe/u_blur/lb1_reg_0_255_0_0/RAMS64E_A/CLK



---------------------------------------------------------------------------------------------------
From Clock:  clkout1_1
  To Clock:  clkout1_1

Setup :           NA  Failing Endpoints,  Worst Slack           NA  ,  Total Violation           NA
Hold  :           NA  Failing Endpoints,  Worst Slack           NA  ,  Total Violation           NA
PW    :            0  Failing Endpoints,  Worst Slack        2.408ns,  Total Violation        0.000ns
---------------------------------------------------------------------------------------------------


Pulse Width Checks
--------------------------------------------------------------------------------------
Clock Name:         clkout1_1
Waveform(ns):       { 0.000 2.000 }
Period(ns):         4.000
Sources:            { u_pl/u_clk/u_mmcm/CLKOUT1 }

Check Type  Corner  Lib Pin             Reference Pin  Required(ns)  Actual(ns)  Slack(ns)  Location         Pin
Min Period  n/a     BUFG/I              n/a            1.592         4.000       2.408      BUFGCTRL_X0Y2    u_pl/u_clk/u_bufg_5x/I
Max Period  n/a     MMCME2_ADV/CLKOUT1  n/a            213.360       4.000       209.360    MMCME2_ADV_X1Y0  u_pl/u_clk/u_mmcm/CLKOUT1



---------------------------------------------------------------------------------------------------
From Clock:  clkout2
  To Clock:  clkout2

Setup :           NA  Failing Endpoints,  Worst Slack           NA  ,  Total Violation           NA
Hold  :           NA  Failing Endpoints,  Worst Slack           NA  ,  Total Violation           NA
PW    :            0  Failing Endpoints,  Worst Slack        0.264ns,  Total Violation        0.000ns
---------------------------------------------------------------------------------------------------


Pulse Width Checks
--------------------------------------------------------------------------------------
Clock Name:         clkout2
Waveform(ns):       { 0.000 2.500 }
Period(ns):         5.000
Sources:            { u_idelay_clkgen/u_mmcm/CLKOUT2 }

Check Type  Corner  Lib Pin            Reference Pin  Required(ns)  Actual(ns)  Slack(ns)  Location         Pin
Min Period  n/a     IDELAYCTRL/REFCLK  n/a            2.438         5.000       2.562      IDELAYCTRL_X1Y0  u_eth/u_rgmii/u_rgmii_rx/IDELAYCTRL_inst/REFCLK
Max Period  n/a     IDELAYCTRL/REFCLK  n/a            5.264         5.000       0.264      IDELAYCTRL_X1Y0  u_eth/u_rgmii/u_rgmii_rx/IDELAYCTRL_inst/REFCLK



---------------------------------------------------------------------------------------------------
From Clock:  clkout0_1
  To Clock:  sys_clk

Setup :            0  Failing Endpoints,  Worst Slack       14.735ns,  Total Violation        0.000ns
Hold  :            0  Failing Endpoints,  Worst Slack        0.077ns,  Total Violation        0.000ns
---------------------------------------------------------------------------------------------------


Max Delay Paths
--------------------------------------------------------------------------------------
Slack (MET) :             14.735ns  (required time - arrival time)
  Source:                 u_pl/u_split_x/bus_q_reg[17]/C
                            (rising edge-triggered cell FDCE clocked by clkout0_1  {rise@0.000ns fall@10.000ns period=20.000ns})
  Destination:            u_pl/u_ang/angle_reg[8]/D
                            (rising edge-triggered cell FDRE clocked by sys_clk  {rise@0.000ns fall@10.000ns period=20.000ns})
  Path Group:             sys_clk
  Path Type:              Setup (Max at Slow Process Corner)
  Requirement:            20.000ns  (sys_clk rise@20.000ns - clkout0_1 rise@0.000ns)
  Data Path Delay:        4.869ns  (logic 1.761ns (36.170%)  route 3.108ns (63.830%))
  Logic Levels:           6  (CARRY4=2 LUT2=1 LUT5=1 LUT6=2)
  Clock Path Skew:        -0.167ns (DCD - SCD + CPR)
    Destination Clock Delay (DCD):    4.519ns = ( 24.519 - 20.000 ) 
    Source Clock Delay      (SCD):    4.932ns
    Clock Pessimism Removal (CPR):    0.246ns
  Clock Uncertainty:      0.259ns  ((TSJ^2 + DJ^2)^1/2) / 2 + PE
    Total System Jitter     (TSJ):    0.071ns
    Discrete Jitter          (DJ):    0.175ns
    Phase Error              (PE):    0.165ns

    Location             Delay type                Incr(ns)  Path(ns)    Netlist Resource(s)
  -------------------------------------------------------------------    -------------------
                         (clock clkout0_1 rise edge)
                                                      0.000     0.000 r  
    W17                                               0.000     0.000 r  sys_clk (IN)
                         net (fo=0)                   0.000     0.000    sys_clk
    W17                  IBUF (Prop_ibuf_I_O)         1.415     1.415 r  sys_clk_IBUF_inst/O
                         net (fo=1, routed)           1.873     3.288    sys_clk_IBUF
    BUFGCTRL_X0Y4        BUFG (Prop_bufg_I_O)         0.085     3.373 r  sys_clk_IBUF_BUFG_inst/O
                         net (fo=186, routed)         1.550     4.923    u_pl/u_clk/CLK
    MMCME2_ADV_X1Y0      MMCME2_ADV (Prop_mmcme2_adv_CLKIN1_CLKOUT0)
                                                     -3.232     1.691 r  u_pl/u_clk/u_mmcm/CLKOUT0
                         net (fo=1, routed)           1.597     3.288    u_pl/u_clk/clkout0
    BUFGCTRL_X0Y0        BUFG (Prop_bufg_I_O)         0.085     3.373 r  u_pl/u_clk/u_bufg_pix/O
                         net (fo=4926, routed)        1.559     4.932    u_pl/u_split_x/clk_pix
    SLICE_X48Y102        FDCE                                         r  u_pl/u_split_x/bus_q_reg[17]/C
  -------------------------------------------------------------------    -------------------
    SLICE_X48Y102        FDCE (Prop_fdce_C_Q)         0.348     5.280 r  u_pl/u_split_x/bus_q_reg[17]/Q
                         net (fo=2, routed)           1.033     6.313    u_pl/u_ang/bus_q[2]
    SLICE_X45Y106        LUT2 (Prop_lut2_I1_O)        0.242     6.555 r  u_pl/u_ang/angle[3]_i_6/O
                         net (fo=1, routed)           0.000     6.555    u_pl/u_ang/angle[3]_i_6_n_0
    SLICE_X45Y106        CARRY4 (Prop_carry4_S[2]_CO[3])
                                                      0.332     6.887 r  u_pl/u_ang/angle_reg[3]_i_2/CO[3]
                         net (fo=1, routed)           0.000     6.887    u_pl/u_ang/angle_reg[3]_i_2_n_0
    SLICE_X45Y107        CARRY4 (Prop_carry4_CI_O[2])
                                                      0.200     7.087 f  u_pl/u_ang/angle_reg[7]_i_4/O[2]
                         net (fo=4, routed)           0.947     8.034    u_pl/u_ang/angle_reg[7]_i_4_n_5
    SLICE_X44Y108        LUT5 (Prop_lut5_I1_O)        0.267     8.301 r  u_pl/u_ang/angle[8]_i_7/O
                         net (fo=1, routed)           0.336     8.637    u_pl/u_ang/angle[8]_i_7_n_0
    SLICE_X43Y108        LUT6 (Prop_lut6_I2_O)        0.267     8.904 r  u_pl/u_ang/angle[8]_i_4/O
                         net (fo=1, routed)           0.792     9.696    u_pl/u_ang/angle[8]_i_4_n_0
    SLICE_X43Y107        LUT6 (Prop_lut6_I0_O)        0.105     9.801 r  u_pl/u_ang/angle[8]_i_2/O
                         net (fo=1, routed)           0.000     9.801    u_pl/u_ang/p_1_in__0[8]
    SLICE_X43Y107        FDRE                                         r  u_pl/u_ang/angle_reg[8]/D
  -------------------------------------------------------------------    -------------------

                         (clock sys_clk rise edge)   20.000    20.000 r  
    W17                                               0.000    20.000 r  sys_clk (IN)
                         net (fo=0)                   0.000    20.000    sys_clk
    W17                  IBUF (Prop_ibuf_I_O)         1.349    21.349 r  sys_clk_IBUF_inst/O
                         net (fo=1, routed)           1.701    23.050    sys_clk_IBUF
    BUFGCTRL_X0Y4        BUFG (Prop_bufg_I_O)         0.077    23.127 r  sys_clk_IBUF_BUFG_inst/O
                         net (fo=186, routed)         1.392    24.519    u_pl/u_ang/CLK
    SLICE_X43Y107        FDRE                                         r  u_pl/u_ang/angle_reg[8]/C
                         clock pessimism              0.246    24.765    
                         clock uncertainty           -0.259    24.506    
    SLICE_X43Y107        FDRE (Setup_fdre_C_D)        0.030    24.536    u_pl/u_ang/angle_reg[8]
  -------------------------------------------------------------------
                         required time                         24.536    
                         arrival time                          -9.801    
  -------------------------------------------------------------------
                         slack                                 14.735    





Min Delay Paths
--------------------------------------------------------------------------------------
Slack (MET) :             0.077ns  (arrival time - required time)
  Source:                 u_pl/vs_pix_d1_reg/C
                            (rising edge-triggered cell FDRE clocked by clkout0_1  {rise@0.000ns fall@10.000ns period=20.000ns})
  Destination:            u_pl/vt0_reg/D
                            (rising edge-triggered cell FDRE clocked by sys_clk  {rise@0.000ns fall@10.000ns period=20.000ns})
  Path Group:             sys_clk
  Path Type:              Hold (Min at Fast Process Corner)
  Requirement:            0.000ns  (sys_clk rise@0.000ns - clkout0_1 rise@0.000ns)
  Data Path Delay:        0.658ns  (logic 0.186ns (28.249%)  route 0.472ns (71.751%))
  Logic Levels:           1  (LUT2=1)
  Clock Path Skew:        0.263ns (DCD - SCD - CPR)
    Destination Clock Delay (DCD):    2.034ns
    Source Clock Delay      (SCD):    1.523ns
    Clock Pessimism Removal (CPR):    0.248ns
  Clock Uncertainty:      0.259ns  ((TSJ^2 + DJ^2)^1/2) / 2 + PE
    Total System Jitter     (TSJ):    0.071ns
    Discrete Jitter          (DJ):    0.175ns
    Phase Error              (PE):    0.165ns

    Location             Delay type                Incr(ns)  Path(ns)    Netlist Resource(s)
  -------------------------------------------------------------------    -------------------
                         (clock clkout0_1 rise edge)
                                                      0.000     0.000 r  
    W17                                               0.000     0.000 r  sys_clk (IN)
                         net (fo=0)                   0.000     0.000    sys_clk
    W17                  IBUF (Prop_ibuf_I_O)         0.252     0.252 r  sys_clk_IBUF_inst/O
                         net (fo=1, routed)           0.674     0.926    sys_clk_IBUF
    BUFGCTRL_X0Y4        BUFG (Prop_bufg_I_O)         0.026     0.952 r  sys_clk_IBUF_BUFG_inst/O
                         net (fo=186, routed)         0.595     1.547    u_pl/u_clk/CLK
    MMCME2_ADV_X1Y0      MMCME2_ADV (Prop_mmcme2_adv_CLKIN1_CLKOUT0)
                                                     -1.150     0.397 r  u_pl/u_clk/u_mmcm/CLKOUT0
                         net (fo=1, routed)           0.529     0.926    u_pl/u_clk/clkout0
    BUFGCTRL_X0Y0        BUFG (Prop_bufg_I_O)         0.026     0.952 r  u_pl/u_clk/u_bufg_pix/O
                         net (fo=4926, routed)        0.571     1.523    u_pl/clk_pix
    SLICE_X67Y72         FDRE                                         r  u_pl/vs_pix_d1_reg/C
  -------------------------------------------------------------------    -------------------
    SLICE_X67Y72         FDRE (Prop_fdre_C_Q)         0.141     1.664 f  u_pl/vs_pix_d1_reg/Q
                         net (fo=1, routed)           0.155     1.819    u_pl/vs_pix_d1
    SLICE_X67Y72         LUT2 (Prop_lut2_I1_O)        0.045     1.864 r  u_pl/vt0_i_1/O
                         net (fo=1, routed)           0.317     2.181    u_pl/vs_tick
    SLICE_X59Y73         FDRE                                         r  u_pl/vt0_reg/D
  -------------------------------------------------------------------    -------------------

                         (clock sys_clk rise edge)    0.000     0.000 r  
    W17                                               0.000     0.000 r  sys_clk (IN)
                         net (fo=0)                   0.000     0.000    sys_clk
    W17                  IBUF (Prop_ibuf_I_O)         0.440     0.440 r  sys_clk_IBUF_inst/O
                         net (fo=1, routed)           0.731     1.171    sys_clk_IBUF
    BUFGCTRL_X0Y4        BUFG (Prop_bufg_I_O)         0.029     1.200 r  sys_clk_IBUF_BUFG_inst/O
                         net (fo=186, routed)         0.834     2.034    u_pl/CLK
    SLICE_X59Y73         FDRE                                         r  u_pl/vt0_reg/C
                         clock pessimism             -0.248     1.786    
                         clock uncertainty            0.259     2.045    
    SLICE_X59Y73         FDRE (Hold_fdre_C_D)         0.059     2.104    u_pl/vt0_reg
  -------------------------------------------------------------------
                         required time                         -2.104    
                         arrival time                           2.181    
  -------------------------------------------------------------------
                         slack                                  0.077    





---------------------------------------------------------------------------------------------------
From Clock:  sys_clk
  To Clock:  clkout0_1

Setup :            0  Failing Endpoints,  Worst Slack        4.524ns,  Total Violation        0.000ns
Hold  :            0  Failing Endpoints,  Worst Slack        0.324ns,  Total Violation        0.000ns
---------------------------------------------------------------------------------------------------


Max Delay Paths
--------------------------------------------------------------------------------------
Slack (MET) :             4.524ns  (required time - arrival time)
  Source:                 u_pl/u_ang/angle_reg[4]/C
                            (rising edge-triggered cell FDRE clocked by sys_clk  {rise@0.000ns fall@10.000ns period=20.000ns})
  Destination:            u_pl/u_osd/r_reg[4]/D
                            (rising edge-triggered cell FDCE clocked by clkout0_1  {rise@0.000ns fall@10.000ns period=20.000ns})
  Path Group:             clkout0_1
  Path Type:              Setup (Max at Slow Process Corner)
  Requirement:            20.000ns  (clkout0_1 rise@20.000ns - sys_clk rise@0.000ns)
  Data Path Delay:        15.026ns  (logic 4.112ns (27.366%)  route 10.914ns (72.634%))
  Logic Levels:           20  (CARRY4=4 LUT2=1 LUT3=2 LUT4=2 LUT5=2 LUT6=8 MUXF7=1)
  Clock Path Skew:        -0.223ns (DCD - SCD + CPR)
    Destination Clock Delay (DCD):    4.465ns = ( 24.465 - 20.000 ) 
    Source Clock Delay      (SCD):    4.934ns
    Clock Pessimism Removal (CPR):    0.246ns
  Clock Uncertainty:      0.259ns  ((TSJ^2 + DJ^2)^1/2) / 2 + PE
    Total System Jitter     (TSJ):    0.071ns
    Discrete Jitter          (DJ):    0.175ns
    Phase Error              (PE):    0.165ns

    Location             Delay type                Incr(ns)  Path(ns)    Netlist Resource(s)
  -------------------------------------------------------------------    -------------------
                         (clock sys_clk rise edge)    0.000     0.000 r  
    W17                                               0.000     0.000 r  sys_clk (IN)
                         net (fo=0)                   0.000     0.000    sys_clk
    W17                  IBUF (Prop_ibuf_I_O)         1.415     1.415 r  sys_clk_IBUF_inst/O
                         net (fo=1, routed)           1.873     3.288    sys_clk_IBUF
    BUFGCTRL_X0Y4        BUFG (Prop_bufg_I_O)         0.085     3.373 r  sys_clk_IBUF_BUFG_inst/O
                         net (fo=186, routed)         1.561     4.934    u_pl/u_ang/CLK
    SLICE_X44Y107        FDRE                                         r  u_pl/u_ang/angle_reg[4]/C
  -------------------------------------------------------------------    -------------------
    SLICE_X44Y107        FDRE (Prop_fdre_C_Q)         0.379     5.313 r  u_pl/u_ang/angle_reg[4]/Q
                         net (fo=204, routed)         1.098     6.411    u_pl/u_ang/angle_reg[8]_1[2]
    SLICE_X45Y94         LUT2 (Prop_lut2_I0_O)        0.105     6.516 r  u_pl/u_ang/g0_b0_i_904/O
                         net (fo=1, routed)           0.000     6.516    u_pl/u_ang/g0_b0_i_904_n_0
    SLICE_X45Y94         CARRY4 (Prop_carry4_S[3]_CO[3])
                                                      0.332     6.848 r  u_pl/u_ang/g0_b0_i_814/CO[3]
                         net (fo=1, routed)           0.000     6.848    u_pl/u_ang/g0_b0_i_814_n_0
    SLICE_X45Y95         CARRY4 (Prop_carry4_CI_CO[3])
                                                      0.098     6.946 r  u_pl/u_ang/g0_b0_i_557/CO[3]
                         net (fo=1, routed)           0.000     6.946    u_pl/u_ang/g0_b0_i_557_n_0
    SLICE_X45Y96         CARRY4 (Prop_carry4_CI_O[1])
                                                      0.265     7.211 r  u_pl/u_ang/g0_b0_i_263/O[1]
                         net (fo=17, routed)          0.566     7.777    u_pl/u_ang/g0_b0_i_263_n_6
    SLICE_X44Y96         LUT3 (Prop_lut3_I0_O)        0.269     8.046 r  u_pl/u_ang/g0_b0_i_560/O
                         net (fo=2, routed)           0.701     8.747    u_pl/u_ang/g0_b0_i_560_n_0
    SLICE_X44Y96         LUT5 (Prop_lut5_I0_O)        0.267     9.014 r  u_pl/u_ang/g0_b0_i_563/O
                         net (fo=1, routed)           0.000     9.014    u_pl/u_ang/g0_b0_i_563_n_0
    SLICE_X44Y96         CARRY4 (Prop_carry4_S[1]_CO[2])
                                                      0.475     9.489 r  u_pl/u_ang/g0_b0_i_264/CO[2]
                         net (fo=9, routed)           0.655    10.144    u_pl/u_ang/g0_b0_i_264_n_1
    SLICE_X47Y94         LUT4 (Prop_lut4_I3_O)        0.280    10.424 f  u_pl/u_ang/g0_b0_i_94/O
                         net (fo=43, routed)          0.828    11.252    u_pl/u_split_x/g0_b0_i_84
    SLICE_X51Y91         LUT3 (Prop_lut3_I2_O)        0.267    11.519 r  u_pl/u_split_x/g0_b0_i_243/O
                         net (fo=3, routed)           0.956    12.475    u_pl/u_pipe/g0_b0_i_31_3
    SLICE_X45Y91         LUT6 (Prop_lut6_I5_O)        0.105    12.580 r  u_pl/u_pipe/g0_b0_i_84/O
                         net (fo=3, routed)           0.529    13.108    u_pl/u_pipe/g0_b0_i_84_n_0
    SLICE_X47Y91         LUT6 (Prop_lut6_I1_O)        0.105    13.213 r  u_pl/u_pipe/g0_b0_i_157/O
                         net (fo=1, routed)           0.638    13.851    u_pl/u_pipe/g0_b0_i_157_n_0
    SLICE_X47Y83         LUT5 (Prop_lut5_I4_O)        0.105    13.956 r  u_pl/u_pipe/g0_b0_i_56/O
                         net (fo=2, routed)           0.362    14.318    u_pl/u_pipe/g0_b0_i_157_0
    SLICE_X51Y83         LUT6 (Prop_lut6_I0_O)        0.105    14.423 r  u_pl/u_pipe/g0_b0_i_25/O
                         net (fo=12, routed)          0.880    15.303    u_pl/u_osd/chars[6]
    SLICE_X50Y80         LUT6 (Prop_lut6_I4_O)        0.105    15.408 r  u_pl/u_osd/g0_b0_i_18/O
                         net (fo=1, routed)           0.328    15.736    u_pl/u_osd/g0_b0_i_18_n_0
    SLICE_X50Y80         LUT4 (Prop_lut4_I0_O)        0.105    15.841 r  u_pl/u_osd/g0_b0_i_5/O
                         net (fo=35, routed)          1.041    16.881    u_pl/u_pipe/r[7]_i_30_3
    SLICE_X56Y80         LUT6 (Prop_lut6_I1_O)        0.105    16.986 f  u_pl/u_pipe/r[7]_i_61/O
                         net (fo=1, routed)           0.829    17.816    u_pl/u_pipe/r[7]_i_61_n_0
    SLICE_X65Y80         LUT6 (Prop_lut6_I1_O)        0.105    17.921 f  u_pl/u_pipe/r[7]_i_39/O
                         net (fo=1, routed)           0.398    18.319    u_pl/u_pipe/r[7]_i_39_n_0
    SLICE_X67Y80         LUT6 (Prop_lut6_I3_O)        0.105    18.424 r  u_pl/u_pipe/r[7]_i_18/O
                         net (fo=1, routed)           0.000    18.424    u_pl/u_pipe/r[7]_i_18_n_0
    SLICE_X67Y80         MUXF7 (Prop_muxf7_I0_O)      0.178    18.602 r  u_pl/u_pipe/r_reg[7]_i_5/O
                         net (fo=19, routed)          1.106    19.708    u_pl/u_pipe/u_sobel/b_reg[2]_2
    SLICE_X93Y80         LUT6 (Prop_lut6_I4_O)        0.252    19.960 r  u_pl/u_pipe/u_sobel/r[4]_i_1/O
                         net (fo=1, routed)           0.000    19.960    u_pl/u_osd/r_reg[7]_0[2]
    SLICE_X93Y80         FDCE                                         r  u_pl/u_osd/r_reg[4]/D
  -------------------------------------------------------------------    -------------------

                         (clock clkout0_1 rise edge)
                                                     20.000    20.000 r  
    W17                                               0.000    20.000 r  sys_clk (IN)
                         net (fo=0)                   0.000    20.000    sys_clk
    W17                  IBUF (Prop_ibuf_I_O)         1.349    21.349 r  sys_clk_IBUF_inst/O
                         net (fo=1, routed)           1.701    23.050    sys_clk_IBUF
    BUFGCTRL_X0Y4        BUFG (Prop_bufg_I_O)         0.077    23.127 r  sys_clk_IBUF_BUFG_inst/O
                         net (fo=186, routed)         1.384    24.511    u_pl/u_clk/CLK
    MMCME2_ADV_X1Y0      MMCME2_ADV (Prop_mmcme2_adv_CLKIN1_CLKOUT0)
                                                     -2.915    21.596 r  u_pl/u_clk/u_mmcm/CLKOUT0
                         net (fo=1, routed)           1.454    23.050    u_pl/u_clk/clkout0
    BUFGCTRL_X0Y0        BUFG (Prop_bufg_I_O)         0.077    23.127 r  u_pl/u_clk/u_bufg_pix/O
                         net (fo=4926, routed)        1.338    24.465    u_pl/u_osd/clk_pix
    SLICE_X93Y80         FDCE                                         r  u_pl/u_osd/r_reg[4]/C
                         clock pessimism              0.246    24.711    
                         clock uncertainty           -0.259    24.452    
    SLICE_X93Y80         FDCE (Setup_fdce_C_D)        0.032    24.484    u_pl/u_osd/r_reg[4]
  -------------------------------------------------------------------
                         required time                         24.484    
                         arrival time                         -19.960    
  -------------------------------------------------------------------
                         slack                                  4.524    





Min Delay Paths
--------------------------------------------------------------------------------------
Slack (MET) :             0.324ns  (arrival time - required time)
  Source:                 u_pl/u_k1l/tog_reg/C
                            (rising edge-triggered cell FDRE clocked by sys_clk  {rise@0.000ns fall@10.000ns period=20.000ns})
  Destination:            u_pl/u_mode/lsync_reg[0]/D
                            (rising edge-triggered cell FDCE clocked by clkout0_1  {rise@0.000ns fall@10.000ns period=20.000ns})
  Path Group:             clkout0_1
  Path Type:              Hold (Min at Fast Process Corner)
  Requirement:            0.000ns  (clkout0_1 rise@0.000ns - sys_clk rise@0.000ns)
  Data Path Delay:        0.863ns  (logic 0.148ns (17.147%)  route 0.715ns (82.853%))
  Logic Levels:           0  
  Clock Path Skew:        0.274ns (DCD - SCD - CPR)
    Destination Clock Delay (DCD):    2.109ns
    Source Clock Delay      (SCD):    1.587ns
    Clock Pessimism Removal (CPR):    0.248ns
  Clock Uncertainty:      0.259ns  ((TSJ^2 + DJ^2)^1/2) / 2 + PE
    Total System Jitter     (TSJ):    0.071ns
    Discrete Jitter          (DJ):    0.175ns
    Phase Error              (PE):    0.165ns

    Location             Delay type                Incr(ns)  Path(ns)    Netlist Resource(s)
  -------------------------------------------------------------------    -------------------
                         (clock sys_clk rise edge)    0.000     0.000 r  
    W17                                               0.000     0.000 r  sys_clk (IN)
                         net (fo=0)                   0.000     0.000    sys_clk
    W17                  IBUF (Prop_ibuf_I_O)         0.252     0.252 r  sys_clk_IBUF_inst/O
                         net (fo=1, routed)           0.674     0.926    sys_clk_IBUF
    BUFGCTRL_X0Y4        BUFG (Prop_bufg_I_O)         0.026     0.952 r  sys_clk_IBUF_BUFG_inst/O
                         net (fo=186, routed)         0.635     1.587    u_pl/u_k1l/CLK
    SLICE_X50Y109        FDRE                                         r  u_pl/u_k1l/tog_reg/C
  -------------------------------------------------------------------    -------------------
    SLICE_X50Y109        FDRE (Prop_fdre_C_Q)         0.148     1.735 r  u_pl/u_k1l/tog_reg/Q
                         net (fo=3, routed)           0.715     2.450    u_pl/u_mode/D[0]
    SLICE_X53Y102        FDCE                                         r  u_pl/u_mode/lsync_reg[0]/D
  -------------------------------------------------------------------    -------------------

                         (clock clkout0_1 rise edge)
                                                      0.000     0.000 r  
    W17                                               0.000     0.000 r  sys_clk (IN)
                         net (fo=0)                   0.000     0.000    sys_clk
    W17                  IBUF (Prop_ibuf_I_O)         0.440     0.440 r  sys_clk_IBUF_inst/O
                         net (fo=1, routed)           0.731     1.171    sys_clk_IBUF
    BUFGCTRL_X0Y4        BUFG (Prop_bufg_I_O)         0.029     1.200 r  sys_clk_IBUF_BUFG_inst/O
                         net (fo=186, routed)         0.862     2.062    u_pl/u_clk/CLK
    MMCME2_ADV_X1Y0      MMCME2_ADV (Prop_mmcme2_adv_CLKIN1_CLKOUT0)
                                                     -1.467     0.595 r  u_pl/u_clk/u_mmcm/CLKOUT0
                         net (fo=1, routed)           0.576     1.171    u_pl/u_clk/clkout0
    BUFGCTRL_X0Y0        BUFG (Prop_bufg_I_O)         0.029     1.200 r  u_pl/u_clk/u_bufg_pix/O
                         net (fo=4926, routed)        0.909     2.109    u_pl/u_mode/clk_pix
    SLICE_X53Y102        FDCE                                         r  u_pl/u_mode/lsync_reg[0]/C
                         clock pessimism             -0.248     1.861    
                         clock uncertainty            0.259     2.120    
    SLICE_X53Y102        FDCE (Hold_fdce_C_D)         0.006     2.126    u_pl/u_mode/lsync_reg[0]
  -------------------------------------------------------------------
                         required time                         -2.126    
                         arrival time                           2.450    
  -------------------------------------------------------------------
                         slack                                  0.324    





