Copyright 1986-2022 Xilinx, Inc. All Rights Reserved. Copyright 2022-2026 Advanced Micro Devices, Inc. All Rights Reserved.
---------------------------------------------------------------------------------------------------------------------------------------------
| Tool Version : Vivado v.2025.2.1 (win64) Build 6403652 Thu Mar 19 19:48:24 GMT 2026
| Date         : Fri Sep 25 00:38:28 2026
| Host         : Uie-laptop running 64-bit major release  (build 9200)
| Command      : report_timing_summary -file D:/Xilinx/Prj/pro/Video_Processing/build/timing_summary.rpt
| Design       : system_top
| Device       : 7z020-clg484
| Speed File   : -2  PRODUCTION 1.12 2019-11-22
| Design State : Routed
---------------------------------------------------------------------------------------------------------------------------------------------

Timing Summary Report

------------------------------------------------------------------------------------------------
| Timer Settings
| --------------
------------------------------------------------------------------------------------------------

  Enable Multi Corner Analysis               :  Yes
  Enable Pessimism Removal                   :  Yes
  Pessimism Removal Resolution               :  Nearest Common Node
  Enable Input Delay Default Clock           :  No
  Enable Preset / Clear Arcs                 :  No
  Disable Flight Delays                      :  No
  Ignore I/O Paths                           :  No
  Timing Early Launch at Borrowing Latches   :  No
  Borrow Time for Max Delay Exceptions       :  Yes
  Merge Timing Exceptions                    :  Yes
  Inter-SLR Compensation                     :  Conservative

  Corner  Analyze    Analyze    
  Name    Max Paths  Min Paths  
  ------  ---------  ---------  
  Slow    Yes        Yes        
  Fast    Yes        Yes        


------------------------------------------------------------------------------------------------
| Report Methodology
| ------------------
------------------------------------------------------------------------------------------------

Rule       Severity  Description                                                Violations  
---------  --------  ---------------------------------------------------------  ----------  
DPIR-1     Warning   Asynchronous driver check                                  36          
LUTAR-1    Warning   LUT drives async reset alert                               1           
SYNTH-5    Warning   Mapped onto distributed RAM because of timing constraints  80          
SYNTH-6    Warning   Timing of a RAM block might be sub-optimal                 95          
TIMING-9   Warning   Unknown CDC Logic                                          1           
TIMING-10  Warning   Missing property on synchronizer                           1           
TIMING-18  Warning   Missing input or output delay                              7           

Note: This report is based on the most recent report_methodology run and may not be up-to-date. Run report_methodology on the current design for the latest report.



check_timing report

Table of Contents
-----------------
1. checking no_clock (0)
2. checking constant_clock (0)
3. checking pulse_width_clock (0)
4. checking unconstrained_internal_endpoints (0)
5. checking no_input_delay (7)
6. checking no_output_delay (12)
7. checking multiple_clock (0)
8. checking generated_clocks (0)
9. checking loops (0)
10. checking partial_input_delay (0)
11. checking partial_output_delay (0)
12. checking latch_loops (0)

1. checking no_clock (0)
------------------------
 There are 0 register/latch pins with no clock.


2. checking constant_clock (0)
------------------------------
 There are 0 register/latch pins with constant_clock.


3. checking pulse_width_clock (0)
---------------------------------
 There are 0 register/latch pins which need pulse_width check


4. checking unconstrained_internal_endpoints (0)
------------------------------------------------
 There are 0 pins that are not constrained for maximum delay.

 There are 0 pins that are not constrained for maximum delay due to constant clock.


5. checking no_input_delay (7)
------------------------------
 There are 5 input ports with no input delay specified. (HIGH)

 There are 2 input ports with no input delay but user has a false path constraint. (MEDIUM)


6. checking no_output_delay (12)
--------------------------------
 There are 6 ports with no output delay specified. (HIGH)

 There are 6 ports with no output delay but user has a false path constraint (MEDIUM)

 There are 0 ports with no output delay but with a timing clock defined on it or propagating through it


7. checking multiple_clock (0)
------------------------------
 There are 0 register/latch pins with multiple clocks.


8. checking generated_clocks (0)
--------------------------------
 There are 0 generated clocks that are not connected to a clock source.


9. checking loops (0)
---------------------
 There are 0 combinational loops in the design.


10. checking partial_input_delay (0)
------------------------------------
 There are 0 input ports with partial input delay specified.


11. checking partial_output_delay (0)
-------------------------------------
 There are 0 ports with partial output delay specified.


12. checking latch_loops (0)
----------------------------
 There are 0 combinational latch loops in the design through latch input



------------------------------------------------------------------------------------------------
| Design Timing Summary
| ---------------------
------------------------------------------------------------------------------------------------

    WNS(ns)      TNS(ns)  TNS Failing Endpoints  TNS Total Endpoints      WHS(ns)      THS(ns)  THS Failing Endpoints  THS Total Endpoints     WPWS(ns)     TPWS(ns)  TPWS Failing Endpoints  TPWS Total Endpoints  
    -------      -------  ---------------------  -------------------      -------      -------  ---------------------  -------------------     --------     --------  ----------------------  --------------------  
      1.133        0.000                      0                29184        0.013        0.000                      0                29184        0.264        0.000                       0                 10090  


All user specified timing constraints are met.


------------------------------------------------------------------------------------------------
| Clock Summary
| -------------
------------------------------------------------------------------------------------------------

Clock         Waveform(ns)         Period(ns)      Frequency(MHz)
-----         ------------         ----------      --------------
clk_fpga_0    {0.000 5.000}        10.000          100.000         
eth_rxc       {0.000 4.000}        8.000           125.000         
sys_clk       {0.000 10.000}       20.000          50.000          
  clkfbout    {0.000 10.000}       20.000          50.000          
  clkfbout_1  {0.000 10.000}       20.000          50.000          
  clkout0_1   {0.000 10.000}       20.000          50.000          
  clkout1_1   {0.000 2.000}        4.000           250.000         
  clkout2     {0.000 2.500}        5.000           200.000         


------------------------------------------------------------------------------------------------
| Intra Clock Table
| -----------------
------------------------------------------------------------------------------------------------

Clock             WNS(ns)      TNS(ns)  TNS Failing Endpoints  TNS Total Endpoints      WHS(ns)      THS(ns)  THS Failing Endpoints  THS Total Endpoints     WPWS(ns)     TPWS(ns)  TPWS Failing Endpoints  TPWS Total Endpoints  
-----             -------      -------  ---------------------  -------------------      -------      -------  ---------------------  -------------------     --------     --------  ----------------------  --------------------  
clk_fpga_0          1.715        0.000                      0                15342        0.061        0.000                      0                15342        3.870        0.000                       0                  4157  
eth_rxc             1.133        0.000                      0                 4814        0.076        0.000                      0                 4814        3.500        0.000                       0                  2526  
sys_clk            14.554        0.000                      0                  251        0.130        0.000                      0                  251        7.000        0.000                       0                   183  
  clkfbout                                                                                                                                                     18.408        0.000                       0                     3  
  clkfbout_1                                                                                                                                                   18.408        0.000                       0                     3  
  clkout0_1         1.578        0.000                      0                 8738        0.013        0.000                      0                 8738        8.870        0.000                       0                  3205  
  clkout1_1                                                                                                                                                     2.408        0.000                       0                    10  
  clkout2                                                                                                                                                       0.264        0.000                       0                     3  


------------------------------------------------------------------------------------------------
| Inter Clock Table
| -----------------
------------------------------------------------------------------------------------------------

From Clock    To Clock          WNS(ns)      TNS(ns)  TNS Failing Endpoints  TNS Total Endpoints      WHS(ns)      THS(ns)  THS Failing Endpoints  THS Total Endpoints  
----------    --------          -------      -------  ---------------------  -------------------      -------      -------  ---------------------  -------------------  
clkout0_1     sys_clk            17.058        0.000                      0                    1        0.381        0.000                      0                    1  
sys_clk       clkout0_1           7.222        0.000                      0                  153        0.211        0.000                      0                  153  


------------------------------------------------------------------------------------------------
| Other Path Groups Table
| -----------------------
------------------------------------------------------------------------------------------------

Path Group    From Clock    To Clock          WNS(ns)      TNS(ns)  TNS Failing Endpoints  TNS Total Endpoints      WHS(ns)      THS(ns)  THS Failing Endpoints  THS Total Endpoints  
----------    ----------    --------          -------      -------  ---------------------  -------------------      -------      -------  ---------------------  -------------------  


------------------------------------------------------------------------------------------------
| Timing Details
| --------------
------------------------------------------------------------------------------------------------


---------------------------------------------------------------------------------------------------
From Clock:  clk_fpga_0
  To Clock:  clk_fpga_0

Setup :            0  Failing Endpoints,  Worst Slack        1.715ns,  Total Violation        0.000ns
Hold  :            0  Failing Endpoints,  Worst Slack        0.061ns,  Total Violation        0.000ns
PW    :            0  Failing Endpoints,  Worst Slack        3.870ns,  Total Violation        0.000ns
---------------------------------------------------------------------------------------------------


Max Delay Paths
--------------------------------------------------------------------------------------
Slack (MET) :             1.715ns  (required time - arrival time)
  Source:                 u_pl/u_arb/owner_eth_reg_rep/C
                            (rising edge-triggered cell FDCE clocked by clk_fpga_0  {rise@0.000ns fall@5.000ns period=10.000ns})
  Destination:            u_pl/u_fb/lo_reg_0_39/ADDRARDADDR[0]
                            (rising edge-triggered cell RAMB36E1 clocked by clk_fpga_0  {rise@0.000ns fall@5.000ns period=10.000ns})
  Path Group:             clk_fpga_0
  Path Type:              Setup (Max at Slow Process Corner)
  Requirement:            10.000ns  (clk_fpga_0 rise@10.000ns - clk_fpga_0 rise@0.000ns)
  Data Path Delay:        7.409ns  (logic 0.541ns (7.302%)  route 6.868ns (92.698%))
  Logic Levels:           1  (LUT3=1)
  Clock Path Skew:        -0.071ns (DCD - SCD + CPR)
    Destination Clock Delay (DCD):    2.341ns = ( 12.341 - 10.000 ) 
    Source Clock Delay      (SCD):    2.508ns
    Clock Pessimism Removal (CPR):    0.097ns
  Clock Uncertainty:      0.154ns  ((TSJ^2 + TIJ^2)^1/2 + DJ) / 2 + PE
    Total System Jitter     (TSJ):    0.071ns
    Total Input Jitter      (TIJ):    0.300ns
    Discrete Jitter          (DJ):    0.000ns
    Phase Error              (PE):    0.000ns

    Location             Delay type                Incr(ns)  Path(ns)    Netlist Resource(s)
  -------------------------------------------------------------------    -------------------
                         (clock clk_fpga_0 rise edge)
                                                      0.000     0.000 r  
    PS7_X0Y0             PS7                          0.000     0.000 r  u_bd/design_1_i/processing_system7_0/inst/PS7_i/FCLKCLK[0]
                         net (fo=1, routed)           0.994     0.994    u_bd/design_1_i/processing_system7_0/inst/FCLK_CLK_unbuffered[0]
    BUFGCTRL_X0Y16       BUFG (Prop_bufg_I_O)         0.085     1.079 r  u_bd/design_1_i/processing_system7_0/inst/buffer_fclk_clk_0.FCLK_CLK_0_BUFG/O
                         net (fo=4158, routed)        1.429     2.508    u_pl/u_arb/FCLK_CLK0
    SLICE_X30Y58         FDCE                                         r  u_pl/u_arb/owner_eth_reg_rep/C
  -------------------------------------------------------------------    -------------------
    SLICE_X30Y58         FDCE (Prop_fdce_C_Q)         0.433     2.941 r  u_pl/u_arb/owner_eth_reg_rep/Q
                         net (fo=198, routed)         1.906     4.847    u_pl/u_row/lo_reg_0_63
    SLICE_X51Y50         LUT3 (Prop_lut3_I2_O)        0.108     4.955 r  u_pl/u_row/lo_reg_0_4_i_11/O
                         net (fo=20, routed)          4.962     9.917    u_pl/u_fb/lo_reg_0_0_0[0]
    RAMB36_X0Y3          RAMB36E1                                     r  u_pl/u_fb/lo_reg_0_39/ADDRARDADDR[0]
  -------------------------------------------------------------------    -------------------

                         (clock clk_fpga_0 rise edge)
                                                     10.000    10.000 r  
    PS7_X0Y0             PS7                          0.000    10.000 r  u_bd/design_1_i/processing_system7_0/inst/PS7_i/FCLKCLK[0]
                         net (fo=1, routed)           0.905    10.906    u_bd/design_1_i/processing_system7_0/inst/FCLK_CLK_unbuffered[0]
    BUFGCTRL_X0Y16       BUFG (Prop_bufg_I_O)         0.077    10.983 r  u_bd/design_1_i/processing_system7_0/inst/buffer_fclk_clk_0.FCLK_CLK_0_BUFG/O
                         net (fo=4158, routed)        1.358    12.341    u_pl/u_fb/FCLK_CLK0
    RAMB36_X0Y3          RAMB36E1                                     r  u_pl/u_fb/lo_reg_0_39/CLKARDCLK
                         clock pessimism              0.097    12.437    
                         clock uncertainty           -0.154    12.283    
    RAMB36_X0Y3          RAMB36E1 (Setup_ramb36e1_CLKARDCLK_ADDRARDADDR[0])
                                                     -0.652    11.631    u_pl/u_fb/lo_reg_0_39
  -------------------------------------------------------------------
                         required time                         11.631    
                         arrival time                          -9.917    
  -------------------------------------------------------------------
                         slack                                  1.715    





Min Delay Paths
--------------------------------------------------------------------------------------
Slack (MET) :             0.061ns  (arrival time - required time)
  Source:                 u_bd/design_1_i/axi_gpio_2/U0/gpio_core_1/Dual.gpio_Data_Out_reg[18]/C
                            (rising edge-triggered cell FDRE clocked by clk_fpga_0  {rise@0.000ns fall@5.000ns period=10.000ns})
  Destination:            u_bd/design_1_i/axi_gpio_2/U0/gpio_core_1/Dual.ALLOUT0_ND_G1.READ_REG_GEN[18].reg1_reg[18]/D
                            (rising edge-triggered cell FDRE clocked by clk_fpga_0  {rise@0.000ns fall@5.000ns period=10.000ns})
  Path Group:             clk_fpga_0
  Path Type:              Hold (Min at Fast Process Corner)
  Requirement:            0.000ns  (clk_fpga_0 rise@0.000ns - clk_fpga_0 rise@0.000ns)
  Data Path Delay:        0.312ns  (logic 0.141ns (45.231%)  route 0.171ns (54.769%))
  Logic Levels:           0  
  Clock Path Skew:        0.181ns (DCD - SCD - CPR)
    Destination Clock Delay (DCD):    1.191ns
    Source Clock Delay      (SCD):    0.975ns
    Clock Pessimism Removal (CPR):    0.035ns

    Location             Delay type                Incr(ns)  Path(ns)    Netlist Resource(s)
  -------------------------------------------------------------------    -------------------
                         (clock clk_fpga_0 rise edge)
                                                      0.000     0.000 r  
    PS7_X0Y0             PS7                          0.000     0.000 r  u_bd/design_1_i/processing_system7_0/inst/PS7_i/FCLKCLK[0]
                         net (fo=1, routed)           0.310     0.310    u_bd/design_1_i/processing_system7_0/inst/FCLK_CLK_unbuffered[0]
    BUFGCTRL_X0Y16       BUFG (Prop_bufg_I_O)         0.026     0.336 r  u_bd/design_1_i/processing_system7_0/inst/buffer_fclk_clk_0.FCLK_CLK_0_BUFG/O
                         net (fo=4158, routed)        0.639     0.975    u_bd/design_1_i/axi_gpio_2/U0/gpio_core_1/s_axi_aclk
    SLICE_X47Y100        FDRE                                         r  u_bd/design_1_i/axi_gpio_2/U0/gpio_core_1/Dual.gpio_Data_Out_reg[18]/C
  -------------------------------------------------------------------    -------------------
    SLICE_X47Y100        FDRE (Prop_fdre_C_Q)         0.141     1.116 r  u_bd/design_1_i/axi_gpio_2/U0/gpio_core_1/Dual.gpio_Data_Out_reg[18]/Q
                         net (fo=1, routed)           0.171     1.287    u_bd/design_1_i/axi_gpio_2/U0/gpio_core_1/gpio_io_o[13]
    SLICE_X47Y99         FDRE                                         r  u_bd/design_1_i/axi_gpio_2/U0/gpio_core_1/Dual.ALLOUT0_ND_G1.READ_REG_GEN[18].reg1_reg[18]/D
  -------------------------------------------------------------------    -------------------

                         (clock clk_fpga_0 rise edge)
                                                      0.000     0.000 r  
    PS7_X0Y0             PS7                          0.000     0.000 r  u_bd/design_1_i/processing_system7_0/inst/PS7_i/FCLKCLK[0]
                         net (fo=1, routed)           0.337     0.337    u_bd/design_1_i/processing_system7_0/inst/FCLK_CLK_unbuffered[0]
    BUFGCTRL_X0Y16       BUFG (Prop_bufg_I_O)         0.029     0.366 r  u_bd/design_1_i/processing_system7_0/inst/buffer_fclk_clk_0.FCLK_CLK_0_BUFG/O
                         net (fo=4158, routed)        0.825     1.191    u_bd/design_1_i/axi_gpio_2/U0/gpio_core_1/s_axi_aclk
    SLICE_X47Y99         FDRE                                         r  u_bd/design_1_i/axi_gpio_2/U0/gpio_core_1/Dual.ALLOUT0_ND_G1.READ_REG_GEN[18].reg1_reg[18]/C
                         clock pessimism             -0.035     1.156    
    SLICE_X47Y99         FDRE (Hold_fdre_C_D)         0.070     1.226    u_bd/design_1_i/axi_gpio_2/U0/gpio_core_1/Dual.ALLOUT0_ND_G1.READ_REG_GEN[18].reg1_reg[18]
  -------------------------------------------------------------------
                         required time                         -1.226    
                         arrival time                           1.287    
  -------------------------------------------------------------------
                         slack                                  0.061    





Pulse Width Checks
--------------------------------------------------------------------------------------
Clock Name:         clk_fpga_0
Waveform(ns):       { 0.000 5.000 }
Period(ns):         10.000
Sources:            { u_bd/design_1_i/processing_system7_0/inst/PS7_i/FCLKCLK[0] }

Check Type        Corner  Lib Pin             Reference Pin  Required(ns)  Actual(ns)  Slack(ns)  Location      Pin
Min Period        n/a     RAMB36E1/CLKBWRCLK  n/a            2.170         10.000      7.830      RAMB36_X2Y10  u_eth/u_cdc/mem_reg_0/CLKBWRCLK
Low Pulse Width   Slow    RAMD64E/CLK         n/a            1.130         5.000       3.870      SLICE_X26Y52  u_eth/u_saver/q_addr_reg_0_63_12_14/RAMA/CLK
High Pulse Width  Slow    RAMD64E/CLK         n/a            1.130         5.000       3.870      SLICE_X26Y52  u_eth/u_saver/q_addr_reg_0_63_12_14/RAMA/CLK



---------------------------------------------------------------------------------------------------
From Clock:  eth_rxc
  To Clock:  eth_rxc

Setup :            0  Failing Endpoints,  Worst Slack        1.133ns,  Total Violation        0.000ns
Hold  :            0  Failing Endpoints,  Worst Slack        0.076ns,  Total Violation        0.000ns
PW    :            0  Failing Endpoints,  Worst Slack        3.500ns,  Total Violation        0.000ns
---------------------------------------------------------------------------------------------------


Max Delay Paths
--------------------------------------------------------------------------------------
Slack (MET) :             1.133ns  (required time - arrival time)
  Source:                 u_eth/u_lm/ms32_reg[0]/C
                            (rising edge-triggered cell FDCE clocked by eth_rxc  {rise@0.000ns fall@4.000ns period=8.000ns})
  Destination:            u_eth/u_lm/gap_max_reg[2]/CE
                            (rising edge-triggered cell FDCE clocked by eth_rxc  {rise@0.000ns fall@4.000ns period=8.000ns})
  Path Group:             eth_rxc
  Path Type:              Setup (Max at Slow Process Corner)
  Requirement:            8.000ns  (eth_rxc rise@8.000ns - eth_rxc rise@0.000ns)
  Data Path Delay:        6.445ns  (logic 2.716ns (42.139%)  route 3.729ns (57.861%))
  Logic Levels:           14  (CARRY4=9 LUT2=1 LUT4=2 LUT5=2)
  Clock Path Skew:        -0.055ns (DCD - SCD + CPR)
    Destination Clock Delay (DCD):    4.367ns = ( 12.367 - 8.000 ) 
    Source Clock Delay      (SCD):    4.764ns
    Clock Pessimism Removal (CPR):    0.342ns
  Clock Uncertainty:      0.035ns  ((TSJ^2 + TIJ^2)^1/2 + DJ) / 2 + PE
    Total System Jitter     (TSJ):    0.071ns
    Total Input Jitter      (TIJ):    0.000ns
    Discrete Jitter          (DJ):    0.000ns
    Phase Error              (PE):    0.000ns

    Location             Delay type                Incr(ns)  Path(ns)    Netlist Resource(s)
  -------------------------------------------------------------------    -------------------
                         (clock eth_rxc rise edge)    0.000     0.000 r  
    Y19                                               0.000     0.000 r  eth_rxc (IN)
                         net (fo=0)                   0.000     0.000    eth_rxc
    Y19                  IBUF (Prop_ibuf_I_O)         1.430     1.430 r  eth_rxc_IBUF_inst/O
                         net (fo=2, routed)           1.873     3.303    u_eth/u_rgmii/u_rgmii_rx/rgmii_rxc
    BUFGCTRL_X0Y1        BUFG (Prop_bufg_I_O)         0.085     3.388 r  u_eth/u_rgmii/u_rgmii_rx/BUFG_inst/O
                         net (fo=2520, routed)        1.376     4.764    u_eth/u_lm/gmii_rx_clk
    SLICE_X47Y77         FDCE                                         r  u_eth/u_lm/ms32_reg[0]/C
  -------------------------------------------------------------------    -------------------
    SLICE_X47Y77         FDCE (Prop_fdce_C_Q)         0.379     5.143 r  u_eth/u_lm/ms32_reg[0]/Q
                         net (fo=4, routed)           0.646     5.789    u_eth/u_lm/ms32_reg[0]
    SLICE_X46Y77         LUT2 (Prop_lut2_I0_O)        0.105     5.894 r  u_eth/u_lm/gap_min[3]_i_6/O
                         net (fo=1, routed)           0.000     5.894    u_eth/u_lm/gap_min[3]_i_6_n_0
    SLICE_X46Y77         CARRY4 (Prop_carry4_S[0]_CO[3])
                                                      0.423     6.317 r  u_eth/u_lm/gap_min_reg[3]_i_2/CO[3]
                         net (fo=1, routed)           0.000     6.317    u_eth/u_lm/gap_min_reg[3]_i_2_n_0
    SLICE_X46Y78         CARRY4 (Prop_carry4_CI_CO[3])
                                                      0.100     6.417 r  u_eth/u_lm/gap_min_reg[7]_i_2/CO[3]
                         net (fo=1, routed)           0.000     6.417    u_eth/u_lm/gap_min_reg[7]_i_2_n_0
    SLICE_X46Y79         CARRY4 (Prop_carry4_CI_CO[3])
                                                      0.100     6.517 r  u_eth/u_lm/gap_min_reg[11]_i_2/CO[3]
                         net (fo=1, routed)           0.000     6.517    u_eth/u_lm/gap_min_reg[11]_i_2_n_0
    SLICE_X46Y80         CARRY4 (Prop_carry4_CI_CO[3])
                                                      0.100     6.617 r  u_eth/u_lm/gap_min_reg[15]_i_5/CO[3]
                         net (fo=1, routed)           0.000     6.617    u_eth/u_lm/gap_min_reg[15]_i_5_n_0
    SLICE_X46Y81         CARRY4 (Prop_carry4_CI_CO[3])
                                                      0.100     6.717 r  u_eth/u_lm/gap_min_reg[15]_i_33/CO[3]
                         net (fo=1, routed)           0.000     6.717    u_eth/u_lm/gap_min_reg[15]_i_33_n_0
    SLICE_X46Y82         CARRY4 (Prop_carry4_CI_CO[3])
                                                      0.100     6.817 r  u_eth/u_lm/gap_min_reg[15]_i_31/CO[3]
                         net (fo=1, routed)           0.000     6.817    u_eth/u_lm/gap_min_reg[15]_i_31_n_0
    SLICE_X46Y83         CARRY4 (Prop_carry4_CI_O[0])
                                                      0.178     6.995 r  u_eth/u_lm/gap_min_reg[15]_i_32/O[0]
                         net (fo=1, routed)           0.652     7.647    u_eth/u_lm/gap_min_reg[15]_i_32_n_7
    SLICE_X45Y83         LUT4 (Prop_lut4_I0_O)        0.238     7.885 r  u_eth/u_lm/gap_min[15]_i_18/O
                         net (fo=1, routed)           0.441     8.326    u_eth/u_lm/gap_min[15]_i_18_n_0
    SLICE_X48Y83         LUT4 (Prop_lut4_I3_O)        0.105     8.431 r  u_eth/u_lm/gap_min[15]_i_4/O
                         net (fo=96, routed)          0.742     9.173    u_eth/u_lm/gap_min[15]_i_4_n_0
    SLICE_X43Y78         LUT5 (Prop_lut5_I1_O)        0.105     9.278 r  u_eth/u_lm/gap_max[15]_i_19/O
                         net (fo=1, routed)           0.000     9.278    u_eth/u_lm/gap_max[15]_i_19_n_0
    SLICE_X43Y78         CARRY4 (Prop_carry4_S[1]_CO[3])
                                                      0.457     9.735 r  u_eth/u_lm/gap_max_reg[15]_i_4/CO[3]
                         net (fo=1, routed)           0.000     9.735    u_eth/u_lm/gap_max_reg[15]_i_4_n_0
    SLICE_X43Y79         CARRY4 (Prop_carry4_CI_CO[3])
                                                      0.098     9.833 r  u_eth/u_lm/gap_max_reg[15]_i_3/CO[3]
                         net (fo=17, routed)          0.808    10.642    u_eth/u_lm/gap_max_reg[15]_i_3_n_0
    SLICE_X44Y79         LUT5 (Prop_lut5_I2_O)        0.128    10.770 r  u_eth/u_lm/gap_max[15]_i_1/O
                         net (fo=16, routed)          0.439    11.209    u_eth/u_lm/gap_max[15]_i_1_n_0
    SLICE_X43Y77         FDCE                                         r  u_eth/u_lm/gap_max_reg[2]/CE
  -------------------------------------------------------------------    -------------------

                         (clock eth_rxc rise edge)    8.000     8.000 r  
    Y19                                               0.000     8.000 r  eth_rxc (IN)
                         net (fo=0)                   0.000     8.000    eth_rxc
    Y19                  IBUF (Prop_ibuf_I_O)         1.364     9.364 r  eth_rxc_IBUF_inst/O
                         net (fo=2, routed)           1.701    11.065    u_eth/u_rgmii/u_rgmii_rx/rgmii_rxc
    BUFGCTRL_X0Y1        BUFG (Prop_bufg_I_O)         0.077    11.142 r  u_eth/u_rgmii/u_rgmii_rx/BUFG_inst/O
                         net (fo=2520, routed)        1.225    12.367    u_eth/u_lm/gmii_rx_clk
    SLICE_X43Y77         FDCE                                         r  u_eth/u_lm/gap_max_reg[2]/C
                         clock pessimism              0.342    12.709    
                         clock uncertainty           -0.035    12.673    
    SLICE_X43Y77         FDCE (Setup_fdce_C_CE)      -0.331    12.342    u_eth/u_lm/gap_max_reg[2]
  -------------------------------------------------------------------
                         required time                         12.342    
                         arrival time                         -11.209    
  -------------------------------------------------------------------
                         slack                                  1.133    





Min Delay Paths
--------------------------------------------------------------------------------------
Slack (MET) :             0.076ns  (arrival time - required time)
  Source:                 u_eth/u_rgmii/u_rgmii_rx/rxdata_bus[1].u_iddr_rxd/C
                            (rising edge-triggered cell IDDR clocked by eth_rxc  {rise@0.000ns fall@4.000ns period=8.000ns})
  Destination:            u_eth/u_arp/u_arp_rx/src_mac_t_reg[1]/D
                            (rising edge-triggered cell FDCE clocked by eth_rxc  {rise@0.000ns fall@4.000ns period=8.000ns})
  Path Group:             eth_rxc
  Path Type:              Hold (Min at Slow Process Corner)
  Requirement:            0.000ns  (eth_rxc rise@0.000ns - eth_rxc rise@0.000ns)
  Data Path Delay:        2.075ns  (logic 0.516ns (24.865%)  route 1.559ns (75.135%))
  Logic Levels:           1  (LUT5=1)
  Clock Path Skew:        1.724ns (DCD - SCD - CPR)
    Destination Clock Delay (DCD):    4.964ns
    Source Clock Delay      (SCD):    3.173ns
    Clock Pessimism Removal (CPR):    0.066ns

    Location             Delay type                Incr(ns)  Path(ns)    Netlist Resource(s)
  -------------------------------------------------------------------    -------------------
                         (clock eth_rxc rise edge)    0.000     0.000 r  
    Y19                                               0.000     0.000 r  eth_rxc (IN)
                         net (fo=0)                   0.000     0.000    eth_rxc
    Y19                  IBUF (Prop_ibuf_I_O)         1.364     1.364 r  eth_rxc_IBUF_inst/O
                         net (fo=2, routed)           0.341     1.705    u_eth/u_rgmii/u_rgmii_rx/rgmii_rxc
    BUFIO_X1Y3           BUFIO (Prop_bufio_I_O)       1.223     2.928 r  u_eth/u_rgmii/u_rgmii_rx/BUFIO_inst/O
                         net (fo=5, routed)           0.246     3.173    u_eth/u_rgmii/u_rgmii_rx/rgmii_rxc_bufio
    ILOGIC_X1Y41         IDDR                                         r  u_eth/u_rgmii/u_rgmii_rx/rxdata_bus[1].u_iddr_rxd/C
  -------------------------------------------------------------------    -------------------
    ILOGIC_X1Y41         IDDR (Prop_iddr_C_Q1)        0.389     3.562 r  u_eth/u_rgmii/u_rgmii_rx/rxdata_bus[1].u_iddr_rxd/Q1
                         net (fo=43, routed)          1.559     5.122    u_eth/u_arp/u_arp_rx/gmii_rxd[1]
    SLICE_X108Y29        LUT5 (Prop_lut5_I0_O)        0.127     5.249 r  u_eth/u_arp/u_arp_rx/src_mac_t[1]_i_1/O
                         net (fo=1, routed)           0.000     5.249    u_eth/u_arp/u_arp_rx/src_mac_t[1]_i_1_n_0
    SLICE_X108Y29        FDCE                                         r  u_eth/u_arp/u_arp_rx/src_mac_t_reg[1]/D
  -------------------------------------------------------------------    -------------------

                         (clock eth_rxc rise edge)    0.000     0.000 r  
    Y19                                               0.000     0.000 r  eth_rxc (IN)
                         net (fo=0)                   0.000     0.000    eth_rxc
    Y19                  IBUF (Prop_ibuf_I_O)         1.430     1.430 r  eth_rxc_IBUF_inst/O
                         net (fo=2, routed)           1.873     3.303    u_eth/u_rgmii/u_rgmii_rx/rgmii_rxc
    BUFGCTRL_X0Y1        BUFG (Prop_bufg_I_O)         0.085     3.388 r  u_eth/u_rgmii/u_rgmii_rx/BUFG_inst/O
                         net (fo=2520, routed)        1.576     4.964    u_eth/u_arp/u_arp_rx/gmii_rx_clk
    SLICE_X108Y29        FDCE                                         r  u_eth/u_arp/u_arp_rx/src_mac_t_reg[1]/C
                         clock pessimism             -0.066     4.898    
    SLICE_X108Y29        FDCE (Hold_fdce_C_D)         0.275     5.173    u_eth/u_arp/u_arp_rx/src_mac_t_reg[1]
  -------------------------------------------------------------------
                         required time                         -5.173    
                         arrival time                           5.249    
  -------------------------------------------------------------------
                         slack                                  0.076    





Pulse Width Checks
--------------------------------------------------------------------------------------
Clock Name:         eth_rxc
Waveform(ns):       { 0.000 4.000 }
Period(ns):         8.000
Sources:            { eth_rxc }

Check Type        Corner  Lib Pin             Reference Pin  Required(ns)  Actual(ns)  Slack(ns)  Location      Pin
Min Period        n/a     RAMB18E1/CLKARDCLK  n/a            2.472         8.000       5.528      RAMB18_X4Y8   u_eth/u_icmp_fifo/mem_reg/CLKARDCLK
Low Pulse Width   Slow    FDCE/C              n/a            0.500         4.000       3.500      SLICE_X45Y49  u_eth/flush_pend_reg/C
High Pulse Width  Slow    FDCE/C              n/a            0.500         4.000       3.500      SLICE_X45Y49  u_eth/flush_pend_reg/C



---------------------------------------------------------------------------------------------------
From Clock:  sys_clk
  To Clock:  sys_clk

Setup :            0  Failing Endpoints,  Worst Slack       14.554ns,  Total Violation        0.000ns
Hold  :            0  Failing Endpoints,  Worst Slack        0.130ns,  Total Violation        0.000ns
PW    :            0  Failing Endpoints,  Worst Slack        7.000ns,  Total Violation        0.000ns
---------------------------------------------------------------------------------------------------


Max Delay Paths
--------------------------------------------------------------------------------------
Slack (MET) :             14.554ns  (required time - arrival time)
  Source:                 u_pl/sec_div_reg[18]/C
                            (rising edge-triggered cell FDCE clocked by sys_clk  {rise@0.000ns fall@10.000ns period=20.000ns})
  Destination:            u_pl/fps_acc_reg[0]/CE
                            (rising edge-triggered cell FDCE clocked by sys_clk  {rise@0.000ns fall@10.000ns period=20.000ns})
  Path Group:             sys_clk
  Path Type:              Setup (Max at Slow Process Corner)
  Requirement:            20.000ns  (sys_clk rise@20.000ns - sys_clk rise@0.000ns)
  Data Path Delay:        5.183ns  (logic 0.958ns (18.485%)  route 4.225ns (81.515%))
  Logic Levels:           5  (LUT3=1 LUT4=1 LUT5=1 LUT6=2)
  Clock Path Skew:        -0.060ns (DCD - SCD + CPR)
    Destination Clock Delay (DCD):    4.360ns = ( 24.360 - 20.000 ) 
    Source Clock Delay      (SCD):    4.762ns
    Clock Pessimism Removal (CPR):    0.342ns
  Clock Uncertainty:      0.035ns  ((TSJ^2 + TIJ^2)^1/2 + DJ) / 2 + PE
    Total System Jitter     (TSJ):    0.071ns
    Total Input Jitter      (TIJ):    0.000ns
    Discrete Jitter          (DJ):    0.000ns
    Phase Error              (PE):    0.000ns

    Location             Delay type                Incr(ns)  Path(ns)    Netlist Resource(s)
  -------------------------------------------------------------------    -------------------
                         (clock sys_clk rise edge)    0.000     0.000 r  
    W17                                               0.000     0.000 r  sys_clk (IN)
                         net (fo=0)                   0.000     0.000    sys_clk
    W17                  IBUF (Prop_ibuf_I_O)         1.415     1.415 r  sys_clk_IBUF_inst/O
                         net (fo=1, routed)           1.873     3.288    sys_clk_IBUF
    BUFGCTRL_X0Y4        BUFG (Prop_bufg_I_O)         0.085     3.373 r  sys_clk_IBUF_BUFG_inst/O
                         net (fo=182, routed)         1.389     4.762    u_pl/sys_clk_IBUF_BUFG
    SLICE_X36Y61         FDCE                                         r  u_pl/sec_div_reg[18]/C
  -------------------------------------------------------------------    -------------------
    SLICE_X36Y61         FDCE (Prop_fdce_C_Q)         0.433     5.195 f  u_pl/sec_div_reg[18]/Q
                         net (fo=2, routed)           0.672     5.867    u_pl/sec_div_reg_n_0_[18]
    SLICE_X36Y61         LUT4 (Prop_lut4_I1_O)        0.105     5.972 f  u_pl/sec_div[25]_i_8/O
                         net (fo=1, routed)           0.531     6.502    u_pl/sec_div[25]_i_8_n_0
    SLICE_X36Y60         LUT5 (Prop_lut5_I4_O)        0.105     6.607 f  u_pl/sec_div[25]_i_7/O
                         net (fo=1, routed)           0.893     7.500    u_pl/sec_div[25]_i_7_n_0
    SLICE_X36Y58         LUT6 (Prop_lut6_I5_O)        0.105     7.605 f  u_pl/sec_div[25]_i_4/O
                         net (fo=1, routed)           0.220     7.824    u_pl/sec_div[25]_i_4_n_0
    SLICE_X36Y58         LUT6 (Prop_lut6_I0_O)        0.105     7.929 r  u_pl/sec_div[25]_i_2/O
                         net (fo=42, routed)          1.395     9.325    u_pl/fps_q[0]
    SLICE_X48Y59         LUT3 (Prop_lut3_I2_O)        0.105     9.430 r  u_pl/fps_acc[7]_i_1/O
                         net (fo=8, routed)           0.515     9.945    u_pl/fps_acc[0]
    SLICE_X47Y62         FDCE                                         r  u_pl/fps_acc_reg[0]/CE
  -------------------------------------------------------------------    -------------------

                         (clock sys_clk rise edge)   20.000    20.000 r  
    W17                                               0.000    20.000 r  sys_clk (IN)
                         net (fo=0)                   0.000    20.000    sys_clk
    W17                  IBUF (Prop_ibuf_I_O)         1.349    21.349 r  sys_clk_IBUF_inst/O
                         net (fo=1, routed)           1.701    23.050    sys_clk_IBUF
    BUFGCTRL_X0Y4        BUFG (Prop_bufg_I_O)         0.077    23.127 r  sys_clk_IBUF_BUFG_inst/O
                         net (fo=182, routed)         1.233    24.360    u_pl/sys_clk_IBUF_BUFG
    SLICE_X47Y62         FDCE                                         r  u_pl/fps_acc_reg[0]/C
                         clock pessimism              0.342    24.702    
                         clock uncertainty           -0.035    24.667    
    SLICE_X47Y62         FDCE (Setup_fdce_C_CE)      -0.168    24.499    u_pl/fps_acc_reg[0]
  -------------------------------------------------------------------
                         required time                         24.499    
                         arrival time                          -9.945    
  -------------------------------------------------------------------
                         slack                                 14.554    





Min Delay Paths
--------------------------------------------------------------------------------------
Slack (MET) :             0.130ns  (arrival time - required time)
  Source:                 u_pl/vt0_reg/C
                            (rising edge-triggered cell FDRE clocked by sys_clk  {rise@0.000ns fall@10.000ns period=20.000ns})
  Destination:            u_pl/vt1_reg/D
                            (rising edge-triggered cell FDRE clocked by sys_clk  {rise@0.000ns fall@10.000ns period=20.000ns})
  Path Group:             sys_clk
  Path Type:              Hold (Min at Fast Process Corner)
  Requirement:            0.000ns  (sys_clk rise@0.000ns - sys_clk rise@0.000ns)
  Data Path Delay:        0.205ns  (logic 0.141ns (68.843%)  route 0.064ns (31.157%))
  Logic Levels:           0  
  Clock Path Skew:        0.000ns (DCD - SCD - CPR)
    Destination Clock Delay (DCD):    2.025ns
    Source Clock Delay      (SCD):    1.508ns
    Clock Pessimism Removal (CPR):    0.517ns

    Location             Delay type                Incr(ns)  Path(ns)    Netlist Resource(s)
  -------------------------------------------------------------------    -------------------
                         (clock sys_clk rise edge)    0.000     0.000 r  
    W17                                               0.000     0.000 r  sys_clk (IN)
                         net (fo=0)                   0.000     0.000    sys_clk
    W17                  IBUF (Prop_ibuf_I_O)         0.252     0.252 r  sys_clk_IBUF_inst/O
                         net (fo=1, routed)           0.674     0.926    sys_clk_IBUF
    BUFGCTRL_X0Y4        BUFG (Prop_bufg_I_O)         0.026     0.952 r  sys_clk_IBUF_BUFG_inst/O
                         net (fo=182, routed)         0.556     1.508    u_pl/sys_clk_IBUF_BUFG
    SLICE_X48Y59         FDRE                                         r  u_pl/vt0_reg/C
  -------------------------------------------------------------------    -------------------
    SLICE_X48Y59         FDRE (Prop_fdre_C_Q)         0.141     1.649 r  u_pl/vt0_reg/Q
                         net (fo=1, routed)           0.064     1.713    u_pl/vt0
    SLICE_X48Y59         FDRE                                         r  u_pl/vt1_reg/D
  -------------------------------------------------------------------    -------------------

                         (clock sys_clk rise edge)    0.000     0.000 r  
    W17                                               0.000     0.000 r  sys_clk (IN)
                         net (fo=0)                   0.000     0.000    sys_clk
    W17                  IBUF (Prop_ibuf_I_O)         0.440     0.440 r  sys_clk_IBUF_inst/O
                         net (fo=1, routed)           0.731     1.171    sys_clk_IBUF
    BUFGCTRL_X0Y4        BUFG (Prop_bufg_I_O)         0.029     1.200 r  sys_clk_IBUF_BUFG_inst/O
                         net (fo=182, routed)         0.825     2.025    u_pl/sys_clk_IBUF_BUFG
    SLICE_X48Y59         FDRE                                         r  u_pl/vt1_reg/C
                         clock pessimism             -0.517     1.508    
    SLICE_X48Y59         FDRE (Hold_fdre_C_D)         0.075     1.583    u_pl/vt1_reg
  -------------------------------------------------------------------
                         required time                         -1.583    
                         arrival time                           1.713    
  -------------------------------------------------------------------
                         slack                                  0.130    





Pulse Width Checks
--------------------------------------------------------------------------------------
Clock Name:         sys_clk
Waveform(ns):       { 0.000 10.000 }
Period(ns):         20.000
Sources:            { sys_clk }

Check Type        Corner  Lib Pin            Reference Pin  Required(ns)  Actual(ns)  Slack(ns)  Location         Pin
Min Period        n/a     BUFG/I             n/a            1.592         20.000      18.408     BUFGCTRL_X0Y4    sys_clk_IBUF_BUFG_inst/I
Max Period        n/a     MMCME2_ADV/CLKIN1  n/a            100.000       20.000      80.000     MMCME2_ADV_X0Y0  u_idelay_clkgen/u_mmcm/CLKIN1
Low Pulse Width   Slow    MMCME2_ADV/CLKIN1  n/a            3.000         10.000      7.000      MMCME2_ADV_X0Y0  u_idelay_clkgen/u_mmcm/CLKIN1
High Pulse Width  Slow    MMCME2_ADV/CLKIN1  n/a            3.000         10.000      7.000      MMCME2_ADV_X0Y0  u_idelay_clkgen/u_mmcm/CLKIN1



---------------------------------------------------------------------------------------------------
From Clock:  clkfbout
  To Clock:  clkfbout

Setup :           NA  Failing Endpoints,  Worst Slack           NA  ,  Total Violation           NA
Hold  :           NA  Failing Endpoints,  Worst Slack           NA  ,  Total Violation           NA
PW    :            0  Failing Endpoints,  Worst Slack       18.408ns,  Total Violation        0.000ns
---------------------------------------------------------------------------------------------------


Pulse Width Checks
--------------------------------------------------------------------------------------
Clock Name:         clkfbout
Waveform(ns):       { 0.000 10.000 }
Period(ns):         20.000
Sources:            { u_idelay_clkgen/u_mmcm/CLKFBOUT }

Check Type  Corner  Lib Pin             Reference Pin  Required(ns)  Actual(ns)  Slack(ns)  Location         Pin
Min Period  n/a     BUFG/I              n/a            1.592         20.000      18.408     BUFGCTRL_X0Y5    u_idelay_clkgen/u_bufg_fb/I
Max Period  n/a     MMCME2_ADV/CLKFBIN  n/a            100.000       20.000      80.000     MMCME2_ADV_X0Y0  u_idelay_clkgen/u_mmcm/CLKFBIN



---------------------------------------------------------------------------------------------------
From Clock:  clkfbout_1
  To Clock:  clkfbout_1

Setup :           NA  Failing Endpoints,  Worst Slack           NA  ,  Total Violation           NA
Hold  :           NA  Failing Endpoints,  Worst Slack           NA  ,  Total Violation           NA
PW    :            0  Failing Endpoints,  Worst Slack       18.408ns,  Total Violation        0.000ns
---------------------------------------------------------------------------------------------------


Pulse Width Checks
--------------------------------------------------------------------------------------
Clock Name:         clkfbout_1
Waveform(ns):       { 0.000 10.000 }
Period(ns):         20.000
Sources:            { u_pl/u_clk/u_mmcm/CLKFBOUT }

Check Type  Corner  Lib Pin             Reference Pin  Required(ns)  Actual(ns)  Slack(ns)  Location         Pin
Min Period  n/a     BUFG/I              n/a            1.592         20.000      18.408     BUFGCTRL_X0Y6    u_pl/u_clk/u_bufg_fb/I
Max Period  n/a     MMCME2_ADV/CLKFBIN  n/a            100.000       20.000      80.000     MMCME2_ADV_X1Y0  u_pl/u_clk/u_mmcm/CLKFBIN



---------------------------------------------------------------------------------------------------
From Clock:  clkout0_1
  To Clock:  clkout0_1

Setup :            0  Failing Endpoints,  Worst Slack        1.578ns,  Total Violation        0.000ns
Hold  :            0  Failing Endpoints,  Worst Slack        0.013ns,  Total Violation        0.000ns
PW    :            0  Failing Endpoints,  Worst Slack        8.870ns,  Total Violation        0.000ns
---------------------------------------------------------------------------------------------------


Max Delay Paths
--------------------------------------------------------------------------------------
Slack (MET) :             1.578ns  (required time - arrival time)
  Source:                 u_pl/x_d_reg[11][4]/C
                            (rising edge-triggered cell FDCE clocked by clkout0_1  {rise@0.000ns fall@10.000ns period=20.000ns})
  Destination:            u_pl/u_osd/b_reg[7]/D
                            (rising edge-triggered cell FDCE clocked by clkout0_1  {rise@0.000ns fall@10.000ns period=20.000ns})
  Path Group:             clkout0_1
  Path Type:              Setup (Max at Slow Process Corner)
  Requirement:            20.000ns  (clkout0_1 rise@20.000ns - clkout0_1 rise@0.000ns)
  Data Path Delay:        18.356ns  (logic 6.649ns (36.222%)  route 11.707ns (63.778%))
  Logic Levels:           27  (CARRY4=10 LUT1=1 LUT2=1 LUT3=4 LUT4=2 LUT5=2 LUT6=7)
  Clock Path Skew:        -0.043ns (DCD - SCD + CPR)
    Destination Clock Delay (DCD):    4.423ns = ( 24.423 - 20.000 ) 
    Source Clock Delay      (SCD):    4.808ns
    Clock Pessimism Removal (CPR):    0.342ns
  Clock Uncertainty:      0.094ns  ((TSJ^2 + DJ^2)^1/2) / 2 + PE
    Total System Jitter     (TSJ):    0.071ns
    Discrete Jitter          (DJ):    0.175ns
    Phase Error              (PE):    0.000ns

    Location             Delay type                Incr(ns)  Path(ns)    Netlist Resource(s)
  -------------------------------------------------------------------    -------------------
                         (clock clkout0_1 rise edge)
                                                      0.000     0.000 r  
    W17                                               0.000     0.000 r  sys_clk (IN)
                         net (fo=0)                   0.000     0.000    sys_clk
    W17                  IBUF (Prop_ibuf_I_O)         1.415     1.415 r  sys_clk_IBUF_inst/O
                         net (fo=1, routed)           1.873     3.288    sys_clk_IBUF
    BUFGCTRL_X0Y4        BUFG (Prop_bufg_I_O)         0.085     3.373 r  sys_clk_IBUF_BUFG_inst/O
                         net (fo=182, routed)         1.550     4.923    u_pl/u_clk/sys_clk_IBUF_BUFG
    MMCME2_ADV_X1Y0      MMCME2_ADV (Prop_mmcme2_adv_CLKIN1_CLKOUT0)
                                                     -3.232     1.691 r  u_pl/u_clk/u_mmcm/CLKOUT0
                         net (fo=1, routed)           1.597     3.288    u_pl/u_clk/clkout0
    BUFGCTRL_X0Y0        BUFG (Prop_bufg_I_O)         0.085     3.373 r  u_pl/u_clk/u_bufg_pix/O
                         net (fo=3206, routed)        1.435     4.808    u_pl/clk_pix
    SLICE_X59Y65         FDCE                                         r  u_pl/x_d_reg[11][4]/C
  -------------------------------------------------------------------    -------------------
    SLICE_X59Y65         FDCE (Prop_fdce_C_Q)         0.379     5.187 f  u_pl/x_d_reg[11][4]/Q
                         net (fo=7, routed)           0.560     5.747    u_pl/u_osd/D[1]
    SLICE_X54Y60         LUT1 (Prop_lut1_I0_O)        0.105     5.852 r  u_pl/u_osd/r[7]_i_63/O
                         net (fo=1, routed)           0.000     5.852    u_pl/u_osd/r[7]_i_63_n_0
    SLICE_X54Y60         CARRY4 (Prop_carry4_S[1]_CO[3])
                                                      0.444     6.296 r  u_pl/u_osd/r_reg[7]_i_44/CO[3]
                         net (fo=1, routed)           0.000     6.296    u_pl/u_osd/r_reg[7]_i_44_n_0
    SLICE_X54Y61         CARRY4 (Prop_carry4_CI_O[0])
                                                      0.178     6.474 f  u_pl/u_osd/g0_b4_i_201/O[0]
                         net (fo=23, routed)          0.927     7.401    u_pl/u_osd/lx[7]
    SLICE_X53Y62         LUT3 (Prop_lut3_I1_O)        0.247     7.648 r  u_pl/u_osd/g0_b4_i_373/O
                         net (fo=4, routed)           0.456     8.104    u_pl/u_osd/g0_b4_i_373_n_0
    SLICE_X56Y62         LUT4 (Prop_lut4_I3_O)        0.274     8.378 r  u_pl/u_osd/g0_b4_i_377/O
                         net (fo=1, routed)           0.000     8.378    u_pl/u_osd/g0_b4_i_377_n_0
    SLICE_X56Y62         CARRY4 (Prop_carry4_S[0]_CO[3])
                                                      0.440     8.818 r  u_pl/u_osd/g0_b4_i_286/CO[3]
                         net (fo=1, routed)           0.000     8.818    u_pl/u_osd/g0_b4_i_286_n_0
    SLICE_X56Y63         CARRY4 (Prop_carry4_CI_CO[3])
                                                      0.098     8.916 r  u_pl/u_osd/g0_b4_i_252/CO[3]
                         net (fo=1, routed)           0.000     8.916    u_pl/u_osd/g0_b4_i_252_n_0
    SLICE_X56Y64         CARRY4 (Prop_carry4_CI_O[0])
                                                      0.180     9.096 r  u_pl/u_osd/g0_b4_i_251/O[0]
                         net (fo=2, routed)           1.011    10.107    u_pl/u_osd/g0_b4_i_251_n_7
    SLICE_X53Y62         LUT3 (Prop_lut3_I2_O)        0.263    10.370 r  u_pl/u_osd/g0_b4_i_146/O
                         net (fo=2, routed)           0.644    11.014    u_pl/u_osd/g0_b4_i_146_n_0
    SLICE_X51Y63         CARRY4 (Prop_carry4_DI[3]_CO[3])
                                                      0.480    11.494 r  u_pl/u_osd/g0_b4_i_73/CO[3]
                         net (fo=1, routed)           0.000    11.494    u_pl/u_osd/g0_b4_i_73_n_0
    SLICE_X51Y64         CARRY4 (Prop_carry4_CI_O[0])
                                                      0.180    11.674 r  u_pl/u_osd/g0_b4_i_200/O[0]
                         net (fo=3, routed)           0.371    12.044    u_pl/u_osd/g0_b4_i_200_n_7
    SLICE_X52Y64         LUT2 (Prop_lut2_I0_O)        0.249    12.293 r  u_pl/u_osd/g0_b4_i_289/O
                         net (fo=1, routed)           0.000    12.293    u_pl/u_osd/g0_b4_i_289_n_0
    SLICE_X52Y64         CARRY4 (Prop_carry4_S[0]_CO[3])
                                                      0.440    12.733 r  u_pl/u_osd/g0_b4_i_199/CO[3]
                         net (fo=1, routed)           0.000    12.733    u_pl/u_osd/g0_b4_i_199_n_0
    SLICE_X52Y65         CARRY4 (Prop_carry4_CI_O[0])
                                                      0.180    12.913 r  u_pl/u_osd/g0_b4_i_96/O[0]
                         net (fo=21, routed)          0.587    13.500    u_pl/u_osd/g0_b4_i_200_0[0]
    SLICE_X53Y65         LUT4 (Prop_lut4_I2_O)        0.249    13.749 r  u_pl/u_osd/g0_b4_i_206/O
                         net (fo=1, routed)           0.000    13.749    u_pl/u_osd/g0_b4_i_206_n_0
    SLICE_X53Y65         CARRY4 (Prop_carry4_S[1]_CO[1])
                                                      0.408    14.157 f  u_pl/u_osd/g0_b4_i_98/CO[1]
                         net (fo=20, routed)          0.413    14.570    u_pl/u_osd/CO[0]
    SLICE_X51Y66         LUT6 (Prop_lut6_I4_O)        0.275    14.845 r  u_pl/u_osd/g0_b4_i_74/O
                         net (fo=7, routed)           0.482    15.327    u_pl/u_osd/g0_b4_i_95_1
    SLICE_X51Y65         LUT3 (Prop_lut3_I1_O)        0.108    15.435 r  u_pl/u_osd/g0_b4_i_61/O
                         net (fo=2, routed)           0.556    15.991    u_pl/u_osd/g0_b4_i_61_n_0
    SLICE_X51Y65         LUT6 (Prop_lut6_I0_O)        0.267    16.258 f  u_pl/u_osd/g0_b4_i_81/O
                         net (fo=11, routed)          0.718    16.977    u_pl/u_mode/g0_b4_i_12_2
    SLICE_X49Y64         LUT5 (Prop_lut5_I0_O)        0.124    17.101 r  u_pl/u_mode/g0_b4_i_39/O
                         net (fo=1, routed)           0.815    17.915    u_pl/u_mode/g0_b4_i_39_n_0
    SLICE_X50Y64         LUT6 (Prop_lut6_I0_O)        0.267    18.182 r  u_pl/u_mode/g0_b4_i_12/O
                         net (fo=7, routed)           0.855    19.037    u_pl/u_mode/g0_b4_i_12_n_0
    SLICE_X50Y58         LUT6 (Prop_lut6_I3_O)        0.105    19.142 r  u_pl/u_mode/g0_b4_i_4/O
                         net (fo=36, routed)          0.884    20.026    u_pl/u_mode_n_25
    SLICE_X52Y57         LUT5 (Prop_lut5_I3_O)        0.119    20.145 r  u_pl/g0_b4__1/O
                         net (fo=1, routed)           0.221    20.366    u_pl/u_mode/r[7]_i_9_1
    SLICE_X52Y57         LUT3 (Prop_lut3_I0_O)        0.275    20.641 f  u_pl/u_mode/r[7]_i_31/O
                         net (fo=1, routed)           0.339    20.980    u_pl/u_mode/r[7]_i_31_n_0
    SLICE_X51Y57         LUT6 (Prop_lut6_I4_O)        0.105    21.085 r  u_pl/u_mode/r[7]_i_9/O
                         net (fo=1, routed)           0.484    21.569    u_pl/u_mode/r[7]_i_9_n_0
    SLICE_X53Y55         LUT6 (Prop_lut6_I2_O)        0.105    21.674 f  u_pl/u_mode/r[7]_i_2__0/O
                         net (fo=19, routed)          1.386    23.060    u_pl/u_mode/r[7]_i_2__0_n_0
    SLICE_X86Y50         LUT6 (Prop_lut6_I1_O)        0.105    23.165 r  u_pl/u_mode/b[7]_i_1__0/O
                         net (fo=1, routed)           0.000    23.165    u_pl/u_osd/b_reg[7]_0[5]
    SLICE_X86Y50         FDCE                                         r  u_pl/u_osd/b_reg[7]/D
  -------------------------------------------------------------------    -------------------

                         (clock clkout0_1 rise edge)
                                                     20.000    20.000 r  
    W17                                               0.000    20.000 r  sys_clk (IN)
                         net (fo=0)                   0.000    20.000    sys_clk
    W17                  IBUF (Prop_ibuf_I_O)         1.349    21.349 r  sys_clk_IBUF_inst/O
                         net (fo=1, routed)           1.701    23.050    sys_clk_IBUF
    BUFGCTRL_X0Y4        BUFG (Prop_bufg_I_O)         0.077    23.127 r  sys_clk_IBUF_BUFG_inst/O
                         net (fo=182, routed)         1.384    24.511    u_pl/u_clk/sys_clk_IBUF_BUFG
    MMCME2_ADV_X1Y0      MMCME2_ADV (Prop_mmcme2_adv_CLKIN1_CLKOUT0)
                                                     -2.915    21.596 r  u_pl/u_clk/u_mmcm/CLKOUT0
                         net (fo=1, routed)           1.454    23.050    u_pl/u_clk/clkout0
    BUFGCTRL_X0Y0        BUFG (Prop_bufg_I_O)         0.077    23.127 r  u_pl/u_clk/u_bufg_pix/O
                         net (fo=3206, routed)        1.296    24.423    u_pl/u_osd/clk_pix
    SLICE_X86Y50         FDCE                                         r  u_pl/u_osd/b_reg[7]/C
                         clock pessimism              0.342    24.765    
                         clock uncertainty           -0.094    24.671    
    SLICE_X86Y50         FDCE (Setup_fdce_C_D)        0.072    24.743    u_pl/u_osd/b_reg[7]
  -------------------------------------------------------------------
                         required time                         24.743    
                         arrival time                         -23.165    
  -------------------------------------------------------------------
                         slack                                  1.578    





Min Delay Paths
--------------------------------------------------------------------------------------
Slack (MET) :             0.013ns  (arrival time - required time)
  Source:                 u_pl/u_pipe/yd_reg[2][4]/C
                            (rising edge-triggered cell FDCE clocked by clkout0_1  {rise@0.000ns fall@10.000ns period=20.000ns})
  Destination:            u_pl/u_pipe/yd_reg[3][4]/D
                            (rising edge-triggered cell FDCE clocked by clkout0_1  {rise@0.000ns fall@10.000ns period=20.000ns})
  Path Group:             clkout0_1
  Path Type:              Hold (Min at Fast Process Corner)
  Requirement:            0.000ns  (clkout0_1 rise@0.000ns - clkout0_1 rise@0.000ns)
  Data Path Delay:        0.275ns  (logic 0.128ns (46.607%)  route 0.147ns (53.393%))
  Logic Levels:           0  
  Clock Path Skew:        0.267ns (DCD - SCD - CPR)
    Destination Clock Delay (DCD):    2.055ns
    Source Clock Delay      (SCD):    1.540ns
    Clock Pessimism Removal (CPR):    0.248ns

    Location             Delay type                Incr(ns)  Path(ns)    Netlist Resource(s)
  -------------------------------------------------------------------    -------------------
                         (clock clkout0_1 rise edge)
                                                      0.000     0.000 r  
    W17                                               0.000     0.000 r  sys_clk (IN)
                         net (fo=0)                   0.000     0.000    sys_clk
    W17                  IBUF (Prop_ibuf_I_O)         0.252     0.252 r  sys_clk_IBUF_inst/O
                         net (fo=1, routed)           0.674     0.926    sys_clk_IBUF
    BUFGCTRL_X0Y4        BUFG (Prop_bufg_I_O)         0.026     0.952 r  sys_clk_IBUF_BUFG_inst/O
                         net (fo=182, routed)         0.595     1.547    u_pl/u_clk/sys_clk_IBUF_BUFG
    MMCME2_ADV_X1Y0      MMCME2_ADV (Prop_mmcme2_adv_CLKIN1_CLKOUT0)
                                                     -1.150     0.397 r  u_pl/u_clk/u_mmcm/CLKOUT0
                         net (fo=1, routed)           0.529     0.926    u_pl/u_clk/clkout0
    BUFGCTRL_X0Y0        BUFG (Prop_bufg_I_O)         0.026     0.952 r  u_pl/u_clk/u_bufg_pix/O
                         net (fo=3206, routed)        0.588     1.540    u_pl/u_pipe/clk_pix
    SLICE_X83Y49         FDCE                                         r  u_pl/u_pipe/yd_reg[2][4]/C
  -------------------------------------------------------------------    -------------------
    SLICE_X83Y49         FDCE (Prop_fdce_C_Q)         0.128     1.668 r  u_pl/u_pipe/yd_reg[2][4]/Q
                         net (fo=2, routed)           0.147     1.814    u_pl/u_pipe/yd_reg_n_0_[2][4]
    SLICE_X83Y50         FDCE                                         r  u_pl/u_pipe/yd_reg[3][4]/D
  -------------------------------------------------------------------    -------------------

                         (clock clkout0_1 rise edge)
                                                      0.000     0.000 r  
    W17                                               0.000     0.000 r  sys_clk (IN)
                         net (fo=0)                   0.000     0.000    sys_clk
    W17                  IBUF (Prop_ibuf_I_O)         0.440     0.440 r  sys_clk_IBUF_inst/O
                         net (fo=1, routed)           0.731     1.171    sys_clk_IBUF
    BUFGCTRL_X0Y4        BUFG (Prop_bufg_I_O)         0.029     1.200 r  sys_clk_IBUF_BUFG_inst/O
                         net (fo=182, routed)         0.862     2.062    u_pl/u_clk/sys_clk_IBUF_BUFG
    MMCME2_ADV_X1Y0      MMCME2_ADV (Prop_mmcme2_adv_CLKIN1_CLKOUT0)
                                                     -1.467     0.595 r  u_pl/u_clk/u_mmcm/CLKOUT0
                         net (fo=1, routed)           0.576     1.171    u_pl/u_clk/clkout0
    BUFGCTRL_X0Y0        BUFG (Prop_bufg_I_O)         0.029     1.200 r  u_pl/u_clk/u_bufg_pix/O
                         net (fo=3206, routed)        0.855     2.055    u_pl/u_pipe/clk_pix
    SLICE_X83Y50         FDCE                                         r  u_pl/u_pipe/yd_reg[3][4]/C
                         clock pessimism             -0.248     1.807    
    SLICE_X83Y50         FDCE (Hold_fdce_C_D)        -0.006     1.801    u_pl/u_pipe/yd_reg[3][4]
  -------------------------------------------------------------------
                         required time                         -1.801    
                         arrival time                           1.814    
  -------------------------------------------------------------------
                         slack                                  0.013    





Pulse Width Checks
--------------------------------------------------------------------------------------
Clock Name:         clkout0_1
Waveform(ns):       { 0.000 10.000 }
Period(ns):         20.000
Sources:            { u_pl/u_clk/u_mmcm/CLKOUT0 }

Check Type        Corner  Lib Pin             Reference Pin  Required(ns)  Actual(ns)  Slack(ns)  Location         Pin
Min Period        n/a     DSP48E1/CLK         n/a            3.272         20.000      16.728     DSP48_X3Y18      u_pl/u_zmap/yr_m_reg/CLK
Max Period        n/a     MMCME2_ADV/CLKOUT0  n/a            213.360       20.000      193.360    MMCME2_ADV_X1Y0  u_pl/u_clk/u_mmcm/CLKOUT0
Low Pulse Width   Slow    RAMS64E/CLK         n/a            1.130         10.000      8.870      SLICE_X66Y73     u_pl/u_pipe/u_blur/lb1_reg_0_255_0_0/RAMS64E_A/CLK
High Pulse Width  Slow    RAMS64E/CLK         n/a            1.130         10.000      8.870      SLICE_X66Y73     u_pl/u_pipe/u_blur/lb1_reg_0_255_0_0/RAMS64E_A/CLK



---------------------------------------------------------------------------------------------------
From Clock:  clkout1_1
  To Clock:  clkout1_1

Setup :           NA  Failing Endpoints,  Worst Slack           NA  ,  Total Violation           NA
Hold  :           NA  Failing Endpoints,  Worst Slack           NA  ,  Total Violation           NA
PW    :            0  Failing Endpoints,  Worst Slack        2.408ns,  Total Violation        0.000ns
---------------------------------------------------------------------------------------------------


Pulse Width Checks
--------------------------------------------------------------------------------------
Clock Name:         clkout1_1
Waveform(ns):       { 0.000 2.000 }
Period(ns):         4.000
Sources:            { u_pl/u_clk/u_mmcm/CLKOUT1 }

Check Type  Corner  Lib Pin             Reference Pin  Required(ns)  Actual(ns)  Slack(ns)  Location         Pin
Min Period  n/a     BUFG/I              n/a            1.592         4.000       2.408      BUFGCTRL_X0Y2    u_pl/u_clk/u_bufg_5x/I
Max Period  n/a     MMCME2_ADV/CLKOUT1  n/a            213.360       4.000       209.360    MMCME2_ADV_X1Y0  u_pl/u_clk/u_mmcm/CLKOUT1



---------------------------------------------------------------------------------------------------
From Clock:  clkout2
  To Clock:  clkout2

Setup :           NA  Failing Endpoints,  Worst Slack           NA  ,  Total Violation           NA
Hold  :           NA  Failing Endpoints,  Worst Slack           NA  ,  Total Violation           NA
PW    :            0  Failing Endpoints,  Worst Slack        0.264ns,  Total Violation        0.000ns
---------------------------------------------------------------------------------------------------


Pulse Width Checks
--------------------------------------------------------------------------------------
Clock Name:         clkout2
Waveform(ns):       { 0.000 2.500 }
Period(ns):         5.000
Sources:            { u_idelay_clkgen/u_mmcm/CLKOUT2 }

Check Type  Corner  Lib Pin            Reference Pin  Required(ns)  Actual(ns)  Slack(ns)  Location         Pin
Min Period  n/a     IDELAYCTRL/REFCLK  n/a            2.438         5.000       2.562      IDELAYCTRL_X1Y0  u_eth/u_rgmii/u_rgmii_rx/IDELAYCTRL_inst/REFCLK
Max Period  n/a     IDELAYCTRL/REFCLK  n/a            5.264         5.000       0.264      IDELAYCTRL_X1Y0  u_eth/u_rgmii/u_rgmii_rx/IDELAYCTRL_inst/REFCLK



---------------------------------------------------------------------------------------------------
From Clock:  clkout0_1
  To Clock:  sys_clk

Setup :            0  Failing Endpoints,  Worst Slack       17.058ns,  Total Violation        0.000ns
Hold  :            0  Failing Endpoints,  Worst Slack        0.381ns,  Total Violation        0.000ns
---------------------------------------------------------------------------------------------------


Max Delay Paths
--------------------------------------------------------------------------------------
Slack (MET) :             17.058ns  (required time - arrival time)
  Source:                 u_pl/vs_pix_d1_reg/C
                            (rising edge-triggered cell FDRE clocked by clkout0_1  {rise@0.000ns fall@10.000ns period=20.000ns})
  Destination:            u_pl/vt0_reg/D
                            (rising edge-triggered cell FDRE clocked by sys_clk  {rise@0.000ns fall@10.000ns period=20.000ns})
  Path Group:             sys_clk
  Path Type:              Setup (Max at Slow Process Corner)
  Requirement:            20.000ns  (sys_clk rise@20.000ns - clkout0_1 rise@0.000ns)
  Data Path Delay:        2.463ns  (logic 0.484ns (19.648%)  route 1.979ns (80.352%))
  Logic Levels:           1  (LUT2=1)
  Clock Path Skew:        -0.145ns (DCD - SCD + CPR)
    Destination Clock Delay (DCD):    4.362ns = ( 24.362 - 20.000 ) 
    Source Clock Delay      (SCD):    4.753ns
    Clock Pessimism Removal (CPR):    0.246ns
  Clock Uncertainty:      0.259ns  ((TSJ^2 + DJ^2)^1/2) / 2 + PE
    Total System Jitter     (TSJ):    0.071ns
    Discrete Jitter          (DJ):    0.175ns
    Phase Error              (PE):    0.165ns

    Location             Delay type                Incr(ns)  Path(ns)    Netlist Resource(s)
  -------------------------------------------------------------------    -------------------
                         (clock clkout0_1 rise edge)
                                                      0.000     0.000 r  
    W17                                               0.000     0.000 r  sys_clk (IN)
                         net (fo=0)                   0.000     0.000    sys_clk
    W17                  IBUF (Prop_ibuf_I_O)         1.415     1.415 r  sys_clk_IBUF_inst/O
                         net (fo=1, routed)           1.873     3.288    sys_clk_IBUF
    BUFGCTRL_X0Y4        BUFG (Prop_bufg_I_O)         0.085     3.373 r  sys_clk_IBUF_BUFG_inst/O
                         net (fo=182, routed)         1.550     4.923    u_pl/u_clk/sys_clk_IBUF_BUFG
    MMCME2_ADV_X1Y0      MMCME2_ADV (Prop_mmcme2_adv_CLKIN1_CLKOUT0)
                                                     -3.232     1.691 r  u_pl/u_clk/u_mmcm/CLKOUT0
                         net (fo=1, routed)           1.597     3.288    u_pl/u_clk/clkout0
    BUFGCTRL_X0Y0        BUFG (Prop_bufg_I_O)         0.085     3.373 r  u_pl/u_clk/u_bufg_pix/O
                         net (fo=3206, routed)        1.380     4.753    u_pl/clk_pix
    SLICE_X51Y55         FDRE                                         r  u_pl/vs_pix_d1_reg/C
  -------------------------------------------------------------------    -------------------
    SLICE_X51Y55         FDRE (Prop_fdre_C_Q)         0.379     5.132 f  u_pl/vs_pix_d1_reg/Q
                         net (fo=1, routed)           1.059     6.191    u_pl/vs_pix_d1
    SLICE_X51Y55         LUT2 (Prop_lut2_I1_O)        0.105     6.296 r  u_pl/vt0_i_1/O
                         net (fo=1, routed)           0.921     7.217    u_pl/vs_tick
    SLICE_X48Y59         FDRE                                         r  u_pl/vt0_reg/D
  -------------------------------------------------------------------    -------------------

                         (clock sys_clk rise edge)   20.000    20.000 r  
    W17                                               0.000    20.000 r  sys_clk (IN)
                         net (fo=0)                   0.000    20.000    sys_clk
    W17                  IBUF (Prop_ibuf_I_O)         1.349    21.349 r  sys_clk_IBUF_inst/O
                         net (fo=1, routed)           1.701    23.050    sys_clk_IBUF
    BUFGCTRL_X0Y4        BUFG (Prop_bufg_I_O)         0.077    23.127 r  sys_clk_IBUF_BUFG_inst/O
                         net (fo=182, routed)         1.235    24.362    u_pl/sys_clk_IBUF_BUFG
    SLICE_X48Y59         FDRE                                         r  u_pl/vt0_reg/C
                         clock pessimism              0.246    24.608    
                         clock uncertainty           -0.259    24.349    
    SLICE_X48Y59         FDRE (Setup_fdre_C_D)       -0.074    24.275    u_pl/vt0_reg
  -------------------------------------------------------------------
                         required time                         24.275    
                         arrival time                          -7.217    
  -------------------------------------------------------------------
                         slack                                 17.058    





Min Delay Paths
--------------------------------------------------------------------------------------
Slack (MET) :             0.381ns  (arrival time - required time)
  Source:                 u_pl/vs_pix_d0_reg/C
                            (rising edge-triggered cell FDRE clocked by clkout0_1  {rise@0.000ns fall@10.000ns period=20.000ns})
  Destination:            u_pl/vt0_reg/D
                            (rising edge-triggered cell FDRE clocked by sys_clk  {rise@0.000ns fall@10.000ns period=20.000ns})
  Path Group:             sys_clk
  Path Type:              Hold (Min at Fast Process Corner)
  Requirement:            0.000ns  (sys_clk rise@0.000ns - clkout0_1 rise@0.000ns)
  Data Path Delay:        0.973ns  (logic 0.186ns (19.119%)  route 0.787ns (80.881%))
  Logic Levels:           1  (LUT2=1)
  Clock Path Skew:        0.271ns (DCD - SCD - CPR)
    Destination Clock Delay (DCD):    2.025ns
    Source Clock Delay      (SCD):    1.506ns
    Clock Pessimism Removal (CPR):    0.248ns
  Clock Uncertainty:      0.259ns  ((TSJ^2 + DJ^2)^1/2) / 2 + PE
    Total System Jitter     (TSJ):    0.071ns
    Discrete Jitter          (DJ):    0.175ns
    Phase Error              (PE):    0.165ns

    Location             Delay type                Incr(ns)  Path(ns)    Netlist Resource(s)
  -------------------------------------------------------------------    -------------------
                         (clock clkout0_1 rise edge)
                                                      0.000     0.000 r  
    W17                                               0.000     0.000 r  sys_clk (IN)
                         net (fo=0)                   0.000     0.000    sys_clk
    W17                  IBUF (Prop_ibuf_I_O)         0.252     0.252 r  sys_clk_IBUF_inst/O
                         net (fo=1, routed)           0.674     0.926    sys_clk_IBUF
    BUFGCTRL_X0Y4        BUFG (Prop_bufg_I_O)         0.026     0.952 r  sys_clk_IBUF_BUFG_inst/O
                         net (fo=182, routed)         0.595     1.547    u_pl/u_clk/sys_clk_IBUF_BUFG
    MMCME2_ADV_X1Y0      MMCME2_ADV (Prop_mmcme2_adv_CLKIN1_CLKOUT0)
                                                     -1.150     0.397 r  u_pl/u_clk/u_mmcm/CLKOUT0
                         net (fo=1, routed)           0.529     0.926    u_pl/u_clk/clkout0
    BUFGCTRL_X0Y0        BUFG (Prop_bufg_I_O)         0.026     0.952 r  u_pl/u_clk/u_bufg_pix/O
                         net (fo=3206, routed)        0.554     1.506    u_pl/clk_pix
    SLICE_X51Y55         FDRE                                         r  u_pl/vs_pix_d0_reg/C
  -------------------------------------------------------------------    -------------------
    SLICE_X51Y55         FDRE (Prop_fdre_C_Q)         0.141     1.647 r  u_pl/vs_pix_d0_reg/Q
                         net (fo=2, routed)           0.378     2.025    u_pl/vs_pix_d0
    SLICE_X51Y55         LUT2 (Prop_lut2_I0_O)        0.045     2.070 r  u_pl/vt0_i_1/O
                         net (fo=1, routed)           0.409     2.479    u_pl/vs_tick
    SLICE_X48Y59         FDRE                                         r  u_pl/vt0_reg/D
  -------------------------------------------------------------------    -------------------

                         (clock sys_clk rise edge)    0.000     0.000 r  
    W17                                               0.000     0.000 r  sys_clk (IN)
                         net (fo=0)                   0.000     0.000    sys_clk
    W17                  IBUF (Prop_ibuf_I_O)         0.440     0.440 r  sys_clk_IBUF_inst/O
                         net (fo=1, routed)           0.731     1.171    sys_clk_IBUF
    BUFGCTRL_X0Y4        BUFG (Prop_bufg_I_O)         0.029     1.200 r  sys_clk_IBUF_BUFG_inst/O
                         net (fo=182, routed)         0.825     2.025    u_pl/sys_clk_IBUF_BUFG
    SLICE_X48Y59         FDRE                                         r  u_pl/vt0_reg/C
                         clock pessimism             -0.248     1.777    
                         clock uncertainty            0.259     2.036    
    SLICE_X48Y59         FDRE (Hold_fdre_C_D)         0.061     2.097    u_pl/vt0_reg
  -------------------------------------------------------------------
                         required time                         -2.097    
                         arrival time                           2.479    
  -------------------------------------------------------------------
                         slack                                  0.381    





---------------------------------------------------------------------------------------------------
From Clock:  sys_clk
  To Clock:  clkout0_1

Setup :            0  Failing Endpoints,  Worst Slack        7.222ns,  Total Violation        0.000ns
Hold  :            0  Failing Endpoints,  Worst Slack        0.211ns,  Total Violation        0.000ns
---------------------------------------------------------------------------------------------------


Max Delay Paths
--------------------------------------------------------------------------------------
Slack (MET) :             7.222ns  (required time - arrival time)
  Source:                 u_pl/u_ang/angle_reg[4]/C
                            (rising edge-triggered cell FDRE clocked by sys_clk  {rise@0.000ns fall@10.000ns period=20.000ns})
  Destination:            u_pl/u_osd/b_reg[7]/D
                            (rising edge-triggered cell FDCE clocked by clkout0_1  {rise@0.000ns fall@10.000ns period=20.000ns})
  Path Group:             clkout0_1
  Path Type:              Setup (Max at Slow Process Corner)
  Requirement:            20.000ns  (clkout0_1 rise@20.000ns - sys_clk rise@0.000ns)
  Data Path Delay:        12.444ns  (logic 3.667ns (29.468%)  route 8.777ns (70.532%))
  Logic Levels:           17  (CARRY4=4 LUT2=1 LUT3=2 LUT5=3 LUT6=7)
  Clock Path Skew:        -0.147ns (DCD - SCD + CPR)
    Destination Clock Delay (DCD):    4.423ns = ( 24.423 - 20.000 ) 
    Source Clock Delay      (SCD):    4.816ns
    Clock Pessimism Removal (CPR):    0.246ns
  Clock Uncertainty:      0.259ns  ((TSJ^2 + DJ^2)^1/2) / 2 + PE
    Total System Jitter     (TSJ):    0.071ns
    Discrete Jitter          (DJ):    0.175ns
    Phase Error              (PE):    0.165ns

    Location             Delay type                Incr(ns)  Path(ns)    Netlist Resource(s)
  -------------------------------------------------------------------    -------------------
                         (clock sys_clk rise edge)    0.000     0.000 r  
    W17                                               0.000     0.000 r  sys_clk (IN)
                         net (fo=0)                   0.000     0.000    sys_clk
    W17                  IBUF (Prop_ibuf_I_O)         1.415     1.415 r  sys_clk_IBUF_inst/O
                         net (fo=1, routed)           1.873     3.288    sys_clk_IBUF
    BUFGCTRL_X0Y4        BUFG (Prop_bufg_I_O)         0.085     3.373 r  sys_clk_IBUF_BUFG_inst/O
                         net (fo=182, routed)         1.443     4.816    u_pl/u_ang/sys_clk_IBUF_BUFG
    SLICE_X59Y52         FDRE                                         r  u_pl/u_ang/angle_reg[4]/C
  -------------------------------------------------------------------    -------------------
    SLICE_X59Y52         FDRE (Prop_fdre_C_Q)         0.348     5.164 r  u_pl/u_ang/angle_reg[4]/Q
                         net (fo=119, routed)         1.030     6.195    u_pl/u_ang/angle_reg[4]_0
    SLICE_X51Y58         LUT2 (Prop_lut2_I0_O)        0.240     6.435 r  u_pl/u_ang/g0_b4_i_410/O
                         net (fo=1, routed)           0.000     6.435    u_pl/u_ang/g0_b4_i_410_n_0
    SLICE_X51Y58         CARRY4 (Prop_carry4_S[3]_CO[3])
                                                      0.332     6.767 r  u_pl/u_ang/g0_b4_i_334/CO[3]
                         net (fo=1, routed)           0.000     6.767    u_pl/u_ang/g0_b4_i_334_n_0
    SLICE_X51Y59         CARRY4 (Prop_carry4_CI_CO[3])
                                                      0.098     6.865 r  u_pl/u_ang/g0_b4_i_247/CO[3]
                         net (fo=1, routed)           0.000     6.865    u_pl/u_ang/g0_b4_i_247_n_0
    SLICE_X51Y60         CARRY4 (Prop_carry4_CI_O[1])
                                                      0.265     7.130 r  u_pl/u_ang/g0_b4_i_136/O[1]
                         net (fo=11, routed)          0.727     7.857    u_pl/u_ang/g0_b4_i_136_n_6
    SLICE_X50Y63         LUT3 (Prop_lut3_I0_O)        0.270     8.127 r  u_pl/u_ang/g0_b4_i_341/O
                         net (fo=2, routed)           0.764     8.891    u_pl/u_ang/g0_b4_i_341_n_0
    SLICE_X50Y63         LUT5 (Prop_lut5_I0_O)        0.264     9.155 r  u_pl/u_ang/g0_b4_i_344/O
                         net (fo=1, routed)           0.000     9.155    u_pl/u_ang/g0_b4_i_344_n_0
    SLICE_X50Y63         CARRY4 (Prop_carry4_S[1]_CO[2])
                                                      0.477     9.632 f  u_pl/u_ang/g0_b4_i_248/CO[2]
                         net (fo=2, routed)           0.446    10.077    u_pl/u_ang/g0_b4_i_248_n_1
    SLICE_X52Y61         LUT5 (Prop_lut5_I0_O)        0.252    10.329 r  u_pl/u_ang/g0_b4_i_137/O
                         net (fo=2, routed)           0.904    11.233    u_pl/u_ang/g0_b4_i_137_n_0
    SLICE_X50Y61         LUT6 (Prop_lut6_I1_O)        0.105    11.338 f  u_pl/u_ang/g0_b4_i_83/O
                         net (fo=1, routed)           0.381    11.719    u_pl/u_ang/g0_b4_i_83_n_0
    SLICE_X50Y61         LUT6 (Prop_lut6_I2_O)        0.105    11.824 f  u_pl/u_ang/g0_b4_i_26/O
                         net (fo=1, routed)           0.344    12.168    u_pl/u_lm_x/g0_b4_i_5_3
    SLICE_X49Y61         LUT6 (Prop_lut6_I5_O)        0.105    12.273 r  u_pl/u_lm_x/g0_b4_i_8/O
                         net (fo=6, routed)           0.846    13.119    u_pl/u_mode/g0_b4_0
    SLICE_X50Y58         LUT6 (Prop_lut6_I1_O)        0.105    13.224 r  u_pl/u_mode/g0_b4_i_1/O
                         net (fo=35, routed)          0.777    14.002    u_pl/u_mode_n_24
    SLICE_X52Y57         LUT5 (Prop_lut5_I0_O)        0.119    14.121 r  u_pl/g0_b4__0/O
                         net (fo=1, routed)           0.348    14.469    u_pl/u_mode/r[7]_i_9_2
    SLICE_X52Y57         LUT3 (Prop_lut3_I2_O)        0.267    14.736 f  u_pl/u_mode/r[7]_i_31/O
                         net (fo=1, routed)           0.339    15.075    u_pl/u_mode/r[7]_i_31_n_0
    SLICE_X51Y57         LUT6 (Prop_lut6_I4_O)        0.105    15.180 r  u_pl/u_mode/r[7]_i_9/O
                         net (fo=1, routed)           0.484    15.664    u_pl/u_mode/r[7]_i_9_n_0
    SLICE_X53Y55         LUT6 (Prop_lut6_I2_O)        0.105    15.769 f  u_pl/u_mode/r[7]_i_2__0/O
                         net (fo=19, routed)          1.386    17.155    u_pl/u_mode/r[7]_i_2__0_n_0
    SLICE_X86Y50         LUT6 (Prop_lut6_I1_O)        0.105    17.260 r  u_pl/u_mode/b[7]_i_1__0/O
                         net (fo=1, routed)           0.000    17.260    u_pl/u_osd/b_reg[7]_0[5]
    SLICE_X86Y50         FDCE                                         r  u_pl/u_osd/b_reg[7]/D
  -------------------------------------------------------------------    -------------------

                         (clock clkout0_1 rise edge)
                                                     20.000    20.000 r  
    W17                                               0.000    20.000 r  sys_clk (IN)
                         net (fo=0)                   0.000    20.000    sys_clk
    W17                  IBUF (Prop_ibuf_I_O)         1.349    21.349 r  sys_clk_IBUF_inst/O
                         net (fo=1, routed)           1.701    23.050    sys_clk_IBUF
    BUFGCTRL_X0Y4        BUFG (Prop_bufg_I_O)         0.077    23.127 r  sys_clk_IBUF_BUFG_inst/O
                         net (fo=182, routed)         1.384    24.511    u_pl/u_clk/sys_clk_IBUF_BUFG
    MMCME2_ADV_X1Y0      MMCME2_ADV (Prop_mmcme2_adv_CLKIN1_CLKOUT0)
                                                     -2.915    21.596 r  u_pl/u_clk/u_mmcm/CLKOUT0
                         net (fo=1, routed)           1.454    23.050    u_pl/u_clk/clkout0
    BUFGCTRL_X0Y0        BUFG (Prop_bufg_I_O)         0.077    23.127 r  u_pl/u_clk/u_bufg_pix/O
                         net (fo=3206, routed)        1.296    24.423    u_pl/u_osd/clk_pix
    SLICE_X86Y50         FDCE                                         r  u_pl/u_osd/b_reg[7]/C
                         clock pessimism              0.246    24.669    
                         clock uncertainty           -0.259    24.410    
    SLICE_X86Y50         FDCE (Setup_fdce_C_D)        0.072    24.482    u_pl/u_osd/b_reg[7]
  -------------------------------------------------------------------
                         required time                         24.482    
                         arrival time                         -17.260    
  -------------------------------------------------------------------
                         slack                                  7.222    





Min Delay Paths
--------------------------------------------------------------------------------------
Slack (MET) :             0.211ns  (arrival time - required time)
  Source:                 u_pl/u_k1l/tog_reg/C
                            (rising edge-triggered cell FDRE clocked by sys_clk  {rise@0.000ns fall@10.000ns period=20.000ns})
  Destination:            u_pl/u_mode/lsync_reg[0]/D
                            (rising edge-triggered cell FDCE clocked by clkout0_1  {rise@0.000ns fall@10.000ns period=20.000ns})
  Path Group:             clkout0_1
  Path Type:              Hold (Min at Fast Process Corner)
  Requirement:            0.000ns  (clkout0_1 rise@0.000ns - sys_clk rise@0.000ns)
  Data Path Delay:        0.709ns  (logic 0.128ns (18.055%)  route 0.581ns (81.945%))
  Logic Levels:           0  
  Clock Path Skew:        0.246ns (DCD - SCD - CPR)
    Destination Clock Delay (DCD):    2.023ns
    Source Clock Delay      (SCD):    1.529ns
    Clock Pessimism Removal (CPR):    0.248ns
  Clock Uncertainty:      0.259ns  ((TSJ^2 + DJ^2)^1/2) / 2 + PE
    Total System Jitter     (TSJ):    0.071ns
    Discrete Jitter          (DJ):    0.175ns
    Phase Error              (PE):    0.165ns

    Location             Delay type                Incr(ns)  Path(ns)    Netlist Resource(s)
  -------------------------------------------------------------------    -------------------
                         (clock sys_clk rise edge)    0.000     0.000 r  
    W17                                               0.000     0.000 r  sys_clk (IN)
                         net (fo=0)                   0.000     0.000    sys_clk
    W17                  IBUF (Prop_ibuf_I_O)         0.252     0.252 r  sys_clk_IBUF_inst/O
                         net (fo=1, routed)           0.674     0.926    sys_clk_IBUF
    BUFGCTRL_X0Y4        BUFG (Prop_bufg_I_O)         0.026     0.952 r  sys_clk_IBUF_BUFG_inst/O
                         net (fo=182, routed)         0.577     1.529    u_pl/u_k1l/sys_clk_IBUF_BUFG
    SLICE_X60Y32         FDRE                                         r  u_pl/u_k1l/tog_reg/C
  -------------------------------------------------------------------    -------------------
    SLICE_X60Y32         FDRE (Prop_fdre_C_Q)         0.128     1.657 r  u_pl/u_k1l/tog_reg/Q
                         net (fo=3, routed)           0.581     2.238    u_pl/u_mode/lsync_reg[0]_0[0]
    SLICE_X51Y52         FDCE                                         r  u_pl/u_mode/lsync_reg[0]/D
  -------------------------------------------------------------------    -------------------

                         (clock clkout0_1 rise edge)
                                                      0.000     0.000 r  
    W17                                               0.000     0.000 r  sys_clk (IN)
                         net (fo=0)                   0.000     0.000    sys_clk
    W17                  IBUF (Prop_ibuf_I_O)         0.440     0.440 r  sys_clk_IBUF_inst/O
                         net (fo=1, routed)           0.731     1.171    sys_clk_IBUF
    BUFGCTRL_X0Y4        BUFG (Prop_bufg_I_O)         0.029     1.200 r  sys_clk_IBUF_BUFG_inst/O
                         net (fo=182, routed)         0.862     2.062    u_pl/u_clk/sys_clk_IBUF_BUFG
    MMCME2_ADV_X1Y0      MMCME2_ADV (Prop_mmcme2_adv_CLKIN1_CLKOUT0)
                                                     -1.467     0.595 r  u_pl/u_clk/u_mmcm/CLKOUT0
                         net (fo=1, routed)           0.576     1.171    u_pl/u_clk/clkout0
    BUFGCTRL_X0Y0        BUFG (Prop_bufg_I_O)         0.029     1.200 r  u_pl/u_clk/u_bufg_pix/O
                         net (fo=3206, routed)        0.823     2.023    u_pl/u_mode/clk_pix
    SLICE_X51Y52         FDCE                                         r  u_pl/u_mode/lsync_reg[0]/C
                         clock pessimism             -0.248     1.775    
                         clock uncertainty            0.259     2.034    
    SLICE_X51Y52         FDCE (Hold_fdce_C_D)        -0.008     2.026    u_pl/u_mode/lsync_reg[0]
  -------------------------------------------------------------------
                         required time                         -2.026    
                         arrival time                           2.238    
  -------------------------------------------------------------------
                         slack                                  0.211    





