Copyright 1986-2022 Xilinx, Inc. All Rights Reserved. Copyright 2022-2026 Advanced Micro Devices, Inc. All Rights Reserved.
---------------------------------------------------------------------------------------------------------------------------------------------
| Tool Version : Vivado v.2025.2.1 (win64) Build 6403652 Thu Mar 19 19:48:24 GMT 2026
| Date         : Sun Sep 27 03:00:42 2026
| Host         : Uie-laptop running 64-bit major release  (build 9200)
| Command      : report_timing_summary -file D:/Xilinx/Prj/pro/Video_Processing/build/timing_summary.rpt
| Design       : system_top
| Device       : 7z020-clg484
| Speed File   : -2  PRODUCTION 1.12 2019-11-22
| Design State : Routed
---------------------------------------------------------------------------------------------------------------------------------------------

Timing Summary Report

------------------------------------------------------------------------------------------------
| Timer Settings
| --------------
------------------------------------------------------------------------------------------------

  Enable Multi Corner Analysis               :  Yes
  Enable Pessimism Removal                   :  Yes
  Pessimism Removal Resolution               :  Nearest Common Node
  Enable Input Delay Default Clock           :  No
  Enable Preset / Clear Arcs                 :  No
  Disable Flight Delays                      :  No
  Ignore I/O Paths                           :  No
  Timing Early Launch at Borrowing Latches   :  No
  Borrow Time for Max Delay Exceptions       :  Yes
  Merge Timing Exceptions                    :  Yes
  Inter-SLR Compensation                     :  Conservative

  Corner  Analyze    Analyze    
  Name    Max Paths  Min Paths  
  ------  ---------  ---------  
  Slow    Yes        Yes        
  Fast    Yes        Yes        


------------------------------------------------------------------------------------------------
| Report Methodology
| ------------------
------------------------------------------------------------------------------------------------

Rule       Severity  Description                                                Violations  
---------  --------  ---------------------------------------------------------  ----------  
DPIR-1     Warning   Asynchronous driver check                                  129         
LUTAR-1    Warning   LUT drives async reset alert                               1           
SYNTH-5    Warning   Mapped onto distributed RAM because of timing constraints  320         
SYNTH-6    Warning   Timing of a RAM block might be sub-optimal                 102         
TIMING-9   Warning   Unknown CDC Logic                                          1           
TIMING-10  Warning   Missing property on synchronizer                           1           
TIMING-18  Warning   Missing input or output delay                              7           

Note: This report is based on the most recent report_methodology run and may not be up-to-date. Run report_methodology on the current design for the latest report.



check_timing report

Table of Contents
-----------------
1. checking no_clock (0)
2. checking constant_clock (0)
3. checking pulse_width_clock (0)
4. checking unconstrained_internal_endpoints (0)
5. checking no_input_delay (7)
6. checking no_output_delay (12)
7. checking multiple_clock (0)
8. checking generated_clocks (0)
9. checking loops (0)
10. checking partial_input_delay (0)
11. checking partial_output_delay (0)
12. checking latch_loops (0)

1. checking no_clock (0)
------------------------
 There are 0 register/latch pins with no clock.


2. checking constant_clock (0)
------------------------------
 There are 0 register/latch pins with constant_clock.


3. checking pulse_width_clock (0)
---------------------------------
 There are 0 register/latch pins which need pulse_width check


4. checking unconstrained_internal_endpoints (0)
------------------------------------------------
 There are 0 pins that are not constrained for maximum delay.

 There are 0 pins that are not constrained for maximum delay due to constant clock.


5. checking no_input_delay (7)
------------------------------
 There are 5 input ports with no input delay specified. (HIGH)

 There are 2 input ports with no input delay but user has a false path constraint. (MEDIUM)


6. checking no_output_delay (12)
--------------------------------
 There are 6 ports with no output delay specified. (HIGH)

 There are 6 ports with no output delay but user has a false path constraint (MEDIUM)

 There are 0 ports with no output delay but with a timing clock defined on it or propagating through it


7. checking multiple_clock (0)
------------------------------
 There are 0 register/latch pins with multiple clocks.


8. checking generated_clocks (0)
--------------------------------
 There are 0 generated clocks that are not connected to a clock source.


9. checking loops (0)
---------------------
 There are 0 combinational loops in the design.


10. checking partial_input_delay (0)
------------------------------------
 There are 0 input ports with partial input delay specified.


11. checking partial_output_delay (0)
-------------------------------------
 There are 0 ports with partial output delay specified.


12. checking latch_loops (0)
----------------------------
 There are 0 combinational latch loops in the design through latch input



------------------------------------------------------------------------------------------------
| Design Timing Summary
| ---------------------
------------------------------------------------------------------------------------------------

    WNS(ns)      TNS(ns)  TNS Failing Endpoints  TNS Total Endpoints      WHS(ns)      THS(ns)  THS Failing Endpoints  THS Total Endpoints     WPWS(ns)     TPWS(ns)  TPWS Failing Endpoints  TPWS Total Endpoints  
    -------      -------  ---------------------  -------------------      -------      -------  ---------------------  -------------------     --------     --------  ----------------------  --------------------  
      0.287        0.000                      0                39915        0.041        0.000                      0                39915        0.264        0.000                       0                 12843  


All user specified timing constraints are met.


------------------------------------------------------------------------------------------------
| Clock Summary
| -------------
------------------------------------------------------------------------------------------------

Clock         Waveform(ns)         Period(ns)      Frequency(MHz)
-----         ------------         ----------      --------------
clk_fpga_0    {0.000 5.000}        10.000          100.000         
eth_rxc       {0.000 4.000}        8.000           125.000         
sys_clk       {0.000 10.000}       20.000          50.000          
  clkfbout    {0.000 10.000}       20.000          50.000          
  clkfbout_1  {0.000 10.000}       20.000          50.000          
  clkout0_1   {0.000 10.000}       20.000          50.000          
  clkout1_1   {0.000 2.000}        4.000           250.000         
  clkout2     {0.000 2.500}        5.000           200.000         


------------------------------------------------------------------------------------------------
| Intra Clock Table
| -----------------
------------------------------------------------------------------------------------------------

Clock             WNS(ns)      TNS(ns)  TNS Failing Endpoints  TNS Total Endpoints      WHS(ns)      THS(ns)  THS Failing Endpoints  THS Total Endpoints     WPWS(ns)     TPWS(ns)  TPWS Failing Endpoints  TPWS Total Endpoints  
-----             -------      -------  ---------------------  -------------------      -------      -------  ---------------------  -------------------     --------     --------  ----------------------  --------------------  
clk_fpga_0          1.704        0.000                      0                15713        0.041        0.000                      0                15713        3.870        0.000                       0                  4368  
eth_rxc             0.287        0.000                      0                 4814        0.052        0.000                      0                 4814        3.500        0.000                       0                  2526  
sys_clk            14.313        0.000                      0                  255        0.121        0.000                      0                  255        7.000        0.000                       0                   187  
  clkfbout                                                                                                                                                     18.408        0.000                       0                     3  
  clkfbout_1                                                                                                                                                   18.408        0.000                       0                     3  
  clkout0_1         3.488        0.000                      0                19055        0.066        0.000                      0                19055        8.870        0.000                       0                  5743  
  clkout1_1                                                                                                                                                     2.408        0.000                       0                    10  
  clkout2                                                                                                                                                       0.264        0.000                       0                     3  


------------------------------------------------------------------------------------------------
| Inter Clock Table
| -----------------
------------------------------------------------------------------------------------------------

From Clock    To Clock          WNS(ns)      TNS(ns)  TNS Failing Endpoints  TNS Total Endpoints      WHS(ns)      THS(ns)  THS Failing Endpoints  THS Total Endpoints  
----------    --------          -------      -------  ---------------------  -------------------      -------      -------  ---------------------  -------------------  
clkout0_1     sys_clk            14.409        0.000                      0                   22        0.196        0.000                      0                   22  
sys_clk       clkout0_1           3.902        0.000                      0                  191        0.114        0.000                      0                  191  


------------------------------------------------------------------------------------------------
| Other Path Groups Table
| -----------------------
------------------------------------------------------------------------------------------------

Path Group    From Clock    To Clock          WNS(ns)      TNS(ns)  TNS Failing Endpoints  TNS Total Endpoints      WHS(ns)      THS(ns)  THS Failing Endpoints  THS Total Endpoints  
----------    ----------    --------          -------      -------  ---------------------  -------------------      -------      -------  ---------------------  -------------------  


------------------------------------------------------------------------------------------------
| Timing Details
| --------------
------------------------------------------------------------------------------------------------


---------------------------------------------------------------------------------------------------
From Clock:  clk_fpga_0
  To Clock:  clk_fpga_0

Setup :            0  Failing Endpoints,  Worst Slack        1.704ns,  Total Violation        0.000ns
Hold  :            0  Failing Endpoints,  Worst Slack        0.041ns,  Total Violation        0.000ns
PW    :            0  Failing Endpoints,  Worst Slack        3.870ns,  Total Violation        0.000ns
---------------------------------------------------------------------------------------------------


Max Delay Paths
--------------------------------------------------------------------------------------
Slack (MET) :             1.704ns  (required time - arrival time)
  Source:                 u_pl/u_arb/owner_eth_reg_rep__0/C
                            (rising edge-triggered cell FDCE clocked by clk_fpga_0  {rise@0.000ns fall@5.000ns period=10.000ns})
  Destination:            u_pl/u_bilin/u_fb/lo_reg_0_60/ADDRARDADDR[7]
                            (rising edge-triggered cell RAMB36E1 clocked by clk_fpga_0  {rise@0.000ns fall@5.000ns period=10.000ns})
  Path Group:             clk_fpga_0
  Path Type:              Setup (Max at Slow Process Corner)
  Requirement:            10.000ns  (clk_fpga_0 rise@10.000ns - clk_fpga_0 rise@0.000ns)
  Data Path Delay:        7.512ns  (logic 0.500ns (6.656%)  route 7.012ns (93.344%))
  Logic Levels:           1  (LUT3=1)
  Clock Path Skew:        0.023ns (DCD - SCD + CPR)
    Destination Clock Delay (DCD):    2.384ns = ( 12.384 - 10.000 ) 
    Source Clock Delay      (SCD):    2.457ns
    Clock Pessimism Removal (CPR):    0.097ns
  Clock Uncertainty:      0.154ns  ((TSJ^2 + TIJ^2)^1/2 + DJ) / 2 + PE
    Total System Jitter     (TSJ):    0.071ns
    Total Input Jitter      (TIJ):    0.300ns
    Discrete Jitter          (DJ):    0.000ns
    Phase Error              (PE):    0.000ns

    Location             Delay type                Incr(ns)  Path(ns)    Netlist Resource(s)
  -------------------------------------------------------------------    -------------------
                         (clock clk_fpga_0 rise edge)
                                                      0.000     0.000 r  
    PS7_X0Y0             PS7                          0.000     0.000 r  u_bd/design_1_i/processing_system7_0/inst/PS7_i/FCLKCLK[0]
                         net (fo=1, routed)           0.994     0.994    u_bd/design_1_i/processing_system7_0/inst/FCLK_CLK_unbuffered[0]
    BUFGCTRL_X0Y16       BUFG (Prop_bufg_I_O)         0.085     1.079 r  u_bd/design_1_i/processing_system7_0/inst/buffer_fclk_clk_0.FCLK_CLK_0_BUFG/O
                         net (fo=4369, routed)        1.378     2.457    u_pl/u_arb/FCLK_CLK0
    SLICE_X45Y69         FDCE                                         r  u_pl/u_arb/owner_eth_reg_rep__0/C
  -------------------------------------------------------------------    -------------------
    SLICE_X45Y69         FDCE (Prop_fdce_C_Q)         0.379     2.836 r  u_pl/u_arb/owner_eth_reg_rep__0/Q
                         net (fo=187, routed)         2.699     5.535    u_pl/u_row/wr_words_reg[17]_0
    SLICE_X47Y41         LUT3 (Prop_lut3_I2_O)        0.121     5.656 r  u_pl/u_row/lo_reg_0_12_i_8/O
                         net (fo=20, routed)          4.313     9.969    u_pl/u_bilin/u_fb/lo_reg_0_12_0[7]
    RAMB36_X5Y2          RAMB36E1                                     r  u_pl/u_bilin/u_fb/lo_reg_0_60/ADDRARDADDR[7]
  -------------------------------------------------------------------    -------------------

                         (clock clk_fpga_0 rise edge)
                                                     10.000    10.000 r  
    PS7_X0Y0             PS7                          0.000    10.000 r  u_bd/design_1_i/processing_system7_0/inst/PS7_i/FCLKCLK[0]
                         net (fo=1, routed)           0.905    10.906    u_bd/design_1_i/processing_system7_0/inst/FCLK_CLK_unbuffered[0]
    BUFGCTRL_X0Y16       BUFG (Prop_bufg_I_O)         0.077    10.983 r  u_bd/design_1_i/processing_system7_0/inst/buffer_fclk_clk_0.FCLK_CLK_0_BUFG/O
                         net (fo=4369, routed)        1.401    12.384    u_pl/u_bilin/u_fb/FCLK_CLK0
    RAMB36_X5Y2          RAMB36E1                                     r  u_pl/u_bilin/u_fb/lo_reg_0_60/CLKARDCLK
                         clock pessimism              0.097    12.480    
                         clock uncertainty           -0.154    12.326    
    RAMB36_X5Y2          RAMB36E1 (Setup_ramb36e1_CLKARDCLK_ADDRARDADDR[7])
                                                     -0.653    11.673    u_pl/u_bilin/u_fb/lo_reg_0_60
  -------------------------------------------------------------------
                         required time                         11.673    
                         arrival time                          -9.969    
  -------------------------------------------------------------------
                         slack                                  1.704    





Min Delay Paths
--------------------------------------------------------------------------------------
Slack (MET) :             0.041ns  (arrival time - required time)
  Source:                 u_bd/design_1_i/axi_gp0_ic/xbar/inst/gen_sasd.crossbar_sasd_0/reg_slice_r/m_payload_i_reg[2]/C
                            (rising edge-triggered cell FDRE clocked by clk_fpga_0  {rise@0.000ns fall@5.000ns period=10.000ns})
  Destination:            u_bd/design_1_i/axi_gp0_ic/s00_couplers/auto_pc/inst/gen_axilite.gen_b2s_conv.axilite_b2s/RD.r_channel_0/rd_data_fifo_0/memory_reg[31][33]_srl32/D
                            (rising edge-triggered cell SRLC32E clocked by clk_fpga_0  {rise@0.000ns fall@5.000ns period=10.000ns})
  Path Group:             clk_fpga_0
  Path Type:              Hold (Min at Fast Process Corner)
  Requirement:            0.000ns  (clk_fpga_0 rise@0.000ns - clk_fpga_0 rise@0.000ns)
  Data Path Delay:        0.240ns  (logic 0.141ns (58.643%)  route 0.099ns (41.357%))
  Logic Levels:           0  
  Clock Path Skew:        0.016ns (DCD - SCD - CPR)
    Destination Clock Delay (DCD):    1.190ns
    Source Clock Delay      (SCD):    0.892ns
    Clock Pessimism Removal (CPR):    0.282ns

    Location             Delay type                Incr(ns)  Path(ns)    Netlist Resource(s)
  -------------------------------------------------------------------    -------------------
                         (clock clk_fpga_0 rise edge)
                                                      0.000     0.000 r  
    PS7_X0Y0             PS7                          0.000     0.000 r  u_bd/design_1_i/processing_system7_0/inst/PS7_i/FCLKCLK[0]
                         net (fo=1, routed)           0.310     0.310    u_bd/design_1_i/processing_system7_0/inst/FCLK_CLK_unbuffered[0]
    BUFGCTRL_X0Y16       BUFG (Prop_bufg_I_O)         0.026     0.336 r  u_bd/design_1_i/processing_system7_0/inst/buffer_fclk_clk_0.FCLK_CLK_0_BUFG/O
                         net (fo=4369, routed)        0.556     0.892    u_bd/design_1_i/axi_gp0_ic/xbar/inst/gen_sasd.crossbar_sasd_0/reg_slice_r/aclk
    SLICE_X39Y96         FDRE                                         r  u_bd/design_1_i/axi_gp0_ic/xbar/inst/gen_sasd.crossbar_sasd_0/reg_slice_r/m_payload_i_reg[2]/C
  -------------------------------------------------------------------    -------------------
    SLICE_X39Y96         FDRE (Prop_fdre_C_Q)         0.141     1.033 r  u_bd/design_1_i/axi_gp0_ic/xbar/inst/gen_sasd.crossbar_sasd_0/reg_slice_r/m_payload_i_reg[2]/Q
                         net (fo=1, routed)           0.099     1.132    u_bd/design_1_i/axi_gp0_ic/s00_couplers/auto_pc/inst/gen_axilite.gen_b2s_conv.axilite_b2s/RD.r_channel_0/rd_data_fifo_0/in[33]
    SLICE_X36Y96         SRLC32E                                      r  u_bd/design_1_i/axi_gp0_ic/s00_couplers/auto_pc/inst/gen_axilite.gen_b2s_conv.axilite_b2s/RD.r_channel_0/rd_data_fifo_0/memory_reg[31][33]_srl32/D
  -------------------------------------------------------------------    -------------------

                         (clock clk_fpga_0 rise edge)
                                                      0.000     0.000 r  
    PS7_X0Y0             PS7                          0.000     0.000 r  u_bd/design_1_i/processing_system7_0/inst/PS7_i/FCLKCLK[0]
                         net (fo=1, routed)           0.337     0.337    u_bd/design_1_i/processing_system7_0/inst/FCLK_CLK_unbuffered[0]
    BUFGCTRL_X0Y16       BUFG (Prop_bufg_I_O)         0.029     0.366 r  u_bd/design_1_i/processing_system7_0/inst/buffer_fclk_clk_0.FCLK_CLK_0_BUFG/O
                         net (fo=4369, routed)        0.824     1.190    u_bd/design_1_i/axi_gp0_ic/s00_couplers/auto_pc/inst/gen_axilite.gen_b2s_conv.axilite_b2s/RD.r_channel_0/rd_data_fifo_0/aclk
    SLICE_X36Y96         SRLC32E                                      r  u_bd/design_1_i/axi_gp0_ic/s00_couplers/auto_pc/inst/gen_axilite.gen_b2s_conv.axilite_b2s/RD.r_channel_0/rd_data_fifo_0/memory_reg[31][33]_srl32/CLK
                         clock pessimism             -0.282     0.908    
    SLICE_X36Y96         SRLC32E (Hold_srlc32e_CLK_D)
                                                      0.183     1.091    u_bd/design_1_i/axi_gp0_ic/s00_couplers/auto_pc/inst/gen_axilite.gen_b2s_conv.axilite_b2s/RD.r_channel_0/rd_data_fifo_0/memory_reg[31][33]_srl32
  -------------------------------------------------------------------
                         required time                         -1.091    
                         arrival time                           1.132    
  -------------------------------------------------------------------
                         slack                                  0.041    





Pulse Width Checks
--------------------------------------------------------------------------------------
Clock Name:         clk_fpga_0
Waveform(ns):       { 0.000 5.000 }
Period(ns):         10.000
Sources:            { u_bd/design_1_i/processing_system7_0/inst/PS7_i/FCLKCLK[0] }

Check Type        Corner  Lib Pin             Reference Pin  Required(ns)  Actual(ns)  Slack(ns)  Location      Pin
Min Period        n/a     RAMB36E1/CLKBWRCLK  n/a            2.170         10.000      7.830      RAMB36_X0Y4   u_eth/u_cdc/mem_reg_0/CLKBWRCLK
Low Pulse Width   Slow    RAMD64E/CLK         n/a            1.130         5.000       3.870      SLICE_X20Y26  u_eth/u_saver/q_addr_reg_0_63_12_14/RAMA/CLK
High Pulse Width  Slow    RAMD64E/CLK         n/a            1.130         5.000       3.870      SLICE_X20Y26  u_eth/u_saver/q_addr_reg_0_63_12_14/RAMA/CLK



---------------------------------------------------------------------------------------------------
From Clock:  eth_rxc
  To Clock:  eth_rxc

Setup :            0  Failing Endpoints,  Worst Slack        0.287ns,  Total Violation        0.000ns
Hold  :            0  Failing Endpoints,  Worst Slack        0.052ns,  Total Violation        0.000ns
PW    :            0  Failing Endpoints,  Worst Slack        3.500ns,  Total Violation        0.000ns
---------------------------------------------------------------------------------------------------


Max Delay Paths
--------------------------------------------------------------------------------------
Slack (MET) :             0.287ns  (required time - arrival time)
  Source:                 u_eth/u_cdc/wbin_reg[2]/C
                            (rising edge-triggered cell FDCE clocked by eth_rxc  {rise@0.000ns fall@4.000ns period=8.000ns})
  Destination:            u_eth/u_lm/cdc_ep_reg[28]/CE
                            (rising edge-triggered cell FDCE clocked by eth_rxc  {rise@0.000ns fall@4.000ns period=8.000ns})
  Path Group:             eth_rxc
  Path Type:              Setup (Max at Slow Process Corner)
  Requirement:            8.000ns  (eth_rxc rise@8.000ns - eth_rxc rise@0.000ns)
  Data Path Delay:        7.257ns  (logic 2.510ns (34.586%)  route 4.747ns (65.414%))
  Logic Levels:           8  (CARRY4=5 LUT2=1 LUT4=1 LUT5=1)
  Clock Path Skew:        -0.252ns (DCD - SCD + CPR)
    Destination Clock Delay (DCD):    4.364ns = ( 12.364 - 8.000 ) 
    Source Clock Delay      (SCD):    4.862ns
    Clock Pessimism Removal (CPR):    0.246ns
  Clock Uncertainty:      0.035ns  ((TSJ^2 + TIJ^2)^1/2 + DJ) / 2 + PE
    Total System Jitter     (TSJ):    0.071ns
    Total Input Jitter      (TIJ):    0.000ns
    Discrete Jitter          (DJ):    0.000ns
    Phase Error              (PE):    0.000ns

    Location             Delay type                Incr(ns)  Path(ns)    Netlist Resource(s)
  -------------------------------------------------------------------    -------------------
                         (clock eth_rxc rise edge)    0.000     0.000 r  
    Y19                                               0.000     0.000 r  eth_rxc (IN)
                         net (fo=0)                   0.000     0.000    eth_rxc
    Y19                  IBUF (Prop_ibuf_I_O)         1.430     1.430 r  eth_rxc_IBUF_inst/O
                         net (fo=2, routed)           1.873     3.303    u_eth/u_rgmii/u_rgmii_rx/rgmii_rxc
    BUFGCTRL_X0Y1        BUFG (Prop_bufg_I_O)         0.085     3.388 r  u_eth/u_rgmii/u_rgmii_rx/BUFG_inst/O
                         net (fo=2520, routed)        1.474     4.862    u_eth/u_cdc/gmii_rx_clk
    SLICE_X13Y16         FDCE                                         r  u_eth/u_cdc/wbin_reg[2]/C
  -------------------------------------------------------------------    -------------------
    SLICE_X13Y16         FDCE (Prop_fdce_C_Q)         0.379     5.241 r  u_eth/u_cdc/wbin_reg[2]/Q
                         net (fo=11, routed)          0.842     6.082    u_eth/u_cdc/wbin_reg[2]
    SLICE_X11Y16         CARRY4 (Prop_carry4_S[1]_CO[3])
                                                      0.562     6.644 r  u_eth/u_cdc/wgray_reg[4]_i_2/CO[3]
                         net (fo=1, routed)           0.000     6.644    u_eth/u_cdc/wgray_reg[4]_i_2_n_0
    SLICE_X11Y17         CARRY4 (Prop_carry4_CI_CO[3])
                                                      0.098     6.742 r  u_eth/u_cdc/wgray_reg[8]_i_2/CO[3]
                         net (fo=1, routed)           0.000     6.742    u_eth/u_cdc/wgray_reg[8]_i_2_n_0
    SLICE_X11Y18         CARRY4 (Prop_carry4_CI_O[3])
                                                      0.260     7.002 r  u_eth/u_cdc/wgray_reg[13]_i_3/O[3]
                         net (fo=4, routed)           0.701     7.704    u_eth/u_cdc/b1_in__0[12]
    SLICE_X12Y17         LUT5 (Prop_lut5_I2_O)        0.257     7.961 r  u_eth/u_cdc/full_d_i_8/O
                         net (fo=1, routed)           0.444     8.404    u_eth/u_cdc/full_d_i_8_n_0
    SLICE_X12Y18         LUT4 (Prop_lut4_I3_O)        0.105     8.509 r  u_eth/u_cdc/full_d_i_4/O
                         net (fo=1, routed)           0.000     8.509    u_eth/u_cdc/full_d_i_4_n_0
    SLICE_X12Y18         CARRY4 (Prop_carry4_S[3]_CO[3])
                                                      0.314     8.823 r  u_eth/u_cdc/full_d_reg_i_2/CO[3]
                         net (fo=1, routed)           0.000     8.823    u_eth/u_cdc/full_d_reg_i_2_n_0
    SLICE_X12Y19         CARRY4 (Prop_carry4_CI_CO[0])
                                                      0.238     9.061 r  u_eth/u_cdc/full_d_reg_i_1/CO[0]
                         net (fo=6, routed)           0.605     9.666    u_eth/u_cdc/wr_full
    SLICE_X18Y21         LUT2 (Prop_lut2_I0_O)        0.297     9.963 r  u_eth/u_cdc/cdc_ep[0]_i_1/O
                         net (fo=32, routed)          2.156    12.119    u_eth/u_lm/cdc_rise
    SLICE_X40Y74         FDCE                                         r  u_eth/u_lm/cdc_ep_reg[28]/CE
  -------------------------------------------------------------------    -------------------

                         (clock eth_rxc rise edge)    8.000     8.000 r  
    Y19                                               0.000     8.000 r  eth_rxc (IN)
                         net (fo=0)                   0.000     8.000    eth_rxc
    Y19                  IBUF (Prop_ibuf_I_O)         1.364     9.364 r  eth_rxc_IBUF_inst/O
                         net (fo=2, routed)           1.701    11.065    u_eth/u_rgmii/u_rgmii_rx/rgmii_rxc
    BUFGCTRL_X0Y1        BUFG (Prop_bufg_I_O)         0.077    11.142 r  u_eth/u_rgmii/u_rgmii_rx/BUFG_inst/O
                         net (fo=2520, routed)        1.222    12.364    u_eth/u_lm/gmii_rx_clk
    SLICE_X40Y74         FDCE                                         r  u_eth/u_lm/cdc_ep_reg[28]/C
                         clock pessimism              0.246    12.610    
                         clock uncertainty           -0.035    12.574    
    SLICE_X40Y74         FDCE (Setup_fdce_C_CE)      -0.168    12.406    u_eth/u_lm/cdc_ep_reg[28]
  -------------------------------------------------------------------
                         required time                         12.406    
                         arrival time                         -12.119    
  -------------------------------------------------------------------
                         slack                                  0.287    





Min Delay Paths
--------------------------------------------------------------------------------------
Slack (MET) :             0.052ns  (arrival time - required time)
  Source:                 u_eth/u_icmp/u_icmp_tx/total_num_reg[7]/C
                            (rising edge-triggered cell FDCE clocked by eth_rxc  {rise@0.000ns fall@4.000ns period=8.000ns})
  Destination:            u_eth/u_icmp/u_icmp_tx/ip_head_reg[0][7]/D
                            (rising edge-triggered cell FDRE clocked by eth_rxc  {rise@0.000ns fall@4.000ns period=8.000ns})
  Path Group:             eth_rxc
  Path Type:              Hold (Min at Fast Process Corner)
  Requirement:            0.000ns  (eth_rxc rise@0.000ns - eth_rxc rise@0.000ns)
  Data Path Delay:        0.677ns  (logic 0.141ns (20.829%)  route 0.536ns (79.171%))
  Logic Levels:           0  
  Clock Path Skew:        0.036ns (DCD - SCD - CPR)
    Destination Clock Delay (DCD):    2.088ns
    Source Clock Delay      (SCD):    1.571ns
    Clock Pessimism Removal (CPR):    0.481ns
  Clock Uncertainty:      0.500ns  ((TSJ^2 + TIJ^2)^1/2 + DJ) / 2 + PE + UU
    Total System Jitter     (TSJ):    0.000ns
    Total Input Jitter      (TIJ):    0.000ns
    Discrete Jitter          (DJ):    0.000ns
    Phase Error              (PE):    0.000ns
    User Uncertainty         (UU):    0.500ns

    Location             Delay type                Incr(ns)  Path(ns)    Netlist Resource(s)
  -------------------------------------------------------------------    -------------------
                         (clock eth_rxc rise edge)    0.000     0.000 r  
    Y19                                               0.000     0.000 r  eth_rxc (IN)
                         net (fo=0)                   0.000     0.000    eth_rxc
    Y19                  IBUF (Prop_ibuf_I_O)         0.266     0.266 r  eth_rxc_IBUF_inst/O
                         net (fo=2, routed)           0.674     0.940    u_eth/u_rgmii/u_rgmii_rx/rgmii_rxc
    BUFGCTRL_X0Y1        BUFG (Prop_bufg_I_O)         0.026     0.966 r  u_eth/u_rgmii/u_rgmii_rx/BUFG_inst/O
                         net (fo=2520, routed)        0.605     1.571    u_eth/u_icmp/u_icmp_tx/gmii_rx_clk
    SLICE_X95Y32         FDCE                                         r  u_eth/u_icmp/u_icmp_tx/total_num_reg[7]/C
  -------------------------------------------------------------------    -------------------
    SLICE_X95Y32         FDCE (Prop_fdce_C_Q)         0.141     1.712 r  u_eth/u_icmp/u_icmp_tx/total_num_reg[7]/Q
                         net (fo=1, routed)           0.536     2.248    u_eth/u_icmp/u_icmp_tx/total_num[7]
    SLICE_X98Y33         FDRE                                         r  u_eth/u_icmp/u_icmp_tx/ip_head_reg[0][7]/D
  -------------------------------------------------------------------    -------------------

                         (clock eth_rxc rise edge)    0.000     0.000 r  
    Y19                                               0.000     0.000 r  eth_rxc (IN)
                         net (fo=0)                   0.000     0.000    eth_rxc
    Y19                  IBUF (Prop_ibuf_I_O)         0.454     0.454 r  eth_rxc_IBUF_inst/O
                         net (fo=2, routed)           0.731     1.185    u_eth/u_rgmii/u_rgmii_rx/rgmii_rxc
    BUFGCTRL_X0Y1        BUFG (Prop_bufg_I_O)         0.029     1.214 r  u_eth/u_rgmii/u_rgmii_rx/BUFG_inst/O
                         net (fo=2520, routed)        0.874     2.088    u_eth/u_icmp/u_icmp_tx/gmii_rx_clk
    SLICE_X98Y33         FDRE                                         r  u_eth/u_icmp/u_icmp_tx/ip_head_reg[0][7]/C
                         clock pessimism             -0.481     1.607    
                         clock uncertainty            0.500     2.107    
    SLICE_X98Y33         FDRE (Hold_fdre_C_D)         0.089     2.196    u_eth/u_icmp/u_icmp_tx/ip_head_reg[0][7]
  -------------------------------------------------------------------
                         required time                         -2.196    
                         arrival time                           2.248    
  -------------------------------------------------------------------
                         slack                                  0.052    





Pulse Width Checks
--------------------------------------------------------------------------------------
Clock Name:         eth_rxc
Waveform(ns):       { 0.000 4.000 }
Period(ns):         8.000
Sources:            { eth_rxc }

Check Type        Corner  Lib Pin             Reference Pin  Required(ns)  Actual(ns)  Slack(ns)  Location      Pin
Min Period        n/a     RAMB18E1/CLKARDCLK  n/a            2.472         8.000       5.528      RAMB18_X4Y10  u_eth/u_icmp_fifo/mem_reg/CLKARDCLK
Low Pulse Width   Slow    FDCE/C              n/a            0.500         4.000       3.500      SLICE_X18Y21  u_eth/flush_pend_reg/C
High Pulse Width  Slow    FDCE/C              n/a            0.500         4.000       3.500      SLICE_X18Y21  u_eth/flush_pend_reg/C



---------------------------------------------------------------------------------------------------
From Clock:  sys_clk
  To Clock:  sys_clk

Setup :            0  Failing Endpoints,  Worst Slack       14.313ns,  Total Violation        0.000ns
Hold  :            0  Failing Endpoints,  Worst Slack        0.121ns,  Total Violation        0.000ns
PW    :            0  Failing Endpoints,  Worst Slack        7.000ns,  Total Violation        0.000ns
---------------------------------------------------------------------------------------------------


Max Delay Paths
--------------------------------------------------------------------------------------
Slack (MET) :             14.313ns  (required time - arrival time)
  Source:                 u_pl/u_ang/angle_reg[2]/C
                            (rising edge-triggered cell FDRE clocked by sys_clk  {rise@0.000ns fall@10.000ns period=20.000ns})
  Destination:            u_pl/u_ang/angle_reg[4]/D
                            (rising edge-triggered cell FDRE clocked by sys_clk  {rise@0.000ns fall@10.000ns period=20.000ns})
  Path Group:             sys_clk
  Path Type:              Setup (Max at Slow Process Corner)
  Requirement:            20.000ns  (sys_clk rise@20.000ns - sys_clk rise@0.000ns)
  Data Path Delay:        5.447ns  (logic 1.149ns (21.094%)  route 4.298ns (78.906%))
  Logic Levels:           5  (LUT5=3 LUT6=1 MUXF7=1)
  Clock Path Skew:        -0.028ns (DCD - SCD + CPR)
    Destination Clock Delay (DCD):    4.508ns = ( 24.508 - 20.000 ) 
    Source Clock Delay      (SCD):    4.922ns
    Clock Pessimism Removal (CPR):    0.386ns
  Clock Uncertainty:      0.035ns  ((TSJ^2 + TIJ^2)^1/2 + DJ) / 2 + PE
    Total System Jitter     (TSJ):    0.071ns
    Total Input Jitter      (TIJ):    0.000ns
    Discrete Jitter          (DJ):    0.000ns
    Phase Error              (PE):    0.000ns

    Location             Delay type                Incr(ns)  Path(ns)    Netlist Resource(s)
  -------------------------------------------------------------------    -------------------
                         (clock sys_clk rise edge)    0.000     0.000 r  
    W17                                               0.000     0.000 r  sys_clk (IN)
                         net (fo=0)                   0.000     0.000    sys_clk
    W17                  IBUF (Prop_ibuf_I_O)         1.415     1.415 r  sys_clk_IBUF_inst/O
                         net (fo=1, routed)           1.873     3.288    sys_clk_IBUF
    BUFGCTRL_X0Y4        BUFG (Prop_bufg_I_O)         0.085     3.373 r  sys_clk_IBUF_BUFG_inst/O
                         net (fo=186, routed)         1.549     4.922    u_pl/u_ang/sys_clk_IBUF_BUFG
    SLICE_X51Y106        FDRE                                         r  u_pl/u_ang/angle_reg[2]/C
  -------------------------------------------------------------------    -------------------
    SLICE_X51Y106        FDRE (Prop_fdre_C_Q)         0.379     5.301 r  u_pl/u_ang/angle_reg[2]/Q
                         net (fo=199, routed)         1.792     7.093    u_pl/u_ang/angle_reg_n_0_[2]
    SLICE_X47Y108        LUT5 (Prop_lut5_I1_O)        0.105     7.198 r  u_pl/u_ang/rot_s0_i_2/O
                         net (fo=5, routed)           0.680     7.877    u_pl/u_ang/rot_s0_i_2_n_0
    SLICE_X49Y108        LUT5 (Prop_lut5_I0_O)        0.115     7.992 r  u_pl/u_ang/rot_s0_i_1/O
                         net (fo=3, routed)           0.372     8.365    u_pl/u_ang/angle_reg[8]_4
    SLICE_X49Y108        LUT6 (Prop_lut6_I0_O)        0.267     8.632 r  u_pl/u_ang/angle[4]_i_4/O
                         net (fo=1, routed)           0.773     9.404    u_pl/u_ang/angle[4]_i_4_n_0
    SLICE_X53Y108        LUT5 (Prop_lut5_I0_O)        0.105     9.509 r  u_pl/u_ang/angle[4]_i_2/O
                         net (fo=1, routed)           0.000     9.509    u_pl/u_ang/angle[4]_i_2_n_0
    SLICE_X53Y108        MUXF7 (Prop_muxf7_I0_O)      0.178     9.687 r  u_pl/u_ang/angle_reg[4]_i_1/O
                         net (fo=2, routed)           0.682    10.369    u_pl/u_ang/p_1_in__0[4]
    SLICE_X50Y108        FDRE                                         r  u_pl/u_ang/angle_reg[4]/D
  -------------------------------------------------------------------    -------------------

                         (clock sys_clk rise edge)   20.000    20.000 r  
    W17                                               0.000    20.000 r  sys_clk (IN)
                         net (fo=0)                   0.000    20.000    sys_clk
    W17                  IBUF (Prop_ibuf_I_O)         1.349    21.349 r  sys_clk_IBUF_inst/O
                         net (fo=1, routed)           1.701    23.050    sys_clk_IBUF
    BUFGCTRL_X0Y4        BUFG (Prop_bufg_I_O)         0.077    23.127 r  sys_clk_IBUF_BUFG_inst/O
                         net (fo=186, routed)         1.381    24.508    u_pl/u_ang/sys_clk_IBUF_BUFG
    SLICE_X50Y108        FDRE                                         r  u_pl/u_ang/angle_reg[4]/C
                         clock pessimism              0.386    24.894    
                         clock uncertainty           -0.035    24.859    
    SLICE_X50Y108        FDRE (Setup_fdre_C_D)       -0.177    24.682    u_pl/u_ang/angle_reg[4]
  -------------------------------------------------------------------
                         required time                         24.682    
                         arrival time                         -10.369    
  -------------------------------------------------------------------
                         slack                                 14.313    





Min Delay Paths
--------------------------------------------------------------------------------------
Slack (MET) :             0.121ns  (arrival time - required time)
  Source:                 u_pl/vt0_reg/C
                            (rising edge-triggered cell FDRE clocked by sys_clk  {rise@0.000ns fall@10.000ns period=20.000ns})
  Destination:            u_pl/vt1_reg/D
                            (rising edge-triggered cell FDRE clocked by sys_clk  {rise@0.000ns fall@10.000ns period=20.000ns})
  Path Group:             sys_clk
  Path Type:              Hold (Min at Fast Process Corner)
  Requirement:            0.000ns  (sys_clk rise@0.000ns - sys_clk rise@0.000ns)
  Data Path Delay:        0.196ns  (logic 0.141ns (71.838%)  route 0.055ns (28.162%))
  Logic Levels:           0  
  Clock Path Skew:        0.000ns (DCD - SCD - CPR)
    Destination Clock Delay (DCD):    2.135ns
    Source Clock Delay      (SCD):    1.613ns
    Clock Pessimism Removal (CPR):    0.522ns

    Location             Delay type                Incr(ns)  Path(ns)    Netlist Resource(s)
  -------------------------------------------------------------------    -------------------
                         (clock sys_clk rise edge)    0.000     0.000 r  
    W17                                               0.000     0.000 r  sys_clk (IN)
                         net (fo=0)                   0.000     0.000    sys_clk
    W17                  IBUF (Prop_ibuf_I_O)         0.252     0.252 r  sys_clk_IBUF_inst/O
                         net (fo=1, routed)           0.674     0.926    sys_clk_IBUF
    BUFGCTRL_X0Y4        BUFG (Prop_bufg_I_O)         0.026     0.952 r  sys_clk_IBUF_BUFG_inst/O
                         net (fo=186, routed)         0.661     1.613    u_pl/sys_clk_IBUF_BUFG
    SLICE_X57Y105        FDRE                                         r  u_pl/vt0_reg/C
  -------------------------------------------------------------------    -------------------
    SLICE_X57Y105        FDRE (Prop_fdre_C_Q)         0.141     1.754 r  u_pl/vt0_reg/Q
                         net (fo=1, routed)           0.055     1.809    u_pl/vt0
    SLICE_X57Y105        FDRE                                         r  u_pl/vt1_reg/D
  -------------------------------------------------------------------    -------------------

                         (clock sys_clk rise edge)    0.000     0.000 r  
    W17                                               0.000     0.000 r  sys_clk (IN)
                         net (fo=0)                   0.000     0.000    sys_clk
    W17                  IBUF (Prop_ibuf_I_O)         0.440     0.440 r  sys_clk_IBUF_inst/O
                         net (fo=1, routed)           0.731     1.171    sys_clk_IBUF
    BUFGCTRL_X0Y4        BUFG (Prop_bufg_I_O)         0.029     1.200 r  sys_clk_IBUF_BUFG_inst/O
                         net (fo=186, routed)         0.935     2.135    u_pl/sys_clk_IBUF_BUFG
    SLICE_X57Y105        FDRE                                         r  u_pl/vt1_reg/C
                         clock pessimism             -0.522     1.613    
    SLICE_X57Y105        FDRE (Hold_fdre_C_D)         0.075     1.688    u_pl/vt1_reg
  -------------------------------------------------------------------
                         required time                         -1.688    
                         arrival time                           1.809    
  -------------------------------------------------------------------
                         slack                                  0.121    





Pulse Width Checks
--------------------------------------------------------------------------------------
Clock Name:         sys_clk
Waveform(ns):       { 0.000 10.000 }
Period(ns):         20.000
Sources:            { sys_clk }

Check Type        Corner  Lib Pin            Reference Pin  Required(ns)  Actual(ns)  Slack(ns)  Location         Pin
Min Period        n/a     BUFG/I             n/a            1.592         20.000      18.408     BUFGCTRL_X0Y4    sys_clk_IBUF_BUFG_inst/I
Max Period        n/a     MMCME2_ADV/CLKIN1  n/a            100.000       20.000      80.000     MMCME2_ADV_X0Y0  u_idelay_clkgen/u_mmcm/CLKIN1
Low Pulse Width   Slow    MMCME2_ADV/CLKIN1  n/a            3.000         10.000      7.000      MMCME2_ADV_X0Y0  u_idelay_clkgen/u_mmcm/CLKIN1
High Pulse Width  Slow    MMCME2_ADV/CLKIN1  n/a            3.000         10.000      7.000      MMCME2_ADV_X0Y0  u_idelay_clkgen/u_mmcm/CLKIN1



---------------------------------------------------------------------------------------------------
From Clock:  clkfbout
  To Clock:  clkfbout

Setup :           NA  Failing Endpoints,  Worst Slack           NA  ,  Total Violation           NA
Hold  :           NA  Failing Endpoints,  Worst Slack           NA  ,  Total Violation           NA
PW    :            0  Failing Endpoints,  Worst Slack       18.408ns,  Total Violation        0.000ns
---------------------------------------------------------------------------------------------------


Pulse Width Checks
--------------------------------------------------------------------------------------
Clock Name:         clkfbout
Waveform(ns):       { 0.000 10.000 }
Period(ns):         20.000
Sources:            { u_idelay_clkgen/u_mmcm/CLKFBOUT }

Check Type  Corner  Lib Pin             Reference Pin  Required(ns)  Actual(ns)  Slack(ns)  Location         Pin
Min Period  n/a     BUFG/I              n/a            1.592         20.000      18.408     BUFGCTRL_X0Y5    u_idelay_clkgen/u_bufg_fb/I
Max Period  n/a     MMCME2_ADV/CLKFBIN  n/a            100.000       20.000      80.000     MMCME2_ADV_X0Y0  u_idelay_clkgen/u_mmcm/CLKFBIN



---------------------------------------------------------------------------------------------------
From Clock:  clkfbout_1
  To Clock:  clkfbout_1

Setup :           NA  Failing Endpoints,  Worst Slack           NA  ,  Total Violation           NA
Hold  :           NA  Failing Endpoints,  Worst Slack           NA  ,  Total Violation           NA
PW    :            0  Failing Endpoints,  Worst Slack       18.408ns,  Total Violation        0.000ns
---------------------------------------------------------------------------------------------------


Pulse Width Checks
--------------------------------------------------------------------------------------
Clock Name:         clkfbout_1
Waveform(ns):       { 0.000 10.000 }
Period(ns):         20.000
Sources:            { u_pl/u_clk/u_mmcm/CLKFBOUT }

Check Type  Corner  Lib Pin             Reference Pin  Required(ns)  Actual(ns)  Slack(ns)  Location         Pin
Min Period  n/a     BUFG/I              n/a            1.592         20.000      18.408     BUFGCTRL_X0Y6    u_pl/u_clk/u_bufg_fb/I
Max Period  n/a     MMCME2_ADV/CLKFBIN  n/a            100.000       20.000      80.000     MMCME2_ADV_X1Y0  u_pl/u_clk/u_mmcm/CLKFBIN



---------------------------------------------------------------------------------------------------
From Clock:  clkout0_1
  To Clock:  clkout0_1

Setup :            0  Failing Endpoints,  Worst Slack        3.488ns,  Total Violation        0.000ns
Hold  :            0  Failing Endpoints,  Worst Slack        0.066ns,  Total Violation        0.000ns
PW    :            0  Failing Endpoints,  Worst Slack        8.870ns,  Total Violation        0.000ns
---------------------------------------------------------------------------------------------------


Max Delay Paths
--------------------------------------------------------------------------------------
Slack (MET) :             3.488ns  (required time - arrival time)
  Source:                 u_pl/u_split_ctrl/pct_q_reg[2]/C
                            (rising edge-triggered cell FDCE clocked by clkout0_1  {rise@0.000ns fall@10.000ns period=20.000ns})
  Destination:            u_pl/u_osd/g_reg[3]/D
                            (rising edge-triggered cell FDCE clocked by clkout0_1  {rise@0.000ns fall@10.000ns period=20.000ns})
  Path Group:             clkout0_1
  Path Type:              Setup (Max at Slow Process Corner)
  Requirement:            20.000ns  (clkout0_1 rise@20.000ns - clkout0_1 rise@0.000ns)
  Data Path Delay:        16.357ns  (logic 4.169ns (25.488%)  route 12.188ns (74.512%))
  Logic Levels:           20  (CARRY4=3 LUT2=1 LUT3=3 LUT5=1 LUT6=11 MUXF7=1)
  Clock Path Skew:        -0.093ns (DCD - SCD + CPR)
    Destination Clock Delay (DCD):    4.481ns = ( 24.481 - 20.000 ) 
    Source Clock Delay      (SCD):    4.820ns
    Clock Pessimism Removal (CPR):    0.246ns
  Clock Uncertainty:      0.094ns  ((TSJ^2 + DJ^2)^1/2) / 2 + PE
    Total System Jitter     (TSJ):    0.071ns
    Discrete Jitter          (DJ):    0.175ns
    Phase Error              (PE):    0.000ns

    Location             Delay type                Incr(ns)  Path(ns)    Netlist Resource(s)
  -------------------------------------------------------------------    -------------------
                         (clock clkout0_1 rise edge)
                                                      0.000     0.000 r  
    W17                                               0.000     0.000 r  sys_clk (IN)
                         net (fo=0)                   0.000     0.000    sys_clk
    W17                  IBUF (Prop_ibuf_I_O)         1.415     1.415 r  sys_clk_IBUF_inst/O
                         net (fo=1, routed)           1.873     3.288    sys_clk_IBUF
    BUFGCTRL_X0Y4        BUFG (Prop_bufg_I_O)         0.085     3.373 r  sys_clk_IBUF_BUFG_inst/O
                         net (fo=186, routed)         1.550     4.923    u_pl/u_clk/sys_clk_IBUF_BUFG
    MMCME2_ADV_X1Y0      MMCME2_ADV (Prop_mmcme2_adv_CLKIN1_CLKOUT0)
                                                     -3.232     1.691 r  u_pl/u_clk/u_mmcm/CLKOUT0
                         net (fo=1, routed)           1.597     3.288    u_pl/u_clk/clkout0
    BUFGCTRL_X0Y0        BUFG (Prop_bufg_I_O)         0.085     3.373 r  u_pl/u_clk/u_bufg_pix/O
                         net (fo=5744, routed)        1.447     4.820    u_pl/u_split_ctrl/clk_pix
    SLICE_X67Y98         FDCE                                         r  u_pl/u_split_ctrl/pct_q_reg[2]/C
  -------------------------------------------------------------------    -------------------
    SLICE_X67Y98         FDCE (Prop_fdce_C_Q)         0.379     5.199 r  u_pl/u_split_ctrl/pct_q_reg[2]/Q
                         net (fo=14, routed)          0.845     6.044    u_pl/u_split_ctrl/split_pct_w[2]
    SLICE_X60Y96         LUT3 (Prop_lut3_I0_O)        0.105     6.149 r  u_pl/u_split_ctrl/g0_b0_i_569/O
                         net (fo=1, routed)           0.000     6.149    u_pl/u_split_ctrl/g0_b0_i_569_n_0
    SLICE_X60Y96         CARRY4 (Prop_carry4_S[0]_CO[3])
                                                      0.440     6.589 r  u_pl/u_split_ctrl/g0_b0_i_360/CO[3]
                         net (fo=1, routed)           0.000     6.589    u_pl/u_split_ctrl/g0_b0_i_360_n_0
    SLICE_X60Y97         CARRY4 (Prop_carry4_CI_CO[0])
                                                      0.216     6.805 r  u_pl/u_split_ctrl/g0_b0_i_156/CO[0]
                         net (fo=72, routed)          0.368     7.173    u_pl/u_split_ctrl/pct_q_reg[7]_0[0]
    SLICE_X63Y96         LUT6 (Prop_lut6_I1_O)        0.309     7.482 r  u_pl/u_split_ctrl/g0_b0_i_219/O
                         net (fo=26, routed)          0.882     8.364    u_pl/u_osd/g0_b0_i_177
    SLICE_X53Y93         LUT6 (Prop_lut6_I1_O)        0.105     8.469 f  u_pl/u_osd/g0_b0_i_572/O
                         net (fo=1, routed)           0.430     8.899    u_pl/u_lat_x/g0_b0_i_159_16
    SLICE_X53Y96         LUT5 (Prop_lut5_I4_O)        0.105     9.004 r  u_pl/u_lat_x/g0_b0_i_374/O
                         net (fo=1, routed)           0.000     9.004    u_pl/u_lat_x/g0_b0_i_374_n_0
    SLICE_X53Y96         CARRY4 (Prop_carry4_S[0]_O[2])
                                                      0.453     9.457 f  u_pl/u_lat_x/g0_b0_i_159/O[2]
                         net (fo=35, routed)          1.158    10.615    u_pl/u_lat_x/O[1]
    SLICE_X50Y97         LUT6 (Prop_lut6_I1_O)        0.253    10.868 f  u_pl/u_lat_x/g0_b0_i_171/O
                         net (fo=4, routed)           0.339    11.207    u_pl/u_osd/g0_b0_i_297_0
    SLICE_X50Y98         LUT3 (Prop_lut3_I2_O)        0.105    11.312 r  u_pl/u_osd/g0_b0_i_73/O
                         net (fo=2, routed)           0.799    12.111    u_pl/u_osd/g0_b0_i_73_n_0
    SLICE_X55Y96         LUT6 (Prop_lut6_I0_O)        0.264    12.375 r  u_pl/u_osd/g0_b0_i_297/O
                         net (fo=1, routed)           0.519    12.893    u_pl/u_osd/g0_b0_i_297_n_0
    SLICE_X53Y95         LUT6 (Prop_lut6_I1_O)        0.105    12.998 f  u_pl/u_osd/g0_b0_i_124/O
                         net (fo=1, routed)           0.472    13.470    u_pl/u_osd/g0_b0_i_124_n_0
    SLICE_X55Y99         LUT6 (Prop_lut6_I4_O)        0.105    13.575 r  u_pl/u_osd/g0_b0_i_49/O
                         net (fo=1, routed)           0.372    13.947    u_pl/u_osd/g0_b0_i_49_n_0
    SLICE_X61Y100        LUT6 (Prop_lut6_I2_O)        0.105    14.052 r  u_pl/u_osd/g0_b0_i_25/O
                         net (fo=12, routed)          1.266    15.318    u_pl/u_osd/chars[1]
    SLICE_X91Y96         LUT6 (Prop_lut6_I4_O)        0.105    15.423 r  u_pl/u_osd/g0_b0_i_20/O
                         net (fo=1, routed)           0.546    15.969    u_pl/u_osd/g0_b0_i_20_n_0
    SLICE_X91Y96         LUT3 (Prop_lut3_I2_O)        0.119    16.088 r  u_pl/u_osd/g0_b0_i_5/O
                         net (fo=35, routed)          1.189    17.277    u_pl/glyph_idx[4]
    SLICE_X92Y87         LUT6 (Prop_lut6_I4_O)        0.267    17.544 f  u_pl/g0_b2__3/O
                         net (fo=1, routed)           0.000    17.544    u_pl/u_osd/r[7]_i_4_1[2]
    SLICE_X92Y87         MUXF7 (Prop_muxf7_I1_O)      0.178    17.722 f  u_pl/u_osd/r_reg[7]_i_8/O
                         net (fo=1, routed)           0.567    18.289    u_pl/u_osd/r_reg[7]_i_8_n_0
    SLICE_X92Y87         LUT6 (Prop_lut6_I0_O)        0.241    18.530 f  u_pl/u_osd/r[7]_i_3/O
                         net (fo=1, routed)           0.538    19.068    u_pl/u_osd/r[7]_i_3_n_0
    SLICE_X91Y87         LUT6 (Prop_lut6_I0_O)        0.105    19.173 f  u_pl/u_osd/r[7]_i_2/O
                         net (fo=19, routed)          1.899    21.072    u_pl/u_osd/r[7]_i_2_n_0
    SLICE_X99Y29         LUT2 (Prop_lut2_I1_O)        0.105    21.177 r  u_pl/u_osd/g[3]_i_1/O
                         net (fo=1, routed)           0.000    21.177    u_pl/u_osd/g[3]_i_1_n_0
    SLICE_X99Y29         FDCE                                         r  u_pl/u_osd/g_reg[3]/D
  -------------------------------------------------------------------    -------------------

                         (clock clkout0_1 rise edge)
                                                     20.000    20.000 r  
    W17                                               0.000    20.000 r  sys_clk (IN)
                         net (fo=0)                   0.000    20.000    sys_clk
    W17                  IBUF (Prop_ibuf_I_O)         1.349    21.349 r  sys_clk_IBUF_inst/O
                         net (fo=1, routed)           1.701    23.050    sys_clk_IBUF
    BUFGCTRL_X0Y4        BUFG (Prop_bufg_I_O)         0.077    23.127 r  sys_clk_IBUF_BUFG_inst/O
                         net (fo=186, routed)         1.384    24.511    u_pl/u_clk/sys_clk_IBUF_BUFG
    MMCME2_ADV_X1Y0      MMCME2_ADV (Prop_mmcme2_adv_CLKIN1_CLKOUT0)
                                                     -2.915    21.596 r  u_pl/u_clk/u_mmcm/CLKOUT0
                         net (fo=1, routed)           1.454    23.050    u_pl/u_clk/clkout0
    BUFGCTRL_X0Y0        BUFG (Prop_bufg_I_O)         0.077    23.127 r  u_pl/u_clk/u_bufg_pix/O
                         net (fo=5744, routed)        1.354    24.481    u_pl/u_osd/clk_pix
    SLICE_X99Y29         FDCE                                         r  u_pl/u_osd/g_reg[3]/C
                         clock pessimism              0.246    24.727    
                         clock uncertainty           -0.094    24.633    
    SLICE_X99Y29         FDCE (Setup_fdce_C_D)        0.032    24.665    u_pl/u_osd/g_reg[3]
  -------------------------------------------------------------------
                         required time                         24.665    
                         arrival time                         -21.177    
  -------------------------------------------------------------------
                         slack                                  3.488    





Min Delay Paths
--------------------------------------------------------------------------------------
Slack (MET) :             0.066ns  (arrival time - required time)
  Source:                 u_pl/x_d_reg[9][0]_rep/C
                            (rising edge-triggered cell FDCE clocked by clkout0_1  {rise@0.000ns fall@10.000ns period=20.000ns})
  Destination:            u_pl/u_pipe/u_sharp/lb1_reg_128_255_15_15/DP.HIGH/WADR0
                            (rising edge-triggered cell RAMD64E clocked by clkout0_1  {rise@0.000ns fall@10.000ns period=20.000ns})
  Path Group:             clkout0_1
  Path Type:              Hold (Min at Fast Process Corner)
  Requirement:            0.000ns  (clkout0_1 rise@0.000ns - clkout0_1 rise@0.000ns)
  Data Path Delay:        0.412ns  (logic 0.141ns (34.200%)  route 0.271ns (65.800%))
  Logic Levels:           0  
  Clock Path Skew:        0.036ns (DCD - SCD - CPR)
    Destination Clock Delay (DCD):    2.078ns
    Source Clock Delay      (SCD):    1.560ns
    Clock Pessimism Removal (CPR):    0.482ns

    Location             Delay type                Incr(ns)  Path(ns)    Netlist Resource(s)
  -------------------------------------------------------------------    -------------------
                         (clock clkout0_1 rise edge)
                                                      0.000     0.000 r  
    W17                                               0.000     0.000 r  sys_clk (IN)
                         net (fo=0)                   0.000     0.000    sys_clk
    W17                  IBUF (Prop_ibuf_I_O)         0.252     0.252 r  sys_clk_IBUF_inst/O
                         net (fo=1, routed)           0.674     0.926    sys_clk_IBUF
    BUFGCTRL_X0Y4        BUFG (Prop_bufg_I_O)         0.026     0.952 r  sys_clk_IBUF_BUFG_inst/O
                         net (fo=186, routed)         0.595     1.547    u_pl/u_clk/sys_clk_IBUF_BUFG
    MMCME2_ADV_X1Y0      MMCME2_ADV (Prop_mmcme2_adv_CLKIN1_CLKOUT0)
                                                     -1.150     0.397 r  u_pl/u_clk/u_mmcm/CLKOUT0
                         net (fo=1, routed)           0.529     0.926    u_pl/u_clk/clkout0
    BUFGCTRL_X0Y0        BUFG (Prop_bufg_I_O)         0.026     0.952 r  u_pl/u_clk/u_bufg_pix/O
                         net (fo=5744, routed)        0.608     1.560    u_pl/clk_pix
    SLICE_X91Y95         FDCE                                         r  u_pl/x_d_reg[9][0]_rep/C
  -------------------------------------------------------------------    -------------------
    SLICE_X91Y95         FDCE (Prop_fdce_C_Q)         0.141     1.701 r  u_pl/x_d_reg[9][0]_rep/Q
                         net (fo=198, routed)         0.271     1.972    u_pl/u_pipe/u_sharp/lb1_reg_128_255_15_15/A0
    SLICE_X92Y95         RAMD64E                                      r  u_pl/u_pipe/u_sharp/lb1_reg_128_255_15_15/DP.HIGH/WADR0
  -------------------------------------------------------------------    -------------------

                         (clock clkout0_1 rise edge)
                                                      0.000     0.000 r  
    W17                                               0.000     0.000 r  sys_clk (IN)
                         net (fo=0)                   0.000     0.000    sys_clk
    W17                  IBUF (Prop_ibuf_I_O)         0.440     0.440 r  sys_clk_IBUF_inst/O
                         net (fo=1, routed)           0.731     1.171    sys_clk_IBUF
    BUFGCTRL_X0Y4        BUFG (Prop_bufg_I_O)         0.029     1.200 r  sys_clk_IBUF_BUFG_inst/O
                         net (fo=186, routed)         0.862     2.062    u_pl/u_clk/sys_clk_IBUF_BUFG
    MMCME2_ADV_X1Y0      MMCME2_ADV (Prop_mmcme2_adv_CLKIN1_CLKOUT0)
                                                     -1.467     0.595 r  u_pl/u_clk/u_mmcm/CLKOUT0
                         net (fo=1, routed)           0.576     1.171    u_pl/u_clk/clkout0
    BUFGCTRL_X0Y0        BUFG (Prop_bufg_I_O)         0.029     1.200 r  u_pl/u_clk/u_bufg_pix/O
                         net (fo=5744, routed)        0.878     2.078    u_pl/u_pipe/u_sharp/lb1_reg_128_255_15_15/WCLK
    SLICE_X92Y95         RAMD64E                                      r  u_pl/u_pipe/u_sharp/lb1_reg_128_255_15_15/DP.HIGH/CLK
                         clock pessimism             -0.482     1.596    
    SLICE_X92Y95         RAMD64E (Hold_ramd64e_CLK_WADR0)
                                                      0.310     1.906    u_pl/u_pipe/u_sharp/lb1_reg_128_255_15_15/DP.HIGH
  -------------------------------------------------------------------
                         required time                         -1.906    
                         arrival time                           1.972    
  -------------------------------------------------------------------
                         slack                                  0.066    





Pulse Width Checks
--------------------------------------------------------------------------------------
Clock Name:         clkout0_1
Waveform(ns):       { 0.000 10.000 }
Period(ns):         20.000
Sources:            { u_pl/u_clk/u_mmcm/CLKOUT0 }

Check Type        Corner  Lib Pin             Reference Pin  Required(ns)  Actual(ns)  Slack(ns)  Location         Pin
Min Period        n/a     DSP48E1/CLK         n/a            3.272         20.000      16.728     DSP48_X3Y35      u_pl/u_zmap/yr_m_reg/CLK
Max Period        n/a     MMCME2_ADV/CLKOUT0  n/a            213.360       20.000      193.360    MMCME2_ADV_X1Y0  u_pl/u_clk/u_mmcm/CLKOUT0
Low Pulse Width   Slow    RAMD64E/CLK         n/a            1.130         10.000      8.870      SLICE_X46Y68     u_pl/u_pipe/u_blur/lb1_reg_0_127_0_0/DP.HIGH/CLK
High Pulse Width  Slow    RAMD64E/CLK         n/a            1.130         10.000      8.870      SLICE_X46Y68     u_pl/u_pipe/u_blur/lb1_reg_0_127_0_0/DP.HIGH/CLK



---------------------------------------------------------------------------------------------------
From Clock:  clkout1_1
  To Clock:  clkout1_1

Setup :           NA  Failing Endpoints,  Worst Slack           NA  ,  Total Violation           NA
Hold  :           NA  Failing Endpoints,  Worst Slack           NA  ,  Total Violation           NA
PW    :            0  Failing Endpoints,  Worst Slack        2.408ns,  Total Violation        0.000ns
---------------------------------------------------------------------------------------------------


Pulse Width Checks
--------------------------------------------------------------------------------------
Clock Name:         clkout1_1
Waveform(ns):       { 0.000 2.000 }
Period(ns):         4.000
Sources:            { u_pl/u_clk/u_mmcm/CLKOUT1 }

Check Type  Corner  Lib Pin             Reference Pin  Required(ns)  Actual(ns)  Slack(ns)  Location         Pin
Min Period  n/a     BUFG/I              n/a            1.592         4.000       2.408      BUFGCTRL_X0Y2    u_pl/u_clk/u_bufg_5x/I
Max Period  n/a     MMCME2_ADV/CLKOUT1  n/a            213.360       4.000       209.360    MMCME2_ADV_X1Y0  u_pl/u_clk/u_mmcm/CLKOUT1



---------------------------------------------------------------------------------------------------
From Clock:  clkout2
  To Clock:  clkout2

Setup :           NA  Failing Endpoints,  Worst Slack           NA  ,  Total Violation           NA
Hold  :           NA  Failing Endpoints,  Worst Slack           NA  ,  Total Violation           NA
PW    :            0  Failing Endpoints,  Worst Slack        0.264ns,  Total Violation        0.000ns
---------------------------------------------------------------------------------------------------


Pulse Width Checks
--------------------------------------------------------------------------------------
Clock Name:         clkout2
Waveform(ns):       { 0.000 2.500 }
Period(ns):         5.000
Sources:            { u_idelay_clkgen/u_mmcm/CLKOUT2 }

Check Type  Corner  Lib Pin            Reference Pin  Required(ns)  Actual(ns)  Slack(ns)  Location         Pin
Min Period  n/a     IDELAYCTRL/REFCLK  n/a            2.438         5.000       2.562      IDELAYCTRL_X1Y0  u_eth/u_rgmii/u_rgmii_rx/IDELAYCTRL_inst/REFCLK
Max Period  n/a     IDELAYCTRL/REFCLK  n/a            5.264         5.000       0.264      IDELAYCTRL_X1Y0  u_eth/u_rgmii/u_rgmii_rx/IDELAYCTRL_inst/REFCLK



---------------------------------------------------------------------------------------------------
From Clock:  clkout0_1
  To Clock:  sys_clk

Setup :            0  Failing Endpoints,  Worst Slack       14.409ns,  Total Violation        0.000ns
Hold  :            0  Failing Endpoints,  Worst Slack        0.196ns,  Total Violation        0.000ns
---------------------------------------------------------------------------------------------------


Max Delay Paths
--------------------------------------------------------------------------------------
Slack (MET) :             14.409ns  (required time - arrival time)
  Source:                 u_pl/u_split_x/bus_q_reg[17]/C
                            (rising edge-triggered cell FDCE clocked by clkout0_1  {rise@0.000ns fall@10.000ns period=20.000ns})
  Destination:            u_pl/u_ang/angle_reg[5]/D
                            (rising edge-triggered cell FDRE clocked by sys_clk  {rise@0.000ns fall@10.000ns period=20.000ns})
  Path Group:             sys_clk
  Path Type:              Setup (Max at Slow Process Corner)
  Requirement:            20.000ns  (sys_clk rise@20.000ns - clkout0_1 rise@0.000ns)
  Data Path Delay:        5.124ns  (logic 1.560ns (30.444%)  route 3.564ns (69.556%))
  Logic Levels:           7  (CARRY4=2 LUT2=2 LUT6=3)
  Clock Path Skew:        -0.160ns (DCD - SCD + CPR)
    Destination Clock Delay (DCD):    4.517ns = ( 24.517 - 20.000 ) 
    Source Clock Delay      (SCD):    4.923ns
    Clock Pessimism Removal (CPR):    0.246ns
  Clock Uncertainty:      0.259ns  ((TSJ^2 + DJ^2)^1/2) / 2 + PE
    Total System Jitter     (TSJ):    0.071ns
    Discrete Jitter          (DJ):    0.175ns
    Phase Error              (PE):    0.165ns

    Location             Delay type                Incr(ns)  Path(ns)    Netlist Resource(s)
  -------------------------------------------------------------------    -------------------
                         (clock clkout0_1 rise edge)
                                                      0.000     0.000 r  
    W17                                               0.000     0.000 r  sys_clk (IN)
                         net (fo=0)                   0.000     0.000    sys_clk
    W17                  IBUF (Prop_ibuf_I_O)         1.415     1.415 r  sys_clk_IBUF_inst/O
                         net (fo=1, routed)           1.873     3.288    sys_clk_IBUF
    BUFGCTRL_X0Y4        BUFG (Prop_bufg_I_O)         0.085     3.373 r  sys_clk_IBUF_BUFG_inst/O
                         net (fo=186, routed)         1.550     4.923    u_pl/u_clk/sys_clk_IBUF_BUFG
    MMCME2_ADV_X1Y0      MMCME2_ADV (Prop_mmcme2_adv_CLKIN1_CLKOUT0)
                                                     -3.232     1.691 r  u_pl/u_clk/u_mmcm/CLKOUT0
                         net (fo=1, routed)           1.597     3.288    u_pl/u_clk/clkout0
    BUFGCTRL_X0Y0        BUFG (Prop_bufg_I_O)         0.085     3.373 r  u_pl/u_clk/u_bufg_pix/O
                         net (fo=5744, routed)        1.550     4.923    u_pl/u_split_x/clk_pix
    SLICE_X52Y100        FDCE                                         r  u_pl/u_split_x/bus_q_reg[17]/C
  -------------------------------------------------------------------    -------------------
    SLICE_X52Y100        FDCE (Prop_fdce_C_Q)         0.379     5.302 r  u_pl/u_split_x/bus_q_reg[17]/Q
                         net (fo=2, routed)           0.849     6.151    u_pl/u_ang/bus_q[2]
    SLICE_X51Y107        LUT2 (Prop_lut2_I1_O)        0.105     6.256 r  u_pl/u_ang/angle[3]_i_5/O
                         net (fo=1, routed)           0.000     6.256    u_pl/u_ang/angle[3]_i_5_n_0
    SLICE_X51Y107        CARRY4 (Prop_carry4_S[2]_CO[3])
                                                      0.332     6.588 r  u_pl/u_ang/angle_reg[3]_i_2/CO[3]
                         net (fo=1, routed)           0.000     6.588    u_pl/u_ang/angle_reg[3]_i_2_n_0
    SLICE_X51Y108        CARRY4 (Prop_carry4_CI_O[0])
                                                      0.180     6.768 r  u_pl/u_ang/angle_reg[7]_i_5/O[0]
                         net (fo=6, routed)           0.825     7.593    u_pl/u_ang/angle_reg[7]_i_5_n_7
    SLICE_X52Y109        LUT2 (Prop_lut2_I0_O)        0.249     7.842 f  u_pl/u_ang/angle[3]_i_8/O
                         net (fo=1, routed)           0.220     8.062    u_pl/u_ang/angle[3]_i_8_n_0
    SLICE_X52Y109        LUT6 (Prop_lut6_I3_O)        0.105     8.167 r  u_pl/u_ang/angle[3]_i_3/O
                         net (fo=5, routed)           0.623     8.790    u_pl/u_ang/angle[3]_i_3_n_0
    SLICE_X53Y108        LUT6 (Prop_lut6_I3_O)        0.105     8.895 r  u_pl/u_ang/angle[5]_i_3/O
                         net (fo=1, routed)           0.633     9.527    u_pl/u_ang/angle[5]_i_3_n_0
    SLICE_X49Y108        LUT6 (Prop_lut6_I5_O)        0.105     9.632 r  u_pl/u_ang/angle[5]_i_1/O
                         net (fo=1, routed)           0.415    10.047    u_pl/u_ang/p_1_in__0[5]
    SLICE_X49Y108        FDRE                                         r  u_pl/u_ang/angle_reg[5]/D
  -------------------------------------------------------------------    -------------------

                         (clock sys_clk rise edge)   20.000    20.000 r  
    W17                                               0.000    20.000 r  sys_clk (IN)
                         net (fo=0)                   0.000    20.000    sys_clk
    W17                  IBUF (Prop_ibuf_I_O)         1.349    21.349 r  sys_clk_IBUF_inst/O
                         net (fo=1, routed)           1.701    23.050    sys_clk_IBUF
    BUFGCTRL_X0Y4        BUFG (Prop_bufg_I_O)         0.077    23.127 r  sys_clk_IBUF_BUFG_inst/O
                         net (fo=186, routed)         1.390    24.517    u_pl/u_ang/sys_clk_IBUF_BUFG
    SLICE_X49Y108        FDRE                                         r  u_pl/u_ang/angle_reg[5]/C
                         clock pessimism              0.246    24.763    
                         clock uncertainty           -0.259    24.504    
    SLICE_X49Y108        FDRE (Setup_fdre_C_D)       -0.047    24.457    u_pl/u_ang/angle_reg[5]
  -------------------------------------------------------------------
                         required time                         24.457    
                         arrival time                         -10.047    
  -------------------------------------------------------------------
                         slack                                 14.409    





Min Delay Paths
--------------------------------------------------------------------------------------
Slack (MET) :             0.196ns  (arrival time - required time)
  Source:                 u_pl/rot_fs_tog_reg/C
                            (rising edge-triggered cell FDCE clocked by clkout0_1  {rise@0.000ns fall@10.000ns period=20.000ns})
  Destination:            u_pl/u_ang/fs_s_reg[0]/D
                            (rising edge-triggered cell FDRE clocked by sys_clk  {rise@0.000ns fall@10.000ns period=20.000ns})
  Path Group:             sys_clk
  Path Type:              Hold (Min at Fast Process Corner)
  Requirement:            0.000ns  (sys_clk rise@0.000ns - clkout0_1 rise@0.000ns)
  Data Path Delay:        0.773ns  (logic 0.141ns (18.234%)  route 0.632ns (81.766%))
  Logic Levels:           0  
  Clock Path Skew:        0.272ns (DCD - SCD - CPR)
    Destination Clock Delay (DCD):    2.109ns
    Source Clock Delay      (SCD):    1.589ns
    Clock Pessimism Removal (CPR):    0.248ns
  Clock Uncertainty:      0.259ns  ((TSJ^2 + DJ^2)^1/2) / 2 + PE
    Total System Jitter     (TSJ):    0.071ns
    Discrete Jitter          (DJ):    0.175ns
    Phase Error              (PE):    0.165ns

    Location             Delay type                Incr(ns)  Path(ns)    Netlist Resource(s)
  -------------------------------------------------------------------    -------------------
                         (clock clkout0_1 rise edge)
                                                      0.000     0.000 r  
    W17                                               0.000     0.000 r  sys_clk (IN)
                         net (fo=0)                   0.000     0.000    sys_clk
    W17                  IBUF (Prop_ibuf_I_O)         0.252     0.252 r  sys_clk_IBUF_inst/O
                         net (fo=1, routed)           0.674     0.926    sys_clk_IBUF
    BUFGCTRL_X0Y4        BUFG (Prop_bufg_I_O)         0.026     0.952 r  sys_clk_IBUF_BUFG_inst/O
                         net (fo=186, routed)         0.595     1.547    u_pl/u_clk/sys_clk_IBUF_BUFG
    MMCME2_ADV_X1Y0      MMCME2_ADV (Prop_mmcme2_adv_CLKIN1_CLKOUT0)
                                                     -1.150     0.397 r  u_pl/u_clk/u_mmcm/CLKOUT0
                         net (fo=1, routed)           0.529     0.926    u_pl/u_clk/clkout0
    BUFGCTRL_X0Y0        BUFG (Prop_bufg_I_O)         0.026     0.952 r  u_pl/u_clk/u_bufg_pix/O
                         net (fo=5744, routed)        0.637     1.589    u_pl/clk_pix
    SLICE_X53Y101        FDCE                                         r  u_pl/rot_fs_tog_reg/C
  -------------------------------------------------------------------    -------------------
    SLICE_X53Y101        FDCE (Prop_fdce_C_Q)         0.141     1.730 r  u_pl/rot_fs_tog_reg/Q
                         net (fo=2, routed)           0.632     2.362    u_pl/u_ang/rot_fs_tog
    SLICE_X52Y102        FDRE                                         r  u_pl/u_ang/fs_s_reg[0]/D
  -------------------------------------------------------------------    -------------------

                         (clock sys_clk rise edge)    0.000     0.000 r  
    W17                                               0.000     0.000 r  sys_clk (IN)
                         net (fo=0)                   0.000     0.000    sys_clk
    W17                  IBUF (Prop_ibuf_I_O)         0.440     0.440 r  sys_clk_IBUF_inst/O
                         net (fo=1, routed)           0.731     1.171    sys_clk_IBUF
    BUFGCTRL_X0Y4        BUFG (Prop_bufg_I_O)         0.029     1.200 r  sys_clk_IBUF_BUFG_inst/O
                         net (fo=186, routed)         0.909     2.109    u_pl/u_ang/sys_clk_IBUF_BUFG
    SLICE_X52Y102        FDRE                                         r  u_pl/u_ang/fs_s_reg[0]/C
                         clock pessimism             -0.248     1.861    
                         clock uncertainty            0.259     2.120    
    SLICE_X52Y102        FDRE (Hold_fdre_C_D)         0.046     2.166    u_pl/u_ang/fs_s_reg[0]
  -------------------------------------------------------------------
                         required time                         -2.166    
                         arrival time                           2.362    
  -------------------------------------------------------------------
                         slack                                  0.196    





---------------------------------------------------------------------------------------------------
From Clock:  sys_clk
  To Clock:  clkout0_1

Setup :            0  Failing Endpoints,  Worst Slack        3.902ns,  Total Violation        0.000ns
Hold  :            0  Failing Endpoints,  Worst Slack        0.114ns,  Total Violation        0.000ns
---------------------------------------------------------------------------------------------------


Max Delay Paths
--------------------------------------------------------------------------------------
Slack (MET) :             3.902ns  (required time - arrival time)
  Source:                 u_pl/u_ang/angle_reg[3]/C
                            (rising edge-triggered cell FDRE clocked by sys_clk  {rise@0.000ns fall@10.000ns period=20.000ns})
  Destination:            u_pl/u_osd/g_reg[3]/D
                            (rising edge-triggered cell FDCE clocked by clkout0_1  {rise@0.000ns fall@10.000ns period=20.000ns})
  Path Group:             clkout0_1
  Path Type:              Setup (Max at Slow Process Corner)
  Requirement:            20.000ns  (clkout0_1 rise@20.000ns - sys_clk rise@0.000ns)
  Data Path Delay:        15.678ns  (logic 4.250ns (27.109%)  route 11.428ns (72.891%))
  Logic Levels:           20  (CARRY4=4 LUT2=2 LUT3=2 LUT4=1 LUT5=1 LUT6=9 MUXF7=1)
  Clock Path Skew:        -0.193ns (DCD - SCD + CPR)
    Destination Clock Delay (DCD):    4.481ns = ( 24.481 - 20.000 ) 
    Source Clock Delay      (SCD):    4.920ns
    Clock Pessimism Removal (CPR):    0.246ns
  Clock Uncertainty:      0.259ns  ((TSJ^2 + DJ^2)^1/2) / 2 + PE
    Total System Jitter     (TSJ):    0.071ns
    Discrete Jitter          (DJ):    0.175ns
    Phase Error              (PE):    0.165ns

    Location             Delay type                Incr(ns)  Path(ns)    Netlist Resource(s)
  -------------------------------------------------------------------    -------------------
                         (clock sys_clk rise edge)    0.000     0.000 r  
    W17                                               0.000     0.000 r  sys_clk (IN)
                         net (fo=0)                   0.000     0.000    sys_clk
    W17                  IBUF (Prop_ibuf_I_O)         1.415     1.415 r  sys_clk_IBUF_inst/O
                         net (fo=1, routed)           1.873     3.288    sys_clk_IBUF
    BUFGCTRL_X0Y4        BUFG (Prop_bufg_I_O)         0.085     3.373 r  sys_clk_IBUF_BUFG_inst/O
                         net (fo=186, routed)         1.547     4.920    u_pl/u_ang/sys_clk_IBUF_BUFG
    SLICE_X51Y110        FDRE                                         r  u_pl/u_ang/angle_reg[3]/C
  -------------------------------------------------------------------    -------------------
    SLICE_X51Y110        FDRE (Prop_fdre_C_Q)         0.379     5.299 r  u_pl/u_ang/angle_reg[3]/Q
                         net (fo=164, routed)         0.810     6.110    u_pl/u_ang/angle_reg[3]_1
    SLICE_X50Y106        LUT2 (Prop_lut2_I0_O)        0.105     6.215 r  u_pl/u_ang/g0_b0_i_639/O
                         net (fo=1, routed)           0.000     6.215    u_pl/u_ang/g0_b0_i_639_n_0
    SLICE_X50Y106        CARRY4 (Prop_carry4_S[2]_CO[3])
                                                      0.316     6.531 r  u_pl/u_ang/g0_b0_i_558/CO[3]
                         net (fo=1, routed)           0.000     6.531    u_pl/u_ang/g0_b0_i_558_n_0
    SLICE_X50Y107        CARRY4 (Prop_carry4_CI_CO[3])
                                                      0.100     6.631 r  u_pl/u_ang/g0_b0_i_351/CO[3]
                         net (fo=1, routed)           0.000     6.631    u_pl/u_ang/g0_b0_i_351_n_0
    SLICE_X50Y108        CARRY4 (Prop_carry4_CI_O[1])
                                                      0.257     6.888 r  u_pl/u_ang/g0_b0_i_147/O[1]
                         net (fo=12, routed)          0.689     7.577    u_pl/u_ang/g0_b0_i_147_n_6
    SLICE_X52Y108        LUT3 (Prop_lut3_I0_O)        0.264     7.841 r  u_pl/u_ang/g0_b0_i_346/O
                         net (fo=2, routed)           0.375     8.216    u_pl/u_ang/g0_b0_i_346_n_0
    SLICE_X52Y108        LUT5 (Prop_lut5_I0_O)        0.267     8.483 r  u_pl/u_ang/g0_b0_i_349/O
                         net (fo=1, routed)           0.000     8.483    u_pl/u_ang/g0_b0_i_349_n_0
    SLICE_X52Y108        CARRY4 (Prop_carry4_S[1]_CO[2])
                                                      0.475     8.958 r  u_pl/u_ang/g0_b0_i_146/CO[2]
                         net (fo=4, routed)           0.756     9.714    u_pl/u_ang/g0_b0_i_146_n_1
    SLICE_X51Y104        LUT4 (Prop_lut4_I0_O)        0.280     9.994 r  u_pl/u_ang/g0_b0_i_62/O
                         net (fo=45, routed)          0.682    10.676    u_pl/u_ang/angle_reg[8]_0
    SLICE_X50Y104        LUT6 (Prop_lut6_I4_O)        0.267    10.943 r  u_pl/u_ang/g0_b0_i_527/O
                         net (fo=1, routed)           0.527    11.469    u_pl/u_ang/g0_b0_i_527_n_0
    SLICE_X50Y104        LUT6 (Prop_lut6_I2_O)        0.105    11.574 r  u_pl/u_ang/g0_b0_i_314/O
                         net (fo=1, routed)           0.565    12.139    u_pl/u_osd/g0_b0_i_50_5
    SLICE_X48Y102        LUT6 (Prop_lut6_I5_O)        0.105    12.244 f  u_pl/u_osd/g0_b0_i_130/O
                         net (fo=1, routed)           0.352    12.596    u_pl/u_osd/g0_b0_i_130_n_0
    SLICE_X52Y102        LUT6 (Prop_lut6_I5_O)        0.105    12.701 r  u_pl/u_osd/g0_b0_i_50/O
                         net (fo=1, routed)           0.667    13.368    u_pl/u_osd/g0_b0_i_50_n_0
    SLICE_X61Y100        LUT6 (Prop_lut6_I4_O)        0.105    13.473 r  u_pl/u_osd/g0_b0_i_25/O
                         net (fo=12, routed)          1.266    14.739    u_pl/u_osd/chars[1]
    SLICE_X91Y96         LUT6 (Prop_lut6_I4_O)        0.105    14.844 r  u_pl/u_osd/g0_b0_i_20/O
                         net (fo=1, routed)           0.546    15.390    u_pl/u_osd/g0_b0_i_20_n_0
    SLICE_X91Y96         LUT3 (Prop_lut3_I2_O)        0.119    15.509 r  u_pl/u_osd/g0_b0_i_5/O
                         net (fo=35, routed)          1.189    16.698    u_pl/glyph_idx[4]
    SLICE_X92Y87         LUT6 (Prop_lut6_I4_O)        0.267    16.965 f  u_pl/g0_b2__3/O
                         net (fo=1, routed)           0.000    16.965    u_pl/u_osd/r[7]_i_4_1[2]
    SLICE_X92Y87         MUXF7 (Prop_muxf7_I1_O)      0.178    17.143 f  u_pl/u_osd/r_reg[7]_i_8/O
                         net (fo=1, routed)           0.567    17.710    u_pl/u_osd/r_reg[7]_i_8_n_0
    SLICE_X92Y87         LUT6 (Prop_lut6_I0_O)        0.241    17.951 f  u_pl/u_osd/r[7]_i_3/O
                         net (fo=1, routed)           0.538    18.489    u_pl/u_osd/r[7]_i_3_n_0
    SLICE_X91Y87         LUT6 (Prop_lut6_I0_O)        0.105    18.594 f  u_pl/u_osd/r[7]_i_2/O
                         net (fo=19, routed)          1.899    20.493    u_pl/u_osd/r[7]_i_2_n_0
    SLICE_X99Y29         LUT2 (Prop_lut2_I1_O)        0.105    20.598 r  u_pl/u_osd/g[3]_i_1/O
                         net (fo=1, routed)           0.000    20.598    u_pl/u_osd/g[3]_i_1_n_0
    SLICE_X99Y29         FDCE                                         r  u_pl/u_osd/g_reg[3]/D
  -------------------------------------------------------------------    -------------------

                         (clock clkout0_1 rise edge)
                                                     20.000    20.000 r  
    W17                                               0.000    20.000 r  sys_clk (IN)
                         net (fo=0)                   0.000    20.000    sys_clk
    W17                  IBUF (Prop_ibuf_I_O)         1.349    21.349 r  sys_clk_IBUF_inst/O
                         net (fo=1, routed)           1.701    23.050    sys_clk_IBUF
    BUFGCTRL_X0Y4        BUFG (Prop_bufg_I_O)         0.077    23.127 r  sys_clk_IBUF_BUFG_inst/O
                         net (fo=186, routed)         1.384    24.511    u_pl/u_clk/sys_clk_IBUF_BUFG
    MMCME2_ADV_X1Y0      MMCME2_ADV (Prop_mmcme2_adv_CLKIN1_CLKOUT0)
                                                     -2.915    21.596 r  u_pl/u_clk/u_mmcm/CLKOUT0
                         net (fo=1, routed)           1.454    23.050    u_pl/u_clk/clkout0
    BUFGCTRL_X0Y0        BUFG (Prop_bufg_I_O)         0.077    23.127 r  u_pl/u_clk/u_bufg_pix/O
                         net (fo=5744, routed)        1.354    24.481    u_pl/u_osd/clk_pix
    SLICE_X99Y29         FDCE                                         r  u_pl/u_osd/g_reg[3]/C
                         clock pessimism              0.246    24.727    
                         clock uncertainty           -0.259    24.468    
    SLICE_X99Y29         FDCE (Setup_fdce_C_D)        0.032    24.500    u_pl/u_osd/g_reg[3]
  -------------------------------------------------------------------
                         required time                         24.500    
                         arrival time                         -20.598    
  -------------------------------------------------------------------
                         slack                                  3.902    





Min Delay Paths
--------------------------------------------------------------------------------------
Slack (MET) :             0.114ns  (arrival time - required time)
  Source:                 u_pl/u_k1l/tog_reg/C
                            (rising edge-triggered cell FDRE clocked by sys_clk  {rise@0.000ns fall@10.000ns period=20.000ns})
  Destination:            u_pl/u_mode/lsync_reg[0]/D
                            (rising edge-triggered cell FDCE clocked by clkout0_1  {rise@0.000ns fall@10.000ns period=20.000ns})
  Path Group:             clkout0_1
  Path Type:              Hold (Min at Fast Process Corner)
  Requirement:            0.000ns  (clkout0_1 rise@0.000ns - sys_clk rise@0.000ns)
  Data Path Delay:        0.656ns  (logic 0.148ns (22.575%)  route 0.508ns (77.425%))
  Logic Levels:           0  
  Clock Path Skew:        0.274ns (DCD - SCD - CPR)
    Destination Clock Delay (DCD):    2.112ns
    Source Clock Delay      (SCD):    1.590ns
    Clock Pessimism Removal (CPR):    0.248ns
  Clock Uncertainty:      0.259ns  ((TSJ^2 + DJ^2)^1/2) / 2 + PE
    Total System Jitter     (TSJ):    0.071ns
    Discrete Jitter          (DJ):    0.175ns
    Phase Error              (PE):    0.165ns

    Location             Delay type                Incr(ns)  Path(ns)    Netlist Resource(s)
  -------------------------------------------------------------------    -------------------
                         (clock sys_clk rise edge)    0.000     0.000 r  
    W17                                               0.000     0.000 r  sys_clk (IN)
                         net (fo=0)                   0.000     0.000    sys_clk
    W17                  IBUF (Prop_ibuf_I_O)         0.252     0.252 r  sys_clk_IBUF_inst/O
                         net (fo=1, routed)           0.674     0.926    sys_clk_IBUF
    BUFGCTRL_X0Y4        BUFG (Prop_bufg_I_O)         0.026     0.952 r  sys_clk_IBUF_BUFG_inst/O
                         net (fo=186, routed)         0.638     1.590    u_pl/u_k1l/sys_clk_IBUF_BUFG
    SLICE_X46Y111        FDRE                                         r  u_pl/u_k1l/tog_reg/C
  -------------------------------------------------------------------    -------------------
    SLICE_X46Y111        FDRE (Prop_fdre_C_Q)         0.148     1.738 r  u_pl/u_k1l/tog_reg/Q
                         net (fo=3, routed)           0.508     2.246    u_pl/u_mode/D[0]
    SLICE_X44Y104        FDCE                                         r  u_pl/u_mode/lsync_reg[0]/D
  -------------------------------------------------------------------    -------------------

                         (clock clkout0_1 rise edge)
                                                      0.000     0.000 r  
    W17                                               0.000     0.000 r  sys_clk (IN)
                         net (fo=0)                   0.000     0.000    sys_clk
    W17                  IBUF (Prop_ibuf_I_O)         0.440     0.440 r  sys_clk_IBUF_inst/O
                         net (fo=1, routed)           0.731     1.171    sys_clk_IBUF
    BUFGCTRL_X0Y4        BUFG (Prop_bufg_I_O)         0.029     1.200 r  sys_clk_IBUF_BUFG_inst/O
                         net (fo=186, routed)         0.862     2.062    u_pl/u_clk/sys_clk_IBUF_BUFG
    MMCME2_ADV_X1Y0      MMCME2_ADV (Prop_mmcme2_adv_CLKIN1_CLKOUT0)
                                                     -1.467     0.595 r  u_pl/u_clk/u_mmcm/CLKOUT0
                         net (fo=1, routed)           0.576     1.171    u_pl/u_clk/clkout0
    BUFGCTRL_X0Y0        BUFG (Prop_bufg_I_O)         0.029     1.200 r  u_pl/u_clk/u_bufg_pix/O
                         net (fo=5744, routed)        0.912     2.112    u_pl/u_mode/clk_pix
    SLICE_X44Y104        FDCE                                         r  u_pl/u_mode/lsync_reg[0]/C
                         clock pessimism             -0.248     1.864    
                         clock uncertainty            0.259     2.123    
    SLICE_X44Y104        FDCE (Hold_fdce_C_D)         0.008     2.131    u_pl/u_mode/lsync_reg[0]
  -------------------------------------------------------------------
                         required time                         -2.131    
                         arrival time                           2.246    
  -------------------------------------------------------------------
                         slack                                  0.114    





