Copyright 1986-2022 Xilinx, Inc. All Rights Reserved. Copyright 2022-2026 Advanced Micro Devices, Inc. All Rights Reserved.
---------------------------------------------------------------------------------------------------------------------------------------------
| Tool Version : Vivado v.2025.2.1 (win64) Build 6403652 Thu Mar 19 19:48:24 GMT 2026
| Date         : Sat Sep 26 12:27:58 2026
| Host         : Uie-laptop running 64-bit major release  (build 9200)
| Command      : report_timing_summary -file D:/Xilinx/Prj/pro/Video_Processing/build/timing_summary.rpt
| Design       : system_top
| Device       : 7z020-clg484
| Speed File   : -2  PRODUCTION 1.12 2019-11-22
| Design State : Routed
---------------------------------------------------------------------------------------------------------------------------------------------

Timing Summary Report

------------------------------------------------------------------------------------------------
| Timer Settings
| --------------
------------------------------------------------------------------------------------------------

  Enable Multi Corner Analysis               :  Yes
  Enable Pessimism Removal                   :  Yes
  Pessimism Removal Resolution               :  Nearest Common Node
  Enable Input Delay Default Clock           :  No
  Enable Preset / Clear Arcs                 :  No
  Disable Flight Delays                      :  No
  Ignore I/O Paths                           :  No
  Timing Early Launch at Borrowing Latches   :  No
  Borrow Time for Max Delay Exceptions       :  Yes
  Merge Timing Exceptions                    :  Yes
  Inter-SLR Compensation                     :  Conservative

  Corner  Analyze    Analyze    
  Name    Max Paths  Min Paths  
  ------  ---------  ---------  
  Slow    Yes        Yes        
  Fast    Yes        Yes        


------------------------------------------------------------------------------------------------
| Report Methodology
| ------------------
------------------------------------------------------------------------------------------------

Rule       Severity  Description                                                Violations  
---------  --------  ---------------------------------------------------------  ----------  
DPIR-1     Warning   Asynchronous driver check                                  129         
LUTAR-1    Warning   LUT drives async reset alert                               1           
SYNTH-5    Warning   Mapped onto distributed RAM because of timing constraints  160         
SYNTH-6    Warning   Timing of a RAM block might be sub-optimal                 101         
TIMING-9   Warning   Unknown CDC Logic                                          1           
TIMING-10  Warning   Missing property on synchronizer                           1           
TIMING-18  Warning   Missing input or output delay                              7           

Note: This report is based on the most recent report_methodology run and may not be up-to-date. Run report_methodology on the current design for the latest report.



check_timing report

Table of Contents
-----------------
1. checking no_clock (0)
2. checking constant_clock (0)
3. checking pulse_width_clock (0)
4. checking unconstrained_internal_endpoints (0)
5. checking no_input_delay (7)
6. checking no_output_delay (12)
7. checking multiple_clock (0)
8. checking generated_clocks (0)
9. checking loops (0)
10. checking partial_input_delay (0)
11. checking partial_output_delay (0)
12. checking latch_loops (0)

1. checking no_clock (0)
------------------------
 There are 0 register/latch pins with no clock.


2. checking constant_clock (0)
------------------------------
 There are 0 register/latch pins with constant_clock.


3. checking pulse_width_clock (0)
---------------------------------
 There are 0 register/latch pins which need pulse_width check


4. checking unconstrained_internal_endpoints (0)
------------------------------------------------
 There are 0 pins that are not constrained for maximum delay.

 There are 0 pins that are not constrained for maximum delay due to constant clock.


5. checking no_input_delay (7)
------------------------------
 There are 5 input ports with no input delay specified. (HIGH)

 There are 2 input ports with no input delay but user has a false path constraint. (MEDIUM)


6. checking no_output_delay (12)
--------------------------------
 There are 6 ports with no output delay specified. (HIGH)

 There are 6 ports with no output delay but user has a false path constraint (MEDIUM)

 There are 0 ports with no output delay but with a timing clock defined on it or propagating through it


7. checking multiple_clock (0)
------------------------------
 There are 0 register/latch pins with multiple clocks.


8. checking generated_clocks (0)
--------------------------------
 There are 0 generated clocks that are not connected to a clock source.


9. checking loops (0)
---------------------
 There are 0 combinational loops in the design.


10. checking partial_input_delay (0)
------------------------------------
 There are 0 input ports with partial input delay specified.


11. checking partial_output_delay (0)
-------------------------------------
 There are 0 ports with partial output delay specified.


12. checking latch_loops (0)
----------------------------
 There are 0 combinational latch loops in the design through latch input



------------------------------------------------------------------------------------------------
| Design Timing Summary
| ---------------------
------------------------------------------------------------------------------------------------

    WNS(ns)      TNS(ns)  TNS Failing Endpoints  TNS Total Endpoints      WHS(ns)      THS(ns)  THS Failing Endpoints  THS Total Endpoints     WPWS(ns)     TPWS(ns)  TPWS Failing Endpoints  TPWS Total Endpoints  
    -------      -------  ---------------------  -------------------      -------      -------  ---------------------  -------------------     --------     --------  ----------------------  --------------------  
      0.188        0.000                      0                34568        0.025        0.000                      0                34568        0.264        0.000                       0                 12047  


All user specified timing constraints are met.


------------------------------------------------------------------------------------------------
| Clock Summary
| -------------
------------------------------------------------------------------------------------------------

Clock         Waveform(ns)         Period(ns)      Frequency(MHz)
-----         ------------         ----------      --------------
clk_fpga_0    {0.000 5.000}        10.000          100.000         
eth_rxc       {0.000 4.000}        8.000           125.000         
sys_clk       {0.000 10.000}       20.000          50.000          
  clkfbout    {0.000 10.000}       20.000          50.000          
  clkfbout_1  {0.000 10.000}       20.000          50.000          
  clkout0_1   {0.000 10.000}       20.000          50.000          
  clkout1_1   {0.000 2.000}        4.000           250.000         
  clkout2     {0.000 2.500}        5.000           200.000         


------------------------------------------------------------------------------------------------
| Intra Clock Table
| -----------------
------------------------------------------------------------------------------------------------

Clock             WNS(ns)      TNS(ns)  TNS Failing Endpoints  TNS Total Endpoints      WHS(ns)      THS(ns)  THS Failing Endpoints  THS Total Endpoints     WPWS(ns)     TPWS(ns)  TPWS Failing Endpoints  TPWS Total Endpoints  
-----             -------      -------  ---------------------  -------------------      -------      -------  ---------------------  -------------------     --------     --------  ----------------------  --------------------  
clk_fpga_0          1.630        0.000                      0                15716        0.048        0.000                      0                15716        3.870        0.000                       0                  4370  
eth_rxc             0.188        0.000                      0                 4818        0.025        0.000                      0                 4818        3.500        0.000                       0                  2528  
sys_clk            11.377        0.000                      0                  255        0.121        0.000                      0                  255        7.000        0.000                       0                   187  
  clkfbout                                                                                                                                                     18.408        0.000                       0                     3  
  clkfbout_1                                                                                                                                                   18.408        0.000                       0                     3  
  clkout0_1         0.462        0.000                      0                13701        0.076        0.000                      0                13701        8.870        0.000                       0                  4943  
  clkout1_1                                                                                                                                                     2.408        0.000                       0                    10  
  clkout2                                                                                                                                                       0.264        0.000                       0                     3  


------------------------------------------------------------------------------------------------
| Inter Clock Table
| -----------------
------------------------------------------------------------------------------------------------

From Clock    To Clock          WNS(ns)      TNS(ns)  TNS Failing Endpoints  TNS Total Endpoints      WHS(ns)      THS(ns)  THS Failing Endpoints  THS Total Endpoints  
----------    --------          -------      -------  ---------------------  -------------------      -------      -------  ---------------------  -------------------  
clkout0_1     sys_clk            14.803        0.000                      0                   22        0.214        0.000                      0                   22  
sys_clk       clkout0_1           4.364        0.000                      0                  191        0.274        0.000                      0                  191  


------------------------------------------------------------------------------------------------
| Other Path Groups Table
| -----------------------
------------------------------------------------------------------------------------------------

Path Group    From Clock    To Clock          WNS(ns)      TNS(ns)  TNS Failing Endpoints  TNS Total Endpoints      WHS(ns)      THS(ns)  THS Failing Endpoints  THS Total Endpoints  
----------    ----------    --------          -------      -------  ---------------------  -------------------      -------      -------  ---------------------  -------------------  


------------------------------------------------------------------------------------------------
| Timing Details
| --------------
------------------------------------------------------------------------------------------------


---------------------------------------------------------------------------------------------------
From Clock:  clk_fpga_0
  To Clock:  clk_fpga_0

Setup :            0  Failing Endpoints,  Worst Slack        1.630ns,  Total Violation        0.000ns
Hold  :            0  Failing Endpoints,  Worst Slack        0.048ns,  Total Violation        0.000ns
PW    :            0  Failing Endpoints,  Worst Slack        3.870ns,  Total Violation        0.000ns
---------------------------------------------------------------------------------------------------


Max Delay Paths
--------------------------------------------------------------------------------------
Slack (MET) :             1.630ns  (required time - arrival time)
  Source:                 u_pl/u_arb/owner_eth_reg_rep__0/C
                            (rising edge-triggered cell FDCE clocked by clk_fpga_0  {rise@0.000ns fall@5.000ns period=10.000ns})
  Destination:            u_pl/u_bilin/u_fb/lo_reg_0_47/ADDRARDADDR[6]
                            (rising edge-triggered cell RAMB36E1 clocked by clk_fpga_0  {rise@0.000ns fall@5.000ns period=10.000ns})
  Path Group:             clk_fpga_0
  Path Type:              Setup (Max at Slow Process Corner)
  Requirement:            10.000ns  (clk_fpga_0 rise@10.000ns - clk_fpga_0 rise@0.000ns)
  Data Path Delay:        7.573ns  (logic 0.494ns (6.523%)  route 7.079ns (93.477%))
  Logic Levels:           1  (LUT3=1)
  Clock Path Skew:        0.007ns (DCD - SCD + CPR)
    Destination Clock Delay (DCD):    2.362ns = ( 12.362 - 10.000 ) 
    Source Clock Delay      (SCD):    2.464ns
    Clock Pessimism Removal (CPR):    0.109ns
  Clock Uncertainty:      0.154ns  ((TSJ^2 + TIJ^2)^1/2 + DJ) / 2 + PE
    Total System Jitter     (TSJ):    0.071ns
    Total Input Jitter      (TIJ):    0.300ns
    Discrete Jitter          (DJ):    0.000ns
    Phase Error              (PE):    0.000ns

    Location             Delay type                Incr(ns)  Path(ns)    Netlist Resource(s)
  -------------------------------------------------------------------    -------------------
                         (clock clk_fpga_0 rise edge)
                                                      0.000     0.000 r  
    PS7_X0Y0             PS7                          0.000     0.000 r  u_bd/design_1_i/processing_system7_0/inst/PS7_i/FCLKCLK[0]
                         net (fo=1, routed)           0.994     0.994    u_bd/design_1_i/processing_system7_0/inst/FCLK_CLK_unbuffered[0]
    BUFGCTRL_X0Y16       BUFG (Prop_bufg_I_O)         0.085     1.079 r  u_bd/design_1_i/processing_system7_0/inst/buffer_fclk_clk_0.FCLK_CLK_0_BUFG/O
                         net (fo=4371, routed)        1.385     2.464    u_pl/u_arb/FCLK_CLK0
    SLICE_X44Y63         FDCE                                         r  u_pl/u_arb/owner_eth_reg_rep__0/C
  -------------------------------------------------------------------    -------------------
    SLICE_X44Y63         FDCE (Prop_fdce_C_Q)         0.379     2.843 r  u_pl/u_arb/owner_eth_reg_rep__0/Q
                         net (fo=177, routed)         1.542     4.385    u_pl/u_row/wr_words_reg[17]_0
    SLICE_X42Y42         LUT3 (Prop_lut3_I2_O)        0.115     4.500 r  u_pl/u_row/lo_reg_0_12_i_9/O
                         net (fo=20, routed)          5.537    10.037    u_pl/u_bilin/u_fb/lo_reg_0_12_0[6]
    RAMB36_X5Y13         RAMB36E1                                     r  u_pl/u_bilin/u_fb/lo_reg_0_47/ADDRARDADDR[6]
  -------------------------------------------------------------------    -------------------

                         (clock clk_fpga_0 rise edge)
                                                     10.000    10.000 r  
    PS7_X0Y0             PS7                          0.000    10.000 r  u_bd/design_1_i/processing_system7_0/inst/PS7_i/FCLKCLK[0]
                         net (fo=1, routed)           0.905    10.906    u_bd/design_1_i/processing_system7_0/inst/FCLK_CLK_unbuffered[0]
    BUFGCTRL_X0Y16       BUFG (Prop_bufg_I_O)         0.077    10.983 r  u_bd/design_1_i/processing_system7_0/inst/buffer_fclk_clk_0.FCLK_CLK_0_BUFG/O
                         net (fo=4371, routed)        1.380    12.362    u_pl/u_bilin/u_fb/FCLK_CLK0
    RAMB36_X5Y13         RAMB36E1                                     r  u_pl/u_bilin/u_fb/lo_reg_0_47/CLKARDCLK
                         clock pessimism              0.109    12.471    
                         clock uncertainty           -0.154    12.317    
    RAMB36_X5Y13         RAMB36E1 (Setup_ramb36e1_CLKARDCLK_ADDRARDADDR[6])
                                                     -0.649    11.668    u_pl/u_bilin/u_fb/lo_reg_0_47
  -------------------------------------------------------------------
                         required time                         11.668    
                         arrival time                         -10.037    
  -------------------------------------------------------------------
                         slack                                  1.630    





Min Delay Paths
--------------------------------------------------------------------------------------
Slack (MET) :             0.048ns  (arrival time - required time)
  Source:                 u_eth/u_saver/cur_data_reg[39]/C
                            (rising edge-triggered cell FDCE clocked by clk_fpga_0  {rise@0.000ns fall@5.000ns period=10.000ns})
  Destination:            u_eth/u_saver/q_data_reg_64_127_39_41/RAMA/I
                            (rising edge-triggered cell RAMD64E clocked by clk_fpga_0  {rise@0.000ns fall@5.000ns period=10.000ns})
  Path Group:             clk_fpga_0
  Path Type:              Hold (Min at Fast Process Corner)
  Requirement:            0.000ns  (clk_fpga_0 rise@0.000ns - clk_fpga_0 rise@0.000ns)
  Data Path Delay:        0.208ns  (logic 0.141ns (67.807%)  route 0.067ns (32.193%))
  Logic Levels:           0  
  Clock Path Skew:        0.013ns (DCD - SCD - CPR)
    Destination Clock Delay (DCD):    1.225ns
    Source Clock Delay      (SCD):    0.927ns
    Clock Pessimism Removal (CPR):    0.285ns

    Location             Delay type                Incr(ns)  Path(ns)    Netlist Resource(s)
  -------------------------------------------------------------------    -------------------
                         (clock clk_fpga_0 rise edge)
                                                      0.000     0.000 r  
    PS7_X0Y0             PS7                          0.000     0.000 r  u_bd/design_1_i/processing_system7_0/inst/PS7_i/FCLKCLK[0]
                         net (fo=1, routed)           0.310     0.310    u_bd/design_1_i/processing_system7_0/inst/FCLK_CLK_unbuffered[0]
    BUFGCTRL_X0Y16       BUFG (Prop_bufg_I_O)         0.026     0.336 r  u_bd/design_1_i/processing_system7_0/inst/buffer_fclk_clk_0.FCLK_CLK_0_BUFG/O
                         net (fo=4371, routed)        0.591     0.927    u_eth/u_saver/FCLK_CLK0
    SLICE_X27Y46         FDCE                                         r  u_eth/u_saver/cur_data_reg[39]/C
  -------------------------------------------------------------------    -------------------
    SLICE_X27Y46         FDCE (Prop_fdce_C_Q)         0.141     1.067 r  u_eth/u_saver/cur_data_reg[39]/Q
                         net (fo=8, routed)           0.067     1.134    u_eth/u_saver/q_data_reg_64_127_39_41/DIA
    SLICE_X26Y46         RAMD64E                                      r  u_eth/u_saver/q_data_reg_64_127_39_41/RAMA/I
  -------------------------------------------------------------------    -------------------

                         (clock clk_fpga_0 rise edge)
                                                      0.000     0.000 r  
    PS7_X0Y0             PS7                          0.000     0.000 r  u_bd/design_1_i/processing_system7_0/inst/PS7_i/FCLKCLK[0]
                         net (fo=1, routed)           0.337     0.337    u_bd/design_1_i/processing_system7_0/inst/FCLK_CLK_unbuffered[0]
    BUFGCTRL_X0Y16       BUFG (Prop_bufg_I_O)         0.029     0.366 r  u_bd/design_1_i/processing_system7_0/inst/buffer_fclk_clk_0.FCLK_CLK_0_BUFG/O
                         net (fo=4371, routed)        0.859     1.225    u_eth/u_saver/q_data_reg_64_127_39_41/WCLK
    SLICE_X26Y46         RAMD64E                                      r  u_eth/u_saver/q_data_reg_64_127_39_41/RAMA/CLK
                         clock pessimism             -0.285     0.940    
    SLICE_X26Y46         RAMD64E (Hold_ramd64e_CLK_I)
                                                      0.147     1.087    u_eth/u_saver/q_data_reg_64_127_39_41/RAMA
  -------------------------------------------------------------------
                         required time                         -1.087    
                         arrival time                           1.134    
  -------------------------------------------------------------------
                         slack                                  0.048    





Pulse Width Checks
--------------------------------------------------------------------------------------
Clock Name:         clk_fpga_0
Waveform(ns):       { 0.000 5.000 }
Period(ns):         10.000
Sources:            { u_bd/design_1_i/processing_system7_0/inst/PS7_i/FCLKCLK[0] }

Check Type        Corner  Lib Pin             Reference Pin  Required(ns)  Actual(ns)  Slack(ns)  Location      Pin
Min Period        n/a     RAMB36E1/CLKBWRCLK  n/a            2.170         10.000      7.830      RAMB36_X1Y6   u_eth/u_cdc/mem_reg_0/CLKBWRCLK
Low Pulse Width   Slow    RAMD64E/CLK         n/a            1.130         5.000       3.870      SLICE_X32Y36  u_eth/u_saver/q_addr_reg_0_63_12_14/RAMA/CLK
High Pulse Width  Slow    RAMD64E/CLK         n/a            1.130         5.000       3.870      SLICE_X32Y36  u_eth/u_saver/q_addr_reg_0_63_12_14/RAMA/CLK



---------------------------------------------------------------------------------------------------
From Clock:  eth_rxc
  To Clock:  eth_rxc

Setup :            0  Failing Endpoints,  Worst Slack        0.188ns,  Total Violation        0.000ns
Hold  :            0  Failing Endpoints,  Worst Slack        0.025ns,  Total Violation        0.000ns
PW    :            0  Failing Endpoints,  Worst Slack        3.500ns,  Total Violation        0.000ns
---------------------------------------------------------------------------------------------------


Max Delay Paths
--------------------------------------------------------------------------------------
Slack (MET) :             0.188ns  (required time - arrival time)
  Source:                 u_eth/u_lm/ms32_reg[1]/C
                            (rising edge-triggered cell FDCE clocked by eth_rxc  {rise@0.000ns fall@4.000ns period=8.000ns})
  Destination:            u_eth/u_lm/gap_max_reg[10]/CE
                            (rising edge-triggered cell FDCE clocked by eth_rxc  {rise@0.000ns fall@4.000ns period=8.000ns})
  Path Group:             eth_rxc
  Path Type:              Setup (Max at Slow Process Corner)
  Requirement:            8.000ns  (eth_rxc rise@8.000ns - eth_rxc rise@0.000ns)
  Data Path Delay:        7.387ns  (logic 2.651ns (35.887%)  route 4.736ns (64.113%))
  Logic Levels:           13  (CARRY4=9 LUT4=2 LUT5=2)
  Clock Path Skew:        -0.059ns (DCD - SCD + CPR)
    Destination Clock Delay (DCD):    4.413ns = ( 12.413 - 8.000 ) 
    Source Clock Delay      (SCD):    4.814ns
    Clock Pessimism Removal (CPR):    0.342ns
  Clock Uncertainty:      0.035ns  ((TSJ^2 + TIJ^2)^1/2 + DJ) / 2 + PE
    Total System Jitter     (TSJ):    0.071ns
    Total Input Jitter      (TIJ):    0.000ns
    Discrete Jitter          (DJ):    0.000ns
    Phase Error              (PE):    0.000ns

    Location             Delay type                Incr(ns)  Path(ns)    Netlist Resource(s)
  -------------------------------------------------------------------    -------------------
                         (clock eth_rxc rise edge)    0.000     0.000 r  
    Y19                                               0.000     0.000 r  eth_rxc (IN)
                         net (fo=0)                   0.000     0.000    eth_rxc
    Y19                  IBUF (Prop_ibuf_I_O)         1.430     1.430 r  eth_rxc_IBUF_inst/O
                         net (fo=2, routed)           1.873     3.303    u_eth/u_rgmii/u_rgmii_rx/rgmii_rxc
    BUFGCTRL_X0Y1        BUFG (Prop_bufg_I_O)         0.085     3.388 r  u_eth/u_rgmii/u_rgmii_rx/BUFG_inst/O
                         net (fo=2522, routed)        1.426     4.814    u_eth/u_lm/gmii_rx_clk
    SLICE_X26Y61         FDCE                                         r  u_eth/u_lm/ms32_reg[1]/C
  -------------------------------------------------------------------    -------------------
    SLICE_X26Y61         FDCE (Prop_fdce_C_Q)         0.433     5.247 r  u_eth/u_lm/ms32_reg[1]/Q
                         net (fo=4, routed)           1.178     6.425    u_eth/u_lm/ms32_reg[1]
    SLICE_X29Y61         CARRY4 (Prop_carry4_DI[1]_CO[3])
                                                      0.418     6.843 r  u_eth/u_lm/gap_min_reg[3]_i_2/CO[3]
                         net (fo=1, routed)           0.000     6.843    u_eth/u_lm/gap_min_reg[3]_i_2_n_0
    SLICE_X29Y62         CARRY4 (Prop_carry4_CI_CO[3])
                                                      0.098     6.941 r  u_eth/u_lm/gap_min_reg[7]_i_2/CO[3]
                         net (fo=1, routed)           0.000     6.941    u_eth/u_lm/gap_min_reg[7]_i_2_n_0
    SLICE_X29Y63         CARRY4 (Prop_carry4_CI_CO[3])
                                                      0.098     7.039 r  u_eth/u_lm/gap_min_reg[11]_i_2/CO[3]
                         net (fo=1, routed)           0.000     7.039    u_eth/u_lm/gap_min_reg[11]_i_2_n_0
    SLICE_X29Y64         CARRY4 (Prop_carry4_CI_CO[3])
                                                      0.098     7.137 r  u_eth/u_lm/gap_min_reg[15]_i_5/CO[3]
                         net (fo=1, routed)           0.000     7.137    u_eth/u_lm/gap_min_reg[15]_i_5_n_0
    SLICE_X29Y65         CARRY4 (Prop_carry4_CI_CO[3])
                                                      0.098     7.235 r  u_eth/u_lm/gap_min_reg[15]_i_33/CO[3]
                         net (fo=1, routed)           0.000     7.235    u_eth/u_lm/gap_min_reg[15]_i_33_n_0
    SLICE_X29Y66         CARRY4 (Prop_carry4_CI_CO[3])
                                                      0.098     7.333 r  u_eth/u_lm/gap_min_reg[15]_i_31/CO[3]
                         net (fo=1, routed)           0.000     7.333    u_eth/u_lm/gap_min_reg[15]_i_31_n_0
    SLICE_X29Y67         CARRY4 (Prop_carry4_CI_O[0])
                                                      0.180     7.513 r  u_eth/u_lm/gap_min_reg[15]_i_32/O[0]
                         net (fo=1, routed)           0.768     8.281    u_eth/u_lm/gap_min_reg[15]_i_32_n_7
    SLICE_X30Y65         LUT4 (Prop_lut4_I0_O)        0.249     8.530 r  u_eth/u_lm/gap_min[15]_i_18/O
                         net (fo=1, routed)           0.541     9.071    u_eth/u_lm/gap_min[15]_i_18_n_0
    SLICE_X31Y65         LUT4 (Prop_lut4_I3_O)        0.105     9.176 r  u_eth/u_lm/gap_min[15]_i_4/O
                         net (fo=96, routed)          0.619     9.795    u_eth/u_lm/gap_min[15]_i_4_n_0
    SLICE_X30Y66         LUT5 (Prop_lut5_I1_O)        0.105     9.900 r  u_eth/u_lm/gap_max[15]_i_19/O
                         net (fo=1, routed)           0.000     9.900    u_eth/u_lm/gap_max[15]_i_19_n_0
    SLICE_X30Y66         CARRY4 (Prop_carry4_S[1]_CO[3])
                                                      0.444    10.344 r  u_eth/u_lm/gap_max_reg[15]_i_4/CO[3]
                         net (fo=1, routed)           0.000    10.344    u_eth/u_lm/gap_max_reg[15]_i_4_n_0
    SLICE_X30Y67         CARRY4 (Prop_carry4_CI_CO[3])
                                                      0.100    10.444 r  u_eth/u_lm/gap_max_reg[15]_i_3/CO[3]
                         net (fo=17, routed)          1.026    11.470    u_eth/u_lm/gap_max_reg[15]_i_3_n_0
    SLICE_X32Y67         LUT5 (Prop_lut5_I2_O)        0.127    11.597 r  u_eth/u_lm/gap_max[15]_i_1/O
                         net (fo=16, routed)          0.603    12.201    u_eth/u_lm/gap_max[15]_i_1_n_0
    SLICE_X31Y67         FDCE                                         r  u_eth/u_lm/gap_max_reg[10]/CE
  -------------------------------------------------------------------    -------------------

                         (clock eth_rxc rise edge)    8.000     8.000 r  
    Y19                                               0.000     8.000 r  eth_rxc (IN)
                         net (fo=0)                   0.000     8.000    eth_rxc
    Y19                  IBUF (Prop_ibuf_I_O)         1.364     9.364 r  eth_rxc_IBUF_inst/O
                         net (fo=2, routed)           1.701    11.065    u_eth/u_rgmii/u_rgmii_rx/rgmii_rxc
    BUFGCTRL_X0Y1        BUFG (Prop_bufg_I_O)         0.077    11.142 r  u_eth/u_rgmii/u_rgmii_rx/BUFG_inst/O
                         net (fo=2522, routed)        1.271    12.413    u_eth/u_lm/gmii_rx_clk
    SLICE_X31Y67         FDCE                                         r  u_eth/u_lm/gap_max_reg[10]/C
                         clock pessimism              0.342    12.755    
                         clock uncertainty           -0.035    12.719    
    SLICE_X31Y67         FDCE (Setup_fdce_C_CE)      -0.331    12.388    u_eth/u_lm/gap_max_reg[10]
  -------------------------------------------------------------------
                         required time                         12.388    
                         arrival time                         -12.201    
  -------------------------------------------------------------------
                         slack                                  0.188    





Min Delay Paths
--------------------------------------------------------------------------------------
Slack (MET) :             0.025ns  (arrival time - required time)
  Source:                 u_eth/u_rx_par/p_valid_reg/C
                            (rising edge-triggered cell FDCE clocked by eth_rxc  {rise@0.000ns fall@4.000ns period=8.000ns})
  Destination:            u_eth/u_reasm/bad_frame_reg/D
                            (rising edge-triggered cell FDCE clocked by eth_rxc  {rise@0.000ns fall@4.000ns period=8.000ns})
  Path Group:             eth_rxc
  Path Type:              Hold (Min at Fast Process Corner)
  Requirement:            0.000ns  (eth_rxc rise@0.000ns - eth_rxc rise@0.000ns)
  Data Path Delay:        0.882ns  (logic 0.291ns (32.993%)  route 0.591ns (67.007%))
  Logic Levels:           2  (LUT2=1 LUT6=1)
  Clock Path Skew:        0.266ns (DCD - SCD - CPR)
    Destination Clock Delay (DCD):    2.039ns
    Source Clock Delay      (SCD):    1.520ns
    Clock Pessimism Removal (CPR):    0.253ns
  Clock Uncertainty:      0.500ns  ((TSJ^2 + TIJ^2)^1/2 + DJ) / 2 + PE + UU
    Total System Jitter     (TSJ):    0.000ns
    Total Input Jitter      (TIJ):    0.000ns
    Discrete Jitter          (DJ):    0.000ns
    Phase Error              (PE):    0.000ns
    User Uncertainty         (UU):    0.500ns

    Location             Delay type                Incr(ns)  Path(ns)    Netlist Resource(s)
  -------------------------------------------------------------------    -------------------
                         (clock eth_rxc rise edge)    0.000     0.000 r  
    Y19                                               0.000     0.000 r  eth_rxc (IN)
                         net (fo=0)                   0.000     0.000    eth_rxc
    Y19                  IBUF (Prop_ibuf_I_O)         0.266     0.266 r  eth_rxc_IBUF_inst/O
                         net (fo=2, routed)           0.674     0.940    u_eth/u_rgmii/u_rgmii_rx/rgmii_rxc
    BUFGCTRL_X0Y1        BUFG (Prop_bufg_I_O)         0.026     0.966 r  u_eth/u_rgmii/u_rgmii_rx/BUFG_inst/O
                         net (fo=2522, routed)        0.554     1.520    u_eth/u_rx_par/gmii_rx_clk
    SLICE_X50Y38         FDCE                                         r  u_eth/u_rx_par/p_valid_reg/C
  -------------------------------------------------------------------    -------------------
    SLICE_X50Y38         FDCE (Prop_fdce_C_Q)         0.148     1.668 f  u_eth/u_rx_par/p_valid_reg/Q
                         net (fo=20, routed)          0.403     2.071    u_eth/u_rx_par/p_valid
    SLICE_X42Y38         LUT2 (Prop_lut2_I0_O)        0.098     2.169 f  u_eth/u_rx_par/bad_frame_i_2/O
                         net (fo=3, routed)           0.188     2.357    u_eth/u_reasm/bad_frame_reg_0
    SLICE_X44Y38         LUT6 (Prop_lut6_I0_O)        0.045     2.402 r  u_eth/u_reasm/bad_frame_i_1/O
                         net (fo=1, routed)           0.000     2.402    u_eth/u_reasm/bad_frame_i_1_n_0
    SLICE_X44Y38         FDCE                                         r  u_eth/u_reasm/bad_frame_reg/D
  -------------------------------------------------------------------    -------------------

                         (clock eth_rxc rise edge)    0.000     0.000 r  
    Y19                                               0.000     0.000 r  eth_rxc (IN)
                         net (fo=0)                   0.000     0.000    eth_rxc
    Y19                  IBUF (Prop_ibuf_I_O)         0.454     0.454 r  eth_rxc_IBUF_inst/O
                         net (fo=2, routed)           0.731     1.185    u_eth/u_rgmii/u_rgmii_rx/rgmii_rxc
    BUFGCTRL_X0Y1        BUFG (Prop_bufg_I_O)         0.029     1.214 r  u_eth/u_rgmii/u_rgmii_rx/BUFG_inst/O
                         net (fo=2522, routed)        0.825     2.039    u_eth/u_reasm/gmii_rx_clk
    SLICE_X44Y38         FDCE                                         r  u_eth/u_reasm/bad_frame_reg/C
                         clock pessimism             -0.253     1.786    
                         clock uncertainty            0.500     2.286    
    SLICE_X44Y38         FDCE (Hold_fdce_C_D)         0.091     2.377    u_eth/u_reasm/bad_frame_reg
  -------------------------------------------------------------------
                         required time                         -2.377    
                         arrival time                           2.402    
  -------------------------------------------------------------------
                         slack                                  0.025    





Pulse Width Checks
--------------------------------------------------------------------------------------
Clock Name:         eth_rxc
Waveform(ns):       { 0.000 4.000 }
Period(ns):         8.000
Sources:            { eth_rxc }

Check Type        Corner  Lib Pin             Reference Pin  Required(ns)  Actual(ns)  Slack(ns)  Location      Pin
Min Period        n/a     RAMB18E1/CLKARDCLK  n/a            2.472         8.000       5.528      RAMB18_X5Y8   u_eth/u_icmp_fifo/mem_reg/CLKARDCLK
Low Pulse Width   Slow    FDCE/C              n/a            0.500         4.000       3.500      SLICE_X27Y36  u_eth/flush_pend_reg/C
High Pulse Width  Slow    FDCE/C              n/a            0.500         4.000       3.500      SLICE_X27Y36  u_eth/flush_pend_reg/C



---------------------------------------------------------------------------------------------------
From Clock:  sys_clk
  To Clock:  sys_clk

Setup :            0  Failing Endpoints,  Worst Slack       11.377ns,  Total Violation        0.000ns
Hold  :            0  Failing Endpoints,  Worst Slack        0.121ns,  Total Violation        0.000ns
PW    :            0  Failing Endpoints,  Worst Slack        7.000ns,  Total Violation        0.000ns
---------------------------------------------------------------------------------------------------


Max Delay Paths
--------------------------------------------------------------------------------------
Slack (MET) :             11.377ns  (required time - arrival time)
  Source:                 u_pl/u_ang/angle_reg[4]/C
                            (rising edge-triggered cell FDRE clocked by sys_clk  {rise@0.000ns fall@10.000ns period=20.000ns})
  Destination:            u_pl/u_ang/angle_reg[3]/D
                            (rising edge-triggered cell FDRE clocked by sys_clk  {rise@0.000ns fall@10.000ns period=20.000ns})
  Path Group:             sys_clk
  Path Type:              Setup (Max at Slow Process Corner)
  Requirement:            20.000ns  (sys_clk rise@20.000ns - sys_clk rise@0.000ns)
  Data Path Delay:        8.529ns  (logic 1.304ns (15.289%)  route 7.225ns (84.711%))
  Logic Levels:           5  (LUT5=2 LUT6=2 MUXF7=1)
  Clock Path Skew:        0.000ns (DCD - SCD + CPR)
    Destination Clock Delay (DCD):    4.509ns = ( 24.509 - 20.000 ) 
    Source Clock Delay      (SCD):    4.923ns
    Clock Pessimism Removal (CPR):    0.414ns
  Clock Uncertainty:      0.035ns  ((TSJ^2 + TIJ^2)^1/2 + DJ) / 2 + PE
    Total System Jitter     (TSJ):    0.071ns
    Total Input Jitter      (TIJ):    0.000ns
    Discrete Jitter          (DJ):    0.000ns
    Phase Error              (PE):    0.000ns

    Location             Delay type                Incr(ns)  Path(ns)    Netlist Resource(s)
  -------------------------------------------------------------------    -------------------
                         (clock sys_clk rise edge)    0.000     0.000 r  
    W17                                               0.000     0.000 r  sys_clk (IN)
                         net (fo=0)                   0.000     0.000    sys_clk
    W17                  IBUF (Prop_ibuf_I_O)         1.415     1.415 r  sys_clk_IBUF_inst/O
                         net (fo=1, routed)           1.873     3.288    sys_clk_IBUF
    BUFGCTRL_X0Y4        BUFG (Prop_bufg_I_O)         0.085     3.373 r  sys_clk_IBUF_BUFG_inst/O
                         net (fo=186, routed)         1.550     4.923    u_pl/u_ang/CLK
    SLICE_X53Y103        FDRE                                         r  u_pl/u_ang/angle_reg[4]/C
  -------------------------------------------------------------------    -------------------
    SLICE_X53Y103        FDRE (Prop_fdre_C_Q)         0.379     5.302 r  u_pl/u_ang/angle_reg[4]/Q
                         net (fo=204, routed)         4.577     9.880    u_pl/u_ang/angle_reg[8]_1[2]
    SLICE_X80Y104        LUT5 (Prop_lut5_I0_O)        0.105     9.985 r  u_pl/u_ang/rot_s0_i_2/O
                         net (fo=6, routed)           1.430    11.414    u_pl/u_ang/rot_s0_i_2_n_0
    SLICE_X55Y105        LUT5 (Prop_lut5_I0_O)        0.115    11.529 r  u_pl/u_ang/rot_s0_i_1/O
                         net (fo=3, routed)           0.467    11.997    u_pl/u_ang/rot_on
    SLICE_X53Y105        LUT6 (Prop_lut6_I0_O)        0.275    12.272 r  u_pl/u_ang/angle[3]_i_9/O
                         net (fo=1, routed)           0.000    12.272    u_pl/u_ang/angle[3]_i_9_n_0
    SLICE_X53Y105        MUXF7 (Prop_muxf7_I0_O)      0.178    12.450 r  u_pl/u_ang/angle_reg[3]_i_5/O
                         net (fo=1, routed)           0.464    12.914    u_pl/u_ang/angle_reg[3]_i_5_n_0
    SLICE_X53Y103        LUT6 (Prop_lut6_I5_O)        0.252    13.166 r  u_pl/u_ang/angle[3]_i_1/O
                         net (fo=1, routed)           0.286    13.452    u_pl/u_ang/p_1_in__0[3]
    SLICE_X53Y103        FDRE                                         r  u_pl/u_ang/angle_reg[3]/D
  -------------------------------------------------------------------    -------------------

                         (clock sys_clk rise edge)   20.000    20.000 r  
    W17                                               0.000    20.000 r  sys_clk (IN)
                         net (fo=0)                   0.000    20.000    sys_clk
    W17                  IBUF (Prop_ibuf_I_O)         1.349    21.349 r  sys_clk_IBUF_inst/O
                         net (fo=1, routed)           1.701    23.050    sys_clk_IBUF
    BUFGCTRL_X0Y4        BUFG (Prop_bufg_I_O)         0.077    23.127 r  sys_clk_IBUF_BUFG_inst/O
                         net (fo=186, routed)         1.382    24.509    u_pl/u_ang/CLK
    SLICE_X53Y103        FDRE                                         r  u_pl/u_ang/angle_reg[3]/C
                         clock pessimism              0.414    24.923    
                         clock uncertainty           -0.035    24.888    
    SLICE_X53Y103        FDRE (Setup_fdre_C_D)       -0.059    24.829    u_pl/u_ang/angle_reg[3]
  -------------------------------------------------------------------
                         required time                         24.829    
                         arrival time                         -13.452    
  -------------------------------------------------------------------
                         slack                                 11.377    





Min Delay Paths
--------------------------------------------------------------------------------------
Slack (MET) :             0.121ns  (arrival time - required time)
  Source:                 u_pl/u_ang/fs_s_reg[0]/C
                            (rising edge-triggered cell FDRE clocked by sys_clk  {rise@0.000ns fall@10.000ns period=20.000ns})
  Destination:            u_pl/u_ang/fs_s_reg[1]/D
                            (rising edge-triggered cell FDRE clocked by sys_clk  {rise@0.000ns fall@10.000ns period=20.000ns})
  Path Group:             sys_clk
  Path Type:              Hold (Min at Fast Process Corner)
  Requirement:            0.000ns  (sys_clk rise@0.000ns - sys_clk rise@0.000ns)
  Data Path Delay:        0.196ns  (logic 0.141ns (71.838%)  route 0.055ns (28.162%))
  Logic Levels:           0  
  Clock Path Skew:        0.000ns (DCD - SCD - CPR)
    Destination Clock Delay (DCD):    2.109ns
    Source Clock Delay      (SCD):    1.589ns
    Clock Pessimism Removal (CPR):    0.520ns

    Location             Delay type                Incr(ns)  Path(ns)    Netlist Resource(s)
  -------------------------------------------------------------------    -------------------
                         (clock sys_clk rise edge)    0.000     0.000 r  
    W17                                               0.000     0.000 r  sys_clk (IN)
                         net (fo=0)                   0.000     0.000    sys_clk
    W17                  IBUF (Prop_ibuf_I_O)         0.252     0.252 r  sys_clk_IBUF_inst/O
                         net (fo=1, routed)           0.674     0.926    sys_clk_IBUF
    BUFGCTRL_X0Y4        BUFG (Prop_bufg_I_O)         0.026     0.952 r  sys_clk_IBUF_BUFG_inst/O
                         net (fo=186, routed)         0.637     1.589    u_pl/u_ang/CLK
    SLICE_X51Y102        FDRE                                         r  u_pl/u_ang/fs_s_reg[0]/C
  -------------------------------------------------------------------    -------------------
    SLICE_X51Y102        FDRE (Prop_fdre_C_Q)         0.141     1.730 r  u_pl/u_ang/fs_s_reg[0]/Q
                         net (fo=1, routed)           0.055     1.785    u_pl/u_ang/fs_s[0]
    SLICE_X51Y102        FDRE                                         r  u_pl/u_ang/fs_s_reg[1]/D
  -------------------------------------------------------------------    -------------------

                         (clock sys_clk rise edge)    0.000     0.000 r  
    W17                                               0.000     0.000 r  sys_clk (IN)
                         net (fo=0)                   0.000     0.000    sys_clk
    W17                  IBUF (Prop_ibuf_I_O)         0.440     0.440 r  sys_clk_IBUF_inst/O
                         net (fo=1, routed)           0.731     1.171    sys_clk_IBUF
    BUFGCTRL_X0Y4        BUFG (Prop_bufg_I_O)         0.029     1.200 r  sys_clk_IBUF_BUFG_inst/O
                         net (fo=186, routed)         0.909     2.109    u_pl/u_ang/CLK
    SLICE_X51Y102        FDRE                                         r  u_pl/u_ang/fs_s_reg[1]/C
                         clock pessimism             -0.520     1.589    
    SLICE_X51Y102        FDRE (Hold_fdre_C_D)         0.075     1.664    u_pl/u_ang/fs_s_reg[1]
  -------------------------------------------------------------------
                         required time                         -1.664    
                         arrival time                           1.785    
  -------------------------------------------------------------------
                         slack                                  0.121    





Pulse Width Checks
--------------------------------------------------------------------------------------
Clock Name:         sys_clk
Waveform(ns):       { 0.000 10.000 }
Period(ns):         20.000
Sources:            { sys_clk }

Check Type        Corner  Lib Pin            Reference Pin  Required(ns)  Actual(ns)  Slack(ns)  Location         Pin
Min Period        n/a     BUFG/I             n/a            1.592         20.000      18.408     BUFGCTRL_X0Y4    sys_clk_IBUF_BUFG_inst/I
Max Period        n/a     MMCME2_ADV/CLKIN1  n/a            100.000       20.000      80.000     MMCME2_ADV_X0Y0  u_idelay_clkgen/u_mmcm/CLKIN1
Low Pulse Width   Slow    MMCME2_ADV/CLKIN1  n/a            3.000         10.000      7.000      MMCME2_ADV_X0Y0  u_idelay_clkgen/u_mmcm/CLKIN1
High Pulse Width  Slow    MMCME2_ADV/CLKIN1  n/a            3.000         10.000      7.000      MMCME2_ADV_X0Y0  u_idelay_clkgen/u_mmcm/CLKIN1



---------------------------------------------------------------------------------------------------
From Clock:  clkfbout
  To Clock:  clkfbout

Setup :           NA  Failing Endpoints,  Worst Slack           NA  ,  Total Violation           NA
Hold  :           NA  Failing Endpoints,  Worst Slack           NA  ,  Total Violation           NA
PW    :            0  Failing Endpoints,  Worst Slack       18.408ns,  Total Violation        0.000ns
---------------------------------------------------------------------------------------------------


Pulse Width Checks
--------------------------------------------------------------------------------------
Clock Name:         clkfbout
Waveform(ns):       { 0.000 10.000 }
Period(ns):         20.000
Sources:            { u_idelay_clkgen/u_mmcm/CLKFBOUT }

Check Type  Corner  Lib Pin             Reference Pin  Required(ns)  Actual(ns)  Slack(ns)  Location         Pin
Min Period  n/a     BUFG/I              n/a            1.592         20.000      18.408     BUFGCTRL_X0Y5    u_idelay_clkgen/u_bufg_fb/I
Max Period  n/a     MMCME2_ADV/CLKFBIN  n/a            100.000       20.000      80.000     MMCME2_ADV_X0Y0  u_idelay_clkgen/u_mmcm/CLKFBIN



---------------------------------------------------------------------------------------------------
From Clock:  clkfbout_1
  To Clock:  clkfbout_1

Setup :           NA  Failing Endpoints,  Worst Slack           NA  ,  Total Violation           NA
Hold  :           NA  Failing Endpoints,  Worst Slack           NA  ,  Total Violation           NA
PW    :            0  Failing Endpoints,  Worst Slack       18.408ns,  Total Violation        0.000ns
---------------------------------------------------------------------------------------------------


Pulse Width Checks
--------------------------------------------------------------------------------------
Clock Name:         clkfbout_1
Waveform(ns):       { 0.000 10.000 }
Period(ns):         20.000
Sources:            { u_pl/u_clk/u_mmcm/CLKFBOUT }

Check Type  Corner  Lib Pin             Reference Pin  Required(ns)  Actual(ns)  Slack(ns)  Location         Pin
Min Period  n/a     BUFG/I              n/a            1.592         20.000      18.408     BUFGCTRL_X0Y6    u_pl/u_clk/u_bufg_fb/I
Max Period  n/a     MMCME2_ADV/CLKFBIN  n/a            100.000       20.000      80.000     MMCME2_ADV_X1Y0  u_pl/u_clk/u_mmcm/CLKFBIN



---------------------------------------------------------------------------------------------------
From Clock:  clkout0_1
  To Clock:  clkout0_1

Setup :            0  Failing Endpoints,  Worst Slack        0.462ns,  Total Violation        0.000ns
Hold  :            0  Failing Endpoints,  Worst Slack        0.076ns,  Total Violation        0.000ns
PW    :            0  Failing Endpoints,  Worst Slack        8.870ns,  Total Violation        0.000ns
---------------------------------------------------------------------------------------------------


Max Delay Paths
--------------------------------------------------------------------------------------
Slack (MET) :             0.462ns  (required time - arrival time)
  Source:                 u_pl/u_pipe/xd_reg[7][4]/C
                            (rising edge-triggered cell FDCE clocked by clkout0_1  {rise@0.000ns fall@10.000ns period=20.000ns})
  Destination:            u_pl/u_osd/g_reg[4]/D
                            (rising edge-triggered cell FDCE clocked by clkout0_1  {rise@0.000ns fall@10.000ns period=20.000ns})
  Path Group:             clkout0_1
  Path Type:              Setup (Max at Slow Process Corner)
  Requirement:            20.000ns  (clkout0_1 rise@20.000ns - clkout0_1 rise@0.000ns)
  Data Path Delay:        19.477ns  (logic 6.904ns (35.447%)  route 12.573ns (64.553%))
  Logic Levels:           27  (CARRY4=8 LUT1=1 LUT2=1 LUT3=3 LUT4=3 LUT5=2 LUT6=8 MUXF7=1)
  Clock Path Skew:        0.001ns (DCD - SCD + CPR)
    Destination Clock Delay (DCD):    4.408ns = ( 24.408 - 20.000 ) 
    Source Clock Delay      (SCD):    4.749ns
    Clock Pessimism Removal (CPR):    0.342ns
  Clock Uncertainty:      0.094ns  ((TSJ^2 + DJ^2)^1/2) / 2 + PE
    Total System Jitter     (TSJ):    0.071ns
    Discrete Jitter          (DJ):    0.175ns
    Phase Error              (PE):    0.000ns

    Location             Delay type                Incr(ns)  Path(ns)    Netlist Resource(s)
  -------------------------------------------------------------------    -------------------
                         (clock clkout0_1 rise edge)
                                                      0.000     0.000 r  
    W17                                               0.000     0.000 r  sys_clk (IN)
                         net (fo=0)                   0.000     0.000    sys_clk
    W17                  IBUF (Prop_ibuf_I_O)         1.415     1.415 r  sys_clk_IBUF_inst/O
                         net (fo=1, routed)           1.873     3.288    sys_clk_IBUF
    BUFGCTRL_X0Y4        BUFG (Prop_bufg_I_O)         0.085     3.373 r  sys_clk_IBUF_BUFG_inst/O
                         net (fo=186, routed)         1.550     4.923    u_pl/u_clk/CLK
    MMCME2_ADV_X1Y0      MMCME2_ADV (Prop_mmcme2_adv_CLKIN1_CLKOUT0)
                                                     -3.232     1.691 r  u_pl/u_clk/u_mmcm/CLKOUT0
                         net (fo=1, routed)           1.597     3.288    u_pl/u_clk/clkout0
    BUFGCTRL_X0Y0        BUFG (Prop_bufg_I_O)         0.085     3.373 r  u_pl/u_clk/u_bufg_pix/O
                         net (fo=4944, routed)        1.376     4.749    u_pl/u_pipe/clk_pix
    SLICE_X53Y88         FDCE                                         r  u_pl/u_pipe/xd_reg[7][4]/C
  -------------------------------------------------------------------    -------------------
    SLICE_X53Y88         FDCE (Prop_fdce_C_Q)         0.379     5.128 f  u_pl/u_pipe/xd_reg[7][4]/Q
                         net (fo=5, routed)           0.361     5.489    u_pl/u_pipe/xd_reg[7]_6[4]
    SLICE_X52Y89         LUT1 (Prop_lut1_I0_O)        0.105     5.594 r  u_pl/u_pipe/r[7]_i_65/O
                         net (fo=1, routed)           0.000     5.594    u_pl/u_pipe/r[7]_i_65_n_0
    SLICE_X52Y89         CARRY4 (Prop_carry4_S[1]_O[3])
                                                      0.530     6.124 f  u_pl/u_pipe/r_reg[7]_i_40/O[3]
                         net (fo=25, routed)          0.806     6.930    u_pl/u_pipe/u_osd/lx[6]
    SLICE_X49Y93         LUT3 (Prop_lut3_I1_O)        0.257     7.187 r  u_pl/u_pipe/g0_b0_i_941/O
                         net (fo=4, routed)           0.418     7.606    u_pl/u_pipe/g0_b0_i_941_n_0
    SLICE_X48Y92         CARRY4 (Prop_carry4_DI[3]_CO[3])
                                                      0.318     7.924 r  u_pl/u_pipe/g0_b0_i_879/CO[3]
                         net (fo=1, routed)           0.000     7.924    u_pl/u_pipe/g0_b0_i_879_n_0
    SLICE_X48Y93         CARRY4 (Prop_carry4_CI_O[1])
                                                      0.265     8.189 r  u_pl/u_pipe/g0_b0_i_687/O[1]
                         net (fo=2, routed)           0.843     9.032    u_pl/u_pipe/g0_b0_i_687_n_6
    SLICE_X46Y93         LUT3 (Prop_lut3_I1_O)        0.263     9.295 r  u_pl/u_pipe/g0_b0_i_364/O
                         net (fo=2, routed)           0.331     9.626    u_pl/u_pipe/g0_b0_i_364_n_0
    SLICE_X47Y93         LUT4 (Prop_lut4_I3_O)        0.283     9.909 r  u_pl/u_pipe/g0_b0_i_368/O
                         net (fo=1, routed)           0.000     9.909    u_pl/u_pipe/g0_b0_i_368_n_0
    SLICE_X47Y93         CARRY4 (Prop_carry4_S[0]_CO[3])
                                                      0.440    10.349 r  u_pl/u_pipe/g0_b0_i_135/CO[3]
                         net (fo=1, routed)           0.000    10.349    u_pl/u_pipe/g0_b0_i_135_n_0
    SLICE_X47Y94         CARRY4 (Prop_carry4_CI_O[3])
                                                      0.260    10.609 r  u_pl/u_pipe/g0_b0_i_80/O[3]
                         net (fo=3, routed)           0.491    11.100    u_pl/u_pipe/g0_b0_i_80_n_4
    SLICE_X45Y94         LUT2 (Prop_lut2_I0_O)        0.257    11.357 r  u_pl/u_pipe/g0_b0_i_925/O
                         net (fo=1, routed)           0.000    11.357    u_pl/u_pipe/g0_b0_i_925_n_0
    SLICE_X45Y94         CARRY4 (Prop_carry4_S[3]_CO[3])
                                                      0.332    11.689 r  u_pl/u_pipe/g0_b0_i_814/CO[3]
                         net (fo=1, routed)           0.000    11.689    u_pl/u_pipe/g0_b0_i_814_n_0
    SLICE_X45Y95         CARRY4 (Prop_carry4_CI_O[3])
                                                      0.260    11.949 r  u_pl/u_pipe/g0_b0_i_503/O[3]
                         net (fo=3, routed)           0.675    12.624    u_pl/u_pipe/g0_b0_i_503_n_4
    SLICE_X46Y96         LUT4 (Prop_lut4_I1_O)        0.257    12.881 r  u_pl/u_pipe/g0_b0_i_510/O
                         net (fo=1, routed)           0.000    12.881    u_pl/u_pipe/g0_b0_i_510_n_0
    SLICE_X46Y96         CARRY4 (Prop_carry4_S[1]_CO[1])
                                                      0.409    13.290 r  u_pl/u_pipe/g0_b0_i_212/CO[1]
                         net (fo=36, routed)          0.993    14.283    u_pl/u_pipe/g0_b0_i_212_n_2
    SLICE_X47Y107        LUT4 (Prop_lut4_I3_O)        0.298    14.581 r  u_pl/u_pipe/g0_b0_i_76/O
                         net (fo=145, routed)         1.222    15.803    u_pl/u_mode/g0_b0_i_449
    SLICE_X40Y104        LUT5 (Prop_lut5_I2_O)        0.289    16.092 f  u_pl/u_mode/g0_b0_i_760/O
                         net (fo=1, routed)           0.352    16.444    u_pl/u_pipe/g0_b0_i_169_0
    SLICE_X40Y104        LUT6 (Prop_lut6_I2_O)        0.267    16.711 f  u_pl/u_pipe/g0_b0_i_449/O
                         net (fo=1, routed)           0.588    17.299    u_pl/u_pipe/g0_b0_i_449_n_0
    SLICE_X46Y104        LUT6 (Prop_lut6_I3_O)        0.105    17.404 r  u_pl/u_pipe/g0_b0_i_169/O
                         net (fo=1, routed)           0.000    17.404    u_pl/u_pipe/g0_b0_i_169_n_0
    SLICE_X46Y104        MUXF7 (Prop_muxf7_I0_O)      0.173    17.577 r  u_pl/u_pipe/g0_b0_i_59/O
                         net (fo=1, routed)           0.679    18.256    u_pl/u_pipe/g0_b0_i_59_n_0
    SLICE_X48Y104        LUT6 (Prop_lut6_I3_O)        0.241    18.497 r  u_pl/u_pipe/g0_b0_i_27/O
                         net (fo=13, routed)          1.087    19.584    u_pl/u_osd/chars[4]
    SLICE_X49Y90         LUT6 (Prop_lut6_I2_O)        0.105    19.689 r  u_pl/u_osd/g0_b0_i_14/O
                         net (fo=1, routed)           0.536    20.225    u_pl/u_osd/g0_b0_i_14_n_0
    SLICE_X50Y90         LUT5 (Prop_lut5_I2_O)        0.105    20.330 r  u_pl/u_osd/g0_b0_i_3/O
                         net (fo=35, routed)          0.818    21.148    u_pl/u_osd_n_195
    SLICE_X51Y90         LUT6 (Prop_lut6_I2_O)        0.105    21.253 f  u_pl/g0_b4__0/O
                         net (fo=1, routed)           0.724    21.977    u_pl/u_pipe/r[7]_i_10_0[4]
    SLICE_X53Y90         LUT3 (Prop_lut3_I2_O)        0.124    22.101 r  u_pl/u_pipe/r[7]_i_31/O
                         net (fo=1, routed)           0.439    22.540    u_pl/u_pipe/r[7]_i_31_n_0
    SLICE_X53Y89         LUT6 (Prop_lut6_I1_O)        0.267    22.807 r  u_pl/u_pipe/r[7]_i_10/O
                         net (fo=1, routed)           0.643    23.450    u_pl/u_pipe/r[7]_i_10_n_0
    SLICE_X56Y89         LUT6 (Prop_lut6_I3_O)        0.105    23.555 r  u_pl/u_pipe/r[7]_i_2/O
                         net (fo=19, routed)          0.566    24.121    u_pl/u_pipe/u_sobel/b_reg[2]_0
    SLICE_X57Y84         LUT6 (Prop_lut6_I1_O)        0.105    24.226 r  u_pl/u_pipe/u_sobel/g[4]_i_1/O
                         net (fo=1, routed)           0.000    24.226    u_pl/u_osd/g_reg[7]_0[3]
    SLICE_X57Y84         FDCE                                         r  u_pl/u_osd/g_reg[4]/D
  -------------------------------------------------------------------    -------------------

                         (clock clkout0_1 rise edge)
                                                     20.000    20.000 r  
    W17                                               0.000    20.000 r  sys_clk (IN)
                         net (fo=0)                   0.000    20.000    sys_clk
    W17                  IBUF (Prop_ibuf_I_O)         1.349    21.349 r  sys_clk_IBUF_inst/O
                         net (fo=1, routed)           1.701    23.050    sys_clk_IBUF
    BUFGCTRL_X0Y4        BUFG (Prop_bufg_I_O)         0.077    23.127 r  sys_clk_IBUF_BUFG_inst/O
                         net (fo=186, routed)         1.384    24.511    u_pl/u_clk/CLK
    MMCME2_ADV_X1Y0      MMCME2_ADV (Prop_mmcme2_adv_CLKIN1_CLKOUT0)
                                                     -2.915    21.596 r  u_pl/u_clk/u_mmcm/CLKOUT0
                         net (fo=1, routed)           1.454    23.050    u_pl/u_clk/clkout0
    BUFGCTRL_X0Y0        BUFG (Prop_bufg_I_O)         0.077    23.127 r  u_pl/u_clk/u_bufg_pix/O
                         net (fo=4944, routed)        1.281    24.408    u_pl/u_osd/clk_pix
    SLICE_X57Y84         FDCE                                         r  u_pl/u_osd/g_reg[4]/C
                         clock pessimism              0.342    24.750    
                         clock uncertainty           -0.094    24.656    
    SLICE_X57Y84         FDCE (Setup_fdce_C_D)        0.032    24.688    u_pl/u_osd/g_reg[4]
  -------------------------------------------------------------------
                         required time                         24.688    
                         arrival time                         -24.226    
  -------------------------------------------------------------------
                         slack                                  0.462    





Min Delay Paths
--------------------------------------------------------------------------------------
Slack (MET) :             0.076ns  (arrival time - required time)
  Source:                 u_pl/u_bilin/addr_q_reg[6]_rep__1/C
                            (rising edge-triggered cell FDCE clocked by clkout0_1  {rise@0.000ns fall@10.000ns period=20.000ns})
  Destination:            u_pl/u_bilin/u_fb/hi_reg_15/ADDRBWRADDR[8]
                            (rising edge-triggered cell RAMB36E1 clocked by clkout0_1  {rise@0.000ns fall@10.000ns period=20.000ns})
  Path Group:             clkout0_1
  Path Type:              Hold (Min at Fast Process Corner)
  Requirement:            0.000ns  (clkout0_1 rise@0.000ns - clkout0_1 rise@0.000ns)
  Data Path Delay:        0.315ns  (logic 0.141ns (44.781%)  route 0.174ns (55.219%))
  Logic Levels:           0  
  Clock Path Skew:        0.056ns (DCD - SCD - CPR)
    Destination Clock Delay (DCD):    2.086ns
    Source Clock Delay      (SCD):    1.529ns
    Clock Pessimism Removal (CPR):    0.501ns

    Location             Delay type                Incr(ns)  Path(ns)    Netlist Resource(s)
  -------------------------------------------------------------------    -------------------
                         (clock clkout0_1 rise edge)
                                                      0.000     0.000 r  
    W17                                               0.000     0.000 r  sys_clk (IN)
                         net (fo=0)                   0.000     0.000    sys_clk
    W17                  IBUF (Prop_ibuf_I_O)         0.252     0.252 r  sys_clk_IBUF_inst/O
                         net (fo=1, routed)           0.674     0.926    sys_clk_IBUF
    BUFGCTRL_X0Y4        BUFG (Prop_bufg_I_O)         0.026     0.952 r  sys_clk_IBUF_BUFG_inst/O
                         net (fo=186, routed)         0.595     1.547    u_pl/u_clk/CLK
    MMCME2_ADV_X1Y0      MMCME2_ADV (Prop_mmcme2_adv_CLKIN1_CLKOUT0)
                                                     -1.150     0.397 r  u_pl/u_clk/u_mmcm/CLKOUT0
                         net (fo=1, routed)           0.529     0.926    u_pl/u_clk/clkout0
    BUFGCTRL_X0Y0        BUFG (Prop_bufg_I_O)         0.026     0.952 r  u_pl/u_clk/u_bufg_pix/O
                         net (fo=4944, routed)        0.577     1.529    u_pl/u_bilin/clk_pix
    SLICE_X55Y57         FDCE                                         r  u_pl/u_bilin/addr_q_reg[6]_rep__1/C
  -------------------------------------------------------------------    -------------------
    SLICE_X55Y57         FDCE (Prop_fdce_C_Q)         0.141     1.670 r  u_pl/u_bilin/addr_q_reg[6]_rep__1/Q
                         net (fo=20, routed)          0.174     1.844    u_pl/u_bilin/u_fb/lo_reg_0_63_0[6]
    RAMB36_X3Y11         RAMB36E1                                     r  u_pl/u_bilin/u_fb/hi_reg_15/ADDRBWRADDR[8]
  -------------------------------------------------------------------    -------------------

                         (clock clkout0_1 rise edge)
                                                      0.000     0.000 r  
    W17                                               0.000     0.000 r  sys_clk (IN)
                         net (fo=0)                   0.000     0.000    sys_clk
    W17                  IBUF (Prop_ibuf_I_O)         0.440     0.440 r  sys_clk_IBUF_inst/O
                         net (fo=1, routed)           0.731     1.171    sys_clk_IBUF
    BUFGCTRL_X0Y4        BUFG (Prop_bufg_I_O)         0.029     1.200 r  sys_clk_IBUF_BUFG_inst/O
                         net (fo=186, routed)         0.862     2.062    u_pl/u_clk/CLK
    MMCME2_ADV_X1Y0      MMCME2_ADV (Prop_mmcme2_adv_CLKIN1_CLKOUT0)
                                                     -1.467     0.595 r  u_pl/u_clk/u_mmcm/CLKOUT0
                         net (fo=1, routed)           0.576     1.171    u_pl/u_clk/clkout0
    BUFGCTRL_X0Y0        BUFG (Prop_bufg_I_O)         0.029     1.200 r  u_pl/u_clk/u_bufg_pix/O
                         net (fo=4944, routed)        0.886     2.086    u_pl/u_bilin/u_fb/clk_pix
    RAMB36_X3Y11         RAMB36E1                                     r  u_pl/u_bilin/u_fb/hi_reg_15/CLKBWRCLK
                         clock pessimism             -0.501     1.584    
    RAMB36_X3Y11         RAMB36E1 (Hold_ramb36e1_CLKBWRCLK_ADDRBWRADDR[8])
                                                      0.183     1.767    u_pl/u_bilin/u_fb/hi_reg_15
  -------------------------------------------------------------------
                         required time                         -1.767    
                         arrival time                           1.844    
  -------------------------------------------------------------------
                         slack                                  0.076    





Pulse Width Checks
--------------------------------------------------------------------------------------
Clock Name:         clkout0_1
Waveform(ns):       { 0.000 10.000 }
Period(ns):         20.000
Sources:            { u_pl/u_clk/u_mmcm/CLKOUT0 }

Check Type        Corner  Lib Pin             Reference Pin  Required(ns)  Actual(ns)  Slack(ns)  Location         Pin
Min Period        n/a     DSP48E1/CLK         n/a            3.272         20.000      16.728     DSP48_X2Y36      u_pl/u_zmap/yr_m_reg/CLK
Max Period        n/a     MMCME2_ADV/CLKOUT0  n/a            213.360       20.000      193.360    MMCME2_ADV_X1Y0  u_pl/u_clk/u_mmcm/CLKOUT0
Low Pulse Width   Slow    RAMS64E/CLK         n/a            1.130         10.000      8.870      SLICE_X66Y80     u_pl/u_pipe/u_blur/lb1_reg_0_255_0_0/RAMS64E_A/CLK
High Pulse Width  Slow    RAMS64E/CLK         n/a            1.130         10.000      8.870      SLICE_X66Y80     u_pl/u_pipe/u_blur/lb1_reg_0_255_0_0/RAMS64E_A/CLK



---------------------------------------------------------------------------------------------------
From Clock:  clkout1_1
  To Clock:  clkout1_1

Setup :           NA  Failing Endpoints,  Worst Slack           NA  ,  Total Violation           NA
Hold  :           NA  Failing Endpoints,  Worst Slack           NA  ,  Total Violation           NA
PW    :            0  Failing Endpoints,  Worst Slack        2.408ns,  Total Violation        0.000ns
---------------------------------------------------------------------------------------------------


Pulse Width Checks
--------------------------------------------------------------------------------------
Clock Name:         clkout1_1
Waveform(ns):       { 0.000 2.000 }
Period(ns):         4.000
Sources:            { u_pl/u_clk/u_mmcm/CLKOUT1 }

Check Type  Corner  Lib Pin             Reference Pin  Required(ns)  Actual(ns)  Slack(ns)  Location         Pin
Min Period  n/a     BUFG/I              n/a            1.592         4.000       2.408      BUFGCTRL_X0Y2    u_pl/u_clk/u_bufg_5x/I
Max Period  n/a     MMCME2_ADV/CLKOUT1  n/a            213.360       4.000       209.360    MMCME2_ADV_X1Y0  u_pl/u_clk/u_mmcm/CLKOUT1



---------------------------------------------------------------------------------------------------
From Clock:  clkout2
  To Clock:  clkout2

Setup :           NA  Failing Endpoints,  Worst Slack           NA  ,  Total Violation           NA
Hold  :           NA  Failing Endpoints,  Worst Slack           NA  ,  Total Violation           NA
PW    :            0  Failing Endpoints,  Worst Slack        0.264ns,  Total Violation        0.000ns
---------------------------------------------------------------------------------------------------


Pulse Width Checks
--------------------------------------------------------------------------------------
Clock Name:         clkout2
Waveform(ns):       { 0.000 2.500 }
Period(ns):         5.000
Sources:            { u_idelay_clkgen/u_mmcm/CLKOUT2 }

Check Type  Corner  Lib Pin            Reference Pin  Required(ns)  Actual(ns)  Slack(ns)  Location         Pin
Min Period  n/a     IDELAYCTRL/REFCLK  n/a            2.438         5.000       2.562      IDELAYCTRL_X1Y0  u_eth/u_rgmii/u_rgmii_rx/IDELAYCTRL_inst/REFCLK
Max Period  n/a     IDELAYCTRL/REFCLK  n/a            5.264         5.000       0.264      IDELAYCTRL_X1Y0  u_eth/u_rgmii/u_rgmii_rx/IDELAYCTRL_inst/REFCLK



---------------------------------------------------------------------------------------------------
From Clock:  clkout0_1
  To Clock:  sys_clk

Setup :            0  Failing Endpoints,  Worst Slack       14.803ns,  Total Violation        0.000ns
Hold  :            0  Failing Endpoints,  Worst Slack        0.214ns,  Total Violation        0.000ns
---------------------------------------------------------------------------------------------------


Max Delay Paths
--------------------------------------------------------------------------------------
Slack (MET) :             14.803ns  (required time - arrival time)
  Source:                 u_pl/u_split_x/bus_q_reg[15]/C
                            (rising edge-triggered cell FDCE clocked by clkout0_1  {rise@0.000ns fall@10.000ns period=20.000ns})
  Destination:            u_pl/u_ang/angle_reg[6]/D
                            (rising edge-triggered cell FDRE clocked by sys_clk  {rise@0.000ns fall@10.000ns period=20.000ns})
  Path Group:             sys_clk
  Path Type:              Setup (Max at Slow Process Corner)
  Requirement:            20.000ns  (sys_clk rise@20.000ns - clkout0_1 rise@0.000ns)
  Data Path Delay:        4.786ns  (logic 1.559ns (32.572%)  route 3.227ns (67.428%))
  Logic Levels:           6  (CARRY4=1 LUT2=1 LUT5=2 LUT6=2)
  Clock Path Skew:        -0.119ns (DCD - SCD + CPR)
    Destination Clock Delay (DCD):    4.567ns = ( 24.567 - 20.000 ) 
    Source Clock Delay      (SCD):    4.932ns
    Clock Pessimism Removal (CPR):    0.246ns
  Clock Uncertainty:      0.259ns  ((TSJ^2 + DJ^2)^1/2) / 2 + PE
    Total System Jitter     (TSJ):    0.071ns
    Discrete Jitter          (DJ):    0.175ns
    Phase Error              (PE):    0.165ns

    Location             Delay type                Incr(ns)  Path(ns)    Netlist Resource(s)
  -------------------------------------------------------------------    -------------------
                         (clock clkout0_1 rise edge)
                                                      0.000     0.000 r  
    W17                                               0.000     0.000 r  sys_clk (IN)
                         net (fo=0)                   0.000     0.000    sys_clk
    W17                  IBUF (Prop_ibuf_I_O)         1.415     1.415 r  sys_clk_IBUF_inst/O
                         net (fo=1, routed)           1.873     3.288    sys_clk_IBUF
    BUFGCTRL_X0Y4        BUFG (Prop_bufg_I_O)         0.085     3.373 r  sys_clk_IBUF_BUFG_inst/O
                         net (fo=186, routed)         1.550     4.923    u_pl/u_clk/CLK
    MMCME2_ADV_X1Y0      MMCME2_ADV (Prop_mmcme2_adv_CLKIN1_CLKOUT0)
                                                     -3.232     1.691 r  u_pl/u_clk/u_mmcm/CLKOUT0
                         net (fo=1, routed)           1.597     3.288    u_pl/u_clk/clkout0
    BUFGCTRL_X0Y0        BUFG (Prop_bufg_I_O)         0.085     3.373 r  u_pl/u_clk/u_bufg_pix/O
                         net (fo=4944, routed)        1.559     4.932    u_pl/u_split_x/clk_pix
    SLICE_X49Y100        FDCE                                         r  u_pl/u_split_x/bus_q_reg[15]/C
  -------------------------------------------------------------------    -------------------
    SLICE_X49Y100        FDCE (Prop_fdce_C_Q)         0.379     5.311 r  u_pl/u_split_x/bus_q_reg[15]/Q
                         net (fo=2, routed)           0.876     6.187    u_pl/u_ang/bus_q[0]
    SLICE_X52Y103        LUT2 (Prop_lut2_I1_O)        0.105     6.292 r  u_pl/u_ang/angle[3]_i_8/O
                         net (fo=1, routed)           0.000     6.292    u_pl/u_ang/angle[3]_i_8_n_0
    SLICE_X52Y103        CARRY4 (Prop_carry4_S[0]_O[3])
                                                      0.503     6.795 r  u_pl/u_ang/angle_reg[3]_i_2/O[3]
                         net (fo=7, routed)           0.814     7.609    u_pl/u_ang/angle_reg[3]_i_2_n_4
    SLICE_X53Y104        LUT6 (Prop_lut6_I2_O)        0.257     7.866 r  u_pl/u_ang/angle[3]_i_3/O
                         net (fo=4, routed)           0.487     8.353    u_pl/u_ang/angle[3]_i_3_n_0
    SLICE_X53Y103        LUT6 (Prop_lut6_I5_O)        0.105     8.458 r  u_pl/u_ang/angle[6]_i_5/O
                         net (fo=1, routed)           0.586     9.045    u_pl/u_ang/angle[6]_i_5_n_0
    SLICE_X55Y103        LUT5 (Prop_lut5_I4_O)        0.105     9.150 r  u_pl/u_ang/angle[6]_i_3/O
                         net (fo=1, routed)           0.204     9.354    u_pl/u_ang/angle[6]_i_3_n_0
    SLICE_X55Y103        LUT5 (Prop_lut5_I4_O)        0.105     9.459 r  u_pl/u_ang/angle[6]_i_1/O
                         net (fo=1, routed)           0.260     9.719    u_pl/u_ang/p_1_in__0[6]
    SLICE_X55Y103        FDRE                                         r  u_pl/u_ang/angle_reg[6]/D
  -------------------------------------------------------------------    -------------------

                         (clock sys_clk rise edge)   20.000    20.000 r  
    W17                                               0.000    20.000 r  sys_clk (IN)
                         net (fo=0)                   0.000    20.000    sys_clk
    W17                  IBUF (Prop_ibuf_I_O)         1.349    21.349 r  sys_clk_IBUF_inst/O
                         net (fo=1, routed)           1.701    23.050    sys_clk_IBUF
    BUFGCTRL_X0Y4        BUFG (Prop_bufg_I_O)         0.077    23.127 r  sys_clk_IBUF_BUFG_inst/O
                         net (fo=186, routed)         1.440    24.567    u_pl/u_ang/CLK
    SLICE_X55Y103        FDRE                                         r  u_pl/u_ang/angle_reg[6]/C
                         clock pessimism              0.246    24.813    
                         clock uncertainty           -0.259    24.554    
    SLICE_X55Y103        FDRE (Setup_fdre_C_D)       -0.032    24.522    u_pl/u_ang/angle_reg[6]
  -------------------------------------------------------------------
                         required time                         24.522    
                         arrival time                          -9.719    
  -------------------------------------------------------------------
                         slack                                 14.803    





Min Delay Paths
--------------------------------------------------------------------------------------
Slack (MET) :             0.214ns  (arrival time - required time)
  Source:                 u_pl/u_split_x/bus_q_reg[17]/C
                            (rising edge-triggered cell FDCE clocked by clkout0_1  {rise@0.000ns fall@10.000ns period=20.000ns})
  Destination:            u_pl/u_ang/angle_reg[3]/CE
                            (rising edge-triggered cell FDRE clocked by sys_clk  {rise@0.000ns fall@10.000ns period=20.000ns})
  Path Group:             sys_clk
  Path Type:              Hold (Min at Fast Process Corner)
  Requirement:            0.000ns  (sys_clk rise@0.000ns - clkout0_1 rise@0.000ns)
  Data Path Delay:        0.702ns  (logic 0.231ns (32.915%)  route 0.471ns (67.085%))
  Logic Levels:           2  (LUT3=1 LUT6=1)
  Clock Path Skew:        0.268ns (DCD - SCD - CPR)
    Destination Clock Delay (DCD):    2.108ns
    Source Clock Delay      (SCD):    1.592ns
    Clock Pessimism Removal (CPR):    0.248ns
  Clock Uncertainty:      0.259ns  ((TSJ^2 + DJ^2)^1/2) / 2 + PE
    Total System Jitter     (TSJ):    0.071ns
    Discrete Jitter          (DJ):    0.175ns
    Phase Error              (PE):    0.165ns

    Location             Delay type                Incr(ns)  Path(ns)    Netlist Resource(s)
  -------------------------------------------------------------------    -------------------
                         (clock clkout0_1 rise edge)
                                                      0.000     0.000 r  
    W17                                               0.000     0.000 r  sys_clk (IN)
                         net (fo=0)                   0.000     0.000    sys_clk
    W17                  IBUF (Prop_ibuf_I_O)         0.252     0.252 r  sys_clk_IBUF_inst/O
                         net (fo=1, routed)           0.674     0.926    sys_clk_IBUF
    BUFGCTRL_X0Y4        BUFG (Prop_bufg_I_O)         0.026     0.952 r  sys_clk_IBUF_BUFG_inst/O
                         net (fo=186, routed)         0.595     1.547    u_pl/u_clk/CLK
    MMCME2_ADV_X1Y0      MMCME2_ADV (Prop_mmcme2_adv_CLKIN1_CLKOUT0)
                                                     -1.150     0.397 r  u_pl/u_clk/u_mmcm/CLKOUT0
                         net (fo=1, routed)           0.529     0.926    u_pl/u_clk/clkout0
    BUFGCTRL_X0Y0        BUFG (Prop_bufg_I_O)         0.026     0.952 r  u_pl/u_clk/u_bufg_pix/O
                         net (fo=4944, routed)        0.640     1.592    u_pl/u_split_x/clk_pix
    SLICE_X49Y102        FDCE                                         r  u_pl/u_split_x/bus_q_reg[17]/C
  -------------------------------------------------------------------    -------------------
    SLICE_X49Y102        FDCE (Prop_fdce_C_Q)         0.141     1.733 r  u_pl/u_split_x/bus_q_reg[17]/Q
                         net (fo=2, routed)           0.158     1.891    u_pl/u_split_x/Q[14]
    SLICE_X51Y102        LUT6 (Prop_lut6_I4_O)        0.045     1.936 f  u_pl/u_split_x/angle[8]_i_3/O
                         net (fo=1, routed)           0.186     2.122    u_pl/u_split_x/angle[8]_i_3_n_0
    SLICE_X51Y103        LUT3 (Prop_lut3_I0_O)        0.045     2.167 r  u_pl/u_split_x/angle[8]_i_1/O
                         net (fo=10, routed)          0.127     2.294    u_pl/u_ang/angle_reg[8]_8
    SLICE_X53Y103        FDRE                                         r  u_pl/u_ang/angle_reg[3]/CE
  -------------------------------------------------------------------    -------------------

                         (clock sys_clk rise edge)    0.000     0.000 r  
    W17                                               0.000     0.000 r  sys_clk (IN)
                         net (fo=0)                   0.000     0.000    sys_clk
    W17                  IBUF (Prop_ibuf_I_O)         0.440     0.440 r  sys_clk_IBUF_inst/O
                         net (fo=1, routed)           0.731     1.171    sys_clk_IBUF
    BUFGCTRL_X0Y4        BUFG (Prop_bufg_I_O)         0.029     1.200 r  sys_clk_IBUF_BUFG_inst/O
                         net (fo=186, routed)         0.908     2.108    u_pl/u_ang/CLK
    SLICE_X53Y103        FDRE                                         r  u_pl/u_ang/angle_reg[3]/C
                         clock pessimism             -0.248     1.860    
                         clock uncertainty            0.259     2.119    
    SLICE_X53Y103        FDRE (Hold_fdre_C_CE)       -0.039     2.080    u_pl/u_ang/angle_reg[3]
  -------------------------------------------------------------------
                         required time                         -2.080    
                         arrival time                           2.294    
  -------------------------------------------------------------------
                         slack                                  0.214    





---------------------------------------------------------------------------------------------------
From Clock:  sys_clk
  To Clock:  clkout0_1

Setup :            0  Failing Endpoints,  Worst Slack        4.364ns,  Total Violation        0.000ns
Hold  :            0  Failing Endpoints,  Worst Slack        0.274ns,  Total Violation        0.000ns
---------------------------------------------------------------------------------------------------


Max Delay Paths
--------------------------------------------------------------------------------------
Slack (MET) :             4.364ns  (required time - arrival time)
  Source:                 u_pl/u_ang/angle_reg[6]/C
                            (rising edge-triggered cell FDRE clocked by sys_clk  {rise@0.000ns fall@10.000ns period=20.000ns})
  Destination:            u_pl/u_osd/g_reg[4]/D
                            (rising edge-triggered cell FDCE clocked by clkout0_1  {rise@0.000ns fall@10.000ns period=20.000ns})
  Path Group:             clkout0_1
  Path Type:              Setup (Max at Slow Process Corner)
  Requirement:            20.000ns  (clkout0_1 rise@20.000ns - sys_clk rise@0.000ns)
  Data Path Delay:        15.079ns  (logic 4.384ns (29.074%)  route 10.695ns (70.926%))
  Logic Levels:           19  (CARRY4=3 LUT2=1 LUT3=2 LUT4=1 LUT5=3 LUT6=9)
  Clock Path Skew:        -0.330ns (DCD - SCD + CPR)
    Destination Clock Delay (DCD):    4.408ns = ( 24.408 - 20.000 ) 
    Source Clock Delay      (SCD):    4.984ns
    Clock Pessimism Removal (CPR):    0.246ns
  Clock Uncertainty:      0.259ns  ((TSJ^2 + DJ^2)^1/2) / 2 + PE
    Total System Jitter     (TSJ):    0.071ns
    Discrete Jitter          (DJ):    0.175ns
    Phase Error              (PE):    0.165ns

    Location             Delay type                Incr(ns)  Path(ns)    Netlist Resource(s)
  -------------------------------------------------------------------    -------------------
                         (clock sys_clk rise edge)    0.000     0.000 r  
    W17                                               0.000     0.000 r  sys_clk (IN)
                         net (fo=0)                   0.000     0.000    sys_clk
    W17                  IBUF (Prop_ibuf_I_O)         1.415     1.415 r  sys_clk_IBUF_inst/O
                         net (fo=1, routed)           1.873     3.288    sys_clk_IBUF
    BUFGCTRL_X0Y4        BUFG (Prop_bufg_I_O)         0.085     3.373 r  sys_clk_IBUF_BUFG_inst/O
                         net (fo=186, routed)         1.611     4.984    u_pl/u_ang/CLK
    SLICE_X55Y103        FDRE                                         r  u_pl/u_ang/angle_reg[6]/C
  -------------------------------------------------------------------    -------------------
    SLICE_X55Y103        FDRE (Prop_fdre_C_Q)         0.348     5.332 r  u_pl/u_ang/angle_reg[6]/Q
                         net (fo=163, routed)         1.013     6.345    u_pl/u_ang/angle_reg[8]_1[4]
    SLICE_X51Y110        LUT2 (Prop_lut2_I0_O)        0.242     6.587 r  u_pl/u_ang/g0_b0_i_805/O
                         net (fo=1, routed)           0.000     6.587    u_pl/u_ang/g0_b0_i_805_n_0
    SLICE_X51Y110        CARRY4 (Prop_carry4_S[1]_CO[3])
                                                      0.457     7.044 r  u_pl/u_ang/g0_b0_i_495/CO[3]
                         net (fo=1, routed)           0.000     7.044    u_pl/u_ang/g0_b0_i_495_n_0
    SLICE_X51Y111        CARRY4 (Prop_carry4_CI_O[1])
                                                      0.265     7.309 r  u_pl/u_ang/g0_b0_i_208/O[1]
                         net (fo=16, routed)          0.679     7.988    u_pl/u_ang/g0_b0_i_208_n_6
    SLICE_X52Y111        LUT3 (Prop_lut3_I0_O)        0.269     8.257 r  u_pl/u_ang/g0_b0_i_498/O
                         net (fo=2, routed)           0.375     8.632    u_pl/u_ang/g0_b0_i_498_n_0
    SLICE_X52Y111        LUT5 (Prop_lut5_I0_O)        0.267     8.899 r  u_pl/u_ang/g0_b0_i_501/O
                         net (fo=1, routed)           0.000     8.899    u_pl/u_ang/g0_b0_i_501_n_0
    SLICE_X52Y111        CARRY4 (Prop_carry4_S[1]_CO[2])
                                                      0.475     9.374 r  u_pl/u_ang/g0_b0_i_209/CO[2]
                         net (fo=8, routed)           0.805    10.179    u_pl/u_ang/g0_b0_i_209_n_1
    SLICE_X53Y112        LUT4 (Prop_lut4_I3_O)        0.275    10.454 f  u_pl/u_ang/g0_b0_i_75/O
                         net (fo=43, routed)          1.000    11.454    u_pl/u_zctrl/g0_b0_i_117_1
    SLICE_X48Y112        LUT5 (Prop_lut5_I3_O)        0.288    11.742 f  u_pl/u_zctrl/g0_b0_i_722/O
                         net (fo=1, routed)           0.672    12.414    u_pl/u_pipe/g0_b0_i_154_1
    SLICE_X48Y112        LUT6 (Prop_lut6_I1_O)        0.267    12.681 r  u_pl/u_pipe/g0_b0_i_407/O
                         net (fo=1, routed)           0.229    12.910    u_pl/u_pipe/g0_b0_i_407_n_0
    SLICE_X48Y111        LUT6 (Prop_lut6_I1_O)        0.105    13.015 r  u_pl/u_pipe/g0_b0_i_154/O
                         net (fo=1, routed)           0.354    13.369    u_pl/u_pipe/g0_b0_i_154_n_0
    SLICE_X48Y108        LUT6 (Prop_lut6_I4_O)        0.105    13.474 f  u_pl/u_pipe/g0_b0_i_54/O
                         net (fo=1, routed)           1.004    14.478    u_pl/u_pipe/g0_b0_i_54_n_0
    SLICE_X48Y97         LUT6 (Prop_lut6_I1_O)        0.105    14.583 f  u_pl/u_pipe/g0_b0_i_26/O
                         net (fo=13, routed)          0.607    15.191    u_pl/u_osd/chars[0]
    SLICE_X49Y94         LUT6 (Prop_lut6_I3_O)        0.105    15.296 r  u_pl/u_osd/g0_b0_i_11/O
                         net (fo=3, routed)           0.766    16.062    u_pl/u_osd/g0_b0_i_11_n_0
    SLICE_X50Y90         LUT5 (Prop_lut5_I0_O)        0.105    16.167 r  u_pl/u_osd/g0_b0_i_3/O
                         net (fo=35, routed)          0.818    16.985    u_pl/u_osd_n_195
    SLICE_X51Y90         LUT6 (Prop_lut6_I2_O)        0.105    17.090 f  u_pl/g0_b4__0/O
                         net (fo=1, routed)           0.724    17.814    u_pl/u_pipe/r[7]_i_10_0[4]
    SLICE_X53Y90         LUT3 (Prop_lut3_I2_O)        0.124    17.938 r  u_pl/u_pipe/r[7]_i_31/O
                         net (fo=1, routed)           0.439    18.377    u_pl/u_pipe/r[7]_i_31_n_0
    SLICE_X53Y89         LUT6 (Prop_lut6_I1_O)        0.267    18.644 r  u_pl/u_pipe/r[7]_i_10/O
                         net (fo=1, routed)           0.643    19.287    u_pl/u_pipe/r[7]_i_10_n_0
    SLICE_X56Y89         LUT6 (Prop_lut6_I3_O)        0.105    19.392 r  u_pl/u_pipe/r[7]_i_2/O
                         net (fo=19, routed)          0.566    19.958    u_pl/u_pipe/u_sobel/b_reg[2]_0
    SLICE_X57Y84         LUT6 (Prop_lut6_I1_O)        0.105    20.063 r  u_pl/u_pipe/u_sobel/g[4]_i_1/O
                         net (fo=1, routed)           0.000    20.063    u_pl/u_osd/g_reg[7]_0[3]
    SLICE_X57Y84         FDCE                                         r  u_pl/u_osd/g_reg[4]/D
  -------------------------------------------------------------------    -------------------

                         (clock clkout0_1 rise edge)
                                                     20.000    20.000 r  
    W17                                               0.000    20.000 r  sys_clk (IN)
                         net (fo=0)                   0.000    20.000    sys_clk
    W17                  IBUF (Prop_ibuf_I_O)         1.349    21.349 r  sys_clk_IBUF_inst/O
                         net (fo=1, routed)           1.701    23.050    sys_clk_IBUF
    BUFGCTRL_X0Y4        BUFG (Prop_bufg_I_O)         0.077    23.127 r  sys_clk_IBUF_BUFG_inst/O
                         net (fo=186, routed)         1.384    24.511    u_pl/u_clk/CLK
    MMCME2_ADV_X1Y0      MMCME2_ADV (Prop_mmcme2_adv_CLKIN1_CLKOUT0)
                                                     -2.915    21.596 r  u_pl/u_clk/u_mmcm/CLKOUT0
                         net (fo=1, routed)           1.454    23.050    u_pl/u_clk/clkout0
    BUFGCTRL_X0Y0        BUFG (Prop_bufg_I_O)         0.077    23.127 r  u_pl/u_clk/u_bufg_pix/O
                         net (fo=4944, routed)        1.281    24.408    u_pl/u_osd/clk_pix
    SLICE_X57Y84         FDCE                                         r  u_pl/u_osd/g_reg[4]/C
                         clock pessimism              0.246    24.654    
                         clock uncertainty           -0.259    24.395    
    SLICE_X57Y84         FDCE (Setup_fdce_C_D)        0.032    24.427    u_pl/u_osd/g_reg[4]
  -------------------------------------------------------------------
                         required time                         24.427    
                         arrival time                         -20.063    
  -------------------------------------------------------------------
                         slack                                  4.364    





Min Delay Paths
--------------------------------------------------------------------------------------
Slack (MET) :             0.274ns  (arrival time - required time)
  Source:                 u_pl/u_k1l/tog_reg/C
                            (rising edge-triggered cell FDRE clocked by sys_clk  {rise@0.000ns fall@10.000ns period=20.000ns})
  Destination:            u_pl/u_mode/lsync_reg[0]/D
                            (rising edge-triggered cell FDCE clocked by clkout0_1  {rise@0.000ns fall@10.000ns period=20.000ns})
  Path Group:             clkout0_1
  Path Type:              Hold (Min at Fast Process Corner)
  Requirement:            0.000ns  (clkout0_1 rise@0.000ns - sys_clk rise@0.000ns)
  Data Path Delay:        0.826ns  (logic 0.128ns (15.493%)  route 0.698ns (84.507%))
  Logic Levels:           0  
  Clock Path Skew:        0.272ns (DCD - SCD - CPR)
    Destination Clock Delay (DCD):    2.110ns
    Source Clock Delay      (SCD):    1.590ns
    Clock Pessimism Removal (CPR):    0.248ns
  Clock Uncertainty:      0.259ns  ((TSJ^2 + DJ^2)^1/2) / 2 + PE
    Total System Jitter     (TSJ):    0.071ns
    Discrete Jitter          (DJ):    0.175ns
    Phase Error              (PE):    0.165ns

    Location             Delay type                Incr(ns)  Path(ns)    Netlist Resource(s)
  -------------------------------------------------------------------    -------------------
                         (clock sys_clk rise edge)    0.000     0.000 r  
    W17                                               0.000     0.000 r  sys_clk (IN)
                         net (fo=0)                   0.000     0.000    sys_clk
    W17                  IBUF (Prop_ibuf_I_O)         0.252     0.252 r  sys_clk_IBUF_inst/O
                         net (fo=1, routed)           0.674     0.926    sys_clk_IBUF
    BUFGCTRL_X0Y4        BUFG (Prop_bufg_I_O)         0.026     0.952 r  sys_clk_IBUF_BUFG_inst/O
                         net (fo=186, routed)         0.638     1.590    u_pl/u_k1l/CLK
    SLICE_X44Y111        FDRE                                         r  u_pl/u_k1l/tog_reg/C
  -------------------------------------------------------------------    -------------------
    SLICE_X44Y111        FDRE (Prop_fdre_C_Q)         0.128     1.718 r  u_pl/u_k1l/tog_reg/Q
                         net (fo=3, routed)           0.698     2.416    u_pl/u_mode/D[0]
    SLICE_X38Y111        FDCE                                         r  u_pl/u_mode/lsync_reg[0]/D
  -------------------------------------------------------------------    -------------------

                         (clock clkout0_1 rise edge)
                                                      0.000     0.000 r  
    W17                                               0.000     0.000 r  sys_clk (IN)
                         net (fo=0)                   0.000     0.000    sys_clk
    W17                  IBUF (Prop_ibuf_I_O)         0.440     0.440 r  sys_clk_IBUF_inst/O
                         net (fo=1, routed)           0.731     1.171    sys_clk_IBUF
    BUFGCTRL_X0Y4        BUFG (Prop_bufg_I_O)         0.029     1.200 r  sys_clk_IBUF_BUFG_inst/O
                         net (fo=186, routed)         0.862     2.062    u_pl/u_clk/CLK
    MMCME2_ADV_X1Y0      MMCME2_ADV (Prop_mmcme2_adv_CLKIN1_CLKOUT0)
                                                     -1.467     0.595 r  u_pl/u_clk/u_mmcm/CLKOUT0
                         net (fo=1, routed)           0.576     1.171    u_pl/u_clk/clkout0
    BUFGCTRL_X0Y0        BUFG (Prop_bufg_I_O)         0.029     1.200 r  u_pl/u_clk/u_bufg_pix/O
                         net (fo=4944, routed)        0.910     2.110    u_pl/u_mode/clk_pix
    SLICE_X38Y111        FDCE                                         r  u_pl/u_mode/lsync_reg[0]/C
                         clock pessimism             -0.248     1.862    
                         clock uncertainty            0.259     2.121    
    SLICE_X38Y111        FDCE (Hold_fdce_C_D)         0.021     2.142    u_pl/u_mode/lsync_reg[0]
  -------------------------------------------------------------------
                         required time                         -2.142    
                         arrival time                           2.416    
  -------------------------------------------------------------------
                         slack                                  0.274    





