Copyright 1986-2022 Xilinx, Inc. All Rights Reserved. Copyright 2022-2026 Advanced Micro Devices, Inc. All Rights Reserved.
---------------------------------------------------------------------------------------------------------------------------------------------
| Tool Version : Vivado v.2025.2.1 (win64) Build 6403652 Thu Mar 19 19:48:24 GMT 2026
| Date         : Sun Oct  4 02:49:14 2026
| Host         : Uie-laptop running 64-bit major release  (build 9200)
| Command      : report_design_analysis -congestion -file D:/Xilinx/Prj/pro/Video_Processing/build/evidence/r117_d0/congestion.rpt
| Design       : system_top
| Device       : xc7z020
| Design State : Routed
---------------------------------------------------------------------------------------------------------------------------------------------

Report Design Analysis

Table of Contents
-----------------
1. Placer Final Level Congestion Reporting
2. Initial Estimated Router Congestion Reporting

1. Placer Final Level Congestion Reporting
------------------------------------------

+-----------+------+-------+------------+--------+---------------+----------------+-----+--------+------+------+------+-----+-------+-----+------------+
| Direction | Type | Level | Congestion | Window | Combined LUTs | Avg LUT Inputs | LUT | LUTRAM | Flop | MUXF | RAMB | DSP | CARRY | SRL | Cell Names |
+-----------+------+-------+------------+--------+---------------+----------------+-----+--------+------+------+------+-----+-------+-----+------------+
* No congestion windows are found above level 5


2. Initial Estimated Router Congestion Reporting
------------------------------------------------

+-----------+------+-------+------------------+--------+---------------+----------------+-----+--------+------+------+------+-----+-------+-----+------------+
| Direction | Type | Level | Percentage Tiles | Window | Combined LUTs | Avg LUT Inputs | LUT | LUTRAM | Flop | MUXF | RAMB | DSP | CARRY | SRL | Cell Names |
+-----------+------+-------+------------------+--------+---------------+----------------+-----+--------+------+------+------+-----+-------+-----+------------+
* No initial estimated congestion windows are found above level 5


