Copyright 1986-2022 Xilinx, Inc. All Rights Reserved. Copyright 2022-2026 Advanced Micro Devices, Inc. All Rights Reserved.
---------------------------------------------------------------------------------------------------------------------------------------------
| Tool Version : Vivado v.2025.2.1 (win64) Build 6403652 Thu Mar 19 19:48:24 GMT 2026
| Date         : Wed Sep 23 13:22:33 2026
| Host         : Uie-laptop running 64-bit major release  (build 9200)
| Command      : report_timing_summary -file D:/Xilinx/Prj/pro/Video_Processing/build/timing_summary.rpt
| Design       : system_top
| Device       : 7z020-clg484
| Speed File   : -2  PRODUCTION 1.12 2019-11-22
| Design State : Routed
---------------------------------------------------------------------------------------------------------------------------------------------

Timing Summary Report

------------------------------------------------------------------------------------------------
| Timer Settings
| --------------
------------------------------------------------------------------------------------------------

  Enable Multi Corner Analysis               :  Yes
  Enable Pessimism Removal                   :  Yes
  Pessimism Removal Resolution               :  Nearest Common Node
  Enable Input Delay Default Clock           :  No
  Enable Preset / Clear Arcs                 :  No
  Disable Flight Delays                      :  No
  Ignore I/O Paths                           :  No
  Timing Early Launch at Borrowing Latches   :  No
  Borrow Time for Max Delay Exceptions       :  Yes
  Merge Timing Exceptions                    :  Yes
  Inter-SLR Compensation                     :  Conservative

  Corner  Analyze    Analyze    
  Name    Max Paths  Min Paths  
  ------  ---------  ---------  
  Slow    Yes        Yes        
  Fast    Yes        Yes        


------------------------------------------------------------------------------------------------
| Report Methodology
| ------------------
------------------------------------------------------------------------------------------------

Rule       Severity  Description                                                Violations  
---------  --------  ---------------------------------------------------------  ----------  
DPIR-1     Warning   Asynchronous driver check                                  36          
LUTAR-1    Warning   LUT drives async reset alert                               1           
SYNTH-5    Warning   Mapped onto distributed RAM because of timing constraints  48          
SYNTH-6    Warning   Timing of a RAM block might be sub-optimal                 92          
TIMING-9   Warning   Unknown CDC Logic                                          1           
TIMING-10  Warning   Missing property on synchronizer                           1           
TIMING-18  Warning   Missing input or output delay                              7           

Note: This report is based on the most recent report_methodology run and may not be up-to-date. Run report_methodology on the current design for the latest report.



check_timing report

Table of Contents
-----------------
1. checking no_clock (0)
2. checking constant_clock (0)
3. checking pulse_width_clock (0)
4. checking unconstrained_internal_endpoints (0)
5. checking no_input_delay (7)
6. checking no_output_delay (12)
7. checking multiple_clock (0)
8. checking generated_clocks (0)
9. checking loops (0)
10. checking partial_input_delay (0)
11. checking partial_output_delay (0)
12. checking latch_loops (0)

1. checking no_clock (0)
------------------------
 There are 0 register/latch pins with no clock.


2. checking constant_clock (0)
------------------------------
 There are 0 register/latch pins with constant_clock.


3. checking pulse_width_clock (0)
---------------------------------
 There are 0 register/latch pins which need pulse_width check


4. checking unconstrained_internal_endpoints (0)
------------------------------------------------
 There are 0 pins that are not constrained for maximum delay.

 There are 0 pins that are not constrained for maximum delay due to constant clock.


5. checking no_input_delay (7)
------------------------------
 There are 5 input ports with no input delay specified. (HIGH)

 There are 2 input ports with no input delay but user has a false path constraint. (MEDIUM)


6. checking no_output_delay (12)
--------------------------------
 There are 6 ports with no output delay specified. (HIGH)

 There are 6 ports with no output delay but user has a false path constraint (MEDIUM)

 There are 0 ports with no output delay but with a timing clock defined on it or propagating through it


7. checking multiple_clock (0)
------------------------------
 There are 0 register/latch pins with multiple clocks.


8. checking generated_clocks (0)
--------------------------------
 There are 0 generated clocks that are not connected to a clock source.


9. checking loops (0)
---------------------
 There are 0 combinational loops in the design.


10. checking partial_input_delay (0)
------------------------------------
 There are 0 input ports with partial input delay specified.


11. checking partial_output_delay (0)
-------------------------------------
 There are 0 ports with partial output delay specified.


12. checking latch_loops (0)
----------------------------
 There are 0 combinational latch loops in the design through latch input



------------------------------------------------------------------------------------------------
| Design Timing Summary
| ---------------------
------------------------------------------------------------------------------------------------

    WNS(ns)      TNS(ns)  TNS Failing Endpoints  TNS Total Endpoints      WHS(ns)      THS(ns)  THS Failing Endpoints  THS Total Endpoints     WPWS(ns)     TPWS(ns)  TPWS Failing Endpoints  TPWS Total Endpoints  
    -------      -------  ---------------------  -------------------      -------      -------  ---------------------  -------------------     --------     --------  ----------------------  --------------------  
      0.566        0.000                      0                23612        0.044        0.000                      0                23612        0.264        0.000                       0                  7480  


All user specified timing constraints are met.


------------------------------------------------------------------------------------------------
| Clock Summary
| -------------
------------------------------------------------------------------------------------------------

Clock         Waveform(ns)         Period(ns)      Frequency(MHz)
-----         ------------         ----------      --------------
clk_fpga_0    {0.000 5.000}        10.000          100.000         
eth_rxc       {0.000 4.000}        8.000           125.000         
sys_clk       {0.000 10.000}       20.000          50.000          
  clkfbout    {0.000 10.000}       20.000          50.000          
  clkfbout_1  {0.000 10.000}       20.000          50.000          
  clkout0_1   {0.000 10.000}       20.000          50.000          
  clkout1_1   {0.000 2.000}        4.000           250.000         
  clkout2     {0.000 2.500}        5.000           200.000         


------------------------------------------------------------------------------------------------
| Intra Clock Table
| -----------------
------------------------------------------------------------------------------------------------

Clock             WNS(ns)      TNS(ns)  TNS Failing Endpoints  TNS Total Endpoints      WHS(ns)      THS(ns)  THS Failing Endpoints  THS Total Endpoints     WPWS(ns)     TPWS(ns)  TPWS Failing Endpoints  TPWS Total Endpoints  
-----             -------      -------  ---------------------  -------------------      -------      -------  ---------------------  -------------------     --------     --------  ----------------------  --------------------  
clk_fpga_0          1.211        0.000                      0                13909        0.044        0.000                      0                13909        3.870        0.000                       0                  3475  
eth_rxc             0.667        0.000                      0                 4818        0.060        0.000                      0                 4818        3.500        0.000                       0                  2528  
sys_clk            15.024        0.000                      0                  199        0.121        0.000                      0                  199        7.000        0.000                       0                   156  
  clkfbout                                                                                                                                                     18.408        0.000                       0                     3  
  clkfbout_1                                                                                                                                                   18.408        0.000                       0                     3  
  clkout0_1         0.566        0.000                      0                 4648        0.120        0.000                      0                 4648        8.870        0.000                       0                  1302  
  clkout1_1                                                                                                                                                     2.408        0.000                       0                    10  
  clkout2                                                                                                                                                       0.264        0.000                       0                     3  


------------------------------------------------------------------------------------------------
| Inter Clock Table
| -----------------
------------------------------------------------------------------------------------------------

From Clock    To Clock          WNS(ns)      TNS(ns)  TNS Failing Endpoints  TNS Total Endpoints      WHS(ns)      THS(ns)  THS Failing Endpoints  THS Total Endpoints  
----------    --------          -------      -------  ---------------------  -------------------      -------      -------  ---------------------  -------------------  
clkout0_1     sys_clk            17.300        0.000                      0                    1        0.233        0.000                      0                    1  
sys_clk       clkout0_1           7.196        0.000                      0                  152        0.315        0.000                      0                  152  


------------------------------------------------------------------------------------------------
| Other Path Groups Table
| -----------------------
------------------------------------------------------------------------------------------------

Path Group    From Clock    To Clock          WNS(ns)      TNS(ns)  TNS Failing Endpoints  TNS Total Endpoints      WHS(ns)      THS(ns)  THS Failing Endpoints  THS Total Endpoints  
----------    ----------    --------          -------      -------  ---------------------  -------------------      -------      -------  ---------------------  -------------------  


------------------------------------------------------------------------------------------------
| Timing Details
| --------------
------------------------------------------------------------------------------------------------


---------------------------------------------------------------------------------------------------
From Clock:  clk_fpga_0
  To Clock:  clk_fpga_0

Setup :            0  Failing Endpoints,  Worst Slack        1.211ns,  Total Violation        0.000ns
Hold  :            0  Failing Endpoints,  Worst Slack        0.044ns,  Total Violation        0.000ns
PW    :            0  Failing Endpoints,  Worst Slack        3.870ns,  Total Violation        0.000ns
---------------------------------------------------------------------------------------------------


Max Delay Paths
--------------------------------------------------------------------------------------
Slack (MET) :             1.211ns  (required time - arrival time)
  Source:                 u_pl/em2_reg/C
                            (rising edge-triggered cell FDCE clocked by clk_fpga_0  {rise@0.000ns fall@5.000ns period=10.000ns})
  Destination:            u_pl/u_fb/lo_reg_0_14/ADDRARDADDR[5]
                            (rising edge-triggered cell RAMB36E1 clocked by clk_fpga_0  {rise@0.000ns fall@5.000ns period=10.000ns})
  Path Group:             clk_fpga_0
  Path Type:              Setup (Max at Slow Process Corner)
  Requirement:            10.000ns  (clk_fpga_0 rise@10.000ns - clk_fpga_0 rise@0.000ns)
  Data Path Delay:        7.994ns  (logic 0.590ns (7.380%)  route 7.404ns (92.620%))
  Logic Levels:           1  (LUT3=1)
  Clock Path Skew:        0.011ns (DCD - SCD + CPR)
    Destination Clock Delay (DCD):    2.369ns = ( 12.369 - 10.000 ) 
    Source Clock Delay      (SCD):    2.467ns
    Clock Pessimism Removal (CPR):    0.109ns
  Clock Uncertainty:      0.154ns  ((TSJ^2 + TIJ^2)^1/2 + DJ) / 2 + PE
    Total System Jitter     (TSJ):    0.071ns
    Total Input Jitter      (TIJ):    0.300ns
    Discrete Jitter          (DJ):    0.000ns
    Phase Error              (PE):    0.000ns

    Location             Delay type                Incr(ns)  Path(ns)    Netlist Resource(s)
  -------------------------------------------------------------------    -------------------
                         (clock clk_fpga_0 rise edge)
                                                      0.000     0.000 r  
    PS7_X0Y0             PS7                          0.000     0.000 r  u_bd/design_1_i/processing_system7_0/inst/PS7_i/FCLKCLK[0]
                         net (fo=1, routed)           0.994     0.994    u_bd/design_1_i/processing_system7_0/inst/FCLK_CLK_unbuffered[0]
    BUFGCTRL_X0Y16       BUFG (Prop_bufg_I_O)         0.085     1.079 r  u_bd/design_1_i/processing_system7_0/inst/buffer_fclk_clk_0.FCLK_CLK_0_BUFG/O
                         net (fo=3476, routed)        1.388     2.467    u_pl/FCLK_CLK0
    SLICE_X37Y60         FDCE                                         r  u_pl/em2_reg/C
  -------------------------------------------------------------------    -------------------
    SLICE_X37Y60         FDCE (Prop_fdce_C_Q)         0.348     2.815 r  u_pl/em2_reg/Q
                         net (fo=325, routed)         2.023     4.838    u_pl/u_row/out
    SLICE_X49Y45         LUT3 (Prop_lut3_I2_O)        0.242     5.080 r  u_pl/u_row/lo_reg_0_12_i_5/O
                         net (fo=20, routed)          5.381    10.461    u_pl/u_fb/hi_reg_10_0[5]
    RAMB36_X5Y11         RAMB36E1                                     r  u_pl/u_fb/lo_reg_0_14/ADDRARDADDR[5]
  -------------------------------------------------------------------    -------------------

                         (clock clk_fpga_0 rise edge)
                                                     10.000    10.000 r  
    PS7_X0Y0             PS7                          0.000    10.000 r  u_bd/design_1_i/processing_system7_0/inst/PS7_i/FCLKCLK[0]
                         net (fo=1, routed)           0.905    10.906    u_bd/design_1_i/processing_system7_0/inst/FCLK_CLK_unbuffered[0]
    BUFGCTRL_X0Y16       BUFG (Prop_bufg_I_O)         0.077    10.983 r  u_bd/design_1_i/processing_system7_0/inst/buffer_fclk_clk_0.FCLK_CLK_0_BUFG/O
                         net (fo=3476, routed)        1.387    12.369    u_pl/u_fb/FCLK_CLK0
    RAMB36_X5Y11         RAMB36E1                                     r  u_pl/u_fb/lo_reg_0_14/CLKARDCLK
                         clock pessimism              0.109    12.478    
                         clock uncertainty           -0.154    12.324    
    RAMB36_X5Y11         RAMB36E1 (Setup_ramb36e1_CLKARDCLK_ADDRARDADDR[5])
                                                     -0.652    11.672    u_pl/u_fb/lo_reg_0_14
  -------------------------------------------------------------------
                         required time                         11.672    
                         arrival time                         -10.461    
  -------------------------------------------------------------------
                         slack                                  1.211    





Min Delay Paths
--------------------------------------------------------------------------------------
Slack (MET) :             0.044ns  (arrival time - required time)
  Source:                 u_bd/design_1_i/axi_gp0_ic/s00_couplers/auto_pc/inst/gen_axilite.gen_b2s_conv.axilite_b2s/SI_REG/aw.aw_pipe/skid_buffer_reg[30]/C
                            (rising edge-triggered cell FDRE clocked by clk_fpga_0  {rise@0.000ns fall@5.000ns period=10.000ns})
  Destination:            u_bd/design_1_i/axi_gp0_ic/s00_couplers/auto_pc/inst/gen_axilite.gen_b2s_conv.axilite_b2s/SI_REG/aw.aw_pipe/m_payload_i_reg[30]/D
                            (rising edge-triggered cell FDRE clocked by clk_fpga_0  {rise@0.000ns fall@5.000ns period=10.000ns})
  Path Group:             clk_fpga_0
  Path Type:              Hold (Min at Fast Process Corner)
  Requirement:            0.000ns  (clk_fpga_0 rise@0.000ns - clk_fpga_0 rise@0.000ns)
  Data Path Delay:        0.358ns  (logic 0.212ns (59.221%)  route 0.146ns (40.779%))
  Logic Levels:           1  (LUT3=1)
  Clock Path Skew:        0.183ns (DCD - SCD - CPR)
    Destination Clock Delay (DCD):    1.210ns
    Source Clock Delay      (SCD):    0.992ns
    Clock Pessimism Removal (CPR):    0.035ns

    Location             Delay type                Incr(ns)  Path(ns)    Netlist Resource(s)
  -------------------------------------------------------------------    -------------------
                         (clock clk_fpga_0 rise edge)
                                                      0.000     0.000 r  
    PS7_X0Y0             PS7                          0.000     0.000 r  u_bd/design_1_i/processing_system7_0/inst/PS7_i/FCLKCLK[0]
                         net (fo=1, routed)           0.310     0.310    u_bd/design_1_i/processing_system7_0/inst/FCLK_CLK_unbuffered[0]
    BUFGCTRL_X0Y16       BUFG (Prop_bufg_I_O)         0.026     0.336 r  u_bd/design_1_i/processing_system7_0/inst/buffer_fclk_clk_0.FCLK_CLK_0_BUFG/O
                         net (fo=3476, routed)        0.656     0.992    u_bd/design_1_i/axi_gp0_ic/s00_couplers/auto_pc/inst/gen_axilite.gen_b2s_conv.axilite_b2s/SI_REG/aw.aw_pipe/aclk
    SLICE_X26Y100        FDRE                                         r  u_bd/design_1_i/axi_gp0_ic/s00_couplers/auto_pc/inst/gen_axilite.gen_b2s_conv.axilite_b2s/SI_REG/aw.aw_pipe/skid_buffer_reg[30]/C
  -------------------------------------------------------------------    -------------------
    SLICE_X26Y100        FDRE (Prop_fdre_C_Q)         0.164     1.156 r  u_bd/design_1_i/axi_gp0_ic/s00_couplers/auto_pc/inst/gen_axilite.gen_b2s_conv.axilite_b2s/SI_REG/aw.aw_pipe/skid_buffer_reg[30]/Q
                         net (fo=1, routed)           0.146     1.302    u_bd/design_1_i/axi_gp0_ic/s00_couplers/auto_pc/inst/gen_axilite.gen_b2s_conv.axilite_b2s/SI_REG/aw.aw_pipe/skid_buffer_reg_n_0_[30]
    SLICE_X26Y99         LUT3 (Prop_lut3_I2_O)        0.048     1.350 r  u_bd/design_1_i/axi_gp0_ic/s00_couplers/auto_pc/inst/gen_axilite.gen_b2s_conv.axilite_b2s/SI_REG/aw.aw_pipe/m_payload_i[30]_i_1/O
                         net (fo=1, routed)           0.000     1.350    u_bd/design_1_i/axi_gp0_ic/s00_couplers/auto_pc/inst/gen_axilite.gen_b2s_conv.axilite_b2s/SI_REG/aw.aw_pipe/skid_buffer[30]
    SLICE_X26Y99         FDRE                                         r  u_bd/design_1_i/axi_gp0_ic/s00_couplers/auto_pc/inst/gen_axilite.gen_b2s_conv.axilite_b2s/SI_REG/aw.aw_pipe/m_payload_i_reg[30]/D
  -------------------------------------------------------------------    -------------------

                         (clock clk_fpga_0 rise edge)
                                                      0.000     0.000 r  
    PS7_X0Y0             PS7                          0.000     0.000 r  u_bd/design_1_i/processing_system7_0/inst/PS7_i/FCLKCLK[0]
                         net (fo=1, routed)           0.337     0.337    u_bd/design_1_i/processing_system7_0/inst/FCLK_CLK_unbuffered[0]
    BUFGCTRL_X0Y16       BUFG (Prop_bufg_I_O)         0.029     0.366 r  u_bd/design_1_i/processing_system7_0/inst/buffer_fclk_clk_0.FCLK_CLK_0_BUFG/O
                         net (fo=3476, routed)        0.844     1.210    u_bd/design_1_i/axi_gp0_ic/s00_couplers/auto_pc/inst/gen_axilite.gen_b2s_conv.axilite_b2s/SI_REG/aw.aw_pipe/aclk
    SLICE_X26Y99         FDRE                                         r  u_bd/design_1_i/axi_gp0_ic/s00_couplers/auto_pc/inst/gen_axilite.gen_b2s_conv.axilite_b2s/SI_REG/aw.aw_pipe/m_payload_i_reg[30]/C
                         clock pessimism             -0.035     1.175    
    SLICE_X26Y99         FDRE (Hold_fdre_C_D)         0.131     1.306    u_bd/design_1_i/axi_gp0_ic/s00_couplers/auto_pc/inst/gen_axilite.gen_b2s_conv.axilite_b2s/SI_REG/aw.aw_pipe/m_payload_i_reg[30]
  -------------------------------------------------------------------
                         required time                         -1.306    
                         arrival time                           1.350    
  -------------------------------------------------------------------
                         slack                                  0.044    





Pulse Width Checks
--------------------------------------------------------------------------------------
Clock Name:         clk_fpga_0
Waveform(ns):       { 0.000 5.000 }
Period(ns):         10.000
Sources:            { u_bd/design_1_i/processing_system7_0/inst/PS7_i/FCLKCLK[0] }

Check Type        Corner  Lib Pin             Reference Pin  Required(ns)  Actual(ns)  Slack(ns)  Location      Pin
Min Period        n/a     RAMB36E1/CLKBWRCLK  n/a            2.170         10.000      7.830      RAMB36_X0Y6   u_eth/u_cdc/mem_reg_0/CLKBWRCLK
Low Pulse Width   Slow    RAMD64E/CLK         n/a            1.130         5.000       3.870      SLICE_X26Y32  u_eth/u_saver/q_addr_reg_0_63_12_14/RAMA/CLK
High Pulse Width  Slow    RAMD64E/CLK         n/a            1.130         5.000       3.870      SLICE_X26Y32  u_eth/u_saver/q_addr_reg_0_63_12_14/RAMA/CLK



---------------------------------------------------------------------------------------------------
From Clock:  eth_rxc
  To Clock:  eth_rxc

Setup :            0  Failing Endpoints,  Worst Slack        0.667ns,  Total Violation        0.000ns
Hold  :            0  Failing Endpoints,  Worst Slack        0.060ns,  Total Violation        0.000ns
PW    :            0  Failing Endpoints,  Worst Slack        3.500ns,  Total Violation        0.000ns
---------------------------------------------------------------------------------------------------


Max Delay Paths
--------------------------------------------------------------------------------------
Slack (MET) :             0.667ns  (required time - arrival time)
  Source:                 u_eth/u_lm/ms32_reg[4]/C
                            (rising edge-triggered cell FDCE clocked by eth_rxc  {rise@0.000ns fall@4.000ns period=8.000ns})
  Destination:            u_eth/u_lm/gap_max_reg[10]/CE
                            (rising edge-triggered cell FDCE clocked by eth_rxc  {rise@0.000ns fall@4.000ns period=8.000ns})
  Path Group:             eth_rxc
  Path Type:              Setup (Max at Slow Process Corner)
  Requirement:            8.000ns  (eth_rxc rise@8.000ns - eth_rxc rise@0.000ns)
  Data Path Delay:        6.905ns  (logic 2.665ns (38.594%)  route 4.240ns (61.406%))
  Logic Levels:           13  (CARRY4=7 LUT2=1 LUT4=1 LUT5=3 LUT6=1)
  Clock Path Skew:        -0.055ns (DCD - SCD + CPR)
    Destination Clock Delay (DCD):    4.372ns = ( 12.372 - 8.000 ) 
    Source Clock Delay      (SCD):    4.769ns
    Clock Pessimism Removal (CPR):    0.342ns
  Clock Uncertainty:      0.035ns  ((TSJ^2 + TIJ^2)^1/2 + DJ) / 2 + PE
    Total System Jitter     (TSJ):    0.071ns
    Total Input Jitter      (TIJ):    0.000ns
    Discrete Jitter          (DJ):    0.000ns
    Phase Error              (PE):    0.000ns

    Location             Delay type                Incr(ns)  Path(ns)    Netlist Resource(s)
  -------------------------------------------------------------------    -------------------
                         (clock eth_rxc rise edge)    0.000     0.000 r  
    Y19                                               0.000     0.000 r  eth_rxc (IN)
                         net (fo=0)                   0.000     0.000    eth_rxc
    Y19                  IBUF (Prop_ibuf_I_O)         1.430     1.430 r  eth_rxc_IBUF_inst/O
                         net (fo=2, routed)           1.873     3.303    u_eth/u_rgmii/u_rgmii_rx/rgmii_rxc
    BUFGCTRL_X0Y0        BUFG (Prop_bufg_I_O)         0.085     3.388 r  u_eth/u_rgmii/u_rgmii_rx/BUFG_inst/O
                         net (fo=2522, routed)        1.381     4.769    u_eth/u_lm/gmii_rx_clk
    SLICE_X45Y81         FDCE                                         r  u_eth/u_lm/ms32_reg[4]/C
  -------------------------------------------------------------------    -------------------
    SLICE_X45Y81         FDCE (Prop_fdce_C_Q)         0.379     5.148 r  u_eth/u_lm/ms32_reg[4]/Q
                         net (fo=4, routed)           0.634     5.781    u_eth/u_lm/ms32_reg[4]
    SLICE_X44Y81         LUT2 (Prop_lut2_I0_O)        0.105     5.886 r  u_eth/u_lm/gap_min[7]_i_6/O
                         net (fo=1, routed)           0.000     5.886    u_eth/u_lm/gap_min[7]_i_6_n_0
    SLICE_X44Y81         CARRY4 (Prop_carry4_S[0]_CO[3])
                                                      0.440     6.326 r  u_eth/u_lm/gap_min_reg[7]_i_2/CO[3]
                         net (fo=1, routed)           0.000     6.326    u_eth/u_lm/gap_min_reg[7]_i_2_n_0
    SLICE_X44Y82         CARRY4 (Prop_carry4_CI_CO[3])
                                                      0.098     6.424 r  u_eth/u_lm/gap_min_reg[11]_i_2/CO[3]
                         net (fo=1, routed)           0.000     6.424    u_eth/u_lm/gap_min_reg[11]_i_2_n_0
    SLICE_X44Y83         CARRY4 (Prop_carry4_CI_CO[3])
                                                      0.098     6.522 r  u_eth/u_lm/gap_min_reg[15]_i_4/CO[3]
                         net (fo=1, routed)           0.000     6.522    u_eth/u_lm/gap_min_reg[15]_i_4_n_0
    SLICE_X44Y84         CARRY4 (Prop_carry4_CI_CO[3])
                                                      0.098     6.620 r  u_eth/u_lm/gap_min_reg[15]_i_22/CO[3]
                         net (fo=1, routed)           0.000     6.620    u_eth/u_lm/gap_min_reg[15]_i_22_n_0
    SLICE_X44Y85         CARRY4 (Prop_carry4_CI_O[2])
                                                      0.200     6.820 r  u_eth/u_lm/gap_min_reg[15]_i_20/O[2]
                         net (fo=1, routed)           0.789     7.609    u_eth/u_lm/gap_min_reg[15]_i_20_n_5
    SLICE_X46Y86         LUT4 (Prop_lut4_I0_O)        0.253     7.862 r  u_eth/u_lm/gap_min[15]_i_45/O
                         net (fo=1, routed)           0.376     8.238    u_eth/u_lm/gap_min[15]_i_45_n_0
    SLICE_X46Y86         LUT5 (Prop_lut5_I4_O)        0.105     8.343 r  u_eth/u_lm/gap_min[15]_i_23/O
                         net (fo=1, routed)           0.361     8.704    u_eth/u_lm/gap_min[15]_i_23_n_0
    SLICE_X46Y86         LUT6 (Prop_lut6_I5_O)        0.105     8.809 r  u_eth/u_lm/gap_min[15]_i_5/O
                         net (fo=96, routed)          0.625     9.434    u_eth/u_lm/gap_min[15]_i_5_n_0
    SLICE_X41Y81         LUT5 (Prop_lut5_I1_O)        0.105     9.539 r  u_eth/u_lm/gap_max[15]_i_19/O
                         net (fo=1, routed)           0.000     9.539    u_eth/u_lm/gap_max[15]_i_19_n_0
    SLICE_X41Y81         CARRY4 (Prop_carry4_S[1]_CO[3])
                                                      0.457     9.996 r  u_eth/u_lm/gap_max_reg[15]_i_4/CO[3]
                         net (fo=1, routed)           0.000     9.996    u_eth/u_lm/gap_max_reg[15]_i_4_n_0
    SLICE_X41Y82         CARRY4 (Prop_carry4_CI_CO[3])
                                                      0.098    10.094 r  u_eth/u_lm/gap_max_reg[15]_i_3/CO[3]
                         net (fo=17, routed)          0.819    10.914    u_eth/u_lm/gap_max_reg[15]_i_3_n_0
    SLICE_X40Y82         LUT5 (Prop_lut5_I2_O)        0.124    11.038 r  u_eth/u_lm/gap_max[15]_i_1/O
                         net (fo=16, routed)          0.636    11.674    u_eth/u_lm/gap_max[15]_i_1_n_0
    SLICE_X40Y82         FDCE                                         r  u_eth/u_lm/gap_max_reg[10]/CE
  -------------------------------------------------------------------    -------------------

                         (clock eth_rxc rise edge)    8.000     8.000 r  
    Y19                                               0.000     8.000 r  eth_rxc (IN)
                         net (fo=0)                   0.000     8.000    eth_rxc
    Y19                  IBUF (Prop_ibuf_I_O)         1.364     9.364 r  eth_rxc_IBUF_inst/O
                         net (fo=2, routed)           1.701    11.065    u_eth/u_rgmii/u_rgmii_rx/rgmii_rxc
    BUFGCTRL_X0Y0        BUFG (Prop_bufg_I_O)         0.077    11.142 r  u_eth/u_rgmii/u_rgmii_rx/BUFG_inst/O
                         net (fo=2522, routed)        1.230    12.372    u_eth/u_lm/gmii_rx_clk
    SLICE_X40Y82         FDCE                                         r  u_eth/u_lm/gap_max_reg[10]/C
                         clock pessimism              0.342    12.714    
                         clock uncertainty           -0.035    12.678    
    SLICE_X40Y82         FDCE (Setup_fdce_C_CE)      -0.337    12.341    u_eth/u_lm/gap_max_reg[10]
  -------------------------------------------------------------------
                         required time                         12.341    
                         arrival time                         -11.674    
  -------------------------------------------------------------------
                         slack                                  0.667    





Min Delay Paths
--------------------------------------------------------------------------------------
Slack (MET) :             0.060ns  (arrival time - required time)
  Source:                 u_eth/u_rgmii/u_rgmii_rx/u_iddr_rx_ctl/C
                            (rising edge-triggered cell IDDR clocked by eth_rxc  {rise@0.000ns fall@4.000ns period=8.000ns})
  Destination:            u_eth/u_arp/u_arp_rx/skip_en_reg/D
                            (rising edge-triggered cell FDCE clocked by eth_rxc  {rise@0.000ns fall@4.000ns period=8.000ns})
  Path Group:             eth_rxc
  Path Type:              Hold (Min at Slow Process Corner)
  Requirement:            0.000ns  (eth_rxc rise@0.000ns - eth_rxc rise@0.000ns)
  Data Path Delay:        1.994ns  (logic 0.516ns (25.874%)  route 1.478ns (74.125%))
  Logic Levels:           1  (LUT5=1)
  Clock Path Skew:        1.659ns (DCD - SCD - CPR)
    Destination Clock Delay (DCD):    4.897ns
    Source Clock Delay      (SCD):    3.171ns
    Clock Pessimism Removal (CPR):    0.066ns

    Location             Delay type                Incr(ns)  Path(ns)    Netlist Resource(s)
  -------------------------------------------------------------------    -------------------
                         (clock eth_rxc rise edge)    0.000     0.000 r  
    Y19                                               0.000     0.000 r  eth_rxc (IN)
                         net (fo=0)                   0.000     0.000    eth_rxc
    Y19                  IBUF (Prop_ibuf_I_O)         1.364     1.364 r  eth_rxc_IBUF_inst/O
                         net (fo=2, routed)           0.341     1.705    u_eth/u_rgmii/u_rgmii_rx/rgmii_rxc
    BUFIO_X1Y3           BUFIO (Prop_bufio_I_O)       1.223     2.928 r  u_eth/u_rgmii/u_rgmii_rx/BUFIO_inst/O
                         net (fo=5, routed)           0.244     3.171    u_eth/u_rgmii/u_rgmii_rx/rgmii_rxc_bufio
    ILOGIC_X1Y37         IDDR                                         r  u_eth/u_rgmii/u_rgmii_rx/u_iddr_rx_ctl/C
  -------------------------------------------------------------------    -------------------
    ILOGIC_X1Y37         IDDR (Prop_iddr_C_Q1)        0.389     3.560 r  u_eth/u_rgmii/u_rgmii_rx/u_iddr_rx_ctl/Q1
                         net (fo=25, routed)          1.478     5.039    u_eth/u_arp/u_arp_rx/gmii_rxdv_t_0
    SLICE_X102Y54        LUT5 (Prop_lut5_I1_O)        0.127     5.166 r  u_eth/u_arp/u_arp_rx/skip_en_i_1/O
                         net (fo=1, routed)           0.000     5.166    u_eth/u_arp/u_arp_rx/skip_en0
    SLICE_X102Y54        FDCE                                         r  u_eth/u_arp/u_arp_rx/skip_en_reg/D
  -------------------------------------------------------------------    -------------------

                         (clock eth_rxc rise edge)    0.000     0.000 r  
    Y19                                               0.000     0.000 r  eth_rxc (IN)
                         net (fo=0)                   0.000     0.000    eth_rxc
    Y19                  IBUF (Prop_ibuf_I_O)         1.430     1.430 r  eth_rxc_IBUF_inst/O
                         net (fo=2, routed)           1.873     3.303    u_eth/u_rgmii/u_rgmii_rx/rgmii_rxc
    BUFGCTRL_X0Y0        BUFG (Prop_bufg_I_O)         0.085     3.388 r  u_eth/u_rgmii/u_rgmii_rx/BUFG_inst/O
                         net (fo=2522, routed)        1.509     4.897    u_eth/u_arp/u_arp_rx/gmii_rx_clk
    SLICE_X102Y54        FDCE                                         r  u_eth/u_arp/u_arp_rx/skip_en_reg/C
                         clock pessimism             -0.066     4.831    
    SLICE_X102Y54        FDCE (Hold_fdce_C_D)         0.275     5.106    u_eth/u_arp/u_arp_rx/skip_en_reg
  -------------------------------------------------------------------
                         required time                         -5.106    
                         arrival time                           5.166    
  -------------------------------------------------------------------
                         slack                                  0.060    





Pulse Width Checks
--------------------------------------------------------------------------------------
Clock Name:         eth_rxc
Waveform(ns):       { 0.000 4.000 }
Period(ns):         8.000
Sources:            { eth_rxc }

Check Type        Corner  Lib Pin             Reference Pin  Required(ns)  Actual(ns)  Slack(ns)  Location      Pin
Min Period        n/a     RAMB18E1/CLKARDCLK  n/a            2.472         8.000       5.528      RAMB18_X5Y14  u_eth/u_icmp_fifo/mem_reg/CLKARDCLK
Low Pulse Width   Slow    FDCE/C              n/a            0.500         4.000       3.500      SLICE_X21Y32  u_eth/flush_pend_reg/C
High Pulse Width  Slow    FDCE/C              n/a            0.500         4.000       3.500      SLICE_X21Y32  u_eth/flush_pend_reg/C



---------------------------------------------------------------------------------------------------
From Clock:  sys_clk
  To Clock:  sys_clk

Setup :            0  Failing Endpoints,  Worst Slack       15.024ns,  Total Violation        0.000ns
Hold  :            0  Failing Endpoints,  Worst Slack        0.121ns,  Total Violation        0.000ns
PW    :            0  Failing Endpoints,  Worst Slack        7.000ns,  Total Violation        0.000ns
---------------------------------------------------------------------------------------------------


Max Delay Paths
--------------------------------------------------------------------------------------
Slack (MET) :             15.024ns  (required time - arrival time)
  Source:                 u_pl/sec_div_reg[18]/C
                            (rising edge-triggered cell FDCE clocked by sys_clk  {rise@0.000ns fall@10.000ns period=20.000ns})
  Destination:            u_pl/fps_acc_reg[1]/D
                            (rising edge-triggered cell FDCE clocked by sys_clk  {rise@0.000ns fall@10.000ns period=20.000ns})
  Path Group:             sys_clk
  Path Type:              Setup (Max at Slow Process Corner)
  Requirement:            20.000ns  (sys_clk rise@20.000ns - sys_clk rise@0.000ns)
  Data Path Delay:        4.976ns  (logic 0.958ns (19.252%)  route 4.018ns (80.748%))
  Logic Levels:           5  (LUT2=1 LUT4=1 LUT5=1 LUT6=2)
  Clock Path Skew:        0.003ns (DCD - SCD + CPR)
    Destination Clock Delay (DCD):    4.414ns = ( 24.414 - 20.000 ) 
    Source Clock Delay      (SCD):    4.753ns
    Clock Pessimism Removal (CPR):    0.342ns
  Clock Uncertainty:      0.035ns  ((TSJ^2 + TIJ^2)^1/2 + DJ) / 2 + PE
    Total System Jitter     (TSJ):    0.071ns
    Total Input Jitter      (TIJ):    0.000ns
    Discrete Jitter          (DJ):    0.000ns
    Phase Error              (PE):    0.000ns

    Location             Delay type                Incr(ns)  Path(ns)    Netlist Resource(s)
  -------------------------------------------------------------------    -------------------
                         (clock sys_clk rise edge)    0.000     0.000 r  
    W17                                               0.000     0.000 r  sys_clk (IN)
                         net (fo=0)                   0.000     0.000    sys_clk
    W17                  IBUF (Prop_ibuf_I_O)         1.415     1.415 r  sys_clk_IBUF_inst/O
                         net (fo=1, routed)           1.873     3.288    sys_clk_IBUF
    BUFGCTRL_X0Y4        BUFG (Prop_bufg_I_O)         0.085     3.373 r  sys_clk_IBUF_BUFG_inst/O
                         net (fo=155, routed)         1.380     4.753    u_pl/sys_clk_IBUF_BUFG
    SLICE_X50Y53         FDCE                                         r  u_pl/sec_div_reg[18]/C
  -------------------------------------------------------------------    -------------------
    SLICE_X50Y53         FDCE (Prop_fdce_C_Q)         0.433     5.186 r  u_pl/sec_div_reg[18]/Q
                         net (fo=2, routed)           0.672     5.858    u_pl/sec_div_reg_n_0_[18]
    SLICE_X50Y53         LUT4 (Prop_lut4_I1_O)        0.105     5.963 r  u_pl/sec_div[25]_i_8/O
                         net (fo=1, routed)           0.523     6.485    u_pl/sec_div[25]_i_8_n_0
    SLICE_X50Y52         LUT5 (Prop_lut5_I4_O)        0.105     6.590 r  u_pl/sec_div[25]_i_7/O
                         net (fo=1, routed)           0.465     7.056    u_pl/sec_div[25]_i_7_n_0
    SLICE_X50Y51         LUT6 (Prop_lut6_I5_O)        0.105     7.161 r  u_pl/sec_div[25]_i_4/O
                         net (fo=1, routed)           0.661     7.822    u_pl/sec_div[25]_i_4_n_0
    SLICE_X50Y50         LUT6 (Prop_lut6_I0_O)        0.105     7.927 f  u_pl/sec_div[25]_i_2/O
                         net (fo=42, routed)          1.697     9.624    u_pl/fps_q[0]
    SLICE_X59Y54         LUT2 (Prop_lut2_I0_O)        0.105     9.729 r  u_pl/fps_acc[1]_i_1/O
                         net (fo=1, routed)           0.000     9.729    u_pl/fps_acc[1]_i_1_n_0
    SLICE_X59Y54         FDCE                                         r  u_pl/fps_acc_reg[1]/D
  -------------------------------------------------------------------    -------------------

                         (clock sys_clk rise edge)   20.000    20.000 r  
    W17                                               0.000    20.000 r  sys_clk (IN)
                         net (fo=0)                   0.000    20.000    sys_clk
    W17                  IBUF (Prop_ibuf_I_O)         1.349    21.349 r  sys_clk_IBUF_inst/O
                         net (fo=1, routed)           1.701    23.050    sys_clk_IBUF
    BUFGCTRL_X0Y4        BUFG (Prop_bufg_I_O)         0.077    23.127 r  sys_clk_IBUF_BUFG_inst/O
                         net (fo=155, routed)         1.287    24.414    u_pl/sys_clk_IBUF_BUFG
    SLICE_X59Y54         FDCE                                         r  u_pl/fps_acc_reg[1]/C
                         clock pessimism              0.342    24.756    
                         clock uncertainty           -0.035    24.721    
    SLICE_X59Y54         FDCE (Setup_fdce_C_D)        0.032    24.753    u_pl/fps_acc_reg[1]
  -------------------------------------------------------------------
                         required time                         24.753    
                         arrival time                          -9.729    
  -------------------------------------------------------------------
                         slack                                 15.024    





Min Delay Paths
--------------------------------------------------------------------------------------
Slack (MET) :             0.121ns  (arrival time - required time)
  Source:                 u_pl/vt0_reg/C
                            (rising edge-triggered cell FDRE clocked by sys_clk  {rise@0.000ns fall@10.000ns period=20.000ns})
  Destination:            u_pl/vt1_reg/D
                            (rising edge-triggered cell FDRE clocked by sys_clk  {rise@0.000ns fall@10.000ns period=20.000ns})
  Path Group:             sys_clk
  Path Type:              Hold (Min at Fast Process Corner)
  Requirement:            0.000ns  (sys_clk rise@0.000ns - sys_clk rise@0.000ns)
  Data Path Delay:        0.196ns  (logic 0.141ns (71.838%)  route 0.055ns (28.162%))
  Logic Levels:           0  
  Clock Path Skew:        0.000ns (DCD - SCD - CPR)
    Destination Clock Delay (DCD):    2.048ns
    Source Clock Delay      (SCD):    1.531ns
    Clock Pessimism Removal (CPR):    0.517ns

    Location             Delay type                Incr(ns)  Path(ns)    Netlist Resource(s)
  -------------------------------------------------------------------    -------------------
                         (clock sys_clk rise edge)    0.000     0.000 r  
    W17                                               0.000     0.000 r  sys_clk (IN)
                         net (fo=0)                   0.000     0.000    sys_clk
    W17                  IBUF (Prop_ibuf_I_O)         0.252     0.252 r  sys_clk_IBUF_inst/O
                         net (fo=1, routed)           0.674     0.926    sys_clk_IBUF
    BUFGCTRL_X0Y4        BUFG (Prop_bufg_I_O)         0.026     0.952 r  sys_clk_IBUF_BUFG_inst/O
                         net (fo=155, routed)         0.579     1.531    u_pl/sys_clk_IBUF_BUFG
    SLICE_X55Y51         FDRE                                         r  u_pl/vt0_reg/C
  -------------------------------------------------------------------    -------------------
    SLICE_X55Y51         FDRE (Prop_fdre_C_Q)         0.141     1.672 r  u_pl/vt0_reg/Q
                         net (fo=1, routed)           0.055     1.727    u_pl/vt0
    SLICE_X55Y51         FDRE                                         r  u_pl/vt1_reg/D
  -------------------------------------------------------------------    -------------------

                         (clock sys_clk rise edge)    0.000     0.000 r  
    W17                                               0.000     0.000 r  sys_clk (IN)
                         net (fo=0)                   0.000     0.000    sys_clk
    W17                  IBUF (Prop_ibuf_I_O)         0.440     0.440 r  sys_clk_IBUF_inst/O
                         net (fo=1, routed)           0.731     1.171    sys_clk_IBUF
    BUFGCTRL_X0Y4        BUFG (Prop_bufg_I_O)         0.029     1.200 r  sys_clk_IBUF_BUFG_inst/O
                         net (fo=155, routed)         0.848     2.048    u_pl/sys_clk_IBUF_BUFG
    SLICE_X55Y51         FDRE                                         r  u_pl/vt1_reg/C
                         clock pessimism             -0.517     1.531    
    SLICE_X55Y51         FDRE (Hold_fdre_C_D)         0.075     1.606    u_pl/vt1_reg
  -------------------------------------------------------------------
                         required time                         -1.606    
                         arrival time                           1.727    
  -------------------------------------------------------------------
                         slack                                  0.121    





Pulse Width Checks
--------------------------------------------------------------------------------------
Clock Name:         sys_clk
Waveform(ns):       { 0.000 10.000 }
Period(ns):         20.000
Sources:            { sys_clk }

Check Type        Corner  Lib Pin            Reference Pin  Required(ns)  Actual(ns)  Slack(ns)  Location         Pin
Min Period        n/a     BUFG/I             n/a            1.592         20.000      18.408     BUFGCTRL_X0Y4    sys_clk_IBUF_BUFG_inst/I
Max Period        n/a     MMCME2_ADV/CLKIN1  n/a            100.000       20.000      80.000     MMCME2_ADV_X0Y0  u_idelay_clkgen/u_mmcm/CLKIN1
Low Pulse Width   Slow    MMCME2_ADV/CLKIN1  n/a            3.000         10.000      7.000      MMCME2_ADV_X0Y0  u_idelay_clkgen/u_mmcm/CLKIN1
High Pulse Width  Slow    MMCME2_ADV/CLKIN1  n/a            3.000         10.000      7.000      MMCME2_ADV_X0Y0  u_idelay_clkgen/u_mmcm/CLKIN1



---------------------------------------------------------------------------------------------------
From Clock:  clkfbout
  To Clock:  clkfbout

Setup :           NA  Failing Endpoints,  Worst Slack           NA  ,  Total Violation           NA
Hold  :           NA  Failing Endpoints,  Worst Slack           NA  ,  Total Violation           NA
PW    :            0  Failing Endpoints,  Worst Slack       18.408ns,  Total Violation        0.000ns
---------------------------------------------------------------------------------------------------


Pulse Width Checks
--------------------------------------------------------------------------------------
Clock Name:         clkfbout
Waveform(ns):       { 0.000 10.000 }
Period(ns):         20.000
Sources:            { u_idelay_clkgen/u_mmcm/CLKFBOUT }

Check Type  Corner  Lib Pin             Reference Pin  Required(ns)  Actual(ns)  Slack(ns)  Location         Pin
Min Period  n/a     BUFG/I              n/a            1.592         20.000      18.408     BUFGCTRL_X0Y5    u_idelay_clkgen/u_bufg_fb/I
Max Period  n/a     MMCME2_ADV/CLKFBIN  n/a            100.000       20.000      80.000     MMCME2_ADV_X0Y0  u_idelay_clkgen/u_mmcm/CLKFBIN



---------------------------------------------------------------------------------------------------
From Clock:  clkfbout_1
  To Clock:  clkfbout_1

Setup :           NA  Failing Endpoints,  Worst Slack           NA  ,  Total Violation           NA
Hold  :           NA  Failing Endpoints,  Worst Slack           NA  ,  Total Violation           NA
PW    :            0  Failing Endpoints,  Worst Slack       18.408ns,  Total Violation        0.000ns
---------------------------------------------------------------------------------------------------


Pulse Width Checks
--------------------------------------------------------------------------------------
Clock Name:         clkfbout_1
Waveform(ns):       { 0.000 10.000 }
Period(ns):         20.000
Sources:            { u_pl/u_clk/u_mmcm/CLKFBOUT }

Check Type  Corner  Lib Pin             Reference Pin  Required(ns)  Actual(ns)  Slack(ns)  Location         Pin
Min Period  n/a     BUFG/I              n/a            1.592         20.000      18.408     BUFGCTRL_X0Y6    u_pl/u_clk/u_bufg_fb/I
Max Period  n/a     MMCME2_ADV/CLKFBIN  n/a            100.000       20.000      80.000     MMCME2_ADV_X1Y0  u_pl/u_clk/u_mmcm/CLKFBIN



---------------------------------------------------------------------------------------------------
From Clock:  clkout0_1
  To Clock:  clkout0_1

Setup :            0  Failing Endpoints,  Worst Slack        0.566ns,  Total Violation        0.000ns
Hold  :            0  Failing Endpoints,  Worst Slack        0.120ns,  Total Violation        0.000ns
PW    :            0  Failing Endpoints,  Worst Slack        8.870ns,  Total Violation        0.000ns
---------------------------------------------------------------------------------------------------


Max Delay Paths
--------------------------------------------------------------------------------------
Slack (MET) :             0.566ns  (required time - arrival time)
  Source:                 u_pl/x_d_reg[11][6]/C
                            (rising edge-triggered cell FDCE clocked by clkout0_1  {rise@0.000ns fall@10.000ns period=20.000ns})
  Destination:            u_pl/u_osd/r_reg[4]/D
                            (rising edge-triggered cell FDCE clocked by clkout0_1  {rise@0.000ns fall@10.000ns period=20.000ns})
  Path Group:             clkout0_1
  Path Type:              Setup (Max at Slow Process Corner)
  Requirement:            20.000ns  (clkout0_1 rise@20.000ns - clkout0_1 rise@0.000ns)
  Data Path Delay:        19.306ns  (logic 6.763ns (35.030%)  route 12.543ns (64.970%))
  Logic Levels:           27  (CARRY4=9 LUT1=1 LUT2=1 LUT3=2 LUT4=6 LUT5=1 LUT6=7)
  Clock Path Skew:        -0.065ns (DCD - SCD + CPR)
    Destination Clock Delay (DCD):    4.423ns = ( 24.423 - 20.000 ) 
    Source Clock Delay      (SCD):    4.830ns
    Clock Pessimism Removal (CPR):    0.342ns
  Clock Uncertainty:      0.094ns  ((TSJ^2 + DJ^2)^1/2) / 2 + PE
    Total System Jitter     (TSJ):    0.071ns
    Discrete Jitter          (DJ):    0.175ns
    Phase Error              (PE):    0.000ns

    Location             Delay type                Incr(ns)  Path(ns)    Netlist Resource(s)
  -------------------------------------------------------------------    -------------------
                         (clock clkout0_1 rise edge)
                                                      0.000     0.000 r  
    W17                                               0.000     0.000 r  sys_clk (IN)
                         net (fo=0)                   0.000     0.000    sys_clk
    W17                  IBUF (Prop_ibuf_I_O)         1.415     1.415 r  sys_clk_IBUF_inst/O
                         net (fo=1, routed)           1.873     3.288    sys_clk_IBUF
    BUFGCTRL_X0Y4        BUFG (Prop_bufg_I_O)         0.085     3.373 r  sys_clk_IBUF_BUFG_inst/O
                         net (fo=155, routed)         1.550     4.923    u_pl/u_clk/sys_clk_IBUF_BUFG
    MMCME2_ADV_X1Y0      MMCME2_ADV (Prop_mmcme2_adv_CLKIN1_CLKOUT0)
                                                     -3.232     1.691 r  u_pl/u_clk/u_mmcm/CLKOUT0
                         net (fo=1, routed)           1.597     3.288    u_pl/u_clk/clkout0
    BUFGCTRL_X0Y1        BUFG (Prop_bufg_I_O)         0.085     3.373 r  u_pl/u_clk/u_bufg_pix/O
                         net (fo=1303, routed)        1.457     4.830    u_pl/clk_pix
    SLICE_X62Y39         FDCE                                         r  u_pl/x_d_reg[11][6]/C
  -------------------------------------------------------------------    -------------------
    SLICE_X62Y39         FDCE (Prop_fdce_C_Q)         0.398     5.228 f  u_pl/x_d_reg[11][6]/Q
                         net (fo=6, routed)           0.431     5.659    u_pl/u_osd/r[7]_i_33_1
    SLICE_X62Y40         LUT1 (Prop_lut1_I0_O)        0.232     5.891 r  u_pl/u_osd/r[7]_i_60/O
                         net (fo=1, routed)           0.000     5.891    u_pl/u_osd/r[7]_i_60_n_0
    SLICE_X62Y40         CARRY4 (Prop_carry4_S[3]_CO[3])
                                                      0.314     6.205 r  u_pl/u_osd/r_reg[7]_i_38/CO[3]
                         net (fo=1, routed)           0.000     6.205    u_pl/u_osd/r_reg[7]_i_38_n_0
    SLICE_X62Y41         CARRY4 (Prop_carry4_CI_O[1])
                                                      0.257     6.462 f  u_pl/u_osd/g0_b4__2_i_129/O[1]
                         net (fo=20, routed)          0.758     7.220    u_pl/u_osd/lx[8]
    SLICE_X57Y43         LUT3 (Prop_lut3_I1_O)        0.245     7.465 r  u_pl/u_osd/g0_b4__2_i_253/O
                         net (fo=4, routed)           0.509     7.975    u_pl/u_osd/g0_b4__2_i_253_n_0
    SLICE_X56Y43         LUT4 (Prop_lut4_I3_O)        0.105     8.080 r  u_pl/u_osd/g0_b4__2_i_257/O
                         net (fo=1, routed)           0.000     8.080    u_pl/u_osd/g0_b4__2_i_257_n_0
    SLICE_X56Y43         CARRY4 (Prop_carry4_S[1]_CO[3])
                                                      0.457     8.537 r  u_pl/u_osd/g0_b4__2_i_202/CO[3]
                         net (fo=1, routed)           0.000     8.537    u_pl/u_osd/g0_b4__2_i_202_n_0
    SLICE_X56Y44         CARRY4 (Prop_carry4_CI_O[2])
                                                      0.200     8.737 r  u_pl/u_osd/g0_b4__2_i_201/O[2]
                         net (fo=2, routed)           0.670     9.407    u_pl/u_osd/g0_b4__2_i_201_n_5
    SLICE_X57Y43         LUT3 (Prop_lut3_I1_O)        0.266     9.673 r  u_pl/u_osd/g0_b4__2_i_150/O
                         net (fo=2, routed)           0.555    10.228    u_pl/u_osd/g0_b4__2_i_150_n_0
    SLICE_X55Y44         LUT4 (Prop_lut4_I3_O)        0.268    10.496 r  u_pl/u_osd/g0_b4__2_i_154/O
                         net (fo=1, routed)           0.000    10.496    u_pl/u_osd/g0_b4__2_i_154_n_0
    SLICE_X55Y44         CARRY4 (Prop_carry4_S[1]_O[3])
                                                      0.530    11.026 r  u_pl/u_osd/g0_b4__2_i_68/O[3]
                         net (fo=3, routed)           0.573    11.599    u_pl/u_osd/g0_b4__2_i_68_n_4
    SLICE_X57Y45         LUT2 (Prop_lut2_I0_O)        0.257    11.856 r  u_pl/u_osd/g0_b4__2_i_259/O
                         net (fo=1, routed)           0.000    11.856    u_pl/u_osd/g0_b4__2_i_259_n_0
    SLICE_X57Y45         CARRY4 (Prop_carry4_S[3]_CO[3])
                                                      0.332    12.188 r  u_pl/u_osd/g0_b4__2_i_203/CO[3]
                         net (fo=1, routed)           0.000    12.188    u_pl/u_osd/g0_b4__2_i_203_n_0
    SLICE_X57Y46         CARRY4 (Prop_carry4_CI_O[0])
                                                      0.180    12.368 r  u_pl/u_osd/g0_b4__2_i_127/O[0]
                         net (fo=3, routed)           0.524    12.891    u_pl/u_osd/g0_b4__2_i_127_n_7
    SLICE_X56Y47         LUT4 (Prop_lut4_I2_O)        0.249    13.140 r  u_pl/u_osd/g0_b4__2_i_220/O
                         net (fo=1, routed)           0.000    13.140    u_pl/u_osd/g0_b4__2_i_220_n_0
    SLICE_X56Y47         CARRY4 (Prop_carry4_S[1]_CO[3])
                                                      0.457    13.597 r  u_pl/u_osd/g0_b4__2_i_131/CO[3]
                         net (fo=1, routed)           0.000    13.597    u_pl/u_osd/g0_b4__2_i_131_n_0
    SLICE_X56Y48         CARRY4 (Prop_carry4_CI_CO[1])
                                                      0.132    13.729 r  u_pl/u_osd/g0_b4__2_i_60/CO[1]
                         net (fo=10, routed)          0.517    14.247    u_pl/u_osd/g0_b4__2_i_60_n_2
    SLICE_X56Y49         LUT4 (Prop_lut4_I3_O)        0.296    14.543 r  u_pl/u_osd/g0_b4__2_i_42/O
                         net (fo=39, routed)          1.239    15.782    u_pl/u_lm_x/g0_b4__2_i_64_0
    SLICE_X51Y70         LUT6 (Prop_lut6_I2_O)        0.267    16.049 r  u_pl/u_lm_x/g0_b4__2_i_107/O
                         net (fo=1, routed)           0.829    16.878    u_pl/u_lm_x/g0_b4__2_i_107_n_0
    SLICE_X54Y70         LUT6 (Prop_lut6_I0_O)        0.105    16.983 f  u_pl/u_lm_x/g0_b4__2_i_51/O
                         net (fo=1, routed)           0.689    17.672    u_pl/u_osd/g0_b4__2_i_7_0
    SLICE_X54Y56         LUT4 (Prop_lut4_I3_O)        0.105    17.777 r  u_pl/u_osd/g0_b4__2_i_18/O
                         net (fo=1, routed)           0.590    18.367    u_pl/u_osd/g0_b4__2_i_18_n_0
    SLICE_X54Y53         LUT6 (Prop_lut6_I2_O)        0.105    18.472 r  u_pl/u_osd/g0_b4__2_i_7/O
                         net (fo=5, routed)           0.839    19.310    u_pl/u_lm_x/g0_b1__2
    SLICE_X56Y51         LUT6 (Prop_lut6_I1_O)        0.105    19.415 r  u_pl/u_lm_x/g0_b4__2_i_1/O
                         net (fo=36, routed)          0.865    20.280    u_pl/u_osd/r[7]_i_5__0_0
    SLICE_X58Y51         LUT5 (Prop_lut5_I0_O)        0.119    20.399 r  u_pl/u_osd/g0_b4__1/O
                         net (fo=1, routed)           0.644    21.044    u_pl/u_osd/g0_b4__1_n_0
    SLICE_X58Y50         LUT4 (Prop_lut4_I3_O)        0.289    21.333 r  u_pl/u_osd/r[7]_i_31/O
                         net (fo=1, routed)           0.652    21.985    u_pl/u_osd/r[7]_i_31_n_0
    SLICE_X58Y47         LUT6 (Prop_lut6_I5_O)        0.283    22.268 r  u_pl/u_osd/r[7]_i_9/O
                         net (fo=1, routed)           0.486    22.754    u_pl/u_lm_x/b_reg[2]_0
    SLICE_X61Y43         LUT6 (Prop_lut6_I2_O)        0.105    22.859 f  u_pl/u_lm_x/r[7]_i_2__0/O
                         net (fo=19, routed)          1.172    24.031    u_pl/u_osd/b_reg[2]_0
    SLICE_X71Y29         LUT6 (Prop_lut6_I1_O)        0.105    24.136 r  u_pl/u_osd/r[4]_i_1/O
                         net (fo=1, routed)           0.000    24.136    u_pl/u_osd/r[4]_i_1_n_0
    SLICE_X71Y29         FDCE                                         r  u_pl/u_osd/r_reg[4]/D
  -------------------------------------------------------------------    -------------------

                         (clock clkout0_1 rise edge)
                                                     20.000    20.000 r  
    W17                                               0.000    20.000 r  sys_clk (IN)
                         net (fo=0)                   0.000    20.000    sys_clk
    W17                  IBUF (Prop_ibuf_I_O)         1.349    21.349 r  sys_clk_IBUF_inst/O
                         net (fo=1, routed)           1.701    23.050    sys_clk_IBUF
    BUFGCTRL_X0Y4        BUFG (Prop_bufg_I_O)         0.077    23.127 r  sys_clk_IBUF_BUFG_inst/O
                         net (fo=155, routed)         1.384    24.511    u_pl/u_clk/sys_clk_IBUF_BUFG
    MMCME2_ADV_X1Y0      MMCME2_ADV (Prop_mmcme2_adv_CLKIN1_CLKOUT0)
                                                     -2.915    21.596 r  u_pl/u_clk/u_mmcm/CLKOUT0
                         net (fo=1, routed)           1.454    23.050    u_pl/u_clk/clkout0
    BUFGCTRL_X0Y1        BUFG (Prop_bufg_I_O)         0.077    23.127 r  u_pl/u_clk/u_bufg_pix/O
                         net (fo=1303, routed)        1.296    24.423    u_pl/u_osd/clk_pix
    SLICE_X71Y29         FDCE                                         r  u_pl/u_osd/r_reg[4]/C
                         clock pessimism              0.342    24.765    
                         clock uncertainty           -0.094    24.671    
    SLICE_X71Y29         FDCE (Setup_fdce_C_D)        0.032    24.703    u_pl/u_osd/r_reg[4]
  -------------------------------------------------------------------
                         required time                         24.703    
                         arrival time                         -24.136    
  -------------------------------------------------------------------
                         slack                                  0.566    





Min Delay Paths
--------------------------------------------------------------------------------------
Slack (MET) :             0.120ns  (arrival time - required time)
  Source:                 u_pl/u_lm_x/ts_reg[0]/C
                            (rising edge-triggered cell FDCE clocked by clkout0_1  {rise@0.000ns fall@10.000ns period=20.000ns})
  Destination:            u_pl/u_lm_x/ts_reg[1]/D
                            (rising edge-triggered cell FDCE clocked by clkout0_1  {rise@0.000ns fall@10.000ns period=20.000ns})
  Path Group:             clkout0_1
  Path Type:              Hold (Min at Fast Process Corner)
  Requirement:            0.000ns  (clkout0_1 rise@0.000ns - clkout0_1 rise@0.000ns)
  Data Path Delay:        0.196ns  (logic 0.141ns (71.838%)  route 0.055ns (28.162%))
  Logic Levels:           0  
  Clock Path Skew:        0.000ns (DCD - SCD - CPR)
    Destination Clock Delay (DCD):    2.013ns
    Source Clock Delay      (SCD):    1.499ns
    Clock Pessimism Removal (CPR):    0.514ns

    Location             Delay type                Incr(ns)  Path(ns)    Netlist Resource(s)
  -------------------------------------------------------------------    -------------------
                         (clock clkout0_1 rise edge)
                                                      0.000     0.000 r  
    W17                                               0.000     0.000 r  sys_clk (IN)
                         net (fo=0)                   0.000     0.000    sys_clk
    W17                  IBUF (Prop_ibuf_I_O)         0.252     0.252 r  sys_clk_IBUF_inst/O
                         net (fo=1, routed)           0.674     0.926    sys_clk_IBUF
    BUFGCTRL_X0Y4        BUFG (Prop_bufg_I_O)         0.026     0.952 r  sys_clk_IBUF_BUFG_inst/O
                         net (fo=155, routed)         0.595     1.547    u_pl/u_clk/sys_clk_IBUF_BUFG
    MMCME2_ADV_X1Y0      MMCME2_ADV (Prop_mmcme2_adv_CLKIN1_CLKOUT0)
                                                     -1.150     0.397 r  u_pl/u_clk/u_mmcm/CLKOUT0
                         net (fo=1, routed)           0.529     0.926    u_pl/u_clk/clkout0
    BUFGCTRL_X0Y1        BUFG (Prop_bufg_I_O)         0.026     0.952 r  u_pl/u_clk/u_bufg_pix/O
                         net (fo=1303, routed)        0.547     1.499    u_pl/u_lm_x/clk_pix
    SLICE_X51Y81         FDCE                                         r  u_pl/u_lm_x/ts_reg[0]/C
  -------------------------------------------------------------------    -------------------
    SLICE_X51Y81         FDCE (Prop_fdce_C_Q)         0.141     1.640 r  u_pl/u_lm_x/ts_reg[0]/Q
                         net (fo=1, routed)           0.055     1.695    u_pl/u_lm_x/ts[0]
    SLICE_X51Y81         FDCE                                         r  u_pl/u_lm_x/ts_reg[1]/D
  -------------------------------------------------------------------    -------------------

                         (clock clkout0_1 rise edge)
                                                      0.000     0.000 r  
    W17                                               0.000     0.000 r  sys_clk (IN)
                         net (fo=0)                   0.000     0.000    sys_clk
    W17                  IBUF (Prop_ibuf_I_O)         0.440     0.440 r  sys_clk_IBUF_inst/O
                         net (fo=1, routed)           0.731     1.171    sys_clk_IBUF
    BUFGCTRL_X0Y4        BUFG (Prop_bufg_I_O)         0.029     1.200 r  sys_clk_IBUF_BUFG_inst/O
                         net (fo=155, routed)         0.862     2.062    u_pl/u_clk/sys_clk_IBUF_BUFG
    MMCME2_ADV_X1Y0      MMCME2_ADV (Prop_mmcme2_adv_CLKIN1_CLKOUT0)
                                                     -1.467     0.595 r  u_pl/u_clk/u_mmcm/CLKOUT0
                         net (fo=1, routed)           0.576     1.171    u_pl/u_clk/clkout0
    BUFGCTRL_X0Y1        BUFG (Prop_bufg_I_O)         0.029     1.200 r  u_pl/u_clk/u_bufg_pix/O
                         net (fo=1303, routed)        0.813     2.013    u_pl/u_lm_x/clk_pix
    SLICE_X51Y81         FDCE                                         r  u_pl/u_lm_x/ts_reg[1]/C
                         clock pessimism             -0.514     1.499    
    SLICE_X51Y81         FDCE (Hold_fdce_C_D)         0.076     1.575    u_pl/u_lm_x/ts_reg[1]
  -------------------------------------------------------------------
                         required time                         -1.575    
                         arrival time                           1.695    
  -------------------------------------------------------------------
                         slack                                  0.120    





Pulse Width Checks
--------------------------------------------------------------------------------------
Clock Name:         clkout0_1
Waveform(ns):       { 0.000 10.000 }
Period(ns):         20.000
Sources:            { u_pl/u_clk/u_mmcm/CLKOUT0 }

Check Type        Corner  Lib Pin             Reference Pin  Required(ns)  Actual(ns)  Slack(ns)  Location         Pin
Min Period        n/a     DSP48E1/CLK         n/a            3.272         20.000      16.728     DSP48_X3Y16      u_pl/u_zmap/yr_m_reg/CLK
Max Period        n/a     MMCME2_ADV/CLKOUT0  n/a            213.360       20.000      193.360    MMCME2_ADV_X1Y0  u_pl/u_clk/u_mmcm/CLKOUT0
Low Pulse Width   Slow    RAMS64E/CLK         n/a            1.130         10.000      8.870      SLICE_X58Y19     u_pl/u_pipe/u_blur/lb1_reg_0_255_0_0/RAMS64E_A/CLK
High Pulse Width  Slow    RAMS64E/CLK         n/a            1.130         10.000      8.870      SLICE_X58Y19     u_pl/u_pipe/u_blur/lb1_reg_0_255_0_0/RAMS64E_A/CLK



---------------------------------------------------------------------------------------------------
From Clock:  clkout1_1
  To Clock:  clkout1_1

Setup :           NA  Failing Endpoints,  Worst Slack           NA  ,  Total Violation           NA
Hold  :           NA  Failing Endpoints,  Worst Slack           NA  ,  Total Violation           NA
PW    :            0  Failing Endpoints,  Worst Slack        2.408ns,  Total Violation        0.000ns
---------------------------------------------------------------------------------------------------


Pulse Width Checks
--------------------------------------------------------------------------------------
Clock Name:         clkout1_1
Waveform(ns):       { 0.000 2.000 }
Period(ns):         4.000
Sources:            { u_pl/u_clk/u_mmcm/CLKOUT1 }

Check Type  Corner  Lib Pin             Reference Pin  Required(ns)  Actual(ns)  Slack(ns)  Location         Pin
Min Period  n/a     BUFG/I              n/a            1.592         4.000       2.408      BUFGCTRL_X0Y2    u_pl/u_clk/u_bufg_5x/I
Max Period  n/a     MMCME2_ADV/CLKOUT1  n/a            213.360       4.000       209.360    MMCME2_ADV_X1Y0  u_pl/u_clk/u_mmcm/CLKOUT1



---------------------------------------------------------------------------------------------------
From Clock:  clkout2
  To Clock:  clkout2

Setup :           NA  Failing Endpoints,  Worst Slack           NA  ,  Total Violation           NA
Hold  :           NA  Failing Endpoints,  Worst Slack           NA  ,  Total Violation           NA
PW    :            0  Failing Endpoints,  Worst Slack        0.264ns,  Total Violation        0.000ns
---------------------------------------------------------------------------------------------------


Pulse Width Checks
--------------------------------------------------------------------------------------
Clock Name:         clkout2
Waveform(ns):       { 0.000 2.500 }
Period(ns):         5.000
Sources:            { u_idelay_clkgen/u_mmcm/CLKOUT2 }

Check Type  Corner  Lib Pin            Reference Pin  Required(ns)  Actual(ns)  Slack(ns)  Location         Pin
Min Period  n/a     IDELAYCTRL/REFCLK  n/a            2.438         5.000       2.562      IDELAYCTRL_X1Y0  u_eth/u_rgmii/u_rgmii_rx/IDELAYCTRL_inst/REFCLK
Max Period  n/a     IDELAYCTRL/REFCLK  n/a            5.264         5.000       0.264      IDELAYCTRL_X1Y0  u_eth/u_rgmii/u_rgmii_rx/IDELAYCTRL_inst/REFCLK



---------------------------------------------------------------------------------------------------
From Clock:  clkout0_1
  To Clock:  sys_clk

Setup :            0  Failing Endpoints,  Worst Slack       17.300ns,  Total Violation        0.000ns
Hold  :            0  Failing Endpoints,  Worst Slack        0.233ns,  Total Violation        0.000ns
---------------------------------------------------------------------------------------------------


Max Delay Paths
--------------------------------------------------------------------------------------
Slack (MET) :             17.300ns  (required time - arrival time)
  Source:                 u_pl/vs_pix_d0_reg/C
                            (rising edge-triggered cell FDRE clocked by clkout0_1  {rise@0.000ns fall@10.000ns period=20.000ns})
  Destination:            u_pl/vt0_reg/D
                            (rising edge-triggered cell FDRE clocked by sys_clk  {rise@0.000ns fall@10.000ns period=20.000ns})
  Path Group:             sys_clk
  Path Type:              Setup (Max at Slow Process Corner)
  Requirement:            20.000ns  (sys_clk rise@20.000ns - clkout0_1 rise@0.000ns)
  Data Path Delay:        2.188ns  (logic 0.484ns (22.125%)  route 1.704ns (77.875%))
  Logic Levels:           1  (LUT2=1)
  Clock Path Skew:        -0.174ns (DCD - SCD + CPR)
    Destination Clock Delay (DCD):    4.412ns = ( 24.412 - 20.000 ) 
    Source Clock Delay      (SCD):    4.832ns
    Clock Pessimism Removal (CPR):    0.246ns
  Clock Uncertainty:      0.259ns  ((TSJ^2 + DJ^2)^1/2) / 2 + PE
    Total System Jitter     (TSJ):    0.071ns
    Discrete Jitter          (DJ):    0.175ns
    Phase Error              (PE):    0.165ns

    Location             Delay type                Incr(ns)  Path(ns)    Netlist Resource(s)
  -------------------------------------------------------------------    -------------------
                         (clock clkout0_1 rise edge)
                                                      0.000     0.000 r  
    W17                                               0.000     0.000 r  sys_clk (IN)
                         net (fo=0)                   0.000     0.000    sys_clk
    W17                  IBUF (Prop_ibuf_I_O)         1.415     1.415 r  sys_clk_IBUF_inst/O
                         net (fo=1, routed)           1.873     3.288    sys_clk_IBUF
    BUFGCTRL_X0Y4        BUFG (Prop_bufg_I_O)         0.085     3.373 r  sys_clk_IBUF_BUFG_inst/O
                         net (fo=155, routed)         1.550     4.923    u_pl/u_clk/sys_clk_IBUF_BUFG
    MMCME2_ADV_X1Y0      MMCME2_ADV (Prop_mmcme2_adv_CLKIN1_CLKOUT0)
                                                     -3.232     1.691 r  u_pl/u_clk/u_mmcm/CLKOUT0
                         net (fo=1, routed)           1.597     3.288    u_pl/u_clk/clkout0
    BUFGCTRL_X0Y1        BUFG (Prop_bufg_I_O)         0.085     3.373 r  u_pl/u_clk/u_bufg_pix/O
                         net (fo=1303, routed)        1.459     4.832    u_pl/clk_pix
    SLICE_X56Y48         FDRE                                         r  u_pl/vs_pix_d0_reg/C
  -------------------------------------------------------------------    -------------------
    SLICE_X56Y48         FDRE (Prop_fdre_C_Q)         0.379     5.211 r  u_pl/vs_pix_d0_reg/Q
                         net (fo=2, routed)           0.872     6.083    u_pl/vs_pix_d0
    SLICE_X55Y49         LUT2 (Prop_lut2_I0_O)        0.105     6.188 r  u_pl/vt0_i_1/O
                         net (fo=1, routed)           0.832     7.020    u_pl/vs_tick
    SLICE_X55Y51         FDRE                                         r  u_pl/vt0_reg/D
  -------------------------------------------------------------------    -------------------

                         (clock sys_clk rise edge)   20.000    20.000 r  
    W17                                               0.000    20.000 r  sys_clk (IN)
                         net (fo=0)                   0.000    20.000    sys_clk
    W17                  IBUF (Prop_ibuf_I_O)         1.349    21.349 r  sys_clk_IBUF_inst/O
                         net (fo=1, routed)           1.701    23.050    sys_clk_IBUF
    BUFGCTRL_X0Y4        BUFG (Prop_bufg_I_O)         0.077    23.127 r  sys_clk_IBUF_BUFG_inst/O
                         net (fo=155, routed)         1.285    24.412    u_pl/sys_clk_IBUF_BUFG
    SLICE_X55Y51         FDRE                                         r  u_pl/vt0_reg/C
                         clock pessimism              0.246    24.658    
                         clock uncertainty           -0.259    24.399    
    SLICE_X55Y51         FDRE (Setup_fdre_C_D)       -0.079    24.320    u_pl/vt0_reg
  -------------------------------------------------------------------
                         required time                         24.320    
                         arrival time                          -7.020    
  -------------------------------------------------------------------
                         slack                                 17.300    





Min Delay Paths
--------------------------------------------------------------------------------------
Slack (MET) :             0.233ns  (arrival time - required time)
  Source:                 u_pl/vs_pix_d1_reg/C
                            (rising edge-triggered cell FDRE clocked by clkout0_1  {rise@0.000ns fall@10.000ns period=20.000ns})
  Destination:            u_pl/vt0_reg/D
                            (rising edge-triggered cell FDRE clocked by sys_clk  {rise@0.000ns fall@10.000ns period=20.000ns})
  Path Group:             sys_clk
  Path Type:              Hold (Min at Fast Process Corner)
  Requirement:            0.000ns  (sys_clk rise@0.000ns - clkout0_1 rise@0.000ns)
  Data Path Delay:        0.823ns  (logic 0.186ns (22.610%)  route 0.637ns (77.390%))
  Logic Levels:           1  (LUT2=1)
  Clock Path Skew:        0.267ns (DCD - SCD - CPR)
    Destination Clock Delay (DCD):    2.048ns
    Source Clock Delay      (SCD):    1.533ns
    Clock Pessimism Removal (CPR):    0.248ns
  Clock Uncertainty:      0.259ns  ((TSJ^2 + DJ^2)^1/2) / 2 + PE
    Total System Jitter     (TSJ):    0.071ns
    Discrete Jitter          (DJ):    0.175ns
    Phase Error              (PE):    0.165ns

    Location             Delay type                Incr(ns)  Path(ns)    Netlist Resource(s)
  -------------------------------------------------------------------    -------------------
                         (clock clkout0_1 rise edge)
                                                      0.000     0.000 r  
    W17                                               0.000     0.000 r  sys_clk (IN)
                         net (fo=0)                   0.000     0.000    sys_clk
    W17                  IBUF (Prop_ibuf_I_O)         0.252     0.252 r  sys_clk_IBUF_inst/O
                         net (fo=1, routed)           0.674     0.926    sys_clk_IBUF
    BUFGCTRL_X0Y4        BUFG (Prop_bufg_I_O)         0.026     0.952 r  sys_clk_IBUF_BUFG_inst/O
                         net (fo=155, routed)         0.595     1.547    u_pl/u_clk/sys_clk_IBUF_BUFG
    MMCME2_ADV_X1Y0      MMCME2_ADV (Prop_mmcme2_adv_CLKIN1_CLKOUT0)
                                                     -1.150     0.397 r  u_pl/u_clk/u_mmcm/CLKOUT0
                         net (fo=1, routed)           0.529     0.926    u_pl/u_clk/clkout0
    BUFGCTRL_X0Y1        BUFG (Prop_bufg_I_O)         0.026     0.952 r  u_pl/u_clk/u_bufg_pix/O
                         net (fo=1303, routed)        0.581     1.533    u_pl/clk_pix
    SLICE_X55Y49         FDRE                                         r  u_pl/vs_pix_d1_reg/C
  -------------------------------------------------------------------    -------------------
    SLICE_X55Y49         FDRE (Prop_fdre_C_Q)         0.141     1.674 f  u_pl/vs_pix_d1_reg/Q
                         net (fo=1, routed)           0.289     1.962    u_pl/vs_pix_d1
    SLICE_X55Y49         LUT2 (Prop_lut2_I1_O)        0.045     2.007 r  u_pl/vt0_i_1/O
                         net (fo=1, routed)           0.348     2.355    u_pl/vs_tick
    SLICE_X55Y51         FDRE                                         r  u_pl/vt0_reg/D
  -------------------------------------------------------------------    -------------------

                         (clock sys_clk rise edge)    0.000     0.000 r  
    W17                                               0.000     0.000 r  sys_clk (IN)
                         net (fo=0)                   0.000     0.000    sys_clk
    W17                  IBUF (Prop_ibuf_I_O)         0.440     0.440 r  sys_clk_IBUF_inst/O
                         net (fo=1, routed)           0.731     1.171    sys_clk_IBUF
    BUFGCTRL_X0Y4        BUFG (Prop_bufg_I_O)         0.029     1.200 r  sys_clk_IBUF_BUFG_inst/O
                         net (fo=155, routed)         0.848     2.048    u_pl/sys_clk_IBUF_BUFG
    SLICE_X55Y51         FDRE                                         r  u_pl/vt0_reg/C
                         clock pessimism             -0.248     1.800    
                         clock uncertainty            0.259     2.059    
    SLICE_X55Y51         FDRE (Hold_fdre_C_D)         0.063     2.122    u_pl/vt0_reg
  -------------------------------------------------------------------
                         required time                         -2.122    
                         arrival time                           2.355    
  -------------------------------------------------------------------
                         slack                                  0.233    





---------------------------------------------------------------------------------------------------
From Clock:  sys_clk
  To Clock:  clkout0_1

Setup :            0  Failing Endpoints,  Worst Slack        7.196ns,  Total Violation        0.000ns
Hold  :            0  Failing Endpoints,  Worst Slack        0.315ns,  Total Violation        0.000ns
---------------------------------------------------------------------------------------------------


Max Delay Paths
--------------------------------------------------------------------------------------
Slack (MET) :             7.196ns  (required time - arrival time)
  Source:                 u_pl/u_ang/angle_reg[4]/C
                            (rising edge-triggered cell FDRE clocked by sys_clk  {rise@0.000ns fall@10.000ns period=20.000ns})
  Destination:            u_pl/u_osd/r_reg[4]/D
                            (rising edge-triggered cell FDCE clocked by clkout0_1  {rise@0.000ns fall@10.000ns period=20.000ns})
  Path Group:             clkout0_1
  Path Type:              Setup (Max at Slow Process Corner)
  Requirement:            20.000ns  (clkout0_1 rise@20.000ns - sys_clk rise@0.000ns)
  Data Path Delay:        12.407ns  (logic 4.038ns (32.546%)  route 8.369ns (67.454%))
  Logic Levels:           17  (CARRY4=4 LUT2=1 LUT3=2 LUT4=1 LUT5=3 LUT6=6)
  Clock Path Skew:        -0.169ns (DCD - SCD + CPR)
    Destination Clock Delay (DCD):    4.423ns = ( 24.423 - 20.000 ) 
    Source Clock Delay      (SCD):    4.838ns
    Clock Pessimism Removal (CPR):    0.246ns
  Clock Uncertainty:      0.259ns  ((TSJ^2 + DJ^2)^1/2) / 2 + PE
    Total System Jitter     (TSJ):    0.071ns
    Discrete Jitter          (DJ):    0.175ns
    Phase Error              (PE):    0.165ns

    Location             Delay type                Incr(ns)  Path(ns)    Netlist Resource(s)
  -------------------------------------------------------------------    -------------------
                         (clock sys_clk rise edge)    0.000     0.000 r  
    W17                                               0.000     0.000 r  sys_clk (IN)
                         net (fo=0)                   0.000     0.000    sys_clk
    W17                  IBUF (Prop_ibuf_I_O)         1.415     1.415 r  sys_clk_IBUF_inst/O
                         net (fo=1, routed)           1.873     3.288    sys_clk_IBUF
    BUFGCTRL_X0Y4        BUFG (Prop_bufg_I_O)         0.085     3.373 r  sys_clk_IBUF_BUFG_inst/O
                         net (fo=155, routed)         1.465     4.838    u_pl/u_ang/sys_clk_IBUF_BUFG
    SLICE_X76Y46         FDRE                                         r  u_pl/u_ang/angle_reg[4]/C
  -------------------------------------------------------------------    -------------------
    SLICE_X76Y46         FDRE (Prop_fdre_C_Q)         0.348     5.186 r  u_pl/u_ang/angle_reg[4]/Q
                         net (fo=119, routed)         0.912     6.099    u_pl/u_ang/angle_reg[4]_0
    SLICE_X63Y49         LUT2 (Prop_lut2_I0_O)        0.242     6.341 r  u_pl/u_ang/g0_b4__2_i_305/O
                         net (fo=1, routed)           0.000     6.341    u_pl/u_ang/g0_b4__2_i_305_n_0
    SLICE_X63Y49         CARRY4 (Prop_carry4_S[3]_CO[3])
                                                      0.332     6.673 r  u_pl/u_ang/g0_b4__2_i_270/CO[3]
                         net (fo=1, routed)           0.001     6.673    u_pl/u_ang/g0_b4__2_i_270_n_0
    SLICE_X63Y50         CARRY4 (Prop_carry4_CI_CO[3])
                                                      0.098     6.771 r  u_pl/u_ang/g0_b4__2_i_224/CO[3]
                         net (fo=1, routed)           0.000     6.771    u_pl/u_ang/g0_b4__2_i_224_n_0
    SLICE_X63Y51         CARRY4 (Prop_carry4_CI_O[1])
                                                      0.265     7.036 r  u_pl/u_ang/g0_b4__2_i_142/O[1]
                         net (fo=11, routed)          0.746     7.782    u_pl/u_ang/g0_b4__2_i_142_n_6
    SLICE_X64Y50         LUT3 (Prop_lut3_I0_O)        0.264     8.046 r  u_pl/u_ang/g0_b4__2_i_238/O
                         net (fo=2, routed)           0.375     8.421    u_pl/u_ang/g0_b4__2_i_238_n_0
    SLICE_X64Y50         LUT5 (Prop_lut5_I0_O)        0.267     8.688 r  u_pl/u_ang/g0_b4__2_i_241/O
                         net (fo=1, routed)           0.000     8.688    u_pl/u_ang/g0_b4__2_i_241_n_0
    SLICE_X64Y50         CARRY4 (Prop_carry4_S[1]_CO[2])
                                                      0.475     9.163 f  u_pl/u_ang/g0_b4__2_i_185/CO[2]
                         net (fo=2, routed)           0.328     9.491    u_pl/u_ang/g0_b4__2_i_185_n_1
    SLICE_X64Y51         LUT5 (Prop_lut5_I0_O)        0.264     9.755 r  u_pl/u_ang/g0_b4__2_i_143/O
                         net (fo=2, routed)           0.829    10.583    u_pl/u_ang/g0_b4__2_i_143_n_0
    SLICE_X60Y51         LUT6 (Prop_lut6_I0_O)        0.267    10.850 f  u_pl/u_ang/g0_b4__2_i_74/O
                         net (fo=1, routed)           0.356    11.206    u_pl/u_ang/g0_b4__2_i_74_n_0
    SLICE_X59Y52         LUT3 (Prop_lut3_I2_O)        0.105    11.311 f  u_pl/u_ang/g0_b4__2_i_28/O
                         net (fo=1, routed)           0.465    11.776    u_pl/u_osd/g0_b4__2_i_1_1
    SLICE_X56Y52         LUT6 (Prop_lut6_I1_O)        0.105    11.881 r  u_pl/u_osd/g0_b4__2_i_9/O
                         net (fo=5, routed)           0.539    12.420    u_pl/u_lm_x/g0_b1__2_1
    SLICE_X56Y51         LUT6 (Prop_lut6_I3_O)        0.105    12.525 r  u_pl/u_lm_x/g0_b4__2_i_1/O
                         net (fo=36, routed)          0.865    13.389    u_pl/u_osd/r[7]_i_5__0_0
    SLICE_X58Y51         LUT5 (Prop_lut5_I0_O)        0.119    13.508 r  u_pl/u_osd/g0_b4__1/O
                         net (fo=1, routed)           0.644    14.153    u_pl/u_osd/g0_b4__1_n_0
    SLICE_X58Y50         LUT4 (Prop_lut4_I3_O)        0.289    14.442 r  u_pl/u_osd/r[7]_i_31/O
                         net (fo=1, routed)           0.652    15.094    u_pl/u_osd/r[7]_i_31_n_0
    SLICE_X58Y47         LUT6 (Prop_lut6_I5_O)        0.283    15.377 r  u_pl/u_osd/r[7]_i_9/O
                         net (fo=1, routed)           0.486    15.863    u_pl/u_lm_x/b_reg[2]_0
    SLICE_X61Y43         LUT6 (Prop_lut6_I2_O)        0.105    15.968 f  u_pl/u_lm_x/r[7]_i_2__0/O
                         net (fo=19, routed)          1.172    17.140    u_pl/u_osd/b_reg[2]_0
    SLICE_X71Y29         LUT6 (Prop_lut6_I1_O)        0.105    17.245 r  u_pl/u_osd/r[4]_i_1/O
                         net (fo=1, routed)           0.000    17.245    u_pl/u_osd/r[4]_i_1_n_0
    SLICE_X71Y29         FDCE                                         r  u_pl/u_osd/r_reg[4]/D
  -------------------------------------------------------------------    -------------------

                         (clock clkout0_1 rise edge)
                                                     20.000    20.000 r  
    W17                                               0.000    20.000 r  sys_clk (IN)
                         net (fo=0)                   0.000    20.000    sys_clk
    W17                  IBUF (Prop_ibuf_I_O)         1.349    21.349 r  sys_clk_IBUF_inst/O
                         net (fo=1, routed)           1.701    23.050    sys_clk_IBUF
    BUFGCTRL_X0Y4        BUFG (Prop_bufg_I_O)         0.077    23.127 r  sys_clk_IBUF_BUFG_inst/O
                         net (fo=155, routed)         1.384    24.511    u_pl/u_clk/sys_clk_IBUF_BUFG
    MMCME2_ADV_X1Y0      MMCME2_ADV (Prop_mmcme2_adv_CLKIN1_CLKOUT0)
                                                     -2.915    21.596 r  u_pl/u_clk/u_mmcm/CLKOUT0
                         net (fo=1, routed)           1.454    23.050    u_pl/u_clk/clkout0
    BUFGCTRL_X0Y1        BUFG (Prop_bufg_I_O)         0.077    23.127 r  u_pl/u_clk/u_bufg_pix/O
                         net (fo=1303, routed)        1.296    24.423    u_pl/u_osd/clk_pix
    SLICE_X71Y29         FDCE                                         r  u_pl/u_osd/r_reg[4]/C
                         clock pessimism              0.246    24.669    
                         clock uncertainty           -0.259    24.410    
    SLICE_X71Y29         FDCE (Setup_fdce_C_D)        0.032    24.442    u_pl/u_osd/r_reg[4]
  -------------------------------------------------------------------
                         required time                         24.442    
                         arrival time                         -17.245    
  -------------------------------------------------------------------
                         slack                                  7.196    





Min Delay Paths
--------------------------------------------------------------------------------------
Slack (MET) :             0.315ns  (arrival time - required time)
  Source:                 u_pl/u_ang/angle_reg[8]/C
                            (rising edge-triggered cell FDRE clocked by sys_clk  {rise@0.000ns fall@10.000ns period=20.000ns})
  Destination:            u_pl/u_zmap/rot_s0_reg/D
                            (rising edge-triggered cell FDRE clocked by clkout0_1  {rise@0.000ns fall@10.000ns period=20.000ns})
  Path Group:             clkout0_1
  Path Type:              Hold (Min at Fast Process Corner)
  Requirement:            0.000ns  (clkout0_1 rise@0.000ns - sys_clk rise@0.000ns)
  Data Path Delay:        0.852ns  (logic 0.183ns (21.481%)  route 0.669ns (78.519%))
  Logic Levels:           1  (LUT4=1)
  Clock Path Skew:        0.269ns (DCD - SCD - CPR)
    Destination Clock Delay (DCD):    2.055ns
    Source Clock Delay      (SCD):    1.538ns
    Clock Pessimism Removal (CPR):    0.248ns
  Clock Uncertainty:      0.259ns  ((TSJ^2 + DJ^2)^1/2) / 2 + PE
    Total System Jitter     (TSJ):    0.071ns
    Discrete Jitter          (DJ):    0.175ns
    Phase Error              (PE):    0.165ns

    Location             Delay type                Incr(ns)  Path(ns)    Netlist Resource(s)
  -------------------------------------------------------------------    -------------------
                         (clock sys_clk rise edge)    0.000     0.000 r  
    W17                                               0.000     0.000 r  sys_clk (IN)
                         net (fo=0)                   0.000     0.000    sys_clk
    W17                  IBUF (Prop_ibuf_I_O)         0.252     0.252 r  sys_clk_IBUF_inst/O
                         net (fo=1, routed)           0.674     0.926    sys_clk_IBUF
    BUFGCTRL_X0Y4        BUFG (Prop_bufg_I_O)         0.026     0.952 r  sys_clk_IBUF_BUFG_inst/O
                         net (fo=155, routed)         0.586     1.538    u_pl/u_ang/sys_clk_IBUF_BUFG
    SLICE_X76Y46         FDRE                                         r  u_pl/u_ang/angle_reg[8]/C
  -------------------------------------------------------------------    -------------------
    SLICE_X76Y46         FDRE (Prop_fdre_C_Q)         0.141     1.679 r  u_pl/u_ang/angle_reg[8]/Q
                         net (fo=41, routed)          0.278     1.956    u_pl/u_ang/angle_reg[8]_0
    SLICE_X76Y45         LUT4 (Prop_lut4_I0_O)        0.042     1.998 r  u_pl/u_ang/rot_s0_i_1/O
                         net (fo=1, routed)           0.391     2.390    u_pl/u_zmap/rotate_en
    SLICE_X81Y43         FDRE                                         r  u_pl/u_zmap/rot_s0_reg/D
  -------------------------------------------------------------------    -------------------

                         (clock clkout0_1 rise edge)
                                                      0.000     0.000 r  
    W17                                               0.000     0.000 r  sys_clk (IN)
                         net (fo=0)                   0.000     0.000    sys_clk
    W17                  IBUF (Prop_ibuf_I_O)         0.440     0.440 r  sys_clk_IBUF_inst/O
                         net (fo=1, routed)           0.731     1.171    sys_clk_IBUF
    BUFGCTRL_X0Y4        BUFG (Prop_bufg_I_O)         0.029     1.200 r  sys_clk_IBUF_BUFG_inst/O
                         net (fo=155, routed)         0.862     2.062    u_pl/u_clk/sys_clk_IBUF_BUFG
    MMCME2_ADV_X1Y0      MMCME2_ADV (Prop_mmcme2_adv_CLKIN1_CLKOUT0)
                                                     -1.467     0.595 r  u_pl/u_clk/u_mmcm/CLKOUT0
                         net (fo=1, routed)           0.576     1.171    u_pl/u_clk/clkout0
    BUFGCTRL_X0Y1        BUFG (Prop_bufg_I_O)         0.029     1.200 r  u_pl/u_clk/u_bufg_pix/O
                         net (fo=1303, routed)        0.855     2.055    u_pl/u_zmap/clk_pix
    SLICE_X81Y43         FDRE                                         r  u_pl/u_zmap/rot_s0_reg/C
                         clock pessimism             -0.248     1.807    
                         clock uncertainty            0.259     2.066    
    SLICE_X81Y43         FDRE (Hold_fdre_C_D)         0.008     2.074    u_pl/u_zmap/rot_s0_reg
  -------------------------------------------------------------------
                         required time                         -2.074    
                         arrival time                           2.390    
  -------------------------------------------------------------------
                         slack                                  0.315    





