Copyright 1986-2022 Xilinx, Inc. All Rights Reserved. Copyright 2022-2026 Advanced Micro Devices, Inc. All Rights Reserved.
---------------------------------------------------------------------------------------------------------------------------------------------
| Tool Version : Vivado v.2025.2.1 (win64) Build 6403652 Thu Mar 19 19:48:24 GMT 2026
| Date         : Tue Sep 29 23:04:59 2026
| Host         : Uie-laptop running 64-bit major release  (build 9200)
| Command      : report_timing_summary -file D:/Xilinx/Prj/pro/Video_Processing/build/isolated_lenm1/timing_summary.rpt
| Design       : system_top
| Device       : 7z020-clg484
| Speed File   : -2  PRODUCTION 1.12 2019-11-22
| Design State : Routed
---------------------------------------------------------------------------------------------------------------------------------------------

Timing Summary Report

------------------------------------------------------------------------------------------------
| Timer Settings
| --------------
------------------------------------------------------------------------------------------------

  Enable Multi Corner Analysis               :  Yes
  Enable Pessimism Removal                   :  Yes
  Pessimism Removal Resolution               :  Nearest Common Node
  Enable Input Delay Default Clock           :  No
  Enable Preset / Clear Arcs                 :  No
  Disable Flight Delays                      :  No
  Ignore I/O Paths                           :  No
  Timing Early Launch at Borrowing Latches   :  No
  Borrow Time for Max Delay Exceptions       :  Yes
  Merge Timing Exceptions                    :  Yes
  Inter-SLR Compensation                     :  Conservative

  Corner  Analyze    Analyze    
  Name    Max Paths  Min Paths  
  ------  ---------  ---------  
  Slow    Yes        Yes        
  Fast    Yes        Yes        


------------------------------------------------------------------------------------------------
| Report Methodology
| ------------------
------------------------------------------------------------------------------------------------

Rule       Severity  Description                                                Violations  
---------  --------  ---------------------------------------------------------  ----------  
DPIR-1     Warning   Asynchronous driver check                                  2           
LUTAR-1    Warning   LUT drives async reset alert                               1           
SYNTH-5    Warning   Mapped onto distributed RAM because of timing constraints  336         
SYNTH-6    Warning   Timing of a RAM block might be sub-optimal                 93          
TIMING-9   Warning   Unknown CDC Logic                                          1           
TIMING-10  Warning   Missing property on synchronizer                           1           
TIMING-18  Warning   Missing input or output delay                              7           

Note: This report is based on the most recent report_methodology run and may not be up-to-date. Run report_methodology on the current design for the latest report.



check_timing report

Table of Contents
-----------------
1. checking no_clock (0)
2. checking constant_clock (0)
3. checking pulse_width_clock (0)
4. checking unconstrained_internal_endpoints (0)
5. checking no_input_delay (7)
6. checking no_output_delay (12)
7. checking multiple_clock (0)
8. checking generated_clocks (0)
9. checking loops (0)
10. checking partial_input_delay (0)
11. checking partial_output_delay (0)
12. checking latch_loops (0)

1. checking no_clock (0)
------------------------
 There are 0 register/latch pins with no clock.


2. checking constant_clock (0)
------------------------------
 There are 0 register/latch pins with constant_clock.


3. checking pulse_width_clock (0)
---------------------------------
 There are 0 register/latch pins which need pulse_width check


4. checking unconstrained_internal_endpoints (0)
------------------------------------------------
 There are 0 pins that are not constrained for maximum delay.

 There are 0 pins that are not constrained for maximum delay due to constant clock.


5. checking no_input_delay (7)
------------------------------
 There are 5 input ports with no input delay specified. (HIGH)

 There are 2 input ports with no input delay but user has a false path constraint. (MEDIUM)


6. checking no_output_delay (12)
--------------------------------
 There are 6 ports with no output delay specified. (HIGH)

 There are 6 ports with no output delay but user has a false path constraint (MEDIUM)

 There are 0 ports with no output delay but with a timing clock defined on it or propagating through it


7. checking multiple_clock (0)
------------------------------
 There are 0 register/latch pins with multiple clocks.


8. checking generated_clocks (0)
--------------------------------
 There are 0 generated clocks that are not connected to a clock source.


9. checking loops (0)
---------------------
 There are 0 combinational loops in the design.


10. checking partial_input_delay (0)
------------------------------------
 There are 0 input ports with partial input delay specified.


11. checking partial_output_delay (0)
-------------------------------------
 There are 0 ports with partial output delay specified.


12. checking latch_loops (0)
----------------------------
 There are 0 combinational latch loops in the design through latch input



------------------------------------------------------------------------------------------------
| Design Timing Summary
| ---------------------
------------------------------------------------------------------------------------------------

    WNS(ns)      TNS(ns)  TNS Failing Endpoints  TNS Total Endpoints      WHS(ns)      THS(ns)  THS Failing Endpoints  THS Total Endpoints     WPWS(ns)     TPWS(ns)  TPWS Failing Endpoints  TPWS Total Endpoints  
    -------      -------  ---------------------  -------------------      -------      -------  ---------------------  -------------------     --------     --------  ----------------------  --------------------  
      0.182        0.000                      0                50833        0.049        0.000                      0                50833        0.264        0.000                       0                 12527  


All user specified timing constraints are met.


------------------------------------------------------------------------------------------------
| Clock Summary
| -------------
------------------------------------------------------------------------------------------------

Clock         Waveform(ns)         Period(ns)      Frequency(MHz)
-----         ------------         ----------      --------------
clk_fpga_0    {0.000 5.000}        10.000          100.000         
eth_rxc       {0.000 4.000}        8.000           125.000         
sys_clk       {0.000 10.000}       20.000          50.000          
  clkfbout    {0.000 10.000}       20.000          50.000          
  clkfbout_1  {0.000 10.000}       20.000          50.000          
  clkout0_1   {0.000 10.000}       20.000          50.000          
  clkout1_1   {0.000 2.000}        4.000           250.000         
  clkout2     {0.000 2.500}        5.000           200.000         


------------------------------------------------------------------------------------------------
| Intra Clock Table
| -----------------
------------------------------------------------------------------------------------------------

Clock             WNS(ns)      TNS(ns)  TNS Failing Endpoints  TNS Total Endpoints      WHS(ns)      THS(ns)  THS Failing Endpoints  THS Total Endpoints     WPWS(ns)     TPWS(ns)  TPWS Failing Endpoints  TPWS Total Endpoints  
-----             -------      -------  ---------------------  -------------------      -------      -------  ---------------------  -------------------     --------     --------  ----------------------  --------------------  
clk_fpga_0          2.058        0.000                      0                15705        0.053        0.000                      0                15705        3.870        0.000                       0                  4364  
eth_rxc             0.182        0.000                      0                 4754        0.049        0.000                      0                 4754        3.500        0.000                       0                  2498  
sys_clk            14.608        0.000                      0                  255        0.121        0.000                      0                  255        7.000        0.000                       0                   187  
  clkfbout                                                                                                                                                     18.408        0.000                       0                     3  
  clkfbout_1                                                                                                                                                   18.408        0.000                       0                     3  
  clkout0_1         1.036        0.000                      0                30041        0.058        0.000                      0                30041        8.870        0.000                       0                  5459  
  clkout1_1                                                                                                                                                     2.408        0.000                       0                    10  
  clkout2                                                                                                                                                       0.264        0.000                       0                     3  


------------------------------------------------------------------------------------------------
| Inter Clock Table
| -----------------
------------------------------------------------------------------------------------------------

From Clock    To Clock          WNS(ns)      TNS(ns)  TNS Failing Endpoints  TNS Total Endpoints      WHS(ns)      THS(ns)  THS Failing Endpoints  THS Total Endpoints  
----------    --------          -------      -------  ---------------------  -------------------      -------      -------  ---------------------  -------------------  
clkout0_1     sys_clk            14.957        0.000                      0                   22        0.188        0.000                      0                   22  
sys_clk       clkout0_1           3.826        0.000                      0                  191        0.170        0.000                      0                  191  


------------------------------------------------------------------------------------------------
| Other Path Groups Table
| -----------------------
------------------------------------------------------------------------------------------------

Path Group    From Clock    To Clock          WNS(ns)      TNS(ns)  TNS Failing Endpoints  TNS Total Endpoints      WHS(ns)      THS(ns)  THS Failing Endpoints  THS Total Endpoints  
----------    ----------    --------          -------      -------  ---------------------  -------------------      -------      -------  ---------------------  -------------------  


------------------------------------------------------------------------------------------------
| Timing Details
| --------------
------------------------------------------------------------------------------------------------


---------------------------------------------------------------------------------------------------
From Clock:  clk_fpga_0
  To Clock:  clk_fpga_0

Setup :            0  Failing Endpoints,  Worst Slack        2.058ns,  Total Violation        0.000ns
Hold  :            0  Failing Endpoints,  Worst Slack        0.053ns,  Total Violation        0.000ns
PW    :            0  Failing Endpoints,  Worst Slack        3.870ns,  Total Violation        0.000ns
---------------------------------------------------------------------------------------------------


Max Delay Paths
--------------------------------------------------------------------------------------
Slack (MET) :             2.058ns  (required time - arrival time)
  Source:                 u_pl/u_arb/owner_eth_reg_rep__0/C
                            (rising edge-triggered cell FDCE clocked by clk_fpga_0  {rise@0.000ns fall@5.000ns period=10.000ns})
  Destination:            u_pl/u_bilin/u_fb/a0_reg_0_32/ADDRARDADDR[4]
                            (rising edge-triggered cell RAMB36E1 clocked by clk_fpga_0  {rise@0.000ns fall@5.000ns period=10.000ns})
  Path Group:             clk_fpga_0
  Path Type:              Setup (Max at Slow Process Corner)
  Requirement:            10.000ns  (clk_fpga_0 rise@10.000ns - clk_fpga_0 rise@0.000ns)
  Data Path Delay:        7.144ns  (logic 0.498ns (6.971%)  route 6.646ns (93.029%))
  Logic Levels:           1  (LUT3=1)
  Clock Path Skew:        0.015ns (DCD - SCD + CPR)
    Destination Clock Delay (DCD):    2.388ns = ( 12.388 - 10.000 ) 
    Source Clock Delay      (SCD):    2.469ns
    Clock Pessimism Removal (CPR):    0.097ns
  Clock Uncertainty:      0.154ns  ((TSJ^2 + TIJ^2)^1/2 + DJ) / 2 + PE
    Total System Jitter     (TSJ):    0.071ns
    Total Input Jitter      (TIJ):    0.300ns
    Discrete Jitter          (DJ):    0.000ns
    Phase Error              (PE):    0.000ns

    Location             Delay type                Incr(ns)  Path(ns)    Netlist Resource(s)
  -------------------------------------------------------------------    -------------------
                         (clock clk_fpga_0 rise edge)
                                                      0.000     0.000 r  
    PS7_X0Y0             PS7                          0.000     0.000 r  u_bd/design_1_i/processing_system7_0/inst/PS7_i/FCLKCLK[0]
                         net (fo=1, routed)           0.994     0.994    u_bd/design_1_i/processing_system7_0/inst/FCLK_CLK_unbuffered[0]
    BUFGCTRL_X0Y16       BUFG (Prop_bufg_I_O)         0.085     1.079 r  u_bd/design_1_i/processing_system7_0/inst/buffer_fclk_clk_0.FCLK_CLK_0_BUFG/O
                         net (fo=4365, routed)        1.390     2.469    u_pl/u_arb/FCLK_CLK0
    SLICE_X43Y53         FDCE                                         r  u_pl/u_arb/owner_eth_reg_rep__0/C
  -------------------------------------------------------------------    -------------------
    SLICE_X43Y53         FDCE (Prop_fdce_C_Q)         0.379     2.848 r  u_pl/u_arb/owner_eth_reg_rep__0/Q
                         net (fo=192, routed)         1.112     3.960    u_pl/u_row/wr_words_reg[16]_0
    SLICE_X47Y47         LUT3 (Prop_lut3_I2_O)        0.119     4.079 r  u_pl/u_row/a0_reg_0_18_i_6/O
                         net (fo=21, routed)          5.534     9.613    u_pl/u_bilin/u_fb/a0_reg_0_31_0[4]
    RAMB36_X5Y8          RAMB36E1                                     r  u_pl/u_bilin/u_fb/a0_reg_0_32/ADDRARDADDR[4]
  -------------------------------------------------------------------    -------------------

                         (clock clk_fpga_0 rise edge)
                                                     10.000    10.000 r  
    PS7_X0Y0             PS7                          0.000    10.000 r  u_bd/design_1_i/processing_system7_0/inst/PS7_i/FCLKCLK[0]
                         net (fo=1, routed)           0.905    10.906    u_bd/design_1_i/processing_system7_0/inst/FCLK_CLK_unbuffered[0]
    BUFGCTRL_X0Y16       BUFG (Prop_bufg_I_O)         0.077    10.983 r  u_bd/design_1_i/processing_system7_0/inst/buffer_fclk_clk_0.FCLK_CLK_0_BUFG/O
                         net (fo=4365, routed)        1.405    12.388    u_pl/u_bilin/u_fb/FCLK_CLK0
    RAMB36_X5Y8          RAMB36E1                                     r  u_pl/u_bilin/u_fb/a0_reg_0_32/CLKARDCLK
                         clock pessimism              0.097    12.484    
                         clock uncertainty           -0.154    12.330    
    RAMB36_X5Y8          RAMB36E1 (Setup_ramb36e1_CLKARDCLK_ADDRARDADDR[4])
                                                     -0.659    11.671    u_pl/u_bilin/u_fb/a0_reg_0_32
  -------------------------------------------------------------------
                         required time                         11.671    
                         arrival time                          -9.613    
  -------------------------------------------------------------------
                         slack                                  2.058    





Min Delay Paths
--------------------------------------------------------------------------------------
Slack (MET) :             0.053ns  (arrival time - required time)
  Source:                 u_bd/design_1_i/axi_gp0_ic/xbar/inst/gen_sasd.crossbar_sasd_0/reg_slice_r/m_payload_i_reg[11]/C
                            (rising edge-triggered cell FDRE clocked by clk_fpga_0  {rise@0.000ns fall@5.000ns period=10.000ns})
  Destination:            u_bd/design_1_i/axi_gp0_ic/s00_couplers/auto_pc/inst/gen_axilite.gen_b2s_conv.axilite_b2s/RD.r_channel_0/rd_data_fifo_0/memory_reg[31][8]_srl32/D
                            (rising edge-triggered cell SRLC32E clocked by clk_fpga_0  {rise@0.000ns fall@5.000ns period=10.000ns})
  Path Group:             clk_fpga_0
  Path Type:              Hold (Min at Fast Process Corner)
  Requirement:            0.000ns  (clk_fpga_0 rise@0.000ns - clk_fpga_0 rise@0.000ns)
  Data Path Delay:        0.249ns  (logic 0.141ns (56.528%)  route 0.108ns (43.472%))
  Logic Levels:           0  
  Clock Path Skew:        0.013ns (DCD - SCD - CPR)
    Destination Clock Delay (DCD):    1.189ns
    Source Clock Delay      (SCD):    0.891ns
    Clock Pessimism Removal (CPR):    0.285ns

    Location             Delay type                Incr(ns)  Path(ns)    Netlist Resource(s)
  -------------------------------------------------------------------    -------------------
                         (clock clk_fpga_0 rise edge)
                                                      0.000     0.000 r  
    PS7_X0Y0             PS7                          0.000     0.000 r  u_bd/design_1_i/processing_system7_0/inst/PS7_i/FCLKCLK[0]
                         net (fo=1, routed)           0.310     0.310    u_bd/design_1_i/processing_system7_0/inst/FCLK_CLK_unbuffered[0]
    BUFGCTRL_X0Y16       BUFG (Prop_bufg_I_O)         0.026     0.336 r  u_bd/design_1_i/processing_system7_0/inst/buffer_fclk_clk_0.FCLK_CLK_0_BUFG/O
                         net (fo=4365, routed)        0.555     0.891    u_bd/design_1_i/axi_gp0_ic/xbar/inst/gen_sasd.crossbar_sasd_0/reg_slice_r/aclk
    SLICE_X37Y91         FDRE                                         r  u_bd/design_1_i/axi_gp0_ic/xbar/inst/gen_sasd.crossbar_sasd_0/reg_slice_r/m_payload_i_reg[11]/C
  -------------------------------------------------------------------    -------------------
    SLICE_X37Y91         FDRE (Prop_fdre_C_Q)         0.141     1.032 r  u_bd/design_1_i/axi_gp0_ic/xbar/inst/gen_sasd.crossbar_sasd_0/reg_slice_r/m_payload_i_reg[11]/Q
                         net (fo=1, routed)           0.108     1.140    u_bd/design_1_i/axi_gp0_ic/s00_couplers/auto_pc/inst/gen_axilite.gen_b2s_conv.axilite_b2s/RD.r_channel_0/rd_data_fifo_0/in[8]
    SLICE_X36Y91         SRLC32E                                      r  u_bd/design_1_i/axi_gp0_ic/s00_couplers/auto_pc/inst/gen_axilite.gen_b2s_conv.axilite_b2s/RD.r_channel_0/rd_data_fifo_0/memory_reg[31][8]_srl32/D
  -------------------------------------------------------------------    -------------------

                         (clock clk_fpga_0 rise edge)
                                                      0.000     0.000 r  
    PS7_X0Y0             PS7                          0.000     0.000 r  u_bd/design_1_i/processing_system7_0/inst/PS7_i/FCLKCLK[0]
                         net (fo=1, routed)           0.337     0.337    u_bd/design_1_i/processing_system7_0/inst/FCLK_CLK_unbuffered[0]
    BUFGCTRL_X0Y16       BUFG (Prop_bufg_I_O)         0.029     0.366 r  u_bd/design_1_i/processing_system7_0/inst/buffer_fclk_clk_0.FCLK_CLK_0_BUFG/O
                         net (fo=4365, routed)        0.823     1.189    u_bd/design_1_i/axi_gp0_ic/s00_couplers/auto_pc/inst/gen_axilite.gen_b2s_conv.axilite_b2s/RD.r_channel_0/rd_data_fifo_0/aclk
    SLICE_X36Y91         SRLC32E                                      r  u_bd/design_1_i/axi_gp0_ic/s00_couplers/auto_pc/inst/gen_axilite.gen_b2s_conv.axilite_b2s/RD.r_channel_0/rd_data_fifo_0/memory_reg[31][8]_srl32/CLK
                         clock pessimism             -0.285     0.904    
    SLICE_X36Y91         SRLC32E (Hold_srlc32e_CLK_D)
                                                      0.183     1.087    u_bd/design_1_i/axi_gp0_ic/s00_couplers/auto_pc/inst/gen_axilite.gen_b2s_conv.axilite_b2s/RD.r_channel_0/rd_data_fifo_0/memory_reg[31][8]_srl32
  -------------------------------------------------------------------
                         required time                         -1.087    
                         arrival time                           1.140    
  -------------------------------------------------------------------
                         slack                                  0.053    





Pulse Width Checks
--------------------------------------------------------------------------------------
Clock Name:         clk_fpga_0
Waveform(ns):       { 0.000 5.000 }
Period(ns):         10.000
Sources:            { u_bd/design_1_i/processing_system7_0/inst/PS7_i/FCLKCLK[0] }

Check Type        Corner  Lib Pin             Reference Pin  Required(ns)  Actual(ns)  Slack(ns)  Location      Pin
Min Period        n/a     RAMB36E1/CLKBWRCLK  n/a            2.170         10.000      7.830      RAMB36_X1Y6   u_eth/u_cdc/mem_reg_0/CLKBWRCLK
Low Pulse Width   Slow    RAMD64E/CLK         n/a            1.130         5.000       3.870      SLICE_X14Y30  u_eth/u_saver/q_addr_reg_0_63_12_14/RAMA/CLK
High Pulse Width  Slow    RAMD64E/CLK         n/a            1.130         5.000       3.870      SLICE_X14Y30  u_eth/u_saver/q_addr_reg_0_63_12_14/RAMA/CLK



---------------------------------------------------------------------------------------------------
From Clock:  eth_rxc
  To Clock:  eth_rxc

Setup :            0  Failing Endpoints,  Worst Slack        0.182ns,  Total Violation        0.000ns
Hold  :            0  Failing Endpoints,  Worst Slack        0.049ns,  Total Violation        0.000ns
PW    :            0  Failing Endpoints,  Worst Slack        3.500ns,  Total Violation        0.000ns
---------------------------------------------------------------------------------------------------


Max Delay Paths
--------------------------------------------------------------------------------------
Slack (MET) :             0.182ns  (required time - arrival time)
  Source:                 u_eth/u_rgmii/u_rgmii_rx/rxdata_bus[1].u_iddr_rxd/C
                            (rising edge-triggered cell IDDR clocked by eth_rxc  {rise@0.000ns fall@4.000ns period=8.000ns})
  Destination:            u_eth/u_rx_mac/u_crc_rx/crc_data_reg[7]/D
                            (rising edge-triggered cell FDPE clocked by eth_rxc  {rise@0.000ns fall@4.000ns period=8.000ns})
  Path Group:             eth_rxc
  Path Type:              Setup (Max at Slow Process Corner)
  Requirement:            8.000ns  (eth_rxc rise@8.000ns - eth_rxc rise@0.000ns)
  Data Path Delay:        8.741ns  (logic 0.940ns (10.754%)  route 7.801ns (89.246%))
  Logic Levels:           4  (LUT2=1 LUT5=2 LUT6=1)
  Clock Path Skew:        1.153ns (DCD - SCD + CPR)
    Destination Clock Delay (DCD):    4.497ns = ( 12.497 - 8.000 ) 
    Source Clock Delay      (SCD):    3.410ns
    Clock Pessimism Removal (CPR):    0.066ns
  Clock Uncertainty:      0.035ns  ((TSJ^2 + TIJ^2)^1/2 + DJ) / 2 + PE
    Total System Jitter     (TSJ):    0.071ns
    Total Input Jitter      (TIJ):    0.000ns
    Discrete Jitter          (DJ):    0.000ns
    Phase Error              (PE):    0.000ns

    Location             Delay type                Incr(ns)  Path(ns)    Netlist Resource(s)
  -------------------------------------------------------------------    -------------------
                         (clock eth_rxc rise edge)    0.000     0.000 r  
    Y19                                               0.000     0.000 r  eth_rxc (IN)
                         net (fo=0)                   0.000     0.000    eth_rxc
    Y19                  IBUF (Prop_ibuf_I_O)         1.430     1.430 r  eth_rxc_IBUF_inst/O
                         net (fo=2, routed)           0.374     1.804    u_eth/u_rgmii/u_rgmii_rx/rgmii_rxc
    BUFIO_X1Y3           BUFIO (Prop_bufio_I_O)       1.319     3.123 r  u_eth/u_rgmii/u_rgmii_rx/BUFIO_inst/O
                         net (fo=5, routed)           0.287     3.410    u_eth/u_rgmii/u_rgmii_rx/rgmii_rxc_bufio
    ILOGIC_X1Y41         IDDR                                         r  u_eth/u_rgmii/u_rgmii_rx/rxdata_bus[1].u_iddr_rxd/C
  -------------------------------------------------------------------    -------------------
    ILOGIC_X1Y41         IDDR (Prop_iddr_C_Q2)        0.448     3.858 f  u_eth/u_rgmii/u_rgmii_rx/rxdata_bus[1].u_iddr_rxd/Q2
                         net (fo=39, routed)          2.719     6.577    u_eth/u_rgmii/u_rgmii_rx/gmii_rxd[5]
    SLICE_X93Y29         LUT2 (Prop_lut2_I0_O)        0.154     6.731 f  u_eth/u_rgmii/u_rgmii_rx/FSM_onehot_state[2]_i_3/O
                         net (fo=1, routed)           0.923     7.653    u_eth/u_rgmii/u_rgmii_rx/FSM_onehot_state[2]_i_3_n_0
    SLICE_X91Y25         LUT6 (Prop_lut6_I5_O)        0.105     7.758 f  u_eth/u_rgmii/u_rgmii_rx/FSM_onehot_state[2]_i_2/O
                         net (fo=5, routed)           0.937     8.695    u_eth/u_rgmii/u_rgmii_rx/rxdata_bus[3].u_iddr_rxd_0
    SLICE_X91Y23         LUT5 (Prop_lut5_I2_O)        0.105     8.800 r  u_eth/u_rgmii/u_rgmii_rx/crc_data[31]_i_3/O
                         net (fo=33, routed)          1.098     9.898    u_eth/u_rgmii/u_rgmii_rx/u_iddr_rx_ctl_4
    SLICE_X93Y17         LUT5 (Prop_lut5_I0_O)        0.128    10.026 r  u_eth/u_rgmii/u_rgmii_rx/crc_data[7]_i_1__1/O
                         net (fo=1, routed)           2.124    12.150    u_eth/u_rx_mac/u_crc_rx/crc_data_reg[31]_0[6]
    SLICE_X93Y17         FDPE                                         r  u_eth/u_rx_mac/u_crc_rx/crc_data_reg[7]/D
  -------------------------------------------------------------------    -------------------

                         (clock eth_rxc rise edge)    8.000     8.000 r  
    Y19                                               0.000     8.000 r  eth_rxc (IN)
                         net (fo=0)                   0.000     8.000    eth_rxc
    Y19                  IBUF (Prop_ibuf_I_O)         1.364     9.364 r  eth_rxc_IBUF_inst/O
                         net (fo=2, routed)           1.701    11.065    u_eth/u_rgmii/u_rgmii_rx/rgmii_rxc
    BUFGCTRL_X0Y1        BUFG (Prop_bufg_I_O)         0.077    11.142 r  u_eth/u_rgmii/u_rgmii_rx/BUFG_inst/O
                         net (fo=2492, routed)        1.355    12.497    u_eth/u_rx_mac/u_crc_rx/gmii_rx_clk
    SLICE_X93Y17         FDPE                                         r  u_eth/u_rx_mac/u_crc_rx/crc_data_reg[7]/C
                         clock pessimism              0.066    12.563    
                         clock uncertainty           -0.035    12.527    
    SLICE_X93Y17         FDPE (Setup_fdpe_C_D)       -0.195    12.332    u_eth/u_rx_mac/u_crc_rx/crc_data_reg[7]
  -------------------------------------------------------------------
                         required time                         12.332    
                         arrival time                         -12.150    
  -------------------------------------------------------------------
                         slack                                  0.182    





Min Delay Paths
--------------------------------------------------------------------------------------
Slack (MET) :             0.049ns  (arrival time - required time)
  Source:                 u_eth/u_icmp/u_icmp_tx/gmii_txd_reg[2]/C
                            (rising edge-triggered cell FDCE clocked by eth_rxc  {rise@0.000ns fall@4.000ns period=8.000ns})
  Destination:            u_eth/u_icmp/u_crc32_d8/crc_data_reg[31]/D
                            (rising edge-triggered cell FDPE clocked by eth_rxc  {rise@0.000ns fall@4.000ns period=8.000ns})
  Path Group:             eth_rxc
  Path Type:              Hold (Min at Fast Process Corner)
  Requirement:            0.000ns  (eth_rxc rise@0.000ns - eth_rxc rise@0.000ns)
  Data Path Delay:        0.994ns  (logic 0.185ns (18.617%)  route 0.809ns (81.383%))
  Logic Levels:           1  (LUT4=1)
  Clock Path Skew:        0.038ns (DCD - SCD - CPR)
    Destination Clock Delay (DCD):    2.121ns
    Source Clock Delay      (SCD):    1.602ns
    Clock Pessimism Removal (CPR):    0.481ns
  Clock Uncertainty:      0.800ns  ((TSJ^2 + TIJ^2)^1/2 + DJ) / 2 + PE + UU
    Total System Jitter     (TSJ):    0.000ns
    Total Input Jitter      (TIJ):    0.000ns
    Discrete Jitter          (DJ):    0.000ns
    Phase Error              (PE):    0.000ns
    User Uncertainty         (UU):    0.800ns

    Location             Delay type                Incr(ns)  Path(ns)    Netlist Resource(s)
  -------------------------------------------------------------------    -------------------
                         (clock eth_rxc rise edge)    0.000     0.000 r  
    Y19                                               0.000     0.000 r  eth_rxc (IN)
                         net (fo=0)                   0.000     0.000    eth_rxc
    Y19                  IBUF (Prop_ibuf_I_O)         0.266     0.266 r  eth_rxc_IBUF_inst/O
                         net (fo=2, routed)           0.674     0.940    u_eth/u_rgmii/u_rgmii_rx/rgmii_rxc
    BUFGCTRL_X0Y1        BUFG (Prop_bufg_I_O)         0.026     0.966 r  u_eth/u_rgmii/u_rgmii_rx/BUFG_inst/O
                         net (fo=2492, routed)        0.636     1.602    u_eth/u_icmp/u_icmp_tx/gmii_rx_clk
    SLICE_X109Y37        FDCE                                         r  u_eth/u_icmp/u_icmp_tx/gmii_txd_reg[2]/C
  -------------------------------------------------------------------    -------------------
    SLICE_X109Y37        FDCE (Prop_fdce_C_Q)         0.141     1.743 r  u_eth/u_icmp/u_icmp_tx/gmii_txd_reg[2]/Q
                         net (fo=8, routed)           0.809     2.552    u_eth/u_icmp/u_crc32_d8/crc_data_reg[23]_0[2]
    SLICE_X111Y37        LUT4 (Prop_lut4_I2_O)        0.044     2.596 r  u_eth/u_icmp/u_crc32_d8/crc_data[31]_i_2__0/O
                         net (fo=1, routed)           0.000     2.596    u_eth/u_icmp/u_crc32_d8/p_1_in[31]
    SLICE_X111Y37        FDPE                                         r  u_eth/u_icmp/u_crc32_d8/crc_data_reg[31]/D
  -------------------------------------------------------------------    -------------------

                         (clock eth_rxc rise edge)    0.000     0.000 r  
    Y19                                               0.000     0.000 r  eth_rxc (IN)
                         net (fo=0)                   0.000     0.000    eth_rxc
    Y19                  IBUF (Prop_ibuf_I_O)         0.454     0.454 r  eth_rxc_IBUF_inst/O
                         net (fo=2, routed)           0.731     1.185    u_eth/u_rgmii/u_rgmii_rx/rgmii_rxc
    BUFGCTRL_X0Y1        BUFG (Prop_bufg_I_O)         0.029     1.214 r  u_eth/u_rgmii/u_rgmii_rx/BUFG_inst/O
                         net (fo=2492, routed)        0.907     2.121    u_eth/u_icmp/u_crc32_d8/gmii_rx_clk
    SLICE_X111Y37        FDPE                                         r  u_eth/u_icmp/u_crc32_d8/crc_data_reg[31]/C
                         clock pessimism             -0.481     1.640    
                         clock uncertainty            0.800     2.440    
    SLICE_X111Y37        FDPE (Hold_fdpe_C_D)         0.107     2.547    u_eth/u_icmp/u_crc32_d8/crc_data_reg[31]
  -------------------------------------------------------------------
                         required time                         -2.547    
                         arrival time                           2.596    
  -------------------------------------------------------------------
                         slack                                  0.049    





Pulse Width Checks
--------------------------------------------------------------------------------------
Clock Name:         eth_rxc
Waveform(ns):       { 0.000 4.000 }
Period(ns):         8.000
Sources:            { eth_rxc }

Check Type        Corner  Lib Pin             Reference Pin  Required(ns)  Actual(ns)  Slack(ns)  Location      Pin
Min Period        n/a     RAMB18E1/CLKARDCLK  n/a            2.472         8.000       5.528      RAMB18_X5Y6   u_eth/u_icmp_fifo/mem_reg/CLKARDCLK
Low Pulse Width   Slow    FDCE/C              n/a            0.500         4.000       3.500      SLICE_X27Y38  u_eth/flush_pend_reg/C
High Pulse Width  Slow    FDCE/C              n/a            0.500         4.000       3.500      SLICE_X27Y38  u_eth/flush_pend_reg/C



---------------------------------------------------------------------------------------------------
From Clock:  sys_clk
  To Clock:  sys_clk

Setup :            0  Failing Endpoints,  Worst Slack       14.608ns,  Total Violation        0.000ns
Hold  :            0  Failing Endpoints,  Worst Slack        0.121ns,  Total Violation        0.000ns
PW    :            0  Failing Endpoints,  Worst Slack        7.000ns,  Total Violation        0.000ns
---------------------------------------------------------------------------------------------------


Max Delay Paths
--------------------------------------------------------------------------------------
Slack (MET) :             14.608ns  (required time - arrival time)
  Source:                 u_pl/u_ang/angle_reg[2]/C
                            (rising edge-triggered cell FDRE clocked by sys_clk  {rise@0.000ns fall@10.000ns period=20.000ns})
  Destination:            u_pl/u_ang/angle_reg[3]/D
                            (rising edge-triggered cell FDRE clocked by sys_clk  {rise@0.000ns fall@10.000ns period=20.000ns})
  Path Group:             sys_clk
  Path Type:              Setup (Max at Slow Process Corner)
  Requirement:            20.000ns  (sys_clk rise@20.000ns - sys_clk rise@0.000ns)
  Data Path Delay:        5.303ns  (logic 1.453ns (27.398%)  route 3.850ns (72.602%))
  Logic Levels:           5  (LUT5=2 LUT6=2 MUXF7=1)
  Clock Path Skew:        -0.026ns (DCD - SCD + CPR)
    Destination Clock Delay (DCD):    4.416ns = ( 24.416 - 20.000 ) 
    Source Clock Delay      (SCD):    4.816ns
    Clock Pessimism Removal (CPR):    0.374ns
  Clock Uncertainty:      0.035ns  ((TSJ^2 + TIJ^2)^1/2 + DJ) / 2 + PE
    Total System Jitter     (TSJ):    0.071ns
    Total Input Jitter      (TIJ):    0.000ns
    Discrete Jitter          (DJ):    0.000ns
    Phase Error              (PE):    0.000ns

    Location             Delay type                Incr(ns)  Path(ns)    Netlist Resource(s)
  -------------------------------------------------------------------    -------------------
                         (clock sys_clk rise edge)    0.000     0.000 r  
    W17                                               0.000     0.000 r  sys_clk (IN)
                         net (fo=0)                   0.000     0.000    sys_clk
    W17                  IBUF (Prop_ibuf_I_O)         1.415     1.415 r  sys_clk_IBUF_inst/O
                         net (fo=1, routed)           1.873     3.288    sys_clk_IBUF
    BUFGCTRL_X0Y4        BUFG (Prop_bufg_I_O)         0.085     3.373 r  sys_clk_IBUF_BUFG_inst/O
                         net (fo=186, routed)         1.443     4.816    u_pl/u_ang/CLK
    SLICE_X66Y88         FDRE                                         r  u_pl/u_ang/angle_reg[2]/C
  -------------------------------------------------------------------    -------------------
    SLICE_X66Y88         FDRE (Prop_fdre_C_Q)         0.398     5.214 r  u_pl/u_ang/angle_reg[2]/Q
                         net (fo=203, routed)         1.580     6.794    u_pl/u_ang/angle_reg_n_0_[2]
    SLICE_X82Y90         LUT5 (Prop_lut5_I1_O)        0.232     7.026 r  u_pl/u_ang/rot_s0_i_2/O
                         net (fo=5, routed)           0.714     7.740    u_pl/u_ang/rot_s0_i_2_n_0
    SLICE_X67Y90         LUT5 (Prop_lut5_I0_O)        0.126     7.866 r  u_pl/u_ang/rot_s0_i_1/O
                         net (fo=3, routed)           0.583     8.449    u_pl/u_ang/angle_reg[7]_7
    SLICE_X67Y89         LUT6 (Prop_lut6_I0_O)        0.267     8.716 r  u_pl/u_ang/angle[3]_i_9/O
                         net (fo=1, routed)           0.000     8.716    u_pl/u_ang/angle[3]_i_9_n_0
    SLICE_X67Y89         MUXF7 (Prop_muxf7_I0_O)      0.178     8.894 r  u_pl/u_ang/angle_reg[3]_i_5/O
                         net (fo=1, routed)           0.544     9.439    u_pl/u_ang/angle_reg[3]_i_5_n_0
    SLICE_X66Y89         LUT6 (Prop_lut6_I5_O)        0.252     9.691 r  u_pl/u_ang/angle[3]_i_1/O
                         net (fo=1, routed)           0.429    10.119    u_pl/u_ang/p_1_in__0[3]
    SLICE_X66Y89         FDRE                                         r  u_pl/u_ang/angle_reg[3]/D
  -------------------------------------------------------------------    -------------------

                         (clock sys_clk rise edge)   20.000    20.000 r  
    W17                                               0.000    20.000 r  sys_clk (IN)
                         net (fo=0)                   0.000    20.000    sys_clk
    W17                  IBUF (Prop_ibuf_I_O)         1.349    21.349 r  sys_clk_IBUF_inst/O
                         net (fo=1, routed)           1.701    23.050    sys_clk_IBUF
    BUFGCTRL_X0Y4        BUFG (Prop_bufg_I_O)         0.077    23.127 r  sys_clk_IBUF_BUFG_inst/O
                         net (fo=186, routed)         1.289    24.416    u_pl/u_ang/CLK
    SLICE_X66Y89         FDRE                                         r  u_pl/u_ang/angle_reg[3]/C
                         clock pessimism              0.374    24.790    
                         clock uncertainty           -0.035    24.755    
    SLICE_X66Y89         FDRE (Setup_fdre_C_D)       -0.027    24.728    u_pl/u_ang/angle_reg[3]
  -------------------------------------------------------------------
                         required time                         24.728    
                         arrival time                         -10.119    
  -------------------------------------------------------------------
                         slack                                 14.608    





Min Delay Paths
--------------------------------------------------------------------------------------
Slack (MET) :             0.121ns  (arrival time - required time)
  Source:                 u_pl/vt0_reg/C
                            (rising edge-triggered cell FDRE clocked by sys_clk  {rise@0.000ns fall@10.000ns period=20.000ns})
  Destination:            u_pl/vt1_reg/D
                            (rising edge-triggered cell FDRE clocked by sys_clk  {rise@0.000ns fall@10.000ns period=20.000ns})
  Path Group:             sys_clk
  Path Type:              Hold (Min at Fast Process Corner)
  Requirement:            0.000ns  (sys_clk rise@0.000ns - sys_clk rise@0.000ns)
  Data Path Delay:        0.196ns  (logic 0.141ns (71.838%)  route 0.055ns (28.162%))
  Logic Levels:           0  
  Clock Path Skew:        0.000ns (DCD - SCD - CPR)
    Destination Clock Delay (DCD):    2.051ns
    Source Clock Delay      (SCD):    1.534ns
    Clock Pessimism Removal (CPR):    0.517ns

    Location             Delay type                Incr(ns)  Path(ns)    Netlist Resource(s)
  -------------------------------------------------------------------    -------------------
                         (clock sys_clk rise edge)    0.000     0.000 r  
    W17                                               0.000     0.000 r  sys_clk (IN)
                         net (fo=0)                   0.000     0.000    sys_clk
    W17                  IBUF (Prop_ibuf_I_O)         0.252     0.252 r  sys_clk_IBUF_inst/O
                         net (fo=1, routed)           0.674     0.926    sys_clk_IBUF
    BUFGCTRL_X0Y4        BUFG (Prop_bufg_I_O)         0.026     0.952 r  sys_clk_IBUF_BUFG_inst/O
                         net (fo=186, routed)         0.582     1.534    u_pl/CLK
    SLICE_X67Y97         FDRE                                         r  u_pl/vt0_reg/C
  -------------------------------------------------------------------    -------------------
    SLICE_X67Y97         FDRE (Prop_fdre_C_Q)         0.141     1.675 r  u_pl/vt0_reg/Q
                         net (fo=1, routed)           0.055     1.730    u_pl/vt0
    SLICE_X67Y97         FDRE                                         r  u_pl/vt1_reg/D
  -------------------------------------------------------------------    -------------------

                         (clock sys_clk rise edge)    0.000     0.000 r  
    W17                                               0.000     0.000 r  sys_clk (IN)
                         net (fo=0)                   0.000     0.000    sys_clk
    W17                  IBUF (Prop_ibuf_I_O)         0.440     0.440 r  sys_clk_IBUF_inst/O
                         net (fo=1, routed)           0.731     1.171    sys_clk_IBUF
    BUFGCTRL_X0Y4        BUFG (Prop_bufg_I_O)         0.029     1.200 r  sys_clk_IBUF_BUFG_inst/O
                         net (fo=186, routed)         0.851     2.051    u_pl/CLK
    SLICE_X67Y97         FDRE                                         r  u_pl/vt1_reg/C
                         clock pessimism             -0.517     1.534    
    SLICE_X67Y97         FDRE (Hold_fdre_C_D)         0.075     1.609    u_pl/vt1_reg
  -------------------------------------------------------------------
                         required time                         -1.609    
                         arrival time                           1.730    
  -------------------------------------------------------------------
                         slack                                  0.121    





Pulse Width Checks
--------------------------------------------------------------------------------------
Clock Name:         sys_clk
Waveform(ns):       { 0.000 10.000 }
Period(ns):         20.000
Sources:            { sys_clk }

Check Type        Corner  Lib Pin            Reference Pin  Required(ns)  Actual(ns)  Slack(ns)  Location         Pin
Min Period        n/a     BUFG/I             n/a            1.592         20.000      18.408     BUFGCTRL_X0Y4    sys_clk_IBUF_BUFG_inst/I
Max Period        n/a     MMCME2_ADV/CLKIN1  n/a            100.000       20.000      80.000     MMCME2_ADV_X0Y0  u_idelay_clkgen/u_mmcm/CLKIN1
Low Pulse Width   Slow    MMCME2_ADV/CLKIN1  n/a            3.000         10.000      7.000      MMCME2_ADV_X0Y0  u_idelay_clkgen/u_mmcm/CLKIN1
High Pulse Width  Slow    MMCME2_ADV/CLKIN1  n/a            3.000         10.000      7.000      MMCME2_ADV_X0Y0  u_idelay_clkgen/u_mmcm/CLKIN1



---------------------------------------------------------------------------------------------------
From Clock:  clkfbout
  To Clock:  clkfbout

Setup :           NA  Failing Endpoints,  Worst Slack           NA  ,  Total Violation           NA
Hold  :           NA  Failing Endpoints,  Worst Slack           NA  ,  Total Violation           NA
PW    :            0  Failing Endpoints,  Worst Slack       18.408ns,  Total Violation        0.000ns
---------------------------------------------------------------------------------------------------


Pulse Width Checks
--------------------------------------------------------------------------------------
Clock Name:         clkfbout
Waveform(ns):       { 0.000 10.000 }
Period(ns):         20.000
Sources:            { u_idelay_clkgen/u_mmcm/CLKFBOUT }

Check Type  Corner  Lib Pin             Reference Pin  Required(ns)  Actual(ns)  Slack(ns)  Location         Pin
Min Period  n/a     BUFG/I              n/a            1.592         20.000      18.408     BUFGCTRL_X0Y5    u_idelay_clkgen/u_bufg_fb/I
Max Period  n/a     MMCME2_ADV/CLKFBIN  n/a            100.000       20.000      80.000     MMCME2_ADV_X0Y0  u_idelay_clkgen/u_mmcm/CLKFBIN



---------------------------------------------------------------------------------------------------
From Clock:  clkfbout_1
  To Clock:  clkfbout_1

Setup :           NA  Failing Endpoints,  Worst Slack           NA  ,  Total Violation           NA
Hold  :           NA  Failing Endpoints,  Worst Slack           NA  ,  Total Violation           NA
PW    :            0  Failing Endpoints,  Worst Slack       18.408ns,  Total Violation        0.000ns
---------------------------------------------------------------------------------------------------


Pulse Width Checks
--------------------------------------------------------------------------------------
Clock Name:         clkfbout_1
Waveform(ns):       { 0.000 10.000 }
Period(ns):         20.000
Sources:            { u_pl/u_clk/u_mmcm/CLKFBOUT }

Check Type  Corner  Lib Pin             Reference Pin  Required(ns)  Actual(ns)  Slack(ns)  Location         Pin
Min Period  n/a     BUFG/I              n/a            1.592         20.000      18.408     BUFGCTRL_X0Y6    u_pl/u_clk/u_bufg_fb/I
Max Period  n/a     MMCME2_ADV/CLKFBIN  n/a            100.000       20.000      80.000     MMCME2_ADV_X1Y0  u_pl/u_clk/u_mmcm/CLKFBIN



---------------------------------------------------------------------------------------------------
From Clock:  clkout0_1
  To Clock:  clkout0_1

Setup :            0  Failing Endpoints,  Worst Slack        1.036ns,  Total Violation        0.000ns
Hold  :            0  Failing Endpoints,  Worst Slack        0.058ns,  Total Violation        0.000ns
PW    :            0  Failing Endpoints,  Worst Slack        8.870ns,  Total Violation        0.000ns
---------------------------------------------------------------------------------------------------


Max Delay Paths
--------------------------------------------------------------------------------------
Slack (MET) :             1.036ns  (required time - arrival time)
  Source:                 u_pl/u_split_ctrl/prod/CLK
                            (rising edge-triggered cell DSP48E1 clocked by clkout0_1  {rise@0.000ns fall@10.000ns period=20.000ns})
  Destination:            u_pl/u_osd/r_reg[5]/D
                            (rising edge-triggered cell FDCE clocked by clkout0_1  {rise@0.000ns fall@10.000ns period=20.000ns})
  Path Group:             clkout0_1
  Path Type:              Setup (Max at Slow Process Corner)
  Requirement:            20.000ns  (clkout0_1 rise@20.000ns - clkout0_1 rise@0.000ns)
  Data Path Delay:        18.849ns  (logic 4.094ns (21.720%)  route 14.755ns (78.280%))
  Logic Levels:           24  (CARRY4=2 LUT2=2 LUT3=2 LUT4=1 LUT5=3 LUT6=13 MUXF7=1)
  Clock Path Skew:        -0.095ns (DCD - SCD + CPR)
    Destination Clock Delay (DCD):    4.490ns = ( 24.490 - 20.000 ) 
    Source Clock Delay      (SCD):    4.831ns
    Clock Pessimism Removal (CPR):    0.246ns
  Clock Uncertainty:      0.094ns  ((TSJ^2 + DJ^2)^1/2) / 2 + PE
    Total System Jitter     (TSJ):    0.071ns
    Discrete Jitter          (DJ):    0.175ns
    Phase Error              (PE):    0.000ns

    Location             Delay type                Incr(ns)  Path(ns)    Netlist Resource(s)
  -------------------------------------------------------------------    -------------------
                         (clock clkout0_1 rise edge)
                                                      0.000     0.000 r  
    W17                                               0.000     0.000 r  sys_clk (IN)
                         net (fo=0)                   0.000     0.000    sys_clk
    W17                  IBUF (Prop_ibuf_I_O)         1.415     1.415 r  sys_clk_IBUF_inst/O
                         net (fo=1, routed)           1.873     3.288    sys_clk_IBUF
    BUFGCTRL_X0Y4        BUFG (Prop_bufg_I_O)         0.085     3.373 r  sys_clk_IBUF_BUFG_inst/O
                         net (fo=186, routed)         1.550     4.923    u_pl/u_clk/CLK
    MMCME2_ADV_X1Y0      MMCME2_ADV (Prop_mmcme2_adv_CLKIN1_CLKOUT0)
                                                     -3.232     1.691 r  u_pl/u_clk/u_mmcm/CLKOUT0
                         net (fo=1, routed)           1.597     3.288    u_pl/u_clk/clkout0
    BUFGCTRL_X0Y0        BUFG (Prop_bufg_I_O)         0.085     3.373 r  u_pl/u_clk/u_bufg_pix/O
                         net (fo=5466, routed)        1.458     4.831    u_pl/u_split_ctrl/clk_pix
    DSP48_X2Y30          DSP48E1                                      r  u_pl/u_split_ctrl/prod/CLK
  -------------------------------------------------------------------    -------------------
    DSP48_X2Y30          DSP48E1 (Prop_dsp48e1_CLK_P[21])
                                                      0.370     5.201 f  u_pl/u_split_ctrl/prod/P[21]
                         net (fo=1, routed)           1.224     6.424    u_pl/u_split_ctrl/prod__0[21]
    SLICE_X47Y91         LUT2 (Prop_lut2_I0_O)        0.105     6.529 r  u_pl/u_split_ctrl/g0_b0_i_275/O
                         net (fo=82, routed)          1.037     7.566    u_pl/u_split_ctrl/g0_b0_i_514_n_0
    SLICE_X50Y97         LUT5 (Prop_lut5_I0_O)        0.105     7.671 r  u_pl/u_split_ctrl/g0_b0_i_461/O
                         net (fo=2, routed)           0.562     8.233    u_pl/u_split_ctrl/g0_b0_i_461_n_0
    SLICE_X50Y97         LUT6 (Prop_lut6_I3_O)        0.105     8.338 f  u_pl/u_split_ctrl/g0_b0_i_277/O
                         net (fo=11, routed)          0.630     8.968    u_pl/u_split_ctrl/g0_b0_i_277_n_0
    SLICE_X53Y98         LUT4 (Prop_lut4_I2_O)        0.105     9.073 r  u_pl/u_split_ctrl/g0_b0_i_273/O
                         net (fo=33, routed)          0.507     9.581    u_pl/u_split_ctrl/g0_b0_i_223_0
    SLICE_X52Y100        LUT6 (Prop_lut6_I2_O)        0.105     9.686 f  u_pl/u_split_ctrl/g0_b0_i_424/O
                         net (fo=2, routed)           0.564    10.250    u_pl/u_split_ctrl/bus_q_reg[10]_rep_39
    SLICE_X52Y100        LUT5 (Prop_lut5_I0_O)        0.119    10.369 r  u_pl/u_split_ctrl/g0_b0_i_472/O
                         net (fo=4, routed)           0.361    10.730    u_pl/u_split_ctrl/bus_q_reg[10]_rep_17
    SLICE_X53Y100        LUT5 (Prop_lut5_I0_O)        0.267    10.997 r  u_pl/u_split_ctrl/g0_b0_i_474/O
                         net (fo=1, routed)           0.000    10.997    u_pl/u_split_ctrl/g0_b0_i_474_n_0
    SLICE_X53Y100        CARRY4 (Prop_carry4_S[3]_CO[3])
                                                      0.332    11.329 r  u_pl/u_split_ctrl/g0_b0_i_242/CO[3]
                         net (fo=1, routed)           0.000    11.329    u_pl/u_lat_x/g0_b0_i_551[0]
    SLICE_X53Y101        CARRY4 (Prop_carry4_CI_O[0])
                                                      0.180    11.509 r  u_pl/u_lat_x/g0_b0_i_241/O[0]
                         net (fo=19, routed)          0.925    12.434    u_pl/u_lat_x/O[0]
    SLICE_X57Y103        LUT3 (Prop_lut3_I1_O)        0.270    12.704 r  u_pl/u_lat_x/g0_b0_i_430/O
                         net (fo=5, routed)           0.512    13.216    u_pl/u_split_ctrl/g0_b0_i_153_0
    SLICE_X56Y104        LUT6 (Prop_lut6_I4_O)        0.267    13.483 r  u_pl/u_split_ctrl/g0_b0_i_490/O
                         net (fo=1, routed)           0.546    14.030    u_pl/u_split_ctrl/g0_b0_i_490_n_0
    SLICE_X56Y104        LUT6 (Prop_lut6_I5_O)        0.105    14.135 r  u_pl/u_split_ctrl/g0_b0_i_255/O
                         net (fo=1, routed)           0.372    14.507    u_pl/u_osd/g0_b0_i_41_6
    SLICE_X55Y102        LUT6 (Prop_lut6_I4_O)        0.105    14.612 r  u_pl/u_osd/g0_b0_i_105/O
                         net (fo=1, routed)           0.370    14.981    u_pl/u_osd/g0_b0_i_105_n_0
    SLICE_X55Y101        LUT6 (Prop_lut6_I4_O)        0.105    15.086 r  u_pl/u_osd/g0_b0_i_41/O
                         net (fo=1, routed)           0.538    15.625    u_pl/u_osd/g0_b0_i_41_n_0
    SLICE_X58Y97         LUT6 (Prop_lut6_I4_O)        0.105    15.730 r  u_pl/u_osd/g0_b0_i_16/O
                         net (fo=12, routed)          1.135    16.865    u_pl/u_osd/chars[3]
    SLICE_X62Y89         LUT6 (Prop_lut6_I2_O)        0.105    16.970 r  u_pl/u_osd/g0_b0_i_10/O
                         net (fo=1, routed)           0.524    17.494    u_pl/u_osd/g0_b0_i_10_n_0
    SLICE_X62Y88         LUT3 (Prop_lut3_I0_O)        0.125    17.619 r  u_pl/u_osd/g0_b0_i_2/O
                         net (fo=35, routed)          1.246    18.865    u_pl/glyph_idx[1]
    SLICE_X64Y77         LUT6 (Prop_lut6_I1_O)        0.264    19.129 r  u_pl/g0_b0/O
                         net (fo=1, routed)           0.000    19.129    u_pl/u_osd/r_reg[7]_i_14_2[0]
    SLICE_X64Y77         MUXF7 (Prop_muxf7_I0_O)      0.178    19.307 r  u_pl/u_osd/r_reg[7]_i_39/O
                         net (fo=1, routed)           0.542    19.849    u_pl/u_osd/r_reg[7]_i_39_n_0
    SLICE_X64Y77         LUT6 (Prop_lut6_I1_O)        0.252    20.101 r  u_pl/u_osd/r[7]_i_33/O
                         net (fo=1, routed)           0.232    20.334    u_pl/u_osd/r[7]_i_33_n_0
    SLICE_X66Y77         LUT6 (Prop_lut6_I0_O)        0.105    20.439 r  u_pl/u_osd/r[7]_i_19/O
                         net (fo=1, routed)           0.339    20.778    u_pl/u_osd/r[7]_i_19_n_0
    SLICE_X66Y76         LUT6 (Prop_lut6_I0_O)        0.105    20.883 f  u_pl/u_osd/r[7]_i_8/O
                         net (fo=1, routed)           1.277    22.160    u_pl/u_osd/r[7]_i_8_n_0
    SLICE_X80Y62         LUT6 (Prop_lut6_I5_O)        0.105    22.265 r  u_pl/u_osd/r[7]_i_2/O
                         net (fo=19, routed)          1.310    23.575    u_pl/u_osd/r[7]_i_2_n_0
    SLICE_X94Y41         LUT2 (Prop_lut2_I1_O)        0.105    23.680 r  u_pl/u_osd/r[5]_i_1/O
                         net (fo=1, routed)           0.000    23.680    u_pl/u_osd/r[5]_i_1_n_0
    SLICE_X94Y41         FDCE                                         r  u_pl/u_osd/r_reg[5]/D
  -------------------------------------------------------------------    -------------------

                         (clock clkout0_1 rise edge)
                                                     20.000    20.000 r  
    W17                                               0.000    20.000 r  sys_clk (IN)
                         net (fo=0)                   0.000    20.000    sys_clk
    W17                  IBUF (Prop_ibuf_I_O)         1.349    21.349 r  sys_clk_IBUF_inst/O
                         net (fo=1, routed)           1.701    23.050    sys_clk_IBUF
    BUFGCTRL_X0Y4        BUFG (Prop_bufg_I_O)         0.077    23.127 r  sys_clk_IBUF_BUFG_inst/O
                         net (fo=186, routed)         1.384    24.511    u_pl/u_clk/CLK
    MMCME2_ADV_X1Y0      MMCME2_ADV (Prop_mmcme2_adv_CLKIN1_CLKOUT0)
                                                     -2.915    21.596 r  u_pl/u_clk/u_mmcm/CLKOUT0
                         net (fo=1, routed)           1.454    23.050    u_pl/u_clk/clkout0
    BUFGCTRL_X0Y0        BUFG (Prop_bufg_I_O)         0.077    23.127 r  u_pl/u_clk/u_bufg_pix/O
                         net (fo=5466, routed)        1.363    24.490    u_pl/u_osd/clk_pix
    SLICE_X94Y41         FDCE                                         r  u_pl/u_osd/r_reg[5]/C
                         clock pessimism              0.246    24.736    
                         clock uncertainty           -0.094    24.642    
    SLICE_X94Y41         FDCE (Setup_fdce_C_D)        0.074    24.716    u_pl/u_osd/r_reg[5]
  -------------------------------------------------------------------
                         required time                         24.716    
                         arrival time                         -23.680    
  -------------------------------------------------------------------
                         slack                                  1.036    





Min Delay Paths
--------------------------------------------------------------------------------------
Slack (MET) :             0.058ns  (arrival time - required time)
  Source:                 u_pl/u_pipe/xd_reg[5][4]_rep__2/C
                            (rising edge-triggered cell FDCE clocked by clkout0_1  {rise@0.000ns fall@10.000ns period=20.000ns})
  Destination:            u_pl/u_sharp/lb0_reg_512_575_3_5/RAMA/WADR4
                            (rising edge-triggered cell RAMD64E clocked by clkout0_1  {rise@0.000ns fall@10.000ns period=20.000ns})
  Path Group:             clkout0_1
  Path Type:              Hold (Min at Fast Process Corner)
  Requirement:            0.000ns  (clkout0_1 rise@0.000ns - clkout0_1 rise@0.000ns)
  Data Path Delay:        0.272ns  (logic 0.141ns (51.834%)  route 0.131ns (48.166%))
  Logic Levels:           0  
  Clock Path Skew:        0.014ns (DCD - SCD - CPR)
    Destination Clock Delay (DCD):    2.013ns
    Source Clock Delay      (SCD):    1.500ns
    Clock Pessimism Removal (CPR):    0.499ns

    Location             Delay type                Incr(ns)  Path(ns)    Netlist Resource(s)
  -------------------------------------------------------------------    -------------------
                         (clock clkout0_1 rise edge)
                                                      0.000     0.000 r  
    W17                                               0.000     0.000 r  sys_clk (IN)
                         net (fo=0)                   0.000     0.000    sys_clk
    W17                  IBUF (Prop_ibuf_I_O)         0.252     0.252 r  sys_clk_IBUF_inst/O
                         net (fo=1, routed)           0.674     0.926    sys_clk_IBUF
    BUFGCTRL_X0Y4        BUFG (Prop_bufg_I_O)         0.026     0.952 r  sys_clk_IBUF_BUFG_inst/O
                         net (fo=186, routed)         0.595     1.547    u_pl/u_clk/CLK
    MMCME2_ADV_X1Y0      MMCME2_ADV (Prop_mmcme2_adv_CLKIN1_CLKOUT0)
                                                     -1.150     0.397 r  u_pl/u_clk/u_mmcm/CLKOUT0
                         net (fo=1, routed)           0.529     0.926    u_pl/u_clk/clkout0
    BUFGCTRL_X0Y0        BUFG (Prop_bufg_I_O)         0.026     0.952 r  u_pl/u_clk/u_bufg_pix/O
                         net (fo=5466, routed)        0.548     1.500    u_pl/u_pipe/clk_pix
    SLICE_X53Y30         FDCE                                         r  u_pl/u_pipe/xd_reg[5][4]_rep__2/C
  -------------------------------------------------------------------    -------------------
    SLICE_X53Y30         FDCE (Prop_fdce_C_Q)         0.141     1.641 r  u_pl/u_pipe/xd_reg[5][4]_rep__2/Q
                         net (fo=224, routed)         0.131     1.772    u_pl/u_sharp/lb0_reg_512_575_3_5/ADDRD4
    SLICE_X50Y30         RAMD64E                                      r  u_pl/u_sharp/lb0_reg_512_575_3_5/RAMA/WADR4
  -------------------------------------------------------------------    -------------------

                         (clock clkout0_1 rise edge)
                                                      0.000     0.000 r  
    W17                                               0.000     0.000 r  sys_clk (IN)
                         net (fo=0)                   0.000     0.000    sys_clk
    W17                  IBUF (Prop_ibuf_I_O)         0.440     0.440 r  sys_clk_IBUF_inst/O
                         net (fo=1, routed)           0.731     1.171    sys_clk_IBUF
    BUFGCTRL_X0Y4        BUFG (Prop_bufg_I_O)         0.029     1.200 r  sys_clk_IBUF_BUFG_inst/O
                         net (fo=186, routed)         0.862     2.062    u_pl/u_clk/CLK
    MMCME2_ADV_X1Y0      MMCME2_ADV (Prop_mmcme2_adv_CLKIN1_CLKOUT0)
                                                     -1.467     0.595 r  u_pl/u_clk/u_mmcm/CLKOUT0
                         net (fo=1, routed)           0.576     1.171    u_pl/u_clk/clkout0
    BUFGCTRL_X0Y0        BUFG (Prop_bufg_I_O)         0.029     1.200 r  u_pl/u_clk/u_bufg_pix/O
                         net (fo=5466, routed)        0.813     2.013    u_pl/u_sharp/lb0_reg_512_575_3_5/WCLK
    SLICE_X50Y30         RAMD64E                                      r  u_pl/u_sharp/lb0_reg_512_575_3_5/RAMA/CLK
                         clock pessimism             -0.499     1.514    
    SLICE_X50Y30         RAMD64E (Hold_ramd64e_CLK_WADR4)
                                                      0.200     1.714    u_pl/u_sharp/lb0_reg_512_575_3_5/RAMA
  -------------------------------------------------------------------
                         required time                         -1.714    
                         arrival time                           1.772    
  -------------------------------------------------------------------
                         slack                                  0.058    





Pulse Width Checks
--------------------------------------------------------------------------------------
Clock Name:         clkout0_1
Waveform(ns):       { 0.000 10.000 }
Period(ns):         20.000
Sources:            { u_pl/u_clk/u_mmcm/CLKOUT0 }

Check Type        Corner  Lib Pin             Reference Pin  Required(ns)  Actual(ns)  Slack(ns)  Location         Pin
Min Period        n/a     DSP48E1/CLK         n/a            3.272         20.000      16.728     DSP48_X3Y33      u_pl/u_zmap/yr_m_reg/CLK
Max Period        n/a     MMCME2_ADV/CLKOUT0  n/a            213.360       20.000      193.360    MMCME2_ADV_X1Y0  u_pl/u_clk/u_mmcm/CLKOUT0
Low Pulse Width   Slow    RAMD64E/CLK         n/a            1.130         10.000      8.870      SLICE_X46Y12     u_pl/u_blur/lb0_reg_0_63_0_2/RAMA/CLK
High Pulse Width  Slow    RAMD64E/CLK         n/a            1.130         10.000      8.870      SLICE_X46Y12     u_pl/u_blur/lb0_reg_0_63_0_2/RAMA/CLK



---------------------------------------------------------------------------------------------------
From Clock:  clkout1_1
  To Clock:  clkout1_1

Setup :           NA  Failing Endpoints,  Worst Slack           NA  ,  Total Violation           NA
Hold  :           NA  Failing Endpoints,  Worst Slack           NA  ,  Total Violation           NA
PW    :            0  Failing Endpoints,  Worst Slack        2.408ns,  Total Violation        0.000ns
---------------------------------------------------------------------------------------------------


Pulse Width Checks
--------------------------------------------------------------------------------------
Clock Name:         clkout1_1
Waveform(ns):       { 0.000 2.000 }
Period(ns):         4.000
Sources:            { u_pl/u_clk/u_mmcm/CLKOUT1 }

Check Type  Corner  Lib Pin             Reference Pin  Required(ns)  Actual(ns)  Slack(ns)  Location         Pin
Min Period  n/a     BUFG/I              n/a            1.592         4.000       2.408      BUFGCTRL_X0Y2    u_pl/u_clk/u_bufg_5x/I
Max Period  n/a     MMCME2_ADV/CLKOUT1  n/a            213.360       4.000       209.360    MMCME2_ADV_X1Y0  u_pl/u_clk/u_mmcm/CLKOUT1



---------------------------------------------------------------------------------------------------
From Clock:  clkout2
  To Clock:  clkout2

Setup :           NA  Failing Endpoints,  Worst Slack           NA  ,  Total Violation           NA
Hold  :           NA  Failing Endpoints,  Worst Slack           NA  ,  Total Violation           NA
PW    :            0  Failing Endpoints,  Worst Slack        0.264ns,  Total Violation        0.000ns
---------------------------------------------------------------------------------------------------


Pulse Width Checks
--------------------------------------------------------------------------------------
Clock Name:         clkout2
Waveform(ns):       { 0.000 2.500 }
Period(ns):         5.000
Sources:            { u_idelay_clkgen/u_mmcm/CLKOUT2 }

Check Type  Corner  Lib Pin            Reference Pin  Required(ns)  Actual(ns)  Slack(ns)  Location         Pin
Min Period  n/a     IDELAYCTRL/REFCLK  n/a            2.438         5.000       2.562      IDELAYCTRL_X1Y0  u_eth/u_rgmii/u_rgmii_rx/IDELAYCTRL_inst/REFCLK
Max Period  n/a     IDELAYCTRL/REFCLK  n/a            5.264         5.000       0.264      IDELAYCTRL_X1Y0  u_eth/u_rgmii/u_rgmii_rx/IDELAYCTRL_inst/REFCLK



---------------------------------------------------------------------------------------------------
From Clock:  clkout0_1
  To Clock:  sys_clk

Setup :            0  Failing Endpoints,  Worst Slack       14.957ns,  Total Violation        0.000ns
Hold  :            0  Failing Endpoints,  Worst Slack        0.188ns,  Total Violation        0.000ns
---------------------------------------------------------------------------------------------------


Max Delay Paths
--------------------------------------------------------------------------------------
Slack (MET) :             14.957ns  (required time - arrival time)
  Source:                 u_pl/u_split_x/bus_q_reg[16]/C
                            (rising edge-triggered cell FDCE clocked by clkout0_1  {rise@0.000ns fall@10.000ns period=20.000ns})
  Destination:            u_pl/u_ang/angle_reg[5]_rep/D
                            (rising edge-triggered cell FDRE clocked by sys_clk  {rise@0.000ns fall@10.000ns period=20.000ns})
  Path Group:             sys_clk
  Path Type:              Setup (Max at Slow Process Corner)
  Requirement:            20.000ns  (sys_clk rise@20.000ns - clkout0_1 rise@0.000ns)
  Data Path Delay:        4.625ns  (logic 1.678ns (36.284%)  route 2.947ns (63.716%))
  Logic Levels:           7  (CARRY4=3 LUT2=1 LUT6=3)
  Clock Path Skew:        -0.155ns (DCD - SCD + CPR)
    Destination Clock Delay (DCD):    4.417ns = ( 24.417 - 20.000 ) 
    Source Clock Delay      (SCD):    4.818ns
    Clock Pessimism Removal (CPR):    0.246ns
  Clock Uncertainty:      0.259ns  ((TSJ^2 + DJ^2)^1/2) / 2 + PE
    Total System Jitter     (TSJ):    0.071ns
    Discrete Jitter          (DJ):    0.175ns
    Phase Error              (PE):    0.165ns

    Location             Delay type                Incr(ns)  Path(ns)    Netlist Resource(s)
  -------------------------------------------------------------------    -------------------
                         (clock clkout0_1 rise edge)
                                                      0.000     0.000 r  
    W17                                               0.000     0.000 r  sys_clk (IN)
                         net (fo=0)                   0.000     0.000    sys_clk
    W17                  IBUF (Prop_ibuf_I_O)         1.415     1.415 r  sys_clk_IBUF_inst/O
                         net (fo=1, routed)           1.873     3.288    sys_clk_IBUF
    BUFGCTRL_X0Y4        BUFG (Prop_bufg_I_O)         0.085     3.373 r  sys_clk_IBUF_BUFG_inst/O
                         net (fo=186, routed)         1.550     4.923    u_pl/u_clk/CLK
    MMCME2_ADV_X1Y0      MMCME2_ADV (Prop_mmcme2_adv_CLKIN1_CLKOUT0)
                                                     -3.232     1.691 r  u_pl/u_clk/u_mmcm/CLKOUT0
                         net (fo=1, routed)           1.597     3.288    u_pl/u_clk/clkout0
    BUFGCTRL_X0Y0        BUFG (Prop_bufg_I_O)         0.085     3.373 r  u_pl/u_clk/u_bufg_pix/O
                         net (fo=5466, routed)        1.445     4.818    u_pl/u_split_x/clk_pix
    SLICE_X61Y92         FDCE                                         r  u_pl/u_split_x/bus_q_reg[16]/C
  -------------------------------------------------------------------    -------------------
    SLICE_X61Y92         FDCE (Prop_fdce_C_Q)         0.379     5.197 r  u_pl/u_split_x/bus_q_reg[16]/Q
                         net (fo=2, routed)           0.894     6.091    u_pl/u_ang/bus_q[1]
    SLICE_X63Y89         LUT2 (Prop_lut2_I1_O)        0.105     6.196 r  u_pl/u_ang/angle[3]_i_7/O
                         net (fo=1, routed)           0.000     6.196    u_pl/u_ang/angle[3]_i_7_n_0
    SLICE_X63Y89         CARRY4 (Prop_carry4_S[1]_CO[3])
                                                      0.457     6.653 r  u_pl/u_ang/angle_reg[3]_i_2/CO[3]
                         net (fo=1, routed)           0.000     6.653    u_pl/u_ang/angle_reg[3]_i_2_n_0
    SLICE_X63Y90         CARRY4 (Prop_carry4_CI_CO[3])
                                                      0.098     6.751 r  u_pl/u_ang/angle_reg[7]_i_4/CO[3]
                         net (fo=1, routed)           0.000     6.751    u_pl/u_ang/angle_reg[7]_i_4_n_0
    SLICE_X63Y91         CARRY4 (Prop_carry4_CI_O[0])
                                                      0.180     6.931 r  u_pl/u_ang/angle_reg[3]_i_4/O[0]
                         net (fo=3, routed)           0.853     7.784    u_pl/u_ang/angle_reg[3]_i_4_n_7
    SLICE_X65Y90         LUT6 (Prop_lut6_I0_O)        0.249     8.033 r  u_pl/u_ang/angle[3]_i_3/O
                         net (fo=4, routed)           0.133     8.166    u_pl/u_ang/angle[3]_i_3_n_0
    SLICE_X65Y90         LUT6 (Prop_lut6_I3_O)        0.105     8.271 r  u_pl/u_ang/angle[5]_i_2/O
                         net (fo=2, routed)           0.621     8.892    u_pl/u_ang/angle[5]_i_2_n_0
    SLICE_X66Y90         LUT6 (Prop_lut6_I4_O)        0.105     8.997 r  u_pl/u_ang/angle[5]_rep_i_1/O
                         net (fo=1, routed)           0.446     9.443    u_pl/u_ang/angle[5]_rep_i_1_n_0
    SLICE_X66Y90         FDRE                                         r  u_pl/u_ang/angle_reg[5]_rep/D
  -------------------------------------------------------------------    -------------------

                         (clock sys_clk rise edge)   20.000    20.000 r  
    W17                                               0.000    20.000 r  sys_clk (IN)
                         net (fo=0)                   0.000    20.000    sys_clk
    W17                  IBUF (Prop_ibuf_I_O)         1.349    21.349 r  sys_clk_IBUF_inst/O
                         net (fo=1, routed)           1.701    23.050    sys_clk_IBUF
    BUFGCTRL_X0Y4        BUFG (Prop_bufg_I_O)         0.077    23.127 r  sys_clk_IBUF_BUFG_inst/O
                         net (fo=186, routed)         1.290    24.417    u_pl/u_ang/CLK
    SLICE_X66Y90         FDRE                                         r  u_pl/u_ang/angle_reg[5]_rep/C
                         clock pessimism              0.246    24.663    
                         clock uncertainty           -0.259    24.404    
    SLICE_X66Y90         FDRE (Setup_fdre_C_D)       -0.004    24.400    u_pl/u_ang/angle_reg[5]_rep
  -------------------------------------------------------------------
                         required time                         24.400    
                         arrival time                          -9.443    
  -------------------------------------------------------------------
                         slack                                 14.957    





Min Delay Paths
--------------------------------------------------------------------------------------
Slack (MET) :             0.188ns  (arrival time - required time)
  Source:                 u_pl/rot_fs_tog_reg/C
                            (rising edge-triggered cell FDCE clocked by clkout0_1  {rise@0.000ns fall@10.000ns period=20.000ns})
  Destination:            u_pl/u_ang/fs_s_reg[0]/D
                            (rising edge-triggered cell FDRE clocked by sys_clk  {rise@0.000ns fall@10.000ns period=20.000ns})
  Path Group:             sys_clk
  Path Type:              Hold (Min at Fast Process Corner)
  Requirement:            0.000ns  (sys_clk rise@0.000ns - clkout0_1 rise@0.000ns)
  Data Path Delay:        0.792ns  (logic 0.164ns (20.714%)  route 0.628ns (79.286%))
  Logic Levels:           0  
  Clock Path Skew:        0.269ns (DCD - SCD - CPR)
    Destination Clock Delay (DCD):    2.049ns
    Source Clock Delay      (SCD):    1.532ns
    Clock Pessimism Removal (CPR):    0.248ns
  Clock Uncertainty:      0.259ns  ((TSJ^2 + DJ^2)^1/2) / 2 + PE
    Total System Jitter     (TSJ):    0.071ns
    Discrete Jitter          (DJ):    0.175ns
    Phase Error              (PE):    0.165ns

    Location             Delay type                Incr(ns)  Path(ns)    Netlist Resource(s)
  -------------------------------------------------------------------    -------------------
                         (clock clkout0_1 rise edge)
                                                      0.000     0.000 r  
    W17                                               0.000     0.000 r  sys_clk (IN)
                         net (fo=0)                   0.000     0.000    sys_clk
    W17                  IBUF (Prop_ibuf_I_O)         0.252     0.252 r  sys_clk_IBUF_inst/O
                         net (fo=1, routed)           0.674     0.926    sys_clk_IBUF
    BUFGCTRL_X0Y4        BUFG (Prop_bufg_I_O)         0.026     0.952 r  sys_clk_IBUF_BUFG_inst/O
                         net (fo=186, routed)         0.595     1.547    u_pl/u_clk/CLK
    MMCME2_ADV_X1Y0      MMCME2_ADV (Prop_mmcme2_adv_CLKIN1_CLKOUT0)
                                                     -1.150     0.397 r  u_pl/u_clk/u_mmcm/CLKOUT0
                         net (fo=1, routed)           0.529     0.926    u_pl/u_clk/clkout0
    BUFGCTRL_X0Y0        BUFG (Prop_bufg_I_O)         0.026     0.952 r  u_pl/u_clk/u_bufg_pix/O
                         net (fo=5466, routed)        0.580     1.532    u_pl/clk_pix
    SLICE_X62Y91         FDCE                                         r  u_pl/rot_fs_tog_reg/C
  -------------------------------------------------------------------    -------------------
    SLICE_X62Y91         FDCE (Prop_fdce_C_Q)         0.164     1.696 r  u_pl/rot_fs_tog_reg/Q
                         net (fo=2, routed)           0.628     2.324    u_pl/u_ang/rot_fs_tog
    SLICE_X62Y90         FDRE                                         r  u_pl/u_ang/fs_s_reg[0]/D
  -------------------------------------------------------------------    -------------------

                         (clock sys_clk rise edge)    0.000     0.000 r  
    W17                                               0.000     0.000 r  sys_clk (IN)
                         net (fo=0)                   0.000     0.000    sys_clk
    W17                  IBUF (Prop_ibuf_I_O)         0.440     0.440 r  sys_clk_IBUF_inst/O
                         net (fo=1, routed)           0.731     1.171    sys_clk_IBUF
    BUFGCTRL_X0Y4        BUFG (Prop_bufg_I_O)         0.029     1.200 r  sys_clk_IBUF_BUFG_inst/O
                         net (fo=186, routed)         0.849     2.049    u_pl/u_ang/CLK
    SLICE_X62Y90         FDRE                                         r  u_pl/u_ang/fs_s_reg[0]/C
                         clock pessimism             -0.248     1.801    
                         clock uncertainty            0.259     2.060    
    SLICE_X62Y90         FDRE (Hold_fdre_C_D)         0.075     2.135    u_pl/u_ang/fs_s_reg[0]
  -------------------------------------------------------------------
                         required time                         -2.135    
                         arrival time                           2.324    
  -------------------------------------------------------------------
                         slack                                  0.188    





---------------------------------------------------------------------------------------------------
From Clock:  sys_clk
  To Clock:  clkout0_1

Setup :            0  Failing Endpoints,  Worst Slack        3.826ns,  Total Violation        0.000ns
Hold  :            0  Failing Endpoints,  Worst Slack        0.170ns,  Total Violation        0.000ns
---------------------------------------------------------------------------------------------------


Max Delay Paths
--------------------------------------------------------------------------------------
Slack (MET) :             3.826ns  (required time - arrival time)
  Source:                 u_pl/u_ang/angle_reg[2]/C
                            (rising edge-triggered cell FDRE clocked by sys_clk  {rise@0.000ns fall@10.000ns period=20.000ns})
  Destination:            u_pl/u_osd/r_reg[5]/D
                            (rising edge-triggered cell FDCE clocked by clkout0_1  {rise@0.000ns fall@10.000ns period=20.000ns})
  Path Group:             clkout0_1
  Path Type:              Setup (Max at Slow Process Corner)
  Requirement:            20.000ns  (clkout0_1 rise@20.000ns - sys_clk rise@0.000ns)
  Data Path Delay:        15.908ns  (logic 4.845ns (30.456%)  route 11.063ns (69.544%))
  Logic Levels:           22  (CARRY4=4 LUT2=3 LUT3=1 LUT4=3 LUT6=10 MUXF7=1)
  Clock Path Skew:        -0.080ns (DCD - SCD + CPR)
    Destination Clock Delay (DCD):    4.490ns = ( 24.490 - 20.000 ) 
    Source Clock Delay      (SCD):    4.816ns
    Clock Pessimism Removal (CPR):    0.246ns
  Clock Uncertainty:      0.259ns  ((TSJ^2 + DJ^2)^1/2) / 2 + PE
    Total System Jitter     (TSJ):    0.071ns
    Discrete Jitter          (DJ):    0.175ns
    Phase Error              (PE):    0.165ns

    Location             Delay type                Incr(ns)  Path(ns)    Netlist Resource(s)
  -------------------------------------------------------------------    -------------------
                         (clock sys_clk rise edge)    0.000     0.000 r  
    W17                                               0.000     0.000 r  sys_clk (IN)
                         net (fo=0)                   0.000     0.000    sys_clk
    W17                  IBUF (Prop_ibuf_I_O)         1.415     1.415 r  sys_clk_IBUF_inst/O
                         net (fo=1, routed)           1.873     3.288    sys_clk_IBUF
    BUFGCTRL_X0Y4        BUFG (Prop_bufg_I_O)         0.085     3.373 r  sys_clk_IBUF_BUFG_inst/O
                         net (fo=186, routed)         1.443     4.816    u_pl/u_ang/CLK
    SLICE_X66Y88         FDRE                                         r  u_pl/u_ang/angle_reg[2]/C
  -------------------------------------------------------------------    -------------------
    SLICE_X66Y88         FDRE (Prop_fdre_C_Q)         0.398     5.214 r  u_pl/u_ang/angle_reg[2]/Q
                         net (fo=203, routed)         0.594     5.808    u_pl/u_ang/angle_reg_n_0_[2]
    SLICE_X64Y90         LUT2 (Prop_lut2_I0_O)        0.232     6.040 r  u_pl/u_ang/g0_b0_i_709/O
                         net (fo=1, routed)           0.000     6.040    u_pl/u_ang/g0_b0_i_709_n_0
    SLICE_X64Y90         CARRY4 (Prop_carry4_S[1]_CO[3])
                                                      0.457     6.497 r  u_pl/u_ang/g0_b0_i_646/CO[3]
                         net (fo=1, routed)           0.000     6.497    u_pl/u_ang/g0_b0_i_646_n_0
    SLICE_X64Y91         CARRY4 (Prop_carry4_CI_CO[3])
                                                      0.098     6.595 r  u_pl/u_ang/g0_b0_i_416/CO[3]
                         net (fo=1, routed)           0.000     6.595    u_pl/u_ang/g0_b0_i_416_n_0
    SLICE_X64Y92         CARRY4 (Prop_carry4_CI_O[0])
                                                      0.180     6.775 r  u_pl/u_ang/g0_b0_i_179/O[0]
                         net (fo=19, routed)          0.546     7.321    u_pl/u_ang/g0_b0_i_179_n_7
    SLICE_X65Y91         LUT2 (Prop_lut2_I0_O)        0.268     7.589 r  u_pl/u_ang/g0_b0_i_412/O
                         net (fo=2, routed)           0.465     8.054    u_pl/u_ang/g0_b0_i_412_n_0
    SLICE_X65Y92         LUT4 (Prop_lut4_I3_O)        0.274     8.328 r  u_pl/u_ang/g0_b0_i_415/O
                         net (fo=1, routed)           0.000     8.328    u_pl/u_ang/g0_b0_i_415_n_0
    SLICE_X65Y92         CARRY4 (Prop_carry4_S[0]_CO[2])
                                                      0.446     8.774 r  u_pl/u_ang/g0_b0_i_178/CO[2]
                         net (fo=9, routed)           0.399     9.173    u_pl/u_ang/g0_b0_i_178_n_1
    SLICE_X62Y93         LUT4 (Prop_lut4_I0_O)        0.262     9.435 r  u_pl/u_ang/g0_b0_i_72/O
                         net (fo=46, routed)          0.379     9.815    u_pl/u_ang/angle_reg[8]_0
    SLICE_X64Y93         LUT6 (Prop_lut6_I5_O)        0.283    10.098 f  u_pl/u_ang/g0_b0_i_180/O
                         net (fo=15, routed)          0.685    10.783    u_pl/u_osd/g0_b0_i_142_0
    SLICE_X60Y91         LUT4 (Prop_lut4_I2_O)        0.126    10.909 r  u_pl/u_osd/g0_b0_i_342/O
                         net (fo=2, routed)           0.532    11.441    u_pl/u_osd/g0_b0_i_342_n_0
    SLICE_X61Y91         LUT6 (Prop_lut6_I3_O)        0.267    11.708 f  u_pl/u_osd/g0_b0_i_142/O
                         net (fo=1, routed)           0.446    12.154    u_pl/u_osd/g0_b0_i_142_n_0
    SLICE_X61Y95         LUT6 (Prop_lut6_I0_O)        0.105    12.259 f  u_pl/u_osd/g0_b0_i_52/O
                         net (fo=1, routed)           0.563    12.822    u_pl/u_osd/g0_b0_i_52_n_0
    SLICE_X59Y97         LUT6 (Prop_lut6_I2_O)        0.105    12.927 r  u_pl/u_osd/g0_b0_i_25/O
                         net (fo=12, routed)          1.146    14.073    u_pl/u_osd/chars[1]
    SLICE_X62Y88         LUT6 (Prop_lut6_I1_O)        0.105    14.178 r  u_pl/u_osd/g0_b0_i_11/O
                         net (fo=1, routed)           0.361    14.539    u_pl/u_osd/g0_b0_i_11_n_0
    SLICE_X62Y88         LUT3 (Prop_lut3_I2_O)        0.125    14.664 r  u_pl/u_osd/g0_b0_i_2/O
                         net (fo=35, routed)          1.246    15.910    u_pl/glyph_idx[1]
    SLICE_X64Y77         LUT6 (Prop_lut6_I1_O)        0.264    16.174 r  u_pl/g0_b0/O
                         net (fo=1, routed)           0.000    16.174    u_pl/u_osd/r_reg[7]_i_14_2[0]
    SLICE_X64Y77         MUXF7 (Prop_muxf7_I0_O)      0.178    16.352 r  u_pl/u_osd/r_reg[7]_i_39/O
                         net (fo=1, routed)           0.542    16.894    u_pl/u_osd/r_reg[7]_i_39_n_0
    SLICE_X64Y77         LUT6 (Prop_lut6_I1_O)        0.252    17.146 r  u_pl/u_osd/r[7]_i_33/O
                         net (fo=1, routed)           0.232    17.378    u_pl/u_osd/r[7]_i_33_n_0
    SLICE_X66Y77         LUT6 (Prop_lut6_I0_O)        0.105    17.483 r  u_pl/u_osd/r[7]_i_19/O
                         net (fo=1, routed)           0.339    17.823    u_pl/u_osd/r[7]_i_19_n_0
    SLICE_X66Y76         LUT6 (Prop_lut6_I0_O)        0.105    17.928 f  u_pl/u_osd/r[7]_i_8/O
                         net (fo=1, routed)           1.277    19.205    u_pl/u_osd/r[7]_i_8_n_0
    SLICE_X80Y62         LUT6 (Prop_lut6_I5_O)        0.105    19.310 r  u_pl/u_osd/r[7]_i_2/O
                         net (fo=19, routed)          1.310    20.620    u_pl/u_osd/r[7]_i_2_n_0
    SLICE_X94Y41         LUT2 (Prop_lut2_I1_O)        0.105    20.725 r  u_pl/u_osd/r[5]_i_1/O
                         net (fo=1, routed)           0.000    20.725    u_pl/u_osd/r[5]_i_1_n_0
    SLICE_X94Y41         FDCE                                         r  u_pl/u_osd/r_reg[5]/D
  -------------------------------------------------------------------    -------------------

                         (clock clkout0_1 rise edge)
                                                     20.000    20.000 r  
    W17                                               0.000    20.000 r  sys_clk (IN)
                         net (fo=0)                   0.000    20.000    sys_clk
    W17                  IBUF (Prop_ibuf_I_O)         1.349    21.349 r  sys_clk_IBUF_inst/O
                         net (fo=1, routed)           1.701    23.050    sys_clk_IBUF
    BUFGCTRL_X0Y4        BUFG (Prop_bufg_I_O)         0.077    23.127 r  sys_clk_IBUF_BUFG_inst/O
                         net (fo=186, routed)         1.384    24.511    u_pl/u_clk/CLK
    MMCME2_ADV_X1Y0      MMCME2_ADV (Prop_mmcme2_adv_CLKIN1_CLKOUT0)
                                                     -2.915    21.596 r  u_pl/u_clk/u_mmcm/CLKOUT0
                         net (fo=1, routed)           1.454    23.050    u_pl/u_clk/clkout0
    BUFGCTRL_X0Y0        BUFG (Prop_bufg_I_O)         0.077    23.127 r  u_pl/u_clk/u_bufg_pix/O
                         net (fo=5466, routed)        1.363    24.490    u_pl/u_osd/clk_pix
    SLICE_X94Y41         FDCE                                         r  u_pl/u_osd/r_reg[5]/C
                         clock pessimism              0.246    24.736    
                         clock uncertainty           -0.259    24.477    
    SLICE_X94Y41         FDCE (Setup_fdce_C_D)        0.074    24.551    u_pl/u_osd/r_reg[5]
  -------------------------------------------------------------------
                         required time                         24.551    
                         arrival time                         -20.725    
  -------------------------------------------------------------------
                         slack                                  3.826    





Min Delay Paths
--------------------------------------------------------------------------------------
Slack (MET) :             0.170ns  (arrival time - required time)
  Source:                 u_pl/u_k1l/tog_reg/C
                            (rising edge-triggered cell FDRE clocked by sys_clk  {rise@0.000ns fall@10.000ns period=20.000ns})
  Destination:            u_pl/u_mode/lsync_reg[0]/D
                            (rising edge-triggered cell FDCE clocked by clkout0_1  {rise@0.000ns fall@10.000ns period=20.000ns})
  Path Group:             clkout0_1
  Path Type:              Hold (Min at Fast Process Corner)
  Requirement:            0.000ns  (clkout0_1 rise@0.000ns - sys_clk rise@0.000ns)
  Data Path Delay:        0.708ns  (logic 0.128ns (18.081%)  route 0.580ns (81.919%))
  Logic Levels:           0  
  Clock Path Skew:        0.274ns (DCD - SCD - CPR)
    Destination Clock Delay (DCD):    2.135ns
    Source Clock Delay      (SCD):    1.613ns
    Clock Pessimism Removal (CPR):    0.248ns
  Clock Uncertainty:      0.259ns  ((TSJ^2 + DJ^2)^1/2) / 2 + PE
    Total System Jitter     (TSJ):    0.071ns
    Discrete Jitter          (DJ):    0.175ns
    Phase Error              (PE):    0.165ns

    Location             Delay type                Incr(ns)  Path(ns)    Netlist Resource(s)
  -------------------------------------------------------------------    -------------------
                         (clock sys_clk rise edge)    0.000     0.000 r  
    W17                                               0.000     0.000 r  sys_clk (IN)
                         net (fo=0)                   0.000     0.000    sys_clk
    W17                  IBUF (Prop_ibuf_I_O)         0.252     0.252 r  sys_clk_IBUF_inst/O
                         net (fo=1, routed)           0.674     0.926    sys_clk_IBUF
    BUFGCTRL_X0Y4        BUFG (Prop_bufg_I_O)         0.026     0.952 r  sys_clk_IBUF_BUFG_inst/O
                         net (fo=186, routed)         0.661     1.613    u_pl/u_k1l/CLK
    SLICE_X59Y106        FDRE                                         r  u_pl/u_k1l/tog_reg/C
  -------------------------------------------------------------------    -------------------
    SLICE_X59Y106        FDRE (Prop_fdre_C_Q)         0.128     1.741 r  u_pl/u_k1l/tog_reg/Q
                         net (fo=3, routed)           0.580     2.321    u_pl/u_mode/D[0]
    SLICE_X57Y106        FDCE                                         r  u_pl/u_mode/lsync_reg[0]/D
  -------------------------------------------------------------------    -------------------

                         (clock clkout0_1 rise edge)
                                                      0.000     0.000 r  
    W17                                               0.000     0.000 r  sys_clk (IN)
                         net (fo=0)                   0.000     0.000    sys_clk
    W17                  IBUF (Prop_ibuf_I_O)         0.440     0.440 r  sys_clk_IBUF_inst/O
                         net (fo=1, routed)           0.731     1.171    sys_clk_IBUF
    BUFGCTRL_X0Y4        BUFG (Prop_bufg_I_O)         0.029     1.200 r  sys_clk_IBUF_BUFG_inst/O
                         net (fo=186, routed)         0.862     2.062    u_pl/u_clk/CLK
    MMCME2_ADV_X1Y0      MMCME2_ADV (Prop_mmcme2_adv_CLKIN1_CLKOUT0)
                                                     -1.467     0.595 r  u_pl/u_clk/u_mmcm/CLKOUT0
                         net (fo=1, routed)           0.576     1.171    u_pl/u_clk/clkout0
    BUFGCTRL_X0Y0        BUFG (Prop_bufg_I_O)         0.029     1.200 r  u_pl/u_clk/u_bufg_pix/O
                         net (fo=5466, routed)        0.935     2.135    u_pl/u_mode/clk_pix
    SLICE_X57Y106        FDCE                                         r  u_pl/u_mode/lsync_reg[0]/C
                         clock pessimism             -0.248     1.887    
                         clock uncertainty            0.259     2.146    
    SLICE_X57Y106        FDCE (Hold_fdce_C_D)         0.005     2.151    u_pl/u_mode/lsync_reg[0]
  -------------------------------------------------------------------
                         required time                         -2.151    
                         arrival time                           2.321    
  -------------------------------------------------------------------
                         slack                                  0.170    





