Copyright 1986-2022 Xilinx, Inc. All Rights Reserved. Copyright 2022-2026 Advanced Micro Devices, Inc. All Rights Reserved.
---------------------------------------------------------------------------------------------------------------------------------------------
| Tool Version : Vivado v.2025.2.1 (win64) Build 6403652 Thu Mar 19 19:48:24 GMT 2026
| Date         : Thu Sep 24 21:23:51 2026
| Host         : Uie-laptop running 64-bit major release  (build 9200)
| Command      : report_timing_summary -file D:/Xilinx/Prj/pro/Video_Processing/build/timing_summary.rpt
| Design       : system_top
| Device       : 7z020-clg484
| Speed File   : -2  PRODUCTION 1.12 2019-11-22
| Design State : Routed
---------------------------------------------------------------------------------------------------------------------------------------------

Timing Summary Report

------------------------------------------------------------------------------------------------
| Timer Settings
| --------------
------------------------------------------------------------------------------------------------

  Enable Multi Corner Analysis               :  Yes
  Enable Pessimism Removal                   :  Yes
  Pessimism Removal Resolution               :  Nearest Common Node
  Enable Input Delay Default Clock           :  No
  Enable Preset / Clear Arcs                 :  No
  Disable Flight Delays                      :  No
  Ignore I/O Paths                           :  No
  Timing Early Launch at Borrowing Latches   :  No
  Borrow Time for Max Delay Exceptions       :  Yes
  Merge Timing Exceptions                    :  Yes
  Inter-SLR Compensation                     :  Conservative

  Corner  Analyze    Analyze    
  Name    Max Paths  Min Paths  
  ------  ---------  ---------  
  Slow    Yes        Yes        
  Fast    Yes        Yes        


------------------------------------------------------------------------------------------------
| Report Methodology
| ------------------
------------------------------------------------------------------------------------------------

Rule       Severity  Description                                                Violations  
---------  --------  ---------------------------------------------------------  ----------  
DPIR-1     Warning   Asynchronous driver check                                  36          
LUTAR-1    Warning   LUT drives async reset alert                               1           
SYNTH-5    Warning   Mapped onto distributed RAM because of timing constraints  80          
SYNTH-6    Warning   Timing of a RAM block might be sub-optimal                 94          
TIMING-9   Warning   Unknown CDC Logic                                          1           
TIMING-10  Warning   Missing property on synchronizer                           1           
TIMING-18  Warning   Missing input or output delay                              7           

Note: This report is based on the most recent report_methodology run and may not be up-to-date. Run report_methodology on the current design for the latest report.



check_timing report

Table of Contents
-----------------
1. checking no_clock (0)
2. checking constant_clock (0)
3. checking pulse_width_clock (0)
4. checking unconstrained_internal_endpoints (0)
5. checking no_input_delay (7)
6. checking no_output_delay (12)
7. checking multiple_clock (0)
8. checking generated_clocks (0)
9. checking loops (0)
10. checking partial_input_delay (0)
11. checking partial_output_delay (0)
12. checking latch_loops (0)

1. checking no_clock (0)
------------------------
 There are 0 register/latch pins with no clock.


2. checking constant_clock (0)
------------------------------
 There are 0 register/latch pins with constant_clock.


3. checking pulse_width_clock (0)
---------------------------------
 There are 0 register/latch pins which need pulse_width check


4. checking unconstrained_internal_endpoints (0)
------------------------------------------------
 There are 0 pins that are not constrained for maximum delay.

 There are 0 pins that are not constrained for maximum delay due to constant clock.


5. checking no_input_delay (7)
------------------------------
 There are 5 input ports with no input delay specified. (HIGH)

 There are 2 input ports with no input delay but user has a false path constraint. (MEDIUM)


6. checking no_output_delay (12)
--------------------------------
 There are 6 ports with no output delay specified. (HIGH)

 There are 6 ports with no output delay but user has a false path constraint (MEDIUM)

 There are 0 ports with no output delay but with a timing clock defined on it or propagating through it


7. checking multiple_clock (0)
------------------------------
 There are 0 register/latch pins with multiple clocks.


8. checking generated_clocks (0)
--------------------------------
 There are 0 generated clocks that are not connected to a clock source.


9. checking loops (0)
---------------------
 There are 0 combinational loops in the design.


10. checking partial_input_delay (0)
------------------------------------
 There are 0 input ports with partial input delay specified.


11. checking partial_output_delay (0)
-------------------------------------
 There are 0 ports with partial output delay specified.


12. checking latch_loops (0)
----------------------------
 There are 0 combinational latch loops in the design through latch input



------------------------------------------------------------------------------------------------
| Design Timing Summary
| ---------------------
------------------------------------------------------------------------------------------------

    WNS(ns)      TNS(ns)  TNS Failing Endpoints  TNS Total Endpoints      WHS(ns)      THS(ns)  THS Failing Endpoints  THS Total Endpoints     WPWS(ns)     TPWS(ns)  TPWS Failing Endpoints  TPWS Total Endpoints  
    -------      -------  ---------------------  -------------------      -------      -------  ---------------------  -------------------     --------     --------  ----------------------  --------------------  
      0.898        0.000                      0                28122        0.041        0.000                      0                28122        0.264        0.000                       0                  9467  


All user specified timing constraints are met.


------------------------------------------------------------------------------------------------
| Clock Summary
| -------------
------------------------------------------------------------------------------------------------

Clock         Waveform(ns)         Period(ns)      Frequency(MHz)
-----         ------------         ----------      --------------
clk_fpga_0    {0.000 5.000}        10.000          100.000         
eth_rxc       {0.000 4.000}        8.000           125.000         
sys_clk       {0.000 10.000}       20.000          50.000          
  clkfbout    {0.000 10.000}       20.000          50.000          
  clkfbout_1  {0.000 10.000}       20.000          50.000          
  clkout0_1   {0.000 10.000}       20.000          50.000          
  clkout1_1   {0.000 2.000}        4.000           250.000         
  clkout2     {0.000 2.500}        5.000           200.000         


------------------------------------------------------------------------------------------------
| Intra Clock Table
| -----------------
------------------------------------------------------------------------------------------------

Clock             WNS(ns)      TNS(ns)  TNS Failing Endpoints  TNS Total Endpoints      WHS(ns)      THS(ns)  THS Failing Endpoints  THS Total Endpoints     WPWS(ns)     TPWS(ns)  TPWS Failing Endpoints  TPWS Total Endpoints  
-----             -------      -------  ---------------------  -------------------      -------      -------  ---------------------  -------------------     --------     --------  ----------------------  --------------------  
clk_fpga_0          1.549        0.000                      0                14535        0.041        0.000                      0                14535        3.870        0.000                       0                  3734  
eth_rxc             0.898        0.000                      0                 4814        0.095        0.000                      0                 4814        3.500        0.000                       0                  2526  
sys_clk            14.881        0.000                      0                  251        0.130        0.000                      0                  251        7.000        0.000                       0                   183  
  clkfbout                                                                                                                                                     18.408        0.000                       0                     3  
  clkfbout_1                                                                                                                                                   18.408        0.000                       0                     3  
  clkout0_1         1.452        0.000                      0                 8483        0.070        0.000                      0                 8483        8.870        0.000                       0                  3005  
  clkout1_1                                                                                                                                                     2.408        0.000                       0                    10  
  clkout2                                                                                                                                                       0.264        0.000                       0                     3  


------------------------------------------------------------------------------------------------
| Inter Clock Table
| -----------------
------------------------------------------------------------------------------------------------

From Clock    To Clock          WNS(ns)      TNS(ns)  TNS Failing Endpoints  TNS Total Endpoints      WHS(ns)      THS(ns)  THS Failing Endpoints  THS Total Endpoints  
----------    --------          -------      -------  ---------------------  -------------------      -------      -------  ---------------------  -------------------  
clkout0_1     sys_clk            16.897        0.000                      0                    1        0.322        0.000                      0                    1  
sys_clk       clkout0_1           7.053        0.000                      0                  153        0.240        0.000                      0                  153  


------------------------------------------------------------------------------------------------
| Other Path Groups Table
| -----------------------
------------------------------------------------------------------------------------------------

Path Group    From Clock    To Clock          WNS(ns)      TNS(ns)  TNS Failing Endpoints  TNS Total Endpoints      WHS(ns)      THS(ns)  THS Failing Endpoints  THS Total Endpoints  
----------    ----------    --------          -------      -------  ---------------------  -------------------      -------      -------  ---------------------  -------------------  


------------------------------------------------------------------------------------------------
| Timing Details
| --------------
------------------------------------------------------------------------------------------------


---------------------------------------------------------------------------------------------------
From Clock:  clk_fpga_0
  To Clock:  clk_fpga_0

Setup :            0  Failing Endpoints,  Worst Slack        1.549ns,  Total Violation        0.000ns
Hold  :            0  Failing Endpoints,  Worst Slack        0.041ns,  Total Violation        0.000ns
PW    :            0  Failing Endpoints,  Worst Slack        3.870ns,  Total Violation        0.000ns
---------------------------------------------------------------------------------------------------


Max Delay Paths
--------------------------------------------------------------------------------------
Slack (MET) :             1.549ns  (required time - arrival time)
  Source:                 u_pl/u_arb/owner_eth_reg_rep/C
                            (rising edge-triggered cell FDCE clocked by clk_fpga_0  {rise@0.000ns fall@5.000ns period=10.000ns})
  Destination:            u_pl/u_fb/lo_reg_0_27/ADDRARDADDR[8]
                            (rising edge-triggered cell RAMB36E1 clocked by clk_fpga_0  {rise@0.000ns fall@5.000ns period=10.000ns})
  Path Group:             clk_fpga_0
  Path Type:              Setup (Max at Slow Process Corner)
  Requirement:            10.000ns  (clk_fpga_0 rise@10.000ns - clk_fpga_0 rise@0.000ns)
  Data Path Delay:        7.742ns  (logic 0.590ns (7.621%)  route 7.152ns (92.379%))
  Logic Levels:           1  (LUT3=1)
  Clock Path Skew:        -0.065ns (DCD - SCD + CPR)
    Destination Clock Delay (DCD):    2.345ns = ( 12.345 - 10.000 ) 
    Source Clock Delay      (SCD):    2.506ns
    Clock Pessimism Removal (CPR):    0.097ns
  Clock Uncertainty:      0.154ns  ((TSJ^2 + TIJ^2)^1/2 + DJ) / 2 + PE
    Total System Jitter     (TSJ):    0.071ns
    Total Input Jitter      (TIJ):    0.300ns
    Discrete Jitter          (DJ):    0.000ns
    Phase Error              (PE):    0.000ns

    Location             Delay type                Incr(ns)  Path(ns)    Netlist Resource(s)
  -------------------------------------------------------------------    -------------------
                         (clock clk_fpga_0 rise edge)
                                                      0.000     0.000 r  
    PS7_X0Y0             PS7                          0.000     0.000 r  u_bd/design_1_i/processing_system7_0/inst/PS7_i/FCLKCLK[0]
                         net (fo=1, routed)           0.994     0.994    u_bd/design_1_i/processing_system7_0/inst/FCLK_CLK_unbuffered[0]
    BUFGCTRL_X0Y16       BUFG (Prop_bufg_I_O)         0.085     1.079 r  u_bd/design_1_i/processing_system7_0/inst/buffer_fclk_clk_0.FCLK_CLK_0_BUFG/O
                         net (fo=3735, routed)        1.427     2.506    u_pl/u_arb/FCLK_CLK0
    SLICE_X31Y61         FDCE                                         r  u_pl/u_arb/owner_eth_reg_rep/C
  -------------------------------------------------------------------    -------------------
    SLICE_X31Y61         FDCE (Prop_fdce_C_Q)         0.348     2.854 r  u_pl/u_arb/owner_eth_reg_rep/Q
                         net (fo=198, routed)         1.970     4.824    u_pl/u_row/lo_reg_0_63
    SLICE_X47Y49         LUT3 (Prop_lut3_I2_O)        0.242     5.066 r  u_pl/u_row/lo_reg_0_8_i_4/O
                         net (fo=20, routed)          5.182    10.248    u_pl/u_fb/ADDRARDADDR[8]
    RAMB36_X0Y2          RAMB36E1                                     r  u_pl/u_fb/lo_reg_0_27/ADDRARDADDR[8]
  -------------------------------------------------------------------    -------------------

                         (clock clk_fpga_0 rise edge)
                                                     10.000    10.000 r  
    PS7_X0Y0             PS7                          0.000    10.000 r  u_bd/design_1_i/processing_system7_0/inst/PS7_i/FCLKCLK[0]
                         net (fo=1, routed)           0.905    10.906    u_bd/design_1_i/processing_system7_0/inst/FCLK_CLK_unbuffered[0]
    BUFGCTRL_X0Y16       BUFG (Prop_bufg_I_O)         0.077    10.983 r  u_bd/design_1_i/processing_system7_0/inst/buffer_fclk_clk_0.FCLK_CLK_0_BUFG/O
                         net (fo=3735, routed)        1.362    12.345    u_pl/u_fb/FCLK_CLK0
    RAMB36_X0Y2          RAMB36E1                                     r  u_pl/u_fb/lo_reg_0_27/CLKARDCLK
                         clock pessimism              0.097    12.441    
                         clock uncertainty           -0.154    12.287    
    RAMB36_X0Y2          RAMB36E1 (Setup_ramb36e1_CLKARDCLK_ADDRARDADDR[8])
                                                     -0.490    11.797    u_pl/u_fb/lo_reg_0_27
  -------------------------------------------------------------------
                         required time                         11.797    
                         arrival time                         -10.248    
  -------------------------------------------------------------------
                         slack                                  1.549    





Min Delay Paths
--------------------------------------------------------------------------------------
Slack (MET) :             0.041ns  (arrival time - required time)
  Source:                 u_bd/design_1_i/axi_gp0_ic/s00_couplers/auto_pc/inst/gen_axilite.gen_b2s_conv.axilite_b2s/RD.r_channel_0/r_arid_r_reg[8]/C
                            (rising edge-triggered cell FDRE clocked by clk_fpga_0  {rise@0.000ns fall@5.000ns period=10.000ns})
  Destination:            u_bd/design_1_i/axi_gp0_ic/s00_couplers/auto_pc/inst/gen_axilite.gen_b2s_conv.axilite_b2s/RD.r_channel_0/transaction_fifo_0/memory_reg[31][9]_srl32/D
                            (rising edge-triggered cell SRLC32E clocked by clk_fpga_0  {rise@0.000ns fall@5.000ns period=10.000ns})
  Path Group:             clk_fpga_0
  Path Type:              Hold (Min at Fast Process Corner)
  Requirement:            0.000ns  (clk_fpga_0 rise@0.000ns - clk_fpga_0 rise@0.000ns)
  Data Path Delay:        0.240ns  (logic 0.141ns (58.816%)  route 0.099ns (41.184%))
  Logic Levels:           0  
  Clock Path Skew:        0.016ns (DCD - SCD - CPR)
    Destination Clock Delay (DCD):    1.210ns
    Source Clock Delay      (SCD):    0.912ns
    Clock Pessimism Removal (CPR):    0.282ns

    Location             Delay type                Incr(ns)  Path(ns)    Netlist Resource(s)
  -------------------------------------------------------------------    -------------------
                         (clock clk_fpga_0 rise edge)
                                                      0.000     0.000 r  
    PS7_X0Y0             PS7                          0.000     0.000 r  u_bd/design_1_i/processing_system7_0/inst/PS7_i/FCLKCLK[0]
                         net (fo=1, routed)           0.310     0.310    u_bd/design_1_i/processing_system7_0/inst/FCLK_CLK_unbuffered[0]
    BUFGCTRL_X0Y16       BUFG (Prop_bufg_I_O)         0.026     0.336 r  u_bd/design_1_i/processing_system7_0/inst/buffer_fclk_clk_0.FCLK_CLK_0_BUFG/O
                         net (fo=3735, routed)        0.576     0.912    u_bd/design_1_i/axi_gp0_ic/s00_couplers/auto_pc/inst/gen_axilite.gen_b2s_conv.axilite_b2s/RD.r_channel_0/aclk
    SLICE_X29Y95         FDRE                                         r  u_bd/design_1_i/axi_gp0_ic/s00_couplers/auto_pc/inst/gen_axilite.gen_b2s_conv.axilite_b2s/RD.r_channel_0/r_arid_r_reg[8]/C
  -------------------------------------------------------------------    -------------------
    SLICE_X29Y95         FDRE (Prop_fdre_C_Q)         0.141     1.053 r  u_bd/design_1_i/axi_gp0_ic/s00_couplers/auto_pc/inst/gen_axilite.gen_b2s_conv.axilite_b2s/RD.r_channel_0/r_arid_r_reg[8]/Q
                         net (fo=1, routed)           0.099     1.151    u_bd/design_1_i/axi_gp0_ic/s00_couplers/auto_pc/inst/gen_axilite.gen_b2s_conv.axilite_b2s/RD.r_channel_0/transaction_fifo_0/in[9]
    SLICE_X30Y96         SRLC32E                                      r  u_bd/design_1_i/axi_gp0_ic/s00_couplers/auto_pc/inst/gen_axilite.gen_b2s_conv.axilite_b2s/RD.r_channel_0/transaction_fifo_0/memory_reg[31][9]_srl32/D
  -------------------------------------------------------------------    -------------------

                         (clock clk_fpga_0 rise edge)
                                                      0.000     0.000 r  
    PS7_X0Y0             PS7                          0.000     0.000 r  u_bd/design_1_i/processing_system7_0/inst/PS7_i/FCLKCLK[0]
                         net (fo=1, routed)           0.337     0.337    u_bd/design_1_i/processing_system7_0/inst/FCLK_CLK_unbuffered[0]
    BUFGCTRL_X0Y16       BUFG (Prop_bufg_I_O)         0.029     0.366 r  u_bd/design_1_i/processing_system7_0/inst/buffer_fclk_clk_0.FCLK_CLK_0_BUFG/O
                         net (fo=3735, routed)        0.844     1.210    u_bd/design_1_i/axi_gp0_ic/s00_couplers/auto_pc/inst/gen_axilite.gen_b2s_conv.axilite_b2s/RD.r_channel_0/transaction_fifo_0/aclk
    SLICE_X30Y96         SRLC32E                                      r  u_bd/design_1_i/axi_gp0_ic/s00_couplers/auto_pc/inst/gen_axilite.gen_b2s_conv.axilite_b2s/RD.r_channel_0/transaction_fifo_0/memory_reg[31][9]_srl32/CLK
                         clock pessimism             -0.282     0.928    
    SLICE_X30Y96         SRLC32E (Hold_srlc32e_CLK_D)
                                                      0.183     1.111    u_bd/design_1_i/axi_gp0_ic/s00_couplers/auto_pc/inst/gen_axilite.gen_b2s_conv.axilite_b2s/RD.r_channel_0/transaction_fifo_0/memory_reg[31][9]_srl32
  -------------------------------------------------------------------
                         required time                         -1.111    
                         arrival time                           1.151    
  -------------------------------------------------------------------
                         slack                                  0.041    





Pulse Width Checks
--------------------------------------------------------------------------------------
Clock Name:         clk_fpga_0
Waveform(ns):       { 0.000 5.000 }
Period(ns):         10.000
Sources:            { u_bd/design_1_i/processing_system7_0/inst/PS7_i/FCLKCLK[0] }

Check Type        Corner  Lib Pin             Reference Pin  Required(ns)  Actual(ns)  Slack(ns)  Location      Pin
Min Period        n/a     RAMB36E1/CLKBWRCLK  n/a            2.170         10.000      7.830      RAMB36_X2Y8   u_eth/u_cdc/mem_reg_0/CLKBWRCLK
Low Pulse Width   Slow    RAMD64E/CLK         n/a            1.130         5.000       3.870      SLICE_X20Y28  u_eth/u_saver/q_addr_reg_0_63_12_14/RAMA/CLK
High Pulse Width  Slow    RAMD64E/CLK         n/a            1.130         5.000       3.870      SLICE_X20Y28  u_eth/u_saver/q_addr_reg_0_63_12_14/RAMA/CLK



---------------------------------------------------------------------------------------------------
From Clock:  eth_rxc
  To Clock:  eth_rxc

Setup :            0  Failing Endpoints,  Worst Slack        0.898ns,  Total Violation        0.000ns
Hold  :            0  Failing Endpoints,  Worst Slack        0.095ns,  Total Violation        0.000ns
PW    :            0  Failing Endpoints,  Worst Slack        3.500ns,  Total Violation        0.000ns
---------------------------------------------------------------------------------------------------


Max Delay Paths
--------------------------------------------------------------------------------------
Slack (MET) :             0.898ns  (required time - arrival time)
  Source:                 u_eth/u_cdc/wbin_reg[2]/C
                            (rising edge-triggered cell FDCE clocked by eth_rxc  {rise@0.000ns fall@4.000ns period=8.000ns})
  Destination:            u_eth/u_lm/drop_words_reg[28]/CE
                            (rising edge-triggered cell FDCE clocked by eth_rxc  {rise@0.000ns fall@4.000ns period=8.000ns})
  Path Group:             eth_rxc
  Path Type:              Setup (Max at Slow Process Corner)
  Requirement:            8.000ns  (eth_rxc rise@8.000ns - eth_rxc rise@0.000ns)
  Data Path Delay:        6.666ns  (logic 2.572ns (38.582%)  route 4.094ns (61.418%))
  Logic Levels:           7  (CARRY4=4 LUT4=2 LUT5=1)
  Clock Path Skew:        -0.232ns (DCD - SCD + CPR)
    Destination Clock Delay (DCD):    4.373ns = ( 12.373 - 8.000 ) 
    Source Clock Delay      (SCD):    4.851ns
    Clock Pessimism Removal (CPR):    0.246ns
  Clock Uncertainty:      0.035ns  ((TSJ^2 + TIJ^2)^1/2 + DJ) / 2 + PE
    Total System Jitter     (TSJ):    0.071ns
    Total Input Jitter      (TIJ):    0.000ns
    Discrete Jitter          (DJ):    0.000ns
    Phase Error              (PE):    0.000ns

    Location             Delay type                Incr(ns)  Path(ns)    Netlist Resource(s)
  -------------------------------------------------------------------    -------------------
                         (clock eth_rxc rise edge)    0.000     0.000 r  
    Y19                                               0.000     0.000 r  eth_rxc (IN)
                         net (fo=0)                   0.000     0.000    eth_rxc
    Y19                  IBUF (Prop_ibuf_I_O)         1.430     1.430 r  eth_rxc_IBUF_inst/O
                         net (fo=2, routed)           1.873     3.303    u_eth/u_rgmii/u_rgmii_rx/rgmii_rxc
    BUFGCTRL_X0Y1        BUFG (Prop_bufg_I_O)         0.085     3.388 r  u_eth/u_rgmii/u_rgmii_rx/BUFG_inst/O
                         net (fo=2520, routed)        1.463     4.851    u_eth/u_cdc/gmii_rx_clk
    SLICE_X31Y32         FDCE                                         r  u_eth/u_cdc/wbin_reg[2]/C
  -------------------------------------------------------------------    -------------------
    SLICE_X31Y32         FDCE (Prop_fdce_C_Q)         0.379     5.230 r  u_eth/u_cdc/wbin_reg[2]/Q
                         net (fo=11, routed)          0.465     5.695    u_eth/u_cdc/wbin_reg[2]
    SLICE_X29Y32         CARRY4 (Prop_carry4_S[1]_CO[3])
                                                      0.562     6.257 r  u_eth/u_cdc/wgray_reg[4]_i_2/CO[3]
                         net (fo=1, routed)           0.000     6.257    u_eth/u_cdc/wgray_reg[4]_i_2_n_0
    SLICE_X29Y33         CARRY4 (Prop_carry4_CI_O[1])
                                                      0.265     6.522 r  u_eth/u_cdc/wgray_reg[8]_i_2/O[1]
                         net (fo=4, routed)           0.834     7.356    u_eth/u_cdc/b1_in__0[6]
    SLICE_X29Y28         LUT5 (Prop_lut5_I2_O)        0.250     7.606 r  u_eth/u_cdc/full_d_i_10/O
                         net (fo=1, routed)           0.340     7.945    u_eth/u_cdc/full_d_i_10_n_0
    SLICE_X28Y30         LUT4 (Prop_lut4_I3_O)        0.105     8.050 r  u_eth/u_cdc/full_d_i_6/O
                         net (fo=1, routed)           0.000     8.050    u_eth/u_cdc/full_d_i_6_n_0
    SLICE_X28Y30         CARRY4 (Prop_carry4_S[1]_CO[3])
                                                      0.457     8.507 r  u_eth/u_cdc/full_d_reg_i_2/CO[3]
                         net (fo=1, routed)           0.000     8.507    u_eth/u_cdc/full_d_reg_i_2_n_0
    SLICE_X28Y31         CARRY4 (Prop_carry4_CI_CO[0])
                                                      0.245     8.752 r  u_eth/u_cdc/full_d_reg_i_1/CO[0]
                         net (fo=6, routed)           0.853     9.606    u_eth/u_reasm/wr_full
    SLICE_X32Y40         LUT4 (Prop_lut4_I0_O)        0.309     9.915 r  u_eth/u_reasm/drop_words[0]_i_1/O
                         net (fo=32, routed)          1.602    11.517    u_eth/u_lm/drop_words0
    SLICE_X48Y85         FDCE                                         r  u_eth/u_lm/drop_words_reg[28]/CE
  -------------------------------------------------------------------    -------------------

                         (clock eth_rxc rise edge)    8.000     8.000 r  
    Y19                                               0.000     8.000 r  eth_rxc (IN)
                         net (fo=0)                   0.000     8.000    eth_rxc
    Y19                  IBUF (Prop_ibuf_I_O)         1.364     9.364 r  eth_rxc_IBUF_inst/O
                         net (fo=2, routed)           1.701    11.065    u_eth/u_rgmii/u_rgmii_rx/rgmii_rxc
    BUFGCTRL_X0Y1        BUFG (Prop_bufg_I_O)         0.077    11.142 r  u_eth/u_rgmii/u_rgmii_rx/BUFG_inst/O
                         net (fo=2520, routed)        1.231    12.373    u_eth/u_lm/gmii_rx_clk
    SLICE_X48Y85         FDCE                                         r  u_eth/u_lm/drop_words_reg[28]/C
                         clock pessimism              0.246    12.619    
                         clock uncertainty           -0.035    12.583    
    SLICE_X48Y85         FDCE (Setup_fdce_C_CE)      -0.168    12.415    u_eth/u_lm/drop_words_reg[28]
  -------------------------------------------------------------------
                         required time                         12.415    
                         arrival time                         -11.517    
  -------------------------------------------------------------------
                         slack                                  0.898    





Min Delay Paths
--------------------------------------------------------------------------------------
Slack (MET) :             0.095ns  (arrival time - required time)
  Source:                 u_eth/u_arp/u_arp_rx/des_mac_t_reg[2]/C
                            (rising edge-triggered cell FDCE clocked by eth_rxc  {rise@0.000ns fall@4.000ns period=8.000ns})
  Destination:            u_eth/u_arp/u_arp_rx/des_mac_t_reg[10]/D
                            (rising edge-triggered cell FDCE clocked by eth_rxc  {rise@0.000ns fall@4.000ns period=8.000ns})
  Path Group:             eth_rxc
  Path Type:              Hold (Min at Fast Process Corner)
  Requirement:            0.000ns  (eth_rxc rise@0.000ns - eth_rxc rise@0.000ns)
  Data Path Delay:        0.483ns  (logic 0.209ns (43.316%)  route 0.274ns (56.684%))
  Logic Levels:           1  (LUT2=1)
  Clock Path Skew:        0.267ns (DCD - SCD - CPR)
    Destination Clock Delay (DCD):    2.092ns
    Source Clock Delay      (SCD):    1.577ns
    Clock Pessimism Removal (CPR):    0.248ns

    Location             Delay type                Incr(ns)  Path(ns)    Netlist Resource(s)
  -------------------------------------------------------------------    -------------------
                         (clock eth_rxc rise edge)    0.000     0.000 r  
    Y19                                               0.000     0.000 r  eth_rxc (IN)
                         net (fo=0)                   0.000     0.000    eth_rxc
    Y19                  IBUF (Prop_ibuf_I_O)         0.266     0.266 r  eth_rxc_IBUF_inst/O
                         net (fo=2, routed)           0.674     0.940    u_eth/u_rgmii/u_rgmii_rx/rgmii_rxc
    BUFGCTRL_X0Y1        BUFG (Prop_bufg_I_O)         0.026     0.966 r  u_eth/u_rgmii/u_rgmii_rx/BUFG_inst/O
                         net (fo=2520, routed)        0.611     1.577    u_eth/u_arp/u_arp_rx/gmii_rx_clk
    SLICE_X90Y49         FDCE                                         r  u_eth/u_arp/u_arp_rx/des_mac_t_reg[2]/C
  -------------------------------------------------------------------    -------------------
    SLICE_X90Y49         FDCE (Prop_fdce_C_Q)         0.164     1.741 r  u_eth/u_arp/u_arp_rx/des_mac_t_reg[2]/Q
                         net (fo=2, routed)           0.274     2.015    u_eth/u_arp/u_arp_rx/des_mac_t_reg_n_0_[2]
    SLICE_X90Y55         LUT2 (Prop_lut2_I0_O)        0.045     2.060 r  u_eth/u_arp/u_arp_rx/des_mac_t[10]_i_1/O
                         net (fo=1, routed)           0.000     2.060    u_eth/u_arp/u_arp_rx/des_mac_t[10]_i_1_n_0
    SLICE_X90Y55         FDCE                                         r  u_eth/u_arp/u_arp_rx/des_mac_t_reg[10]/D
  -------------------------------------------------------------------    -------------------

                         (clock eth_rxc rise edge)    0.000     0.000 r  
    Y19                                               0.000     0.000 r  eth_rxc (IN)
                         net (fo=0)                   0.000     0.000    eth_rxc
    Y19                  IBUF (Prop_ibuf_I_O)         0.454     0.454 r  eth_rxc_IBUF_inst/O
                         net (fo=2, routed)           0.731     1.185    u_eth/u_rgmii/u_rgmii_rx/rgmii_rxc
    BUFGCTRL_X0Y1        BUFG (Prop_bufg_I_O)         0.029     1.214 r  u_eth/u_rgmii/u_rgmii_rx/BUFG_inst/O
                         net (fo=2520, routed)        0.878     2.092    u_eth/u_arp/u_arp_rx/gmii_rx_clk
    SLICE_X90Y55         FDCE                                         r  u_eth/u_arp/u_arp_rx/des_mac_t_reg[10]/C
                         clock pessimism             -0.248     1.844    
    SLICE_X90Y55         FDCE (Hold_fdce_C_D)         0.120     1.964    u_eth/u_arp/u_arp_rx/des_mac_t_reg[10]
  -------------------------------------------------------------------
                         required time                         -1.964    
                         arrival time                           2.060    
  -------------------------------------------------------------------
                         slack                                  0.095    





Pulse Width Checks
--------------------------------------------------------------------------------------
Clock Name:         eth_rxc
Waveform(ns):       { 0.000 4.000 }
Period(ns):         8.000
Sources:            { eth_rxc }

Check Type        Corner  Lib Pin             Reference Pin  Required(ns)  Actual(ns)  Slack(ns)  Location      Pin
Min Period        n/a     RAMB18E1/CLKARDCLK  n/a            2.472         8.000       5.528      RAMB18_X5Y14  u_eth/u_icmp_fifo/mem_reg/CLKARDCLK
Low Pulse Width   Slow    FDCE/C              n/a            0.500         4.000       3.500      SLICE_X32Y40  u_eth/flush_pend_reg/C
High Pulse Width  Slow    FDCE/C              n/a            0.500         4.000       3.500      SLICE_X32Y40  u_eth/flush_pend_reg/C



---------------------------------------------------------------------------------------------------
From Clock:  sys_clk
  To Clock:  sys_clk

Setup :            0  Failing Endpoints,  Worst Slack       14.881ns,  Total Violation        0.000ns
Hold  :            0  Failing Endpoints,  Worst Slack        0.130ns,  Total Violation        0.000ns
PW    :            0  Failing Endpoints,  Worst Slack        7.000ns,  Total Violation        0.000ns
---------------------------------------------------------------------------------------------------


Max Delay Paths
--------------------------------------------------------------------------------------
Slack (MET) :             14.881ns  (required time - arrival time)
  Source:                 u_pl/sec_div_reg[18]/C
                            (rising edge-triggered cell FDCE clocked by sys_clk  {rise@0.000ns fall@10.000ns period=20.000ns})
  Destination:            u_pl/fps_acc_reg[5]/D
                            (rising edge-triggered cell FDCE clocked by sys_clk  {rise@0.000ns fall@10.000ns period=20.000ns})
  Path Group:             sys_clk
  Path Type:              Setup (Max at Slow Process Corner)
  Requirement:            20.000ns  (sys_clk rise@20.000ns - sys_clk rise@0.000ns)
  Data Path Delay:        4.965ns  (logic 0.904ns (18.209%)  route 4.061ns (81.791%))
  Logic Levels:           5  (LUT2=1 LUT4=1 LUT5=1 LUT6=2)
  Clock Path Skew:        -0.195ns (DCD - SCD + CPR)
    Destination Clock Delay (DCD):    4.355ns = ( 24.355 - 20.000 ) 
    Source Clock Delay      (SCD):    4.808ns
    Clock Pessimism Removal (CPR):    0.258ns
  Clock Uncertainty:      0.035ns  ((TSJ^2 + TIJ^2)^1/2 + DJ) / 2 + PE
    Total System Jitter     (TSJ):    0.071ns
    Total Input Jitter      (TIJ):    0.000ns
    Discrete Jitter          (DJ):    0.000ns
    Phase Error              (PE):    0.000ns

    Location             Delay type                Incr(ns)  Path(ns)    Netlist Resource(s)
  -------------------------------------------------------------------    -------------------
                         (clock sys_clk rise edge)    0.000     0.000 r  
    W17                                               0.000     0.000 r  sys_clk (IN)
                         net (fo=0)                   0.000     0.000    sys_clk
    W17                  IBUF (Prop_ibuf_I_O)         1.415     1.415 r  sys_clk_IBUF_inst/O
                         net (fo=1, routed)           1.873     3.288    sys_clk_IBUF
    BUFGCTRL_X0Y4        BUFG (Prop_bufg_I_O)         0.085     3.373 r  sys_clk_IBUF_BUFG_inst/O
                         net (fo=182, routed)         1.435     4.808    u_pl/sys_clk_IBUF_BUFG
    SLICE_X64Y69         FDCE                                         r  u_pl/sec_div_reg[18]/C
  -------------------------------------------------------------------    -------------------
    SLICE_X64Y69         FDCE (Prop_fdce_C_Q)         0.379     5.187 r  u_pl/sec_div_reg[18]/Q
                         net (fo=2, routed)           0.669     5.856    u_pl/sec_div_reg_n_0_[18]
    SLICE_X64Y69         LUT4 (Prop_lut4_I1_O)        0.105     5.961 r  u_pl/sec_div[25]_i_8/O
                         net (fo=1, routed)           0.455     6.416    u_pl/sec_div[25]_i_8_n_0
    SLICE_X64Y68         LUT5 (Prop_lut5_I4_O)        0.105     6.521 r  u_pl/sec_div[25]_i_7/O
                         net (fo=1, routed)           0.509     7.030    u_pl/sec_div[25]_i_7_n_0
    SLICE_X64Y67         LUT6 (Prop_lut6_I5_O)        0.105     7.135 r  u_pl/sec_div[25]_i_4/O
                         net (fo=1, routed)           0.444     7.579    u_pl/sec_div[25]_i_4_n_0
    SLICE_X64Y65         LUT6 (Prop_lut6_I0_O)        0.105     7.684 f  u_pl/sec_div[25]_i_2/O
                         net (fo=42, routed)          1.984     9.668    u_pl/fps_q[0]
    SLICE_X36Y70         LUT2 (Prop_lut2_I0_O)        0.105     9.773 r  u_pl/fps_acc[5]_i_1/O
                         net (fo=1, routed)           0.000     9.773    u_pl/fps_acc[5]_i_1_n_0
    SLICE_X36Y70         FDCE                                         r  u_pl/fps_acc_reg[5]/D
  -------------------------------------------------------------------    -------------------

                         (clock sys_clk rise edge)   20.000    20.000 r  
    W17                                               0.000    20.000 r  sys_clk (IN)
                         net (fo=0)                   0.000    20.000    sys_clk
    W17                  IBUF (Prop_ibuf_I_O)         1.349    21.349 r  sys_clk_IBUF_inst/O
                         net (fo=1, routed)           1.701    23.050    sys_clk_IBUF
    BUFGCTRL_X0Y4        BUFG (Prop_bufg_I_O)         0.077    23.127 r  sys_clk_IBUF_BUFG_inst/O
                         net (fo=182, routed)         1.228    24.355    u_pl/sys_clk_IBUF_BUFG
    SLICE_X36Y70         FDCE                                         r  u_pl/fps_acc_reg[5]/C
                         clock pessimism              0.258    24.613    
                         clock uncertainty           -0.035    24.578    
    SLICE_X36Y70         FDCE (Setup_fdce_C_D)        0.076    24.654    u_pl/fps_acc_reg[5]
  -------------------------------------------------------------------
                         required time                         24.654    
                         arrival time                          -9.773    
  -------------------------------------------------------------------
                         slack                                 14.881    





Min Delay Paths
--------------------------------------------------------------------------------------
Slack (MET) :             0.130ns  (arrival time - required time)
  Source:                 u_pl/vt0_reg/C
                            (rising edge-triggered cell FDRE clocked by sys_clk  {rise@0.000ns fall@10.000ns period=20.000ns})
  Destination:            u_pl/vt1_reg/D
                            (rising edge-triggered cell FDRE clocked by sys_clk  {rise@0.000ns fall@10.000ns period=20.000ns})
  Path Group:             sys_clk
  Path Type:              Hold (Min at Fast Process Corner)
  Requirement:            0.000ns  (sys_clk rise@0.000ns - sys_clk rise@0.000ns)
  Data Path Delay:        0.205ns  (logic 0.141ns (68.843%)  route 0.064ns (31.157%))
  Logic Levels:           0  
  Clock Path Skew:        0.000ns (DCD - SCD - CPR)
    Destination Clock Delay (DCD):    2.021ns
    Source Clock Delay      (SCD):    1.505ns
    Clock Pessimism Removal (CPR):    0.516ns

    Location             Delay type                Incr(ns)  Path(ns)    Netlist Resource(s)
  -------------------------------------------------------------------    -------------------
                         (clock sys_clk rise edge)    0.000     0.000 r  
    W17                                               0.000     0.000 r  sys_clk (IN)
                         net (fo=0)                   0.000     0.000    sys_clk
    W17                  IBUF (Prop_ibuf_I_O)         0.252     0.252 r  sys_clk_IBUF_inst/O
                         net (fo=1, routed)           0.674     0.926    sys_clk_IBUF
    BUFGCTRL_X0Y4        BUFG (Prop_bufg_I_O)         0.026     0.952 r  sys_clk_IBUF_BUFG_inst/O
                         net (fo=182, routed)         0.553     1.505    u_pl/sys_clk_IBUF_BUFG
    SLICE_X48Y63         FDRE                                         r  u_pl/vt0_reg/C
  -------------------------------------------------------------------    -------------------
    SLICE_X48Y63         FDRE (Prop_fdre_C_Q)         0.141     1.646 r  u_pl/vt0_reg/Q
                         net (fo=1, routed)           0.064     1.710    u_pl/vt0
    SLICE_X48Y63         FDRE                                         r  u_pl/vt1_reg/D
  -------------------------------------------------------------------    -------------------

                         (clock sys_clk rise edge)    0.000     0.000 r  
    W17                                               0.000     0.000 r  sys_clk (IN)
                         net (fo=0)                   0.000     0.000    sys_clk
    W17                  IBUF (Prop_ibuf_I_O)         0.440     0.440 r  sys_clk_IBUF_inst/O
                         net (fo=1, routed)           0.731     1.171    sys_clk_IBUF
    BUFGCTRL_X0Y4        BUFG (Prop_bufg_I_O)         0.029     1.200 r  sys_clk_IBUF_BUFG_inst/O
                         net (fo=182, routed)         0.821     2.021    u_pl/sys_clk_IBUF_BUFG
    SLICE_X48Y63         FDRE                                         r  u_pl/vt1_reg/C
                         clock pessimism             -0.516     1.505    
    SLICE_X48Y63         FDRE (Hold_fdre_C_D)         0.075     1.580    u_pl/vt1_reg
  -------------------------------------------------------------------
                         required time                         -1.580    
                         arrival time                           1.710    
  -------------------------------------------------------------------
                         slack                                  0.130    





Pulse Width Checks
--------------------------------------------------------------------------------------
Clock Name:         sys_clk
Waveform(ns):       { 0.000 10.000 }
Period(ns):         20.000
Sources:            { sys_clk }

Check Type        Corner  Lib Pin            Reference Pin  Required(ns)  Actual(ns)  Slack(ns)  Location         Pin
Min Period        n/a     BUFG/I             n/a            1.592         20.000      18.408     BUFGCTRL_X0Y4    sys_clk_IBUF_BUFG_inst/I
Max Period        n/a     MMCME2_ADV/CLKIN1  n/a            100.000       20.000      80.000     MMCME2_ADV_X0Y0  u_idelay_clkgen/u_mmcm/CLKIN1
Low Pulse Width   Slow    MMCME2_ADV/CLKIN1  n/a            3.000         10.000      7.000      MMCME2_ADV_X0Y0  u_idelay_clkgen/u_mmcm/CLKIN1
High Pulse Width  Slow    MMCME2_ADV/CLKIN1  n/a            3.000         10.000      7.000      MMCME2_ADV_X0Y0  u_idelay_clkgen/u_mmcm/CLKIN1



---------------------------------------------------------------------------------------------------
From Clock:  clkfbout
  To Clock:  clkfbout

Setup :           NA  Failing Endpoints,  Worst Slack           NA  ,  Total Violation           NA
Hold  :           NA  Failing Endpoints,  Worst Slack           NA  ,  Total Violation           NA
PW    :            0  Failing Endpoints,  Worst Slack       18.408ns,  Total Violation        0.000ns
---------------------------------------------------------------------------------------------------


Pulse Width Checks
--------------------------------------------------------------------------------------
Clock Name:         clkfbout
Waveform(ns):       { 0.000 10.000 }
Period(ns):         20.000
Sources:            { u_idelay_clkgen/u_mmcm/CLKFBOUT }

Check Type  Corner  Lib Pin             Reference Pin  Required(ns)  Actual(ns)  Slack(ns)  Location         Pin
Min Period  n/a     BUFG/I              n/a            1.592         20.000      18.408     BUFGCTRL_X0Y5    u_idelay_clkgen/u_bufg_fb/I
Max Period  n/a     MMCME2_ADV/CLKFBIN  n/a            100.000       20.000      80.000     MMCME2_ADV_X0Y0  u_idelay_clkgen/u_mmcm/CLKFBIN



---------------------------------------------------------------------------------------------------
From Clock:  clkfbout_1
  To Clock:  clkfbout_1

Setup :           NA  Failing Endpoints,  Worst Slack           NA  ,  Total Violation           NA
Hold  :           NA  Failing Endpoints,  Worst Slack           NA  ,  Total Violation           NA
PW    :            0  Failing Endpoints,  Worst Slack       18.408ns,  Total Violation        0.000ns
---------------------------------------------------------------------------------------------------


Pulse Width Checks
--------------------------------------------------------------------------------------
Clock Name:         clkfbout_1
Waveform(ns):       { 0.000 10.000 }
Period(ns):         20.000
Sources:            { u_pl/u_clk/u_mmcm/CLKFBOUT }

Check Type  Corner  Lib Pin             Reference Pin  Required(ns)  Actual(ns)  Slack(ns)  Location         Pin
Min Period  n/a     BUFG/I              n/a            1.592         20.000      18.408     BUFGCTRL_X0Y6    u_pl/u_clk/u_bufg_fb/I
Max Period  n/a     MMCME2_ADV/CLKFBIN  n/a            100.000       20.000      80.000     MMCME2_ADV_X1Y0  u_pl/u_clk/u_mmcm/CLKFBIN



---------------------------------------------------------------------------------------------------
From Clock:  clkout0_1
  To Clock:  clkout0_1

Setup :            0  Failing Endpoints,  Worst Slack        1.452ns,  Total Violation        0.000ns
Hold  :            0  Failing Endpoints,  Worst Slack        0.070ns,  Total Violation        0.000ns
PW    :            0  Failing Endpoints,  Worst Slack        8.870ns,  Total Violation        0.000ns
---------------------------------------------------------------------------------------------------


Max Delay Paths
--------------------------------------------------------------------------------------
Slack (MET) :             1.452ns  (required time - arrival time)
  Source:                 u_pl/x_d_reg[11][5]/C
                            (rising edge-triggered cell FDCE clocked by clkout0_1  {rise@0.000ns fall@10.000ns period=20.000ns})
  Destination:            u_pl/u_osd/b_reg[6]/D
                            (rising edge-triggered cell FDCE clocked by clkout0_1  {rise@0.000ns fall@10.000ns period=20.000ns})
  Path Group:             clkout0_1
  Path Type:              Setup (Max at Slow Process Corner)
  Requirement:            20.000ns  (clkout0_1 rise@20.000ns - clkout0_1 rise@0.000ns)
  Data Path Delay:        18.428ns  (logic 6.452ns (35.012%)  route 11.976ns (64.988%))
  Logic Levels:           28  (CARRY4=10 LUT1=1 LUT3=3 LUT4=4 LUT5=3 LUT6=7)
  Clock Path Skew:        -0.056ns (DCD - SCD + CPR)
    Destination Clock Delay (DCD):    4.413ns = ( 24.413 - 20.000 ) 
    Source Clock Delay      (SCD):    4.811ns
    Clock Pessimism Removal (CPR):    0.342ns
  Clock Uncertainty:      0.094ns  ((TSJ^2 + DJ^2)^1/2) / 2 + PE
    Total System Jitter     (TSJ):    0.071ns
    Discrete Jitter          (DJ):    0.175ns
    Phase Error              (PE):    0.000ns

    Location             Delay type                Incr(ns)  Path(ns)    Netlist Resource(s)
  -------------------------------------------------------------------    -------------------
                         (clock clkout0_1 rise edge)
                                                      0.000     0.000 r  
    W17                                               0.000     0.000 r  sys_clk (IN)
                         net (fo=0)                   0.000     0.000    sys_clk
    W17                  IBUF (Prop_ibuf_I_O)         1.415     1.415 r  sys_clk_IBUF_inst/O
                         net (fo=1, routed)           1.873     3.288    sys_clk_IBUF
    BUFGCTRL_X0Y4        BUFG (Prop_bufg_I_O)         0.085     3.373 r  sys_clk_IBUF_BUFG_inst/O
                         net (fo=182, routed)         1.550     4.923    u_pl/u_clk/sys_clk_IBUF_BUFG
    MMCME2_ADV_X1Y0      MMCME2_ADV (Prop_mmcme2_adv_CLKIN1_CLKOUT0)
                                                     -3.232     1.691 r  u_pl/u_clk/u_mmcm/CLKOUT0
                         net (fo=1, routed)           1.597     3.288    u_pl/u_clk/clkout0
    BUFGCTRL_X0Y0        BUFG (Prop_bufg_I_O)         0.085     3.373 r  u_pl/u_clk/u_bufg_pix/O
                         net (fo=3006, routed)        1.438     4.811    u_pl/clk_pix
    SLICE_X59Y63         FDCE                                         r  u_pl/x_d_reg[11][5]/C
  -------------------------------------------------------------------    -------------------
    SLICE_X59Y63         FDCE (Prop_fdce_C_Q)         0.348     5.159 f  u_pl/x_d_reg[11][5]/Q
                         net (fo=6, routed)           0.474     5.633    u_pl/u_osd/r[7]_i_32_1
    SLICE_X58Y63         LUT1 (Prop_lut1_I0_O)        0.239     5.872 r  u_pl/u_osd/r[7]_i_62/O
                         net (fo=1, routed)           0.000     5.872    u_pl/u_osd/r[7]_i_62_n_0
    SLICE_X58Y63         CARRY4 (Prop_carry4_S[2]_CO[3])
                                                      0.316     6.188 r  u_pl/u_osd/r_reg[7]_i_44/CO[3]
                         net (fo=1, routed)           0.000     6.188    u_pl/u_osd/r_reg[7]_i_44_n_0
    SLICE_X58Y64         CARRY4 (Prop_carry4_CI_O[1])
                                                      0.257     6.445 f  u_pl/u_osd/g0_b4_i_201/O[1]
                         net (fo=20, routed)          0.690     7.134    u_pl/u_osd/lx[8]
    SLICE_X57Y66         LUT3 (Prop_lut3_I1_O)        0.245     7.379 r  u_pl/u_osd/g0_b4_i_371/O
                         net (fo=4, routed)           0.370     7.749    u_pl/u_osd/g0_b4_i_371_n_0
    SLICE_X55Y65         LUT4 (Prop_lut4_I3_O)        0.105     7.854 r  u_pl/u_osd/g0_b4_i_375/O
                         net (fo=1, routed)           0.000     7.854    u_pl/u_osd/g0_b4_i_375_n_0
    SLICE_X55Y65         CARRY4 (Prop_carry4_S[1]_CO[3])
                                                      0.457     8.311 r  u_pl/u_osd/g0_b4_i_285/CO[3]
                         net (fo=1, routed)           0.000     8.311    u_pl/u_osd/g0_b4_i_285_n_0
    SLICE_X55Y66         CARRY4 (Prop_carry4_CI_O[0])
                                                      0.180     8.491 r  u_pl/u_osd/g0_b4_i_252/O[0]
                         net (fo=2, routed)           0.680     9.171    u_pl/u_osd/g0_b4_i_252_n_7
    SLICE_X57Y66         LUT3 (Prop_lut3_I1_O)        0.259     9.430 r  u_pl/u_osd/g0_b4_i_191/O
                         net (fo=2, routed)           0.447     9.877    u_pl/u_osd/g0_b4_i_191_n_0
    SLICE_X56Y67         LUT4 (Prop_lut4_I3_O)        0.267    10.144 r  u_pl/u_osd/g0_b4_i_195/O
                         net (fo=1, routed)           0.000    10.144    u_pl/u_osd/g0_b4_i_195_n_0
    SLICE_X56Y67         CARRY4 (Prop_carry4_S[3]_CO[3])
                                                      0.332    10.476 r  u_pl/u_osd/g0_b4_i_95/CO[3]
                         net (fo=1, routed)           0.000    10.476    u_pl/u_osd/g0_b4_i_95_n_0
    SLICE_X56Y68         CARRY4 (Prop_carry4_CI_O[1])
                                                      0.265    10.741 r  u_pl/u_osd/g0_b4_i_73/O[1]
                         net (fo=12, routed)          0.442    11.182    u_pl/u_osd/g0_b4_i_153_0[0]
    SLICE_X58Y68         CARRY4 (Prop_carry4_DI[1]_CO[3])
                                                      0.575    11.757 r  u_pl/u_osd/g0_b4_i_286/CO[3]
                         net (fo=1, routed)           0.000    11.757    u_pl/u_osd/g0_b4_i_286_n_0
    SLICE_X58Y69         CARRY4 (Prop_carry4_CI_O[0])
                                                      0.178    11.935 r  u_pl/u_osd/g0_b4_i_199/O[0]
                         net (fo=3, routed)           0.469    12.404    u_pl/u_osd/g0_b4_i_199_n_7
    SLICE_X57Y69         LUT4 (Prop_lut4_I2_O)        0.238    12.642 r  u_pl/u_osd/g0_b4_i_303/O
                         net (fo=1, routed)           0.000    12.642    u_pl/u_osd/g0_b4_i_303_n_0
    SLICE_X57Y69         CARRY4 (Prop_carry4_S[1]_CO[3])
                                                      0.457    13.099 r  u_pl/u_osd/g0_b4_i_203/CO[3]
                         net (fo=1, routed)           0.000    13.099    u_pl/u_osd/g0_b4_i_203_n_0
    SLICE_X57Y70         CARRY4 (Prop_carry4_CI_CO[1])
                                                      0.132    13.231 f  u_pl/u_osd/g0_b4_i_98/CO[1]
                         net (fo=20, routed)          0.700    13.931    u_pl/u_osd/CO[0]
    SLICE_X53Y70         LUT4 (Prop_lut4_I3_O)        0.275    14.206 r  u_pl/u_osd/g0_b4_i_134/O
                         net (fo=5, routed)           0.806    15.012    u_pl/u_osd/g0_b4_i_134_n_0
    SLICE_X48Y70         LUT5 (Prop_lut5_I1_O)        0.105    15.117 r  u_pl/u_osd/g0_b4_i_58/O
                         net (fo=27, routed)          0.973    16.089    u_pl/u_lm_x/g0_b4_i_37
    SLICE_X49Y80         LUT6 (Prop_lut6_I4_O)        0.105    16.194 r  u_pl/u_lm_x/g0_b4_i_53/O
                         net (fo=1, routed)           0.860    17.054    u_pl/u_osd/g0_b4_i_7_1
    SLICE_X41Y71         LUT5 (Prop_lut5_I1_O)        0.105    17.159 r  u_pl/u_osd/g0_b4_i_17/O
                         net (fo=1, routed)           0.630    17.789    u_pl/u_osd/g0_b4_i_17_n_0
    SLICE_X45Y70         LUT6 (Prop_lut6_I0_O)        0.105    17.894 r  u_pl/u_osd/g0_b4_i_7/O
                         net (fo=6, routed)           0.971    18.865    u_pl/u_mode/g0_b4
    SLICE_X53Y69         LUT6 (Prop_lut6_I0_O)        0.105    18.970 r  u_pl/u_mode/g0_b4_i_1/O
                         net (fo=35, routed)          1.383    20.354    u_pl/u_mode_n_24
    SLICE_X66Y69         LUT5 (Prop_lut5_I0_O)        0.118    20.472 f  u_pl/g0_b0__1/O
                         net (fo=1, routed)           0.124    20.596    u_pl/u_mode/r[7]_i_53_1
    SLICE_X66Y69         LUT3 (Prop_lut3_I1_O)        0.264    20.860 f  u_pl/u_mode/r_reg[7]_i_67/O
                         net (fo=1, routed)           0.647    21.507    u_pl/u_mode/r_reg[7]_i_67_n_0
    SLICE_X65Y64         LUT6 (Prop_lut6_I4_O)        0.105    21.612 f  u_pl/u_mode/r[7]_i_53/O
                         net (fo=1, routed)           0.343    21.955    u_pl/u_mode/r[7]_i_53_n_0
    SLICE_X65Y64         LUT6 (Prop_lut6_I5_O)        0.105    22.060 r  u_pl/u_mode/r[7]_i_21/O
                         net (fo=1, routed)           0.451    22.511    u_pl/u_mode/r[7]_i_21_n_0
    SLICE_X65Y64         LUT6 (Prop_lut6_I0_O)        0.105    22.616 f  u_pl/u_mode/r[7]_i_6__0/O
                         net (fo=19, routed)          0.518    23.134    u_pl/u_mode/r[7]_i_6__0_n_0
    SLICE_X67Y64         LUT6 (Prop_lut6_I5_O)        0.105    23.239 r  u_pl/u_mode/b[6]_i_1__0/O
                         net (fo=1, routed)           0.000    23.239    u_pl/u_osd/b_reg[7]_0[4]
    SLICE_X67Y64         FDCE                                         r  u_pl/u_osd/b_reg[6]/D
  -------------------------------------------------------------------    -------------------

                         (clock clkout0_1 rise edge)
                                                     20.000    20.000 r  
    W17                                               0.000    20.000 r  sys_clk (IN)
                         net (fo=0)                   0.000    20.000    sys_clk
    W17                  IBUF (Prop_ibuf_I_O)         1.349    21.349 r  sys_clk_IBUF_inst/O
                         net (fo=1, routed)           1.701    23.050    sys_clk_IBUF
    BUFGCTRL_X0Y4        BUFG (Prop_bufg_I_O)         0.077    23.127 r  sys_clk_IBUF_BUFG_inst/O
                         net (fo=182, routed)         1.384    24.511    u_pl/u_clk/sys_clk_IBUF_BUFG
    MMCME2_ADV_X1Y0      MMCME2_ADV (Prop_mmcme2_adv_CLKIN1_CLKOUT0)
                                                     -2.915    21.596 r  u_pl/u_clk/u_mmcm/CLKOUT0
                         net (fo=1, routed)           1.454    23.050    u_pl/u_clk/clkout0
    BUFGCTRL_X0Y0        BUFG (Prop_bufg_I_O)         0.077    23.127 r  u_pl/u_clk/u_bufg_pix/O
                         net (fo=3006, routed)        1.286    24.413    u_pl/u_osd/clk_pix
    SLICE_X67Y64         FDCE                                         r  u_pl/u_osd/b_reg[6]/C
                         clock pessimism              0.342    24.755    
                         clock uncertainty           -0.094    24.661    
    SLICE_X67Y64         FDCE (Setup_fdce_C_D)        0.030    24.691    u_pl/u_osd/b_reg[6]
  -------------------------------------------------------------------
                         required time                         24.691    
                         arrival time                         -23.239    
  -------------------------------------------------------------------
                         slack                                  1.452    





Min Delay Paths
--------------------------------------------------------------------------------------
Slack (MET) :             0.070ns  (arrival time - required time)
  Source:                 u_pl/y_d_reg[10][2]_u_pl_hs_d_reg_c_8/C
                            (rising edge-triggered cell FDRE clocked by clkout0_1  {rise@0.000ns fall@10.000ns period=20.000ns})
  Destination:            u_pl/y_d_reg[11][2]/D
                            (rising edge-triggered cell FDCE clocked by clkout0_1  {rise@0.000ns fall@10.000ns period=20.000ns})
  Path Group:             clkout0_1
  Path Type:              Hold (Min at Fast Process Corner)
  Requirement:            0.000ns  (clkout0_1 rise@0.000ns - clkout0_1 rise@0.000ns)
  Data Path Delay:        0.448ns  (logic 0.246ns (54.853%)  route 0.202ns (45.147%))
  Logic Levels:           1  (LUT2=1)
  Clock Path Skew:        0.258ns (DCD - SCD - CPR)
    Destination Clock Delay (DCD):    2.020ns
    Source Clock Delay      (SCD):    1.509ns
    Clock Pessimism Removal (CPR):    0.253ns

    Location             Delay type                Incr(ns)  Path(ns)    Netlist Resource(s)
  -------------------------------------------------------------------    -------------------
                         (clock clkout0_1 rise edge)
                                                      0.000     0.000 r  
    W17                                               0.000     0.000 r  sys_clk (IN)
                         net (fo=0)                   0.000     0.000    sys_clk
    W17                  IBUF (Prop_ibuf_I_O)         0.252     0.252 r  sys_clk_IBUF_inst/O
                         net (fo=1, routed)           0.674     0.926    sys_clk_IBUF
    BUFGCTRL_X0Y4        BUFG (Prop_bufg_I_O)         0.026     0.952 r  sys_clk_IBUF_BUFG_inst/O
                         net (fo=182, routed)         0.595     1.547    u_pl/u_clk/sys_clk_IBUF_BUFG
    MMCME2_ADV_X1Y0      MMCME2_ADV (Prop_mmcme2_adv_CLKIN1_CLKOUT0)
                                                     -1.150     0.397 r  u_pl/u_clk/u_mmcm/CLKOUT0
                         net (fo=1, routed)           0.529     0.926    u_pl/u_clk/clkout0
    BUFGCTRL_X0Y0        BUFG (Prop_bufg_I_O)         0.026     0.952 r  u_pl/u_clk/u_bufg_pix/O
                         net (fo=3006, routed)        0.557     1.509    u_pl/clk_pix
    SLICE_X46Y59         FDRE                                         r  u_pl/y_d_reg[10][2]_u_pl_hs_d_reg_c_8/C
  -------------------------------------------------------------------    -------------------
    SLICE_X46Y59         FDRE (Prop_fdre_C_Q)         0.148     1.657 r  u_pl/y_d_reg[10][2]_u_pl_hs_d_reg_c_8/Q
                         net (fo=1, routed)           0.202     1.859    u_pl/y_d_reg[10][2]_u_pl_hs_d_reg_c_8_n_0
    SLICE_X50Y60         LUT2 (Prop_lut2_I0_O)        0.098     1.957 r  u_pl/y_d_reg_gate__8/O
                         net (fo=1, routed)           0.000     1.957    u_pl/y_d_reg_gate__8_n_0
    SLICE_X50Y60         FDCE                                         r  u_pl/y_d_reg[11][2]/D
  -------------------------------------------------------------------    -------------------

                         (clock clkout0_1 rise edge)
                                                      0.000     0.000 r  
    W17                                               0.000     0.000 r  sys_clk (IN)
                         net (fo=0)                   0.000     0.000    sys_clk
    W17                  IBUF (Prop_ibuf_I_O)         0.440     0.440 r  sys_clk_IBUF_inst/O
                         net (fo=1, routed)           0.731     1.171    sys_clk_IBUF
    BUFGCTRL_X0Y4        BUFG (Prop_bufg_I_O)         0.029     1.200 r  sys_clk_IBUF_BUFG_inst/O
                         net (fo=182, routed)         0.862     2.062    u_pl/u_clk/sys_clk_IBUF_BUFG
    MMCME2_ADV_X1Y0      MMCME2_ADV (Prop_mmcme2_adv_CLKIN1_CLKOUT0)
                                                     -1.467     0.595 r  u_pl/u_clk/u_mmcm/CLKOUT0
                         net (fo=1, routed)           0.576     1.171    u_pl/u_clk/clkout0
    BUFGCTRL_X0Y0        BUFG (Prop_bufg_I_O)         0.029     1.200 r  u_pl/u_clk/u_bufg_pix/O
                         net (fo=3006, routed)        0.820     2.020    u_pl/clk_pix
    SLICE_X50Y60         FDCE                                         r  u_pl/y_d_reg[11][2]/C
                         clock pessimism             -0.253     1.767    
    SLICE_X50Y60         FDCE (Hold_fdce_C_D)         0.120     1.887    u_pl/y_d_reg[11][2]
  -------------------------------------------------------------------
                         required time                         -1.887    
                         arrival time                           1.957    
  -------------------------------------------------------------------
                         slack                                  0.070    





Pulse Width Checks
--------------------------------------------------------------------------------------
Clock Name:         clkout0_1
Waveform(ns):       { 0.000 10.000 }
Period(ns):         20.000
Sources:            { u_pl/u_clk/u_mmcm/CLKOUT0 }

Check Type        Corner  Lib Pin             Reference Pin  Required(ns)  Actual(ns)  Slack(ns)  Location         Pin
Min Period        n/a     DSP48E1/CLK         n/a            3.272         20.000      16.728     DSP48_X2Y23      u_pl/u_zmap/yr_m_reg/CLK
Max Period        n/a     MMCME2_ADV/CLKOUT0  n/a            213.360       20.000      193.360    MMCME2_ADV_X1Y0  u_pl/u_clk/u_mmcm/CLKOUT0
Low Pulse Width   Slow    RAMS64E/CLK         n/a            1.130         10.000      8.870      SLICE_X58Y67     u_pl/u_pipe/u_blur/lb1_reg_0_255_0_0/RAMS64E_A/CLK
High Pulse Width  Slow    RAMS64E/CLK         n/a            1.130         10.000      8.870      SLICE_X58Y67     u_pl/u_pipe/u_blur/lb1_reg_0_255_0_0/RAMS64E_A/CLK



---------------------------------------------------------------------------------------------------
From Clock:  clkout1_1
  To Clock:  clkout1_1

Setup :           NA  Failing Endpoints,  Worst Slack           NA  ,  Total Violation           NA
Hold  :           NA  Failing Endpoints,  Worst Slack           NA  ,  Total Violation           NA
PW    :            0  Failing Endpoints,  Worst Slack        2.408ns,  Total Violation        0.000ns
---------------------------------------------------------------------------------------------------


Pulse Width Checks
--------------------------------------------------------------------------------------
Clock Name:         clkout1_1
Waveform(ns):       { 0.000 2.000 }
Period(ns):         4.000
Sources:            { u_pl/u_clk/u_mmcm/CLKOUT1 }

Check Type  Corner  Lib Pin             Reference Pin  Required(ns)  Actual(ns)  Slack(ns)  Location         Pin
Min Period  n/a     BUFG/I              n/a            1.592         4.000       2.408      BUFGCTRL_X0Y2    u_pl/u_clk/u_bufg_5x/I
Max Period  n/a     MMCME2_ADV/CLKOUT1  n/a            213.360       4.000       209.360    MMCME2_ADV_X1Y0  u_pl/u_clk/u_mmcm/CLKOUT1



---------------------------------------------------------------------------------------------------
From Clock:  clkout2
  To Clock:  clkout2

Setup :           NA  Failing Endpoints,  Worst Slack           NA  ,  Total Violation           NA
Hold  :           NA  Failing Endpoints,  Worst Slack           NA  ,  Total Violation           NA
PW    :            0  Failing Endpoints,  Worst Slack        0.264ns,  Total Violation        0.000ns
---------------------------------------------------------------------------------------------------


Pulse Width Checks
--------------------------------------------------------------------------------------
Clock Name:         clkout2
Waveform(ns):       { 0.000 2.500 }
Period(ns):         5.000
Sources:            { u_idelay_clkgen/u_mmcm/CLKOUT2 }

Check Type  Corner  Lib Pin            Reference Pin  Required(ns)  Actual(ns)  Slack(ns)  Location         Pin
Min Period  n/a     IDELAYCTRL/REFCLK  n/a            2.438         5.000       2.562      IDELAYCTRL_X1Y0  u_eth/u_rgmii/u_rgmii_rx/IDELAYCTRL_inst/REFCLK
Max Period  n/a     IDELAYCTRL/REFCLK  n/a            5.264         5.000       0.264      IDELAYCTRL_X1Y0  u_eth/u_rgmii/u_rgmii_rx/IDELAYCTRL_inst/REFCLK



---------------------------------------------------------------------------------------------------
From Clock:  clkout0_1
  To Clock:  sys_clk

Setup :            0  Failing Endpoints,  Worst Slack       16.897ns,  Total Violation        0.000ns
Hold  :            0  Failing Endpoints,  Worst Slack        0.322ns,  Total Violation        0.000ns
---------------------------------------------------------------------------------------------------


Max Delay Paths
--------------------------------------------------------------------------------------
Slack (MET) :             16.897ns  (required time - arrival time)
  Source:                 u_pl/vs_pix_d1_reg/C
                            (rising edge-triggered cell FDRE clocked by clkout0_1  {rise@0.000ns fall@10.000ns period=20.000ns})
  Destination:            u_pl/vt0_reg/D
                            (rising edge-triggered cell FDRE clocked by sys_clk  {rise@0.000ns fall@10.000ns period=20.000ns})
  Path Group:             sys_clk
  Path Type:              Setup (Max at Slow Process Corner)
  Requirement:            20.000ns  (sys_clk rise@20.000ns - clkout0_1 rise@0.000ns)
  Data Path Delay:        2.621ns  (logic 0.484ns (18.463%)  route 2.137ns (81.537%))
  Logic Levels:           1  (LUT2=1)
  Clock Path Skew:        -0.152ns (DCD - SCD + CPR)
    Destination Clock Delay (DCD):    4.359ns = ( 24.359 - 20.000 ) 
    Source Clock Delay      (SCD):    4.757ns
    Clock Pessimism Removal (CPR):    0.246ns
  Clock Uncertainty:      0.259ns  ((TSJ^2 + DJ^2)^1/2) / 2 + PE
    Total System Jitter     (TSJ):    0.071ns
    Discrete Jitter          (DJ):    0.175ns
    Phase Error              (PE):    0.165ns

    Location             Delay type                Incr(ns)  Path(ns)    Netlist Resource(s)
  -------------------------------------------------------------------    -------------------
                         (clock clkout0_1 rise edge)
                                                      0.000     0.000 r  
    W17                                               0.000     0.000 r  sys_clk (IN)
                         net (fo=0)                   0.000     0.000    sys_clk
    W17                  IBUF (Prop_ibuf_I_O)         1.415     1.415 r  sys_clk_IBUF_inst/O
                         net (fo=1, routed)           1.873     3.288    sys_clk_IBUF
    BUFGCTRL_X0Y4        BUFG (Prop_bufg_I_O)         0.085     3.373 r  sys_clk_IBUF_BUFG_inst/O
                         net (fo=182, routed)         1.550     4.923    u_pl/u_clk/sys_clk_IBUF_BUFG
    MMCME2_ADV_X1Y0      MMCME2_ADV (Prop_mmcme2_adv_CLKIN1_CLKOUT0)
                                                     -3.232     1.691 r  u_pl/u_clk/u_mmcm/CLKOUT0
                         net (fo=1, routed)           1.597     3.288    u_pl/u_clk/clkout0
    BUFGCTRL_X0Y0        BUFG (Prop_bufg_I_O)         0.085     3.373 r  u_pl/u_clk/u_bufg_pix/O
                         net (fo=3006, routed)        1.384     4.757    u_pl/clk_pix
    SLICE_X49Y63         FDRE                                         r  u_pl/vs_pix_d1_reg/C
  -------------------------------------------------------------------    -------------------
    SLICE_X49Y63         FDRE (Prop_fdre_C_Q)         0.379     5.136 f  u_pl/vs_pix_d1_reg/Q
                         net (fo=1, routed)           1.046     6.182    u_pl/vs_pix_d1
    SLICE_X49Y63         LUT2 (Prop_lut2_I1_O)        0.105     6.287 r  u_pl/vt0_i_1/O
                         net (fo=1, routed)           1.091     7.379    u_pl/vs_tick
    SLICE_X48Y63         FDRE                                         r  u_pl/vt0_reg/D
  -------------------------------------------------------------------    -------------------

                         (clock sys_clk rise edge)   20.000    20.000 r  
    W17                                               0.000    20.000 r  sys_clk (IN)
                         net (fo=0)                   0.000    20.000    sys_clk
    W17                  IBUF (Prop_ibuf_I_O)         1.349    21.349 r  sys_clk_IBUF_inst/O
                         net (fo=1, routed)           1.701    23.050    sys_clk_IBUF
    BUFGCTRL_X0Y4        BUFG (Prop_bufg_I_O)         0.077    23.127 r  sys_clk_IBUF_BUFG_inst/O
                         net (fo=182, routed)         1.232    24.359    u_pl/sys_clk_IBUF_BUFG
    SLICE_X48Y63         FDRE                                         r  u_pl/vt0_reg/C
                         clock pessimism              0.246    24.605    
                         clock uncertainty           -0.259    24.346    
    SLICE_X48Y63         FDRE (Setup_fdre_C_D)       -0.070    24.276    u_pl/vt0_reg
  -------------------------------------------------------------------
                         required time                         24.276    
                         arrival time                          -7.379    
  -------------------------------------------------------------------
                         slack                                 16.897    





Min Delay Paths
--------------------------------------------------------------------------------------
Slack (MET) :             0.322ns  (arrival time - required time)
  Source:                 u_pl/vs_pix_d0_reg/C
                            (rising edge-triggered cell FDRE clocked by clkout0_1  {rise@0.000ns fall@10.000ns period=20.000ns})
  Destination:            u_pl/vt0_reg/D
                            (rising edge-triggered cell FDRE clocked by sys_clk  {rise@0.000ns fall@10.000ns period=20.000ns})
  Path Group:             sys_clk
  Path Type:              Hold (Min at Fast Process Corner)
  Requirement:            0.000ns  (sys_clk rise@0.000ns - clkout0_1 rise@0.000ns)
  Data Path Delay:        0.909ns  (logic 0.186ns (20.462%)  route 0.723ns (79.538%))
  Logic Levels:           1  (LUT2=1)
  Clock Path Skew:        0.266ns (DCD - SCD - CPR)
    Destination Clock Delay (DCD):    2.021ns
    Source Clock Delay      (SCD):    1.507ns
    Clock Pessimism Removal (CPR):    0.248ns
  Clock Uncertainty:      0.259ns  ((TSJ^2 + DJ^2)^1/2) / 2 + PE
    Total System Jitter     (TSJ):    0.071ns
    Discrete Jitter          (DJ):    0.175ns
    Phase Error              (PE):    0.165ns

    Location             Delay type                Incr(ns)  Path(ns)    Netlist Resource(s)
  -------------------------------------------------------------------    -------------------
                         (clock clkout0_1 rise edge)
                                                      0.000     0.000 r  
    W17                                               0.000     0.000 r  sys_clk (IN)
                         net (fo=0)                   0.000     0.000    sys_clk
    W17                  IBUF (Prop_ibuf_I_O)         0.252     0.252 r  sys_clk_IBUF_inst/O
                         net (fo=1, routed)           0.674     0.926    sys_clk_IBUF
    BUFGCTRL_X0Y4        BUFG (Prop_bufg_I_O)         0.026     0.952 r  sys_clk_IBUF_BUFG_inst/O
                         net (fo=182, routed)         0.595     1.547    u_pl/u_clk/sys_clk_IBUF_BUFG
    MMCME2_ADV_X1Y0      MMCME2_ADV (Prop_mmcme2_adv_CLKIN1_CLKOUT0)
                                                     -1.150     0.397 r  u_pl/u_clk/u_mmcm/CLKOUT0
                         net (fo=1, routed)           0.529     0.926    u_pl/u_clk/clkout0
    BUFGCTRL_X0Y0        BUFG (Prop_bufg_I_O)         0.026     0.952 r  u_pl/u_clk/u_bufg_pix/O
                         net (fo=3006, routed)        0.555     1.507    u_pl/clk_pix
    SLICE_X49Y60         FDRE                                         r  u_pl/vs_pix_d0_reg/C
  -------------------------------------------------------------------    -------------------
    SLICE_X49Y60         FDRE (Prop_fdre_C_Q)         0.141     1.648 r  u_pl/vs_pix_d0_reg/Q
                         net (fo=2, routed)           0.255     1.903    u_pl/vs_pix_d0
    SLICE_X49Y63         LUT2 (Prop_lut2_I0_O)        0.045     1.948 r  u_pl/vt0_i_1/O
                         net (fo=1, routed)           0.468     2.416    u_pl/vs_tick
    SLICE_X48Y63         FDRE                                         r  u_pl/vt0_reg/D
  -------------------------------------------------------------------    -------------------

                         (clock sys_clk rise edge)    0.000     0.000 r  
    W17                                               0.000     0.000 r  sys_clk (IN)
                         net (fo=0)                   0.000     0.000    sys_clk
    W17                  IBUF (Prop_ibuf_I_O)         0.440     0.440 r  sys_clk_IBUF_inst/O
                         net (fo=1, routed)           0.731     1.171    sys_clk_IBUF
    BUFGCTRL_X0Y4        BUFG (Prop_bufg_I_O)         0.029     1.200 r  sys_clk_IBUF_BUFG_inst/O
                         net (fo=182, routed)         0.821     2.021    u_pl/sys_clk_IBUF_BUFG
    SLICE_X48Y63         FDRE                                         r  u_pl/vt0_reg/C
                         clock pessimism             -0.248     1.773    
                         clock uncertainty            0.259     2.032    
    SLICE_X48Y63         FDRE (Hold_fdre_C_D)         0.061     2.093    u_pl/vt0_reg
  -------------------------------------------------------------------
                         required time                         -2.093    
                         arrival time                           2.416    
  -------------------------------------------------------------------
                         slack                                  0.322    





---------------------------------------------------------------------------------------------------
From Clock:  sys_clk
  To Clock:  clkout0_1

Setup :            0  Failing Endpoints,  Worst Slack        7.053ns,  Total Violation        0.000ns
Hold  :            0  Failing Endpoints,  Worst Slack        0.240ns,  Total Violation        0.000ns
---------------------------------------------------------------------------------------------------


Max Delay Paths
--------------------------------------------------------------------------------------
Slack (MET) :             7.053ns  (required time - arrival time)
  Source:                 u_pl/u_ang/angle_reg[3]/C
                            (rising edge-triggered cell FDRE clocked by sys_clk  {rise@0.000ns fall@10.000ns period=20.000ns})
  Destination:            u_pl/u_osd/b_reg[6]/D
                            (rising edge-triggered cell FDCE clocked by clkout0_1  {rise@0.000ns fall@10.000ns period=20.000ns})
  Path Group:             clkout0_1
  Path Type:              Setup (Max at Slow Process Corner)
  Requirement:            20.000ns  (clkout0_1 rise@20.000ns - sys_clk rise@0.000ns)
  Data Path Delay:        12.613ns  (logic 3.833ns (30.389%)  route 8.780ns (69.611%))
  Logic Levels:           18  (CARRY4=4 LUT2=1 LUT3=2 LUT5=3 LUT6=8)
  Clock Path Skew:        -0.105ns (DCD - SCD + CPR)
    Destination Clock Delay (DCD):    4.413ns = ( 24.413 - 20.000 ) 
    Source Clock Delay      (SCD):    4.764ns
    Clock Pessimism Removal (CPR):    0.246ns
  Clock Uncertainty:      0.259ns  ((TSJ^2 + DJ^2)^1/2) / 2 + PE
    Total System Jitter     (TSJ):    0.071ns
    Discrete Jitter          (DJ):    0.175ns
    Phase Error              (PE):    0.165ns

    Location             Delay type                Incr(ns)  Path(ns)    Netlist Resource(s)
  -------------------------------------------------------------------    -------------------
                         (clock sys_clk rise edge)    0.000     0.000 r  
    W17                                               0.000     0.000 r  sys_clk (IN)
                         net (fo=0)                   0.000     0.000    sys_clk
    W17                  IBUF (Prop_ibuf_I_O)         1.415     1.415 r  sys_clk_IBUF_inst/O
                         net (fo=1, routed)           1.873     3.288    sys_clk_IBUF
    BUFGCTRL_X0Y4        BUFG (Prop_bufg_I_O)         0.085     3.373 r  sys_clk_IBUF_BUFG_inst/O
                         net (fo=182, routed)         1.391     4.764    u_pl/u_ang/sys_clk_IBUF_BUFG
    SLICE_X39Y59         FDRE                                         r  u_pl/u_ang/angle_reg[3]/C
  -------------------------------------------------------------------    -------------------
    SLICE_X39Y59         FDRE (Prop_fdre_C_Q)         0.379     5.143 r  u_pl/u_ang/angle_reg[3]/Q
                         net (fo=98, routed)          0.962     6.105    u_pl/u_ang/angle_reg[3]_0
    SLICE_X37Y68         LUT2 (Prop_lut2_I0_O)        0.105     6.210 r  u_pl/u_ang/g0_b4_i_410/O
                         net (fo=1, routed)           0.000     6.210    u_pl/u_ang/g0_b4_i_410_n_0
    SLICE_X37Y68         CARRY4 (Prop_carry4_S[2]_CO[3])
                                                      0.332     6.542 r  u_pl/u_ang/g0_b4_i_333/CO[3]
                         net (fo=1, routed)           0.000     6.542    u_pl/u_ang/g0_b4_i_333_n_0
    SLICE_X37Y69         CARRY4 (Prop_carry4_CI_CO[3])
                                                      0.098     6.640 r  u_pl/u_ang/g0_b4_i_247/CO[3]
                         net (fo=1, routed)           0.000     6.640    u_pl/u_ang/g0_b4_i_247_n_0
    SLICE_X37Y70         CARRY4 (Prop_carry4_CI_O[1])
                                                      0.265     6.905 r  u_pl/u_ang/g0_b4_i_136/O[1]
                         net (fo=11, routed)          0.821     7.726    u_pl/u_ang/g0_b4_i_136_n_6
    SLICE_X40Y69         LUT3 (Prop_lut3_I0_O)        0.264     7.990 r  u_pl/u_ang/g0_b4_i_340/O
                         net (fo=2, routed)           0.701     8.691    u_pl/u_ang/g0_b4_i_340_n_0
    SLICE_X40Y69         LUT5 (Prop_lut5_I0_O)        0.267     8.958 r  u_pl/u_ang/g0_b4_i_343/O
                         net (fo=1, routed)           0.000     8.958    u_pl/u_ang/g0_b4_i_343_n_0
    SLICE_X40Y69         CARRY4 (Prop_carry4_S[1]_CO[2])
                                                      0.475     9.433 r  u_pl/u_ang/g0_b4_i_248/CO[2]
                         net (fo=2, routed)           0.317     9.750    u_pl/u_ang/g0_b4_i_248_n_1
    SLICE_X41Y70         LUT5 (Prop_lut5_I0_O)        0.264    10.014 f  u_pl/u_ang/g0_b4_i_219/O
                         net (fo=1, routed)           0.670    10.684    u_pl/u_ang/g0_b4_i_219_n_0
    SLICE_X39Y70         LUT6 (Prop_lut6_I2_O)        0.267    10.951 r  u_pl/u_ang/g0_b4_i_110/O
                         net (fo=1, routed)           0.652    11.602    u_pl/u_ang/g0_b4_i_110_n_0
    SLICE_X39Y71         LUT6 (Prop_lut6_I1_O)        0.105    11.707 r  u_pl/u_ang/g0_b4_i_38/O
                         net (fo=1, routed)           0.666    12.374    u_pl/u_mode/r[7]_i_66_2
    SLICE_X43Y71         LUT6 (Prop_lut6_I5_O)        0.105    12.479 r  u_pl/u_mode/g0_b4_i_11/O
                         net (fo=6, routed)           0.525    13.004    u_pl/u_mode/g0_b4_i_11_n_0
    SLICE_X53Y69         LUT6 (Prop_lut6_I4_O)        0.105    13.109 r  u_pl/u_mode/g0_b4_i_1/O
                         net (fo=35, routed)          1.383    14.492    u_pl/u_mode_n_24
    SLICE_X66Y69         LUT5 (Prop_lut5_I0_O)        0.118    14.610 f  u_pl/g0_b0__1/O
                         net (fo=1, routed)           0.124    14.734    u_pl/u_mode/r[7]_i_53_1
    SLICE_X66Y69         LUT3 (Prop_lut3_I1_O)        0.264    14.998 f  u_pl/u_mode/r_reg[7]_i_67/O
                         net (fo=1, routed)           0.647    15.646    u_pl/u_mode/r_reg[7]_i_67_n_0
    SLICE_X65Y64         LUT6 (Prop_lut6_I4_O)        0.105    15.751 f  u_pl/u_mode/r[7]_i_53/O
                         net (fo=1, routed)           0.343    16.093    u_pl/u_mode/r[7]_i_53_n_0
    SLICE_X65Y64         LUT6 (Prop_lut6_I5_O)        0.105    16.198 r  u_pl/u_mode/r[7]_i_21/O
                         net (fo=1, routed)           0.451    16.649    u_pl/u_mode/r[7]_i_21_n_0
    SLICE_X65Y64         LUT6 (Prop_lut6_I0_O)        0.105    16.754 f  u_pl/u_mode/r[7]_i_6__0/O
                         net (fo=19, routed)          0.518    17.272    u_pl/u_mode/r[7]_i_6__0_n_0
    SLICE_X67Y64         LUT6 (Prop_lut6_I5_O)        0.105    17.377 r  u_pl/u_mode/b[6]_i_1__0/O
                         net (fo=1, routed)           0.000    17.377    u_pl/u_osd/b_reg[7]_0[4]
    SLICE_X67Y64         FDCE                                         r  u_pl/u_osd/b_reg[6]/D
  -------------------------------------------------------------------    -------------------

                         (clock clkout0_1 rise edge)
                                                     20.000    20.000 r  
    W17                                               0.000    20.000 r  sys_clk (IN)
                         net (fo=0)                   0.000    20.000    sys_clk
    W17                  IBUF (Prop_ibuf_I_O)         1.349    21.349 r  sys_clk_IBUF_inst/O
                         net (fo=1, routed)           1.701    23.050    sys_clk_IBUF
    BUFGCTRL_X0Y4        BUFG (Prop_bufg_I_O)         0.077    23.127 r  sys_clk_IBUF_BUFG_inst/O
                         net (fo=182, routed)         1.384    24.511    u_pl/u_clk/sys_clk_IBUF_BUFG
    MMCME2_ADV_X1Y0      MMCME2_ADV (Prop_mmcme2_adv_CLKIN1_CLKOUT0)
                                                     -2.915    21.596 r  u_pl/u_clk/u_mmcm/CLKOUT0
                         net (fo=1, routed)           1.454    23.050    u_pl/u_clk/clkout0
    BUFGCTRL_X0Y0        BUFG (Prop_bufg_I_O)         0.077    23.127 r  u_pl/u_clk/u_bufg_pix/O
                         net (fo=3006, routed)        1.286    24.413    u_pl/u_osd/clk_pix
    SLICE_X67Y64         FDCE                                         r  u_pl/u_osd/b_reg[6]/C
                         clock pessimism              0.246    24.659    
                         clock uncertainty           -0.259    24.400    
    SLICE_X67Y64         FDCE (Setup_fdce_C_D)        0.030    24.430    u_pl/u_osd/b_reg[6]
  -------------------------------------------------------------------
                         required time                         24.430    
                         arrival time                         -17.377    
  -------------------------------------------------------------------
                         slack                                  7.053    





Min Delay Paths
--------------------------------------------------------------------------------------
Slack (MET) :             0.240ns  (arrival time - required time)
  Source:                 u_pl/u_k1l/tog_reg/C
                            (rising edge-triggered cell FDRE clocked by sys_clk  {rise@0.000ns fall@10.000ns period=20.000ns})
  Destination:            u_pl/u_mode/lsync_reg[0]/D
                            (rising edge-triggered cell FDCE clocked by clkout0_1  {rise@0.000ns fall@10.000ns period=20.000ns})
  Path Group:             clkout0_1
  Path Type:              Hold (Min at Fast Process Corner)
  Requirement:            0.000ns  (clkout0_1 rise@0.000ns - sys_clk rise@0.000ns)
  Data Path Delay:        0.753ns  (logic 0.128ns (16.993%)  route 0.625ns (83.007%))
  Logic Levels:           0  
  Clock Path Skew:        0.262ns (DCD - SCD - CPR)
    Destination Clock Delay (DCD):    2.037ns
    Source Clock Delay      (SCD):    1.527ns
    Clock Pessimism Removal (CPR):    0.248ns
  Clock Uncertainty:      0.259ns  ((TSJ^2 + DJ^2)^1/2) / 2 + PE
    Total System Jitter     (TSJ):    0.071ns
    Discrete Jitter          (DJ):    0.175ns
    Phase Error              (PE):    0.165ns

    Location             Delay type                Incr(ns)  Path(ns)    Netlist Resource(s)
  -------------------------------------------------------------------    -------------------
                         (clock sys_clk rise edge)    0.000     0.000 r  
    W17                                               0.000     0.000 r  sys_clk (IN)
                         net (fo=0)                   0.000     0.000    sys_clk
    W17                  IBUF (Prop_ibuf_I_O)         0.252     0.252 r  sys_clk_IBUF_inst/O
                         net (fo=1, routed)           0.674     0.926    sys_clk_IBUF
    BUFGCTRL_X0Y4        BUFG (Prop_bufg_I_O)         0.026     0.952 r  sys_clk_IBUF_BUFG_inst/O
                         net (fo=182, routed)         0.575     1.527    u_pl/u_k1l/sys_clk_IBUF_BUFG
    SLICE_X81Y72         FDRE                                         r  u_pl/u_k1l/tog_reg/C
  -------------------------------------------------------------------    -------------------
    SLICE_X81Y72         FDRE (Prop_fdre_C_Q)         0.128     1.655 r  u_pl/u_k1l/tog_reg/Q
                         net (fo=3, routed)           0.625     2.280    u_pl/u_mode/lsync_reg[0]_0[0]
    SLICE_X63Y72         FDCE                                         r  u_pl/u_mode/lsync_reg[0]/D
  -------------------------------------------------------------------    -------------------

                         (clock clkout0_1 rise edge)
                                                      0.000     0.000 r  
    W17                                               0.000     0.000 r  sys_clk (IN)
                         net (fo=0)                   0.000     0.000    sys_clk
    W17                  IBUF (Prop_ibuf_I_O)         0.440     0.440 r  sys_clk_IBUF_inst/O
                         net (fo=1, routed)           0.731     1.171    sys_clk_IBUF
    BUFGCTRL_X0Y4        BUFG (Prop_bufg_I_O)         0.029     1.200 r  sys_clk_IBUF_BUFG_inst/O
                         net (fo=182, routed)         0.862     2.062    u_pl/u_clk/sys_clk_IBUF_BUFG
    MMCME2_ADV_X1Y0      MMCME2_ADV (Prop_mmcme2_adv_CLKIN1_CLKOUT0)
                                                     -1.467     0.595 r  u_pl/u_clk/u_mmcm/CLKOUT0
                         net (fo=1, routed)           0.576     1.171    u_pl/u_clk/clkout0
    BUFGCTRL_X0Y0        BUFG (Prop_bufg_I_O)         0.029     1.200 r  u_pl/u_clk/u_bufg_pix/O
                         net (fo=3006, routed)        0.837     2.037    u_pl/u_mode/clk_pix
    SLICE_X63Y72         FDCE                                         r  u_pl/u_mode/lsync_reg[0]/C
                         clock pessimism             -0.248     1.789    
                         clock uncertainty            0.259     2.048    
    SLICE_X63Y72         FDCE (Hold_fdce_C_D)        -0.008     2.040    u_pl/u_mode/lsync_reg[0]
  -------------------------------------------------------------------
                         required time                         -2.040    
                         arrival time                           2.280    
  -------------------------------------------------------------------
                         slack                                  0.240    





