Copyright 1986-2022 Xilinx, Inc. All Rights Reserved. Copyright 2022-2026 Advanced Micro Devices, Inc. All Rights Reserved.
---------------------------------------------------------------------------------------------------------------------------------------------
| Tool Version : Vivado v.2025.2.1 (win64) Build 6403652 Thu Mar 19 19:48:24 GMT 2026
| Date         : Tue Sep 29 05:39:17 2026
| Host         : Uie-laptop running 64-bit major release  (build 9200)
| Command      : report_timing_summary -file D:/Xilinx/Prj/pro/Video_Processing/build/timing_summary.rpt
| Design       : system_top
| Device       : 7z020-clg484
| Speed File   : -2  PRODUCTION 1.12 2019-11-22
| Design State : Routed
---------------------------------------------------------------------------------------------------------------------------------------------

Timing Summary Report

------------------------------------------------------------------------------------------------
| Timer Settings
| --------------
------------------------------------------------------------------------------------------------

  Enable Multi Corner Analysis               :  Yes
  Enable Pessimism Removal                   :  Yes
  Pessimism Removal Resolution               :  Nearest Common Node
  Enable Input Delay Default Clock           :  No
  Enable Preset / Clear Arcs                 :  No
  Disable Flight Delays                      :  No
  Ignore I/O Paths                           :  No
  Timing Early Launch at Borrowing Latches   :  No
  Borrow Time for Max Delay Exceptions       :  Yes
  Merge Timing Exceptions                    :  Yes
  Inter-SLR Compensation                     :  Conservative

  Corner  Analyze    Analyze    
  Name    Max Paths  Min Paths  
  ------  ---------  ---------  
  Slow    Yes        Yes        
  Fast    Yes        Yes        


------------------------------------------------------------------------------------------------
| Report Methodology
| ------------------
------------------------------------------------------------------------------------------------

Rule       Severity  Description                                                Violations  
---------  --------  ---------------------------------------------------------  ----------  
DPIR-1     Warning   Asynchronous driver check                                  2           
LUTAR-1    Warning   LUT drives async reset alert                               1           
SYNTH-5    Warning   Mapped onto distributed RAM because of timing constraints  336         
SYNTH-6    Warning   Timing of a RAM block might be sub-optimal                 97          
TIMING-9   Warning   Unknown CDC Logic                                          1           
TIMING-10  Warning   Missing property on synchronizer                           1           
TIMING-18  Warning   Missing input or output delay                              7           

Note: This report is based on the most recent report_methodology run and may not be up-to-date. Run report_methodology on the current design for the latest report.



check_timing report

Table of Contents
-----------------
1. checking no_clock (0)
2. checking constant_clock (0)
3. checking pulse_width_clock (0)
4. checking unconstrained_internal_endpoints (0)
5. checking no_input_delay (7)
6. checking no_output_delay (12)
7. checking multiple_clock (0)
8. checking generated_clocks (0)
9. checking loops (0)
10. checking partial_input_delay (0)
11. checking partial_output_delay (0)
12. checking latch_loops (0)

1. checking no_clock (0)
------------------------
 There are 0 register/latch pins with no clock.


2. checking constant_clock (0)
------------------------------
 There are 0 register/latch pins with constant_clock.


3. checking pulse_width_clock (0)
---------------------------------
 There are 0 register/latch pins which need pulse_width check


4. checking unconstrained_internal_endpoints (0)
------------------------------------------------
 There are 0 pins that are not constrained for maximum delay.

 There are 0 pins that are not constrained for maximum delay due to constant clock.


5. checking no_input_delay (7)
------------------------------
 There are 5 input ports with no input delay specified. (HIGH)

 There are 2 input ports with no input delay but user has a false path constraint. (MEDIUM)


6. checking no_output_delay (12)
--------------------------------
 There are 6 ports with no output delay specified. (HIGH)

 There are 6 ports with no output delay but user has a false path constraint (MEDIUM)

 There are 0 ports with no output delay but with a timing clock defined on it or propagating through it


7. checking multiple_clock (0)
------------------------------
 There are 0 register/latch pins with multiple clocks.


8. checking generated_clocks (0)
--------------------------------
 There are 0 generated clocks that are not connected to a clock source.


9. checking loops (0)
---------------------
 There are 0 combinational loops in the design.


10. checking partial_input_delay (0)
------------------------------------
 There are 0 input ports with partial input delay specified.


11. checking partial_output_delay (0)
-------------------------------------
 There are 0 ports with partial output delay specified.


12. checking latch_loops (0)
----------------------------
 There are 0 combinational latch loops in the design through latch input



------------------------------------------------------------------------------------------------
| Design Timing Summary
| ---------------------
------------------------------------------------------------------------------------------------

    WNS(ns)      TNS(ns)  TNS Failing Endpoints  TNS Total Endpoints      WHS(ns)      THS(ns)  THS Failing Endpoints  THS Total Endpoints     WPWS(ns)     TPWS(ns)  TPWS Failing Endpoints  TPWS Total Endpoints  
    -------      -------  ---------------------  -------------------      -------      -------  ---------------------  -------------------     --------     --------  ----------------------  --------------------  
     -0.135       -0.243                      2                50885        0.053        0.000                      0                50885        0.264        0.000                       0                 12523  


Timing constraints are not met.


------------------------------------------------------------------------------------------------
| Clock Summary
| -------------
------------------------------------------------------------------------------------------------

Clock         Waveform(ns)         Period(ns)      Frequency(MHz)
-----         ------------         ----------      --------------
clk_fpga_0    {0.000 5.000}        10.000          100.000         
eth_rxc       {0.000 4.000}        8.000           125.000         
sys_clk       {0.000 10.000}       20.000          50.000          
  clkfbout    {0.000 10.000}       20.000          50.000          
  clkfbout_1  {0.000 10.000}       20.000          50.000          
  clkout0_1   {0.000 10.000}       20.000          50.000          
  clkout1_1   {0.000 2.000}        4.000           250.000         
  clkout2     {0.000 2.500}        5.000           200.000         


------------------------------------------------------------------------------------------------
| Intra Clock Table
| -----------------
------------------------------------------------------------------------------------------------

Clock             WNS(ns)      TNS(ns)  TNS Failing Endpoints  TNS Total Endpoints      WHS(ns)      THS(ns)  THS Failing Endpoints  THS Total Endpoints     WPWS(ns)     TPWS(ns)  TPWS Failing Endpoints  TPWS Total Endpoints  
-----             -------      -------  ---------------------  -------------------      -------      -------  ---------------------  -------------------     --------     --------  ----------------------  --------------------  
clk_fpga_0          1.540        0.000                      0                15713        0.057        0.000                      0                15713        3.870        0.000                       0                  4368  
eth_rxc            -0.135       -0.243                      2                 4721        0.053        0.000                      0                 4721        3.500        0.000                       0                  2481  
sys_clk            14.720        0.000                      0                  255        0.121        0.000                      0                  255        7.000        0.000                       0                   187  
  clkfbout                                                                                                                                                     18.408        0.000                       0                     3  
  clkfbout_1                                                                                                                                                   18.408        0.000                       0                     3  
  clkout0_1         1.183        0.000                      0                30118        0.059        0.000                      0                30118        8.870        0.000                       0                  5468  
  clkout1_1                                                                                                                                                     2.408        0.000                       0                    10  
  clkout2                                                                                                                                                       0.264        0.000                       0                     3  


------------------------------------------------------------------------------------------------
| Inter Clock Table
| -----------------
------------------------------------------------------------------------------------------------

From Clock    To Clock          WNS(ns)      TNS(ns)  TNS Failing Endpoints  TNS Total Endpoints      WHS(ns)      THS(ns)  THS Failing Endpoints  THS Total Endpoints  
----------    --------          -------      -------  ---------------------  -------------------      -------      -------  ---------------------  -------------------  
clkout0_1     sys_clk            14.790        0.000                      0                   22        0.247        0.000                      0                   22  
sys_clk       clkout0_1           2.654        0.000                      0                  191        0.237        0.000                      0                  191  


------------------------------------------------------------------------------------------------
| Other Path Groups Table
| -----------------------
------------------------------------------------------------------------------------------------

Path Group    From Clock    To Clock          WNS(ns)      TNS(ns)  TNS Failing Endpoints  TNS Total Endpoints      WHS(ns)      THS(ns)  THS Failing Endpoints  THS Total Endpoints  
----------    ----------    --------          -------      -------  ---------------------  -------------------      -------      -------  ---------------------  -------------------  


------------------------------------------------------------------------------------------------
| Timing Details
| --------------
------------------------------------------------------------------------------------------------


---------------------------------------------------------------------------------------------------
From Clock:  clk_fpga_0
  To Clock:  clk_fpga_0

Setup :            0  Failing Endpoints,  Worst Slack        1.540ns,  Total Violation        0.000ns
Hold  :            0  Failing Endpoints,  Worst Slack        0.057ns,  Total Violation        0.000ns
PW    :            0  Failing Endpoints,  Worst Slack        3.870ns,  Total Violation        0.000ns
---------------------------------------------------------------------------------------------------


Max Delay Paths
--------------------------------------------------------------------------------------
Slack (MET) :             1.540ns  (required time - arrival time)
  Source:                 u_pl/u_arb/owner_eth_reg_rep__0/C
                            (rising edge-triggered cell FDCE clocked by clk_fpga_0  {rise@0.000ns fall@5.000ns period=10.000ns})
  Destination:            u_pl/u_bilin/u_fb/lo_reg_0_59/ADDRARDADDR[8]
                            (rising edge-triggered cell RAMB36E1 clocked by clk_fpga_0  {rise@0.000ns fall@5.000ns period=10.000ns})
  Path Group:             clk_fpga_0
  Path Type:              Setup (Max at Slow Process Corner)
  Requirement:            10.000ns  (clk_fpga_0 rise@10.000ns - clk_fpga_0 rise@0.000ns)
  Data Path Delay:        7.683ns  (logic 0.493ns (6.417%)  route 7.190ns (93.583%))
  Logic Levels:           1  (LUT3=1)
  Clock Path Skew:        0.035ns (DCD - SCD + CPR)
    Destination Clock Delay (DCD):    2.387ns = ( 12.387 - 10.000 ) 
    Source Clock Delay      (SCD):    2.448ns
    Clock Pessimism Removal (CPR):    0.097ns
  Clock Uncertainty:      0.154ns  ((TSJ^2 + TIJ^2)^1/2 + DJ) / 2 + PE
    Total System Jitter     (TSJ):    0.071ns
    Total Input Jitter      (TIJ):    0.300ns
    Discrete Jitter          (DJ):    0.000ns
    Phase Error              (PE):    0.000ns

    Location             Delay type                Incr(ns)  Path(ns)    Netlist Resource(s)
  -------------------------------------------------------------------    -------------------
                         (clock clk_fpga_0 rise edge)
                                                      0.000     0.000 r  
    PS7_X0Y0             PS7                          0.000     0.000 r  u_bd/design_1_i/processing_system7_0/inst/PS7_i/FCLKCLK[0]
                         net (fo=1, routed)           0.994     0.994    u_bd/design_1_i/processing_system7_0/inst/FCLK_CLK_unbuffered[0]
    BUFGCTRL_X0Y16       BUFG (Prop_bufg_I_O)         0.085     1.079 r  u_bd/design_1_i/processing_system7_0/inst/buffer_fclk_clk_0.FCLK_CLK_0_BUFG/O
                         net (fo=4369, routed)        1.369     2.448    u_pl/u_arb/FCLK_CLK0
    SLICE_X48Y73         FDCE                                         r  u_pl/u_arb/owner_eth_reg_rep__0/C
  -------------------------------------------------------------------    -------------------
    SLICE_X48Y73         FDCE (Prop_fdce_C_Q)         0.379     2.827 r  u_pl/u_arb/owner_eth_reg_rep__0/Q
                         net (fo=187, routed)         1.830     4.657    u_pl/u_row/wr_words_reg[17]_0
    SLICE_X45Y46         LUT3 (Prop_lut3_I2_O)        0.114     4.771 r  u_pl/u_row/lo_reg_0_8_i_7/O
                         net (fo=20, routed)          5.360    10.131    u_pl/u_bilin/u_fb/lo_reg_0_24_0[8]
    RAMB36_X5Y1          RAMB36E1                                     r  u_pl/u_bilin/u_fb/lo_reg_0_59/ADDRARDADDR[8]
  -------------------------------------------------------------------    -------------------

                         (clock clk_fpga_0 rise edge)
                                                     10.000    10.000 r  
    PS7_X0Y0             PS7                          0.000    10.000 r  u_bd/design_1_i/processing_system7_0/inst/PS7_i/FCLKCLK[0]
                         net (fo=1, routed)           0.905    10.906    u_bd/design_1_i/processing_system7_0/inst/FCLK_CLK_unbuffered[0]
    BUFGCTRL_X0Y16       BUFG (Prop_bufg_I_O)         0.077    10.983 r  u_bd/design_1_i/processing_system7_0/inst/buffer_fclk_clk_0.FCLK_CLK_0_BUFG/O
                         net (fo=4369, routed)        1.404    12.387    u_pl/u_bilin/u_fb/FCLK_CLK0
    RAMB36_X5Y1          RAMB36E1                                     r  u_pl/u_bilin/u_fb/lo_reg_0_59/CLKARDCLK
                         clock pessimism              0.097    12.483    
                         clock uncertainty           -0.154    12.329    
    RAMB36_X5Y1          RAMB36E1 (Setup_ramb36e1_CLKARDCLK_ADDRARDADDR[8])
                                                     -0.659    11.670    u_pl/u_bilin/u_fb/lo_reg_0_59
  -------------------------------------------------------------------
                         required time                         11.670    
                         arrival time                         -10.131    
  -------------------------------------------------------------------
                         slack                                  1.540    





Min Delay Paths
--------------------------------------------------------------------------------------
Slack (MET) :             0.057ns  (arrival time - required time)
  Source:                 u_bd/design_1_i/axi_gp0_ic/s00_couplers/auto_pc/inst/gen_axilite.gen_b2s_conv.axilite_b2s/SI_REG/aw.aw_pipe/m_payload_i_reg[31]/C
                            (rising edge-triggered cell FDRE clocked by clk_fpga_0  {rise@0.000ns fall@5.000ns period=10.000ns})
  Destination:            u_bd/design_1_i/axi_gp0_ic/xbar/inst/gen_sasd.crossbar_sasd_0/addr_arbiter_inst/gen_no_arbiter.m_amesg_i_reg[32]/D
                            (rising edge-triggered cell FDRE clocked by clk_fpga_0  {rise@0.000ns fall@5.000ns period=10.000ns})
  Path Group:             clk_fpga_0
  Path Type:              Hold (Min at Fast Process Corner)
  Requirement:            0.000ns  (clk_fpga_0 rise@0.000ns - clk_fpga_0 rise@0.000ns)
  Data Path Delay:        0.330ns  (logic 0.186ns (56.350%)  route 0.144ns (43.650%))
  Logic Levels:           1  (LUT4=1)
  Clock Path Skew:        0.181ns (DCD - SCD - CPR)
    Destination Clock Delay (DCD):    1.211ns
    Source Clock Delay      (SCD):    0.995ns
    Clock Pessimism Removal (CPR):    0.035ns

    Location             Delay type                Incr(ns)  Path(ns)    Netlist Resource(s)
  -------------------------------------------------------------------    -------------------
                         (clock clk_fpga_0 rise edge)
                                                      0.000     0.000 r  
    PS7_X0Y0             PS7                          0.000     0.000 r  u_bd/design_1_i/processing_system7_0/inst/PS7_i/FCLKCLK[0]
                         net (fo=1, routed)           0.310     0.310    u_bd/design_1_i/processing_system7_0/inst/FCLK_CLK_unbuffered[0]
    BUFGCTRL_X0Y16       BUFG (Prop_bufg_I_O)         0.026     0.336 r  u_bd/design_1_i/processing_system7_0/inst/buffer_fclk_clk_0.FCLK_CLK_0_BUFG/O
                         net (fo=4369, routed)        0.659     0.995    u_bd/design_1_i/axi_gp0_ic/s00_couplers/auto_pc/inst/gen_axilite.gen_b2s_conv.axilite_b2s/SI_REG/aw.aw_pipe/aclk
    SLICE_X29Y100        FDRE                                         r  u_bd/design_1_i/axi_gp0_ic/s00_couplers/auto_pc/inst/gen_axilite.gen_b2s_conv.axilite_b2s/SI_REG/aw.aw_pipe/m_payload_i_reg[31]/C
  -------------------------------------------------------------------    -------------------
    SLICE_X29Y100        FDRE (Prop_fdre_C_Q)         0.141     1.136 r  u_bd/design_1_i/axi_gp0_ic/s00_couplers/auto_pc/inst/gen_axilite.gen_b2s_conv.axilite_b2s/SI_REG/aw.aw_pipe/m_payload_i_reg[31]/Q
                         net (fo=1, routed)           0.144     1.280    u_bd/design_1_i/axi_gp0_ic/xbar/inst/gen_sasd.crossbar_sasd_0/addr_arbiter_inst/s_axi_awaddr[31]
    SLICE_X28Y99         LUT4 (Prop_lut4_I3_O)        0.045     1.325 r  u_bd/design_1_i/axi_gp0_ic/xbar/inst/gen_sasd.crossbar_sasd_0/addr_arbiter_inst/gen_no_arbiter.m_amesg_i[32]_i_2/O
                         net (fo=1, routed)           0.000     1.325    u_bd/design_1_i/axi_gp0_ic/xbar/inst/gen_sasd.crossbar_sasd_0/addr_arbiter_inst/s_amesg[32]
    SLICE_X28Y99         FDRE                                         r  u_bd/design_1_i/axi_gp0_ic/xbar/inst/gen_sasd.crossbar_sasd_0/addr_arbiter_inst/gen_no_arbiter.m_amesg_i_reg[32]/D
  -------------------------------------------------------------------    -------------------

                         (clock clk_fpga_0 rise edge)
                                                      0.000     0.000 r  
    PS7_X0Y0             PS7                          0.000     0.000 r  u_bd/design_1_i/processing_system7_0/inst/PS7_i/FCLKCLK[0]
                         net (fo=1, routed)           0.337     0.337    u_bd/design_1_i/processing_system7_0/inst/FCLK_CLK_unbuffered[0]
    BUFGCTRL_X0Y16       BUFG (Prop_bufg_I_O)         0.029     0.366 r  u_bd/design_1_i/processing_system7_0/inst/buffer_fclk_clk_0.FCLK_CLK_0_BUFG/O
                         net (fo=4369, routed)        0.845     1.211    u_bd/design_1_i/axi_gp0_ic/xbar/inst/gen_sasd.crossbar_sasd_0/addr_arbiter_inst/aclk
    SLICE_X28Y99         FDRE                                         r  u_bd/design_1_i/axi_gp0_ic/xbar/inst/gen_sasd.crossbar_sasd_0/addr_arbiter_inst/gen_no_arbiter.m_amesg_i_reg[32]/C
                         clock pessimism             -0.035     1.176    
    SLICE_X28Y99         FDRE (Hold_fdre_C_D)         0.092     1.268    u_bd/design_1_i/axi_gp0_ic/xbar/inst/gen_sasd.crossbar_sasd_0/addr_arbiter_inst/gen_no_arbiter.m_amesg_i_reg[32]
  -------------------------------------------------------------------
                         required time                         -1.268    
                         arrival time                           1.325    
  -------------------------------------------------------------------
                         slack                                  0.057    





Pulse Width Checks
--------------------------------------------------------------------------------------
Clock Name:         clk_fpga_0
Waveform(ns):       { 0.000 5.000 }
Period(ns):         10.000
Sources:            { u_bd/design_1_i/processing_system7_0/inst/PS7_i/FCLKCLK[0] }

Check Type        Corner  Lib Pin             Reference Pin  Required(ns)  Actual(ns)  Slack(ns)  Location      Pin
Min Period        n/a     RAMB36E1/CLKBWRCLK  n/a            2.170         10.000      7.830      RAMB36_X2Y8   u_eth/u_cdc/mem_reg_0/CLKBWRCLK
Low Pulse Width   Slow    RAMD64E/CLK         n/a            1.130         5.000       3.870      SLICE_X20Y33  u_eth/u_saver/q_addr_reg_0_63_12_14/RAMA/CLK
High Pulse Width  Slow    RAMD64E/CLK         n/a            1.130         5.000       3.870      SLICE_X20Y33  u_eth/u_saver/q_addr_reg_0_63_12_14/RAMA/CLK



---------------------------------------------------------------------------------------------------
From Clock:  eth_rxc
  To Clock:  eth_rxc

Setup :            2  Failing Endpoints,  Worst Slack       -0.135ns,  Total Violation       -0.243ns
Hold  :            0  Failing Endpoints,  Worst Slack        0.053ns,  Total Violation        0.000ns
PW    :            0  Failing Endpoints,  Worst Slack        3.500ns,  Total Violation        0.000ns
---------------------------------------------------------------------------------------------------


Max Delay Paths
--------------------------------------------------------------------------------------
Slack (VIOLATED) :        -0.135ns  (required time - arrival time)
  Source:                 u_eth/u_cdc/wbin_reg[3]/C
                            (rising edge-triggered cell FDCE clocked by eth_rxc  {rise@0.000ns fall@4.000ns period=8.000ns})
  Destination:            u_eth/u_cdc/mem_reg_2/ENARDEN
                            (rising edge-triggered cell RAMB36E1 clocked by eth_rxc  {rise@0.000ns fall@4.000ns period=8.000ns})
  Path Group:             eth_rxc
  Path Type:              Setup (Max at Slow Process Corner)
  Requirement:            8.000ns  (eth_rxc rise@8.000ns - eth_rxc rise@0.000ns)
  Data Path Delay:        7.438ns  (logic 2.450ns (32.940%)  route 4.988ns (67.060%))
  Logic Levels:           7  (CARRY4=4 LUT4=2 LUT5=1)
  Clock Path Skew:        -0.105ns (DCD - SCD + CPR)
    Destination Clock Delay (DCD):    4.479ns = ( 12.479 - 8.000 ) 
    Source Clock Delay      (SCD):    4.842ns
    Clock Pessimism Removal (CPR):    0.258ns
  Clock Uncertainty:      0.035ns  ((TSJ^2 + TIJ^2)^1/2 + DJ) / 2 + PE
    Total System Jitter     (TSJ):    0.071ns
    Total Input Jitter      (TIJ):    0.000ns
    Discrete Jitter          (DJ):    0.000ns
    Phase Error              (PE):    0.000ns

    Location             Delay type                Incr(ns)  Path(ns)    Netlist Resource(s)
  -------------------------------------------------------------------    -------------------
                         (clock eth_rxc rise edge)    0.000     0.000 r  
    Y19                                               0.000     0.000 r  eth_rxc (IN)
                         net (fo=0)                   0.000     0.000    eth_rxc
    Y19                  IBUF (Prop_ibuf_I_O)         1.430     1.430 r  eth_rxc_IBUF_inst/O
                         net (fo=2, routed)           1.873     3.303    u_eth/u_rgmii/u_rgmii_rx/rgmii_rxc
    BUFGCTRL_X0Y1        BUFG (Prop_bufg_I_O)         0.085     3.388 r  u_eth/u_rgmii/u_rgmii_rx/BUFG_inst/O
                         net (fo=2475, routed)        1.454     4.842    u_eth/u_cdc/gmii_rx_clk
    SLICE_X28Y25         FDCE                                         r  u_eth/u_cdc/wbin_reg[3]/C
  -------------------------------------------------------------------    -------------------
    SLICE_X28Y25         FDCE (Prop_fdce_C_Q)         0.379     5.221 r  u_eth/u_cdc/wbin_reg[3]/Q
                         net (fo=11, routed)          1.232     6.452    u_eth/u_cdc/wbin_reg[3]
    SLICE_X24Y25         CARRY4 (Prop_carry4_S[2]_CO[3])
                                                      0.437     6.889 r  u_eth/u_cdc/wgray_reg[4]_i_2/CO[3]
                         net (fo=1, routed)           0.000     6.889    u_eth/u_cdc/wgray_reg[4]_i_2_n_0
    SLICE_X24Y26         CARRY4 (Prop_carry4_CI_O[1])
                                                      0.265     7.154 r  u_eth/u_cdc/wgray_reg[8]_i_2/O[1]
                         net (fo=4, routed)           0.893     8.048    u_eth/u_cdc/b1_in__0[6]
    SLICE_X23Y24         LUT5 (Prop_lut5_I2_O)        0.250     8.298 r  u_eth/u_cdc/full_d_i_10/O
                         net (fo=1, routed)           0.548     8.846    u_eth/u_cdc/full_d_i_10_n_0
    SLICE_X25Y26         LUT4 (Prop_lut4_I3_O)        0.105     8.951 r  u_eth/u_cdc/full_d_i_6/O
                         net (fo=1, routed)           0.000     8.951    u_eth/u_cdc/full_d_i_6_n_0
    SLICE_X25Y26         CARRY4 (Prop_carry4_S[1]_CO[3])
                                                      0.457     9.408 r  u_eth/u_cdc/full_d_reg_i_2/CO[3]
                         net (fo=1, routed)           0.000     9.408    u_eth/u_cdc/full_d_reg_i_2_n_0
    SLICE_X25Y27         CARRY4 (Prop_carry4_CI_CO[0])
                                                      0.245     9.653 f  u_eth/u_cdc/full_d_reg_i_1/CO[0]
                         net (fo=6, routed)           0.666    10.318    u_eth/u_reasm/wr_full
    SLICE_X25Y35         LUT4 (Prop_lut4_I3_O)        0.312    10.630 r  u_eth/u_reasm/mem_reg_0_i_1/O
                         net (fo=9, routed)           1.649    12.279    u_eth/u_cdc/wr_en
    RAMB36_X3Y8          RAMB36E1                                     r  u_eth/u_cdc/mem_reg_2/ENARDEN
  -------------------------------------------------------------------    -------------------

                         (clock eth_rxc rise edge)    8.000     8.000 r  
    Y19                                               0.000     8.000 r  eth_rxc (IN)
                         net (fo=0)                   0.000     8.000    eth_rxc
    Y19                  IBUF (Prop_ibuf_I_O)         1.364     9.364 r  eth_rxc_IBUF_inst/O
                         net (fo=2, routed)           1.701    11.065    u_eth/u_rgmii/u_rgmii_rx/rgmii_rxc
    BUFGCTRL_X0Y1        BUFG (Prop_bufg_I_O)         0.077    11.142 r  u_eth/u_rgmii/u_rgmii_rx/BUFG_inst/O
                         net (fo=2475, routed)        1.337    12.479    u_eth/u_cdc/gmii_rx_clk
    RAMB36_X3Y8          RAMB36E1                                     r  u_eth/u_cdc/mem_reg_2/CLKARDCLK
                         clock pessimism              0.258    12.737    
                         clock uncertainty           -0.035    12.702    
    RAMB36_X3Y8          RAMB36E1 (Setup_ramb36e1_CLKARDCLK_ENARDEN)
                                                     -0.557    12.145    u_eth/u_cdc/mem_reg_2
  -------------------------------------------------------------------
                         required time                         12.145    
                         arrival time                         -12.279    
  -------------------------------------------------------------------
                         slack                                 -0.135    





Min Delay Paths
--------------------------------------------------------------------------------------
Slack (MET) :             0.053ns  (arrival time - required time)
  Source:                 u_eth/u_reasm/off_reg[0]/C
                            (rising edge-triggered cell FDCE clocked by eth_rxc  {rise@0.000ns fall@4.000ns period=8.000ns})
  Destination:            u_eth/u_reasm/pend_reg[0]/D
                            (rising edge-triggered cell FDCE clocked by eth_rxc  {rise@0.000ns fall@4.000ns period=8.000ns})
  Path Group:             eth_rxc
  Path Type:              Hold (Min at Fast Process Corner)
  Requirement:            0.000ns  (eth_rxc rise@0.000ns - eth_rxc rise@0.000ns)
  Data Path Delay:        0.979ns  (logic 0.209ns (21.355%)  route 0.770ns (78.645%))
  Logic Levels:           1  (LUT5=1)
  Clock Path Skew:        0.034ns (DCD - SCD - CPR)
    Destination Clock Delay (DCD):    2.061ns
    Source Clock Delay      (SCD):    1.546ns
    Clock Pessimism Removal (CPR):    0.481ns
  Clock Uncertainty:      0.800ns  ((TSJ^2 + TIJ^2)^1/2 + DJ) / 2 + PE + UU
    Total System Jitter     (TSJ):    0.000ns
    Total Input Jitter      (TIJ):    0.000ns
    Discrete Jitter          (DJ):    0.000ns
    Phase Error              (PE):    0.000ns
    User Uncertainty         (UU):    0.800ns

    Location             Delay type                Incr(ns)  Path(ns)    Netlist Resource(s)
  -------------------------------------------------------------------    -------------------
                         (clock eth_rxc rise edge)    0.000     0.000 r  
    Y19                                               0.000     0.000 r  eth_rxc (IN)
                         net (fo=0)                   0.000     0.000    eth_rxc
    Y19                  IBUF (Prop_ibuf_I_O)         0.266     0.266 r  eth_rxc_IBUF_inst/O
                         net (fo=2, routed)           0.674     0.940    u_eth/u_rgmii/u_rgmii_rx/rgmii_rxc
    BUFGCTRL_X0Y1        BUFG (Prop_bufg_I_O)         0.026     0.966 r  u_eth/u_rgmii/u_rgmii_rx/BUFG_inst/O
                         net (fo=2475, routed)        0.580     1.546    u_eth/u_reasm/gmii_rx_clk
    SLICE_X22Y25         FDCE                                         r  u_eth/u_reasm/off_reg[0]/C
  -------------------------------------------------------------------    -------------------
    SLICE_X22Y25         FDCE (Prop_fdce_C_Q)         0.164     1.710 r  u_eth/u_reasm/off_reg[0]/Q
                         net (fo=2, routed)           0.770     2.480    u_eth/u_reasm/hdr__0[0]
    SLICE_X21Y23         LUT5 (Prop_lut5_I2_O)        0.045     2.525 r  u_eth/u_reasm/pend[0]_i_1/O
                         net (fo=1, routed)           0.000     2.525    u_eth/u_reasm/pend[0]_i_1_n_0
    SLICE_X21Y23         FDCE                                         r  u_eth/u_reasm/pend_reg[0]/D
  -------------------------------------------------------------------    -------------------

                         (clock eth_rxc rise edge)    0.000     0.000 r  
    Y19                                               0.000     0.000 r  eth_rxc (IN)
                         net (fo=0)                   0.000     0.000    eth_rxc
    Y19                  IBUF (Prop_ibuf_I_O)         0.454     0.454 r  eth_rxc_IBUF_inst/O
                         net (fo=2, routed)           0.731     1.185    u_eth/u_rgmii/u_rgmii_rx/rgmii_rxc
    BUFGCTRL_X0Y1        BUFG (Prop_bufg_I_O)         0.029     1.214 r  u_eth/u_rgmii/u_rgmii_rx/BUFG_inst/O
                         net (fo=2475, routed)        0.847     2.061    u_eth/u_reasm/gmii_rx_clk
    SLICE_X21Y23         FDCE                                         r  u_eth/u_reasm/pend_reg[0]/C
                         clock pessimism             -0.481     1.580    
                         clock uncertainty            0.800     2.380    
    SLICE_X21Y23         FDCE (Hold_fdce_C_D)         0.092     2.472    u_eth/u_reasm/pend_reg[0]
  -------------------------------------------------------------------
                         required time                         -2.472    
                         arrival time                           2.525    
  -------------------------------------------------------------------
                         slack                                  0.053    





Pulse Width Checks
--------------------------------------------------------------------------------------
Clock Name:         eth_rxc
Waveform(ns):       { 0.000 4.000 }
Period(ns):         8.000
Sources:            { eth_rxc }

Check Type        Corner  Lib Pin             Reference Pin  Required(ns)  Actual(ns)  Slack(ns)  Location      Pin
Min Period        n/a     RAMB18E1/CLKARDCLK  n/a            2.472         8.000       5.528      RAMB18_X5Y10  u_eth/u_icmp_fifo/mem_reg/CLKARDCLK
Low Pulse Width   Slow    FDCE/C              n/a            0.500         4.000       3.500      SLICE_X24Y35  u_eth/flush_pend_reg/C
High Pulse Width  Slow    FDCE/C              n/a            0.500         4.000       3.500      SLICE_X24Y35  u_eth/flush_pend_reg/C



---------------------------------------------------------------------------------------------------
From Clock:  sys_clk
  To Clock:  sys_clk

Setup :            0  Failing Endpoints,  Worst Slack       14.720ns,  Total Violation        0.000ns
Hold  :            0  Failing Endpoints,  Worst Slack        0.121ns,  Total Violation        0.000ns
PW    :            0  Failing Endpoints,  Worst Slack        7.000ns,  Total Violation        0.000ns
---------------------------------------------------------------------------------------------------


Max Delay Paths
--------------------------------------------------------------------------------------
Slack (MET) :             14.720ns  (required time - arrival time)
  Source:                 u_pl/u_k1l/cnt_reg[2]/C
                            (rising edge-triggered cell FDRE clocked by sys_clk  {rise@0.000ns fall@10.000ns period=20.000ns})
  Destination:            u_pl/u_k1l/cnt_reg[14]/D
                            (rising edge-triggered cell FDRE clocked by sys_clk  {rise@0.000ns fall@10.000ns period=20.000ns})
  Path Group:             sys_clk
  Path Type:              Setup (Max at Slow Process Corner)
  Requirement:            20.000ns  (sys_clk rise@20.000ns - sys_clk rise@0.000ns)
  Data Path Delay:        5.219ns  (logic 1.010ns (19.352%)  route 4.209ns (80.648%))
  Logic Levels:           5  (LUT3=1 LUT4=1 LUT5=2 LUT6=1)
  Clock Path Skew:        -0.058ns (DCD - SCD + CPR)
    Destination Clock Delay (DCD):    4.460ns = ( 24.460 - 20.000 ) 
    Source Clock Delay      (SCD):    4.860ns
    Clock Pessimism Removal (CPR):    0.342ns
  Clock Uncertainty:      0.035ns  ((TSJ^2 + TIJ^2)^1/2 + DJ) / 2 + PE
    Total System Jitter     (TSJ):    0.071ns
    Total Input Jitter      (TIJ):    0.000ns
    Discrete Jitter          (DJ):    0.000ns
    Phase Error              (PE):    0.000ns

    Location             Delay type                Incr(ns)  Path(ns)    Netlist Resource(s)
  -------------------------------------------------------------------    -------------------
                         (clock sys_clk rise edge)    0.000     0.000 r  
    W17                                               0.000     0.000 r  sys_clk (IN)
                         net (fo=0)                   0.000     0.000    sys_clk
    W17                  IBUF (Prop_ibuf_I_O)         1.415     1.415 r  sys_clk_IBUF_inst/O
                         net (fo=1, routed)           1.873     3.288    sys_clk_IBUF
    BUFGCTRL_X0Y4        BUFG (Prop_bufg_I_O)         0.085     3.373 r  sys_clk_IBUF_BUFG_inst/O
                         net (fo=186, routed)         1.487     4.860    u_pl/u_k1l/CLK
    SLICE_X91Y73         FDRE                                         r  u_pl/u_k1l/cnt_reg[2]/C
  -------------------------------------------------------------------    -------------------
    SLICE_X91Y73         FDRE (Prop_fdre_C_Q)         0.348     5.208 f  u_pl/u_k1l/cnt_reg[2]/Q
                         net (fo=3, routed)           0.828     6.036    u_pl/u_k1l/cnt[2]
    SLICE_X91Y73         LUT4 (Prop_lut4_I1_O)        0.242     6.278 r  u_pl/u_k1l/cnt[24]_i_9/O
                         net (fo=1, routed)           0.546     6.824    u_pl/u_k1l/cnt[24]_i_9_n_0
    SLICE_X91Y73         LUT5 (Prop_lut5_I1_O)        0.105     6.929 f  u_pl/u_k1l/cnt[24]_i_7/O
                         net (fo=1, routed)           0.652     7.581    u_pl/u_k1l/cnt[24]_i_7_n_0
    SLICE_X91Y74         LUT6 (Prop_lut6_I2_O)        0.105     7.686 f  u_pl/u_k1l/cnt[24]_i_5/O
                         net (fo=1, routed)           0.807     8.492    u_pl/u_k1l/cnt[24]_i_5_n_0
    SLICE_X91Y77         LUT5 (Prop_lut5_I1_O)        0.105     8.597 f  u_pl/u_k1l/cnt[24]_i_3/O
                         net (fo=27, routed)          1.377     9.974    u_pl/u_k1l/cnt[24]_i_3_n_0
    SLICE_X91Y76         LUT3 (Prop_lut3_I1_O)        0.105    10.079 r  u_pl/u_k1l/cnt[14]_i_1__2/O
                         net (fo=1, routed)           0.000    10.079    u_pl/u_k1l/p_1_in_7[14]
    SLICE_X91Y76         FDRE                                         r  u_pl/u_k1l/cnt_reg[14]/D
  -------------------------------------------------------------------    -------------------

                         (clock sys_clk rise edge)   20.000    20.000 r  
    W17                                               0.000    20.000 r  sys_clk (IN)
                         net (fo=0)                   0.000    20.000    sys_clk
    W17                  IBUF (Prop_ibuf_I_O)         1.349    21.349 r  sys_clk_IBUF_inst/O
                         net (fo=1, routed)           1.701    23.050    sys_clk_IBUF
    BUFGCTRL_X0Y4        BUFG (Prop_bufg_I_O)         0.077    23.127 r  sys_clk_IBUF_BUFG_inst/O
                         net (fo=186, routed)         1.333    24.460    u_pl/u_k1l/CLK
    SLICE_X91Y76         FDRE                                         r  u_pl/u_k1l/cnt_reg[14]/C
                         clock pessimism              0.342    24.802    
                         clock uncertainty           -0.035    24.767    
    SLICE_X91Y76         FDRE (Setup_fdre_C_D)        0.032    24.799    u_pl/u_k1l/cnt_reg[14]
  -------------------------------------------------------------------
                         required time                         24.799    
                         arrival time                         -10.079    
  -------------------------------------------------------------------
                         slack                                 14.720    





Min Delay Paths
--------------------------------------------------------------------------------------
Slack (MET) :             0.121ns  (arrival time - required time)
  Source:                 u_pl/u_ang/fs_s_reg[0]/C
                            (rising edge-triggered cell FDRE clocked by sys_clk  {rise@0.000ns fall@10.000ns period=20.000ns})
  Destination:            u_pl/u_ang/fs_s_reg[1]/D
                            (rising edge-triggered cell FDRE clocked by sys_clk  {rise@0.000ns fall@10.000ns period=20.000ns})
  Path Group:             sys_clk
  Path Type:              Hold (Min at Fast Process Corner)
  Requirement:            0.000ns  (sys_clk rise@0.000ns - sys_clk rise@0.000ns)
  Data Path Delay:        0.196ns  (logic 0.141ns (71.838%)  route 0.055ns (28.162%))
  Logic Levels:           0  
  Clock Path Skew:        0.000ns (DCD - SCD - CPR)
    Destination Clock Delay (DCD):    2.050ns
    Source Clock Delay      (SCD):    1.533ns
    Clock Pessimism Removal (CPR):    0.517ns

    Location             Delay type                Incr(ns)  Path(ns)    Netlist Resource(s)
  -------------------------------------------------------------------    -------------------
                         (clock sys_clk rise edge)    0.000     0.000 r  
    W17                                               0.000     0.000 r  sys_clk (IN)
                         net (fo=0)                   0.000     0.000    sys_clk
    W17                  IBUF (Prop_ibuf_I_O)         0.252     0.252 r  sys_clk_IBUF_inst/O
                         net (fo=1, routed)           0.674     0.926    sys_clk_IBUF
    BUFGCTRL_X0Y4        BUFG (Prop_bufg_I_O)         0.026     0.952 r  sys_clk_IBUF_BUFG_inst/O
                         net (fo=186, routed)         0.581     1.533    u_pl/u_ang/CLK
    SLICE_X65Y94         FDRE                                         r  u_pl/u_ang/fs_s_reg[0]/C
  -------------------------------------------------------------------    -------------------
    SLICE_X65Y94         FDRE (Prop_fdre_C_Q)         0.141     1.674 r  u_pl/u_ang/fs_s_reg[0]/Q
                         net (fo=1, routed)           0.055     1.729    u_pl/u_ang/fs_s[0]
    SLICE_X65Y94         FDRE                                         r  u_pl/u_ang/fs_s_reg[1]/D
  -------------------------------------------------------------------    -------------------

                         (clock sys_clk rise edge)    0.000     0.000 r  
    W17                                               0.000     0.000 r  sys_clk (IN)
                         net (fo=0)                   0.000     0.000    sys_clk
    W17                  IBUF (Prop_ibuf_I_O)         0.440     0.440 r  sys_clk_IBUF_inst/O
                         net (fo=1, routed)           0.731     1.171    sys_clk_IBUF
    BUFGCTRL_X0Y4        BUFG (Prop_bufg_I_O)         0.029     1.200 r  sys_clk_IBUF_BUFG_inst/O
                         net (fo=186, routed)         0.850     2.050    u_pl/u_ang/CLK
    SLICE_X65Y94         FDRE                                         r  u_pl/u_ang/fs_s_reg[1]/C
                         clock pessimism             -0.517     1.533    
    SLICE_X65Y94         FDRE (Hold_fdre_C_D)         0.075     1.608    u_pl/u_ang/fs_s_reg[1]
  -------------------------------------------------------------------
                         required time                         -1.608    
                         arrival time                           1.729    
  -------------------------------------------------------------------
                         slack                                  0.121    





Pulse Width Checks
--------------------------------------------------------------------------------------
Clock Name:         sys_clk
Waveform(ns):       { 0.000 10.000 }
Period(ns):         20.000
Sources:            { sys_clk }

Check Type        Corner  Lib Pin            Reference Pin  Required(ns)  Actual(ns)  Slack(ns)  Location         Pin
Min Period        n/a     BUFG/I             n/a            1.592         20.000      18.408     BUFGCTRL_X0Y4    sys_clk_IBUF_BUFG_inst/I
Max Period        n/a     MMCME2_ADV/CLKIN1  n/a            100.000       20.000      80.000     MMCME2_ADV_X0Y0  u_idelay_clkgen/u_mmcm/CLKIN1
Low Pulse Width   Slow    MMCME2_ADV/CLKIN1  n/a            3.000         10.000      7.000      MMCME2_ADV_X0Y0  u_idelay_clkgen/u_mmcm/CLKIN1
High Pulse Width  Slow    MMCME2_ADV/CLKIN1  n/a            3.000         10.000      7.000      MMCME2_ADV_X0Y0  u_idelay_clkgen/u_mmcm/CLKIN1



---------------------------------------------------------------------------------------------------
From Clock:  clkfbout
  To Clock:  clkfbout

Setup :           NA  Failing Endpoints,  Worst Slack           NA  ,  Total Violation           NA
Hold  :           NA  Failing Endpoints,  Worst Slack           NA  ,  Total Violation           NA
PW    :            0  Failing Endpoints,  Worst Slack       18.408ns,  Total Violation        0.000ns
---------------------------------------------------------------------------------------------------


Pulse Width Checks
--------------------------------------------------------------------------------------
Clock Name:         clkfbout
Waveform(ns):       { 0.000 10.000 }
Period(ns):         20.000
Sources:            { u_idelay_clkgen/u_mmcm/CLKFBOUT }

Check Type  Corner  Lib Pin             Reference Pin  Required(ns)  Actual(ns)  Slack(ns)  Location         Pin
Min Period  n/a     BUFG/I              n/a            1.592         20.000      18.408     BUFGCTRL_X0Y5    u_idelay_clkgen/u_bufg_fb/I
Max Period  n/a     MMCME2_ADV/CLKFBIN  n/a            100.000       20.000      80.000     MMCME2_ADV_X0Y0  u_idelay_clkgen/u_mmcm/CLKFBIN



---------------------------------------------------------------------------------------------------
From Clock:  clkfbout_1
  To Clock:  clkfbout_1

Setup :           NA  Failing Endpoints,  Worst Slack           NA  ,  Total Violation           NA
Hold  :           NA  Failing Endpoints,  Worst Slack           NA  ,  Total Violation           NA
PW    :            0  Failing Endpoints,  Worst Slack       18.408ns,  Total Violation        0.000ns
---------------------------------------------------------------------------------------------------


Pulse Width Checks
--------------------------------------------------------------------------------------
Clock Name:         clkfbout_1
Waveform(ns):       { 0.000 10.000 }
Period(ns):         20.000
Sources:            { u_pl/u_clk/u_mmcm/CLKFBOUT }

Check Type  Corner  Lib Pin             Reference Pin  Required(ns)  Actual(ns)  Slack(ns)  Location         Pin
Min Period  n/a     BUFG/I              n/a            1.592         20.000      18.408     BUFGCTRL_X0Y6    u_pl/u_clk/u_bufg_fb/I
Max Period  n/a     MMCME2_ADV/CLKFBIN  n/a            100.000       20.000      80.000     MMCME2_ADV_X1Y0  u_pl/u_clk/u_mmcm/CLKFBIN



---------------------------------------------------------------------------------------------------
From Clock:  clkout0_1
  To Clock:  clkout0_1

Setup :            0  Failing Endpoints,  Worst Slack        1.183ns,  Total Violation        0.000ns
Hold  :            0  Failing Endpoints,  Worst Slack        0.059ns,  Total Violation        0.000ns
PW    :            0  Failing Endpoints,  Worst Slack        8.870ns,  Total Violation        0.000ns
---------------------------------------------------------------------------------------------------


Max Delay Paths
--------------------------------------------------------------------------------------
Slack (MET) :             1.183ns  (required time - arrival time)
  Source:                 u_pl/u_split_ctrl/prod/CLK
                            (rising edge-triggered cell DSP48E1 clocked by clkout0_1  {rise@0.000ns fall@10.000ns period=20.000ns})
  Destination:            u_pl/u_osd/b_reg[2]/D
                            (rising edge-triggered cell FDCE clocked by clkout0_1  {rise@0.000ns fall@10.000ns period=20.000ns})
  Path Group:             clkout0_1
  Path Type:              Setup (Max at Slow Process Corner)
  Requirement:            20.000ns  (clkout0_1 rise@20.000ns - clkout0_1 rise@0.000ns)
  Data Path Delay:        18.668ns  (logic 4.938ns (26.452%)  route 13.730ns (73.548%))
  Logic Levels:           23  (CARRY4=3 LUT2=3 LUT3=2 LUT5=2 LUT6=12 MUXF7=1)
  Clock Path Skew:        -0.127ns (DCD - SCD + CPR)
    Destination Clock Delay (DCD):    4.476ns = ( 24.476 - 20.000 ) 
    Source Clock Delay      (SCD):    4.849ns
    Clock Pessimism Removal (CPR):    0.246ns
  Clock Uncertainty:      0.094ns  ((TSJ^2 + DJ^2)^1/2) / 2 + PE
    Total System Jitter     (TSJ):    0.071ns
    Discrete Jitter          (DJ):    0.175ns
    Phase Error              (PE):    0.000ns

    Location             Delay type                Incr(ns)  Path(ns)    Netlist Resource(s)
  -------------------------------------------------------------------    -------------------
                         (clock clkout0_1 rise edge)
                                                      0.000     0.000 r  
    W17                                               0.000     0.000 r  sys_clk (IN)
                         net (fo=0)                   0.000     0.000    sys_clk
    W17                  IBUF (Prop_ibuf_I_O)         1.415     1.415 r  sys_clk_IBUF_inst/O
                         net (fo=1, routed)           1.873     3.288    sys_clk_IBUF
    BUFGCTRL_X0Y4        BUFG (Prop_bufg_I_O)         0.085     3.373 r  sys_clk_IBUF_BUFG_inst/O
                         net (fo=186, routed)         1.550     4.923    u_pl/u_clk/CLK
    MMCME2_ADV_X1Y0      MMCME2_ADV (Prop_mmcme2_adv_CLKIN1_CLKOUT0)
                                                     -3.232     1.691 r  u_pl/u_clk/u_mmcm/CLKOUT0
                         net (fo=1, routed)           1.597     3.288    u_pl/u_clk/clkout0
    BUFGCTRL_X0Y0        BUFG (Prop_bufg_I_O)         0.085     3.373 r  u_pl/u_clk/u_bufg_pix/O
                         net (fo=5475, routed)        1.476     4.849    u_pl/u_split_ctrl/clk_pix
    DSP48_X2Y38          DSP48E1                                      r  u_pl/u_split_ctrl/prod/CLK
  -------------------------------------------------------------------    -------------------
    DSP48_X2Y38          DSP48E1 (Prop_dsp48e1_CLK_P[17])
                                                      0.370     5.219 f  u_pl/u_split_ctrl/prod/P[17]
                         net (fo=1, routed)           1.066     6.284    u_pl/u_split_ctrl/prod__0[17]
    SLICE_X52Y102        LUT2 (Prop_lut2_I0_O)        0.126     6.410 r  u_pl/u_split_ctrl/g0_b0_i_460/O
                         net (fo=15, routed)          0.586     6.996    u_pl/u_split_ctrl/g0_b0_i_677_n_0
    SLICE_X52Y102        LUT3 (Prop_lut3_I2_O)        0.275     7.271 r  u_pl/u_split_ctrl/g0_b0_i_681/O
                         net (fo=1, routed)           0.000     7.271    u_pl/u_split_ctrl/g0_b0_i_681_n_0
    SLICE_X52Y102        CARRY4 (Prop_carry4_S[0]_CO[3])
                                                      0.440     7.711 r  u_pl/u_split_ctrl/g0_b0_i_513/CO[3]
                         net (fo=1, routed)           0.000     7.711    u_pl/u_split_ctrl/g0_b0_i_513_n_0
    SLICE_X52Y103        CARRY4 (Prop_carry4_CI_CO[0])
                                                      0.216     7.927 r  u_pl/u_split_ctrl/g0_b0_i_276/CO[0]
                         net (fo=65, routed)          1.035     8.962    u_pl/u_split_ctrl/g0_b0_i_515_0[0]
    SLICE_X57Y108        LUT2 (Prop_lut2_I0_O)        0.330     9.292 r  u_pl/u_split_ctrl/g0_b0_i_222/O
                         net (fo=40, routed)          0.494     9.787    u_pl/u_split_ctrl/prod_1
    SLICE_X56Y107        LUT6 (Prop_lut6_I5_O)        0.267    10.054 f  u_pl/u_split_ctrl/g0_b0_i_446/O
                         net (fo=2, routed)           0.354    10.408    u_pl/u_split_ctrl/g0_b0_i_446_n_0
    SLICE_X58Y107        LUT5 (Prop_lut5_I0_O)        0.105    10.513 r  u_pl/u_split_ctrl/g0_b0_i_476/O
                         net (fo=1, routed)           0.000    10.513    u_pl/u_split_ctrl/g0_b0_i_476_n_0
    SLICE_X58Y107        CARRY4 (Prop_carry4_S[1]_O[3])
                                                      0.534    11.047 r  u_pl/u_split_ctrl/g0_b0_i_242/O[3]
                         net (fo=19, routed)          0.891    11.938    u_pl/u_split_ctrl/O[3]
    SLICE_X63Y107        LUT6 (Prop_lut6_I0_O)        0.250    12.188 r  u_pl/u_split_ctrl/g0_b0_i_235/O
                         net (fo=8, routed)           0.619    12.807    u_pl/u_split_ctrl/g0_b0_i_242_1
    SLICE_X54Y109        LUT5 (Prop_lut5_I4_O)        0.105    12.912 f  u_pl/u_split_ctrl/g0_b0_i_522/O
                         net (fo=2, routed)           0.662    13.573    u_pl/u_split_ctrl/bus_q_reg[10]_rep_32
    SLICE_X53Y108        LUT6 (Prop_lut6_I0_O)        0.264    13.837 f  u_pl/u_split_ctrl/g0_b0_i_330/O
                         net (fo=1, routed)           0.681    14.519    u_pl/u_osd/g0_b0_i_48_6
    SLICE_X54Y106        LUT6 (Prop_lut6_I5_O)        0.105    14.624 f  u_pl/u_osd/g0_b0_i_132/O
                         net (fo=1, routed)           0.348    14.972    u_pl/u_osd/g0_b0_i_132_n_0
    SLICE_X58Y105        LUT6 (Prop_lut6_I4_O)        0.105    15.077 r  u_pl/u_osd/g0_b0_i_48/O
                         net (fo=1, routed)           0.513    15.590    u_pl/u_osd/g0_b0_i_48_n_0
    SLICE_X58Y100        LUT6 (Prop_lut6_I2_O)        0.105    15.695 r  u_pl/u_osd/g0_b0_i_24/O
                         net (fo=11, routed)          0.855    16.550    u_pl/u_osd/chars[2]
    SLICE_X65Y99         LUT6 (Prop_lut6_I1_O)        0.105    16.655 r  u_pl/u_osd/g0_b0_i_10/O
                         net (fo=1, routed)           0.770    17.425    u_pl/u_osd/g0_b0_i_10_n_0
    SLICE_X65Y96         LUT3 (Prop_lut3_I0_O)        0.115    17.540 r  u_pl/u_osd/g0_b0_i_2/O
                         net (fo=35, routed)          0.912    18.452    u_pl/glyph_idx[1]
    SLICE_X64Y90         LUT6 (Prop_lut6_I1_O)        0.267    18.719 f  u_pl/g0_b0__0/O
                         net (fo=1, routed)           0.000    18.719    u_pl/u_osd/r_reg[7]_i_14_3[0]
    SLICE_X64Y90         MUXF7 (Prop_muxf7_I1_O)      0.182    18.901 f  u_pl/u_osd/r_reg[7]_i_39/O
                         net (fo=1, routed)           0.542    19.443    u_pl/u_osd/r_reg[7]_i_39_n_0
    SLICE_X64Y90         LUT6 (Prop_lut6_I1_O)        0.252    19.695 f  u_pl/u_osd/r[7]_i_33/O
                         net (fo=1, routed)           0.323    20.018    u_pl/u_osd/r[7]_i_33_n_0
    SLICE_X64Y89         LUT6 (Prop_lut6_I0_O)        0.105    20.123 f  u_pl/u_osd/r[7]_i_19/O
                         net (fo=1, routed)           0.442    20.565    u_pl/u_osd/r[7]_i_19_n_0
    SLICE_X64Y86         LUT6 (Prop_lut6_I0_O)        0.105    20.670 r  u_pl/u_osd/r[7]_i_8/O
                         net (fo=1, routed)           0.467    21.137    u_pl/u_osd/r[7]_i_8_n_0
    SLICE_X66Y86         LUT6 (Prop_lut6_I5_O)        0.105    21.242 f  u_pl/u_osd/r[7]_i_2/O
                         net (fo=19, routed)          2.170    23.412    u_pl/u_osd/r[7]_i_2_n_0
    SLICE_X98Y25         LUT2 (Prop_lut2_I1_O)        0.105    23.517 r  u_pl/u_osd/b[2]_i_1/O
                         net (fo=1, routed)           0.000    23.517    u_pl/u_osd/b[2]_i_1_n_0
    SLICE_X98Y25         FDCE                                         r  u_pl/u_osd/b_reg[2]/D
  -------------------------------------------------------------------    -------------------

                         (clock clkout0_1 rise edge)
                                                     20.000    20.000 r  
    W17                                               0.000    20.000 r  sys_clk (IN)
                         net (fo=0)                   0.000    20.000    sys_clk
    W17                  IBUF (Prop_ibuf_I_O)         1.349    21.349 r  sys_clk_IBUF_inst/O
                         net (fo=1, routed)           1.701    23.050    sys_clk_IBUF
    BUFGCTRL_X0Y4        BUFG (Prop_bufg_I_O)         0.077    23.127 r  sys_clk_IBUF_BUFG_inst/O
                         net (fo=186, routed)         1.384    24.511    u_pl/u_clk/CLK
    MMCME2_ADV_X1Y0      MMCME2_ADV (Prop_mmcme2_adv_CLKIN1_CLKOUT0)
                                                     -2.915    21.596 r  u_pl/u_clk/u_mmcm/CLKOUT0
                         net (fo=1, routed)           1.454    23.050    u_pl/u_clk/clkout0
    BUFGCTRL_X0Y0        BUFG (Prop_bufg_I_O)         0.077    23.127 r  u_pl/u_clk/u_bufg_pix/O
                         net (fo=5475, routed)        1.349    24.476    u_pl/u_osd/clk_pix
    SLICE_X98Y25         FDCE                                         r  u_pl/u_osd/b_reg[2]/C
                         clock pessimism              0.246    24.722    
                         clock uncertainty           -0.094    24.628    
    SLICE_X98Y25         FDCE (Setup_fdce_C_D)        0.072    24.700    u_pl/u_osd/b_reg[2]
  -------------------------------------------------------------------
                         required time                         24.700    
                         arrival time                         -23.517    
  -------------------------------------------------------------------
                         slack                                  1.183    





Min Delay Paths
--------------------------------------------------------------------------------------
Slack (MET) :             0.059ns  (arrival time - required time)
  Source:                 u_pl/pipe_dout_q_reg[6]/C
                            (rising edge-triggered cell FDCE clocked by clkout0_1  {rise@0.000ns fall@10.000ns period=20.000ns})
  Destination:            u_pl/u_split/g_reg[3]/D
                            (rising edge-triggered cell FDCE clocked by clkout0_1  {rise@0.000ns fall@10.000ns period=20.000ns})
  Path Group:             clkout0_1
  Path Type:              Hold (Min at Fast Process Corner)
  Requirement:            0.000ns  (clkout0_1 rise@0.000ns - clkout0_1 rise@0.000ns)
  Data Path Delay:        0.422ns  (logic 0.186ns (44.050%)  route 0.236ns (55.950%))
  Logic Levels:           1  (LUT5=1)
  Clock Path Skew:        0.271ns (DCD - SCD - CPR)
    Destination Clock Delay (DCD):    2.052ns
    Source Clock Delay      (SCD):    1.533ns
    Clock Pessimism Removal (CPR):    0.248ns

    Location             Delay type                Incr(ns)  Path(ns)    Netlist Resource(s)
  -------------------------------------------------------------------    -------------------
                         (clock clkout0_1 rise edge)
                                                      0.000     0.000 r  
    W17                                               0.000     0.000 r  sys_clk (IN)
                         net (fo=0)                   0.000     0.000    sys_clk
    W17                  IBUF (Prop_ibuf_I_O)         0.252     0.252 r  sys_clk_IBUF_inst/O
                         net (fo=1, routed)           0.674     0.926    sys_clk_IBUF
    BUFGCTRL_X0Y4        BUFG (Prop_bufg_I_O)         0.026     0.952 r  sys_clk_IBUF_BUFG_inst/O
                         net (fo=186, routed)         0.595     1.547    u_pl/u_clk/CLK
    MMCME2_ADV_X1Y0      MMCME2_ADV (Prop_mmcme2_adv_CLKIN1_CLKOUT0)
                                                     -1.150     0.397 r  u_pl/u_clk/u_mmcm/CLKOUT0
                         net (fo=1, routed)           0.529     0.926    u_pl/u_clk/clkout0
    BUFGCTRL_X0Y0        BUFG (Prop_bufg_I_O)         0.026     0.952 r  u_pl/u_clk/u_bufg_pix/O
                         net (fo=5475, routed)        0.581     1.533    u_pl/clk_pix
    SLICE_X61Y53         FDCE                                         r  u_pl/pipe_dout_q_reg[6]/C
  -------------------------------------------------------------------    -------------------
    SLICE_X61Y53         FDCE (Prop_fdce_C_Q)         0.141     1.674 r  u_pl/pipe_dout_q_reg[6]/Q
                         net (fo=1, routed)           0.236     1.910    u_pl/u_split_x/r_reg[7]_2[6]
    SLICE_X67Y48         LUT5 (Prop_lut5_I3_O)        0.045     1.955 r  u_pl/u_split_x/g[3]_i_1__0/O
                         net (fo=1, routed)           0.000     1.955    u_pl/u_split/g_reg[7]_1[2]
    SLICE_X67Y48         FDCE                                         r  u_pl/u_split/g_reg[3]/D
  -------------------------------------------------------------------    -------------------

                         (clock clkout0_1 rise edge)
                                                      0.000     0.000 r  
    W17                                               0.000     0.000 r  sys_clk (IN)
                         net (fo=0)                   0.000     0.000    sys_clk
    W17                  IBUF (Prop_ibuf_I_O)         0.440     0.440 r  sys_clk_IBUF_inst/O
                         net (fo=1, routed)           0.731     1.171    sys_clk_IBUF
    BUFGCTRL_X0Y4        BUFG (Prop_bufg_I_O)         0.029     1.200 r  sys_clk_IBUF_BUFG_inst/O
                         net (fo=186, routed)         0.862     2.062    u_pl/u_clk/CLK
    MMCME2_ADV_X1Y0      MMCME2_ADV (Prop_mmcme2_adv_CLKIN1_CLKOUT0)
                                                     -1.467     0.595 r  u_pl/u_clk/u_mmcm/CLKOUT0
                         net (fo=1, routed)           0.576     1.171    u_pl/u_clk/clkout0
    BUFGCTRL_X0Y0        BUFG (Prop_bufg_I_O)         0.029     1.200 r  u_pl/u_clk/u_bufg_pix/O
                         net (fo=5475, routed)        0.852     2.052    u_pl/u_split/clk_pix
    SLICE_X67Y48         FDCE                                         r  u_pl/u_split/g_reg[3]/C
                         clock pessimism             -0.248     1.804    
    SLICE_X67Y48         FDCE (Hold_fdce_C_D)         0.092     1.896    u_pl/u_split/g_reg[3]
  -------------------------------------------------------------------
                         required time                         -1.896    
                         arrival time                           1.955    
  -------------------------------------------------------------------
                         slack                                  0.059    





Pulse Width Checks
--------------------------------------------------------------------------------------
Clock Name:         clkout0_1
Waveform(ns):       { 0.000 10.000 }
Period(ns):         20.000
Sources:            { u_pl/u_clk/u_mmcm/CLKOUT0 }

Check Type        Corner  Lib Pin             Reference Pin  Required(ns)  Actual(ns)  Slack(ns)  Location         Pin
Min Period        n/a     DSP48E1/CLK         n/a            3.272         20.000      16.728     DSP48_X2Y30      u_pl/u_zmap/yr_m_reg/CLK
Max Period        n/a     MMCME2_ADV/CLKOUT0  n/a            213.360       20.000      193.360    MMCME2_ADV_X1Y0  u_pl/u_clk/u_mmcm/CLKOUT0
Low Pulse Width   Slow    RAMD64E/CLK         n/a            1.130         10.000      8.870      SLICE_X58Y13     u_pl/u_blur/lb0_reg_0_63_0_2/RAMA/CLK
High Pulse Width  Slow    RAMD64E/CLK         n/a            1.130         10.000      8.870      SLICE_X58Y13     u_pl/u_blur/lb0_reg_0_63_0_2/RAMA/CLK



---------------------------------------------------------------------------------------------------
From Clock:  clkout1_1
  To Clock:  clkout1_1

Setup :           NA  Failing Endpoints,  Worst Slack           NA  ,  Total Violation           NA
Hold  :           NA  Failing Endpoints,  Worst Slack           NA  ,  Total Violation           NA
PW    :            0  Failing Endpoints,  Worst Slack        2.408ns,  Total Violation        0.000ns
---------------------------------------------------------------------------------------------------


Pulse Width Checks
--------------------------------------------------------------------------------------
Clock Name:         clkout1_1
Waveform(ns):       { 0.000 2.000 }
Period(ns):         4.000
Sources:            { u_pl/u_clk/u_mmcm/CLKOUT1 }

Check Type  Corner  Lib Pin             Reference Pin  Required(ns)  Actual(ns)  Slack(ns)  Location         Pin
Min Period  n/a     BUFG/I              n/a            1.592         4.000       2.408      BUFGCTRL_X0Y2    u_pl/u_clk/u_bufg_5x/I
Max Period  n/a     MMCME2_ADV/CLKOUT1  n/a            213.360       4.000       209.360    MMCME2_ADV_X1Y0  u_pl/u_clk/u_mmcm/CLKOUT1



---------------------------------------------------------------------------------------------------
From Clock:  clkout2
  To Clock:  clkout2

Setup :           NA  Failing Endpoints,  Worst Slack           NA  ,  Total Violation           NA
Hold  :           NA  Failing Endpoints,  Worst Slack           NA  ,  Total Violation           NA
PW    :            0  Failing Endpoints,  Worst Slack        0.264ns,  Total Violation        0.000ns
---------------------------------------------------------------------------------------------------


Pulse Width Checks
--------------------------------------------------------------------------------------
Clock Name:         clkout2
Waveform(ns):       { 0.000 2.500 }
Period(ns):         5.000
Sources:            { u_idelay_clkgen/u_mmcm/CLKOUT2 }

Check Type  Corner  Lib Pin            Reference Pin  Required(ns)  Actual(ns)  Slack(ns)  Location         Pin
Min Period  n/a     IDELAYCTRL/REFCLK  n/a            2.438         5.000       2.562      IDELAYCTRL_X1Y0  u_eth/u_rgmii/u_rgmii_rx/IDELAYCTRL_inst/REFCLK
Max Period  n/a     IDELAYCTRL/REFCLK  n/a            5.264         5.000       0.264      IDELAYCTRL_X1Y0  u_eth/u_rgmii/u_rgmii_rx/IDELAYCTRL_inst/REFCLK



---------------------------------------------------------------------------------------------------
From Clock:  clkout0_1
  To Clock:  sys_clk

Setup :            0  Failing Endpoints,  Worst Slack       14.790ns,  Total Violation        0.000ns
Hold  :            0  Failing Endpoints,  Worst Slack        0.247ns,  Total Violation        0.000ns
---------------------------------------------------------------------------------------------------


Max Delay Paths
--------------------------------------------------------------------------------------
Slack (MET) :             14.790ns  (required time - arrival time)
  Source:                 u_pl/u_split_x/bus_q_reg[16]/C
                            (rising edge-triggered cell FDCE clocked by clkout0_1  {rise@0.000ns fall@10.000ns period=20.000ns})
  Destination:            u_pl/u_ang/angle_reg[5]_rep/D
                            (rising edge-triggered cell FDRE clocked by sys_clk  {rise@0.000ns fall@10.000ns period=20.000ns})
  Path Group:             sys_clk
  Path Type:              Setup (Max at Slow Process Corner)
  Requirement:            20.000ns  (sys_clk rise@20.000ns - clkout0_1 rise@0.000ns)
  Data Path Delay:        4.764ns  (logic 1.554ns (32.620%)  route 3.210ns (67.380%))
  Logic Levels:           6  (CARRY4=2 LUT2=1 LUT6=3)
  Clock Path Skew:        -0.155ns (DCD - SCD + CPR)
    Destination Clock Delay (DCD):    4.418ns = ( 24.418 - 20.000 ) 
    Source Clock Delay      (SCD):    4.819ns
    Clock Pessimism Removal (CPR):    0.246ns
  Clock Uncertainty:      0.259ns  ((TSJ^2 + DJ^2)^1/2) / 2 + PE
    Total System Jitter     (TSJ):    0.071ns
    Discrete Jitter          (DJ):    0.175ns
    Phase Error              (PE):    0.165ns

    Location             Delay type                Incr(ns)  Path(ns)    Netlist Resource(s)
  -------------------------------------------------------------------    -------------------
                         (clock clkout0_1 rise edge)
                                                      0.000     0.000 r  
    W17                                               0.000     0.000 r  sys_clk (IN)
                         net (fo=0)                   0.000     0.000    sys_clk
    W17                  IBUF (Prop_ibuf_I_O)         1.415     1.415 r  sys_clk_IBUF_inst/O
                         net (fo=1, routed)           1.873     3.288    sys_clk_IBUF
    BUFGCTRL_X0Y4        BUFG (Prop_bufg_I_O)         0.085     3.373 r  sys_clk_IBUF_BUFG_inst/O
                         net (fo=186, routed)         1.550     4.923    u_pl/u_clk/CLK
    MMCME2_ADV_X1Y0      MMCME2_ADV (Prop_mmcme2_adv_CLKIN1_CLKOUT0)
                                                     -3.232     1.691 r  u_pl/u_clk/u_mmcm/CLKOUT0
                         net (fo=1, routed)           1.597     3.288    u_pl/u_clk/clkout0
    BUFGCTRL_X0Y0        BUFG (Prop_bufg_I_O)         0.085     3.373 r  u_pl/u_clk/u_bufg_pix/O
                         net (fo=5475, routed)        1.446     4.819    u_pl/u_split_x/clk_pix
    SLICE_X63Y94         FDCE                                         r  u_pl/u_split_x/bus_q_reg[16]/C
  -------------------------------------------------------------------    -------------------
    SLICE_X63Y94         FDCE (Prop_fdce_C_Q)         0.379     5.198 r  u_pl/u_split_x/bus_q_reg[16]/Q
                         net (fo=2, routed)           0.677     5.875    u_pl/u_ang/bus_q[1]
    SLICE_X66Y94         LUT2 (Prop_lut2_I1_O)        0.105     5.980 r  u_pl/u_ang/angle[3]_i_7/O
                         net (fo=1, routed)           0.000     5.980    u_pl/u_ang/angle[3]_i_7_n_0
    SLICE_X66Y94         CARRY4 (Prop_carry4_S[1]_CO[3])
                                                      0.444     6.424 r  u_pl/u_ang/angle_reg[3]_i_2/CO[3]
                         net (fo=1, routed)           0.000     6.424    u_pl/u_ang/angle_reg[3]_i_2_n_0
    SLICE_X66Y95         CARRY4 (Prop_carry4_CI_O[0])
                                                      0.178     6.602 r  u_pl/u_ang/angle_reg[7]_i_4/O[0]
                         net (fo=6, routed)           0.725     7.327    u_pl/u_ang/angle_reg[7]_i_4_n_7
    SLICE_X67Y95         LUT6 (Prop_lut6_I1_O)        0.238     7.565 r  u_pl/u_ang/angle[3]_i_3/O
                         net (fo=4, routed)           0.482     8.047    u_pl/u_ang/angle[3]_i_3_n_0
    SLICE_X67Y96         LUT6 (Prop_lut6_I3_O)        0.105     8.152 r  u_pl/u_ang/angle[5]_i_2/O
                         net (fo=2, routed)           0.843     8.996    u_pl/u_ang/angle[5]_i_2_n_0
    SLICE_X65Y97         LUT6 (Prop_lut6_I4_O)        0.105     9.101 r  u_pl/u_ang/angle[5]_rep_i_1/O
                         net (fo=1, routed)           0.483     9.583    u_pl/u_ang/angle[5]_rep_i_1_n_0
    SLICE_X65Y97         FDRE                                         r  u_pl/u_ang/angle_reg[5]_rep/D
  -------------------------------------------------------------------    -------------------

                         (clock sys_clk rise edge)   20.000    20.000 r  
    W17                                               0.000    20.000 r  sys_clk (IN)
                         net (fo=0)                   0.000    20.000    sys_clk
    W17                  IBUF (Prop_ibuf_I_O)         1.349    21.349 r  sys_clk_IBUF_inst/O
                         net (fo=1, routed)           1.701    23.050    sys_clk_IBUF
    BUFGCTRL_X0Y4        BUFG (Prop_bufg_I_O)         0.077    23.127 r  sys_clk_IBUF_BUFG_inst/O
                         net (fo=186, routed)         1.291    24.418    u_pl/u_ang/CLK
    SLICE_X65Y97         FDRE                                         r  u_pl/u_ang/angle_reg[5]_rep/C
                         clock pessimism              0.246    24.664    
                         clock uncertainty           -0.259    24.405    
    SLICE_X65Y97         FDRE (Setup_fdre_C_D)       -0.032    24.373    u_pl/u_ang/angle_reg[5]_rep
  -------------------------------------------------------------------
                         required time                         24.373    
                         arrival time                          -9.583    
  -------------------------------------------------------------------
                         slack                                 14.790    





Min Delay Paths
--------------------------------------------------------------------------------------
Slack (MET) :             0.247ns  (arrival time - required time)
  Source:                 u_pl/vs_pix_d0_reg/C
                            (rising edge-triggered cell FDRE clocked by clkout0_1  {rise@0.000ns fall@10.000ns period=20.000ns})
  Destination:            u_pl/vt0_reg/D
                            (rising edge-triggered cell FDRE clocked by sys_clk  {rise@0.000ns fall@10.000ns period=20.000ns})
  Path Group:             sys_clk
  Path Type:              Hold (Min at Fast Process Corner)
  Requirement:            0.000ns  (sys_clk rise@0.000ns - clkout0_1 rise@0.000ns)
  Data Path Delay:        0.963ns  (logic 0.209ns (21.711%)  route 0.754ns (78.289%))
  Logic Levels:           1  (LUT2=1)
  Clock Path Skew:        0.366ns (DCD - SCD - CPR)
    Destination Clock Delay (DCD):    2.136ns
    Source Clock Delay      (SCD):    1.522ns
    Clock Pessimism Removal (CPR):    0.248ns
  Clock Uncertainty:      0.259ns  ((TSJ^2 + DJ^2)^1/2) / 2 + PE
    Total System Jitter     (TSJ):    0.071ns
    Discrete Jitter          (DJ):    0.175ns
    Phase Error              (PE):    0.165ns

    Location             Delay type                Incr(ns)  Path(ns)    Netlist Resource(s)
  -------------------------------------------------------------------    -------------------
                         (clock clkout0_1 rise edge)
                                                      0.000     0.000 r  
    W17                                               0.000     0.000 r  sys_clk (IN)
                         net (fo=0)                   0.000     0.000    sys_clk
    W17                  IBUF (Prop_ibuf_I_O)         0.252     0.252 r  sys_clk_IBUF_inst/O
                         net (fo=1, routed)           0.674     0.926    sys_clk_IBUF
    BUFGCTRL_X0Y4        BUFG (Prop_bufg_I_O)         0.026     0.952 r  sys_clk_IBUF_BUFG_inst/O
                         net (fo=186, routed)         0.595     1.547    u_pl/u_clk/CLK
    MMCME2_ADV_X1Y0      MMCME2_ADV (Prop_mmcme2_adv_CLKIN1_CLKOUT0)
                                                     -1.150     0.397 r  u_pl/u_clk/u_mmcm/CLKOUT0
                         net (fo=1, routed)           0.529     0.926    u_pl/u_clk/clkout0
    BUFGCTRL_X0Y0        BUFG (Prop_bufg_I_O)         0.026     0.952 r  u_pl/u_clk/u_bufg_pix/O
                         net (fo=5475, routed)        0.570     1.522    u_pl/clk_pix
    SLICE_X58Y79         FDRE                                         r  u_pl/vs_pix_d0_reg/C
  -------------------------------------------------------------------    -------------------
    SLICE_X58Y79         FDRE (Prop_fdre_C_Q)         0.164     1.686 r  u_pl/vs_pix_d0_reg/Q
                         net (fo=2, routed)           0.225     1.911    u_pl/vs_pix_d0
    SLICE_X59Y81         LUT2 (Prop_lut2_I0_O)        0.045     1.956 r  u_pl/vt0_i_1/O
                         net (fo=1, routed)           0.529     2.484    u_pl/vs_tick
    SLICE_X58Y101        FDRE                                         r  u_pl/vt0_reg/D
  -------------------------------------------------------------------    -------------------

                         (clock sys_clk rise edge)    0.000     0.000 r  
    W17                                               0.000     0.000 r  sys_clk (IN)
                         net (fo=0)                   0.000     0.000    sys_clk
    W17                  IBUF (Prop_ibuf_I_O)         0.440     0.440 r  sys_clk_IBUF_inst/O
                         net (fo=1, routed)           0.731     1.171    sys_clk_IBUF
    BUFGCTRL_X0Y4        BUFG (Prop_bufg_I_O)         0.029     1.200 r  sys_clk_IBUF_BUFG_inst/O
                         net (fo=186, routed)         0.936     2.136    u_pl/CLK
    SLICE_X58Y101        FDRE                                         r  u_pl/vt0_reg/C
                         clock pessimism             -0.248     1.888    
                         clock uncertainty            0.259     2.147    
    SLICE_X58Y101        FDRE (Hold_fdre_C_D)         0.090     2.237    u_pl/vt0_reg
  -------------------------------------------------------------------
                         required time                         -2.237    
                         arrival time                           2.484    
  -------------------------------------------------------------------
                         slack                                  0.247    





---------------------------------------------------------------------------------------------------
From Clock:  sys_clk
  To Clock:  clkout0_1

Setup :            0  Failing Endpoints,  Worst Slack        2.654ns,  Total Violation        0.000ns
Hold  :            0  Failing Endpoints,  Worst Slack        0.237ns,  Total Violation        0.000ns
---------------------------------------------------------------------------------------------------


Max Delay Paths
--------------------------------------------------------------------------------------
Slack (MET) :             2.654ns  (required time - arrival time)
  Source:                 u_pl/u_ang/angle_reg[0]/C
                            (rising edge-triggered cell FDRE clocked by sys_clk  {rise@0.000ns fall@10.000ns period=20.000ns})
  Destination:            u_pl/u_osd/b_reg[2]/D
                            (rising edge-triggered cell FDCE clocked by clkout0_1  {rise@0.000ns fall@10.000ns period=20.000ns})
  Path Group:             clkout0_1
  Path Type:              Setup (Max at Slow Process Corner)
  Requirement:            20.000ns  (clkout0_1 rise@20.000ns - sys_clk rise@0.000ns)
  Data Path Delay:        17.061ns  (logic 4.745ns (27.812%)  route 12.316ns (72.188%))
  Logic Levels:           22  (CARRY4=4 LUT2=2 LUT3=2 LUT4=2 LUT5=1 LUT6=10 MUXF7=1)
  Clock Path Skew:        -0.098ns (DCD - SCD + CPR)
    Destination Clock Delay (DCD):    4.476ns = ( 24.476 - 20.000 ) 
    Source Clock Delay      (SCD):    4.820ns
    Clock Pessimism Removal (CPR):    0.246ns
  Clock Uncertainty:      0.259ns  ((TSJ^2 + DJ^2)^1/2) / 2 + PE
    Total System Jitter     (TSJ):    0.071ns
    Discrete Jitter          (DJ):    0.175ns
    Phase Error              (PE):    0.165ns

    Location             Delay type                Incr(ns)  Path(ns)    Netlist Resource(s)
  -------------------------------------------------------------------    -------------------
                         (clock sys_clk rise edge)    0.000     0.000 r  
    W17                                               0.000     0.000 r  sys_clk (IN)
                         net (fo=0)                   0.000     0.000    sys_clk
    W17                  IBUF (Prop_ibuf_I_O)         1.415     1.415 r  sys_clk_IBUF_inst/O
                         net (fo=1, routed)           1.873     3.288    sys_clk_IBUF
    BUFGCTRL_X0Y4        BUFG (Prop_bufg_I_O)         0.085     3.373 r  sys_clk_IBUF_BUFG_inst/O
                         net (fo=186, routed)         1.447     4.820    u_pl/u_ang/CLK
    SLICE_X66Y94         FDRE                                         r  u_pl/u_ang/angle_reg[0]/C
  -------------------------------------------------------------------    -------------------
    SLICE_X66Y94         FDRE (Prop_fdre_C_Q)         0.433     5.253 r  u_pl/u_ang/angle_reg[0]/Q
                         net (fo=186, routed)         0.704     5.957    u_pl/u_ang/angle_reg_n_0_[0]
    SLICE_X62Y98         LUT2 (Prop_lut2_I1_O)        0.105     6.062 r  u_pl/u_ang/g0_b0_i_709/O
                         net (fo=1, routed)           0.000     6.062    u_pl/u_ang/g0_b0_i_709_n_0
    SLICE_X62Y98         CARRY4 (Prop_carry4_S[1]_CO[3])
                                                      0.444     6.506 r  u_pl/u_ang/g0_b0_i_646/CO[3]
                         net (fo=1, routed)           0.000     6.506    u_pl/u_ang/g0_b0_i_646_n_0
    SLICE_X62Y99         CARRY4 (Prop_carry4_CI_CO[3])
                                                      0.100     6.606 r  u_pl/u_ang/g0_b0_i_416/CO[3]
                         net (fo=1, routed)           0.001     6.607    u_pl/u_ang/g0_b0_i_416_n_0
    SLICE_X62Y100        CARRY4 (Prop_carry4_CI_O[0])
                                                      0.178     6.785 r  u_pl/u_ang/g0_b0_i_179/O[0]
                         net (fo=19, routed)          0.574     7.359    u_pl/u_ang/g0_b0_i_179_n_7
    SLICE_X65Y101        LUT3 (Prop_lut3_I1_O)        0.257     7.616 r  u_pl/u_ang/g0_b0_i_411/O
                         net (fo=2, routed)           0.695     8.310    u_pl/u_ang/g0_b0_i_411_n_0
    SLICE_X65Y101        LUT5 (Prop_lut5_I0_O)        0.267     8.577 r  u_pl/u_ang/g0_b0_i_414/O
                         net (fo=1, routed)           0.000     8.577    u_pl/u_ang/g0_b0_i_414_n_0
    SLICE_X65Y101        CARRY4 (Prop_carry4_S[1]_CO[2])
                                                      0.475     9.052 r  u_pl/u_ang/g0_b0_i_178/CO[2]
                         net (fo=9, routed)           0.516     9.568    u_pl/u_ang/g0_b0_i_178_n_1
    SLICE_X63Y101        LUT4 (Prop_lut4_I0_O)        0.282     9.850 r  u_pl/u_ang/g0_b0_i_72/O
                         net (fo=46, routed)          0.673    10.523    u_pl/u_ang/angle_reg[8]_0
    SLICE_X62Y104        LUT6 (Prop_lut6_I5_O)        0.267    10.790 r  u_pl/u_ang/g0_b0_i_509/O
                         net (fo=9, routed)           0.970    11.760    u_pl/u_osd/g0_b0_i_122
    SLICE_X60Y100        LUT4 (Prop_lut4_I1_O)        0.119    11.879 r  u_pl/u_osd/g0_b0_i_313/O
                         net (fo=2, routed)           0.665    12.544    u_pl/u_ang/g0_b0_i_49
    SLICE_X60Y101        LUT6 (Prop_lut6_I3_O)        0.267    12.811 f  u_pl/u_ang/g0_b0_i_134/O
                         net (fo=1, routed)           0.513    13.324    u_pl/u_osd/g0_b0_i_24_1
    SLICE_X60Y100        LUT6 (Prop_lut6_I1_O)        0.105    13.429 r  u_pl/u_osd/g0_b0_i_49/O
                         net (fo=1, routed)           0.526    13.955    u_pl/u_osd/g0_b0_i_49_n_0
    SLICE_X58Y100        LUT6 (Prop_lut6_I4_O)        0.105    14.060 r  u_pl/u_osd/g0_b0_i_24/O
                         net (fo=11, routed)          0.855    14.914    u_pl/u_osd/chars[2]
    SLICE_X65Y99         LUT6 (Prop_lut6_I1_O)        0.105    15.019 r  u_pl/u_osd/g0_b0_i_10/O
                         net (fo=1, routed)           0.770    15.789    u_pl/u_osd/g0_b0_i_10_n_0
    SLICE_X65Y96         LUT3 (Prop_lut3_I0_O)        0.115    15.904 r  u_pl/u_osd/g0_b0_i_2/O
                         net (fo=35, routed)          0.912    16.816    u_pl/glyph_idx[1]
    SLICE_X64Y90         LUT6 (Prop_lut6_I1_O)        0.267    17.083 f  u_pl/g0_b0__0/O
                         net (fo=1, routed)           0.000    17.083    u_pl/u_osd/r_reg[7]_i_14_3[0]
    SLICE_X64Y90         MUXF7 (Prop_muxf7_I1_O)      0.182    17.265 f  u_pl/u_osd/r_reg[7]_i_39/O
                         net (fo=1, routed)           0.542    17.807    u_pl/u_osd/r_reg[7]_i_39_n_0
    SLICE_X64Y90         LUT6 (Prop_lut6_I1_O)        0.252    18.059 f  u_pl/u_osd/r[7]_i_33/O
                         net (fo=1, routed)           0.323    18.382    u_pl/u_osd/r[7]_i_33_n_0
    SLICE_X64Y89         LUT6 (Prop_lut6_I0_O)        0.105    18.487 f  u_pl/u_osd/r[7]_i_19/O
                         net (fo=1, routed)           0.442    18.929    u_pl/u_osd/r[7]_i_19_n_0
    SLICE_X64Y86         LUT6 (Prop_lut6_I0_O)        0.105    19.034 r  u_pl/u_osd/r[7]_i_8/O
                         net (fo=1, routed)           0.467    19.501    u_pl/u_osd/r[7]_i_8_n_0
    SLICE_X66Y86         LUT6 (Prop_lut6_I5_O)        0.105    19.606 f  u_pl/u_osd/r[7]_i_2/O
                         net (fo=19, routed)          2.170    21.776    u_pl/u_osd/r[7]_i_2_n_0
    SLICE_X98Y25         LUT2 (Prop_lut2_I1_O)        0.105    21.881 r  u_pl/u_osd/b[2]_i_1/O
                         net (fo=1, routed)           0.000    21.881    u_pl/u_osd/b[2]_i_1_n_0
    SLICE_X98Y25         FDCE                                         r  u_pl/u_osd/b_reg[2]/D
  -------------------------------------------------------------------    -------------------

                         (clock clkout0_1 rise edge)
                                                     20.000    20.000 r  
    W17                                               0.000    20.000 r  sys_clk (IN)
                         net (fo=0)                   0.000    20.000    sys_clk
    W17                  IBUF (Prop_ibuf_I_O)         1.349    21.349 r  sys_clk_IBUF_inst/O
                         net (fo=1, routed)           1.701    23.050    sys_clk_IBUF
    BUFGCTRL_X0Y4        BUFG (Prop_bufg_I_O)         0.077    23.127 r  sys_clk_IBUF_BUFG_inst/O
                         net (fo=186, routed)         1.384    24.511    u_pl/u_clk/CLK
    MMCME2_ADV_X1Y0      MMCME2_ADV (Prop_mmcme2_adv_CLKIN1_CLKOUT0)
                                                     -2.915    21.596 r  u_pl/u_clk/u_mmcm/CLKOUT0
                         net (fo=1, routed)           1.454    23.050    u_pl/u_clk/clkout0
    BUFGCTRL_X0Y0        BUFG (Prop_bufg_I_O)         0.077    23.127 r  u_pl/u_clk/u_bufg_pix/O
                         net (fo=5475, routed)        1.349    24.476    u_pl/u_osd/clk_pix
    SLICE_X98Y25         FDCE                                         r  u_pl/u_osd/b_reg[2]/C
                         clock pessimism              0.246    24.722    
                         clock uncertainty           -0.259    24.463    
    SLICE_X98Y25         FDCE (Setup_fdce_C_D)        0.072    24.535    u_pl/u_osd/b_reg[2]
  -------------------------------------------------------------------
                         required time                         24.535    
                         arrival time                         -21.881    
  -------------------------------------------------------------------
                         slack                                  2.654    





Min Delay Paths
--------------------------------------------------------------------------------------
Slack (MET) :             0.237ns  (arrival time - required time)
  Source:                 u_pl/u_ang/angle_reg[5]_rep/C
                            (rising edge-triggered cell FDRE clocked by sys_clk  {rise@0.000ns fall@10.000ns period=20.000ns})
  Destination:            u_pl/u_zmap/rot_s0_reg/D
                            (rising edge-triggered cell FDRE clocked by clkout0_1  {rise@0.000ns fall@10.000ns period=20.000ns})
  Path Group:             clkout0_1
  Path Type:              Hold (Min at Fast Process Corner)
  Requirement:            0.000ns  (clkout0_1 rise@0.000ns - sys_clk rise@0.000ns)
  Data Path Delay:        0.766ns  (logic 0.231ns (30.157%)  route 0.535ns (69.843%))
  Logic Levels:           1  (LUT5=1)
  Clock Path Skew:        0.267ns (DCD - SCD - CPR)
    Destination Clock Delay (DCD):    2.049ns
    Source Clock Delay      (SCD):    1.534ns
    Clock Pessimism Removal (CPR):    0.248ns
  Clock Uncertainty:      0.259ns  ((TSJ^2 + DJ^2)^1/2) / 2 + PE
    Total System Jitter     (TSJ):    0.071ns
    Discrete Jitter          (DJ):    0.175ns
    Phase Error              (PE):    0.165ns

    Location             Delay type                Incr(ns)  Path(ns)    Netlist Resource(s)
  -------------------------------------------------------------------    -------------------
                         (clock sys_clk rise edge)    0.000     0.000 r  
    W17                                               0.000     0.000 r  sys_clk (IN)
                         net (fo=0)                   0.000     0.000    sys_clk
    W17                  IBUF (Prop_ibuf_I_O)         0.252     0.252 r  sys_clk_IBUF_inst/O
                         net (fo=1, routed)           0.674     0.926    sys_clk_IBUF
    BUFGCTRL_X0Y4        BUFG (Prop_bufg_I_O)         0.026     0.952 r  sys_clk_IBUF_BUFG_inst/O
                         net (fo=186, routed)         0.582     1.534    u_pl/u_ang/CLK
    SLICE_X65Y97         FDRE                                         r  u_pl/u_ang/angle_reg[5]_rep/C
  -------------------------------------------------------------------    -------------------
    SLICE_X65Y97         FDRE (Prop_fdre_C_Q)         0.128     1.662 r  u_pl/u_ang/angle_reg[5]_rep/Q
                         net (fo=187, routed)         0.163     1.825    u_pl/u_ang/angle_reg[5]_rep_0
    SLICE_X66Y97         LUT5 (Prop_lut5_I3_O)        0.103     1.928 r  u_pl/u_ang/rot_s0_i_1/O
                         net (fo=3, routed)           0.372     2.300    u_pl/u_zmap/rot_s0_reg_0
    SLICE_X63Y90         FDRE                                         r  u_pl/u_zmap/rot_s0_reg/D
  -------------------------------------------------------------------    -------------------

                         (clock clkout0_1 rise edge)
                                                      0.000     0.000 r  
    W17                                               0.000     0.000 r  sys_clk (IN)
                         net (fo=0)                   0.000     0.000    sys_clk
    W17                  IBUF (Prop_ibuf_I_O)         0.440     0.440 r  sys_clk_IBUF_inst/O
                         net (fo=1, routed)           0.731     1.171    sys_clk_IBUF
    BUFGCTRL_X0Y4        BUFG (Prop_bufg_I_O)         0.029     1.200 r  sys_clk_IBUF_BUFG_inst/O
                         net (fo=186, routed)         0.862     2.062    u_pl/u_clk/CLK
    MMCME2_ADV_X1Y0      MMCME2_ADV (Prop_mmcme2_adv_CLKIN1_CLKOUT0)
                                                     -1.467     0.595 r  u_pl/u_clk/u_mmcm/CLKOUT0
                         net (fo=1, routed)           0.576     1.171    u_pl/u_clk/clkout0
    BUFGCTRL_X0Y0        BUFG (Prop_bufg_I_O)         0.029     1.200 r  u_pl/u_clk/u_bufg_pix/O
                         net (fo=5475, routed)        0.849     2.049    u_pl/u_zmap/clk_pix
    SLICE_X63Y90         FDRE                                         r  u_pl/u_zmap/rot_s0_reg/C
                         clock pessimism             -0.248     1.801    
                         clock uncertainty            0.259     2.060    
    SLICE_X63Y90         FDRE (Hold_fdre_C_D)         0.002     2.062    u_pl/u_zmap/rot_s0_reg
  -------------------------------------------------------------------
                         required time                         -2.062    
                         arrival time                           2.300    
  -------------------------------------------------------------------
                         slack                                  0.237    





