Copyright 1986-2022 Xilinx, Inc. All Rights Reserved. Copyright 2022-2026 Advanced Micro Devices, Inc. All Rights Reserved.
---------------------------------------------------------------------------------------------------------------------------------------------
| Tool Version : Vivado v.2025.2.1 (win64) Build 6403652 Thu Mar 19 19:48:24 GMT 2026
| Date         : Tue Sep 29 18:20:20 2026
| Host         : Uie-laptop running 64-bit major release  (build 9200)
| Command      : report_timing_summary -file D:/Xilinx/Prj/pro/Video_Processing/build/r89_exp/timing_summary.rpt
| Design       : system_top
| Device       : 7z020-clg484
| Speed File   : -2  PRODUCTION 1.12 2019-11-22
| Design State : Routed
---------------------------------------------------------------------------------------------------------------------------------------------

Timing Summary Report

------------------------------------------------------------------------------------------------
| Timer Settings
| --------------
------------------------------------------------------------------------------------------------

  Enable Multi Corner Analysis               :  Yes
  Enable Pessimism Removal                   :  Yes
  Pessimism Removal Resolution               :  Nearest Common Node
  Enable Input Delay Default Clock           :  No
  Enable Preset / Clear Arcs                 :  No
  Disable Flight Delays                      :  No
  Ignore I/O Paths                           :  No
  Timing Early Launch at Borrowing Latches   :  No
  Borrow Time for Max Delay Exceptions       :  Yes
  Merge Timing Exceptions                    :  Yes
  Inter-SLR Compensation                     :  Conservative

  Corner  Analyze    Analyze    
  Name    Max Paths  Min Paths  
  ------  ---------  ---------  
  Slow    Yes        Yes        
  Fast    Yes        Yes        


------------------------------------------------------------------------------------------------
| Report Methodology
| ------------------
------------------------------------------------------------------------------------------------

Rule       Severity  Description                                                Violations  
---------  --------  ---------------------------------------------------------  ----------  
DPIR-1     Warning   Asynchronous driver check                                  2           
LUTAR-1    Warning   LUT drives async reset alert                               1           
SYNTH-5    Warning   Mapped onto distributed RAM because of timing constraints  336         
SYNTH-6    Warning   Timing of a RAM block might be sub-optimal                 97          
TIMING-9   Warning   Unknown CDC Logic                                          1           
TIMING-10  Warning   Missing property on synchronizer                           1           
TIMING-18  Warning   Missing input or output delay                              7           

Note: This report is based on the most recent report_methodology run and may not be up-to-date. Run report_methodology on the current design for the latest report.



check_timing report

Table of Contents
-----------------
1. checking no_clock (0)
2. checking constant_clock (0)
3. checking pulse_width_clock (0)
4. checking unconstrained_internal_endpoints (0)
5. checking no_input_delay (7)
6. checking no_output_delay (12)
7. checking multiple_clock (0)
8. checking generated_clocks (0)
9. checking loops (0)
10. checking partial_input_delay (0)
11. checking partial_output_delay (0)
12. checking latch_loops (0)

1. checking no_clock (0)
------------------------
 There are 0 register/latch pins with no clock.


2. checking constant_clock (0)
------------------------------
 There are 0 register/latch pins with constant_clock.


3. checking pulse_width_clock (0)
---------------------------------
 There are 0 register/latch pins which need pulse_width check


4. checking unconstrained_internal_endpoints (0)
------------------------------------------------
 There are 0 pins that are not constrained for maximum delay.

 There are 0 pins that are not constrained for maximum delay due to constant clock.


5. checking no_input_delay (7)
------------------------------
 There are 5 input ports with no input delay specified. (HIGH)

 There are 2 input ports with no input delay but user has a false path constraint. (MEDIUM)


6. checking no_output_delay (12)
--------------------------------
 There are 6 ports with no output delay specified. (HIGH)

 There are 6 ports with no output delay but user has a false path constraint (MEDIUM)

 There are 0 ports with no output delay but with a timing clock defined on it or propagating through it


7. checking multiple_clock (0)
------------------------------
 There are 0 register/latch pins with multiple clocks.


8. checking generated_clocks (0)
--------------------------------
 There are 0 generated clocks that are not connected to a clock source.


9. checking loops (0)
---------------------
 There are 0 combinational loops in the design.


10. checking partial_input_delay (0)
------------------------------------
 There are 0 input ports with partial input delay specified.


11. checking partial_output_delay (0)
-------------------------------------
 There are 0 ports with partial output delay specified.


12. checking latch_loops (0)
----------------------------
 There are 0 combinational latch loops in the design through latch input



------------------------------------------------------------------------------------------------
| Design Timing Summary
| ---------------------
------------------------------------------------------------------------------------------------

    WNS(ns)      TNS(ns)  TNS Failing Endpoints  TNS Total Endpoints      WHS(ns)      THS(ns)  THS Failing Endpoints  THS Total Endpoints     WPWS(ns)     TPWS(ns)  TPWS Failing Endpoints  TPWS Total Endpoints  
    -------      -------  ---------------------  -------------------      -------      -------  ---------------------  -------------------     --------     --------  ----------------------  --------------------  
      0.363        0.000                      0                50885        0.052        0.000                      0                50885        0.264        0.000                       0                 12523  


All user specified timing constraints are met.


------------------------------------------------------------------------------------------------
| Clock Summary
| -------------
------------------------------------------------------------------------------------------------

Clock         Waveform(ns)         Period(ns)      Frequency(MHz)
-----         ------------         ----------      --------------
clk_fpga_0    {0.000 5.000}        10.000          100.000         
eth_rxc       {0.000 4.000}        8.000           125.000         
sys_clk       {0.000 10.000}       20.000          50.000          
  clkfbout    {0.000 10.000}       20.000          50.000          
  clkfbout_1  {0.000 10.000}       20.000          50.000          
  clkout0_1   {0.000 10.000}       20.000          50.000          
  clkout1_1   {0.000 2.000}        4.000           250.000         
  clkout2     {0.000 2.500}        5.000           200.000         


------------------------------------------------------------------------------------------------
| Intra Clock Table
| -----------------
------------------------------------------------------------------------------------------------

Clock             WNS(ns)      TNS(ns)  TNS Failing Endpoints  TNS Total Endpoints      WHS(ns)      THS(ns)  THS Failing Endpoints  THS Total Endpoints     WPWS(ns)     TPWS(ns)  TPWS Failing Endpoints  TPWS Total Endpoints  
-----             -------      -------  ---------------------  -------------------      -------      -------  ---------------------  -------------------     --------     --------  ----------------------  --------------------  
clk_fpga_0          1.861        0.000                      0                15713        0.060        0.000                      0                15713        3.870        0.000                       0                  4368  
eth_rxc             0.363        0.000                      0                 4721        0.052        0.000                      0                 4721        3.500        0.000                       0                  2481  
sys_clk            13.808        0.000                      0                  255        0.130        0.000                      0                  255        7.000        0.000                       0                   187  
  clkfbout                                                                                                                                                     18.408        0.000                       0                     3  
  clkfbout_1                                                                                                                                                   18.408        0.000                       0                     3  
  clkout0_1         1.093        0.000                      0                30118        0.060        0.000                      0                30118        8.870        0.000                       0                  5468  
  clkout1_1                                                                                                                                                     2.408        0.000                       0                    10  
  clkout2                                                                                                                                                       0.264        0.000                       0                     3  


------------------------------------------------------------------------------------------------
| Inter Clock Table
| -----------------
------------------------------------------------------------------------------------------------

From Clock    To Clock          WNS(ns)      TNS(ns)  TNS Failing Endpoints  TNS Total Endpoints      WHS(ns)      THS(ns)  THS Failing Endpoints  THS Total Endpoints  
----------    --------          -------      -------  ---------------------  -------------------      -------      -------  ---------------------  -------------------  
clkout0_1     sys_clk            14.707        0.000                      0                   22        0.121        0.000                      0                   22  
sys_clk       clkout0_1           3.401        0.000                      0                  191        0.161        0.000                      0                  191  


------------------------------------------------------------------------------------------------
| Other Path Groups Table
| -----------------------
------------------------------------------------------------------------------------------------

Path Group    From Clock    To Clock          WNS(ns)      TNS(ns)  TNS Failing Endpoints  TNS Total Endpoints      WHS(ns)      THS(ns)  THS Failing Endpoints  THS Total Endpoints  
----------    ----------    --------          -------      -------  ---------------------  -------------------      -------      -------  ---------------------  -------------------  


------------------------------------------------------------------------------------------------
| Timing Details
| --------------
------------------------------------------------------------------------------------------------


---------------------------------------------------------------------------------------------------
From Clock:  clk_fpga_0
  To Clock:  clk_fpga_0

Setup :            0  Failing Endpoints,  Worst Slack        1.861ns,  Total Violation        0.000ns
Hold  :            0  Failing Endpoints,  Worst Slack        0.060ns,  Total Violation        0.000ns
PW    :            0  Failing Endpoints,  Worst Slack        3.870ns,  Total Violation        0.000ns
---------------------------------------------------------------------------------------------------


Max Delay Paths
--------------------------------------------------------------------------------------
Slack (MET) :             1.861ns  (required time - arrival time)
  Source:                 u_pl/u_arb/owner_eth_reg_rep__0/C
                            (rising edge-triggered cell FDCE clocked by clk_fpga_0  {rise@0.000ns fall@5.000ns period=10.000ns})
  Destination:            u_pl/u_bilin/u_fb/lo_reg_0_63/ADDRARDADDR[2]
                            (rising edge-triggered cell RAMB36E1 clocked by clk_fpga_0  {rise@0.000ns fall@5.000ns period=10.000ns})
  Path Group:             clk_fpga_0
  Path Type:              Setup (Max at Slow Process Corner)
  Requirement:            10.000ns  (clk_fpga_0 rise@10.000ns - clk_fpga_0 rise@0.000ns)
  Data Path Delay:        7.406ns  (logic 0.498ns (6.724%)  route 6.908ns (93.276%))
  Logic Levels:           1  (LUT3=1)
  Clock Path Skew:        0.074ns (DCD - SCD + CPR)
    Destination Clock Delay (DCD):    2.411ns = ( 12.411 - 10.000 ) 
    Source Clock Delay      (SCD):    2.446ns
    Clock Pessimism Removal (CPR):    0.109ns
  Clock Uncertainty:      0.154ns  ((TSJ^2 + TIJ^2)^1/2 + DJ) / 2 + PE
    Total System Jitter     (TSJ):    0.071ns
    Total Input Jitter      (TIJ):    0.300ns
    Discrete Jitter          (DJ):    0.000ns
    Phase Error              (PE):    0.000ns

    Location             Delay type                Incr(ns)  Path(ns)    Netlist Resource(s)
  -------------------------------------------------------------------    -------------------
                         (clock clk_fpga_0 rise edge)
                                                      0.000     0.000 r  
    PS7_X0Y0             PS7                          0.000     0.000 r  u_bd/design_1_i/processing_system7_0/inst/PS7_i/FCLKCLK[0]
                         net (fo=1, routed)           0.994     0.994    u_bd/design_1_i/processing_system7_0/inst/FCLK_CLK_unbuffered[0]
    BUFGCTRL_X0Y16       BUFG (Prop_bufg_I_O)         0.085     1.079 r  u_bd/design_1_i/processing_system7_0/inst/buffer_fclk_clk_0.FCLK_CLK_0_BUFG/O
                         net (fo=4369, routed)        1.367     2.446    u_pl/u_arb/FCLK_CLK0
    SLICE_X51Y81         FDCE                                         r  u_pl/u_arb/owner_eth_reg_rep__0/C
  -------------------------------------------------------------------    -------------------
    SLICE_X51Y81         FDCE (Prop_fdce_C_Q)         0.379     2.825 r  u_pl/u_arb/owner_eth_reg_rep__0/Q
                         net (fo=187, routed)         2.357     5.182    u_pl/u_row/wr_words_reg[17]_0
    SLICE_X45Y40         LUT3 (Prop_lut3_I2_O)        0.119     5.301 r  u_pl/u_row/lo_reg_0_12_i_13/O
                         net (fo=20, routed)          4.551     9.852    u_pl/u_bilin/u_fb/lo_reg_0_12_0[2]
    RAMB36_X2Y21         RAMB36E1                                     r  u_pl/u_bilin/u_fb/lo_reg_0_63/ADDRARDADDR[2]
  -------------------------------------------------------------------    -------------------

                         (clock clk_fpga_0 rise edge)
                                                     10.000    10.000 r  
    PS7_X0Y0             PS7                          0.000    10.000 r  u_bd/design_1_i/processing_system7_0/inst/PS7_i/FCLKCLK[0]
                         net (fo=1, routed)           0.905    10.906    u_bd/design_1_i/processing_system7_0/inst/FCLK_CLK_unbuffered[0]
    BUFGCTRL_X0Y16       BUFG (Prop_bufg_I_O)         0.077    10.983 r  u_bd/design_1_i/processing_system7_0/inst/buffer_fclk_clk_0.FCLK_CLK_0_BUFG/O
                         net (fo=4369, routed)        1.429    12.411    u_pl/u_bilin/u_fb/FCLK_CLK0
    RAMB36_X2Y21         RAMB36E1                                     r  u_pl/u_bilin/u_fb/lo_reg_0_63/CLKARDCLK
                         clock pessimism              0.109    12.520    
                         clock uncertainty           -0.154    12.365    
    RAMB36_X2Y21         RAMB36E1 (Setup_ramb36e1_CLKARDCLK_ADDRARDADDR[2])
                                                     -0.652    11.713    u_pl/u_bilin/u_fb/lo_reg_0_63
  -------------------------------------------------------------------
                         required time                         11.713    
                         arrival time                          -9.852    
  -------------------------------------------------------------------
                         slack                                  1.861    





Min Delay Paths
--------------------------------------------------------------------------------------
Slack (MET) :             0.060ns  (arrival time - required time)
  Source:                 u_eth/u_saver/cur_data_reg[36]/C
                            (rising edge-triggered cell FDCE clocked by clk_fpga_0  {rise@0.000ns fall@5.000ns period=10.000ns})
  Destination:            u_eth/u_saver/q_data_reg_0_63_36_38/RAMA/I
                            (rising edge-triggered cell RAMD64E clocked by clk_fpga_0  {rise@0.000ns fall@5.000ns period=10.000ns})
  Path Group:             clk_fpga_0
  Path Type:              Hold (Min at Fast Process Corner)
  Requirement:            0.000ns  (clk_fpga_0 rise@0.000ns - clk_fpga_0 rise@0.000ns)
  Data Path Delay:        0.220ns  (logic 0.141ns (64.229%)  route 0.079ns (35.771%))
  Logic Levels:           0  
  Clock Path Skew:        0.013ns (DCD - SCD - CPR)
    Destination Clock Delay (DCD):    1.228ns
    Source Clock Delay      (SCD):    0.930ns
    Clock Pessimism Removal (CPR):    0.285ns

    Location             Delay type                Incr(ns)  Path(ns)    Netlist Resource(s)
  -------------------------------------------------------------------    -------------------
                         (clock clk_fpga_0 rise edge)
                                                      0.000     0.000 r  
    PS7_X0Y0             PS7                          0.000     0.000 r  u_bd/design_1_i/processing_system7_0/inst/PS7_i/FCLKCLK[0]
                         net (fo=1, routed)           0.310     0.310    u_bd/design_1_i/processing_system7_0/inst/FCLK_CLK_unbuffered[0]
    BUFGCTRL_X0Y16       BUFG (Prop_bufg_I_O)         0.026     0.336 r  u_bd/design_1_i/processing_system7_0/inst/buffer_fclk_clk_0.FCLK_CLK_0_BUFG/O
                         net (fo=4369, routed)        0.594     0.930    u_eth/u_saver/FCLK_CLK0
    SLICE_X23Y40         FDCE                                         r  u_eth/u_saver/cur_data_reg[36]/C
  -------------------------------------------------------------------    -------------------
    SLICE_X23Y40         FDCE (Prop_fdce_C_Q)         0.141     1.071 r  u_eth/u_saver/cur_data_reg[36]/Q
                         net (fo=8, routed)           0.079     1.149    u_eth/u_saver/q_data_reg_0_63_36_38/DIA
    SLICE_X22Y40         RAMD64E                                      r  u_eth/u_saver/q_data_reg_0_63_36_38/RAMA/I
  -------------------------------------------------------------------    -------------------

                         (clock clk_fpga_0 rise edge)
                                                      0.000     0.000 r  
    PS7_X0Y0             PS7                          0.000     0.000 r  u_bd/design_1_i/processing_system7_0/inst/PS7_i/FCLKCLK[0]
                         net (fo=1, routed)           0.337     0.337    u_bd/design_1_i/processing_system7_0/inst/FCLK_CLK_unbuffered[0]
    BUFGCTRL_X0Y16       BUFG (Prop_bufg_I_O)         0.029     0.366 r  u_bd/design_1_i/processing_system7_0/inst/buffer_fclk_clk_0.FCLK_CLK_0_BUFG/O
                         net (fo=4369, routed)        0.862     1.228    u_eth/u_saver/q_data_reg_0_63_36_38/WCLK
    SLICE_X22Y40         RAMD64E                                      r  u_eth/u_saver/q_data_reg_0_63_36_38/RAMA/CLK
                         clock pessimism             -0.285     0.943    
    SLICE_X22Y40         RAMD64E (Hold_ramd64e_CLK_I)
                                                      0.147     1.090    u_eth/u_saver/q_data_reg_0_63_36_38/RAMA
  -------------------------------------------------------------------
                         required time                         -1.090    
                         arrival time                           1.149    
  -------------------------------------------------------------------
                         slack                                  0.060    





Pulse Width Checks
--------------------------------------------------------------------------------------
Clock Name:         clk_fpga_0
Waveform(ns):       { 0.000 5.000 }
Period(ns):         10.000
Sources:            { u_bd/design_1_i/processing_system7_0/inst/PS7_i/FCLKCLK[0] }

Check Type        Corner  Lib Pin             Reference Pin  Required(ns)  Actual(ns)  Slack(ns)  Location      Pin
Min Period        n/a     RAMB36E1/CLKBWRCLK  n/a            2.170         10.000      7.830      RAMB36_X1Y6   u_eth/u_cdc/mem_reg_0/CLKBWRCLK
Low Pulse Width   Slow    RAMD64E/CLK         n/a            1.130         5.000       3.870      SLICE_X20Y23  u_eth/u_saver/q_addr_reg_0_63_12_14/RAMA/CLK
High Pulse Width  Slow    RAMD64E/CLK         n/a            1.130         5.000       3.870      SLICE_X20Y23  u_eth/u_saver/q_addr_reg_0_63_12_14/RAMA/CLK



---------------------------------------------------------------------------------------------------
From Clock:  eth_rxc
  To Clock:  eth_rxc

Setup :            0  Failing Endpoints,  Worst Slack        0.363ns,  Total Violation        0.000ns
Hold  :            0  Failing Endpoints,  Worst Slack        0.052ns,  Total Violation        0.000ns
PW    :            0  Failing Endpoints,  Worst Slack        3.500ns,  Total Violation        0.000ns
---------------------------------------------------------------------------------------------------


Max Delay Paths
--------------------------------------------------------------------------------------
Slack (MET) :             0.363ns  (required time - arrival time)
  Source:                 u_eth/u_icmp/u_icmp_rx/FSM_onehot_cur_state_reg[4]/C
                            (rising edge-triggered cell FDCE clocked by eth_rxc  {rise@0.000ns fall@4.000ns period=8.000ns})
  Destination:            u_eth/u_icmp/u_icmp_rx/reply_checksum_add_reg[26]/CE
                            (rising edge-triggered cell FDCE clocked by eth_rxc  {rise@0.000ns fall@4.000ns period=8.000ns})
  Path Group:             eth_rxc
  Path Type:              Setup (Max at Slow Process Corner)
  Requirement:            8.000ns  (eth_rxc rise@8.000ns - eth_rxc rise@0.000ns)
  Data Path Delay:        7.386ns  (logic 1.088ns (14.731%)  route 6.298ns (85.269%))
  Logic Levels:           4  (LUT3=1 LUT5=2 LUT6=1)
  Clock Path Skew:        -0.048ns (DCD - SCD + CPR)
    Destination Clock Delay (DCD):    4.506ns = ( 12.506 - 8.000 ) 
    Source Clock Delay      (SCD):    4.896ns
    Clock Pessimism Removal (CPR):    0.342ns
  Clock Uncertainty:      0.035ns  ((TSJ^2 + TIJ^2)^1/2 + DJ) / 2 + PE
    Total System Jitter     (TSJ):    0.071ns
    Total Input Jitter      (TIJ):    0.000ns
    Discrete Jitter          (DJ):    0.000ns
    Phase Error              (PE):    0.000ns

    Location             Delay type                Incr(ns)  Path(ns)    Netlist Resource(s)
  -------------------------------------------------------------------    -------------------
                         (clock eth_rxc rise edge)    0.000     0.000 r  
    Y19                                               0.000     0.000 r  eth_rxc (IN)
                         net (fo=0)                   0.000     0.000    eth_rxc
    Y19                  IBUF (Prop_ibuf_I_O)         1.430     1.430 r  eth_rxc_IBUF_inst/O
                         net (fo=2, routed)           1.873     3.303    u_eth/u_rgmii/u_rgmii_rx/rgmii_rxc
    BUFGCTRL_X0Y1        BUFG (Prop_bufg_I_O)         0.085     3.388 r  u_eth/u_rgmii/u_rgmii_rx/BUFG_inst/O
                         net (fo=2475, routed)        1.508     4.896    u_eth/u_icmp/u_icmp_rx/gmii_rx_clk
    SLICE_X93Y29         FDCE                                         r  u_eth/u_icmp/u_icmp_rx/FSM_onehot_cur_state_reg[4]/C
  -------------------------------------------------------------------    -------------------
    SLICE_X93Y29         FDCE (Prop_fdce_C_Q)         0.348     5.244 f  u_eth/u_icmp/u_icmp_rx/FSM_onehot_cur_state_reg[4]/Q
                         net (fo=20, routed)          1.873     7.117    u_eth/u_icmp/u_icmp_rx/cur_state[4]
    SLICE_X96Y29         LUT5 (Prop_lut5_I1_O)        0.242     7.359 r  u_eth/u_icmp/u_icmp_rx/rec_data[7]_i_3/O
                         net (fo=1, routed)           0.753     8.111    u_eth/u_icmp/u_icmp_rx/rec_data[7]_i_3_n_0
    SLICE_X96Y29         LUT6 (Prop_lut6_I4_O)        0.105     8.216 r  u_eth/u_icmp/u_icmp_rx/rec_data[7]_i_2/O
                         net (fo=3, routed)           0.979     9.195    u_eth/u_rgmii/u_rgmii_rx/rec_data_reg[0]
    SLICE_X95Y31         LUT3 (Prop_lut3_I0_O)        0.126     9.321 r  u_eth/u_rgmii/u_rgmii_rx/rec_data[7]_i_1/O
                         net (fo=28, routed)          0.607     9.928    u_eth/u_icmp/u_icmp_rx/rec_data_reg[0]_0
    SLICE_X95Y32         LUT5 (Prop_lut5_I2_O)        0.267    10.195 r  u_eth/u_icmp/u_icmp_rx/reply_checksum_add[31]_i_1/O
                         net (fo=32, routed)          2.087    12.282    u_eth/u_icmp/u_icmp_rx/reply_checksum_add0
    SLICE_X97Y45         FDCE                                         r  u_eth/u_icmp/u_icmp_rx/reply_checksum_add_reg[26]/CE
  -------------------------------------------------------------------    -------------------

                         (clock eth_rxc rise edge)    8.000     8.000 r  
    Y19                                               0.000     8.000 r  eth_rxc (IN)
                         net (fo=0)                   0.000     8.000    eth_rxc
    Y19                  IBUF (Prop_ibuf_I_O)         1.364     9.364 r  eth_rxc_IBUF_inst/O
                         net (fo=2, routed)           1.701    11.065    u_eth/u_rgmii/u_rgmii_rx/rgmii_rxc
    BUFGCTRL_X0Y1        BUFG (Prop_bufg_I_O)         0.077    11.142 r  u_eth/u_rgmii/u_rgmii_rx/BUFG_inst/O
                         net (fo=2475, routed)        1.364    12.506    u_eth/u_icmp/u_icmp_rx/gmii_rx_clk
    SLICE_X97Y45         FDCE                                         r  u_eth/u_icmp/u_icmp_rx/reply_checksum_add_reg[26]/C
                         clock pessimism              0.342    12.848    
                         clock uncertainty           -0.035    12.812    
    SLICE_X97Y45         FDCE (Setup_fdce_C_CE)      -0.168    12.644    u_eth/u_icmp/u_icmp_rx/reply_checksum_add_reg[26]
  -------------------------------------------------------------------
                         required time                         12.644    
                         arrival time                         -12.282    
  -------------------------------------------------------------------
                         slack                                  0.363    





Min Delay Paths
--------------------------------------------------------------------------------------
Slack (MET) :             0.052ns  (arrival time - required time)
  Source:                 u_eth/u_cdc/rgray_s1_reg[1]/C
                            (rising edge-triggered cell FDCE clocked by eth_rxc  {rise@0.000ns fall@4.000ns period=8.000ns})
  Destination:            u_eth/u_lm/full_d_reg/D
                            (rising edge-triggered cell FDCE clocked by eth_rxc  {rise@0.000ns fall@4.000ns period=8.000ns})
  Path Group:             eth_rxc
  Path Type:              Hold (Min at Fast Process Corner)
  Requirement:            0.000ns  (eth_rxc rise@0.000ns - eth_rxc rise@0.000ns)
  Data Path Delay:        0.958ns  (logic 0.454ns (47.401%)  route 0.504ns (52.599%))
  Logic Levels:           3  (CARRY4=2 LUT6=1)
  Clock Path Skew:        0.015ns (DCD - SCD - CPR)
    Destination Clock Delay (DCD):    2.098ns
    Source Clock Delay      (SCD):    1.582ns
    Clock Pessimism Removal (CPR):    0.501ns
  Clock Uncertainty:      0.800ns  ((TSJ^2 + TIJ^2)^1/2 + DJ) / 2 + PE + UU
    Total System Jitter     (TSJ):    0.000ns
    Total Input Jitter      (TIJ):    0.000ns
    Discrete Jitter          (DJ):    0.000ns
    Phase Error              (PE):    0.000ns
    User Uncertainty         (UU):    0.800ns

    Location             Delay type                Incr(ns)  Path(ns)    PBlock               Netlist Resource(s)
  -------------------------------------------------------------------    ----------------------------------------
                         (clock eth_rxc rise edge)    0.000     0.000 r                       
    Y19                                               0.000     0.000 r                       eth_rxc (IN)
                         net (fo=0)                   0.000     0.000                         eth_rxc
    Y19                  IBUF (Prop_ibuf_I_O)         0.266     0.266 r                       eth_rxc_IBUF_inst/O
                         net (fo=2, routed)           0.674     0.940                         u_eth/u_rgmii/u_rgmii_rx/rgmii_rxc
    BUFGCTRL_X0Y1        BUFG (Prop_bufg_I_O)         0.026     0.966 r                       u_eth/u_rgmii/u_rgmii_rx/BUFG_inst/O
                         net (fo=2475, routed)        0.616     1.582                         u_eth/u_cdc/gmii_rx_clk
    SLICE_X5Y18          FDCE                                         r  pb_eth_cdc           u_eth/u_cdc/rgray_s1_reg[1]/C
  -------------------------------------------------------------------    ----------------------------------------
    SLICE_X5Y18          FDCE (Prop_fdce_C_Q)         0.128     1.710 r  pb_eth_cdc           u_eth/u_cdc/rgray_s1_reg[1]/Q
                         net (fo=1, routed)           0.504     2.214                         u_eth/u_cdc/rgray_s1[1]
    SLICE_X5Y16          LUT6 (Prop_lut6_I4_O)        0.098     2.312 r  pb_eth_cdc           u_eth/u_cdc/full_d_i_7/O
                         net (fo=1, routed)           0.000     2.312                         u_eth/u_cdc/full_d_i_7_n_0
    SLICE_X5Y16          CARRY4 (Prop_carry4_S[0]_CO[3])
                                                      0.152     2.464 r  pb_eth_cdc           u_eth/u_cdc/full_d_reg_i_2/CO[3]
                         net (fo=1, routed)           0.000     2.464                         u_eth/u_cdc/full_d_reg_i_2_n_0
    SLICE_X5Y17          CARRY4 (Prop_carry4_CI_CO[0])
                                                      0.076     2.540 r  pb_eth_cdc           u_eth/u_cdc/full_d_reg_i_1/CO[0]
                         net (fo=6, routed)           0.000     2.540                         u_eth/u_lm/wr_full
    SLICE_X5Y17          FDCE                                         r                       u_eth/u_lm/full_d_reg/D
  -------------------------------------------------------------------    ----------------------------------------

                         (clock eth_rxc rise edge)    0.000     0.000 r                       
    Y19                                               0.000     0.000 r                       eth_rxc (IN)
                         net (fo=0)                   0.000     0.000                         eth_rxc
    Y19                  IBUF (Prop_ibuf_I_O)         0.454     0.454 r                       eth_rxc_IBUF_inst/O
                         net (fo=2, routed)           0.731     1.185                         u_eth/u_rgmii/u_rgmii_rx/rgmii_rxc
    BUFGCTRL_X0Y1        BUFG (Prop_bufg_I_O)         0.029     1.214 r                       u_eth/u_rgmii/u_rgmii_rx/BUFG_inst/O
                         net (fo=2475, routed)        0.884     2.098                         u_eth/u_lm/gmii_rx_clk
    SLICE_X5Y17          FDCE                                         r                       u_eth/u_lm/full_d_reg/C
                         clock pessimism             -0.501     1.597                           
                         clock uncertainty            0.800     2.397                           
    SLICE_X5Y17          FDCE (Hold_fdce_C_D)         0.091     2.488                           u_eth/u_lm/full_d_reg
  -------------------------------------------------------------------
                         required time                         -2.488                           
                         arrival time                           2.540                           
  -------------------------------------------------------------------
                         slack                                  0.052                           





Pulse Width Checks
--------------------------------------------------------------------------------------
Clock Name:         eth_rxc
Waveform(ns):       { 0.000 4.000 }
Period(ns):         8.000
Sources:            { eth_rxc }

Check Type        Corner  Lib Pin             Reference Pin  Required(ns)  Actual(ns)  Slack(ns)  Location      Pin
Min Period        n/a     RAMB18E1/CLKARDCLK  n/a            2.472         8.000       5.528      RAMB18_X5Y8   u_eth/u_icmp_fifo/mem_reg/CLKARDCLK
Low Pulse Width   Slow    FDCE/C              n/a            0.500         4.000       3.500      SLICE_X21Y32  u_eth/flush_pend_reg/C
High Pulse Width  Slow    FDCE/C              n/a            0.500         4.000       3.500      SLICE_X21Y32  u_eth/flush_pend_reg/C



---------------------------------------------------------------------------------------------------
From Clock:  sys_clk
  To Clock:  sys_clk

Setup :            0  Failing Endpoints,  Worst Slack       13.808ns,  Total Violation        0.000ns
Hold  :            0  Failing Endpoints,  Worst Slack        0.130ns,  Total Violation        0.000ns
PW    :            0  Failing Endpoints,  Worst Slack        7.000ns,  Total Violation        0.000ns
---------------------------------------------------------------------------------------------------


Max Delay Paths
--------------------------------------------------------------------------------------
Slack (MET) :             13.808ns  (required time - arrival time)
  Source:                 u_pl/sec_div_reg[20]/C
                            (rising edge-triggered cell FDCE clocked by sys_clk  {rise@0.000ns fall@10.000ns period=20.000ns})
  Destination:            u_pl/fps_acc_reg[0]/CE
                            (rising edge-triggered cell FDCE clocked by sys_clk  {rise@0.000ns fall@10.000ns period=20.000ns})
  Path Group:             sys_clk
  Path Type:              Setup (Max at Slow Process Corner)
  Requirement:            20.000ns  (sys_clk rise@20.000ns - sys_clk rise@0.000ns)
  Data Path Delay:        6.076ns  (logic 1.008ns (16.591%)  route 5.068ns (83.409%))
  Logic Levels:           5  (LUT3=1 LUT4=1 LUT5=1 LUT6=2)
  Clock Path Skew:        0.055ns (DCD - SCD + CPR)
    Destination Clock Delay (DCD):    4.560ns = ( 24.560 - 20.000 ) 
    Source Clock Delay      (SCD):    4.763ns
    Clock Pessimism Removal (CPR):    0.258ns
  Clock Uncertainty:      0.035ns  ((TSJ^2 + TIJ^2)^1/2 + DJ) / 2 + PE
    Total System Jitter     (TSJ):    0.071ns
    Total Input Jitter      (TIJ):    0.000ns
    Discrete Jitter          (DJ):    0.000ns
    Phase Error              (PE):    0.000ns

    Location             Delay type                Incr(ns)  Path(ns)    Netlist Resource(s)
  -------------------------------------------------------------------    -------------------
                         (clock sys_clk rise edge)    0.000     0.000 r  
    W17                                               0.000     0.000 r  sys_clk (IN)
                         net (fo=0)                   0.000     0.000    sys_clk
    W17                  IBUF (Prop_ibuf_I_O)         1.415     1.415 r  sys_clk_IBUF_inst/O
                         net (fo=1, routed)           1.873     3.288    sys_clk_IBUF
    BUFGCTRL_X0Y4        BUFG (Prop_bufg_I_O)         0.085     3.373 r  sys_clk_IBUF_BUFG_inst/O
                         net (fo=186, routed)         1.390     4.763    u_pl/CLK
    SLICE_X33Y89         FDCE                                         r  u_pl/sec_div_reg[20]/C
  -------------------------------------------------------------------    -------------------
    SLICE_X33Y89         FDCE (Prop_fdce_C_Q)         0.348     5.111 r  u_pl/sec_div_reg[20]/Q
                         net (fo=2, routed)           0.568     5.679    u_pl/sec_div_reg_n_0_[20]
    SLICE_X33Y89         LUT4 (Prop_lut4_I3_O)        0.240     5.919 f  u_pl/sec_div[25]_i_8/O
                         net (fo=1, routed)           0.494     6.414    u_pl/sec_div[25]_i_8_n_0
    SLICE_X33Y88         LUT5 (Prop_lut5_I4_O)        0.105     6.519 f  u_pl/sec_div[25]_i_7/O
                         net (fo=1, routed)           0.947     7.465    u_pl/sec_div[25]_i_7_n_0
    SLICE_X33Y85         LUT6 (Prop_lut6_I5_O)        0.105     7.570 f  u_pl/sec_div[25]_i_4/O
                         net (fo=1, routed)           0.113     7.683    u_pl/sec_div[25]_i_4_n_0
    SLICE_X33Y85         LUT6 (Prop_lut6_I0_O)        0.105     7.788 r  u_pl/sec_div[25]_i_2/O
                         net (fo=42, routed)          1.774     9.562    u_pl/fps_q[0]
    SLICE_X60Y87         LUT3 (Prop_lut3_I2_O)        0.105     9.667 r  u_pl/fps_acc[7]_i_1/O
                         net (fo=8, routed)           1.172    10.839    u_pl/fps_acc[7]_i_1_n_0
    SLICE_X62Y120        FDCE                                         r  u_pl/fps_acc_reg[0]/CE
  -------------------------------------------------------------------    -------------------

                         (clock sys_clk rise edge)   20.000    20.000 r  
    W17                                               0.000    20.000 r  sys_clk (IN)
                         net (fo=0)                   0.000    20.000    sys_clk
    W17                  IBUF (Prop_ibuf_I_O)         1.349    21.349 r  sys_clk_IBUF_inst/O
                         net (fo=1, routed)           1.701    23.050    sys_clk_IBUF
    BUFGCTRL_X0Y4        BUFG (Prop_bufg_I_O)         0.077    23.127 r  sys_clk_IBUF_BUFG_inst/O
                         net (fo=186, routed)         1.433    24.560    u_pl/CLK
    SLICE_X62Y120        FDCE                                         r  u_pl/fps_acc_reg[0]/C
                         clock pessimism              0.258    24.818    
                         clock uncertainty           -0.035    24.783    
    SLICE_X62Y120        FDCE (Setup_fdce_C_CE)      -0.136    24.647    u_pl/fps_acc_reg[0]
  -------------------------------------------------------------------
                         required time                         24.647    
                         arrival time                         -10.839    
  -------------------------------------------------------------------
                         slack                                 13.808    





Min Delay Paths
--------------------------------------------------------------------------------------
Slack (MET) :             0.130ns  (arrival time - required time)
  Source:                 u_pl/vt0_reg/C
                            (rising edge-triggered cell FDRE clocked by sys_clk  {rise@0.000ns fall@10.000ns period=20.000ns})
  Destination:            u_pl/vt1_reg/D
                            (rising edge-triggered cell FDRE clocked by sys_clk  {rise@0.000ns fall@10.000ns period=20.000ns})
  Path Group:             sys_clk
  Path Type:              Hold (Min at Fast Process Corner)
  Requirement:            0.000ns  (sys_clk rise@0.000ns - sys_clk rise@0.000ns)
  Data Path Delay:        0.205ns  (logic 0.141ns (68.843%)  route 0.064ns (31.157%))
  Logic Levels:           0  
  Clock Path Skew:        0.000ns (DCD - SCD - CPR)
    Destination Clock Delay (DCD):    2.046ns
    Source Clock Delay      (SCD):    1.530ns
    Clock Pessimism Removal (CPR):    0.516ns

    Location             Delay type                Incr(ns)  Path(ns)    Netlist Resource(s)
  -------------------------------------------------------------------    -------------------
                         (clock sys_clk rise edge)    0.000     0.000 r  
    W17                                               0.000     0.000 r  sys_clk (IN)
                         net (fo=0)                   0.000     0.000    sys_clk
    W17                  IBUF (Prop_ibuf_I_O)         0.252     0.252 r  sys_clk_IBUF_inst/O
                         net (fo=1, routed)           0.674     0.926    sys_clk_IBUF
    BUFGCTRL_X0Y4        BUFG (Prop_bufg_I_O)         0.026     0.952 r  sys_clk_IBUF_BUFG_inst/O
                         net (fo=186, routed)         0.578     1.530    u_pl/CLK
    SLICE_X60Y87         FDRE                                         r  u_pl/vt0_reg/C
  -------------------------------------------------------------------    -------------------
    SLICE_X60Y87         FDRE (Prop_fdre_C_Q)         0.141     1.671 r  u_pl/vt0_reg/Q
                         net (fo=1, routed)           0.064     1.735    u_pl/vt0
    SLICE_X60Y87         FDRE                                         r  u_pl/vt1_reg/D
  -------------------------------------------------------------------    -------------------

                         (clock sys_clk rise edge)    0.000     0.000 r  
    W17                                               0.000     0.000 r  sys_clk (IN)
                         net (fo=0)                   0.000     0.000    sys_clk
    W17                  IBUF (Prop_ibuf_I_O)         0.440     0.440 r  sys_clk_IBUF_inst/O
                         net (fo=1, routed)           0.731     1.171    sys_clk_IBUF
    BUFGCTRL_X0Y4        BUFG (Prop_bufg_I_O)         0.029     1.200 r  sys_clk_IBUF_BUFG_inst/O
                         net (fo=186, routed)         0.846     2.046    u_pl/CLK
    SLICE_X60Y87         FDRE                                         r  u_pl/vt1_reg/C
                         clock pessimism             -0.516     1.530    
    SLICE_X60Y87         FDRE (Hold_fdre_C_D)         0.075     1.605    u_pl/vt1_reg
  -------------------------------------------------------------------
                         required time                         -1.605    
                         arrival time                           1.735    
  -------------------------------------------------------------------
                         slack                                  0.130    





Pulse Width Checks
--------------------------------------------------------------------------------------
Clock Name:         sys_clk
Waveform(ns):       { 0.000 10.000 }
Period(ns):         20.000
Sources:            { sys_clk }

Check Type        Corner  Lib Pin            Reference Pin  Required(ns)  Actual(ns)  Slack(ns)  Location         Pin
Min Period        n/a     BUFG/I             n/a            1.592         20.000      18.408     BUFGCTRL_X0Y4    sys_clk_IBUF_BUFG_inst/I
Max Period        n/a     MMCME2_ADV/CLKIN1  n/a            100.000       20.000      80.000     MMCME2_ADV_X0Y0  u_idelay_clkgen/u_mmcm/CLKIN1
Low Pulse Width   Slow    MMCME2_ADV/CLKIN1  n/a            3.000         10.000      7.000      MMCME2_ADV_X0Y0  u_idelay_clkgen/u_mmcm/CLKIN1
High Pulse Width  Slow    MMCME2_ADV/CLKIN1  n/a            3.000         10.000      7.000      MMCME2_ADV_X0Y0  u_idelay_clkgen/u_mmcm/CLKIN1



---------------------------------------------------------------------------------------------------
From Clock:  clkfbout
  To Clock:  clkfbout

Setup :           NA  Failing Endpoints,  Worst Slack           NA  ,  Total Violation           NA
Hold  :           NA  Failing Endpoints,  Worst Slack           NA  ,  Total Violation           NA
PW    :            0  Failing Endpoints,  Worst Slack       18.408ns,  Total Violation        0.000ns
---------------------------------------------------------------------------------------------------


Pulse Width Checks
--------------------------------------------------------------------------------------
Clock Name:         clkfbout
Waveform(ns):       { 0.000 10.000 }
Period(ns):         20.000
Sources:            { u_idelay_clkgen/u_mmcm/CLKFBOUT }

Check Type  Corner  Lib Pin             Reference Pin  Required(ns)  Actual(ns)  Slack(ns)  Location         Pin
Min Period  n/a     BUFG/I              n/a            1.592         20.000      18.408     BUFGCTRL_X0Y5    u_idelay_clkgen/u_bufg_fb/I
Max Period  n/a     MMCME2_ADV/CLKFBIN  n/a            100.000       20.000      80.000     MMCME2_ADV_X0Y0  u_idelay_clkgen/u_mmcm/CLKFBIN



---------------------------------------------------------------------------------------------------
From Clock:  clkfbout_1
  To Clock:  clkfbout_1

Setup :           NA  Failing Endpoints,  Worst Slack           NA  ,  Total Violation           NA
Hold  :           NA  Failing Endpoints,  Worst Slack           NA  ,  Total Violation           NA
PW    :            0  Failing Endpoints,  Worst Slack       18.408ns,  Total Violation        0.000ns
---------------------------------------------------------------------------------------------------


Pulse Width Checks
--------------------------------------------------------------------------------------
Clock Name:         clkfbout_1
Waveform(ns):       { 0.000 10.000 }
Period(ns):         20.000
Sources:            { u_pl/u_clk/u_mmcm/CLKFBOUT }

Check Type  Corner  Lib Pin             Reference Pin  Required(ns)  Actual(ns)  Slack(ns)  Location         Pin
Min Period  n/a     BUFG/I              n/a            1.592         20.000      18.408     BUFGCTRL_X0Y6    u_pl/u_clk/u_bufg_fb/I
Max Period  n/a     MMCME2_ADV/CLKFBIN  n/a            100.000       20.000      80.000     MMCME2_ADV_X1Y0  u_pl/u_clk/u_mmcm/CLKFBIN



---------------------------------------------------------------------------------------------------
From Clock:  clkout0_1
  To Clock:  clkout0_1

Setup :            0  Failing Endpoints,  Worst Slack        1.093ns,  Total Violation        0.000ns
Hold  :            0  Failing Endpoints,  Worst Slack        0.060ns,  Total Violation        0.000ns
PW    :            0  Failing Endpoints,  Worst Slack        8.870ns,  Total Violation        0.000ns
---------------------------------------------------------------------------------------------------


Max Delay Paths
--------------------------------------------------------------------------------------
Slack (MET) :             1.093ns  (required time - arrival time)
  Source:                 u_pl/u_split_ctrl/prod/CLK
                            (rising edge-triggered cell DSP48E1 clocked by clkout0_1  {rise@0.000ns fall@10.000ns period=20.000ns})
  Destination:            u_pl/u_osd/g_reg[3]/D
                            (rising edge-triggered cell FDCE clocked by clkout0_1  {rise@0.000ns fall@10.000ns period=20.000ns})
  Path Group:             clkout0_1
  Path Type:              Setup (Max at Slow Process Corner)
  Requirement:            20.000ns  (clkout0_1 rise@20.000ns - clkout0_1 rise@0.000ns)
  Data Path Delay:        18.505ns  (logic 4.098ns (22.146%)  route 14.407ns (77.854%))
  Logic Levels:           24  (CARRY4=2 LUT2=2 LUT3=2 LUT4=1 LUT5=3 LUT6=13 MUXF7=1)
  Clock Path Skew:        -0.341ns (DCD - SCD + CPR)
    Destination Clock Delay (DCD):    4.420ns = ( 24.420 - 20.000 ) 
    Source Clock Delay      (SCD):    5.019ns
    Clock Pessimism Removal (CPR):    0.258ns
  Clock Uncertainty:      0.094ns  ((TSJ^2 + DJ^2)^1/2) / 2 + PE
    Total System Jitter     (TSJ):    0.071ns
    Discrete Jitter          (DJ):    0.175ns
    Phase Error              (PE):    0.000ns

    Location             Delay type                Incr(ns)  Path(ns)    Netlist Resource(s)
  -------------------------------------------------------------------    -------------------
                         (clock clkout0_1 rise edge)
                                                      0.000     0.000 r  
    W17                                               0.000     0.000 r  sys_clk (IN)
                         net (fo=0)                   0.000     0.000    sys_clk
    W17                  IBUF (Prop_ibuf_I_O)         1.415     1.415 r  sys_clk_IBUF_inst/O
                         net (fo=1, routed)           1.873     3.288    sys_clk_IBUF
    BUFGCTRL_X0Y4        BUFG (Prop_bufg_I_O)         0.085     3.373 r  sys_clk_IBUF_BUFG_inst/O
                         net (fo=186, routed)         1.550     4.923    u_pl/u_clk/CLK
    MMCME2_ADV_X1Y0      MMCME2_ADV (Prop_mmcme2_adv_CLKIN1_CLKOUT0)
                                                     -3.232     1.691 r  u_pl/u_clk/u_mmcm/CLKOUT0
                         net (fo=1, routed)           1.597     3.288    u_pl/u_clk/clkout0
    BUFGCTRL_X0Y0        BUFG (Prop_bufg_I_O)         0.085     3.373 r  u_pl/u_clk/u_bufg_pix/O
                         net (fo=5475, routed)        1.646     5.019    u_pl/u_split_ctrl/clk_pix
    DSP48_X2Y40          DSP48E1                                      r  u_pl/u_split_ctrl/prod/CLK
  -------------------------------------------------------------------    -------------------
    DSP48_X2Y40          DSP48E1 (Prop_dsp48e1_CLK_P[20])
                                                      0.370     5.389 r  u_pl/u_split_ctrl/prod/P[20]
                         net (fo=1, routed)           1.249     6.638    u_pl/u_split_ctrl/prod__0[20]
    SLICE_X50Y112        LUT2 (Prop_lut2_I0_O)        0.126     6.764 r  u_pl/u_split_ctrl/g0_b0_i_464/O
                         net (fo=13, routed)          1.268     8.032    u_pl/u_split_ctrl/split_pct_w[6]
    SLICE_X53Y122        LUT5 (Prop_lut5_I3_O)        0.283     8.315 r  u_pl/u_split_ctrl/g0_b0_i_461/O
                         net (fo=2, routed)           0.556     8.872    u_pl/u_split_ctrl/g0_b0_i_461_n_0
    SLICE_X53Y122        LUT6 (Prop_lut6_I3_O)        0.105     8.977 f  u_pl/u_split_ctrl/g0_b0_i_277/O
                         net (fo=11, routed)          0.575     9.552    u_pl/u_split_ctrl/g0_b0_i_277_n_0
    SLICE_X55Y122        LUT4 (Prop_lut4_I2_O)        0.105     9.657 r  u_pl/u_split_ctrl/g0_b0_i_273/O
                         net (fo=33, routed)          0.757    10.414    u_pl/u_split_ctrl/g0_b0_i_223_0
    SLICE_X59Y124        LUT6 (Prop_lut6_I2_O)        0.105    10.519 f  u_pl/u_split_ctrl/g0_b0_i_424/O
                         net (fo=2, routed)           0.357    10.875    u_pl/u_split_ctrl/bus_q_reg[10]_rep_39
    SLICE_X59Y124        LUT5 (Prop_lut5_I0_O)        0.105    10.980 r  u_pl/u_split_ctrl/g0_b0_i_472/O
                         net (fo=4, routed)           0.440    11.420    u_pl/u_split_ctrl/bus_q_reg[10]_rep_17
    SLICE_X58Y124        LUT5 (Prop_lut5_I0_O)        0.105    11.525 r  u_pl/u_split_ctrl/g0_b0_i_474/O
                         net (fo=1, routed)           0.000    11.525    u_pl/u_split_ctrl/g0_b0_i_474_n_0
    SLICE_X58Y124        CARRY4 (Prop_carry4_S[3]_CO[3])
                                                      0.314    11.839 r  u_pl/u_split_ctrl/g0_b0_i_242/CO[3]
                         net (fo=1, routed)           0.008    11.847    u_pl/u_lat_x/g0_b0_i_551[0]
    SLICE_X58Y125        CARRY4 (Prop_carry4_CI_O[0])
                                                      0.178    12.025 f  u_pl/u_lat_x/g0_b0_i_241/O[0]
                         net (fo=19, routed)          0.888    12.913    u_pl/u_lat_x/O[0]
    SLICE_X64Y124        LUT3 (Prop_lut3_I1_O)        0.259    13.172 f  u_pl/u_lat_x/g0_b0_i_430/O
                         net (fo=5, routed)           0.388    13.561    u_pl/u_split_ctrl/g0_b0_i_153_0
    SLICE_X64Y124        LUT6 (Prop_lut6_I5_O)        0.267    13.828 r  u_pl/u_split_ctrl/g0_b0_i_489/O
                         net (fo=1, routed)           0.488    14.316    u_pl/u_split_ctrl/g0_b0_i_489_n_0
    SLICE_X64Y125        LUT6 (Prop_lut6_I4_O)        0.105    14.421 r  u_pl/u_split_ctrl/g0_b0_i_255/O
                         net (fo=1, routed)           0.352    14.773    u_pl/u_osd/g0_b0_i_41_6
    SLICE_X62Y126        LUT6 (Prop_lut6_I4_O)        0.105    14.878 r  u_pl/u_osd/g0_b0_i_105/O
                         net (fo=1, routed)           0.224    15.102    u_pl/u_osd/g0_b0_i_105_n_0
    SLICE_X61Y126        LUT6 (Prop_lut6_I4_O)        0.105    15.207 r  u_pl/u_osd/g0_b0_i_41/O
                         net (fo=1, routed)           0.668    15.875    u_pl/u_osd/g0_b0_i_41_n_0
    SLICE_X60Y118        LUT6 (Prop_lut6_I4_O)        0.105    15.980 r  u_pl/u_osd/g0_b0_i_16/O
                         net (fo=12, routed)          1.491    17.471    u_pl/u_osd/chars[3]
    SLICE_X63Y96         LUT6 (Prop_lut6_I2_O)        0.105    17.576 r  u_pl/u_osd/g0_b0_i_10/O
                         net (fo=1, routed)           0.651    18.227    u_pl/u_osd/g0_b0_i_10_n_0
    SLICE_X63Y95         LUT3 (Prop_lut3_I0_O)        0.115    18.342 r  u_pl/u_osd/g0_b0_i_2/O
                         net (fo=35, routed)          0.947    19.290    u_pl/glyph_idx[1]
    SLICE_X67Y96         LUT6 (Prop_lut6_I1_O)        0.267    19.557 f  u_pl/g0_b0__1/O
                         net (fo=1, routed)           0.000    19.557    u_pl/u_osd/r_reg[7]_i_14_0[0]
    SLICE_X67Y96         MUXF7 (Prop_muxf7_I0_O)      0.199    19.756 f  u_pl/u_osd/r_reg[7]_i_38/O
                         net (fo=1, routed)           0.542    20.297    u_pl/u_osd/r_reg[7]_i_38_n_0
    SLICE_X67Y95         LUT6 (Prop_lut6_I0_O)        0.250    20.547 f  u_pl/u_osd/r[7]_i_33/O
                         net (fo=1, routed)           0.204    20.752    u_pl/u_osd/r[7]_i_33_n_0
    SLICE_X67Y95         LUT6 (Prop_lut6_I0_O)        0.105    20.857 f  u_pl/u_osd/r[7]_i_19/O
                         net (fo=1, routed)           0.516    21.372    u_pl/u_osd/r[7]_i_19_n_0
    SLICE_X65Y87         LUT6 (Prop_lut6_I0_O)        0.105    21.477 r  u_pl/u_osd/r[7]_i_8/O
                         net (fo=1, routed)           0.452    21.929    u_pl/u_osd/r[7]_i_8_n_0
    SLICE_X65Y86         LUT6 (Prop_lut6_I5_O)        0.105    22.034 f  u_pl/u_osd/r[7]_i_2/O
                         net (fo=19, routed)          1.385    23.418    u_pl/u_osd/r[7]_i_2_n_0
    SLICE_X83Y61         LUT2 (Prop_lut2_I1_O)        0.105    23.523 r  u_pl/u_osd/g[3]_i_1/O
                         net (fo=1, routed)           0.000    23.523    u_pl/u_osd/g[3]_i_1_n_0
    SLICE_X83Y61         FDCE                                         r  u_pl/u_osd/g_reg[3]/D
  -------------------------------------------------------------------    -------------------

                         (clock clkout0_1 rise edge)
                                                     20.000    20.000 r  
    W17                                               0.000    20.000 r  sys_clk (IN)
                         net (fo=0)                   0.000    20.000    sys_clk
    W17                  IBUF (Prop_ibuf_I_O)         1.349    21.349 r  sys_clk_IBUF_inst/O
                         net (fo=1, routed)           1.701    23.050    sys_clk_IBUF
    BUFGCTRL_X0Y4        BUFG (Prop_bufg_I_O)         0.077    23.127 r  sys_clk_IBUF_BUFG_inst/O
                         net (fo=186, routed)         1.384    24.511    u_pl/u_clk/CLK
    MMCME2_ADV_X1Y0      MMCME2_ADV (Prop_mmcme2_adv_CLKIN1_CLKOUT0)
                                                     -2.915    21.596 r  u_pl/u_clk/u_mmcm/CLKOUT0
                         net (fo=1, routed)           1.454    23.050    u_pl/u_clk/clkout0
    BUFGCTRL_X0Y0        BUFG (Prop_bufg_I_O)         0.077    23.127 r  u_pl/u_clk/u_bufg_pix/O
                         net (fo=5475, routed)        1.293    24.420    u_pl/u_osd/clk_pix
    SLICE_X83Y61         FDCE                                         r  u_pl/u_osd/g_reg[3]/C
                         clock pessimism              0.258    24.678    
                         clock uncertainty           -0.094    24.584    
    SLICE_X83Y61         FDCE (Setup_fdce_C_D)        0.032    24.616    u_pl/u_osd/g_reg[3]
  -------------------------------------------------------------------
                         required time                         24.616    
                         arrival time                         -23.523    
  -------------------------------------------------------------------
                         slack                                  1.093    





Min Delay Paths
--------------------------------------------------------------------------------------
Slack (MET) :             0.060ns  (arrival time - required time)
  Source:                 u_pl/u_bilin/j_d3_reg[4]/C
                            (rising edge-triggered cell FDCE clocked by clkout0_1  {rise@0.000ns fall@10.000ns period=20.000ns})
  Destination:            u_pl/u_blur/lb0_reg_256_319_0_2/RAMA/WADR5
                            (rising edge-triggered cell RAMD64E clocked by clkout0_1  {rise@0.000ns fall@10.000ns period=20.000ns})
  Path Group:             clkout0_1
  Path Type:              Hold (Min at Fast Process Corner)
  Requirement:            0.000ns  (clkout0_1 rise@0.000ns - clkout0_1 rise@0.000ns)
  Data Path Delay:        0.266ns  (logic 0.141ns (53.050%)  route 0.125ns (46.950%))
  Logic Levels:           0  
  Clock Path Skew:        0.036ns (DCD - SCD - CPR)
    Destination Clock Delay (DCD):    2.077ns
    Source Clock Delay      (SCD):    1.559ns
    Clock Pessimism Removal (CPR):    0.482ns

    Location             Delay type                Incr(ns)  Path(ns)    Netlist Resource(s)
  -------------------------------------------------------------------    -------------------
                         (clock clkout0_1 rise edge)
                                                      0.000     0.000 r  
    W17                                               0.000     0.000 r  sys_clk (IN)
                         net (fo=0)                   0.000     0.000    sys_clk
    W17                  IBUF (Prop_ibuf_I_O)         0.252     0.252 r  sys_clk_IBUF_inst/O
                         net (fo=1, routed)           0.674     0.926    sys_clk_IBUF
    BUFGCTRL_X0Y4        BUFG (Prop_bufg_I_O)         0.026     0.952 r  sys_clk_IBUF_BUFG_inst/O
                         net (fo=186, routed)         0.595     1.547    u_pl/u_clk/CLK
    MMCME2_ADV_X1Y0      MMCME2_ADV (Prop_mmcme2_adv_CLKIN1_CLKOUT0)
                                                     -1.150     0.397 r  u_pl/u_clk/u_mmcm/CLKOUT0
                         net (fo=1, routed)           0.529     0.926    u_pl/u_clk/clkout0
    BUFGCTRL_X0Y0        BUFG (Prop_bufg_I_O)         0.026     0.952 r  u_pl/u_clk/u_bufg_pix/O
                         net (fo=5475, routed)        0.607     1.559    u_pl/u_bilin/clk_pix
    SLICE_X91Y58         FDCE                                         r  u_pl/u_bilin/j_d3_reg[4]/C
  -------------------------------------------------------------------    -------------------
    SLICE_X91Y58         FDCE (Prop_fdce_C_Q)         0.141     1.700 r  u_pl/u_bilin/j_d3_reg[4]/Q
                         net (fo=224, routed)         0.125     1.825    u_pl/u_blur/lb0_reg_256_319_0_2/ADDRD5
    SLICE_X92Y59         RAMD64E                                      r  u_pl/u_blur/lb0_reg_256_319_0_2/RAMA/WADR5
  -------------------------------------------------------------------    -------------------

                         (clock clkout0_1 rise edge)
                                                      0.000     0.000 r  
    W17                                               0.000     0.000 r  sys_clk (IN)
                         net (fo=0)                   0.000     0.000    sys_clk
    W17                  IBUF (Prop_ibuf_I_O)         0.440     0.440 r  sys_clk_IBUF_inst/O
                         net (fo=1, routed)           0.731     1.171    sys_clk_IBUF
    BUFGCTRL_X0Y4        BUFG (Prop_bufg_I_O)         0.029     1.200 r  sys_clk_IBUF_BUFG_inst/O
                         net (fo=186, routed)         0.862     2.062    u_pl/u_clk/CLK
    MMCME2_ADV_X1Y0      MMCME2_ADV (Prop_mmcme2_adv_CLKIN1_CLKOUT0)
                                                     -1.467     0.595 r  u_pl/u_clk/u_mmcm/CLKOUT0
                         net (fo=1, routed)           0.576     1.171    u_pl/u_clk/clkout0
    BUFGCTRL_X0Y0        BUFG (Prop_bufg_I_O)         0.029     1.200 r  u_pl/u_clk/u_bufg_pix/O
                         net (fo=5475, routed)        0.877     2.077    u_pl/u_blur/lb0_reg_256_319_0_2/WCLK
    SLICE_X92Y59         RAMD64E                                      r  u_pl/u_blur/lb0_reg_256_319_0_2/RAMA/CLK
                         clock pessimism             -0.482     1.595    
    SLICE_X92Y59         RAMD64E (Hold_ramd64e_CLK_WADR5)
                                                      0.170     1.765    u_pl/u_blur/lb0_reg_256_319_0_2/RAMA
  -------------------------------------------------------------------
                         required time                         -1.765    
                         arrival time                           1.825    
  -------------------------------------------------------------------
                         slack                                  0.060    





Pulse Width Checks
--------------------------------------------------------------------------------------
Clock Name:         clkout0_1
Waveform(ns):       { 0.000 10.000 }
Period(ns):         20.000
Sources:            { u_pl/u_clk/u_mmcm/CLKOUT0 }

Check Type        Corner  Lib Pin             Reference Pin  Required(ns)  Actual(ns)  Slack(ns)  Location         Pin
Min Period        n/a     DSP48E1/CLK         n/a            3.272         20.000      16.728     DSP48_X4Y38      u_pl/u_zmap/yr_m_reg/CLK
Max Period        n/a     MMCME2_ADV/CLKOUT0  n/a            213.360       20.000      193.360    MMCME2_ADV_X1Y0  u_pl/u_clk/u_mmcm/CLKOUT0
Low Pulse Width   Slow    RAMD64E/CLK         n/a            1.130         10.000      8.870      SLICE_X92Y58     u_pl/u_blur/lb0_reg_0_63_0_2/RAMA/CLK
High Pulse Width  Slow    RAMD64E/CLK         n/a            1.130         10.000      8.870      SLICE_X92Y58     u_pl/u_blur/lb0_reg_0_63_0_2/RAMA/CLK



---------------------------------------------------------------------------------------------------
From Clock:  clkout1_1
  To Clock:  clkout1_1

Setup :           NA  Failing Endpoints,  Worst Slack           NA  ,  Total Violation           NA
Hold  :           NA  Failing Endpoints,  Worst Slack           NA  ,  Total Violation           NA
PW    :            0  Failing Endpoints,  Worst Slack        2.408ns,  Total Violation        0.000ns
---------------------------------------------------------------------------------------------------


Pulse Width Checks
--------------------------------------------------------------------------------------
Clock Name:         clkout1_1
Waveform(ns):       { 0.000 2.000 }
Period(ns):         4.000
Sources:            { u_pl/u_clk/u_mmcm/CLKOUT1 }

Check Type  Corner  Lib Pin             Reference Pin  Required(ns)  Actual(ns)  Slack(ns)  Location         Pin
Min Period  n/a     BUFG/I              n/a            1.592         4.000       2.408      BUFGCTRL_X0Y2    u_pl/u_clk/u_bufg_5x/I
Max Period  n/a     MMCME2_ADV/CLKOUT1  n/a            213.360       4.000       209.360    MMCME2_ADV_X1Y0  u_pl/u_clk/u_mmcm/CLKOUT1



---------------------------------------------------------------------------------------------------
From Clock:  clkout2
  To Clock:  clkout2

Setup :           NA  Failing Endpoints,  Worst Slack           NA  ,  Total Violation           NA
Hold  :           NA  Failing Endpoints,  Worst Slack           NA  ,  Total Violation           NA
PW    :            0  Failing Endpoints,  Worst Slack        0.264ns,  Total Violation        0.000ns
---------------------------------------------------------------------------------------------------


Pulse Width Checks
--------------------------------------------------------------------------------------
Clock Name:         clkout2
Waveform(ns):       { 0.000 2.500 }
Period(ns):         5.000
Sources:            { u_idelay_clkgen/u_mmcm/CLKOUT2 }

Check Type  Corner  Lib Pin            Reference Pin  Required(ns)  Actual(ns)  Slack(ns)  Location         Pin
Min Period  n/a     IDELAYCTRL/REFCLK  n/a            2.438         5.000       2.562      IDELAYCTRL_X1Y0  u_eth/u_rgmii/u_rgmii_rx/IDELAYCTRL_inst/REFCLK
Max Period  n/a     IDELAYCTRL/REFCLK  n/a            5.264         5.000       0.264      IDELAYCTRL_X1Y0  u_eth/u_rgmii/u_rgmii_rx/IDELAYCTRL_inst/REFCLK



---------------------------------------------------------------------------------------------------
From Clock:  clkout0_1
  To Clock:  sys_clk

Setup :            0  Failing Endpoints,  Worst Slack       14.707ns,  Total Violation        0.000ns
Hold  :            0  Failing Endpoints,  Worst Slack        0.121ns,  Total Violation        0.000ns
---------------------------------------------------------------------------------------------------


Max Delay Paths
--------------------------------------------------------------------------------------
Slack (MET) :             14.707ns  (required time - arrival time)
  Source:                 u_pl/u_split_x/bus_q_reg[15]/C
                            (rising edge-triggered cell FDCE clocked by clkout0_1  {rise@0.000ns fall@10.000ns period=20.000ns})
  Destination:            u_pl/u_ang/angle_reg[5]_rep/D
                            (rising edge-triggered cell FDRE clocked by sys_clk  {rise@0.000ns fall@10.000ns period=20.000ns})
  Path Group:             sys_clk
  Path Type:              Setup (Max at Slow Process Corner)
  Requirement:            20.000ns  (sys_clk rise@20.000ns - clkout0_1 rise@0.000ns)
  Data Path Delay:        4.836ns  (logic 1.633ns (33.766%)  route 3.203ns (66.234%))
  Logic Levels:           7  (CARRY4=3 LUT2=1 LUT6=3)
  Clock Path Skew:        -0.165ns (DCD - SCD + CPR)
    Destination Clock Delay (DCD):    4.573ns = ( 24.573 - 20.000 ) 
    Source Clock Delay      (SCD):    4.984ns
    Clock Pessimism Removal (CPR):    0.246ns
  Clock Uncertainty:      0.259ns  ((TSJ^2 + DJ^2)^1/2) / 2 + PE
    Total System Jitter     (TSJ):    0.071ns
    Discrete Jitter          (DJ):    0.175ns
    Phase Error              (PE):    0.165ns

    Location             Delay type                Incr(ns)  Path(ns)    Netlist Resource(s)
  -------------------------------------------------------------------    -------------------
                         (clock clkout0_1 rise edge)
                                                      0.000     0.000 r  
    W17                                               0.000     0.000 r  sys_clk (IN)
                         net (fo=0)                   0.000     0.000    sys_clk
    W17                  IBUF (Prop_ibuf_I_O)         1.415     1.415 r  sys_clk_IBUF_inst/O
                         net (fo=1, routed)           1.873     3.288    sys_clk_IBUF
    BUFGCTRL_X0Y4        BUFG (Prop_bufg_I_O)         0.085     3.373 r  sys_clk_IBUF_BUFG_inst/O
                         net (fo=186, routed)         1.550     4.923    u_pl/u_clk/CLK
    MMCME2_ADV_X1Y0      MMCME2_ADV (Prop_mmcme2_adv_CLKIN1_CLKOUT0)
                                                     -3.232     1.691 r  u_pl/u_clk/u_mmcm/CLKOUT0
                         net (fo=1, routed)           1.597     3.288    u_pl/u_clk/clkout0
    BUFGCTRL_X0Y0        BUFG (Prop_bufg_I_O)         0.085     3.373 r  u_pl/u_clk/u_bufg_pix/O
                         net (fo=5475, routed)        1.611     4.984    u_pl/u_split_x/clk_pix
    SLICE_X63Y113        FDCE                                         r  u_pl/u_split_x/bus_q_reg[15]/C
  -------------------------------------------------------------------    -------------------
    SLICE_X63Y113        FDCE (Prop_fdce_C_Q)         0.379     5.363 r  u_pl/u_split_x/bus_q_reg[15]/Q
                         net (fo=2, routed)           1.132     6.495    u_pl/u_ang/bus_q[0]
    SLICE_X66Y102        LUT2 (Prop_lut2_I1_O)        0.105     6.600 r  u_pl/u_ang/angle[3]_i_8/O
                         net (fo=1, routed)           0.000     6.600    u_pl/u_ang/angle[3]_i_8_n_0
    SLICE_X66Y102        CARRY4 (Prop_carry4_S[0]_CO[3])
                                                      0.423     7.023 r  u_pl/u_ang/angle_reg[3]_i_2/CO[3]
                         net (fo=1, routed)           0.000     7.023    u_pl/u_ang/angle_reg[3]_i_2_n_0
    SLICE_X66Y103        CARRY4 (Prop_carry4_CI_CO[3])
                                                      0.100     7.123 r  u_pl/u_ang/angle_reg[7]_i_4/CO[3]
                         net (fo=1, routed)           0.000     7.123    u_pl/u_ang/angle_reg[7]_i_4_n_0
    SLICE_X66Y104        CARRY4 (Prop_carry4_CI_O[0])
                                                      0.178     7.301 r  u_pl/u_ang/angle_reg[3]_i_4/O[0]
                         net (fo=3, routed)           0.790     8.091    u_pl/u_ang/angle_reg[3]_i_4_n_7
    SLICE_X64Y103        LUT6 (Prop_lut6_I0_O)        0.238     8.329 r  u_pl/u_ang/angle[3]_i_3/O
                         net (fo=4, routed)           0.151     8.479    u_pl/u_ang/angle[3]_i_3_n_0
    SLICE_X64Y103        LUT6 (Prop_lut6_I3_O)        0.105     8.584 r  u_pl/u_ang/angle[5]_i_2/O
                         net (fo=2, routed)           0.610     9.194    u_pl/u_ang/angle[5]_i_2_n_0
    SLICE_X64Y104        LUT6 (Prop_lut6_I4_O)        0.105     9.299 r  u_pl/u_ang/angle[5]_rep_i_1/O
                         net (fo=1, routed)           0.521     9.820    u_pl/u_ang/angle[5]_rep_i_1_n_0
    SLICE_X64Y104        FDRE                                         r  u_pl/u_ang/angle_reg[5]_rep/D
  -------------------------------------------------------------------    -------------------

                         (clock sys_clk rise edge)   20.000    20.000 r  
    W17                                               0.000    20.000 r  sys_clk (IN)
                         net (fo=0)                   0.000    20.000    sys_clk
    W17                  IBUF (Prop_ibuf_I_O)         1.349    21.349 r  sys_clk_IBUF_inst/O
                         net (fo=1, routed)           1.701    23.050    sys_clk_IBUF
    BUFGCTRL_X0Y4        BUFG (Prop_bufg_I_O)         0.077    23.127 r  sys_clk_IBUF_BUFG_inst/O
                         net (fo=186, routed)         1.446    24.573    u_pl/u_ang/CLK
    SLICE_X64Y104        FDRE                                         r  u_pl/u_ang/angle_reg[5]_rep/C
                         clock pessimism              0.246    24.819    
                         clock uncertainty           -0.259    24.560    
    SLICE_X64Y104        FDRE (Setup_fdre_C_D)       -0.032    24.528    u_pl/u_ang/angle_reg[5]_rep
  -------------------------------------------------------------------
                         required time                         24.528    
                         arrival time                          -9.820    
  -------------------------------------------------------------------
                         slack                                 14.707    





Min Delay Paths
--------------------------------------------------------------------------------------
Slack (MET) :             0.121ns  (arrival time - required time)
  Source:                 u_pl/rot_fs_tog_reg/C
                            (rising edge-triggered cell FDCE clocked by clkout0_1  {rise@0.000ns fall@10.000ns period=20.000ns})
  Destination:            u_pl/u_ang/fs_s_reg[0]/D
                            (rising edge-triggered cell FDRE clocked by sys_clk  {rise@0.000ns fall@10.000ns period=20.000ns})
  Path Group:             sys_clk
  Path Type:              Hold (Min at Fast Process Corner)
  Requirement:            0.000ns  (sys_clk rise@0.000ns - clkout0_1 rise@0.000ns)
  Data Path Delay:        0.699ns  (logic 0.141ns (20.169%)  route 0.558ns (79.831%))
  Logic Levels:           0  
  Clock Path Skew:        0.273ns (DCD - SCD - CPR)
    Destination Clock Delay (DCD):    2.136ns
    Source Clock Delay      (SCD):    1.615ns
    Clock Pessimism Removal (CPR):    0.248ns
  Clock Uncertainty:      0.259ns  ((TSJ^2 + DJ^2)^1/2) / 2 + PE
    Total System Jitter     (TSJ):    0.071ns
    Discrete Jitter          (DJ):    0.175ns
    Phase Error              (PE):    0.165ns

    Location             Delay type                Incr(ns)  Path(ns)    Netlist Resource(s)
  -------------------------------------------------------------------    -------------------
                         (clock clkout0_1 rise edge)
                                                      0.000     0.000 r  
    W17                                               0.000     0.000 r  sys_clk (IN)
                         net (fo=0)                   0.000     0.000    sys_clk
    W17                  IBUF (Prop_ibuf_I_O)         0.252     0.252 r  sys_clk_IBUF_inst/O
                         net (fo=1, routed)           0.674     0.926    sys_clk_IBUF
    BUFGCTRL_X0Y4        BUFG (Prop_bufg_I_O)         0.026     0.952 r  sys_clk_IBUF_BUFG_inst/O
                         net (fo=186, routed)         0.595     1.547    u_pl/u_clk/CLK
    MMCME2_ADV_X1Y0      MMCME2_ADV (Prop_mmcme2_adv_CLKIN1_CLKOUT0)
                                                     -1.150     0.397 r  u_pl/u_clk/u_mmcm/CLKOUT0
                         net (fo=1, routed)           0.529     0.926    u_pl/u_clk/clkout0
    BUFGCTRL_X0Y0        BUFG (Prop_bufg_I_O)         0.026     0.952 r  u_pl/u_clk/u_bufg_pix/O
                         net (fo=5475, routed)        0.663     1.615    u_pl/clk_pix
    SLICE_X65Y106        FDCE                                         r  u_pl/rot_fs_tog_reg/C
  -------------------------------------------------------------------    -------------------
    SLICE_X65Y106        FDCE (Prop_fdce_C_Q)         0.141     1.756 r  u_pl/rot_fs_tog_reg/Q
                         net (fo=2, routed)           0.558     2.314    u_pl/u_ang/rot_fs_tog
    SLICE_X64Y106        FDRE                                         r  u_pl/u_ang/fs_s_reg[0]/D
  -------------------------------------------------------------------    -------------------

                         (clock sys_clk rise edge)    0.000     0.000 r  
    W17                                               0.000     0.000 r  sys_clk (IN)
                         net (fo=0)                   0.000     0.000    sys_clk
    W17                  IBUF (Prop_ibuf_I_O)         0.440     0.440 r  sys_clk_IBUF_inst/O
                         net (fo=1, routed)           0.731     1.171    sys_clk_IBUF
    BUFGCTRL_X0Y4        BUFG (Prop_bufg_I_O)         0.029     1.200 r  sys_clk_IBUF_BUFG_inst/O
                         net (fo=186, routed)         0.936     2.136    u_pl/u_ang/CLK
    SLICE_X64Y106        FDRE                                         r  u_pl/u_ang/fs_s_reg[0]/C
                         clock pessimism             -0.248     1.888    
                         clock uncertainty            0.259     2.147    
    SLICE_X64Y106        FDRE (Hold_fdre_C_D)         0.046     2.193    u_pl/u_ang/fs_s_reg[0]
  -------------------------------------------------------------------
                         required time                         -2.193    
                         arrival time                           2.314    
  -------------------------------------------------------------------
                         slack                                  0.121    





---------------------------------------------------------------------------------------------------
From Clock:  sys_clk
  To Clock:  clkout0_1

Setup :            0  Failing Endpoints,  Worst Slack        3.401ns,  Total Violation        0.000ns
Hold  :            0  Failing Endpoints,  Worst Slack        0.161ns,  Total Violation        0.000ns
---------------------------------------------------------------------------------------------------


Max Delay Paths
--------------------------------------------------------------------------------------
Slack (MET) :             3.401ns  (required time - arrival time)
  Source:                 u_pl/u_ang/angle_reg[6]/C
                            (rising edge-triggered cell FDRE clocked by sys_clk  {rise@0.000ns fall@10.000ns period=20.000ns})
  Destination:            u_pl/u_osd/g_reg[3]/D
                            (rising edge-triggered cell FDCE clocked by clkout0_1  {rise@0.000ns fall@10.000ns period=20.000ns})
  Path Group:             clkout0_1
  Path Type:              Setup (Max at Slow Process Corner)
  Requirement:            20.000ns  (clkout0_1 rise@20.000ns - sys_clk rise@0.000ns)
  Data Path Delay:        16.048ns  (logic 4.513ns (28.123%)  route 11.535ns (71.877%))
  Logic Levels:           21  (CARRY4=3 LUT2=2 LUT3=2 LUT4=1 LUT5=1 LUT6=11 MUXF7=1)
  Clock Path Skew:        -0.324ns (DCD - SCD + CPR)
    Destination Clock Delay (DCD):    4.420ns = ( 24.420 - 20.000 ) 
    Source Clock Delay      (SCD):    4.990ns
    Clock Pessimism Removal (CPR):    0.246ns
  Clock Uncertainty:      0.259ns  ((TSJ^2 + DJ^2)^1/2) / 2 + PE
    Total System Jitter     (TSJ):    0.071ns
    Discrete Jitter          (DJ):    0.175ns
    Phase Error              (PE):    0.165ns

    Location             Delay type                Incr(ns)  Path(ns)    Netlist Resource(s)
  -------------------------------------------------------------------    -------------------
                         (clock sys_clk rise edge)    0.000     0.000 r  
    W17                                               0.000     0.000 r  sys_clk (IN)
                         net (fo=0)                   0.000     0.000    sys_clk
    W17                  IBUF (Prop_ibuf_I_O)         1.415     1.415 r  sys_clk_IBUF_inst/O
                         net (fo=1, routed)           1.873     3.288    sys_clk_IBUF
    BUFGCTRL_X0Y4        BUFG (Prop_bufg_I_O)         0.085     3.373 r  sys_clk_IBUF_BUFG_inst/O
                         net (fo=186, routed)         1.617     4.990    u_pl/u_ang/CLK
    SLICE_X64Y103        FDRE                                         r  u_pl/u_ang/angle_reg[6]/C
  -------------------------------------------------------------------    -------------------
    SLICE_X64Y103        FDRE (Prop_fdre_C_Q)         0.379     5.369 r  u_pl/u_ang/angle_reg[6]/Q
                         net (fo=163, routed)         0.955     6.324    u_pl/u_ang/DI[0]
    SLICE_X63Y113        LUT2 (Prop_lut2_I0_O)        0.105     6.429 r  u_pl/u_ang/g0_b0_i_649/O
                         net (fo=1, routed)           0.000     6.429    u_pl/u_ang/g0_b0_i_649_n_0
    SLICE_X63Y113        CARRY4 (Prop_carry4_S[1]_CO[3])
                                                      0.457     6.886 r  u_pl/u_ang/g0_b0_i_416/CO[3]
                         net (fo=1, routed)           0.000     6.886    u_pl/u_ang/g0_b0_i_416_n_0
    SLICE_X63Y114        CARRY4 (Prop_carry4_CI_O[1])
                                                      0.265     7.151 r  u_pl/u_ang/g0_b0_i_179/O[1]
                         net (fo=17, routed)          0.711     7.862    u_pl/u_ang/g0_b0_i_179_n_6
    SLICE_X63Y116        LUT3 (Prop_lut3_I0_O)        0.264     8.126 r  u_pl/u_ang/g0_b0_i_411/O
                         net (fo=2, routed)           0.695     8.821    u_pl/u_ang/g0_b0_i_411_n_0
    SLICE_X63Y116        LUT5 (Prop_lut5_I0_O)        0.267     9.088 r  u_pl/u_ang/g0_b0_i_414/O
                         net (fo=1, routed)           0.000     9.088    u_pl/u_ang/g0_b0_i_414_n_0
    SLICE_X63Y116        CARRY4 (Prop_carry4_S[1]_CO[2])
                                                      0.475     9.563 r  u_pl/u_ang/g0_b0_i_178/CO[2]
                         net (fo=9, routed)           0.389     9.952    u_pl/u_ang/g0_b0_i_178_n_1
    SLICE_X62Y118        LUT4 (Prop_lut4_I0_O)        0.261    10.213 f  u_pl/u_ang/g0_b0_i_72/O
                         net (fo=46, routed)          0.513    10.726    u_pl/u_ang/angle_reg[8]_0
    SLICE_X64Y116        LUT6 (Prop_lut6_I5_O)        0.264    10.990 r  u_pl/u_ang/g0_b0_i_180/O
                         net (fo=15, routed)          0.541    11.530    u_pl/u_osd/g0_b0_i_142_0
    SLICE_X61Y117        LUT6 (Prop_lut6_I4_O)        0.105    11.635 r  u_pl/u_osd/g0_b0_i_264/O
                         net (fo=2, routed)           0.654    12.289    u_pl/u_osd/s_cidx_reg[4]_1
    SLICE_X62Y117        LUT6 (Prop_lut6_I0_O)        0.105    12.394 r  u_pl/u_osd/g0_b0_i_108/O
                         net (fo=1, routed)           0.673    13.066    u_pl/u_osd/g0_b0_i_108_n_0
    SLICE_X60Y118        LUT6 (Prop_lut6_I1_O)        0.105    13.171 r  u_pl/u_osd/g0_b0_i_42/O
                         net (fo=1, routed)           0.218    13.389    u_pl/u_osd/g0_b0_i_42_n_0
    SLICE_X60Y118        LUT6 (Prop_lut6_I5_O)        0.105    13.494 r  u_pl/u_osd/g0_b0_i_16/O
                         net (fo=12, routed)          1.491    14.986    u_pl/u_osd/chars[3]
    SLICE_X63Y96         LUT6 (Prop_lut6_I2_O)        0.105    15.091 r  u_pl/u_osd/g0_b0_i_10/O
                         net (fo=1, routed)           0.651    15.742    u_pl/u_osd/g0_b0_i_10_n_0
    SLICE_X63Y95         LUT3 (Prop_lut3_I0_O)        0.115    15.857 r  u_pl/u_osd/g0_b0_i_2/O
                         net (fo=35, routed)          0.947    16.804    u_pl/glyph_idx[1]
    SLICE_X67Y96         LUT6 (Prop_lut6_I1_O)        0.267    17.071 f  u_pl/g0_b0__1/O
                         net (fo=1, routed)           0.000    17.071    u_pl/u_osd/r_reg[7]_i_14_0[0]
    SLICE_X67Y96         MUXF7 (Prop_muxf7_I0_O)      0.199    17.270 f  u_pl/u_osd/r_reg[7]_i_38/O
                         net (fo=1, routed)           0.542    17.812    u_pl/u_osd/r_reg[7]_i_38_n_0
    SLICE_X67Y95         LUT6 (Prop_lut6_I0_O)        0.250    18.062 f  u_pl/u_osd/r[7]_i_33/O
                         net (fo=1, routed)           0.204    18.266    u_pl/u_osd/r[7]_i_33_n_0
    SLICE_X67Y95         LUT6 (Prop_lut6_I0_O)        0.105    18.371 f  u_pl/u_osd/r[7]_i_19/O
                         net (fo=1, routed)           0.516    18.887    u_pl/u_osd/r[7]_i_19_n_0
    SLICE_X65Y87         LUT6 (Prop_lut6_I0_O)        0.105    18.992 r  u_pl/u_osd/r[7]_i_8/O
                         net (fo=1, routed)           0.452    19.443    u_pl/u_osd/r[7]_i_8_n_0
    SLICE_X65Y86         LUT6 (Prop_lut6_I5_O)        0.105    19.548 f  u_pl/u_osd/r[7]_i_2/O
                         net (fo=19, routed)          1.385    20.933    u_pl/u_osd/r[7]_i_2_n_0
    SLICE_X83Y61         LUT2 (Prop_lut2_I1_O)        0.105    21.038 r  u_pl/u_osd/g[3]_i_1/O
                         net (fo=1, routed)           0.000    21.038    u_pl/u_osd/g[3]_i_1_n_0
    SLICE_X83Y61         FDCE                                         r  u_pl/u_osd/g_reg[3]/D
  -------------------------------------------------------------------    -------------------

                         (clock clkout0_1 rise edge)
                                                     20.000    20.000 r  
    W17                                               0.000    20.000 r  sys_clk (IN)
                         net (fo=0)                   0.000    20.000    sys_clk
    W17                  IBUF (Prop_ibuf_I_O)         1.349    21.349 r  sys_clk_IBUF_inst/O
                         net (fo=1, routed)           1.701    23.050    sys_clk_IBUF
    BUFGCTRL_X0Y4        BUFG (Prop_bufg_I_O)         0.077    23.127 r  sys_clk_IBUF_BUFG_inst/O
                         net (fo=186, routed)         1.384    24.511    u_pl/u_clk/CLK
    MMCME2_ADV_X1Y0      MMCME2_ADV (Prop_mmcme2_adv_CLKIN1_CLKOUT0)
                                                     -2.915    21.596 r  u_pl/u_clk/u_mmcm/CLKOUT0
                         net (fo=1, routed)           1.454    23.050    u_pl/u_clk/clkout0
    BUFGCTRL_X0Y0        BUFG (Prop_bufg_I_O)         0.077    23.127 r  u_pl/u_clk/u_bufg_pix/O
                         net (fo=5475, routed)        1.293    24.420    u_pl/u_osd/clk_pix
    SLICE_X83Y61         FDCE                                         r  u_pl/u_osd/g_reg[3]/C
                         clock pessimism              0.246    24.666    
                         clock uncertainty           -0.259    24.407    
    SLICE_X83Y61         FDCE (Setup_fdce_C_D)        0.032    24.439    u_pl/u_osd/g_reg[3]
  -------------------------------------------------------------------
                         required time                         24.439    
                         arrival time                         -21.038    
  -------------------------------------------------------------------
                         slack                                  3.401    





Min Delay Paths
--------------------------------------------------------------------------------------
Slack (MET) :             0.161ns  (arrival time - required time)
  Source:                 u_pl/u_k1l/tog_reg/C
                            (rising edge-triggered cell FDRE clocked by sys_clk  {rise@0.000ns fall@10.000ns period=20.000ns})
  Destination:            u_pl/u_mode/lsync_reg[0]/D
                            (rising edge-triggered cell FDCE clocked by clkout0_1  {rise@0.000ns fall@10.000ns period=20.000ns})
  Path Group:             clkout0_1
  Path Type:              Hold (Min at Fast Process Corner)
  Requirement:            0.000ns  (clkout0_1 rise@0.000ns - sys_clk rise@0.000ns)
  Data Path Delay:        0.683ns  (logic 0.128ns (18.747%)  route 0.555ns (81.253%))
  Logic Levels:           0  
  Clock Path Skew:        0.271ns (DCD - SCD - CPR)
    Destination Clock Delay (DCD):    2.127ns
    Source Clock Delay      (SCD):    1.608ns
    Clock Pessimism Removal (CPR):    0.248ns
  Clock Uncertainty:      0.259ns  ((TSJ^2 + DJ^2)^1/2) / 2 + PE
    Total System Jitter     (TSJ):    0.071ns
    Discrete Jitter          (DJ):    0.175ns
    Phase Error              (PE):    0.165ns

    Location             Delay type                Incr(ns)  Path(ns)    Netlist Resource(s)
  -------------------------------------------------------------------    -------------------
                         (clock sys_clk rise edge)    0.000     0.000 r  
    W17                                               0.000     0.000 r  sys_clk (IN)
                         net (fo=0)                   0.000     0.000    sys_clk
    W17                  IBUF (Prop_ibuf_I_O)         0.252     0.252 r  sys_clk_IBUF_inst/O
                         net (fo=1, routed)           0.674     0.926    sys_clk_IBUF
    BUFGCTRL_X0Y4        BUFG (Prop_bufg_I_O)         0.026     0.952 r  sys_clk_IBUF_BUFG_inst/O
                         net (fo=186, routed)         0.656     1.608    u_pl/u_k1l/CLK
    SLICE_X64Y118        FDRE                                         r  u_pl/u_k1l/tog_reg/C
  -------------------------------------------------------------------    -------------------
    SLICE_X64Y118        FDRE (Prop_fdre_C_Q)         0.128     1.736 r  u_pl/u_k1l/tog_reg/Q
                         net (fo=3, routed)           0.555     2.291    u_pl/u_mode/D[0]
    SLICE_X61Y118        FDCE                                         r  u_pl/u_mode/lsync_reg[0]/D
  -------------------------------------------------------------------    -------------------

                         (clock clkout0_1 rise edge)
                                                      0.000     0.000 r  
    W17                                               0.000     0.000 r  sys_clk (IN)
                         net (fo=0)                   0.000     0.000    sys_clk
    W17                  IBUF (Prop_ibuf_I_O)         0.440     0.440 r  sys_clk_IBUF_inst/O
                         net (fo=1, routed)           0.731     1.171    sys_clk_IBUF
    BUFGCTRL_X0Y4        BUFG (Prop_bufg_I_O)         0.029     1.200 r  sys_clk_IBUF_BUFG_inst/O
                         net (fo=186, routed)         0.862     2.062    u_pl/u_clk/CLK
    MMCME2_ADV_X1Y0      MMCME2_ADV (Prop_mmcme2_adv_CLKIN1_CLKOUT0)
                                                     -1.467     0.595 r  u_pl/u_clk/u_mmcm/CLKOUT0
                         net (fo=1, routed)           0.576     1.171    u_pl/u_clk/clkout0
    BUFGCTRL_X0Y0        BUFG (Prop_bufg_I_O)         0.029     1.200 r  u_pl/u_clk/u_bufg_pix/O
                         net (fo=5475, routed)        0.927     2.127    u_pl/u_mode/clk_pix
    SLICE_X61Y118        FDCE                                         r  u_pl/u_mode/lsync_reg[0]/C
                         clock pessimism             -0.248     1.879    
                         clock uncertainty            0.259     2.138    
    SLICE_X61Y118        FDCE (Hold_fdce_C_D)        -0.008     2.130    u_pl/u_mode/lsync_reg[0]
  -------------------------------------------------------------------
                         required time                         -2.130    
                         arrival time                           2.291    
  -------------------------------------------------------------------
                         slack                                  0.161    





