Copyright 1986-2022 Xilinx, Inc. All Rights Reserved. Copyright 2022-2026 Advanced Micro Devices, Inc. All Rights Reserved.
---------------------------------------------------------------------------------------------------------------------------------------------
| Tool Version : Vivado v.2025.2.1 (win64) Build 6403652 Thu Mar 19 19:48:24 GMT 2026
| Date         : Thu Sep 24 22:35:58 2026
| Host         : Uie-laptop running 64-bit major release  (build 9200)
| Command      : report_timing_summary -file D:/Xilinx/Prj/pro/Video_Processing/build/timing_summary.rpt
| Design       : system_top
| Device       : 7z020-clg484
| Speed File   : -2  PRODUCTION 1.12 2019-11-22
| Design State : Routed
---------------------------------------------------------------------------------------------------------------------------------------------

Timing Summary Report

------------------------------------------------------------------------------------------------
| Timer Settings
| --------------
------------------------------------------------------------------------------------------------

  Enable Multi Corner Analysis               :  Yes
  Enable Pessimism Removal                   :  Yes
  Pessimism Removal Resolution               :  Nearest Common Node
  Enable Input Delay Default Clock           :  No
  Enable Preset / Clear Arcs                 :  No
  Disable Flight Delays                      :  No
  Ignore I/O Paths                           :  No
  Timing Early Launch at Borrowing Latches   :  No
  Borrow Time for Max Delay Exceptions       :  Yes
  Merge Timing Exceptions                    :  Yes
  Inter-SLR Compensation                     :  Conservative

  Corner  Analyze    Analyze    
  Name    Max Paths  Min Paths  
  ------  ---------  ---------  
  Slow    Yes        Yes        
  Fast    Yes        Yes        


------------------------------------------------------------------------------------------------
| Report Methodology
| ------------------
------------------------------------------------------------------------------------------------

Rule       Severity  Description                                                Violations  
---------  --------  ---------------------------------------------------------  ----------  
DPIR-1     Warning   Asynchronous driver check                                  36          
LUTAR-1    Warning   LUT drives async reset alert                               1           
SYNTH-5    Warning   Mapped onto distributed RAM because of timing constraints  80          
SYNTH-6    Warning   Timing of a RAM block might be sub-optimal                 94          
TIMING-9   Warning   Unknown CDC Logic                                          1           
TIMING-10  Warning   Missing property on synchronizer                           1           
TIMING-18  Warning   Missing input or output delay                              7           

Note: This report is based on the most recent report_methodology run and may not be up-to-date. Run report_methodology on the current design for the latest report.



check_timing report

Table of Contents
-----------------
1. checking no_clock (0)
2. checking constant_clock (0)
3. checking pulse_width_clock (0)
4. checking unconstrained_internal_endpoints (0)
5. checking no_input_delay (7)
6. checking no_output_delay (12)
7. checking multiple_clock (0)
8. checking generated_clocks (0)
9. checking loops (0)
10. checking partial_input_delay (0)
11. checking partial_output_delay (0)
12. checking latch_loops (0)

1. checking no_clock (0)
------------------------
 There are 0 register/latch pins with no clock.


2. checking constant_clock (0)
------------------------------
 There are 0 register/latch pins with constant_clock.


3. checking pulse_width_clock (0)
---------------------------------
 There are 0 register/latch pins which need pulse_width check


4. checking unconstrained_internal_endpoints (0)
------------------------------------------------
 There are 0 pins that are not constrained for maximum delay.

 There are 0 pins that are not constrained for maximum delay due to constant clock.


5. checking no_input_delay (7)
------------------------------
 There are 5 input ports with no input delay specified. (HIGH)

 There are 2 input ports with no input delay but user has a false path constraint. (MEDIUM)


6. checking no_output_delay (12)
--------------------------------
 There are 6 ports with no output delay specified. (HIGH)

 There are 6 ports with no output delay but user has a false path constraint (MEDIUM)

 There are 0 ports with no output delay but with a timing clock defined on it or propagating through it


7. checking multiple_clock (0)
------------------------------
 There are 0 register/latch pins with multiple clocks.


8. checking generated_clocks (0)
--------------------------------
 There are 0 generated clocks that are not connected to a clock source.


9. checking loops (0)
---------------------
 There are 0 combinational loops in the design.


10. checking partial_input_delay (0)
------------------------------------
 There are 0 input ports with partial input delay specified.


11. checking partial_output_delay (0)
-------------------------------------
 There are 0 ports with partial output delay specified.


12. checking latch_loops (0)
----------------------------
 There are 0 combinational latch loops in the design through latch input



------------------------------------------------------------------------------------------------
| Design Timing Summary
| ---------------------
------------------------------------------------------------------------------------------------

    WNS(ns)      TNS(ns)  TNS Failing Endpoints  TNS Total Endpoints      WHS(ns)      THS(ns)  THS Failing Endpoints  THS Total Endpoints     WPWS(ns)     TPWS(ns)  TPWS Failing Endpoints  TPWS Total Endpoints  
    -------      -------  ---------------------  -------------------      -------      -------  ---------------------  -------------------     --------     --------  ----------------------  --------------------  
      0.711        0.000                      0                28642        0.034        0.000                      0                28642        0.264        0.000                       0                  9747  


All user specified timing constraints are met.


------------------------------------------------------------------------------------------------
| Clock Summary
| -------------
------------------------------------------------------------------------------------------------

Clock         Waveform(ns)         Period(ns)      Frequency(MHz)
-----         ------------         ----------      --------------
clk_fpga_0    {0.000 5.000}        10.000          100.000         
eth_rxc       {0.000 4.000}        8.000           125.000         
sys_clk       {0.000 10.000}       20.000          50.000          
  clkfbout    {0.000 10.000}       20.000          50.000          
  clkfbout_1  {0.000 10.000}       20.000          50.000          
  clkout0_1   {0.000 10.000}       20.000          50.000          
  clkout1_1   {0.000 2.000}        4.000           250.000         
  clkout2     {0.000 2.500}        5.000           200.000         


------------------------------------------------------------------------------------------------
| Intra Clock Table
| -----------------
------------------------------------------------------------------------------------------------

Clock             WNS(ns)      TNS(ns)  TNS Failing Endpoints  TNS Total Endpoints      WHS(ns)      THS(ns)  THS Failing Endpoints  THS Total Endpoints     WPWS(ns)     TPWS(ns)  TPWS Failing Endpoints  TPWS Total Endpoints  
-----             -------      -------  ---------------------  -------------------      -------      -------  ---------------------  -------------------     --------     --------  ----------------------  --------------------  
clk_fpga_0          1.069        0.000                      0                15054        0.065        0.000                      0                15054        3.870        0.000                       0                  4013  
eth_rxc             0.711        0.000                      0                 4814        0.034        0.000                      0                 4814        3.500        0.000                       0                  2526  
sys_clk            14.574        0.000                      0                  251        0.090        0.000                      0                  251        7.000        0.000                       0                   183  
  clkfbout                                                                                                                                                     18.408        0.000                       0                     3  
  clkfbout_1                                                                                                                                                   18.408        0.000                       0                     3  
  clkout0_1         1.639        0.000                      0                 8484        0.084        0.000                      0                 8484        8.870        0.000                       0                  3006  
  clkout1_1                                                                                                                                                     2.408        0.000                       0                    10  
  clkout2                                                                                                                                                       0.264        0.000                       0                     3  


------------------------------------------------------------------------------------------------
| Inter Clock Table
| -----------------
------------------------------------------------------------------------------------------------

From Clock    To Clock          WNS(ns)      TNS(ns)  TNS Failing Endpoints  TNS Total Endpoints      WHS(ns)      THS(ns)  THS Failing Endpoints  THS Total Endpoints  
----------    --------          -------      -------  ---------------------  -------------------      -------      -------  ---------------------  -------------------  
clkout0_1     sys_clk            16.912        0.000                      0                    1        0.175        0.000                      0                    1  
sys_clk       clkout0_1           7.016        0.000                      0                  153        0.359        0.000                      0                  153  


------------------------------------------------------------------------------------------------
| Other Path Groups Table
| -----------------------
------------------------------------------------------------------------------------------------

Path Group    From Clock    To Clock          WNS(ns)      TNS(ns)  TNS Failing Endpoints  TNS Total Endpoints      WHS(ns)      THS(ns)  THS Failing Endpoints  THS Total Endpoints  
----------    ----------    --------          -------      -------  ---------------------  -------------------      -------      -------  ---------------------  -------------------  


------------------------------------------------------------------------------------------------
| Timing Details
| --------------
------------------------------------------------------------------------------------------------


---------------------------------------------------------------------------------------------------
From Clock:  clk_fpga_0
  To Clock:  clk_fpga_0

Setup :            0  Failing Endpoints,  Worst Slack        1.069ns,  Total Violation        0.000ns
Hold  :            0  Failing Endpoints,  Worst Slack        0.065ns,  Total Violation        0.000ns
PW    :            0  Failing Endpoints,  Worst Slack        3.870ns,  Total Violation        0.000ns
---------------------------------------------------------------------------------------------------


Max Delay Paths
--------------------------------------------------------------------------------------
Slack (MET) :             1.069ns  (required time - arrival time)
  Source:                 u_pl/u_arb/owner_eth_reg_rep/C
                            (rising edge-triggered cell FDCE clocked by clk_fpga_0  {rise@0.000ns fall@5.000ns period=10.000ns})
  Destination:            u_pl/u_fb/lo_reg_0_56/ADDRARDADDR[1]
                            (rising edge-triggered cell RAMB36E1 clocked by clk_fpga_0  {rise@0.000ns fall@5.000ns period=10.000ns})
  Path Group:             clk_fpga_0
  Path Type:              Setup (Max at Slow Process Corner)
  Requirement:            10.000ns  (clk_fpga_0 rise@10.000ns - clk_fpga_0 rise@0.000ns)
  Data Path Delay:        8.247ns  (logic 0.590ns (7.154%)  route 7.657ns (92.846%))
  Logic Levels:           1  (LUT3=1)
  Clock Path Skew:        -0.040ns (DCD - SCD + CPR)
    Destination Clock Delay (DCD):    2.358ns = ( 12.358 - 10.000 ) 
    Source Clock Delay      (SCD):    2.507ns
    Clock Pessimism Removal (CPR):    0.109ns
  Clock Uncertainty:      0.154ns  ((TSJ^2 + TIJ^2)^1/2 + DJ) / 2 + PE
    Total System Jitter     (TSJ):    0.071ns
    Total Input Jitter      (TIJ):    0.300ns
    Discrete Jitter          (DJ):    0.000ns
    Phase Error              (PE):    0.000ns

    Location             Delay type                Incr(ns)  Path(ns)    Netlist Resource(s)
  -------------------------------------------------------------------    -------------------
                         (clock clk_fpga_0 rise edge)
                                                      0.000     0.000 r  
    PS7_X0Y0             PS7                          0.000     0.000 r  u_bd/design_1_i/processing_system7_0/inst/PS7_i/FCLKCLK[0]
                         net (fo=1, routed)           0.994     0.994    u_bd/design_1_i/processing_system7_0/inst/FCLK_CLK_unbuffered[0]
    BUFGCTRL_X0Y16       BUFG (Prop_bufg_I_O)         0.085     1.079 r  u_bd/design_1_i/processing_system7_0/inst/buffer_fclk_clk_0.FCLK_CLK_0_BUFG/O
                         net (fo=4014, routed)        1.428     2.507    u_pl/u_arb/FCLK_CLK0
    SLICE_X31Y60         FDCE                                         r  u_pl/u_arb/owner_eth_reg_rep/C
  -------------------------------------------------------------------    -------------------
    SLICE_X31Y60         FDCE (Prop_fdce_C_Q)         0.348     2.855 r  u_pl/u_arb/owner_eth_reg_rep/Q
                         net (fo=198, routed)         1.875     4.730    u_pl/u_row/lo_reg_0_63
    SLICE_X36Y43         LUT3 (Prop_lut3_I2_O)        0.242     4.972 r  u_pl/u_row/lo_reg_0_8_i_11/O
                         net (fo=20, routed)          5.782    10.754    u_pl/u_fb/ADDRARDADDR[1]
    RAMB36_X5Y15         RAMB36E1                                     r  u_pl/u_fb/lo_reg_0_56/ADDRARDADDR[1]
  -------------------------------------------------------------------    -------------------

                         (clock clk_fpga_0 rise edge)
                                                     10.000    10.000 r  
    PS7_X0Y0             PS7                          0.000    10.000 r  u_bd/design_1_i/processing_system7_0/inst/PS7_i/FCLKCLK[0]
                         net (fo=1, routed)           0.905    10.906    u_bd/design_1_i/processing_system7_0/inst/FCLK_CLK_unbuffered[0]
    BUFGCTRL_X0Y16       BUFG (Prop_bufg_I_O)         0.077    10.983 r  u_bd/design_1_i/processing_system7_0/inst/buffer_fclk_clk_0.FCLK_CLK_0_BUFG/O
                         net (fo=4014, routed)        1.376    12.358    u_pl/u_fb/FCLK_CLK0
    RAMB36_X5Y15         RAMB36E1                                     r  u_pl/u_fb/lo_reg_0_56/CLKARDCLK
                         clock pessimism              0.109    12.467    
                         clock uncertainty           -0.154    12.313    
    RAMB36_X5Y15         RAMB36E1 (Setup_ramb36e1_CLKARDCLK_ADDRARDADDR[1])
                                                     -0.490    11.823    u_pl/u_fb/lo_reg_0_56
  -------------------------------------------------------------------
                         required time                         11.823    
                         arrival time                         -10.754    
  -------------------------------------------------------------------
                         slack                                  1.069    





Min Delay Paths
--------------------------------------------------------------------------------------
Slack (MET) :             0.065ns  (arrival time - required time)
  Source:                 u_bd/design_1_i/axi_gpio_1/U0/AXI_LITE_IPIF_I/I_SLAVE_ATTACHMENT/state_reg[1]/C
                            (rising edge-triggered cell FDRE clocked by clk_fpga_0  {rise@0.000ns fall@5.000ns period=10.000ns})
  Destination:            u_bd/design_1_i/axi_gpio_1/U0/AXI_LITE_IPIF_I/I_SLAVE_ATTACHMENT/s_axi_bvalid_i_reg/D
                            (rising edge-triggered cell FDRE clocked by clk_fpga_0  {rise@0.000ns fall@5.000ns period=10.000ns})
  Path Group:             clk_fpga_0
  Path Type:              Hold (Min at Fast Process Corner)
  Requirement:            0.000ns  (clk_fpga_0 rise@0.000ns - clk_fpga_0 rise@0.000ns)
  Data Path Delay:        0.338ns  (logic 0.186ns (55.078%)  route 0.152ns (44.922%))
  Logic Levels:           1  (LUT5=1)
  Clock Path Skew:        0.181ns (DCD - SCD - CPR)
    Destination Clock Delay (DCD):    1.191ns
    Source Clock Delay      (SCD):    0.975ns
    Clock Pessimism Removal (CPR):    0.035ns

    Location             Delay type                Incr(ns)  Path(ns)    Netlist Resource(s)
  -------------------------------------------------------------------    -------------------
                         (clock clk_fpga_0 rise edge)
                                                      0.000     0.000 r  
    PS7_X0Y0             PS7                          0.000     0.000 r  u_bd/design_1_i/processing_system7_0/inst/PS7_i/FCLKCLK[0]
                         net (fo=1, routed)           0.310     0.310    u_bd/design_1_i/processing_system7_0/inst/FCLK_CLK_unbuffered[0]
    BUFGCTRL_X0Y16       BUFG (Prop_bufg_I_O)         0.026     0.336 r  u_bd/design_1_i/processing_system7_0/inst/buffer_fclk_clk_0.FCLK_CLK_0_BUFG/O
                         net (fo=4014, routed)        0.639     0.975    u_bd/design_1_i/axi_gpio_1/U0/AXI_LITE_IPIF_I/I_SLAVE_ATTACHMENT/s_axi_aclk
    SLICE_X40Y100        FDRE                                         r  u_bd/design_1_i/axi_gpio_1/U0/AXI_LITE_IPIF_I/I_SLAVE_ATTACHMENT/state_reg[1]/C
  -------------------------------------------------------------------    -------------------
    SLICE_X40Y100        FDRE (Prop_fdre_C_Q)         0.141     1.116 r  u_bd/design_1_i/axi_gpio_1/U0/AXI_LITE_IPIF_I/I_SLAVE_ATTACHMENT/state_reg[1]/Q
                         net (fo=7, routed)           0.152     1.268    u_bd/design_1_i/axi_gpio_1/U0/AXI_LITE_IPIF_I/I_SLAVE_ATTACHMENT/state_reg_n_0_[1]
    SLICE_X39Y99         LUT5 (Prop_lut5_I1_O)        0.045     1.313 r  u_bd/design_1_i/axi_gpio_1/U0/AXI_LITE_IPIF_I/I_SLAVE_ATTACHMENT/s_axi_bvalid_i_i_1/O
                         net (fo=1, routed)           0.000     1.313    u_bd/design_1_i/axi_gpio_1/U0/AXI_LITE_IPIF_I/I_SLAVE_ATTACHMENT/s_axi_bvalid_i_i_1_n_0
    SLICE_X39Y99         FDRE                                         r  u_bd/design_1_i/axi_gpio_1/U0/AXI_LITE_IPIF_I/I_SLAVE_ATTACHMENT/s_axi_bvalid_i_reg/D
  -------------------------------------------------------------------    -------------------

                         (clock clk_fpga_0 rise edge)
                                                      0.000     0.000 r  
    PS7_X0Y0             PS7                          0.000     0.000 r  u_bd/design_1_i/processing_system7_0/inst/PS7_i/FCLKCLK[0]
                         net (fo=1, routed)           0.337     0.337    u_bd/design_1_i/processing_system7_0/inst/FCLK_CLK_unbuffered[0]
    BUFGCTRL_X0Y16       BUFG (Prop_bufg_I_O)         0.029     0.366 r  u_bd/design_1_i/processing_system7_0/inst/buffer_fclk_clk_0.FCLK_CLK_0_BUFG/O
                         net (fo=4014, routed)        0.825     1.191    u_bd/design_1_i/axi_gpio_1/U0/AXI_LITE_IPIF_I/I_SLAVE_ATTACHMENT/s_axi_aclk
    SLICE_X39Y99         FDRE                                         r  u_bd/design_1_i/axi_gpio_1/U0/AXI_LITE_IPIF_I/I_SLAVE_ATTACHMENT/s_axi_bvalid_i_reg/C
                         clock pessimism             -0.035     1.156    
    SLICE_X39Y99         FDRE (Hold_fdre_C_D)         0.092     1.248    u_bd/design_1_i/axi_gpio_1/U0/AXI_LITE_IPIF_I/I_SLAVE_ATTACHMENT/s_axi_bvalid_i_reg
  -------------------------------------------------------------------
                         required time                         -1.248    
                         arrival time                           1.313    
  -------------------------------------------------------------------
                         slack                                  0.065    





Pulse Width Checks
--------------------------------------------------------------------------------------
Clock Name:         clk_fpga_0
Waveform(ns):       { 0.000 5.000 }
Period(ns):         10.000
Sources:            { u_bd/design_1_i/processing_system7_0/inst/PS7_i/FCLKCLK[0] }

Check Type        Corner  Lib Pin             Reference Pin  Required(ns)  Actual(ns)  Slack(ns)  Location      Pin
Min Period        n/a     RAMB36E1/CLKBWRCLK  n/a            2.170         10.000      7.830      RAMB36_X3Y6   u_eth/u_cdc/mem_reg_0/CLKBWRCLK
Low Pulse Width   Slow    RAMD64E/CLK         n/a            1.130         5.000       3.870      SLICE_X26Y30  u_eth/u_saver/q_addr_reg_0_63_12_14/RAMA/CLK
High Pulse Width  Slow    RAMD64E/CLK         n/a            1.130         5.000       3.870      SLICE_X26Y30  u_eth/u_saver/q_addr_reg_0_63_12_14/RAMA/CLK



---------------------------------------------------------------------------------------------------
From Clock:  eth_rxc
  To Clock:  eth_rxc

Setup :            0  Failing Endpoints,  Worst Slack        0.711ns,  Total Violation        0.000ns
Hold  :            0  Failing Endpoints,  Worst Slack        0.034ns,  Total Violation        0.000ns
PW    :            0  Failing Endpoints,  Worst Slack        3.500ns,  Total Violation        0.000ns
---------------------------------------------------------------------------------------------------


Max Delay Paths
--------------------------------------------------------------------------------------
Slack (MET) :             0.711ns  (required time - arrival time)
  Source:                 u_eth/u_cdc/wbin_reg[2]/C
                            (rising edge-triggered cell FDCE clocked by eth_rxc  {rise@0.000ns fall@4.000ns period=8.000ns})
  Destination:            u_eth/u_lm/drop_words_reg[28]/CE
                            (rising edge-triggered cell FDCE clocked by eth_rxc  {rise@0.000ns fall@4.000ns period=8.000ns})
  Path Group:             eth_rxc
  Path Type:              Setup (Max at Slow Process Corner)
  Requirement:            8.000ns  (eth_rxc rise@8.000ns - eth_rxc rise@0.000ns)
  Data Path Delay:        6.853ns  (logic 2.599ns (37.925%)  route 4.254ns (62.075%))
  Logic Levels:           8  (CARRY4=5 LUT4=2 LUT5=1)
  Clock Path Skew:        -0.233ns (DCD - SCD + CPR)
    Destination Clock Delay (DCD):    4.374ns = ( 12.374 - 8.000 ) 
    Source Clock Delay      (SCD):    4.853ns
    Clock Pessimism Removal (CPR):    0.246ns
  Clock Uncertainty:      0.035ns  ((TSJ^2 + TIJ^2)^1/2 + DJ) / 2 + PE
    Total System Jitter     (TSJ):    0.071ns
    Total Input Jitter      (TIJ):    0.000ns
    Discrete Jitter          (DJ):    0.000ns
    Phase Error              (PE):    0.000ns

    Location             Delay type                Incr(ns)  Path(ns)    Netlist Resource(s)
  -------------------------------------------------------------------    -------------------
                         (clock eth_rxc rise edge)    0.000     0.000 r  
    Y19                                               0.000     0.000 r  eth_rxc (IN)
                         net (fo=0)                   0.000     0.000    eth_rxc
    Y19                  IBUF (Prop_ibuf_I_O)         1.430     1.430 r  eth_rxc_IBUF_inst/O
                         net (fo=2, routed)           1.873     3.303    u_eth/u_rgmii/u_rgmii_rx/rgmii_rxc
    BUFGCTRL_X0Y1        BUFG (Prop_bufg_I_O)         0.085     3.388 r  u_eth/u_rgmii/u_rgmii_rx/BUFG_inst/O
                         net (fo=2520, routed)        1.465     4.853    u_eth/u_cdc/gmii_rx_clk
    SLICE_X12Y26         FDCE                                         r  u_eth/u_cdc/wbin_reg[2]/C
  -------------------------------------------------------------------    -------------------
    SLICE_X12Y26         FDCE (Prop_fdce_C_Q)         0.433     5.286 r  u_eth/u_cdc/wbin_reg[2]/Q
                         net (fo=11, routed)          0.567     5.852    u_eth/u_cdc/wbin_reg[2]
    SLICE_X19Y27         CARRY4 (Prop_carry4_S[1]_CO[3])
                                                      0.562     6.414 r  u_eth/u_cdc/wgray_reg[4]_i_2/CO[3]
                         net (fo=1, routed)           0.000     6.414    u_eth/u_cdc/wgray_reg[4]_i_2_n_0
    SLICE_X19Y28         CARRY4 (Prop_carry4_CI_CO[3])
                                                      0.098     6.512 r  u_eth/u_cdc/wgray_reg[8]_i_2/CO[3]
                         net (fo=1, routed)           0.000     6.512    u_eth/u_cdc/wgray_reg[8]_i_2_n_0
    SLICE_X19Y29         CARRY4 (Prop_carry4_CI_O[1])
                                                      0.265     6.777 r  u_eth/u_cdc/wgray_reg[13]_i_3/O[1]
                         net (fo=4, routed)           0.792     7.570    u_eth/u_cdc/b1_in__0[10]
    SLICE_X21Y26         LUT5 (Prop_lut5_I0_O)        0.250     7.820 r  u_eth/u_cdc/full_d_i_8/O
                         net (fo=1, routed)           0.449     8.268    u_eth/u_cdc/full_d_i_8_n_0
    SLICE_X19Y25         LUT4 (Prop_lut4_I3_O)        0.105     8.373 r  u_eth/u_cdc/full_d_i_4/O
                         net (fo=1, routed)           0.000     8.373    u_eth/u_cdc/full_d_i_4_n_0
    SLICE_X19Y25         CARRY4 (Prop_carry4_S[3]_CO[3])
                                                      0.332     8.705 r  u_eth/u_cdc/full_d_reg_i_2/CO[3]
                         net (fo=1, routed)           0.000     8.705    u_eth/u_cdc/full_d_reg_i_2_n_0
    SLICE_X19Y26         CARRY4 (Prop_carry4_CI_CO[0])
                                                      0.245     8.950 r  u_eth/u_cdc/full_d_reg_i_1/CO[0]
                         net (fo=6, routed)           1.079    10.029    u_eth/u_reasm/wr_full
    SLICE_X32Y32         LUT4 (Prop_lut4_I0_O)        0.309    10.338 r  u_eth/u_reasm/drop_words[0]_i_1/O
                         net (fo=32, routed)          1.367    11.706    u_eth/u_lm/drop_words0
    SLICE_X45Y63         FDCE                                         r  u_eth/u_lm/drop_words_reg[28]/CE
  -------------------------------------------------------------------    -------------------

                         (clock eth_rxc rise edge)    8.000     8.000 r  
    Y19                                               0.000     8.000 r  eth_rxc (IN)
                         net (fo=0)                   0.000     8.000    eth_rxc
    Y19                  IBUF (Prop_ibuf_I_O)         1.364     9.364 r  eth_rxc_IBUF_inst/O
                         net (fo=2, routed)           1.701    11.065    u_eth/u_rgmii/u_rgmii_rx/rgmii_rxc
    BUFGCTRL_X0Y1        BUFG (Prop_bufg_I_O)         0.077    11.142 r  u_eth/u_rgmii/u_rgmii_rx/BUFG_inst/O
                         net (fo=2520, routed)        1.232    12.374    u_eth/u_lm/gmii_rx_clk
    SLICE_X45Y63         FDCE                                         r  u_eth/u_lm/drop_words_reg[28]/C
                         clock pessimism              0.246    12.620    
                         clock uncertainty           -0.035    12.584    
    SLICE_X45Y63         FDCE (Setup_fdce_C_CE)      -0.168    12.416    u_eth/u_lm/drop_words_reg[28]
  -------------------------------------------------------------------
                         required time                         12.416    
                         arrival time                         -11.706    
  -------------------------------------------------------------------
                         slack                                  0.711    





Min Delay Paths
--------------------------------------------------------------------------------------
Slack (MET) :             0.034ns  (arrival time - required time)
  Source:                 u_eth/u_arp/u_arp_rx/src_mac_reg[35]/C
                            (rising edge-triggered cell FDCE clocked by eth_rxc  {rise@0.000ns fall@4.000ns period=8.000ns})
  Destination:            u_eth/u_arp/u_arp_tx/eth_head_reg[1][3]/D
                            (rising edge-triggered cell FDPE clocked by eth_rxc  {rise@0.000ns fall@4.000ns period=8.000ns})
  Path Group:             eth_rxc
  Path Type:              Hold (Min at Fast Process Corner)
  Requirement:            0.000ns  (eth_rxc rise@0.000ns - eth_rxc rise@0.000ns)
  Data Path Delay:        0.355ns  (logic 0.141ns (39.747%)  route 0.214ns (60.253%))
  Logic Levels:           0  
  Clock Path Skew:        0.268ns (DCD - SCD - CPR)
    Destination Clock Delay (DCD):    2.095ns
    Source Clock Delay      (SCD):    1.579ns
    Clock Pessimism Removal (CPR):    0.248ns

    Location             Delay type                Incr(ns)  Path(ns)    Netlist Resource(s)
  -------------------------------------------------------------------    -------------------
                         (clock eth_rxc rise edge)    0.000     0.000 r  
    Y19                                               0.000     0.000 r  eth_rxc (IN)
                         net (fo=0)                   0.000     0.000    eth_rxc
    Y19                  IBUF (Prop_ibuf_I_O)         0.266     0.266 r  eth_rxc_IBUF_inst/O
                         net (fo=2, routed)           0.674     0.940    u_eth/u_rgmii/u_rgmii_rx/rgmii_rxc
    BUFGCTRL_X0Y1        BUFG (Prop_bufg_I_O)         0.026     0.966 r  u_eth/u_rgmii/u_rgmii_rx/BUFG_inst/O
                         net (fo=2520, routed)        0.613     1.579    u_eth/u_arp/u_arp_rx/gmii_rx_clk
    SLICE_X101Y49        FDCE                                         r  u_eth/u_arp/u_arp_rx/src_mac_reg[35]/C
  -------------------------------------------------------------------    -------------------
    SLICE_X101Y49        FDCE (Prop_fdce_C_Q)         0.141     1.720 r  u_eth/u_arp/u_arp_rx/src_mac_reg[35]/Q
                         net (fo=4, routed)           0.214     1.934    u_eth/u_arp/u_arp_tx/eth_head_reg[0][7]_0[35]
    SLICE_X100Y50        FDPE                                         r  u_eth/u_arp/u_arp_tx/eth_head_reg[1][3]/D
  -------------------------------------------------------------------    -------------------

                         (clock eth_rxc rise edge)    0.000     0.000 r  
    Y19                                               0.000     0.000 r  eth_rxc (IN)
                         net (fo=0)                   0.000     0.000    eth_rxc
    Y19                  IBUF (Prop_ibuf_I_O)         0.454     0.454 r  eth_rxc_IBUF_inst/O
                         net (fo=2, routed)           0.731     1.185    u_eth/u_rgmii/u_rgmii_rx/rgmii_rxc
    BUFGCTRL_X0Y1        BUFG (Prop_bufg_I_O)         0.029     1.214 r  u_eth/u_rgmii/u_rgmii_rx/BUFG_inst/O
                         net (fo=2520, routed)        0.881     2.095    u_eth/u_arp/u_arp_tx/gmii_rx_clk
    SLICE_X100Y50        FDPE                                         r  u_eth/u_arp/u_arp_tx/eth_head_reg[1][3]/C
                         clock pessimism             -0.248     1.847    
    SLICE_X100Y50        FDPE (Hold_fdpe_C_D)         0.052     1.899    u_eth/u_arp/u_arp_tx/eth_head_reg[1][3]
  -------------------------------------------------------------------
                         required time                         -1.899    
                         arrival time                           1.934    
  -------------------------------------------------------------------
                         slack                                  0.034    





Pulse Width Checks
--------------------------------------------------------------------------------------
Clock Name:         eth_rxc
Waveform(ns):       { 0.000 4.000 }
Period(ns):         8.000
Sources:            { eth_rxc }

Check Type        Corner  Lib Pin             Reference Pin  Required(ns)  Actual(ns)  Slack(ns)  Location      Pin
Min Period        n/a     RAMB18E1/CLKARDCLK  n/a            2.472         8.000       5.528      RAMB18_X5Y14  u_eth/u_icmp_fifo/mem_reg/CLKARDCLK
Low Pulse Width   Slow    FDCE/C              n/a            0.500         4.000       3.500      SLICE_X33Y32  u_eth/flush_pend_reg/C
High Pulse Width  Slow    FDCE/C              n/a            0.500         4.000       3.500      SLICE_X33Y32  u_eth/flush_pend_reg/C



---------------------------------------------------------------------------------------------------
From Clock:  sys_clk
  To Clock:  sys_clk

Setup :            0  Failing Endpoints,  Worst Slack       14.574ns,  Total Violation        0.000ns
Hold  :            0  Failing Endpoints,  Worst Slack        0.090ns,  Total Violation        0.000ns
PW    :            0  Failing Endpoints,  Worst Slack        7.000ns,  Total Violation        0.000ns
---------------------------------------------------------------------------------------------------


Max Delay Paths
--------------------------------------------------------------------------------------
Slack (MET) :             14.574ns  (required time - arrival time)
  Source:                 u_pl/sec_div_reg[20]/C
                            (rising edge-triggered cell FDCE clocked by sys_clk  {rise@0.000ns fall@10.000ns period=20.000ns})
  Destination:            u_pl/fps_acc_reg[0]/CE
                            (rising edge-triggered cell FDCE clocked by sys_clk  {rise@0.000ns fall@10.000ns period=20.000ns})
  Path Group:             sys_clk
  Path Type:              Setup (Max at Slow Process Corner)
  Requirement:            20.000ns  (sys_clk rise@20.000ns - sys_clk rise@0.000ns)
  Data Path Delay:        5.134ns  (logic 1.007ns (19.615%)  route 4.127ns (80.385%))
  Logic Levels:           5  (LUT3=1 LUT4=1 LUT5=1 LUT6=2)
  Clock Path Skew:        -0.089ns (DCD - SCD + CPR)
    Destination Clock Delay (DCD):    4.414ns = ( 24.414 - 20.000 ) 
    Source Clock Delay      (SCD):    4.761ns
    Clock Pessimism Removal (CPR):    0.258ns
  Clock Uncertainty:      0.035ns  ((TSJ^2 + TIJ^2)^1/2 + DJ) / 2 + PE
    Total System Jitter     (TSJ):    0.071ns
    Total Input Jitter      (TIJ):    0.000ns
    Discrete Jitter          (DJ):    0.000ns
    Phase Error              (PE):    0.000ns

    Location             Delay type                Incr(ns)  Path(ns)    Netlist Resource(s)
  -------------------------------------------------------------------    -------------------
                         (clock sys_clk rise edge)    0.000     0.000 r  
    W17                                               0.000     0.000 r  sys_clk (IN)
                         net (fo=0)                   0.000     0.000    sys_clk
    W17                  IBUF (Prop_ibuf_I_O)         1.415     1.415 r  sys_clk_IBUF_inst/O
                         net (fo=1, routed)           1.873     3.288    sys_clk_IBUF
    BUFGCTRL_X0Y4        BUFG (Prop_bufg_I_O)         0.085     3.373 r  sys_clk_IBUF_BUFG_inst/O
                         net (fo=182, routed)         1.388     4.761    u_pl/sys_clk_IBUF_BUFG
    SLICE_X49Y57         FDCE                                         r  u_pl/sec_div_reg[20]/C
  -------------------------------------------------------------------    -------------------
    SLICE_X49Y57         FDCE (Prop_fdce_C_Q)         0.348     5.109 r  u_pl/sec_div_reg[20]/Q
                         net (fo=2, routed)           0.846     5.955    u_pl/sec_div_reg_n_0_[20]
    SLICE_X49Y57         LUT4 (Prop_lut4_I3_O)        0.239     6.194 f  u_pl/sec_div[25]_i_8/O
                         net (fo=1, routed)           0.513     6.707    u_pl/sec_div[25]_i_8_n_0
    SLICE_X49Y56         LUT5 (Prop_lut5_I4_O)        0.105     6.812 f  u_pl/sec_div[25]_i_7/O
                         net (fo=1, routed)           0.507     7.319    u_pl/sec_div[25]_i_7_n_0
    SLICE_X49Y55         LUT6 (Prop_lut6_I5_O)        0.105     7.424 f  u_pl/sec_div[25]_i_4/O
                         net (fo=1, routed)           0.347     7.771    u_pl/sec_div[25]_i_4_n_0
    SLICE_X49Y54         LUT6 (Prop_lut6_I0_O)        0.105     7.876 r  u_pl/sec_div[25]_i_2/O
                         net (fo=42, routed)          1.398     9.273    u_pl/fps_q[0]
    SLICE_X56Y55         LUT3 (Prop_lut3_I2_O)        0.105     9.378 r  u_pl/fps_acc[7]_i_1/O
                         net (fo=8, routed)           0.517     9.895    u_pl/fps_acc[0]
    SLICE_X57Y57         FDCE                                         r  u_pl/fps_acc_reg[0]/CE
  -------------------------------------------------------------------    -------------------

                         (clock sys_clk rise edge)   20.000    20.000 r  
    W17                                               0.000    20.000 r  sys_clk (IN)
                         net (fo=0)                   0.000    20.000    sys_clk
    W17                  IBUF (Prop_ibuf_I_O)         1.349    21.349 r  sys_clk_IBUF_inst/O
                         net (fo=1, routed)           1.701    23.050    sys_clk_IBUF
    BUFGCTRL_X0Y4        BUFG (Prop_bufg_I_O)         0.077    23.127 r  sys_clk_IBUF_BUFG_inst/O
                         net (fo=182, routed)         1.287    24.414    u_pl/sys_clk_IBUF_BUFG
    SLICE_X57Y57         FDCE                                         r  u_pl/fps_acc_reg[0]/C
                         clock pessimism              0.258    24.672    
                         clock uncertainty           -0.035    24.637    
    SLICE_X57Y57         FDCE (Setup_fdce_C_CE)      -0.168    24.469    u_pl/fps_acc_reg[0]
  -------------------------------------------------------------------
                         required time                         24.469    
                         arrival time                          -9.895    
  -------------------------------------------------------------------
                         slack                                 14.574    





Min Delay Paths
--------------------------------------------------------------------------------------
Slack (MET) :             0.090ns  (arrival time - required time)
  Source:                 u_pl/hb_reg[11]/C
                            (rising edge-triggered cell FDRE clocked by sys_clk  {rise@0.000ns fall@10.000ns period=20.000ns})
  Destination:            u_pl/hb_reg[12]/D
                            (rising edge-triggered cell FDRE clocked by sys_clk  {rise@0.000ns fall@10.000ns period=20.000ns})
  Path Group:             sys_clk
  Path Type:              Hold (Min at Fast Process Corner)
  Requirement:            0.000ns  (sys_clk rise@0.000ns - sys_clk rise@0.000ns)
  Data Path Delay:        0.462ns  (logic 0.355ns (76.797%)  route 0.107ns (23.203%))
  Logic Levels:           2  (CARRY4=2)
  Clock Path Skew:        0.267ns (DCD - SCD - CPR)
    Destination Clock Delay (DCD):    2.027ns
    Source Clock Delay      (SCD):    1.512ns
    Clock Pessimism Removal (CPR):    0.248ns

    Location             Delay type                Incr(ns)  Path(ns)    Netlist Resource(s)
  -------------------------------------------------------------------    -------------------
                         (clock sys_clk rise edge)    0.000     0.000 r  
    W17                                               0.000     0.000 r  sys_clk (IN)
                         net (fo=0)                   0.000     0.000    sys_clk
    W17                  IBUF (Prop_ibuf_I_O)         0.252     0.252 r  sys_clk_IBUF_inst/O
                         net (fo=1, routed)           0.674     0.926    sys_clk_IBUF
    BUFGCTRL_X0Y4        BUFG (Prop_bufg_I_O)         0.026     0.952 r  sys_clk_IBUF_BUFG_inst/O
                         net (fo=182, routed)         0.560     1.512    u_pl/sys_clk_IBUF_BUFG
    SLICE_X49Y49         FDRE                                         r  u_pl/hb_reg[11]/C
  -------------------------------------------------------------------    -------------------
    SLICE_X49Y49         FDRE (Prop_fdre_C_Q)         0.141     1.653 r  u_pl/hb_reg[11]/Q
                         net (fo=1, routed)           0.107     1.759    u_pl/hb_reg_n_0_[11]
    SLICE_X49Y49         CARRY4 (Prop_carry4_S[3]_CO[3])
                                                      0.160     1.919 r  u_pl/hb_reg[8]_i_1/CO[3]
                         net (fo=1, routed)           0.001     1.920    u_pl/hb_reg[8]_i_1_n_0
    SLICE_X49Y50         CARRY4 (Prop_carry4_CI_O[0])
                                                      0.054     1.974 r  u_pl/hb_reg[12]_i_1/O[0]
                         net (fo=1, routed)           0.000     1.974    u_pl/hb_reg[12]_i_1_n_7
    SLICE_X49Y50         FDRE                                         r  u_pl/hb_reg[12]/D
  -------------------------------------------------------------------    -------------------

                         (clock sys_clk rise edge)    0.000     0.000 r  
    W17                                               0.000     0.000 r  sys_clk (IN)
                         net (fo=0)                   0.000     0.000    sys_clk
    W17                  IBUF (Prop_ibuf_I_O)         0.440     0.440 r  sys_clk_IBUF_inst/O
                         net (fo=1, routed)           0.731     1.171    sys_clk_IBUF
    BUFGCTRL_X0Y4        BUFG (Prop_bufg_I_O)         0.029     1.200 r  sys_clk_IBUF_BUFG_inst/O
                         net (fo=182, routed)         0.827     2.027    u_pl/sys_clk_IBUF_BUFG
    SLICE_X49Y50         FDRE                                         r  u_pl/hb_reg[12]/C
                         clock pessimism             -0.248     1.779    
    SLICE_X49Y50         FDRE (Hold_fdre_C_D)         0.105     1.884    u_pl/hb_reg[12]
  -------------------------------------------------------------------
                         required time                         -1.884    
                         arrival time                           1.974    
  -------------------------------------------------------------------
                         slack                                  0.090    





Pulse Width Checks
--------------------------------------------------------------------------------------
Clock Name:         sys_clk
Waveform(ns):       { 0.000 10.000 }
Period(ns):         20.000
Sources:            { sys_clk }

Check Type        Corner  Lib Pin            Reference Pin  Required(ns)  Actual(ns)  Slack(ns)  Location         Pin
Min Period        n/a     BUFG/I             n/a            1.592         20.000      18.408     BUFGCTRL_X0Y4    sys_clk_IBUF_BUFG_inst/I
Max Period        n/a     MMCME2_ADV/CLKIN1  n/a            100.000       20.000      80.000     MMCME2_ADV_X0Y0  u_idelay_clkgen/u_mmcm/CLKIN1
Low Pulse Width   Slow    MMCME2_ADV/CLKIN1  n/a            3.000         10.000      7.000      MMCME2_ADV_X0Y0  u_idelay_clkgen/u_mmcm/CLKIN1
High Pulse Width  Slow    MMCME2_ADV/CLKIN1  n/a            3.000         10.000      7.000      MMCME2_ADV_X0Y0  u_idelay_clkgen/u_mmcm/CLKIN1



---------------------------------------------------------------------------------------------------
From Clock:  clkfbout
  To Clock:  clkfbout

Setup :           NA  Failing Endpoints,  Worst Slack           NA  ,  Total Violation           NA
Hold  :           NA  Failing Endpoints,  Worst Slack           NA  ,  Total Violation           NA
PW    :            0  Failing Endpoints,  Worst Slack       18.408ns,  Total Violation        0.000ns
---------------------------------------------------------------------------------------------------


Pulse Width Checks
--------------------------------------------------------------------------------------
Clock Name:         clkfbout
Waveform(ns):       { 0.000 10.000 }
Period(ns):         20.000
Sources:            { u_idelay_clkgen/u_mmcm/CLKFBOUT }

Check Type  Corner  Lib Pin             Reference Pin  Required(ns)  Actual(ns)  Slack(ns)  Location         Pin
Min Period  n/a     BUFG/I              n/a            1.592         20.000      18.408     BUFGCTRL_X0Y5    u_idelay_clkgen/u_bufg_fb/I
Max Period  n/a     MMCME2_ADV/CLKFBIN  n/a            100.000       20.000      80.000     MMCME2_ADV_X0Y0  u_idelay_clkgen/u_mmcm/CLKFBIN



---------------------------------------------------------------------------------------------------
From Clock:  clkfbout_1
  To Clock:  clkfbout_1

Setup :           NA  Failing Endpoints,  Worst Slack           NA  ,  Total Violation           NA
Hold  :           NA  Failing Endpoints,  Worst Slack           NA  ,  Total Violation           NA
PW    :            0  Failing Endpoints,  Worst Slack       18.408ns,  Total Violation        0.000ns
---------------------------------------------------------------------------------------------------


Pulse Width Checks
--------------------------------------------------------------------------------------
Clock Name:         clkfbout_1
Waveform(ns):       { 0.000 10.000 }
Period(ns):         20.000
Sources:            { u_pl/u_clk/u_mmcm/CLKFBOUT }

Check Type  Corner  Lib Pin             Reference Pin  Required(ns)  Actual(ns)  Slack(ns)  Location         Pin
Min Period  n/a     BUFG/I              n/a            1.592         20.000      18.408     BUFGCTRL_X0Y6    u_pl/u_clk/u_bufg_fb/I
Max Period  n/a     MMCME2_ADV/CLKFBIN  n/a            100.000       20.000      80.000     MMCME2_ADV_X1Y0  u_pl/u_clk/u_mmcm/CLKFBIN



---------------------------------------------------------------------------------------------------
From Clock:  clkout0_1
  To Clock:  clkout0_1

Setup :            0  Failing Endpoints,  Worst Slack        1.639ns,  Total Violation        0.000ns
Hold  :            0  Failing Endpoints,  Worst Slack        0.084ns,  Total Violation        0.000ns
PW    :            0  Failing Endpoints,  Worst Slack        8.870ns,  Total Violation        0.000ns
---------------------------------------------------------------------------------------------------


Max Delay Paths
--------------------------------------------------------------------------------------
Slack (MET) :             1.639ns  (required time - arrival time)
  Source:                 u_pl/x_d_reg[11][3]/C
                            (rising edge-triggered cell FDCE clocked by clkout0_1  {rise@0.000ns fall@10.000ns period=20.000ns})
  Destination:            u_pl/u_osd/g_reg[7]/D
                            (rising edge-triggered cell FDCE clocked by clkout0_1  {rise@0.000ns fall@10.000ns period=20.000ns})
  Path Group:             clkout0_1
  Path Type:              Setup (Max at Slow Process Corner)
  Requirement:            20.000ns  (clkout0_1 rise@20.000ns - clkout0_1 rise@0.000ns)
  Data Path Delay:        18.245ns  (logic 6.475ns (35.489%)  route 11.770ns (64.511%))
  Logic Levels:           26  (CARRY4=9 LUT2=1 LUT3=3 LUT4=4 LUT5=2 LUT6=7)
  Clock Path Skew:        -0.054ns (DCD - SCD + CPR)
    Destination Clock Delay (DCD):    4.418ns = ( 24.418 - 20.000 ) 
    Source Clock Delay      (SCD):    4.814ns
    Clock Pessimism Removal (CPR):    0.342ns
  Clock Uncertainty:      0.094ns  ((TSJ^2 + DJ^2)^1/2) / 2 + PE
    Total System Jitter     (TSJ):    0.071ns
    Discrete Jitter          (DJ):    0.175ns
    Phase Error              (PE):    0.000ns

    Location             Delay type                Incr(ns)  Path(ns)    Netlist Resource(s)
  -------------------------------------------------------------------    -------------------
                         (clock clkout0_1 rise edge)
                                                      0.000     0.000 r  
    W17                                               0.000     0.000 r  sys_clk (IN)
                         net (fo=0)                   0.000     0.000    sys_clk
    W17                  IBUF (Prop_ibuf_I_O)         1.415     1.415 r  sys_clk_IBUF_inst/O
                         net (fo=1, routed)           1.873     3.288    sys_clk_IBUF
    BUFGCTRL_X0Y4        BUFG (Prop_bufg_I_O)         0.085     3.373 r  sys_clk_IBUF_BUFG_inst/O
                         net (fo=182, routed)         1.550     4.923    u_pl/u_clk/sys_clk_IBUF_BUFG
    MMCME2_ADV_X1Y0      MMCME2_ADV (Prop_mmcme2_adv_CLKIN1_CLKOUT0)
                                                     -3.232     1.691 r  u_pl/u_clk/u_mmcm/CLKOUT0
                         net (fo=1, routed)           1.597     3.288    u_pl/u_clk/clkout0
    BUFGCTRL_X0Y0        BUFG (Prop_bufg_I_O)         0.085     3.373 r  u_pl/u_clk/u_bufg_pix/O
                         net (fo=3007, routed)        1.441     4.814    u_pl/clk_pix
    SLICE_X59Y58         FDCE                                         r  u_pl/x_d_reg[11][3]/C
  -------------------------------------------------------------------    -------------------
    SLICE_X59Y58         FDCE (Prop_fdce_C_Q)         0.348     5.162 r  u_pl/x_d_reg[11][3]/Q
                         net (fo=4, routed)           0.495     5.657    u_pl/u_osd/r[7]_i_10_4
    SLICE_X62Y56         CARRY4 (Prop_carry4_S[0]_CO[3])
                                                      0.662     6.319 r  u_pl/u_osd/r_reg[7]_i_44/CO[3]
                         net (fo=1, routed)           0.000     6.319    u_pl/u_osd/r_reg[7]_i_44_n_0
    SLICE_X62Y57         CARRY4 (Prop_carry4_CI_O[0])
                                                      0.178     6.497 r  u_pl/u_osd/g0_b4_i_201/O[0]
                         net (fo=23, routed)          0.884     7.381    u_pl/u_osd/lx[7]
    SLICE_X58Y56         LUT3 (Prop_lut3_I2_O)        0.238     7.619 r  u_pl/u_osd/g0_b4_i_370/O
                         net (fo=4, routed)           0.506     8.126    u_pl/u_osd/g0_b4_i_370_n_0
    SLICE_X60Y56         LUT4 (Prop_lut4_I3_O)        0.105     8.231 r  u_pl/u_osd/g0_b4_i_374/O
                         net (fo=1, routed)           0.000     8.231    u_pl/u_osd/g0_b4_i_374_n_0
    SLICE_X60Y56         CARRY4 (Prop_carry4_S[2]_CO[3])
                                                      0.332     8.563 r  u_pl/u_osd/g0_b4_i_285/CO[3]
                         net (fo=1, routed)           0.000     8.563    u_pl/u_osd/g0_b4_i_285_n_0
    SLICE_X60Y57         CARRY4 (Prop_carry4_CI_O[1])
                                                      0.265     8.828 r  u_pl/u_osd/g0_b4_i_252/O[1]
                         net (fo=2, routed)           0.798     9.626    u_pl/u_osd/g0_b4_i_252_n_6
    SLICE_X58Y56         LUT3 (Prop_lut3_I1_O)        0.264     9.890 r  u_pl/u_osd/g0_b4_i_149/O
                         net (fo=2, routed)           0.471    10.361    u_pl/u_osd/g0_b4_i_149_n_0
    SLICE_X61Y59         LUT4 (Prop_lut4_I3_O)        0.268    10.629 r  u_pl/u_osd/g0_b4_i_153/O
                         net (fo=1, routed)           0.000    10.629    u_pl/u_osd/g0_b4_i_153_n_0
    SLICE_X61Y59         CARRY4 (Prop_carry4_S[0]_CO[3])
                                                      0.440    11.069 r  u_pl/u_osd/g0_b4_i_73/CO[3]
                         net (fo=1, routed)           0.000    11.069    u_pl/u_osd/g0_b4_i_73_n_0
    SLICE_X61Y60         CARRY4 (Prop_carry4_CI_O[0])
                                                      0.180    11.249 r  u_pl/u_osd/g0_b4_i_200/O[0]
                         net (fo=3, routed)           0.484    11.733    u_pl/u_osd/g0_b4_i_200_n_7
    SLICE_X62Y60         LUT2 (Prop_lut2_I0_O)        0.249    11.982 r  u_pl/u_osd/g0_b4_i_288/O
                         net (fo=1, routed)           0.000    11.982    u_pl/u_osd/g0_b4_i_288_n_0
    SLICE_X62Y60         CARRY4 (Prop_carry4_S[0]_CO[3])
                                                      0.423    12.405 r  u_pl/u_osd/g0_b4_i_199/CO[3]
                         net (fo=1, routed)           0.000    12.405    u_pl/u_osd/g0_b4_i_199_n_0
    SLICE_X62Y61         CARRY4 (Prop_carry4_CI_O[0])
                                                      0.178    12.583 r  u_pl/u_osd/g0_b4_i_96/O[0]
                         net (fo=21, routed)          0.634    13.217    u_pl/u_osd/g0_b4_i_200_0[0]
    SLICE_X58Y60         LUT4 (Prop_lut4_I2_O)        0.238    13.455 r  u_pl/u_osd/g0_b4_i_206/O
                         net (fo=1, routed)           0.000    13.455    u_pl/u_osd/g0_b4_i_206_n_0
    SLICE_X58Y60         CARRY4 (Prop_carry4_S[1]_CO[1])
                                                      0.409    13.864 f  u_pl/u_osd/g0_b4_i_98/CO[1]
                         net (fo=20, routed)          0.583    14.447    u_pl/u_osd/CO[0]
    SLICE_X58Y62         LUT4 (Prop_lut4_I3_O)        0.277    14.724 r  u_pl/u_osd/g0_b4_i_134/O
                         net (fo=5, routed)           0.675    15.399    u_pl/u_osd/g0_b4_i_134_n_0
    SLICE_X56Y62         LUT5 (Prop_lut5_I1_O)        0.115    15.514 r  u_pl/u_osd/g0_b4_i_70/O
                         net (fo=7, routed)           0.385    15.899    u_pl/u_osd/g0_b4_i_65_0
    SLICE_X59Y61         LUT6 (Prop_lut6_I0_O)        0.267    16.166 r  u_pl/u_osd/g0_b4_i_21/O
                         net (fo=10, routed)          1.027    17.193    u_pl/u_ang/g0_b4_i_11
    SLICE_X54Y59         LUT6 (Prop_lut6_I2_O)        0.105    17.298 r  u_pl/u_ang/g0_b4_i_38/O
                         net (fo=1, routed)           0.658    17.956    u_pl/u_mode/r[7]_i_66_2
    SLICE_X60Y60         LUT6 (Prop_lut6_I5_O)        0.105    18.061 r  u_pl/u_mode/g0_b4_i_11/O
                         net (fo=6, routed)           0.836    18.897    u_pl/u_mode/g0_b4_i_11_n_0
    SLICE_X64Y59         LUT6 (Prop_lut6_I0_O)        0.105    19.002 r  u_pl/u_mode/g0_b4_i_3/O
                         net (fo=33, routed)          0.757    19.759    u_pl/u_mode_n_26
    SLICE_X66Y58         LUT5 (Prop_lut5_I2_O)        0.126    19.885 f  u_pl/g0_b4__1/O
                         net (fo=1, routed)           0.687    20.572    u_pl/u_mode/r[7]_i_9_1
    SLICE_X66Y58         LUT3 (Prop_lut3_I0_O)        0.283    20.855 r  u_pl/u_mode/r[7]_i_31/O
                         net (fo=1, routed)           0.642    21.497    u_pl/u_mode/r[7]_i_31_n_0
    SLICE_X66Y55         LUT6 (Prop_lut6_I4_O)        0.105    21.602 f  u_pl/u_mode/r[7]_i_9/O
                         net (fo=1, routed)           0.491    22.092    u_pl/u_mode/r[7]_i_9_n_0
    SLICE_X66Y53         LUT6 (Prop_lut6_I2_O)        0.105    22.197 r  u_pl/u_mode/r[7]_i_2__0/O
                         net (fo=19, routed)          0.757    22.954    u_pl/u_mode/r[7]_i_2__0_n_0
    SLICE_X67Y53         LUT6 (Prop_lut6_I1_O)        0.105    23.059 r  u_pl/u_mode/g[7]_i_1/O
                         net (fo=1, routed)           0.000    23.059    u_pl/u_osd/g_reg[7]_0[6]
    SLICE_X67Y53         FDCE                                         r  u_pl/u_osd/g_reg[7]/D
  -------------------------------------------------------------------    -------------------

                         (clock clkout0_1 rise edge)
                                                     20.000    20.000 r  
    W17                                               0.000    20.000 r  sys_clk (IN)
                         net (fo=0)                   0.000    20.000    sys_clk
    W17                  IBUF (Prop_ibuf_I_O)         1.349    21.349 r  sys_clk_IBUF_inst/O
                         net (fo=1, routed)           1.701    23.050    sys_clk_IBUF
    BUFGCTRL_X0Y4        BUFG (Prop_bufg_I_O)         0.077    23.127 r  sys_clk_IBUF_BUFG_inst/O
                         net (fo=182, routed)         1.384    24.511    u_pl/u_clk/sys_clk_IBUF_BUFG
    MMCME2_ADV_X1Y0      MMCME2_ADV (Prop_mmcme2_adv_CLKIN1_CLKOUT0)
                                                     -2.915    21.596 r  u_pl/u_clk/u_mmcm/CLKOUT0
                         net (fo=1, routed)           1.454    23.050    u_pl/u_clk/clkout0
    BUFGCTRL_X0Y0        BUFG (Prop_bufg_I_O)         0.077    23.127 r  u_pl/u_clk/u_bufg_pix/O
                         net (fo=3007, routed)        1.291    24.418    u_pl/u_osd/clk_pix
    SLICE_X67Y53         FDCE                                         r  u_pl/u_osd/g_reg[7]/C
                         clock pessimism              0.342    24.760    
                         clock uncertainty           -0.094    24.666    
    SLICE_X67Y53         FDCE (Setup_fdce_C_D)        0.032    24.698    u_pl/u_osd/g_reg[7]
  -------------------------------------------------------------------
                         required time                         24.698    
                         arrival time                         -23.059    
  -------------------------------------------------------------------
                         slack                                  1.639    





Min Delay Paths
--------------------------------------------------------------------------------------
Slack (MET) :             0.084ns  (arrival time - required time)
  Source:                 u_pl/orig_skid_reg[13][8]_u_pl_u_split_hs_out_reg_c/C
                            (rising edge-triggered cell FDRE clocked by clkout0_1  {rise@0.000ns fall@10.000ns period=20.000ns})
  Destination:            u_pl/orig_skid_reg[14][8]/D
                            (rising edge-triggered cell FDCE clocked by clkout0_1  {rise@0.000ns fall@10.000ns period=20.000ns})
  Path Group:             clkout0_1
  Path Type:              Hold (Min at Fast Process Corner)
  Requirement:            0.000ns  (clkout0_1 rise@0.000ns - clkout0_1 rise@0.000ns)
  Data Path Delay:        0.443ns  (logic 0.246ns (55.525%)  route 0.197ns (44.475%))
  Logic Levels:           1  (LUT2=1)
  Clock Path Skew:        0.267ns (DCD - SCD - CPR)
    Destination Clock Delay (DCD):    2.051ns
    Source Clock Delay      (SCD):    1.536ns
    Clock Pessimism Removal (CPR):    0.248ns

    Location             Delay type                Incr(ns)  Path(ns)    Netlist Resource(s)
  -------------------------------------------------------------------    -------------------
                         (clock clkout0_1 rise edge)
                                                      0.000     0.000 r  
    W17                                               0.000     0.000 r  sys_clk (IN)
                         net (fo=0)                   0.000     0.000    sys_clk
    W17                  IBUF (Prop_ibuf_I_O)         0.252     0.252 r  sys_clk_IBUF_inst/O
                         net (fo=1, routed)           0.674     0.926    sys_clk_IBUF
    BUFGCTRL_X0Y4        BUFG (Prop_bufg_I_O)         0.026     0.952 r  sys_clk_IBUF_BUFG_inst/O
                         net (fo=182, routed)         0.595     1.547    u_pl/u_clk/sys_clk_IBUF_BUFG
    MMCME2_ADV_X1Y0      MMCME2_ADV (Prop_mmcme2_adv_CLKIN1_CLKOUT0)
                                                     -1.150     0.397 r  u_pl/u_clk/u_mmcm/CLKOUT0
                         net (fo=1, routed)           0.529     0.926    u_pl/u_clk/clkout0
    BUFGCTRL_X0Y0        BUFG (Prop_bufg_I_O)         0.026     0.952 r  u_pl/u_clk/u_bufg_pix/O
                         net (fo=3007, routed)        0.584     1.536    u_pl/clk_pix
    SLICE_X62Y49         FDRE                                         r  u_pl/orig_skid_reg[13][8]_u_pl_u_split_hs_out_reg_c/C
  -------------------------------------------------------------------    -------------------
    SLICE_X62Y49         FDRE (Prop_fdre_C_Q)         0.148     1.684 r  u_pl/orig_skid_reg[13][8]_u_pl_u_split_hs_out_reg_c/Q
                         net (fo=1, routed)           0.197     1.881    u_pl/orig_skid_reg[13][8]_u_pl_u_split_hs_out_reg_c_n_0
    SLICE_X63Y51         LUT2 (Prop_lut2_I0_O)        0.098     1.979 r  u_pl/orig_skid_reg_gate__6/O
                         net (fo=1, routed)           0.000     1.979    u_pl/orig_skid_reg_gate__6_n_0
    SLICE_X63Y51         FDCE                                         r  u_pl/orig_skid_reg[14][8]/D
  -------------------------------------------------------------------    -------------------

                         (clock clkout0_1 rise edge)
                                                      0.000     0.000 r  
    W17                                               0.000     0.000 r  sys_clk (IN)
                         net (fo=0)                   0.000     0.000    sys_clk
    W17                  IBUF (Prop_ibuf_I_O)         0.440     0.440 r  sys_clk_IBUF_inst/O
                         net (fo=1, routed)           0.731     1.171    sys_clk_IBUF
    BUFGCTRL_X0Y4        BUFG (Prop_bufg_I_O)         0.029     1.200 r  sys_clk_IBUF_BUFG_inst/O
                         net (fo=182, routed)         0.862     2.062    u_pl/u_clk/sys_clk_IBUF_BUFG
    MMCME2_ADV_X1Y0      MMCME2_ADV (Prop_mmcme2_adv_CLKIN1_CLKOUT0)
                                                     -1.467     0.595 r  u_pl/u_clk/u_mmcm/CLKOUT0
                         net (fo=1, routed)           0.576     1.171    u_pl/u_clk/clkout0
    BUFGCTRL_X0Y0        BUFG (Prop_bufg_I_O)         0.029     1.200 r  u_pl/u_clk/u_bufg_pix/O
                         net (fo=3007, routed)        0.851     2.051    u_pl/clk_pix
    SLICE_X63Y51         FDCE                                         r  u_pl/orig_skid_reg[14][8]/C
                         clock pessimism             -0.248     1.803    
    SLICE_X63Y51         FDCE (Hold_fdce_C_D)         0.092     1.895    u_pl/orig_skid_reg[14][8]
  -------------------------------------------------------------------
                         required time                         -1.895    
                         arrival time                           1.979    
  -------------------------------------------------------------------
                         slack                                  0.084    





Pulse Width Checks
--------------------------------------------------------------------------------------
Clock Name:         clkout0_1
Waveform(ns):       { 0.000 10.000 }
Period(ns):         20.000
Sources:            { u_pl/u_clk/u_mmcm/CLKOUT0 }

Check Type        Corner  Lib Pin             Reference Pin  Required(ns)  Actual(ns)  Slack(ns)  Location         Pin
Min Period        n/a     DSP48E1/CLK         n/a            3.272         20.000      16.728     DSP48_X2Y11      u_pl/u_zmap/yr_m_reg/CLK
Max Period        n/a     MMCME2_ADV/CLKOUT0  n/a            213.360       20.000      193.360    MMCME2_ADV_X1Y0  u_pl/u_clk/u_mmcm/CLKOUT0
Low Pulse Width   Slow    RAMS64E/CLK         n/a            1.130         10.000      8.870      SLICE_X54Y74     u_pl/u_pipe/u_blur/lb1_reg_0_255_0_0/RAMS64E_A/CLK
High Pulse Width  Slow    RAMS64E/CLK         n/a            1.130         10.000      8.870      SLICE_X54Y74     u_pl/u_pipe/u_blur/lb1_reg_0_255_0_0/RAMS64E_A/CLK



---------------------------------------------------------------------------------------------------
From Clock:  clkout1_1
  To Clock:  clkout1_1

Setup :           NA  Failing Endpoints,  Worst Slack           NA  ,  Total Violation           NA
Hold  :           NA  Failing Endpoints,  Worst Slack           NA  ,  Total Violation           NA
PW    :            0  Failing Endpoints,  Worst Slack        2.408ns,  Total Violation        0.000ns
---------------------------------------------------------------------------------------------------


Pulse Width Checks
--------------------------------------------------------------------------------------
Clock Name:         clkout1_1
Waveform(ns):       { 0.000 2.000 }
Period(ns):         4.000
Sources:            { u_pl/u_clk/u_mmcm/CLKOUT1 }

Check Type  Corner  Lib Pin             Reference Pin  Required(ns)  Actual(ns)  Slack(ns)  Location         Pin
Min Period  n/a     BUFG/I              n/a            1.592         4.000       2.408      BUFGCTRL_X0Y2    u_pl/u_clk/u_bufg_5x/I
Max Period  n/a     MMCME2_ADV/CLKOUT1  n/a            213.360       4.000       209.360    MMCME2_ADV_X1Y0  u_pl/u_clk/u_mmcm/CLKOUT1



---------------------------------------------------------------------------------------------------
From Clock:  clkout2
  To Clock:  clkout2

Setup :           NA  Failing Endpoints,  Worst Slack           NA  ,  Total Violation           NA
Hold  :           NA  Failing Endpoints,  Worst Slack           NA  ,  Total Violation           NA
PW    :            0  Failing Endpoints,  Worst Slack        0.264ns,  Total Violation        0.000ns
---------------------------------------------------------------------------------------------------


Pulse Width Checks
--------------------------------------------------------------------------------------
Clock Name:         clkout2
Waveform(ns):       { 0.000 2.500 }
Period(ns):         5.000
Sources:            { u_idelay_clkgen/u_mmcm/CLKOUT2 }

Check Type  Corner  Lib Pin            Reference Pin  Required(ns)  Actual(ns)  Slack(ns)  Location         Pin
Min Period  n/a     IDELAYCTRL/REFCLK  n/a            2.438         5.000       2.562      IDELAYCTRL_X1Y0  u_eth/u_rgmii/u_rgmii_rx/IDELAYCTRL_inst/REFCLK
Max Period  n/a     IDELAYCTRL/REFCLK  n/a            5.264         5.000       0.264      IDELAYCTRL_X1Y0  u_eth/u_rgmii/u_rgmii_rx/IDELAYCTRL_inst/REFCLK



---------------------------------------------------------------------------------------------------
From Clock:  clkout0_1
  To Clock:  sys_clk

Setup :            0  Failing Endpoints,  Worst Slack       16.912ns,  Total Violation        0.000ns
Hold  :            0  Failing Endpoints,  Worst Slack        0.175ns,  Total Violation        0.000ns
---------------------------------------------------------------------------------------------------


Max Delay Paths
--------------------------------------------------------------------------------------
Slack (MET) :             16.912ns  (required time - arrival time)
  Source:                 u_pl/vs_pix_d1_reg/C
                            (rising edge-triggered cell FDRE clocked by clkout0_1  {rise@0.000ns fall@10.000ns period=20.000ns})
  Destination:            u_pl/vt0_reg/D
                            (rising edge-triggered cell FDRE clocked by sys_clk  {rise@0.000ns fall@10.000ns period=20.000ns})
  Path Group:             sys_clk
  Path Type:              Setup (Max at Slow Process Corner)
  Requirement:            20.000ns  (sys_clk rise@20.000ns - clkout0_1 rise@0.000ns)
  Data Path Delay:        2.603ns  (logic 0.484ns (18.595%)  route 2.119ns (81.405%))
  Logic Levels:           1  (LUT2=1)
  Clock Path Skew:        -0.156ns (DCD - SCD + CPR)
    Destination Clock Delay (DCD):    4.414ns = ( 24.414 - 20.000 ) 
    Source Clock Delay      (SCD):    4.816ns
    Clock Pessimism Removal (CPR):    0.246ns
  Clock Uncertainty:      0.259ns  ((TSJ^2 + DJ^2)^1/2) / 2 + PE
    Total System Jitter     (TSJ):    0.071ns
    Discrete Jitter          (DJ):    0.175ns
    Phase Error              (PE):    0.165ns

    Location             Delay type                Incr(ns)  Path(ns)    Netlist Resource(s)
  -------------------------------------------------------------------    -------------------
                         (clock clkout0_1 rise edge)
                                                      0.000     0.000 r  
    W17                                               0.000     0.000 r  sys_clk (IN)
                         net (fo=0)                   0.000     0.000    sys_clk
    W17                  IBUF (Prop_ibuf_I_O)         1.415     1.415 r  sys_clk_IBUF_inst/O
                         net (fo=1, routed)           1.873     3.288    sys_clk_IBUF
    BUFGCTRL_X0Y4        BUFG (Prop_bufg_I_O)         0.085     3.373 r  sys_clk_IBUF_BUFG_inst/O
                         net (fo=182, routed)         1.550     4.923    u_pl/u_clk/sys_clk_IBUF_BUFG
    MMCME2_ADV_X1Y0      MMCME2_ADV (Prop_mmcme2_adv_CLKIN1_CLKOUT0)
                                                     -3.232     1.691 r  u_pl/u_clk/u_mmcm/CLKOUT0
                         net (fo=1, routed)           1.597     3.288    u_pl/u_clk/clkout0
    BUFGCTRL_X0Y0        BUFG (Prop_bufg_I_O)         0.085     3.373 r  u_pl/u_clk/u_bufg_pix/O
                         net (fo=3007, routed)        1.443     4.816    u_pl/clk_pix
    SLICE_X56Y54         FDRE                                         r  u_pl/vs_pix_d1_reg/C
  -------------------------------------------------------------------    -------------------
    SLICE_X56Y54         FDRE (Prop_fdre_C_Q)         0.379     5.195 f  u_pl/vs_pix_d1_reg/Q
                         net (fo=1, routed)           1.299     6.494    u_pl/vs_pix_d1
    SLICE_X56Y54         LUT2 (Prop_lut2_I1_O)        0.105     6.599 r  u_pl/vt0_i_1/O
                         net (fo=1, routed)           0.820     7.419    u_pl/vs_tick
    SLICE_X56Y55         FDRE                                         r  u_pl/vt0_reg/D
  -------------------------------------------------------------------    -------------------

                         (clock sys_clk rise edge)   20.000    20.000 r  
    W17                                               0.000    20.000 r  sys_clk (IN)
                         net (fo=0)                   0.000    20.000    sys_clk
    W17                  IBUF (Prop_ibuf_I_O)         1.349    21.349 r  sys_clk_IBUF_inst/O
                         net (fo=1, routed)           1.701    23.050    sys_clk_IBUF
    BUFGCTRL_X0Y4        BUFG (Prop_bufg_I_O)         0.077    23.127 r  sys_clk_IBUF_BUFG_inst/O
                         net (fo=182, routed)         1.287    24.414    u_pl/sys_clk_IBUF_BUFG
    SLICE_X56Y55         FDRE                                         r  u_pl/vt0_reg/C
                         clock pessimism              0.246    24.660    
                         clock uncertainty           -0.259    24.401    
    SLICE_X56Y55         FDRE (Setup_fdre_C_D)       -0.070    24.331    u_pl/vt0_reg
  -------------------------------------------------------------------
                         required time                         24.331    
                         arrival time                          -7.419    
  -------------------------------------------------------------------
                         slack                                 16.912    





Min Delay Paths
--------------------------------------------------------------------------------------
Slack (MET) :             0.175ns  (arrival time - required time)
  Source:                 u_pl/vs_pix_d0_reg/C
                            (rising edge-triggered cell FDRE clocked by clkout0_1  {rise@0.000ns fall@10.000ns period=20.000ns})
  Destination:            u_pl/vt0_reg/D
                            (rising edge-triggered cell FDRE clocked by sys_clk  {rise@0.000ns fall@10.000ns period=20.000ns})
  Path Group:             sys_clk
  Path Type:              Hold (Min at Fast Process Corner)
  Requirement:            0.000ns  (sys_clk rise@0.000ns - clkout0_1 rise@0.000ns)
  Data Path Delay:        0.764ns  (logic 0.186ns (24.335%)  route 0.578ns (75.665%))
  Logic Levels:           1  (LUT2=1)
  Clock Path Skew:        0.269ns (DCD - SCD - CPR)
    Destination Clock Delay (DCD):    2.049ns
    Source Clock Delay      (SCD):    1.532ns
    Clock Pessimism Removal (CPR):    0.248ns
  Clock Uncertainty:      0.259ns  ((TSJ^2 + DJ^2)^1/2) / 2 + PE
    Total System Jitter     (TSJ):    0.071ns
    Discrete Jitter          (DJ):    0.175ns
    Phase Error              (PE):    0.165ns

    Location             Delay type                Incr(ns)  Path(ns)    Netlist Resource(s)
  -------------------------------------------------------------------    -------------------
                         (clock clkout0_1 rise edge)
                                                      0.000     0.000 r  
    W17                                               0.000     0.000 r  sys_clk (IN)
                         net (fo=0)                   0.000     0.000    sys_clk
    W17                  IBUF (Prop_ibuf_I_O)         0.252     0.252 r  sys_clk_IBUF_inst/O
                         net (fo=1, routed)           0.674     0.926    sys_clk_IBUF
    BUFGCTRL_X0Y4        BUFG (Prop_bufg_I_O)         0.026     0.952 r  sys_clk_IBUF_BUFG_inst/O
                         net (fo=182, routed)         0.595     1.547    u_pl/u_clk/sys_clk_IBUF_BUFG
    MMCME2_ADV_X1Y0      MMCME2_ADV (Prop_mmcme2_adv_CLKIN1_CLKOUT0)
                                                     -1.150     0.397 r  u_pl/u_clk/u_mmcm/CLKOUT0
                         net (fo=1, routed)           0.529     0.926    u_pl/u_clk/clkout0
    BUFGCTRL_X0Y0        BUFG (Prop_bufg_I_O)         0.026     0.952 r  u_pl/u_clk/u_bufg_pix/O
                         net (fo=3007, routed)        0.580     1.532    u_pl/clk_pix
    SLICE_X56Y52         FDRE                                         r  u_pl/vs_pix_d0_reg/C
  -------------------------------------------------------------------    -------------------
    SLICE_X56Y52         FDRE (Prop_fdre_C_Q)         0.141     1.673 r  u_pl/vs_pix_d0_reg/Q
                         net (fo=2, routed)           0.234     1.906    u_pl/vs_pix_d0
    SLICE_X56Y54         LUT2 (Prop_lut2_I0_O)        0.045     1.951 r  u_pl/vt0_i_1/O
                         net (fo=1, routed)           0.345     2.296    u_pl/vs_tick
    SLICE_X56Y55         FDRE                                         r  u_pl/vt0_reg/D
  -------------------------------------------------------------------    -------------------

                         (clock sys_clk rise edge)    0.000     0.000 r  
    W17                                               0.000     0.000 r  sys_clk (IN)
                         net (fo=0)                   0.000     0.000    sys_clk
    W17                  IBUF (Prop_ibuf_I_O)         0.440     0.440 r  sys_clk_IBUF_inst/O
                         net (fo=1, routed)           0.731     1.171    sys_clk_IBUF
    BUFGCTRL_X0Y4        BUFG (Prop_bufg_I_O)         0.029     1.200 r  sys_clk_IBUF_BUFG_inst/O
                         net (fo=182, routed)         0.849     2.049    u_pl/sys_clk_IBUF_BUFG
    SLICE_X56Y55         FDRE                                         r  u_pl/vt0_reg/C
                         clock pessimism             -0.248     1.801    
                         clock uncertainty            0.259     2.060    
    SLICE_X56Y55         FDRE (Hold_fdre_C_D)         0.061     2.121    u_pl/vt0_reg
  -------------------------------------------------------------------
                         required time                         -2.121    
                         arrival time                           2.296    
  -------------------------------------------------------------------
                         slack                                  0.175    





---------------------------------------------------------------------------------------------------
From Clock:  sys_clk
  To Clock:  clkout0_1

Setup :            0  Failing Endpoints,  Worst Slack        7.016ns,  Total Violation        0.000ns
Hold  :            0  Failing Endpoints,  Worst Slack        0.359ns,  Total Violation        0.000ns
---------------------------------------------------------------------------------------------------


Max Delay Paths
--------------------------------------------------------------------------------------
Slack (MET) :             7.016ns  (required time - arrival time)
  Source:                 u_pl/u_ang/angle_reg[6]/C
                            (rising edge-triggered cell FDRE clocked by sys_clk  {rise@0.000ns fall@10.000ns period=20.000ns})
  Destination:            u_pl/u_osd/g_reg[7]/D
                            (rising edge-triggered cell FDCE clocked by clkout0_1  {rise@0.000ns fall@10.000ns period=20.000ns})
  Path Group:             clkout0_1
  Path Type:              Setup (Max at Slow Process Corner)
  Requirement:            20.000ns  (clkout0_1 rise@20.000ns - sys_clk rise@0.000ns)
  Data Path Delay:        12.668ns  (logic 3.794ns (29.950%)  route 8.874ns (70.050%))
  Logic Levels:           16  (CARRY4=3 LUT2=1 LUT3=2 LUT5=3 LUT6=7)
  Clock Path Skew:        -0.089ns (DCD - SCD + CPR)
    Destination Clock Delay (DCD):    4.418ns = ( 24.418 - 20.000 ) 
    Source Clock Delay      (SCD):    4.753ns
    Clock Pessimism Removal (CPR):    0.246ns
  Clock Uncertainty:      0.259ns  ((TSJ^2 + DJ^2)^1/2) / 2 + PE
    Total System Jitter     (TSJ):    0.071ns
    Discrete Jitter          (DJ):    0.175ns
    Phase Error              (PE):    0.165ns

    Location             Delay type                Incr(ns)  Path(ns)    Netlist Resource(s)
  -------------------------------------------------------------------    -------------------
                         (clock sys_clk rise edge)    0.000     0.000 r  
    W17                                               0.000     0.000 r  sys_clk (IN)
                         net (fo=0)                   0.000     0.000    sys_clk
    W17                  IBUF (Prop_ibuf_I_O)         1.415     1.415 r  sys_clk_IBUF_inst/O
                         net (fo=1, routed)           1.873     3.288    sys_clk_IBUF
    BUFGCTRL_X0Y4        BUFG (Prop_bufg_I_O)         0.085     3.373 r  sys_clk_IBUF_BUFG_inst/O
                         net (fo=182, routed)         1.380     4.753    u_pl/u_ang/sys_clk_IBUF_BUFG
    SLICE_X53Y50         FDRE                                         r  u_pl/u_ang/angle_reg[6]/C
  -------------------------------------------------------------------    -------------------
    SLICE_X53Y50         FDRE (Prop_fdre_C_Q)         0.379     5.132 r  u_pl/u_ang/angle_reg[6]/Q
                         net (fo=97, routed)          0.835     5.968    u_pl/u_ang/angle_reg[6]_0
    SLICE_X51Y53         LUT2 (Prop_lut2_I0_O)        0.105     6.073 r  u_pl/u_ang/g0_b4_i_336/O
                         net (fo=1, routed)           0.000     6.073    u_pl/u_ang/g0_b4_i_336_n_0
    SLICE_X51Y53         CARRY4 (Prop_carry4_S[1]_CO[3])
                                                      0.457     6.530 r  u_pl/u_ang/g0_b4_i_247/CO[3]
                         net (fo=1, routed)           0.000     6.530    u_pl/u_ang/g0_b4_i_247_n_0
    SLICE_X51Y54         CARRY4 (Prop_carry4_CI_O[1])
                                                      0.265     6.795 r  u_pl/u_ang/g0_b4_i_136/O[1]
                         net (fo=11, routed)          0.696     7.491    u_pl/u_ang/g0_b4_i_136_n_6
    SLICE_X52Y55         LUT3 (Prop_lut3_I0_O)        0.260     7.751 r  u_pl/u_ang/g0_b4_i_340/O
                         net (fo=2, routed)           0.701     8.452    u_pl/u_ang/g0_b4_i_340_n_0
    SLICE_X52Y55         LUT5 (Prop_lut5_I0_O)        0.267     8.719 r  u_pl/u_ang/g0_b4_i_343/O
                         net (fo=1, routed)           0.000     8.719    u_pl/u_ang/g0_b4_i_343_n_0
    SLICE_X52Y55         CARRY4 (Prop_carry4_S[1]_CO[2])
                                                      0.475     9.194 r  u_pl/u_ang/g0_b4_i_248/CO[2]
                         net (fo=2, routed)           0.508     9.701    u_pl/u_ang/g0_b4_i_248_n_1
    SLICE_X51Y55         LUT5 (Prop_lut5_I0_O)        0.280     9.981 f  u_pl/u_ang/g0_b4_i_219/O
                         net (fo=1, routed)           0.632    10.613    u_pl/u_ang/g0_b4_i_219_n_0
    SLICE_X52Y57         LUT6 (Prop_lut6_I2_O)        0.267    10.880 r  u_pl/u_ang/g0_b4_i_110/O
                         net (fo=1, routed)           0.674    11.555    u_pl/u_ang/g0_b4_i_110_n_0
    SLICE_X54Y59         LUT6 (Prop_lut6_I1_O)        0.105    11.660 r  u_pl/u_ang/g0_b4_i_38/O
                         net (fo=1, routed)           0.658    12.317    u_pl/u_mode/r[7]_i_66_2
    SLICE_X60Y60         LUT6 (Prop_lut6_I5_O)        0.105    12.422 r  u_pl/u_mode/g0_b4_i_11/O
                         net (fo=6, routed)           0.836    13.259    u_pl/u_mode/g0_b4_i_11_n_0
    SLICE_X64Y59         LUT6 (Prop_lut6_I0_O)        0.105    13.364 r  u_pl/u_mode/g0_b4_i_3/O
                         net (fo=33, routed)          0.757    14.121    u_pl/u_mode_n_26
    SLICE_X66Y58         LUT5 (Prop_lut5_I2_O)        0.126    14.247 f  u_pl/g0_b4__1/O
                         net (fo=1, routed)           0.687    14.934    u_pl/u_mode/r[7]_i_9_1
    SLICE_X66Y58         LUT3 (Prop_lut3_I0_O)        0.283    15.217 r  u_pl/u_mode/r[7]_i_31/O
                         net (fo=1, routed)           0.642    15.858    u_pl/u_mode/r[7]_i_31_n_0
    SLICE_X66Y55         LUT6 (Prop_lut6_I4_O)        0.105    15.963 f  u_pl/u_mode/r[7]_i_9/O
                         net (fo=1, routed)           0.491    16.454    u_pl/u_mode/r[7]_i_9_n_0
    SLICE_X66Y53         LUT6 (Prop_lut6_I2_O)        0.105    16.559 r  u_pl/u_mode/r[7]_i_2__0/O
                         net (fo=19, routed)          0.757    17.316    u_pl/u_mode/r[7]_i_2__0_n_0
    SLICE_X67Y53         LUT6 (Prop_lut6_I1_O)        0.105    17.421 r  u_pl/u_mode/g[7]_i_1/O
                         net (fo=1, routed)           0.000    17.421    u_pl/u_osd/g_reg[7]_0[6]
    SLICE_X67Y53         FDCE                                         r  u_pl/u_osd/g_reg[7]/D
  -------------------------------------------------------------------    -------------------

                         (clock clkout0_1 rise edge)
                                                     20.000    20.000 r  
    W17                                               0.000    20.000 r  sys_clk (IN)
                         net (fo=0)                   0.000    20.000    sys_clk
    W17                  IBUF (Prop_ibuf_I_O)         1.349    21.349 r  sys_clk_IBUF_inst/O
                         net (fo=1, routed)           1.701    23.050    sys_clk_IBUF
    BUFGCTRL_X0Y4        BUFG (Prop_bufg_I_O)         0.077    23.127 r  sys_clk_IBUF_BUFG_inst/O
                         net (fo=182, routed)         1.384    24.511    u_pl/u_clk/sys_clk_IBUF_BUFG
    MMCME2_ADV_X1Y0      MMCME2_ADV (Prop_mmcme2_adv_CLKIN1_CLKOUT0)
                                                     -2.915    21.596 r  u_pl/u_clk/u_mmcm/CLKOUT0
                         net (fo=1, routed)           1.454    23.050    u_pl/u_clk/clkout0
    BUFGCTRL_X0Y0        BUFG (Prop_bufg_I_O)         0.077    23.127 r  u_pl/u_clk/u_bufg_pix/O
                         net (fo=3007, routed)        1.291    24.418    u_pl/u_osd/clk_pix
    SLICE_X67Y53         FDCE                                         r  u_pl/u_osd/g_reg[7]/C
                         clock pessimism              0.246    24.664    
                         clock uncertainty           -0.259    24.405    
    SLICE_X67Y53         FDCE (Setup_fdce_C_D)        0.032    24.437    u_pl/u_osd/g_reg[7]
  -------------------------------------------------------------------
                         required time                         24.437    
                         arrival time                         -17.421    
  -------------------------------------------------------------------
                         slack                                  7.016    





Min Delay Paths
--------------------------------------------------------------------------------------
Slack (MET) :             0.359ns  (arrival time - required time)
  Source:                 u_pl/u_ang/angle_reg[6]/C
                            (rising edge-triggered cell FDRE clocked by sys_clk  {rise@0.000ns fall@10.000ns period=20.000ns})
  Destination:            u_pl/u_zmap/rot_s0_reg/D
                            (rising edge-triggered cell FDRE clocked by clkout0_1  {rise@0.000ns fall@10.000ns period=20.000ns})
  Path Group:             clkout0_1
  Path Type:              Hold (Min at Fast Process Corner)
  Requirement:            0.000ns  (clkout0_1 rise@0.000ns - sys_clk rise@0.000ns)
  Data Path Delay:        0.880ns  (logic 0.184ns (20.919%)  route 0.696ns (79.081%))
  Logic Levels:           1  (LUT4=1)
  Clock Path Skew:        0.269ns (DCD - SCD - CPR)
    Destination Clock Delay (DCD):    2.024ns
    Source Clock Delay      (SCD):    1.507ns
    Clock Pessimism Removal (CPR):    0.248ns
  Clock Uncertainty:      0.259ns  ((TSJ^2 + DJ^2)^1/2) / 2 + PE
    Total System Jitter     (TSJ):    0.071ns
    Discrete Jitter          (DJ):    0.175ns
    Phase Error              (PE):    0.165ns

    Location             Delay type                Incr(ns)  Path(ns)    Netlist Resource(s)
  -------------------------------------------------------------------    -------------------
                         (clock sys_clk rise edge)    0.000     0.000 r  
    W17                                               0.000     0.000 r  sys_clk (IN)
                         net (fo=0)                   0.000     0.000    sys_clk
    W17                  IBUF (Prop_ibuf_I_O)         0.252     0.252 r  sys_clk_IBUF_inst/O
                         net (fo=1, routed)           0.674     0.926    sys_clk_IBUF
    BUFGCTRL_X0Y4        BUFG (Prop_bufg_I_O)         0.026     0.952 r  sys_clk_IBUF_BUFG_inst/O
                         net (fo=182, routed)         0.555     1.507    u_pl/u_ang/sys_clk_IBUF_BUFG
    SLICE_X53Y50         FDRE                                         r  u_pl/u_ang/angle_reg[6]/C
  -------------------------------------------------------------------    -------------------
    SLICE_X53Y50         FDRE (Prop_fdre_C_Q)         0.141     1.648 r  u_pl/u_ang/angle_reg[6]/Q
                         net (fo=97, routed)          0.268     1.916    u_pl/u_ang/angle_reg[6]_0
    SLICE_X52Y51         LUT4 (Prop_lut4_I2_O)        0.043     1.959 r  u_pl/u_ang/rot_s0_i_1/O
                         net (fo=1, routed)           0.428     2.386    u_pl/u_zmap/rot_s0_reg_0
    SLICE_X53Y48         FDRE                                         r  u_pl/u_zmap/rot_s0_reg/D
  -------------------------------------------------------------------    -------------------

                         (clock clkout0_1 rise edge)
                                                      0.000     0.000 r  
    W17                                               0.000     0.000 r  sys_clk (IN)
                         net (fo=0)                   0.000     0.000    sys_clk
    W17                  IBUF (Prop_ibuf_I_O)         0.440     0.440 r  sys_clk_IBUF_inst/O
                         net (fo=1, routed)           0.731     1.171    sys_clk_IBUF
    BUFGCTRL_X0Y4        BUFG (Prop_bufg_I_O)         0.029     1.200 r  sys_clk_IBUF_BUFG_inst/O
                         net (fo=182, routed)         0.862     2.062    u_pl/u_clk/sys_clk_IBUF_BUFG
    MMCME2_ADV_X1Y0      MMCME2_ADV (Prop_mmcme2_adv_CLKIN1_CLKOUT0)
                                                     -1.467     0.595 r  u_pl/u_clk/u_mmcm/CLKOUT0
                         net (fo=1, routed)           0.576     1.171    u_pl/u_clk/clkout0
    BUFGCTRL_X0Y0        BUFG (Prop_bufg_I_O)         0.029     1.200 r  u_pl/u_clk/u_bufg_pix/O
                         net (fo=3007, routed)        0.824     2.024    u_pl/u_zmap/clk_pix
    SLICE_X53Y48         FDRE                                         r  u_pl/u_zmap/rot_s0_reg/C
                         clock pessimism             -0.248     1.776    
                         clock uncertainty            0.259     2.035    
    SLICE_X53Y48         FDRE (Hold_fdre_C_D)        -0.008     2.027    u_pl/u_zmap/rot_s0_reg
  -------------------------------------------------------------------
                         required time                         -2.027    
                         arrival time                           2.386    
  -------------------------------------------------------------------
                         slack                                  0.359    





