Copyright 1986-2022 Xilinx, Inc. All Rights Reserved. Copyright 2022-2026 Advanced Micro Devices, Inc. All Rights Reserved.
---------------------------------------------------------------------------------------------------------------------------------------------
| Tool Version : Vivado v.2025.2.1 (win64) Build 6403652 Thu Mar 19 19:48:24 GMT 2026
| Date         : Mon Oct  5 15:05:30 2026
| Host         : Uie-laptop running 64-bit major release  (build 9200)
| Command      : report_timing_summary -file D:/Xilinx/Prj/pro/Video_Processing/build/isolated_1006_d_tmdswindow/timing_summary.rpt
| Design       : system_top
| Device       : 7z020-clg484
| Speed File   : -2  PRODUCTION 1.12 2019-11-22
| Design State : Routed
---------------------------------------------------------------------------------------------------------------------------------------------

Timing Summary Report

------------------------------------------------------------------------------------------------
| Timer Settings
| --------------
------------------------------------------------------------------------------------------------

  Enable Multi Corner Analysis               :  Yes
  Enable Pessimism Removal                   :  Yes
  Pessimism Removal Resolution               :  Nearest Common Node
  Enable Input Delay Default Clock           :  No
  Enable Preset / Clear Arcs                 :  No
  Disable Flight Delays                      :  No
  Ignore I/O Paths                           :  No
  Timing Early Launch at Borrowing Latches   :  No
  Borrow Time for Max Delay Exceptions       :  Yes
  Merge Timing Exceptions                    :  Yes
  Inter-SLR Compensation                     :  Conservative

  Corner  Analyze    Analyze    
  Name    Max Paths  Min Paths  
  ------  ---------  ---------  
  Slow    Yes        Yes        
  Fast    Yes        Yes        


------------------------------------------------------------------------------------------------
| Report Methodology
| ------------------
------------------------------------------------------------------------------------------------

Rule       Severity  Description                                                Violations  
---------  --------  ---------------------------------------------------------  ----------  
DPIR-1     Warning   Asynchronous driver check                                  2           
LUTAR-1    Warning   LUT drives async reset alert                               1           
SYNTH-5    Warning   Mapped onto distributed RAM because of timing constraints  336         
SYNTH-6    Warning   Timing of a RAM block might be sub-optimal                 98          
TIMING-9   Warning   Unknown CDC Logic                                          1           
TIMING-10  Warning   Missing property on synchronizer                           1           
TIMING-16  Warning   Large setup violation                                      6           
TIMING-18  Warning   Missing input or output delay                              7           
TIMING-28  Warning   Auto-derived clock referenced by a timing constraint       2           

Note: This report is based on the most recent report_methodology run and may not be up-to-date. Run report_methodology on the current design for the latest report.



check_timing report

Table of Contents
-----------------
1. checking no_clock (0)
2. checking constant_clock (0)
3. checking pulse_width_clock (0)
4. checking unconstrained_internal_endpoints (0)
5. checking no_input_delay (7)
6. checking no_output_delay (9)
7. checking multiple_clock (0)
8. checking generated_clocks (0)
9. checking loops (0)
10. checking partial_input_delay (0)
11. checking partial_output_delay (0)
12. checking latch_loops (0)

1. checking no_clock (0)
------------------------
 There are 0 register/latch pins with no clock.


2. checking constant_clock (0)
------------------------------
 There are 0 register/latch pins with constant_clock.


3. checking pulse_width_clock (0)
---------------------------------
 There are 0 register/latch pins which need pulse_width check


4. checking unconstrained_internal_endpoints (0)
------------------------------------------------
 There are 0 pins that are not constrained for maximum delay.

 There are 0 pins that are not constrained for maximum delay due to constant clock.


5. checking no_input_delay (7)
------------------------------
 There are 5 input ports with no input delay specified. (HIGH)

 There are 2 input ports with no input delay but user has a false path constraint. (MEDIUM)


6. checking no_output_delay (9)
-------------------------------
 There are 3 ports with no output delay specified. (HIGH)

 There are 6 ports with no output delay but user has a false path constraint (MEDIUM)

 There are 0 ports with no output delay but with a timing clock defined on it or propagating through it


7. checking multiple_clock (0)
------------------------------
 There are 0 register/latch pins with multiple clocks.


8. checking generated_clocks (0)
--------------------------------
 There are 0 generated clocks that are not connected to a clock source.


9. checking loops (0)
---------------------
 There are 0 combinational loops in the design.


10. checking partial_input_delay (0)
------------------------------------
 There are 0 input ports with partial input delay specified.


11. checking partial_output_delay (0)
-------------------------------------
 There are 0 ports with partial output delay specified.


12. checking latch_loops (0)
----------------------------
 There are 0 combinational latch loops in the design through latch input



------------------------------------------------------------------------------------------------
| Design Timing Summary
| ---------------------
------------------------------------------------------------------------------------------------

    WNS(ns)      TNS(ns)  TNS Failing Endpoints  TNS Total Endpoints      WHS(ns)      THS(ns)  THS Failing Endpoints  THS Total Endpoints     WPWS(ns)     TPWS(ns)  TPWS Failing Endpoints  TPWS Total Endpoints  
    -------      -------  ---------------------  -------------------      -------      -------  ---------------------  -------------------     --------     --------  ----------------------  --------------------  
     -5.408      -32.363                      6                51141       -1.923      -11.455                      6                51141        0.264        0.000                       0                 12634  


Timing constraints are not met.


------------------------------------------------------------------------------------------------
| Clock Summary
| -------------
------------------------------------------------------------------------------------------------

Clock         Waveform(ns)         Period(ns)      Frequency(MHz)
-----         ------------         ----------      --------------
clk_fpga_0    {0.000 5.000}        10.000          100.000         
eth_rxc       {0.000 4.000}        8.000           125.000         
sys_clk       {0.000 10.000}       20.000          50.000          
  clkfbout    {0.000 10.000}       20.000          50.000          
  clkfbout_1  {0.000 10.000}       20.000          50.000          
  clkout0_1   {0.000 10.000}       20.000          50.000          
  clkout1_1   {0.000 2.000}        4.000           250.000         
  clkout2     {0.000 2.500}        5.000           200.000         


------------------------------------------------------------------------------------------------
| Intra Clock Table
| -----------------
------------------------------------------------------------------------------------------------

Clock             WNS(ns)      TNS(ns)  TNS Failing Endpoints  TNS Total Endpoints      WHS(ns)      THS(ns)  THS Failing Endpoints  THS Total Endpoints     WPWS(ns)     TPWS(ns)  TPWS Failing Endpoints  TPWS Total Endpoints  
-----             -------      -------  ---------------------  -------------------      -------      -------  ---------------------  -------------------     --------     --------  ----------------------  --------------------  
clk_fpga_0          1.492        0.000                      0                15721        0.050        0.000                      0                15721        3.870        0.000                       0                  4374  
eth_rxc             0.471        0.000                      0                 4835        0.050        0.000                      0                 4835        3.500        0.000                       0                  2546  
sys_clk            13.887        0.000                      0                  323        0.121        0.000                      0                  323        7.000        0.000                       0                   187  
  clkfbout                                                                                                                                                     18.408        0.000                       0                     3  
  clkfbout_1                                                                                                                                                   18.408        0.000                       0                     3  
  clkout0_1         3.945        0.000                      0                30179        0.055        0.000                      0                30179        8.870        0.000                       0                  5508  
  clkout1_1        -5.408      -32.363                      6                    6       -1.923      -11.455                      6                    6        2.408        0.000                       0                    10  
  clkout2                                                                                                                                                       0.264        0.000                       0                     3  


------------------------------------------------------------------------------------------------
| Inter Clock Table
| -----------------
------------------------------------------------------------------------------------------------

From Clock    To Clock          WNS(ns)      TNS(ns)  TNS Failing Endpoints  TNS Total Endpoints      WHS(ns)      THS(ns)  THS Failing Endpoints  THS Total Endpoints  
----------    --------          -------      -------  ---------------------  -------------------      -------      -------  ---------------------  -------------------  
clkout0_1     sys_clk            14.600        0.000                      0                   19        0.265        0.000                      0                   19  
sys_clk       clkout0_1           4.322        0.000                      0                  231        0.384        0.000                      0                  231  


------------------------------------------------------------------------------------------------
| Other Path Groups Table
| -----------------------
------------------------------------------------------------------------------------------------

Path Group    From Clock    To Clock          WNS(ns)      TNS(ns)  TNS Failing Endpoints  TNS Total Endpoints      WHS(ns)      THS(ns)  THS Failing Endpoints  THS Total Endpoints  
----------    ----------    --------          -------      -------  ---------------------  -------------------      -------      -------  ---------------------  -------------------  


------------------------------------------------------------------------------------------------
| Timing Details
| --------------
------------------------------------------------------------------------------------------------


---------------------------------------------------------------------------------------------------
From Clock:  clk_fpga_0
  To Clock:  clk_fpga_0

Setup :            0  Failing Endpoints,  Worst Slack        1.492ns,  Total Violation        0.000ns
Hold  :            0  Failing Endpoints,  Worst Slack        0.050ns,  Total Violation        0.000ns
PW    :            0  Failing Endpoints,  Worst Slack        3.870ns,  Total Violation        0.000ns
---------------------------------------------------------------------------------------------------


Max Delay Paths
--------------------------------------------------------------------------------------
Slack (MET) :             1.492ns  (required time - arrival time)
  Source:                 u_pl/u_arb/owner_eth_reg/C
                            (rising edge-triggered cell FDCE clocked by clk_fpga_0  {rise@0.000ns fall@5.000ns period=10.000ns})
  Destination:            u_pl/u_bilin/u_fb/lo_reg_0_32/ADDRARDADDR[1]
                            (rising edge-triggered cell RAMB36E1 clocked by clk_fpga_0  {rise@0.000ns fall@5.000ns period=10.000ns})
  Path Group:             clk_fpga_0
  Path Type:              Setup (Max at Slow Process Corner)
  Requirement:            10.000ns  (clk_fpga_0 rise@10.000ns - clk_fpga_0 rise@0.000ns)
  Data Path Delay:        7.887ns  (logic 0.484ns (6.137%)  route 7.403ns (93.863%))
  Logic Levels:           1  (LUT3=1)
  Clock Path Skew:        0.023ns (DCD - SCD + CPR)
    Destination Clock Delay (DCD):    2.384ns = ( 12.384 - 10.000 ) 
    Source Clock Delay      (SCD):    2.457ns
    Clock Pessimism Removal (CPR):    0.097ns
  Clock Uncertainty:      0.154ns  ((TSJ^2 + TIJ^2)^1/2 + DJ) / 2 + PE
    Total System Jitter     (TSJ):    0.071ns
    Total Input Jitter      (TIJ):    0.300ns
    Discrete Jitter          (DJ):    0.000ns
    Phase Error              (PE):    0.000ns

    Location             Delay type                Incr(ns)  Path(ns)    Netlist Resource(s)
  -------------------------------------------------------------------    -------------------
                         (clock clk_fpga_0 rise edge)
                                                      0.000     0.000 r  
    PS7_X0Y0             PS7                          0.000     0.000 r  u_bd/design_1_i/processing_system7_0/inst/PS7_i/FCLKCLK[0]
                         net (fo=1, routed)           0.994     0.994    u_bd/design_1_i/processing_system7_0/inst/FCLK_CLK_unbuffered[0]
    BUFGCTRL_X0Y16       BUFG (Prop_bufg_I_O)         0.085     1.079 r  u_bd/design_1_i/processing_system7_0/inst/buffer_fclk_clk_0.FCLK_CLK_0_BUFG/O
                         net (fo=4375, routed)        1.378     2.457    u_pl/u_arb/FCLK_CLK0
    SLICE_X44Y80         FDCE                                         r  u_pl/u_arb/owner_eth_reg/C
  -------------------------------------------------------------------    -------------------
    SLICE_X44Y80         FDCE (Prop_fdce_C_Q)         0.379     2.836 r  u_pl/u_arb/owner_eth_reg/Q
                         net (fo=269, routed)         2.588     5.424    u_pl/u_row/hi_reg_0[0]
    SLICE_X39Y47         LUT3 (Prop_lut3_I1_O)        0.105     5.529 r  u_pl/u_row/lo_reg_0_0_i_15/O
                         net (fo=20, routed)          4.815    10.344    u_pl/u_bilin/u_fb/lo_reg_0_16_0[1]
    RAMB36_X5Y2          RAMB36E1                                     r  u_pl/u_bilin/u_fb/lo_reg_0_32/ADDRARDADDR[1]
  -------------------------------------------------------------------    -------------------

                         (clock clk_fpga_0 rise edge)
                                                     10.000    10.000 r  
    PS7_X0Y0             PS7                          0.000    10.000 r  u_bd/design_1_i/processing_system7_0/inst/PS7_i/FCLKCLK[0]
                         net (fo=1, routed)           0.905    10.906    u_bd/design_1_i/processing_system7_0/inst/FCLK_CLK_unbuffered[0]
    BUFGCTRL_X0Y16       BUFG (Prop_bufg_I_O)         0.077    10.983 r  u_bd/design_1_i/processing_system7_0/inst/buffer_fclk_clk_0.FCLK_CLK_0_BUFG/O
                         net (fo=4375, routed)        1.401    12.384    u_pl/u_bilin/u_fb/FCLK_CLK0
    RAMB36_X5Y2          RAMB36E1                                     r  u_pl/u_bilin/u_fb/lo_reg_0_32/CLKARDCLK
                         clock pessimism              0.097    12.480    
                         clock uncertainty           -0.154    12.326    
    RAMB36_X5Y2          RAMB36E1 (Setup_ramb36e1_CLKARDCLK_ADDRARDADDR[1])
                                                     -0.490    11.836    u_pl/u_bilin/u_fb/lo_reg_0_32
  -------------------------------------------------------------------
                         required time                         11.836    
                         arrival time                         -10.344    
  -------------------------------------------------------------------
                         slack                                  1.492    





Min Delay Paths
--------------------------------------------------------------------------------------
Slack (MET) :             0.050ns  (arrival time - required time)
  Source:                 u_bd/design_1_i/axi_gp0_ic/xbar/inst/gen_sasd.crossbar_sasd_0/reg_slice_r/m_payload_i_reg[5]/C
                            (rising edge-triggered cell FDRE clocked by clk_fpga_0  {rise@0.000ns fall@5.000ns period=10.000ns})
  Destination:            u_bd/design_1_i/axi_gp0_ic/s00_couplers/auto_pc/inst/gen_axilite.gen_b2s_conv.axilite_b2s/RD.r_channel_0/rd_data_fifo_0/memory_reg[31][2]_srl32/D
                            (rising edge-triggered cell SRLC32E clocked by clk_fpga_0  {rise@0.000ns fall@5.000ns period=10.000ns})
  Path Group:             clk_fpga_0
  Path Type:              Hold (Min at Fast Process Corner)
  Requirement:            0.000ns  (clk_fpga_0 rise@0.000ns - clk_fpga_0 rise@0.000ns)
  Data Path Delay:        0.249ns  (logic 0.141ns (56.528%)  route 0.108ns (43.472%))
  Logic Levels:           0  
  Clock Path Skew:        0.016ns (DCD - SCD - CPR)
    Destination Clock Delay (DCD):    1.190ns
    Source Clock Delay      (SCD):    0.893ns
    Clock Pessimism Removal (CPR):    0.281ns

    Location             Delay type                Incr(ns)  Path(ns)    Netlist Resource(s)
  -------------------------------------------------------------------    -------------------
                         (clock clk_fpga_0 rise edge)
                                                      0.000     0.000 r  
    PS7_X0Y0             PS7                          0.000     0.000 r  u_bd/design_1_i/processing_system7_0/inst/PS7_i/FCLKCLK[0]
                         net (fo=1, routed)           0.310     0.310    u_bd/design_1_i/processing_system7_0/inst/FCLK_CLK_unbuffered[0]
    BUFGCTRL_X0Y16       BUFG (Prop_bufg_I_O)         0.026     0.336 r  u_bd/design_1_i/processing_system7_0/inst/buffer_fclk_clk_0.FCLK_CLK_0_BUFG/O
                         net (fo=4375, routed)        0.557     0.893    u_bd/design_1_i/axi_gp0_ic/xbar/inst/gen_sasd.crossbar_sasd_0/reg_slice_r/aclk
    SLICE_X33Y91         FDRE                                         r  u_bd/design_1_i/axi_gp0_ic/xbar/inst/gen_sasd.crossbar_sasd_0/reg_slice_r/m_payload_i_reg[5]/C
  -------------------------------------------------------------------    -------------------
    SLICE_X33Y91         FDRE (Prop_fdre_C_Q)         0.141     1.034 r  u_bd/design_1_i/axi_gp0_ic/xbar/inst/gen_sasd.crossbar_sasd_0/reg_slice_r/m_payload_i_reg[5]/Q
                         net (fo=1, routed)           0.108     1.142    u_bd/design_1_i/axi_gp0_ic/s00_couplers/auto_pc/inst/gen_axilite.gen_b2s_conv.axilite_b2s/RD.r_channel_0/rd_data_fifo_0/in[2]
    SLICE_X32Y90         SRLC32E                                      r  u_bd/design_1_i/axi_gp0_ic/s00_couplers/auto_pc/inst/gen_axilite.gen_b2s_conv.axilite_b2s/RD.r_channel_0/rd_data_fifo_0/memory_reg[31][2]_srl32/D
  -------------------------------------------------------------------    -------------------

                         (clock clk_fpga_0 rise edge)
                                                      0.000     0.000 r  
    PS7_X0Y0             PS7                          0.000     0.000 r  u_bd/design_1_i/processing_system7_0/inst/PS7_i/FCLKCLK[0]
                         net (fo=1, routed)           0.337     0.337    u_bd/design_1_i/processing_system7_0/inst/FCLK_CLK_unbuffered[0]
    BUFGCTRL_X0Y16       BUFG (Prop_bufg_I_O)         0.029     0.366 r  u_bd/design_1_i/processing_system7_0/inst/buffer_fclk_clk_0.FCLK_CLK_0_BUFG/O
                         net (fo=4375, routed)        0.824     1.190    u_bd/design_1_i/axi_gp0_ic/s00_couplers/auto_pc/inst/gen_axilite.gen_b2s_conv.axilite_b2s/RD.r_channel_0/rd_data_fifo_0/aclk
    SLICE_X32Y90         SRLC32E                                      r  u_bd/design_1_i/axi_gp0_ic/s00_couplers/auto_pc/inst/gen_axilite.gen_b2s_conv.axilite_b2s/RD.r_channel_0/rd_data_fifo_0/memory_reg[31][2]_srl32/CLK
                         clock pessimism             -0.281     0.909    
    SLICE_X32Y90         SRLC32E (Hold_srlc32e_CLK_D)
                                                      0.183     1.092    u_bd/design_1_i/axi_gp0_ic/s00_couplers/auto_pc/inst/gen_axilite.gen_b2s_conv.axilite_b2s/RD.r_channel_0/rd_data_fifo_0/memory_reg[31][2]_srl32
  -------------------------------------------------------------------
                         required time                         -1.092    
                         arrival time                           1.142    
  -------------------------------------------------------------------
                         slack                                  0.050    





Pulse Width Checks
--------------------------------------------------------------------------------------
Clock Name:         clk_fpga_0
Waveform(ns):       { 0.000 5.000 }
Period(ns):         10.000
Sources:            { u_bd/design_1_i/processing_system7_0/inst/PS7_i/FCLKCLK[0] }

Check Type        Corner  Lib Pin             Reference Pin  Required(ns)  Actual(ns)  Slack(ns)  Location      Pin
Min Period        n/a     RAMB36E1/CLKBWRCLK  n/a            2.170         10.000      7.830      RAMB36_X1Y7   u_eth/u_cdc/mem_reg_0/CLKBWRCLK
Low Pulse Width   Slow    RAMD64E/CLK         n/a            1.130         5.000       3.870      SLICE_X18Y30  u_eth/u_saver/q_addr_reg_0_63_12_14/RAMA/CLK
High Pulse Width  Slow    RAMD64E/CLK         n/a            1.130         5.000       3.870      SLICE_X18Y30  u_eth/u_saver/q_addr_reg_0_63_12_14/RAMA/CLK



---------------------------------------------------------------------------------------------------
From Clock:  eth_rxc
  To Clock:  eth_rxc

Setup :            0  Failing Endpoints,  Worst Slack        0.471ns,  Total Violation        0.000ns
Hold  :            0  Failing Endpoints,  Worst Slack        0.050ns,  Total Violation        0.000ns
PW    :            0  Failing Endpoints,  Worst Slack        3.500ns,  Total Violation        0.000ns
---------------------------------------------------------------------------------------------------


Max Delay Paths
--------------------------------------------------------------------------------------
Slack (MET) :             0.471ns  (required time - arrival time)
  Source:                 u_eth/u_reasm/frame_done_reg/C
                            (rising edge-triggered cell FDCE clocked by eth_rxc  {rise@0.000ns fall@4.000ns period=8.000ns})
  Destination:            u_eth/u_lm/gap_max_reg[11]/CE
                            (rising edge-triggered cell FDCE clocked by eth_rxc  {rise@0.000ns fall@4.000ns period=8.000ns})
  Path Group:             eth_rxc
  Path Type:              Setup (Max at Slow Process Corner)
  Requirement:            8.000ns  (eth_rxc rise@8.000ns - eth_rxc rise@0.000ns)
  Data Path Delay:        7.167ns  (logic 0.590ns (8.232%)  route 6.577ns (91.768%))
  Logic Levels:           1  (LUT5=1)
  Clock Path Skew:        -0.159ns (DCD - SCD + CPR)
    Destination Clock Delay (DCD):    4.379ns = ( 12.379 - 8.000 ) 
    Source Clock Delay      (SCD):    4.784ns
    Clock Pessimism Removal (CPR):    0.246ns
  Clock Uncertainty:      0.035ns  ((TSJ^2 + TIJ^2)^1/2 + DJ) / 2 + PE
    Total System Jitter     (TSJ):    0.071ns
    Total Input Jitter      (TIJ):    0.000ns
    Discrete Jitter          (DJ):    0.000ns
    Phase Error              (PE):    0.000ns

    Location             Delay type                Incr(ns)  Path(ns)    Netlist Resource(s)
  -------------------------------------------------------------------    -------------------
                         (clock eth_rxc rise edge)    0.000     0.000 r  
    Y19                                               0.000     0.000 r  eth_rxc (IN)
                         net (fo=0)                   0.000     0.000    eth_rxc
    Y19                  IBUF (Prop_ibuf_I_O)         1.430     1.430 r  eth_rxc_IBUF_inst/O
                         net (fo=1, routed)           1.873     3.303    u_eth/u_rgmii/u_rgmii_rx/rgmii_rxc
    BUFGCTRL_X0Y1        BUFG (Prop_bufg_I_O)         0.085     3.388 r  u_eth/u_rgmii/u_rgmii_rx/BUFG_inst/O
                         net (fo=2546, routed)        1.396     4.784    u_eth/u_reasm/gmii_rx_clk
    SLICE_X35Y30         FDCE                                         r  u_eth/u_reasm/frame_done_reg/C
  -------------------------------------------------------------------    -------------------
    SLICE_X35Y30         FDCE (Prop_fdce_C_Q)         0.348     5.132 r  u_eth/u_reasm/frame_done_reg/Q
                         net (fo=92, routed)          5.036    10.167    u_eth/u_lm/frame_done
    SLICE_X40Y101        LUT5 (Prop_lut5_I1_O)        0.242    10.409 r  u_eth/u_lm/gap_max[15]_i_1/O
                         net (fo=16, routed)          1.541    11.951    u_eth/u_lm/gap_max[15]_i_1_n_0
    SLICE_X40Y99         FDCE                                         r  u_eth/u_lm/gap_max_reg[11]/CE
  -------------------------------------------------------------------    -------------------

                         (clock eth_rxc rise edge)    8.000     8.000 r  
    Y19                                               0.000     8.000 r  eth_rxc (IN)
                         net (fo=0)                   0.000     8.000    eth_rxc
    Y19                  IBUF (Prop_ibuf_I_O)         1.364     9.364 r  eth_rxc_IBUF_inst/O
                         net (fo=1, routed)           1.701    11.065    u_eth/u_rgmii/u_rgmii_rx/rgmii_rxc
    BUFGCTRL_X0Y1        BUFG (Prop_bufg_I_O)         0.077    11.142 r  u_eth/u_rgmii/u_rgmii_rx/BUFG_inst/O
                         net (fo=2546, routed)        1.237    12.379    u_eth/u_lm/gmii_rx_clk
    SLICE_X40Y99         FDCE                                         r  u_eth/u_lm/gap_max_reg[11]/C
                         clock pessimism              0.246    12.625    
                         clock uncertainty           -0.035    12.589    
    SLICE_X40Y99         FDCE (Setup_fdce_C_CE)      -0.168    12.421    u_eth/u_lm/gap_max_reg[11]
  -------------------------------------------------------------------
                         required time                         12.421    
                         arrival time                         -11.951    
  -------------------------------------------------------------------
                         slack                                  0.471    





Min Delay Paths
--------------------------------------------------------------------------------------
Slack (MET) :             0.050ns  (arrival time - required time)
  Source:                 u_eth/u_cdc/wgray_reg[4]/C
                            (rising edge-triggered cell FDCE clocked by eth_rxc  {rise@0.000ns fall@4.000ns period=8.000ns})
  Destination:            u_eth/u_lm/full_d_reg/D
                            (rising edge-triggered cell FDCE clocked by eth_rxc  {rise@0.000ns fall@4.000ns period=8.000ns})
  Path Group:             eth_rxc
  Path Type:              Hold (Min at Fast Process Corner)
  Requirement:            0.000ns  (eth_rxc rise@0.000ns - eth_rxc rise@0.000ns)
  Data Path Delay:        1.032ns  (logic 0.472ns (45.758%)  route 0.560ns (54.242%))
  Logic Levels:           3  (CARRY4=2 LUT6=1)
  Clock Path Skew:        0.062ns (DCD - SCD - CPR)
    Destination Clock Delay (DCD):    2.094ns
    Source Clock Delay      (SCD):    1.551ns
    Clock Pessimism Removal (CPR):    0.481ns
  Clock Uncertainty:      0.800ns  ((TSJ^2 + TIJ^2)^1/2 + DJ) / 2 + PE + UU
    Total System Jitter     (TSJ):    0.000ns
    Total Input Jitter      (TIJ):    0.000ns
    Discrete Jitter          (DJ):    0.000ns
    Phase Error              (PE):    0.000ns
    User Uncertainty         (UU):    0.800ns

    Location             Delay type                Incr(ns)  Path(ns)    Netlist Resource(s)
  -------------------------------------------------------------------    -------------------
                         (clock eth_rxc rise edge)    0.000     0.000 r  
    Y19                                               0.000     0.000 r  eth_rxc (IN)
                         net (fo=0)                   0.000     0.000    eth_rxc
    Y19                  IBUF (Prop_ibuf_I_O)         0.266     0.266 r  eth_rxc_IBUF_inst/O
                         net (fo=1, routed)           0.674     0.940    u_eth/u_rgmii/u_rgmii_rx/rgmii_rxc
    BUFGCTRL_X0Y1        BUFG (Prop_bufg_I_O)         0.026     0.966 r  u_eth/u_rgmii/u_rgmii_rx/BUFG_inst/O
                         net (fo=2546, routed)        0.585     1.551    u_eth/u_cdc/gmii_rx_clk
    SLICE_X8Y20          FDCE                                         r  u_eth/u_cdc/wgray_reg[4]/C
  -------------------------------------------------------------------    -------------------
    SLICE_X8Y20          FDCE (Prop_fdce_C_Q)         0.148     1.699 r  u_eth/u_cdc/wgray_reg[4]/Q
                         net (fo=2, routed)           0.560     2.259    u_eth/u_cdc/wgray[4]
    SLICE_X6Y20          LUT6 (Prop_lut6_I5_O)        0.099     2.358 r  u_eth/u_cdc/full_d_i_6/O
                         net (fo=1, routed)           0.000     2.358    u_eth/u_cdc/full_d_i_6_n_0
    SLICE_X6Y20          CARRY4 (Prop_carry4_S[1]_CO[3])
                                                      0.152     2.510 r  u_eth/u_cdc/full_d_reg_i_2/CO[3]
                         net (fo=1, routed)           0.000     2.510    u_eth/u_cdc/full_d_reg_i_2_n_0
    SLICE_X6Y21          CARRY4 (Prop_carry4_CI_CO[0])
                                                      0.073     2.583 r  u_eth/u_cdc/full_d_reg_i_1/CO[0]
                         net (fo=6, routed)           0.000     2.583    u_eth/u_lm/wr_full
    SLICE_X6Y21          FDCE                                         r  u_eth/u_lm/full_d_reg/D
  -------------------------------------------------------------------    -------------------

                         (clock eth_rxc rise edge)    0.000     0.000 r  
    Y19                                               0.000     0.000 r  eth_rxc (IN)
                         net (fo=0)                   0.000     0.000    eth_rxc
    Y19                  IBUF (Prop_ibuf_I_O)         0.454     0.454 r  eth_rxc_IBUF_inst/O
                         net (fo=1, routed)           0.731     1.185    u_eth/u_rgmii/u_rgmii_rx/rgmii_rxc
    BUFGCTRL_X0Y1        BUFG (Prop_bufg_I_O)         0.029     1.214 r  u_eth/u_rgmii/u_rgmii_rx/BUFG_inst/O
                         net (fo=2546, routed)        0.880     2.094    u_eth/u_lm/gmii_rx_clk
    SLICE_X6Y21          FDCE                                         r  u_eth/u_lm/full_d_reg/C
                         clock pessimism             -0.481     1.613    
                         clock uncertainty            0.800     2.413    
    SLICE_X6Y21          FDCE (Hold_fdce_C_D)         0.120     2.533    u_eth/u_lm/full_d_reg
  -------------------------------------------------------------------
                         required time                         -2.533    
                         arrival time                           2.583    
  -------------------------------------------------------------------
                         slack                                  0.050    





Pulse Width Checks
--------------------------------------------------------------------------------------
Clock Name:         eth_rxc
Waveform(ns):       { 0.000 4.000 }
Period(ns):         8.000
Sources:            { eth_rxc }

Check Type        Corner  Lib Pin             Reference Pin  Required(ns)  Actual(ns)  Slack(ns)  Location      Pin
Min Period        n/a     RAMB18E1/CLKARDCLK  n/a            2.472         8.000       5.528      RAMB18_X5Y10  u_eth/u_icmp_fifo/mem_reg/CLKARDCLK
Low Pulse Width   Slow    FDCE/C              n/a            0.500         4.000       3.500      SLICE_X12Y28  u_eth/flush_pend_reg/C
High Pulse Width  Slow    FDCE/C              n/a            0.500         4.000       3.500      SLICE_X12Y28  u_eth/flush_pend_reg/C



---------------------------------------------------------------------------------------------------
From Clock:  sys_clk
  To Clock:  sys_clk

Setup :            0  Failing Endpoints,  Worst Slack       13.887ns,  Total Violation        0.000ns
Hold  :            0  Failing Endpoints,  Worst Slack        0.121ns,  Total Violation        0.000ns
PW    :            0  Failing Endpoints,  Worst Slack        7.000ns,  Total Violation        0.000ns
---------------------------------------------------------------------------------------------------


Max Delay Paths
--------------------------------------------------------------------------------------
Slack (MET) :             13.887ns  (required time - arrival time)
  Source:                 u_pl/u_ang/angle_reg[1]/C
                            (rising edge-triggered cell FDRE clocked by sys_clk  {rise@0.000ns fall@10.000ns period=20.000ns})
  Destination:            u_pl/u_ang/angle_reg[6]/D
                            (rising edge-triggered cell FDRE clocked by sys_clk  {rise@0.000ns fall@10.000ns period=20.000ns})
  Path Group:             sys_clk
  Path Type:              Setup (Max at Slow Process Corner)
  Requirement:            20.000ns  (sys_clk rise@20.000ns - sys_clk rise@0.000ns)
  Data Path Delay:        6.021ns  (logic 1.771ns (29.414%)  route 4.250ns (70.586%))
  Logic Levels:           7  (CARRY4=2 LUT2=1 LUT5=2 LUT6=2)
  Clock Path Skew:        -0.025ns (DCD - SCD + CPR)
    Destination Clock Delay (DCD):    4.400ns = ( 24.400 - 20.000 ) 
    Source Clock Delay      (SCD):    4.799ns
    Clock Pessimism Removal (CPR):    0.374ns
  Clock Uncertainty:      0.035ns  ((TSJ^2 + TIJ^2)^1/2 + DJ) / 2 + PE
    Total System Jitter     (TSJ):    0.071ns
    Total Input Jitter      (TIJ):    0.000ns
    Discrete Jitter          (DJ):    0.000ns
    Phase Error              (PE):    0.000ns

    Location             Delay type                Incr(ns)  Path(ns)    Netlist Resource(s)
  -------------------------------------------------------------------    -------------------
                         (clock sys_clk rise edge)    0.000     0.000 r  
    W17                                               0.000     0.000 r  sys_clk (IN)
                         net (fo=0)                   0.000     0.000    sys_clk
    W17                  IBUF (Prop_ibuf_I_O)         1.415     1.415 r  sys_clk_IBUF_inst/O
                         net (fo=1, routed)           1.873     3.288    sys_clk_IBUF
    BUFGCTRL_X0Y4        BUFG (Prop_bufg_I_O)         0.085     3.373 r  sys_clk_IBUF_BUFG_inst/O
                         net (fo=186, routed)         1.426     4.799    u_pl/u_ang/sys_clk_IBUF_BUFG
    SLICE_X55Y78         FDRE                                         r  u_pl/u_ang/angle_reg[1]/C
  -------------------------------------------------------------------    -------------------
    SLICE_X55Y78         FDRE (Prop_fdre_C_Q)         0.379     5.178 r  u_pl/u_ang/angle_reg[1]/Q
                         net (fo=195, routed)         1.728     6.906    u_pl/u_ang/angle_reg_n_0_[1]
    SLICE_X57Y77         LUT2 (Prop_lut2_I0_O)        0.105     7.011 r  u_pl/u_ang/angle[3]_i_7/O
                         net (fo=1, routed)           0.000     7.011    u_pl/u_ang/angle[3]_i_7_n_0
    SLICE_X57Y77         CARRY4 (Prop_carry4_S[1]_CO[3])
                                                      0.457     7.468 r  u_pl/u_ang/angle_reg[3]_i_2/CO[3]
                         net (fo=1, routed)           0.000     7.468    u_pl/u_ang/angle_reg[3]_i_2_n_0
    SLICE_X57Y78         CARRY4 (Prop_carry4_CI_O[1])
                                                      0.265     7.733 r  u_pl/u_ang/angle_reg[7]_i_4/O[1]
                         net (fo=5, routed)           0.688     8.421    u_pl/u_ang/angle_reg[7]_i_4_n_6
    SLICE_X56Y77         LUT6 (Prop_lut6_I3_O)        0.250     8.671 r  u_pl/u_ang/angle[3]_i_3/O
                         net (fo=4, routed)           0.681     9.352    u_pl/u_ang/angle[3]_i_3_n_0
    SLICE_X56Y76         LUT6 (Prop_lut6_I5_O)        0.105     9.457 r  u_pl/u_ang/angle[6]_i_5/O
                         net (fo=1, routed)           0.346     9.803    u_pl/u_ang/angle[6]_i_5_n_0
    SLICE_X56Y76         LUT5 (Prop_lut5_I4_O)        0.105     9.908 r  u_pl/u_ang/angle[6]_i_3/O
                         net (fo=1, routed)           0.346    10.255    u_pl/u_ang/angle[6]_i_3_n_0
    SLICE_X55Y77         LUT5 (Prop_lut5_I4_O)        0.105    10.360 r  u_pl/u_ang/angle[6]_i_1/O
                         net (fo=1, routed)           0.461    10.820    u_pl/u_ang/p_1_in__0[6]
    SLICE_X55Y77         FDRE                                         r  u_pl/u_ang/angle_reg[6]/D
  -------------------------------------------------------------------    -------------------

                         (clock sys_clk rise edge)   20.000    20.000 r  
    W17                                               0.000    20.000 r  sys_clk (IN)
                         net (fo=0)                   0.000    20.000    sys_clk
    W17                  IBUF (Prop_ibuf_I_O)         1.349    21.349 r  sys_clk_IBUF_inst/O
                         net (fo=1, routed)           1.701    23.050    sys_clk_IBUF
    BUFGCTRL_X0Y4        BUFG (Prop_bufg_I_O)         0.077    23.127 r  sys_clk_IBUF_BUFG_inst/O
                         net (fo=186, routed)         1.273    24.400    u_pl/u_ang/sys_clk_IBUF_BUFG
    SLICE_X55Y77         FDRE                                         r  u_pl/u_ang/angle_reg[6]/C
                         clock pessimism              0.374    24.774    
                         clock uncertainty           -0.035    24.739    
    SLICE_X55Y77         FDRE (Setup_fdre_C_D)       -0.032    24.707    u_pl/u_ang/angle_reg[6]
  -------------------------------------------------------------------
                         required time                         24.707    
                         arrival time                         -10.820    
  -------------------------------------------------------------------
                         slack                                 13.887    





Min Delay Paths
--------------------------------------------------------------------------------------
Slack (MET) :             0.121ns  (arrival time - required time)
  Source:                 u_pl/u_ang/fs_s_reg[0]/C
                            (rising edge-triggered cell FDRE clocked by sys_clk  {rise@0.000ns fall@10.000ns period=20.000ns})
  Destination:            u_pl/u_ang/fs_s_reg[1]/D
                            (rising edge-triggered cell FDRE clocked by sys_clk  {rise@0.000ns fall@10.000ns period=20.000ns})
  Path Group:             sys_clk
  Path Type:              Hold (Min at Fast Process Corner)
  Requirement:            0.000ns  (sys_clk rise@0.000ns - sys_clk rise@0.000ns)
  Data Path Delay:        0.196ns  (logic 0.141ns (71.838%)  route 0.055ns (28.162%))
  Logic Levels:           0  
  Clock Path Skew:        0.000ns (DCD - SCD - CPR)
    Destination Clock Delay (DCD):    2.037ns
    Source Clock Delay      (SCD):    1.521ns
    Clock Pessimism Removal (CPR):    0.516ns

    Location             Delay type                Incr(ns)  Path(ns)    Netlist Resource(s)
  -------------------------------------------------------------------    -------------------
                         (clock sys_clk rise edge)    0.000     0.000 r  
    W17                                               0.000     0.000 r  sys_clk (IN)
                         net (fo=0)                   0.000     0.000    sys_clk
    W17                  IBUF (Prop_ibuf_I_O)         0.252     0.252 r  sys_clk_IBUF_inst/O
                         net (fo=1, routed)           0.674     0.926    sys_clk_IBUF
    BUFGCTRL_X0Y4        BUFG (Prop_bufg_I_O)         0.026     0.952 r  sys_clk_IBUF_BUFG_inst/O
                         net (fo=186, routed)         0.569     1.521    u_pl/u_ang/sys_clk_IBUF_BUFG
    SLICE_X59Y78         FDRE                                         r  u_pl/u_ang/fs_s_reg[0]/C
  -------------------------------------------------------------------    -------------------
    SLICE_X59Y78         FDRE (Prop_fdre_C_Q)         0.141     1.662 r  u_pl/u_ang/fs_s_reg[0]/Q
                         net (fo=1, routed)           0.055     1.717    u_pl/u_ang/fs_s[0]
    SLICE_X59Y78         FDRE                                         r  u_pl/u_ang/fs_s_reg[1]/D
  -------------------------------------------------------------------    -------------------

                         (clock sys_clk rise edge)    0.000     0.000 r  
    W17                                               0.000     0.000 r  sys_clk (IN)
                         net (fo=0)                   0.000     0.000    sys_clk
    W17                  IBUF (Prop_ibuf_I_O)         0.440     0.440 r  sys_clk_IBUF_inst/O
                         net (fo=1, routed)           0.731     1.171    sys_clk_IBUF
    BUFGCTRL_X0Y4        BUFG (Prop_bufg_I_O)         0.029     1.200 r  sys_clk_IBUF_BUFG_inst/O
                         net (fo=186, routed)         0.837     2.037    u_pl/u_ang/sys_clk_IBUF_BUFG
    SLICE_X59Y78         FDRE                                         r  u_pl/u_ang/fs_s_reg[1]/C
                         clock pessimism             -0.516     1.521    
    SLICE_X59Y78         FDRE (Hold_fdre_C_D)         0.075     1.596    u_pl/u_ang/fs_s_reg[1]
  -------------------------------------------------------------------
                         required time                         -1.596    
                         arrival time                           1.717    
  -------------------------------------------------------------------
                         slack                                  0.121    





Pulse Width Checks
--------------------------------------------------------------------------------------
Clock Name:         sys_clk
Waveform(ns):       { 0.000 10.000 }
Period(ns):         20.000
Sources:            { sys_clk }

Check Type        Corner  Lib Pin            Reference Pin  Required(ns)  Actual(ns)  Slack(ns)  Location         Pin
Min Period        n/a     BUFG/I             n/a            1.592         20.000      18.408     BUFGCTRL_X0Y4    sys_clk_IBUF_BUFG_inst/I
Max Period        n/a     MMCME2_ADV/CLKIN1  n/a            100.000       20.000      80.000     MMCME2_ADV_X0Y0  u_idelay_clkgen/u_mmcm/CLKIN1
Low Pulse Width   Slow    MMCME2_ADV/CLKIN1  n/a            3.000         10.000      7.000      MMCME2_ADV_X0Y0  u_idelay_clkgen/u_mmcm/CLKIN1
High Pulse Width  Slow    MMCME2_ADV/CLKIN1  n/a            3.000         10.000      7.000      MMCME2_ADV_X0Y0  u_idelay_clkgen/u_mmcm/CLKIN1



---------------------------------------------------------------------------------------------------
From Clock:  clkfbout
  To Clock:  clkfbout

Setup :           NA  Failing Endpoints,  Worst Slack           NA  ,  Total Violation           NA
Hold  :           NA  Failing Endpoints,  Worst Slack           NA  ,  Total Violation           NA
PW    :            0  Failing Endpoints,  Worst Slack       18.408ns,  Total Violation        0.000ns
---------------------------------------------------------------------------------------------------


Pulse Width Checks
--------------------------------------------------------------------------------------
Clock Name:         clkfbout
Waveform(ns):       { 0.000 10.000 }
Period(ns):         20.000
Sources:            { u_idelay_clkgen/u_mmcm/CLKFBOUT }

Check Type  Corner  Lib Pin             Reference Pin  Required(ns)  Actual(ns)  Slack(ns)  Location         Pin
Min Period  n/a     BUFG/I              n/a            1.592         20.000      18.408     BUFGCTRL_X0Y5    u_idelay_clkgen/u_bufg_fb/I
Max Period  n/a     MMCME2_ADV/CLKFBIN  n/a            100.000       20.000      80.000     MMCME2_ADV_X0Y0  u_idelay_clkgen/u_mmcm/CLKFBIN



---------------------------------------------------------------------------------------------------
From Clock:  clkfbout_1
  To Clock:  clkfbout_1

Setup :           NA  Failing Endpoints,  Worst Slack           NA  ,  Total Violation           NA
Hold  :           NA  Failing Endpoints,  Worst Slack           NA  ,  Total Violation           NA
PW    :            0  Failing Endpoints,  Worst Slack       18.408ns,  Total Violation        0.000ns
---------------------------------------------------------------------------------------------------


Pulse Width Checks
--------------------------------------------------------------------------------------
Clock Name:         clkfbout_1
Waveform(ns):       { 0.000 10.000 }
Period(ns):         20.000
Sources:            { u_pl/u_clk/u_mmcm/CLKFBOUT }

Check Type  Corner  Lib Pin             Reference Pin  Required(ns)  Actual(ns)  Slack(ns)  Location         Pin
Min Period  n/a     BUFG/I              n/a            1.592         20.000      18.408     BUFGCTRL_X0Y6    u_pl/u_clk/u_bufg_fb/I
Max Period  n/a     MMCME2_ADV/CLKFBIN  n/a            100.000       20.000      80.000     MMCME2_ADV_X1Y0  u_pl/u_clk/u_mmcm/CLKFBIN



---------------------------------------------------------------------------------------------------
From Clock:  clkout0_1
  To Clock:  clkout0_1

Setup :            0  Failing Endpoints,  Worst Slack        3.945ns,  Total Violation        0.000ns
Hold  :            0  Failing Endpoints,  Worst Slack        0.055ns,  Total Violation        0.000ns
PW    :            0  Failing Endpoints,  Worst Slack        8.870ns,  Total Violation        0.000ns
---------------------------------------------------------------------------------------------------


Max Delay Paths
--------------------------------------------------------------------------------------
Slack (MET) :             3.945ns  (required time - arrival time)
  Source:                 u_pl/x_d_reg[20][3]/C
                            (rising edge-triggered cell FDCE clocked by clkout0_1  {rise@0.000ns fall@10.000ns period=20.000ns})
  Destination:            u_pl/u_osd/ch_r_reg/ADDRARDADDR[6]
                            (rising edge-triggered cell RAMB18E1 clocked by clkout0_1  {rise@0.000ns fall@10.000ns period=20.000ns})
  Path Group:             clkout0_1
  Path Type:              Setup (Max at Slow Process Corner)
  Requirement:            20.000ns  (clkout0_1 rise@20.000ns - clkout0_1 rise@0.000ns)
  Data Path Delay:        15.518ns  (logic 6.364ns (41.010%)  route 9.154ns (58.990%))
  Logic Levels:           21  (CARRY4=9 LUT2=1 LUT3=2 LUT4=4 LUT6=4 MUXF7=1)
  Clock Path Skew:        0.048ns (DCD - SCD + CPR)
    Destination Clock Delay (DCD):    4.448ns = ( 24.448 - 20.000 ) 
    Source Clock Delay      (SCD):    4.742ns
    Clock Pessimism Removal (CPR):    0.342ns
  Clock Uncertainty:      0.094ns  ((TSJ^2 + DJ^2)^1/2) / 2 + PE
    Total System Jitter     (TSJ):    0.071ns
    Discrete Jitter          (DJ):    0.175ns
    Phase Error              (PE):    0.000ns

    Location             Delay type                Incr(ns)  Path(ns)    Netlist Resource(s)
  -------------------------------------------------------------------    -------------------
                         (clock clkout0_1 rise edge)
                                                      0.000     0.000 r  
    W17                                               0.000     0.000 r  sys_clk (IN)
                         net (fo=0)                   0.000     0.000    sys_clk
    W17                  IBUF (Prop_ibuf_I_O)         1.415     1.415 r  sys_clk_IBUF_inst/O
                         net (fo=1, routed)           1.873     3.288    sys_clk_IBUF
    BUFGCTRL_X0Y4        BUFG (Prop_bufg_I_O)         0.085     3.373 r  sys_clk_IBUF_BUFG_inst/O
                         net (fo=186, routed)         1.550     4.923    u_pl/u_clk/sys_clk_IBUF_BUFG
    MMCME2_ADV_X1Y0      MMCME2_ADV (Prop_mmcme2_adv_CLKIN1_CLKOUT0)
                                                     -3.232     1.691 r  u_pl/u_clk/u_mmcm/CLKOUT0
                         net (fo=1, routed)           1.597     3.288    u_pl/u_clk/clkout0
    BUFGCTRL_X0Y0        BUFG (Prop_bufg_I_O)         0.085     3.373 r  u_pl/u_clk/u_bufg_pix/O
                         net (fo=5515, routed)        1.369     4.742    u_pl/clk_pix
    SLICE_X51Y68         FDCE                                         r  u_pl/x_d_reg[20][3]/C
  -------------------------------------------------------------------    -------------------
    SLICE_X51Y68         FDCE (Prop_fdce_C_Q)         0.348     5.090 r  u_pl/x_d_reg[20][3]/Q
                         net (fo=5, routed)           0.371     5.461    u_pl/u_osd/s_pix_x_reg[0]_3[0]
    SLICE_X52Y70         CARRY4 (Prop_carry4_S[0]_O[3])
                                                      0.742     6.203 f  u_pl/u_osd/s_pix_x_reg[0]_i_2/O[3]
                         net (fo=25, routed)          0.885     7.088    u_pl/u_osd/lx[6]
    SLICE_X47Y73         LUT3 (Prop_lut3_I1_O)        0.257     7.345 r  u_pl/u_osd/s_pix_x[0]_i_62/O
                         net (fo=4, routed)           0.491     7.836    u_pl/u_osd/s_pix_x[0]_i_62_n_0
    SLICE_X49Y72         LUT4 (Prop_lut4_I3_O)        0.105     7.941 r  u_pl/u_osd/ch_r_reg_i_810/O
                         net (fo=1, routed)           0.000     7.941    u_pl/u_osd/ch_r_reg_i_810_n_0
    SLICE_X49Y72         CARRY4 (Prop_carry4_S[3]_CO[3])
                                                      0.332     8.273 r  u_pl/u_osd/ch_r_reg_i_772/CO[3]
                         net (fo=1, routed)           0.000     8.273    u_pl/u_osd/ch_r_reg_i_772_n_0
    SLICE_X49Y73         CARRY4 (Prop_carry4_CI_O[1])
                                                      0.265     8.538 r  u_pl/u_osd/ch_r_reg_i_656/O[1]
                         net (fo=2, routed)           0.900     9.439    u_pl/u_osd/ch_r_reg_i_656_n_6
    SLICE_X47Y73         LUT3 (Prop_lut3_I1_O)        0.263     9.702 r  u_pl/u_osd/ch_r_reg_i_396/O
                         net (fo=2, routed)           0.398    10.100    u_pl/u_osd/ch_r_reg_i_396_n_0
    SLICE_X48Y73         CARRY4 (Prop_carry4_DI[0]_CO[3])
                                                      0.599    10.699 r  u_pl/u_osd/ch_r_reg_i_149/CO[3]
                         net (fo=1, routed)           0.000    10.699    u_pl/u_osd/ch_r_reg_i_149_n_0
    SLICE_X48Y74         CARRY4 (Prop_carry4_CI_O[1])
                                                      0.265    10.964 r  u_pl/u_osd/ch_r_reg_i_44/O[1]
                         net (fo=26, routed)          0.524    11.488    u_pl/u_osd/ch_r_reg_i_157_0[1]
    SLICE_X47Y74         LUT2 (Prop_lut2_I0_O)        0.250    11.738 r  u_pl/u_osd/ch_r_reg_i_779/O
                         net (fo=1, routed)           0.000    11.738    u_pl/u_osd/ch_r_reg_i_779_n_0
    SLICE_X47Y74         CARRY4 (Prop_carry4_S[1]_CO[3])
                                                      0.457    12.195 r  u_pl/u_osd/ch_r_reg_i_666/CO[3]
                         net (fo=1, routed)           0.008    12.203    u_pl/u_osd/ch_r_reg_i_666_n_0
    SLICE_X47Y75         CARRY4 (Prop_carry4_CI_O[1])
                                                      0.265    12.468 r  u_pl/u_osd/ch_r_reg_i_403/O[1]
                         net (fo=3, routed)           0.637    13.105    u_pl/u_osd/ch_r_reg_i_403_n_6
    SLICE_X46Y74         LUT4 (Prop_lut4_I1_O)        0.250    13.355 r  u_pl/u_osd/ch_r_reg_i_677/O
                         net (fo=1, routed)           0.000    13.355    u_pl/u_osd/ch_r_reg_i_677_n_0
    SLICE_X46Y74         CARRY4 (Prop_carry4_S[3]_CO[3])
                                                      0.314    13.669 r  u_pl/u_osd/ch_r_reg_i_406/CO[3]
                         net (fo=1, routed)           0.008    13.677    u_pl/u_osd/ch_r_reg_i_406_n_0
    SLICE_X46Y75         CARRY4 (Prop_carry4_CI_CO[1])
                                                      0.131    13.808 r  u_pl/u_osd/ch_r_reg_i_160/CO[1]
                         net (fo=38, routed)          1.055    14.863    u_pl/u_osd/ch_r_reg_i_410_0[0]
    SLICE_X53Y85         LUT4 (Prop_lut4_I3_O)        0.298    15.161 r  u_pl/u_osd/ch_r_reg_i_52/O
                         net (fo=139, routed)         1.078    16.239    u_pl/u_eff/ch_r_reg_i_113_2
    SLICE_X54Y86         LUT4 (Prop_lut4_I2_O)        0.296    16.535 r  u_pl/u_eff/ch_r_reg_i_528/O
                         net (fo=2, routed)           0.565    17.100    u_pl/u_eff/ch_r_reg_i_528_n_0
    SLICE_X52Y88         LUT6 (Prop_lut6_I0_O)        0.283    17.383 f  u_pl/u_eff/ch_r_reg_i_567/O
                         net (fo=1, routed)           0.233    17.616    u_pl/u_eff/ch_r_reg_i_567_n_0
    SLICE_X52Y87         LUT6 (Prop_lut6_I0_O)        0.105    17.721 f  u_pl/u_eff/ch_r_reg_i_309/O
                         net (fo=1, routed)           0.000    17.721    u_pl/u_eff/ch_r_reg_i_309_n_0
    SLICE_X52Y87         MUXF7 (Prop_muxf7_I1_O)      0.182    17.903 f  u_pl/u_eff/ch_r_reg_i_112/O
                         net (fo=1, routed)           0.642    18.545    u_pl/u_ang/ch_r_reg_5
    SLICE_X52Y83         LUT6 (Prop_lut6_I4_O)        0.252    18.797 r  u_pl/u_ang/ch_r_reg_i_33/O
                         net (fo=1, routed)           0.667    19.465    u_pl/u_split_ctrl/ch_r_reg_9
    SLICE_X54Y83         LUT6 (Prop_lut6_I4_O)        0.105    19.570 r  u_pl/u_split_ctrl/ch_r_reg_i_6/O
                         net (fo=1, routed)           0.691    20.260    u_pl/u_osd/ADDRARDADDR[2]
    RAMB18_X3Y34         RAMB18E1                                     r  u_pl/u_osd/ch_r_reg/ADDRARDADDR[6]
  -------------------------------------------------------------------    -------------------

                         (clock clkout0_1 rise edge)
                                                     20.000    20.000 r  
    W17                                               0.000    20.000 r  sys_clk (IN)
                         net (fo=0)                   0.000    20.000    sys_clk
    W17                  IBUF (Prop_ibuf_I_O)         1.349    21.349 r  sys_clk_IBUF_inst/O
                         net (fo=1, routed)           1.701    23.050    sys_clk_IBUF
    BUFGCTRL_X0Y4        BUFG (Prop_bufg_I_O)         0.077    23.127 r  sys_clk_IBUF_BUFG_inst/O
                         net (fo=186, routed)         1.384    24.511    u_pl/u_clk/sys_clk_IBUF_BUFG
    MMCME2_ADV_X1Y0      MMCME2_ADV (Prop_mmcme2_adv_CLKIN1_CLKOUT0)
                                                     -2.915    21.596 r  u_pl/u_clk/u_mmcm/CLKOUT0
                         net (fo=1, routed)           1.454    23.050    u_pl/u_clk/clkout0
    BUFGCTRL_X0Y0        BUFG (Prop_bufg_I_O)         0.077    23.127 r  u_pl/u_clk/u_bufg_pix/O
                         net (fo=5515, routed)        1.321    24.448    u_pl/u_osd/clk_pix
    RAMB18_X3Y34         RAMB18E1                                     r  u_pl/u_osd/ch_r_reg/CLKARDCLK
                         clock pessimism              0.342    24.790    
                         clock uncertainty           -0.094    24.696    
    RAMB18_X3Y34         RAMB18E1 (Setup_ramb18e1_CLKARDCLK_ADDRARDADDR[6])
                                                     -0.490    24.206    u_pl/u_osd/ch_r_reg
  -------------------------------------------------------------------
                         required time                         24.206    
                         arrival time                         -20.260    
  -------------------------------------------------------------------
                         slack                                  3.945    





Min Delay Paths
--------------------------------------------------------------------------------------
Slack (MET) :             0.055ns  (arrival time - required time)
  Source:                 u_pl/u_lat_x/to_cnt_reg[15]/C
                            (rising edge-triggered cell FDPE clocked by clkout0_1  {rise@0.000ns fall@10.000ns period=20.000ns})
  Destination:            u_pl/u_lat_x/to_cnt_reg[20]/D
                            (rising edge-triggered cell FDPE clocked by clkout0_1  {rise@0.000ns fall@10.000ns period=20.000ns})
  Path Group:             clkout0_1
  Path Type:              Hold (Min at Fast Process Corner)
  Requirement:            0.000ns  (clkout0_1 rise@0.000ns - clkout0_1 rise@0.000ns)
  Data Path Delay:        0.540ns  (logic 0.392ns (72.648%)  route 0.148ns (27.352%))
  Logic Levels:           4  (CARRY4=3 LUT3=1)
  Clock Path Skew:        0.350ns (DCD - SCD - CPR)
    Destination Clock Delay (DCD):    2.137ns
    Source Clock Delay      (SCD):    1.534ns
    Clock Pessimism Removal (CPR):    0.253ns

    Location             Delay type                Incr(ns)  Path(ns)    Netlist Resource(s)
  -------------------------------------------------------------------    -------------------
                         (clock clkout0_1 rise edge)
                                                      0.000     0.000 r  
    W17                                               0.000     0.000 r  sys_clk (IN)
                         net (fo=0)                   0.000     0.000    sys_clk
    W17                  IBUF (Prop_ibuf_I_O)         0.252     0.252 r  sys_clk_IBUF_inst/O
                         net (fo=1, routed)           0.674     0.926    sys_clk_IBUF
    BUFGCTRL_X0Y4        BUFG (Prop_bufg_I_O)         0.026     0.952 r  sys_clk_IBUF_BUFG_inst/O
                         net (fo=186, routed)         0.595     1.547    u_pl/u_clk/sys_clk_IBUF_BUFG
    MMCME2_ADV_X1Y0      MMCME2_ADV (Prop_mmcme2_adv_CLKIN1_CLKOUT0)
                                                     -1.150     0.397 r  u_pl/u_clk/u_mmcm/CLKOUT0
                         net (fo=1, routed)           0.529     0.926    u_pl/u_clk/clkout0
    BUFGCTRL_X0Y0        BUFG (Prop_bufg_I_O)         0.026     0.952 r  u_pl/u_clk/u_bufg_pix/O
                         net (fo=5515, routed)        0.582     1.534    u_pl/u_lat_x/clk_pix
    SLICE_X66Y98         FDPE                                         r  u_pl/u_lat_x/to_cnt_reg[15]/C
  -------------------------------------------------------------------    -------------------
    SLICE_X66Y98         FDPE (Prop_fdpe_C_Q)         0.164     1.698 r  u_pl/u_lat_x/to_cnt_reg[15]/Q
                         net (fo=3, routed)           0.147     1.845    u_pl/u_lat_x/to_cnt_reg[15]
    SLICE_X66Y98         LUT3 (Prop_lut3_I2_O)        0.044     1.889 r  u_pl/u_lat_x/to_cnt[12]_i_2/O
                         net (fo=1, routed)           0.000     1.889    u_pl/u_lat_x/to_cnt[12]_i_2_n_0
    SLICE_X66Y98         CARRY4 (Prop_carry4_DI[3]_CO[3])
                                                      0.091     1.980 r  u_pl/u_lat_x/to_cnt_reg[12]_i_1/CO[3]
                         net (fo=1, routed)           0.000     1.980    u_pl/u_lat_x/to_cnt_reg[12]_i_1_n_0
    SLICE_X66Y99         CARRY4 (Prop_carry4_CI_CO[3])
                                                      0.040     2.020 r  u_pl/u_lat_x/to_cnt_reg[16]_i_1/CO[3]
                         net (fo=1, routed)           0.001     2.020    u_pl/u_lat_x/to_cnt_reg[16]_i_1_n_0
    SLICE_X66Y100        CARRY4 (Prop_carry4_CI_O[0])
                                                      0.053     2.073 r  u_pl/u_lat_x/to_cnt_reg[20]_i_1/O[0]
                         net (fo=1, routed)           0.000     2.073    u_pl/u_lat_x/to_cnt_reg[20]_i_1_n_7
    SLICE_X66Y100        FDPE                                         r  u_pl/u_lat_x/to_cnt_reg[20]/D
  -------------------------------------------------------------------    -------------------

                         (clock clkout0_1 rise edge)
                                                      0.000     0.000 r  
    W17                                               0.000     0.000 r  sys_clk (IN)
                         net (fo=0)                   0.000     0.000    sys_clk
    W17                  IBUF (Prop_ibuf_I_O)         0.440     0.440 r  sys_clk_IBUF_inst/O
                         net (fo=1, routed)           0.731     1.171    sys_clk_IBUF
    BUFGCTRL_X0Y4        BUFG (Prop_bufg_I_O)         0.029     1.200 r  sys_clk_IBUF_BUFG_inst/O
                         net (fo=186, routed)         0.862     2.062    u_pl/u_clk/sys_clk_IBUF_BUFG
    MMCME2_ADV_X1Y0      MMCME2_ADV (Prop_mmcme2_adv_CLKIN1_CLKOUT0)
                                                     -1.467     0.595 r  u_pl/u_clk/u_mmcm/CLKOUT0
                         net (fo=1, routed)           0.576     1.171    u_pl/u_clk/clkout0
    BUFGCTRL_X0Y0        BUFG (Prop_bufg_I_O)         0.029     1.200 r  u_pl/u_clk/u_bufg_pix/O
                         net (fo=5515, routed)        0.937     2.137    u_pl/u_lat_x/clk_pix
    SLICE_X66Y100        FDPE                                         r  u_pl/u_lat_x/to_cnt_reg[20]/C
                         clock pessimism             -0.253     1.884    
    SLICE_X66Y100        FDPE (Hold_fdpe_C_D)         0.134     2.018    u_pl/u_lat_x/to_cnt_reg[20]
  -------------------------------------------------------------------
                         required time                         -2.018    
                         arrival time                           2.073    
  -------------------------------------------------------------------
                         slack                                  0.055    





Pulse Width Checks
--------------------------------------------------------------------------------------
Clock Name:         clkout0_1
Waveform(ns):       { 0.000 10.000 }
Period(ns):         20.000
Sources:            { u_pl/u_clk/u_mmcm/CLKOUT0 }

Check Type        Corner  Lib Pin             Reference Pin  Required(ns)  Actual(ns)  Slack(ns)  Location         Pin
Min Period        n/a     DSP48E1/CLK         n/a            3.272         20.000      16.728     DSP48_X2Y21      u_pl/u_zmap/yr_m_reg/CLK
Max Period        n/a     MMCME2_ADV/CLKOUT0  n/a            213.360       20.000      193.360    MMCME2_ADV_X1Y0  u_pl/u_clk/u_mmcm/CLKOUT0
Low Pulse Width   Slow    RAMD64E/CLK         n/a            1.130         10.000      8.870      SLICE_X58Y27     u_pl/u_blur/lb0_reg_0_63_0_2/RAMA/CLK
High Pulse Width  Slow    RAMD64E/CLK         n/a            1.130         10.000      8.870      SLICE_X58Y27     u_pl/u_blur/lb0_reg_0_63_0_2/RAMA/CLK



---------------------------------------------------------------------------------------------------
From Clock:  clkout1_1
  To Clock:  clkout1_1

Setup :            6  Failing Endpoints,  Worst Slack       -5.408ns,  Total Violation      -32.363ns
Hold  :            6  Failing Endpoints,  Worst Slack       -1.923ns,  Total Violation      -11.455ns
PW    :            0  Failing Endpoints,  Worst Slack        2.408ns,  Total Violation        0.000ns
---------------------------------------------------------------------------------------------------


Max Delay Paths
--------------------------------------------------------------------------------------
Slack (VIOLATED) :        -5.408ns  (required time - arrival time)
  Source:                 u_pl/u_dvi/u_ser0/u_master/CLK
                            (rising edge-triggered cell OSERDESE2 clocked by clkout1_1  {rise@0.000ns fall@2.000ns period=4.000ns})
  Destination:            tmds_data_n[0]
                            (output port clocked by clkout1_1  {rise@0.000ns fall@2.000ns period=4.000ns})
  Path Group:             clkout1_1
  Path Type:              Max at Slow Process Corner
  Requirement:            4.000ns  (clkout1_1 rise@4.000ns - clkout1_1 rise@0.000ns)
  Data Path Delay:        2.034ns  (logic 2.033ns (99.951%)  route 0.001ns (0.049%))
  Logic Levels:           1  (OBUFDS=1)
  Output Delay:           4.000ns
  Clock Path Skew:        -3.300ns (DCD - SCD + CPR)
    Destination Clock Delay (DCD):    1.596ns = ( 5.596 - 4.000 ) 
    Source Clock Delay      (SCD):    4.991ns
    Clock Pessimism Removal (CPR):    0.095ns
  Clock Uncertainty:      0.074ns  ((TSJ^2 + DJ^2)^1/2) / 2 + PE
    Total System Jitter     (TSJ):    0.071ns
    Discrete Jitter          (DJ):    0.131ns
    Phase Error              (PE):    0.000ns

    Location             Delay type                Incr(ns)  Path(ns)    Netlist Resource(s)
  -------------------------------------------------------------------    -------------------
                         (clock clkout1_1 rise edge)
                                                      0.000     0.000 r  
    W17                                               0.000     0.000 r  sys_clk (IN)
                         net (fo=0)                   0.000     0.000    sys_clk
    W17                  IBUF (Prop_ibuf_I_O)         1.415     1.415 r  sys_clk_IBUF_inst/O
                         net (fo=1, routed)           1.873     3.288    sys_clk_IBUF
    BUFGCTRL_X0Y4        BUFG (Prop_bufg_I_O)         0.085     3.373 r  sys_clk_IBUF_BUFG_inst/O
                         net (fo=186, routed)         1.550     4.923    u_pl/u_clk/sys_clk_IBUF_BUFG
    MMCME2_ADV_X1Y0      MMCME2_ADV (Prop_mmcme2_adv_CLKIN1_CLKOUT1)
                                                     -3.232     1.691 r  u_pl/u_clk/u_mmcm/CLKOUT1
                         net (fo=1, routed)           1.597     3.288    u_pl/u_clk/clkout1
    BUFGCTRL_X0Y2        BUFG (Prop_bufg_I_O)         0.085     3.373 r  u_pl/u_clk/u_bufg_5x/O
                         net (fo=8, routed)           1.618     4.991    u_pl/u_dvi/u_ser0/clk_pix5x
    OLOGIC_X1Y16         OSERDESE2                                    r  u_pl/u_dvi/u_ser0/u_master/CLK
  -------------------------------------------------------------------    -------------------
    OLOGIC_X1Y16         OSERDESE2 (Prop_oserdese2_CLK_OQ)
                                                      0.418     5.409 r  u_pl/u_dvi/u_ser0/u_master/OQ
                         net (fo=1, routed)           0.001     5.410    u_pl/u_dvi/u_ser0/serq
    AA17                 OBUFDS (Prop_obufds_I_OB)    1.615     7.025 r  u_pl/u_dvi/u_ser0/u_obuf/OB
                         net (fo=0)                   0.000     7.025    tmds_data_n[0]
    AB17                                                              r  tmds_data_n[0] (OUT)
  -------------------------------------------------------------------    -------------------

                         (clock clkout1_1 rise edge)
                                                      4.000     4.000 r  
    W17                                               0.000     4.000 r  sys_clk (IN)
                         net (fo=0)                   0.000     4.000    sys_clk
    W17                  IBUF (Prop_ibuf_I_O)         1.349     5.349 r  sys_clk_IBUF_inst/O
                         net (fo=1, routed)           1.701     7.050    sys_clk_IBUF
    BUFGCTRL_X0Y4        BUFG (Prop_bufg_I_O)         0.077     7.127 r  sys_clk_IBUF_BUFG_inst/O
                         net (fo=186, routed)         1.384     8.511    u_pl/u_clk/sys_clk_IBUF_BUFG
    MMCME2_ADV_X1Y0      MMCME2_ADV (Prop_mmcme2_adv_CLKIN1_CLKOUT1)
                                                     -2.915     5.596 r  u_pl/u_clk/u_mmcm/CLKOUT1
                         clock pessimism              0.095     5.691    
                         clock uncertainty           -0.074     5.617    
                         output delay                -4.000     1.617    
  -------------------------------------------------------------------
                         required time                          1.617    
                         arrival time                          -7.025    
  -------------------------------------------------------------------
                         slack                                 -5.408    





Min Delay Paths
--------------------------------------------------------------------------------------
Slack (VIOLATED) :        -1.923ns  (arrival time - required time)
  Source:                 u_pl/u_dvi/u_ser1/u_master/CLK
                            (rising edge-triggered cell OSERDESE2 clocked by clkout1_1  {rise@0.000ns fall@2.000ns period=4.000ns})
  Destination:            tmds_data_p[1]
                            (output port clocked by clkout1_1  {rise@0.000ns fall@2.000ns period=4.000ns})
  Path Group:             clkout1_1
  Path Type:              Min at Fast Process Corner
  Requirement:            0.000ns  (clkout1_1 rise@0.000ns - clkout1_1 rise@0.000ns)
  Data Path Delay:        0.970ns  (logic 0.969ns (99.897%)  route 0.001ns (0.103%))
  Logic Levels:           1  (OBUFDS=1)
  Output Delay:           -4.000ns
  Clock Path Skew:        -1.181ns (DCD - SCD - CPR)
    Destination Clock Delay (DCD):    0.595ns
    Source Clock Delay      (SCD):    1.579ns
    Clock Pessimism Removal (CPR):    0.198ns
  Clock Uncertainty:      0.074ns  ((TSJ^2 + DJ^2)^1/2) / 2 + PE
    Total System Jitter     (TSJ):    0.071ns
    Discrete Jitter          (DJ):    0.131ns
    Phase Error              (PE):    0.000ns

    Location             Delay type                Incr(ns)  Path(ns)    Netlist Resource(s)
  -------------------------------------------------------------------    -------------------
                         (clock clkout1_1 rise edge)
                                                      0.000     0.000 r  
    W17                                               0.000     0.000 r  sys_clk (IN)
                         net (fo=0)                   0.000     0.000    sys_clk
    W17                  IBUF (Prop_ibuf_I_O)         0.252     0.252 r  sys_clk_IBUF_inst/O
                         net (fo=1, routed)           0.674     0.926    sys_clk_IBUF
    BUFGCTRL_X0Y4        BUFG (Prop_bufg_I_O)         0.026     0.952 r  sys_clk_IBUF_BUFG_inst/O
                         net (fo=186, routed)         0.595     1.547    u_pl/u_clk/sys_clk_IBUF_BUFG
    MMCME2_ADV_X1Y0      MMCME2_ADV (Prop_mmcme2_adv_CLKIN1_CLKOUT1)
                                                     -1.150     0.397 r  u_pl/u_clk/u_mmcm/CLKOUT1
                         net (fo=1, routed)           0.529     0.926    u_pl/u_clk/clkout1
    BUFGCTRL_X0Y2        BUFG (Prop_bufg_I_O)         0.026     0.952 r  u_pl/u_clk/u_bufg_5x/O
                         net (fo=8, routed)           0.627     1.579    u_pl/u_dvi/u_ser1/clk_pix5x
    OLOGIC_X1Y18         OSERDESE2                                    r  u_pl/u_dvi/u_ser1/u_master/CLK
  -------------------------------------------------------------------    -------------------
    OLOGIC_X1Y18         OSERDESE2 (Prop_oserdese2_CLK_OQ)
                                                      0.177     1.756 r  u_pl/u_dvi/u_ser1/u_master/OQ
                         net (fo=1, routed)           0.001     1.757    u_pl/u_dvi/u_ser1/serq
    U17                  OBUFDS (Prop_obufds_I_O)     0.792     2.549 r  u_pl/u_dvi/u_ser1/u_obuf/O
                         net (fo=0)                   0.000     2.549    tmds_data_p[1]
    U17                                                               r  tmds_data_p[1] (OUT)
  -------------------------------------------------------------------    -------------------

                         (clock clkout1_1 rise edge)
                                                      0.000     0.000 r  
    W17                                               0.000     0.000 r  sys_clk (IN)
                         net (fo=0)                   0.000     0.000    sys_clk
    W17                  IBUF (Prop_ibuf_I_O)         0.440     0.440 r  sys_clk_IBUF_inst/O
                         net (fo=1, routed)           0.731     1.171    sys_clk_IBUF
    BUFGCTRL_X0Y4        BUFG (Prop_bufg_I_O)         0.029     1.200 r  sys_clk_IBUF_BUFG_inst/O
                         net (fo=186, routed)         0.862     2.062    u_pl/u_clk/sys_clk_IBUF_BUFG
    MMCME2_ADV_X1Y0      MMCME2_ADV (Prop_mmcme2_adv_CLKIN1_CLKOUT1)
                                                     -1.467     0.595 r  u_pl/u_clk/u_mmcm/CLKOUT1
                         clock pessimism             -0.198     0.397    
                         clock uncertainty            0.074     0.472    
                         output delay                 4.000     4.472    
  -------------------------------------------------------------------
                         required time                         -4.472    
                         arrival time                           2.549    
  -------------------------------------------------------------------
                         slack                                 -1.923    





Pulse Width Checks
--------------------------------------------------------------------------------------
Clock Name:         clkout1_1
Waveform(ns):       { 0.000 2.000 }
Period(ns):         4.000
Sources:            { u_pl/u_clk/u_mmcm/CLKOUT1 }

Check Type  Corner  Lib Pin             Reference Pin  Required(ns)  Actual(ns)  Slack(ns)  Location         Pin
Min Period  n/a     BUFG/I              n/a            1.592         4.000       2.408      BUFGCTRL_X0Y2    u_pl/u_clk/u_bufg_5x/I
Max Period  n/a     MMCME2_ADV/CLKOUT1  n/a            213.360       4.000       209.360    MMCME2_ADV_X1Y0  u_pl/u_clk/u_mmcm/CLKOUT1



---------------------------------------------------------------------------------------------------
From Clock:  clkout2
  To Clock:  clkout2

Setup :           NA  Failing Endpoints,  Worst Slack           NA  ,  Total Violation           NA
Hold  :           NA  Failing Endpoints,  Worst Slack           NA  ,  Total Violation           NA
PW    :            0  Failing Endpoints,  Worst Slack        0.264ns,  Total Violation        0.000ns
---------------------------------------------------------------------------------------------------


Pulse Width Checks
--------------------------------------------------------------------------------------
Clock Name:         clkout2
Waveform(ns):       { 0.000 2.500 }
Period(ns):         5.000
Sources:            { u_idelay_clkgen/u_mmcm/CLKOUT2 }

Check Type  Corner  Lib Pin            Reference Pin  Required(ns)  Actual(ns)  Slack(ns)  Location         Pin
Min Period  n/a     IDELAYCTRL/REFCLK  n/a            2.438         5.000       2.562      IDELAYCTRL_X1Y0  u_eth/u_rgmii/u_rgmii_rx/IDELAYCTRL_inst/REFCLK
Max Period  n/a     IDELAYCTRL/REFCLK  n/a            5.264         5.000       0.264      IDELAYCTRL_X1Y0  u_eth/u_rgmii/u_rgmii_rx/IDELAYCTRL_inst/REFCLK



---------------------------------------------------------------------------------------------------
From Clock:  clkout0_1
  To Clock:  sys_clk

Setup :            0  Failing Endpoints,  Worst Slack       14.600ns,  Total Violation        0.000ns
Hold  :            0  Failing Endpoints,  Worst Slack        0.265ns,  Total Violation        0.000ns
---------------------------------------------------------------------------------------------------


Max Delay Paths
--------------------------------------------------------------------------------------
Slack (MET) :             14.600ns  (required time - arrival time)
  Source:                 u_pl/u_split_x/bus_q_reg[15]/C
                            (rising edge-triggered cell FDCE clocked by clkout0_1  {rise@0.000ns fall@10.000ns period=20.000ns})
  Destination:            u_pl/u_ang/angle_reg[6]/D
                            (rising edge-triggered cell FDRE clocked by sys_clk  {rise@0.000ns fall@10.000ns period=20.000ns})
  Path Group:             sys_clk
  Path Type:              Setup (Max at Slow Process Corner)
  Requirement:            20.000ns  (sys_clk rise@20.000ns - clkout0_1 rise@0.000ns)
  Data Path Delay:        4.951ns  (logic 1.754ns (35.424%)  route 3.197ns (64.576%))
  Logic Levels:           7  (CARRY4=2 LUT2=1 LUT5=2 LUT6=2)
  Clock Path Skew:        -0.157ns (DCD - SCD + CPR)
    Destination Clock Delay (DCD):    4.400ns = ( 24.400 - 20.000 ) 
    Source Clock Delay      (SCD):    4.803ns
    Clock Pessimism Removal (CPR):    0.246ns
  Clock Uncertainty:      0.259ns  ((TSJ^2 + DJ^2)^1/2) / 2 + PE
    Total System Jitter     (TSJ):    0.071ns
    Discrete Jitter          (DJ):    0.175ns
    Phase Error              (PE):    0.165ns

    Location             Delay type                Incr(ns)  Path(ns)    Netlist Resource(s)
  -------------------------------------------------------------------    -------------------
                         (clock clkout0_1 rise edge)
                                                      0.000     0.000 r  
    W17                                               0.000     0.000 r  sys_clk (IN)
                         net (fo=0)                   0.000     0.000    sys_clk
    W17                  IBUF (Prop_ibuf_I_O)         1.415     1.415 r  sys_clk_IBUF_inst/O
                         net (fo=1, routed)           1.873     3.288    sys_clk_IBUF
    BUFGCTRL_X0Y4        BUFG (Prop_bufg_I_O)         0.085     3.373 r  sys_clk_IBUF_BUFG_inst/O
                         net (fo=186, routed)         1.550     4.923    u_pl/u_clk/sys_clk_IBUF_BUFG
    MMCME2_ADV_X1Y0      MMCME2_ADV (Prop_mmcme2_adv_CLKIN1_CLKOUT0)
                                                     -3.232     1.691 r  u_pl/u_clk/u_mmcm/CLKOUT0
                         net (fo=1, routed)           1.597     3.288    u_pl/u_clk/clkout0
    BUFGCTRL_X0Y0        BUFG (Prop_bufg_I_O)         0.085     3.373 r  u_pl/u_clk/u_bufg_pix/O
                         net (fo=5515, routed)        1.430     4.803    u_pl/u_split_x/clk_pix
    SLICE_X56Y79         FDCE                                         r  u_pl/u_split_x/bus_q_reg[15]/C
  -------------------------------------------------------------------    -------------------
    SLICE_X56Y79         FDCE (Prop_fdce_C_Q)         0.379     5.182 r  u_pl/u_split_x/bus_q_reg[15]/Q
                         net (fo=2, routed)           0.675     5.857    u_pl/u_ang/bus_q[0]
    SLICE_X57Y77         LUT2 (Prop_lut2_I1_O)        0.105     5.962 r  u_pl/u_ang/angle[3]_i_8/O
                         net (fo=1, routed)           0.000     5.962    u_pl/u_ang/angle[3]_i_8_n_0
    SLICE_X57Y77         CARRY4 (Prop_carry4_S[0]_CO[3])
                                                      0.440     6.402 r  u_pl/u_ang/angle_reg[3]_i_2/CO[3]
                         net (fo=1, routed)           0.000     6.402    u_pl/u_ang/angle_reg[3]_i_2_n_0
    SLICE_X57Y78         CARRY4 (Prop_carry4_CI_O[1])
                                                      0.265     6.667 r  u_pl/u_ang/angle_reg[7]_i_4/O[1]
                         net (fo=5, routed)           0.688     7.356    u_pl/u_ang/angle_reg[7]_i_4_n_6
    SLICE_X56Y77         LUT6 (Prop_lut6_I3_O)        0.250     7.606 r  u_pl/u_ang/angle[3]_i_3/O
                         net (fo=4, routed)           0.681     8.287    u_pl/u_ang/angle[3]_i_3_n_0
    SLICE_X56Y76         LUT6 (Prop_lut6_I5_O)        0.105     8.392 r  u_pl/u_ang/angle[6]_i_5/O
                         net (fo=1, routed)           0.346     8.738    u_pl/u_ang/angle[6]_i_5_n_0
    SLICE_X56Y76         LUT5 (Prop_lut5_I4_O)        0.105     8.843 r  u_pl/u_ang/angle[6]_i_3/O
                         net (fo=1, routed)           0.346     9.189    u_pl/u_ang/angle[6]_i_3_n_0
    SLICE_X55Y77         LUT5 (Prop_lut5_I4_O)        0.105     9.294 r  u_pl/u_ang/angle[6]_i_1/O
                         net (fo=1, routed)           0.461     9.755    u_pl/u_ang/p_1_in__0[6]
    SLICE_X55Y77         FDRE                                         r  u_pl/u_ang/angle_reg[6]/D
  -------------------------------------------------------------------    -------------------

                         (clock sys_clk rise edge)   20.000    20.000 r  
    W17                                               0.000    20.000 r  sys_clk (IN)
                         net (fo=0)                   0.000    20.000    sys_clk
    W17                  IBUF (Prop_ibuf_I_O)         1.349    21.349 r  sys_clk_IBUF_inst/O
                         net (fo=1, routed)           1.701    23.050    sys_clk_IBUF
    BUFGCTRL_X0Y4        BUFG (Prop_bufg_I_O)         0.077    23.127 r  sys_clk_IBUF_BUFG_inst/O
                         net (fo=186, routed)         1.273    24.400    u_pl/u_ang/sys_clk_IBUF_BUFG
    SLICE_X55Y77         FDRE                                         r  u_pl/u_ang/angle_reg[6]/C
                         clock pessimism              0.246    24.646    
                         clock uncertainty           -0.259    24.387    
    SLICE_X55Y77         FDRE (Setup_fdre_C_D)       -0.032    24.355    u_pl/u_ang/angle_reg[6]
  -------------------------------------------------------------------
                         required time                         24.355    
                         arrival time                          -9.755    
  -------------------------------------------------------------------
                         slack                                 14.600    





Min Delay Paths
--------------------------------------------------------------------------------------
Slack (MET) :             0.265ns  (arrival time - required time)
  Source:                 u_pl/rot_fs_tog_reg/C
                            (rising edge-triggered cell FDCE clocked by clkout0_1  {rise@0.000ns fall@10.000ns period=20.000ns})
  Destination:            u_pl/u_ang/fs_s_reg[0]/D
                            (rising edge-triggered cell FDRE clocked by sys_clk  {rise@0.000ns fall@10.000ns period=20.000ns})
  Path Group:             sys_clk
  Path Type:              Hold (Min at Fast Process Corner)
  Requirement:            0.000ns  (sys_clk rise@0.000ns - clkout0_1 rise@0.000ns)
  Data Path Delay:        0.858ns  (logic 0.141ns (16.429%)  route 0.717ns (83.571%))
  Logic Levels:           0  
  Clock Path Skew:        0.288ns (DCD - SCD - CPR)
    Destination Clock Delay (DCD):    2.037ns
    Source Clock Delay      (SCD):    1.501ns
    Clock Pessimism Removal (CPR):    0.248ns
  Clock Uncertainty:      0.259ns  ((TSJ^2 + DJ^2)^1/2) / 2 + PE
    Total System Jitter     (TSJ):    0.071ns
    Discrete Jitter          (DJ):    0.175ns
    Phase Error              (PE):    0.165ns

    Location             Delay type                Incr(ns)  Path(ns)    Netlist Resource(s)
  -------------------------------------------------------------------    -------------------
                         (clock clkout0_1 rise edge)
                                                      0.000     0.000 r  
    W17                                               0.000     0.000 r  sys_clk (IN)
                         net (fo=0)                   0.000     0.000    sys_clk
    W17                  IBUF (Prop_ibuf_I_O)         0.252     0.252 r  sys_clk_IBUF_inst/O
                         net (fo=1, routed)           0.674     0.926    sys_clk_IBUF
    BUFGCTRL_X0Y4        BUFG (Prop_bufg_I_O)         0.026     0.952 r  sys_clk_IBUF_BUFG_inst/O
                         net (fo=186, routed)         0.595     1.547    u_pl/u_clk/sys_clk_IBUF_BUFG
    MMCME2_ADV_X1Y0      MMCME2_ADV (Prop_mmcme2_adv_CLKIN1_CLKOUT0)
                                                     -1.150     0.397 r  u_pl/u_clk/u_mmcm/CLKOUT0
                         net (fo=1, routed)           0.529     0.926    u_pl/u_clk/clkout0
    BUFGCTRL_X0Y0        BUFG (Prop_bufg_I_O)         0.026     0.952 r  u_pl/u_clk/u_bufg_pix/O
                         net (fo=5515, routed)        0.549     1.501    u_pl/clk_pix
    SLICE_X53Y66         FDCE                                         r  u_pl/rot_fs_tog_reg/C
  -------------------------------------------------------------------    -------------------
    SLICE_X53Y66         FDCE (Prop_fdce_C_Q)         0.141     1.642 r  u_pl/rot_fs_tog_reg/Q
                         net (fo=2, routed)           0.717     2.359    u_pl/u_ang/rot_fs_tog
    SLICE_X59Y78         FDRE                                         r  u_pl/u_ang/fs_s_reg[0]/D
  -------------------------------------------------------------------    -------------------

                         (clock sys_clk rise edge)    0.000     0.000 r  
    W17                                               0.000     0.000 r  sys_clk (IN)
                         net (fo=0)                   0.000     0.000    sys_clk
    W17                  IBUF (Prop_ibuf_I_O)         0.440     0.440 r  sys_clk_IBUF_inst/O
                         net (fo=1, routed)           0.731     1.171    sys_clk_IBUF
    BUFGCTRL_X0Y4        BUFG (Prop_bufg_I_O)         0.029     1.200 r  sys_clk_IBUF_BUFG_inst/O
                         net (fo=186, routed)         0.837     2.037    u_pl/u_ang/sys_clk_IBUF_BUFG
    SLICE_X59Y78         FDRE                                         r  u_pl/u_ang/fs_s_reg[0]/C
                         clock pessimism             -0.248     1.789    
                         clock uncertainty            0.259     2.048    
    SLICE_X59Y78         FDRE (Hold_fdre_C_D)         0.046     2.094    u_pl/u_ang/fs_s_reg[0]
  -------------------------------------------------------------------
                         required time                         -2.094    
                         arrival time                           2.359    
  -------------------------------------------------------------------
                         slack                                  0.265    





---------------------------------------------------------------------------------------------------
From Clock:  sys_clk
  To Clock:  clkout0_1

Setup :            0  Failing Endpoints,  Worst Slack        4.322ns,  Total Violation        0.000ns
Hold  :            0  Failing Endpoints,  Worst Slack        0.384ns,  Total Violation        0.000ns
---------------------------------------------------------------------------------------------------


Max Delay Paths
--------------------------------------------------------------------------------------
Slack (MET) :             4.322ns  (required time - arrival time)
  Source:                 u_pl/u_ang/angle_reg[4]/C
                            (rising edge-triggered cell FDRE clocked by sys_clk  {rise@0.000ns fall@10.000ns period=20.000ns})
  Destination:            u_pl/u_zmap/y_out_reg[8]/D
                            (rising edge-triggered cell FDCE clocked by clkout0_1  {rise@0.000ns fall@10.000ns period=20.000ns})
  Path Group:             clkout0_1
  Path Type:              Setup (Max at Slow Process Corner)
  Requirement:            20.000ns  (clkout0_1 rise@20.000ns - sys_clk rise@0.000ns)
  Data Path Delay:        15.002ns  (logic 5.595ns (37.294%)  route 9.407ns (62.706%))
  Logic Levels:           13  (CARRY4=1 DSP48E1=1 LUT2=1 LUT3=1 LUT4=3 LUT5=4 LUT6=2)
  Clock Path Skew:        -0.195ns (DCD - SCD + CPR)
    Destination Clock Delay (DCD):    4.357ns = ( 24.357 - 20.000 ) 
    Source Clock Delay      (SCD):    4.798ns
    Clock Pessimism Removal (CPR):    0.246ns
  Clock Uncertainty:      0.259ns  ((TSJ^2 + DJ^2)^1/2) / 2 + PE
    Total System Jitter     (TSJ):    0.071ns
    Discrete Jitter          (DJ):    0.175ns
    Phase Error              (PE):    0.165ns

    Location             Delay type                Incr(ns)  Path(ns)    Netlist Resource(s)
  -------------------------------------------------------------------    -------------------
                         (clock sys_clk rise edge)    0.000     0.000 r  
    W17                                               0.000     0.000 r  sys_clk (IN)
                         net (fo=0)                   0.000     0.000    sys_clk
    W17                  IBUF (Prop_ibuf_I_O)         1.415     1.415 r  sys_clk_IBUF_inst/O
                         net (fo=1, routed)           1.873     3.288    sys_clk_IBUF
    BUFGCTRL_X0Y4        BUFG (Prop_bufg_I_O)         0.085     3.373 r  sys_clk_IBUF_BUFG_inst/O
                         net (fo=186, routed)         1.425     4.798    u_pl/u_ang/sys_clk_IBUF_BUFG
    SLICE_X56Y76         FDRE                                         r  u_pl/u_ang/angle_reg[4]/C
  -------------------------------------------------------------------    -------------------
    SLICE_X56Y76         FDRE (Prop_fdre_C_Q)         0.379     5.177 r  u_pl/u_ang/angle_reg[4]/Q
                         net (fo=203, routed)         0.855     6.032    u_pl/u_ang/angle_reg[4]_0
    SLICE_X54Y78         LUT5 (Prop_lut5_I0_O)        0.105     6.137 r  u_pl/u_ang/rot_s0_i_2/O
                         net (fo=5, routed)           0.526     6.663    u_pl/u_ang/rot_s0_i_2_n_0
    SLICE_X55Y78         LUT5 (Prop_lut5_I0_O)        0.127     6.790 r  u_pl/u_ang/rot_s0_i_1/O
                         net (fo=13, routed)          1.312     8.102    u_pl/u_ang/angle_reg[7]_4
    SLICE_X36Y80         LUT2 (Prop_lut2_I0_O)        0.268     8.370 r  u_pl/u_ang/bus[19]_i_1/O
                         net (fo=8, routed)           0.393     8.764    u_pl/u_zfit/rot_forced
    SLICE_X36Y80         LUT4 (Prop_lut4_I3_O)        0.125     8.889 r  u_pl/u_zfit/bus[5]_i_1/O
                         net (fo=13, routed)          1.074     9.963    u_pl/u_zmap/B[5]
    DSP48_X2Y22          DSP48E1 (Prop_dsp48e1_B[5]_P[3])
                                                      3.235    13.198 f  u_pl/u_zmap/rot_ys/P[3]
                         net (fo=1, routed)           1.022    14.219    u_pl/u_zmap/rot_ys_n_102
    SLICE_X29Y55         LUT4 (Prop_lut4_I0_O)        0.105    14.324 f  u_pl/u_zmap/frac_y[2]_i_5/O
                         net (fo=8, routed)           0.717    15.041    u_pl/u_zmap/frac_y[2]_i_5_n_0
    SLICE_X33Y55         LUT5 (Prop_lut5_I4_O)        0.105    15.146 r  u_pl/u_zmap/frac_y[1]_i_2/O
                         net (fo=6, routed)           0.507    15.653    u_pl/u_zmap/frac_y[1]_i_2_n_0
    SLICE_X37Y59         LUT3 (Prop_lut3_I2_O)        0.105    15.758 r  u_pl/u_zmap/y_out[3]_i_10/O
                         net (fo=1, routed)           0.000    15.758    u_pl/u_zmap/y_out[3]_i_10_n_0
    SLICE_X37Y59         CARRY4 (Prop_carry4_S[0]_O[2])
                                                      0.453    16.211 f  u_pl/u_zmap/y_out_reg[3]_i_3/O[2]
                         net (fo=2, routed)           0.927    17.138    u_pl/u_zmap/sy_c00_in[2]
    SLICE_X34Y63         LUT5 (Prop_lut5_I4_O)        0.253    17.391 f  u_pl/u_zmap/oob_i_8/O
                         net (fo=1, routed)           0.220    17.611    u_pl/u_zmap/oob_i_8_n_0
    SLICE_X34Y63         LUT6 (Prop_lut6_I2_O)        0.105    17.716 r  u_pl/u_zmap/oob_i_2/O
                         net (fo=1, routed)           0.667    18.383    u_pl/u_zmap/oob_i_2_n_0
    SLICE_X34Y63         LUT6 (Prop_lut6_I0_O)        0.105    18.488 f  u_pl/u_zmap/oob_i_1/O
                         net (fo=35, routed)          0.583    19.071    u_pl/u_zmap/oob_i_1_n_0
    SLICE_X34Y64         LUT4 (Prop_lut4_I3_O)        0.125    19.196 r  u_pl/u_zmap/y_out[8]_i_1/O
                         net (fo=1, routed)           0.604    19.800    u_pl/u_zmap/y_out[8]_i_1_n_0
    SLICE_X45Y65         FDCE                                         r  u_pl/u_zmap/y_out_reg[8]/D
  -------------------------------------------------------------------    -------------------

                         (clock clkout0_1 rise edge)
                                                     20.000    20.000 r  
    W17                                               0.000    20.000 r  sys_clk (IN)
                         net (fo=0)                   0.000    20.000    sys_clk
    W17                  IBUF (Prop_ibuf_I_O)         1.349    21.349 r  sys_clk_IBUF_inst/O
                         net (fo=1, routed)           1.701    23.050    sys_clk_IBUF
    BUFGCTRL_X0Y4        BUFG (Prop_bufg_I_O)         0.077    23.127 r  sys_clk_IBUF_BUFG_inst/O
                         net (fo=186, routed)         1.384    24.511    u_pl/u_clk/sys_clk_IBUF_BUFG
    MMCME2_ADV_X1Y0      MMCME2_ADV (Prop_mmcme2_adv_CLKIN1_CLKOUT0)
                                                     -2.915    21.596 r  u_pl/u_clk/u_mmcm/CLKOUT0
                         net (fo=1, routed)           1.454    23.050    u_pl/u_clk/clkout0
    BUFGCTRL_X0Y0        BUFG (Prop_bufg_I_O)         0.077    23.127 r  u_pl/u_clk/u_bufg_pix/O
                         net (fo=5515, routed)        1.230    24.357    u_pl/u_zmap/clk_pix
    SLICE_X45Y65         FDCE                                         r  u_pl/u_zmap/y_out_reg[8]/C
                         clock pessimism              0.246    24.603    
                         clock uncertainty           -0.259    24.344    
    SLICE_X45Y65         FDCE (Setup_fdce_C_D)       -0.222    24.122    u_pl/u_zmap/y_out_reg[8]
  -------------------------------------------------------------------
                         required time                         24.122    
                         arrival time                         -19.800    
  -------------------------------------------------------------------
                         slack                                  4.322    





Min Delay Paths
--------------------------------------------------------------------------------------
Slack (MET) :             0.384ns  (arrival time - required time)
  Source:                 u_pl/u_k1l/tog_reg/C
                            (rising edge-triggered cell FDRE clocked by sys_clk  {rise@0.000ns fall@10.000ns period=20.000ns})
  Destination:            u_pl/u_mode/lsync_reg[0]/D
                            (rising edge-triggered cell FDCE clocked by clkout0_1  {rise@0.000ns fall@10.000ns period=20.000ns})
  Path Group:             clkout0_1
  Path Type:              Hold (Min at Fast Process Corner)
  Requirement:            0.000ns  (clkout0_1 rise@0.000ns - sys_clk rise@0.000ns)
  Data Path Delay:        0.918ns  (logic 0.128ns (13.946%)  route 0.790ns (86.054%))
  Logic Levels:           0  
  Clock Path Skew:        0.269ns (DCD - SCD - CPR)
    Destination Clock Delay (DCD):    2.037ns
    Source Clock Delay      (SCD):    1.520ns
    Clock Pessimism Removal (CPR):    0.248ns
  Clock Uncertainty:      0.259ns  ((TSJ^2 + DJ^2)^1/2) / 2 + PE
    Total System Jitter     (TSJ):    0.071ns
    Discrete Jitter          (DJ):    0.175ns
    Phase Error              (PE):    0.165ns

    Location             Delay type                Incr(ns)  Path(ns)    Netlist Resource(s)
  -------------------------------------------------------------------    -------------------
                         (clock sys_clk rise edge)    0.000     0.000 r  
    W17                                               0.000     0.000 r  sys_clk (IN)
                         net (fo=0)                   0.000     0.000    sys_clk
    W17                  IBUF (Prop_ibuf_I_O)         0.252     0.252 r  sys_clk_IBUF_inst/O
                         net (fo=1, routed)           0.674     0.926    sys_clk_IBUF
    BUFGCTRL_X0Y4        BUFG (Prop_bufg_I_O)         0.026     0.952 r  sys_clk_IBUF_BUFG_inst/O
                         net (fo=186, routed)         0.568     1.520    u_pl/u_k1l/sys_clk_IBUF_BUFG
    SLICE_X60Y74         FDRE                                         r  u_pl/u_k1l/tog_reg/C
  -------------------------------------------------------------------    -------------------
    SLICE_X60Y74         FDRE (Prop_fdre_C_Q)         0.128     1.648 r  u_pl/u_k1l/tog_reg/Q
                         net (fo=3, routed)           0.790     2.438    u_pl/u_mode/D[0]
    SLICE_X54Y80         FDCE                                         r  u_pl/u_mode/lsync_reg[0]/D
  -------------------------------------------------------------------    -------------------

                         (clock clkout0_1 rise edge)
                                                      0.000     0.000 r  
    W17                                               0.000     0.000 r  sys_clk (IN)
                         net (fo=0)                   0.000     0.000    sys_clk
    W17                  IBUF (Prop_ibuf_I_O)         0.440     0.440 r  sys_clk_IBUF_inst/O
                         net (fo=1, routed)           0.731     1.171    sys_clk_IBUF
    BUFGCTRL_X0Y4        BUFG (Prop_bufg_I_O)         0.029     1.200 r  sys_clk_IBUF_BUFG_inst/O
                         net (fo=186, routed)         0.862     2.062    u_pl/u_clk/sys_clk_IBUF_BUFG
    MMCME2_ADV_X1Y0      MMCME2_ADV (Prop_mmcme2_adv_CLKIN1_CLKOUT0)
                                                     -1.467     0.595 r  u_pl/u_clk/u_mmcm/CLKOUT0
                         net (fo=1, routed)           0.576     1.171    u_pl/u_clk/clkout0
    BUFGCTRL_X0Y0        BUFG (Prop_bufg_I_O)         0.029     1.200 r  u_pl/u_clk/u_bufg_pix/O
                         net (fo=5515, routed)        0.837     2.037    u_pl/u_mode/clk_pix
    SLICE_X54Y80         FDCE                                         r  u_pl/u_mode/lsync_reg[0]/C
                         clock pessimism             -0.248     1.789    
                         clock uncertainty            0.259     2.048    
    SLICE_X54Y80         FDCE (Hold_fdce_C_D)         0.005     2.053    u_pl/u_mode/lsync_reg[0]
  -------------------------------------------------------------------
                         required time                         -2.053    
                         arrival time                           2.438    
  -------------------------------------------------------------------
                         slack                                  0.384    





