Copyright 1986-2022 Xilinx, Inc. All Rights Reserved. Copyright 2022-2026 Advanced Micro Devices, Inc. All Rights Reserved.
---------------------------------------------------------------------------------------------------------------------------------------------
| Tool Version : Vivado v.2025.2.1 (win64) Build 6403652 Thu Mar 19 19:48:24 GMT 2026
| Date         : Fri Sep 25 17:47:23 2026
| Host         : Uie-laptop running 64-bit major release  (build 9200)
| Command      : report_timing_summary -file D:/Xilinx/Prj/pro/Video_Processing/build/timing_summary.rpt
| Design       : system_top
| Device       : 7z020-clg484
| Speed File   : -2  PRODUCTION 1.12 2019-11-22
| Design State : Routed
---------------------------------------------------------------------------------------------------------------------------------------------

Timing Summary Report

------------------------------------------------------------------------------------------------
| Timer Settings
| --------------
------------------------------------------------------------------------------------------------

  Enable Multi Corner Analysis               :  Yes
  Enable Pessimism Removal                   :  Yes
  Pessimism Removal Resolution               :  Nearest Common Node
  Enable Input Delay Default Clock           :  No
  Enable Preset / Clear Arcs                 :  No
  Disable Flight Delays                      :  No
  Ignore I/O Paths                           :  No
  Timing Early Launch at Borrowing Latches   :  No
  Borrow Time for Max Delay Exceptions       :  Yes
  Merge Timing Exceptions                    :  Yes
  Inter-SLR Compensation                     :  Conservative

  Corner  Analyze    Analyze    
  Name    Max Paths  Min Paths  
  ------  ---------  ---------  
  Slow    Yes        Yes        
  Fast    Yes        Yes        


------------------------------------------------------------------------------------------------
| Report Methodology
| ------------------
------------------------------------------------------------------------------------------------

Rule       Severity  Description                                                Violations  
---------  --------  ---------------------------------------------------------  ----------  
DPIR-1     Warning   Asynchronous driver check                                  40          
LUTAR-1    Warning   LUT drives async reset alert                               1           
SYNTH-5    Warning   Mapped onto distributed RAM because of timing constraints  160         
SYNTH-6    Warning   Timing of a RAM block might be sub-optimal                 99          
TIMING-9   Warning   Unknown CDC Logic                                          1           
TIMING-10  Warning   Missing property on synchronizer                           1           
TIMING-18  Warning   Missing input or output delay                              7           

Note: This report is based on the most recent report_methodology run and may not be up-to-date. Run report_methodology on the current design for the latest report.



check_timing report

Table of Contents
-----------------
1. checking no_clock (0)
2. checking constant_clock (0)
3. checking pulse_width_clock (0)
4. checking unconstrained_internal_endpoints (0)
5. checking no_input_delay (7)
6. checking no_output_delay (12)
7. checking multiple_clock (0)
8. checking generated_clocks (0)
9. checking loops (0)
10. checking partial_input_delay (0)
11. checking partial_output_delay (0)
12. checking latch_loops (0)

1. checking no_clock (0)
------------------------
 There are 0 register/latch pins with no clock.


2. checking constant_clock (0)
------------------------------
 There are 0 register/latch pins with constant_clock.


3. checking pulse_width_clock (0)
---------------------------------
 There are 0 register/latch pins which need pulse_width check


4. checking unconstrained_internal_endpoints (0)
------------------------------------------------
 There are 0 pins that are not constrained for maximum delay.

 There are 0 pins that are not constrained for maximum delay due to constant clock.


5. checking no_input_delay (7)
------------------------------
 There are 5 input ports with no input delay specified. (HIGH)

 There are 2 input ports with no input delay but user has a false path constraint. (MEDIUM)


6. checking no_output_delay (12)
--------------------------------
 There are 6 ports with no output delay specified. (HIGH)

 There are 6 ports with no output delay but user has a false path constraint (MEDIUM)

 There are 0 ports with no output delay but with a timing clock defined on it or propagating through it


7. checking multiple_clock (0)
------------------------------
 There are 0 register/latch pins with multiple clocks.


8. checking generated_clocks (0)
--------------------------------
 There are 0 generated clocks that are not connected to a clock source.


9. checking loops (0)
---------------------
 There are 0 combinational loops in the design.


10. checking partial_input_delay (0)
------------------------------------
 There are 0 input ports with partial input delay specified.


11. checking partial_output_delay (0)
-------------------------------------
 There are 0 ports with partial output delay specified.


12. checking latch_loops (0)
----------------------------
 There are 0 combinational latch loops in the design through latch input



------------------------------------------------------------------------------------------------
| Design Timing Summary
| ---------------------
------------------------------------------------------------------------------------------------

    WNS(ns)      TNS(ns)  TNS Failing Endpoints  TNS Total Endpoints      WHS(ns)      THS(ns)  THS Failing Endpoints  THS Total Endpoints     WPWS(ns)     TPWS(ns)  TPWS Failing Endpoints  TPWS Total Endpoints  
    -------      -------  ---------------------  -------------------      -------      -------  ---------------------  -------------------     --------     --------  ----------------------  --------------------  
      0.575        0.000                      0                33692        0.053        0.000                      0                33692        0.264        0.000                       0                 11519  


All user specified timing constraints are met.


------------------------------------------------------------------------------------------------
| Clock Summary
| -------------
------------------------------------------------------------------------------------------------

Clock         Waveform(ns)         Period(ns)      Frequency(MHz)
-----         ------------         ----------      --------------
clk_fpga_0    {0.000 5.000}        10.000          100.000         
eth_rxc       {0.000 4.000}        8.000           125.000         
sys_clk       {0.000 10.000}       20.000          50.000          
  clkfbout    {0.000 10.000}       20.000          50.000          
  clkfbout_1  {0.000 10.000}       20.000          50.000          
  clkout0_1   {0.000 10.000}       20.000          50.000          
  clkout1_1   {0.000 2.000}        4.000           250.000         
  clkout2     {0.000 2.500}        5.000           200.000         


------------------------------------------------------------------------------------------------
| Intra Clock Table
| -----------------
------------------------------------------------------------------------------------------------

Clock             WNS(ns)      TNS(ns)  TNS Failing Endpoints  TNS Total Endpoints      WHS(ns)      THS(ns)  THS Failing Endpoints  THS Total Endpoints     WPWS(ns)     TPWS(ns)  TPWS Failing Endpoints  TPWS Total Endpoints  
-----             -------      -------  ---------------------  -------------------      -------      -------  ---------------------  -------------------     --------     --------  ----------------------  --------------------  
clk_fpga_0          1.184        0.000                      0                15661        0.053        0.000                      0                15661        3.870        0.000                       0                  4333  
eth_rxc             0.575        0.000                      0                 4818        0.108        0.000                      0                 4818        3.500        0.000                       0                  2528  
sys_clk            13.735        0.000                      0                  287        0.144        0.000                      0                  287        7.000        0.000                       0                   201  
  clkfbout                                                                                                                                                     18.408        0.000                       0                     3  
  clkfbout_1                                                                                                                                                   18.408        0.000                       0                     3  
  clkout0_1         1.073        0.000                      0                12887        0.082        0.000                      0                12887        8.870        0.000                       0                  4438  
  clkout1_1                                                                                                                                                     2.408        0.000                       0                    10  
  clkout2                                                                                                                                                       0.264        0.000                       0                     3  


------------------------------------------------------------------------------------------------
| Inter Clock Table
| -----------------
------------------------------------------------------------------------------------------------

From Clock    To Clock          WNS(ns)      TNS(ns)  TNS Failing Endpoints  TNS Total Endpoints      WHS(ns)      THS(ns)  THS Failing Endpoints  THS Total Endpoints  
----------    --------          -------      -------  ---------------------  -------------------      -------      -------  ---------------------  -------------------  
clkout0_1     sys_clk            17.333        0.000                      0                    1        0.255        0.000                      0                    1  
sys_clk       clkout0_1           6.285        0.000                      0                  153        0.268        0.000                      0                  153  


------------------------------------------------------------------------------------------------
| Other Path Groups Table
| -----------------------
------------------------------------------------------------------------------------------------

Path Group    From Clock    To Clock          WNS(ns)      TNS(ns)  TNS Failing Endpoints  TNS Total Endpoints      WHS(ns)      THS(ns)  THS Failing Endpoints  THS Total Endpoints  
----------    ----------    --------          -------      -------  ---------------------  -------------------      -------      -------  ---------------------  -------------------  


------------------------------------------------------------------------------------------------
| Timing Details
| --------------
------------------------------------------------------------------------------------------------


---------------------------------------------------------------------------------------------------
From Clock:  clk_fpga_0
  To Clock:  clk_fpga_0

Setup :            0  Failing Endpoints,  Worst Slack        1.184ns,  Total Violation        0.000ns
Hold  :            0  Failing Endpoints,  Worst Slack        0.053ns,  Total Violation        0.000ns
PW    :            0  Failing Endpoints,  Worst Slack        3.870ns,  Total Violation        0.000ns
---------------------------------------------------------------------------------------------------


Max Delay Paths
--------------------------------------------------------------------------------------
Slack (MET) :             1.184ns  (required time - arrival time)
  Source:                 u_pl/u_arb/owner_eth_reg_rep/C
                            (rising edge-triggered cell FDCE clocked by clk_fpga_0  {rise@0.000ns fall@5.000ns period=10.000ns})
  Destination:            u_pl/u_fb/lo_reg_0_6/ADDRARDADDR[12]
                            (rising edge-triggered cell RAMB36E1 clocked by clk_fpga_0  {rise@0.000ns fall@5.000ns period=10.000ns})
  Path Group:             clk_fpga_0
  Path Type:              Setup (Max at Slow Process Corner)
  Requirement:            10.000ns  (clk_fpga_0 rise@10.000ns - clk_fpga_0 rise@0.000ns)
  Data Path Delay:        8.179ns  (logic 0.590ns (7.213%)  route 7.589ns (92.787%))
  Logic Levels:           1  (LUT3=1)
  Clock Path Skew:        0.008ns (DCD - SCD + CPR)
    Destination Clock Delay (DCD):    2.364ns = ( 12.364 - 10.000 ) 
    Source Clock Delay      (SCD):    2.465ns
    Clock Pessimism Removal (CPR):    0.109ns
  Clock Uncertainty:      0.154ns  ((TSJ^2 + TIJ^2)^1/2 + DJ) / 2 + PE
    Total System Jitter     (TSJ):    0.071ns
    Total Input Jitter      (TIJ):    0.300ns
    Discrete Jitter          (DJ):    0.000ns
    Phase Error              (PE):    0.000ns

    Location             Delay type                Incr(ns)  Path(ns)    Netlist Resource(s)
  -------------------------------------------------------------------    -------------------
                         (clock clk_fpga_0 rise edge)
                                                      0.000     0.000 r  
    PS7_X0Y0             PS7                          0.000     0.000 r  u_bd/design_1_i/processing_system7_0/inst/PS7_i/FCLKCLK[0]
                         net (fo=1, routed)           0.994     0.994    u_bd/design_1_i/processing_system7_0/inst/FCLK_CLK_unbuffered[0]
    BUFGCTRL_X0Y16       BUFG (Prop_bufg_I_O)         0.085     1.079 r  u_bd/design_1_i/processing_system7_0/inst/buffer_fclk_clk_0.FCLK_CLK_0_BUFG/O
                         net (fo=4334, routed)        1.386     2.465    u_pl/u_arb/FCLK_CLK0
    SLICE_X47Y61         FDCE                                         r  u_pl/u_arb/owner_eth_reg_rep/C
  -------------------------------------------------------------------    -------------------
    SLICE_X47Y61         FDCE (Prop_fdce_C_Q)         0.348     2.813 r  u_pl/u_arb/owner_eth_reg_rep/Q
                         net (fo=168, routed)         1.939     4.752    u_pl/u_row/active_reg_3
    SLICE_X43Y46         LUT3 (Prop_lut3_I2_O)        0.242     4.994 r  u_pl/u_row/lo_reg_0_0_i_4/O
                         net (fo=10, routed)          5.651    10.644    u_pl/u_fb/lo_reg_0_0_0[12]
    RAMB36_X5Y16         RAMB36E1                                     r  u_pl/u_fb/lo_reg_0_6/ADDRARDADDR[12]
  -------------------------------------------------------------------    -------------------

                         (clock clk_fpga_0 rise edge)
                                                     10.000    10.000 r  
    PS7_X0Y0             PS7                          0.000    10.000 r  u_bd/design_1_i/processing_system7_0/inst/PS7_i/FCLKCLK[0]
                         net (fo=1, routed)           0.905    10.906    u_bd/design_1_i/processing_system7_0/inst/FCLK_CLK_unbuffered[0]
    BUFGCTRL_X0Y16       BUFG (Prop_bufg_I_O)         0.077    10.983 r  u_bd/design_1_i/processing_system7_0/inst/buffer_fclk_clk_0.FCLK_CLK_0_BUFG/O
                         net (fo=4334, routed)        1.382    12.364    u_pl/u_fb/FCLK_CLK0
    RAMB36_X5Y16         RAMB36E1                                     r  u_pl/u_fb/lo_reg_0_6/CLKARDCLK
                         clock pessimism              0.109    12.473    
                         clock uncertainty           -0.154    12.319    
    RAMB36_X5Y16         RAMB36E1 (Setup_ramb36e1_CLKARDCLK_ADDRARDADDR[12])
                                                     -0.490    11.829    u_pl/u_fb/lo_reg_0_6
  -------------------------------------------------------------------
                         required time                         11.829    
                         arrival time                         -10.644    
  -------------------------------------------------------------------
                         slack                                  1.184    





Min Delay Paths
--------------------------------------------------------------------------------------
Slack (MET) :             0.053ns  (arrival time - required time)
  Source:                 u_bd/design_1_i/axi_gp0_ic/xbar/inst/gen_sasd.crossbar_sasd_0/reg_slice_r/m_payload_i_reg[8]/C
                            (rising edge-triggered cell FDRE clocked by clk_fpga_0  {rise@0.000ns fall@5.000ns period=10.000ns})
  Destination:            u_bd/design_1_i/axi_gp0_ic/s00_couplers/auto_pc/inst/gen_axilite.gen_b2s_conv.axilite_b2s/RD.r_channel_0/rd_data_fifo_0/memory_reg[31][5]_srl32/D
                            (rising edge-triggered cell SRLC32E clocked by clk_fpga_0  {rise@0.000ns fall@5.000ns period=10.000ns})
  Path Group:             clk_fpga_0
  Path Type:              Hold (Min at Fast Process Corner)
  Requirement:            0.000ns  (clk_fpga_0 rise@0.000ns - clk_fpga_0 rise@0.000ns)
  Data Path Delay:        0.249ns  (logic 0.141ns (56.528%)  route 0.108ns (43.472%))
  Logic Levels:           0  
  Clock Path Skew:        0.013ns (DCD - SCD - CPR)
    Destination Clock Delay (DCD):    1.190ns
    Source Clock Delay      (SCD):    0.893ns
    Clock Pessimism Removal (CPR):    0.284ns

    Location             Delay type                Incr(ns)  Path(ns)    Netlist Resource(s)
  -------------------------------------------------------------------    -------------------
                         (clock clk_fpga_0 rise edge)
                                                      0.000     0.000 r  
    PS7_X0Y0             PS7                          0.000     0.000 r  u_bd/design_1_i/processing_system7_0/inst/PS7_i/FCLKCLK[0]
                         net (fo=1, routed)           0.310     0.310    u_bd/design_1_i/processing_system7_0/inst/FCLK_CLK_unbuffered[0]
    BUFGCTRL_X0Y16       BUFG (Prop_bufg_I_O)         0.026     0.336 r  u_bd/design_1_i/processing_system7_0/inst/buffer_fclk_clk_0.FCLK_CLK_0_BUFG/O
                         net (fo=4334, routed)        0.557     0.893    u_bd/design_1_i/axi_gp0_ic/xbar/inst/gen_sasd.crossbar_sasd_0/reg_slice_r/aclk
    SLICE_X33Y91         FDRE                                         r  u_bd/design_1_i/axi_gp0_ic/xbar/inst/gen_sasd.crossbar_sasd_0/reg_slice_r/m_payload_i_reg[8]/C
  -------------------------------------------------------------------    -------------------
    SLICE_X33Y91         FDRE (Prop_fdre_C_Q)         0.141     1.034 r  u_bd/design_1_i/axi_gp0_ic/xbar/inst/gen_sasd.crossbar_sasd_0/reg_slice_r/m_payload_i_reg[8]/Q
                         net (fo=1, routed)           0.108     1.142    u_bd/design_1_i/axi_gp0_ic/s00_couplers/auto_pc/inst/gen_axilite.gen_b2s_conv.axilite_b2s/RD.r_channel_0/rd_data_fifo_0/in[5]
    SLICE_X32Y91         SRLC32E                                      r  u_bd/design_1_i/axi_gp0_ic/s00_couplers/auto_pc/inst/gen_axilite.gen_b2s_conv.axilite_b2s/RD.r_channel_0/rd_data_fifo_0/memory_reg[31][5]_srl32/D
  -------------------------------------------------------------------    -------------------

                         (clock clk_fpga_0 rise edge)
                                                      0.000     0.000 r  
    PS7_X0Y0             PS7                          0.000     0.000 r  u_bd/design_1_i/processing_system7_0/inst/PS7_i/FCLKCLK[0]
                         net (fo=1, routed)           0.337     0.337    u_bd/design_1_i/processing_system7_0/inst/FCLK_CLK_unbuffered[0]
    BUFGCTRL_X0Y16       BUFG (Prop_bufg_I_O)         0.029     0.366 r  u_bd/design_1_i/processing_system7_0/inst/buffer_fclk_clk_0.FCLK_CLK_0_BUFG/O
                         net (fo=4334, routed)        0.824     1.190    u_bd/design_1_i/axi_gp0_ic/s00_couplers/auto_pc/inst/gen_axilite.gen_b2s_conv.axilite_b2s/RD.r_channel_0/rd_data_fifo_0/aclk
    SLICE_X32Y91         SRLC32E                                      r  u_bd/design_1_i/axi_gp0_ic/s00_couplers/auto_pc/inst/gen_axilite.gen_b2s_conv.axilite_b2s/RD.r_channel_0/rd_data_fifo_0/memory_reg[31][5]_srl32/CLK
                         clock pessimism             -0.284     0.906    
    SLICE_X32Y91         SRLC32E (Hold_srlc32e_CLK_D)
                                                      0.183     1.089    u_bd/design_1_i/axi_gp0_ic/s00_couplers/auto_pc/inst/gen_axilite.gen_b2s_conv.axilite_b2s/RD.r_channel_0/rd_data_fifo_0/memory_reg[31][5]_srl32
  -------------------------------------------------------------------
                         required time                         -1.089    
                         arrival time                           1.142    
  -------------------------------------------------------------------
                         slack                                  0.053    





Pulse Width Checks
--------------------------------------------------------------------------------------
Clock Name:         clk_fpga_0
Waveform(ns):       { 0.000 5.000 }
Period(ns):         10.000
Sources:            { u_bd/design_1_i/processing_system7_0/inst/PS7_i/FCLKCLK[0] }

Check Type        Corner  Lib Pin             Reference Pin  Required(ns)  Actual(ns)  Slack(ns)  Location      Pin
Min Period        n/a     RAMB36E1/CLKBWRCLK  n/a            2.170         10.000      7.830      RAMB36_X2Y4   u_eth/u_cdc/mem_reg_0/CLKBWRCLK
Low Pulse Width   Slow    RAMD64E/CLK         n/a            1.130         5.000       3.870      SLICE_X16Y27  u_eth/u_saver/q_addr_reg_0_63_12_14/RAMA/CLK
High Pulse Width  Slow    RAMD64E/CLK         n/a            1.130         5.000       3.870      SLICE_X16Y27  u_eth/u_saver/q_addr_reg_0_63_12_14/RAMA/CLK



---------------------------------------------------------------------------------------------------
From Clock:  eth_rxc
  To Clock:  eth_rxc

Setup :            0  Failing Endpoints,  Worst Slack        0.575ns,  Total Violation        0.000ns
Hold  :            0  Failing Endpoints,  Worst Slack        0.108ns,  Total Violation        0.000ns
PW    :            0  Failing Endpoints,  Worst Slack        3.500ns,  Total Violation        0.000ns
---------------------------------------------------------------------------------------------------


Max Delay Paths
--------------------------------------------------------------------------------------
Slack (MET) :             0.575ns  (required time - arrival time)
  Source:                 u_eth/u_lm/ms32_reg[4]/C
                            (rising edge-triggered cell FDCE clocked by eth_rxc  {rise@0.000ns fall@4.000ns period=8.000ns})
  Destination:            u_eth/u_lm/gap_min_reg[2]/CE
                            (rising edge-triggered cell FDCE clocked by eth_rxc  {rise@0.000ns fall@4.000ns period=8.000ns})
  Path Group:             eth_rxc
  Path Type:              Setup (Max at Slow Process Corner)
  Requirement:            8.000ns  (eth_rxc rise@8.000ns - eth_rxc rise@0.000ns)
  Data Path Delay:        6.957ns  (logic 2.567ns (36.900%)  route 4.390ns (63.100%))
  Logic Levels:           11  (CARRY4=6 LUT2=1 LUT4=2 LUT5=2)
  Clock Path Skew:        -0.096ns (DCD - SCD + CPR)
    Destination Clock Delay (DCD):    4.378ns = ( 12.378 - 8.000 ) 
    Source Clock Delay      (SCD):    4.816ns
    Clock Pessimism Removal (CPR):    0.342ns
  Clock Uncertainty:      0.035ns  ((TSJ^2 + TIJ^2)^1/2 + DJ) / 2 + PE
    Total System Jitter     (TSJ):    0.071ns
    Total Input Jitter      (TIJ):    0.000ns
    Discrete Jitter          (DJ):    0.000ns
    Phase Error              (PE):    0.000ns

    Location             Delay type                Incr(ns)  Path(ns)    Netlist Resource(s)
  -------------------------------------------------------------------    -------------------
                         (clock eth_rxc rise edge)    0.000     0.000 r  
    Y19                                               0.000     0.000 r  eth_rxc (IN)
                         net (fo=0)                   0.000     0.000    eth_rxc
    Y19                  IBUF (Prop_ibuf_I_O)         1.430     1.430 r  eth_rxc_IBUF_inst/O
                         net (fo=2, routed)           1.873     3.303    u_eth/u_rgmii/u_rgmii_rx/rgmii_rxc
    BUFGCTRL_X0Y1        BUFG (Prop_bufg_I_O)         0.085     3.388 r  u_eth/u_rgmii/u_rgmii_rx/BUFG_inst/O
                         net (fo=2522, routed)        1.428     4.816    u_eth/u_lm/gmii_rx_clk
    SLICE_X30Y63         FDCE                                         r  u_eth/u_lm/ms32_reg[4]/C
  -------------------------------------------------------------------    -------------------
    SLICE_X30Y63         FDCE (Prop_fdce_C_Q)         0.433     5.249 r  u_eth/u_lm/ms32_reg[4]/Q
                         net (fo=4, routed)           0.628     5.877    u_eth/u_lm/ms32_reg[4]
    SLICE_X31Y63         LUT2 (Prop_lut2_I0_O)        0.105     5.982 r  u_eth/u_lm/gap_min[7]_i_6/O
                         net (fo=1, routed)           0.000     5.982    u_eth/u_lm/gap_min[7]_i_6_n_0
    SLICE_X31Y63         CARRY4 (Prop_carry4_S[0]_CO[3])
                                                      0.440     6.422 r  u_eth/u_lm/gap_min_reg[7]_i_2/CO[3]
                         net (fo=1, routed)           0.000     6.422    u_eth/u_lm/gap_min_reg[7]_i_2_n_0
    SLICE_X31Y64         CARRY4 (Prop_carry4_CI_CO[3])
                                                      0.098     6.520 r  u_eth/u_lm/gap_min_reg[11]_i_2/CO[3]
                         net (fo=1, routed)           0.000     6.520    u_eth/u_lm/gap_min_reg[11]_i_2_n_0
    SLICE_X31Y65         CARRY4 (Prop_carry4_CI_CO[3])
                                                      0.098     6.618 r  u_eth/u_lm/gap_min_reg[15]_i_5/CO[3]
                         net (fo=1, routed)           0.000     6.618    u_eth/u_lm/gap_min_reg[15]_i_5_n_0
    SLICE_X31Y66         CARRY4 (Prop_carry4_CI_O[1])
                                                      0.265     6.883 r  u_eth/u_lm/gap_min_reg[15]_i_33/O[1]
                         net (fo=1, routed)           0.776     7.659    u_eth/u_lm/gap_min_reg[15]_i_33_n_6
    SLICE_X29Y68         LUT4 (Prop_lut4_I2_O)        0.250     7.909 r  u_eth/u_lm/gap_min[15]_i_15/O
                         net (fo=1, routed)           0.551     8.460    u_eth/u_lm/gap_min[15]_i_15_n_0
    SLICE_X29Y68         LUT4 (Prop_lut4_I0_O)        0.105     8.565 r  u_eth/u_lm/gap_min[15]_i_4/O
                         net (fo=96, routed)          1.050     9.615    u_eth/u_lm/gap_min[15]_i_4_n_0
    SLICE_X36Y61         LUT5 (Prop_lut5_I1_O)        0.105     9.720 r  u_eth/u_lm/gap_min[15]_i_29/O
                         net (fo=1, routed)           0.000     9.720    u_eth/u_lm/gap_min[15]_i_29_n_0
    SLICE_X36Y61         CARRY4 (Prop_carry4_S[1]_CO[3])
                                                      0.444    10.164 r  u_eth/u_lm/gap_min_reg[15]_i_6/CO[3]
                         net (fo=1, routed)           0.000    10.164    u_eth/u_lm/gap_min_reg[15]_i_6_n_0
    SLICE_X36Y62         CARRY4 (Prop_carry4_CI_CO[3])
                                                      0.100    10.264 r  u_eth/u_lm/gap_min_reg[15]_i_3/CO[3]
                         net (fo=17, routed)          0.902    11.167    u_eth/u_lm/gap_min_reg[15]_i_3_n_0
    SLICE_X37Y60         LUT5 (Prop_lut5_I2_O)        0.124    11.291 r  u_eth/u_lm/gap_min[15]_i_1/O
                         net (fo=16, routed)          0.482    11.772    u_eth/u_lm/gap_min[15]_i_1_n_0
    SLICE_X37Y60         FDCE                                         r  u_eth/u_lm/gap_min_reg[2]/CE
  -------------------------------------------------------------------    -------------------

                         (clock eth_rxc rise edge)    8.000     8.000 r  
    Y19                                               0.000     8.000 r  eth_rxc (IN)
                         net (fo=0)                   0.000     8.000    eth_rxc
    Y19                  IBUF (Prop_ibuf_I_O)         1.364     9.364 r  eth_rxc_IBUF_inst/O
                         net (fo=2, routed)           1.701    11.065    u_eth/u_rgmii/u_rgmii_rx/rgmii_rxc
    BUFGCTRL_X0Y1        BUFG (Prop_bufg_I_O)         0.077    11.142 r  u_eth/u_rgmii/u_rgmii_rx/BUFG_inst/O
                         net (fo=2522, routed)        1.236    12.378    u_eth/u_lm/gmii_rx_clk
    SLICE_X37Y60         FDCE                                         r  u_eth/u_lm/gap_min_reg[2]/C
                         clock pessimism              0.342    12.720    
                         clock uncertainty           -0.035    12.684    
    SLICE_X37Y60         FDCE (Setup_fdce_C_CE)      -0.337    12.347    u_eth/u_lm/gap_min_reg[2]
  -------------------------------------------------------------------
                         required time                         12.347    
                         arrival time                         -11.772    
  -------------------------------------------------------------------
                         slack                                  0.575    





Min Delay Paths
--------------------------------------------------------------------------------------
Slack (MET) :             0.108ns  (arrival time - required time)
  Source:                 u_eth/u_icmp_fifo/rptr_reg_rep[7]/C
                            (rising edge-triggered cell FDCE clocked by eth_rxc  {rise@0.000ns fall@4.000ns period=8.000ns})
  Destination:            u_eth/u_icmp_fifo/mem_reg/ADDRBWRADDR[10]
                            (rising edge-triggered cell RAMB18E1 clocked by eth_rxc  {rise@0.000ns fall@4.000ns period=8.000ns})
  Path Group:             eth_rxc
  Path Type:              Hold (Min at Fast Process Corner)
  Requirement:            0.000ns  (eth_rxc rise@0.000ns - eth_rxc rise@0.000ns)
  Data Path Delay:        0.345ns  (logic 0.141ns (40.927%)  route 0.204ns (59.073%))
  Logic Levels:           0  
  Clock Path Skew:        0.054ns (DCD - SCD - CPR)
    Destination Clock Delay (DCD):    2.130ns
    Source Clock Delay      (SCD):    1.574ns
    Clock Pessimism Removal (CPR):    0.502ns

    Location             Delay type                Incr(ns)  Path(ns)    Netlist Resource(s)
  -------------------------------------------------------------------    -------------------
                         (clock eth_rxc rise edge)    0.000     0.000 r  
    Y19                                               0.000     0.000 r  eth_rxc (IN)
                         net (fo=0)                   0.000     0.000    eth_rxc
    Y19                  IBUF (Prop_ibuf_I_O)         0.266     0.266 r  eth_rxc_IBUF_inst/O
                         net (fo=2, routed)           0.674     0.940    u_eth/u_rgmii/u_rgmii_rx/rgmii_rxc
    BUFGCTRL_X0Y1        BUFG (Prop_bufg_I_O)         0.026     0.966 r  u_eth/u_rgmii/u_rgmii_rx/BUFG_inst/O
                         net (fo=2522, routed)        0.608     1.574    u_eth/u_icmp_fifo/gmii_rx_clk
    SLICE_X105Y35        FDCE                                         r  u_eth/u_icmp_fifo/rptr_reg_rep[7]/C
  -------------------------------------------------------------------    -------------------
    SLICE_X105Y35        FDCE (Prop_fdce_C_Q)         0.141     1.715 r  u_eth/u_icmp_fifo/rptr_reg_rep[7]/Q
                         net (fo=1, routed)           0.204     1.919    u_eth/u_icmp_fifo/rptr_reg_rep[7]
    RAMB18_X5Y14         RAMB18E1                                     r  u_eth/u_icmp_fifo/mem_reg/ADDRBWRADDR[10]
  -------------------------------------------------------------------    -------------------

                         (clock eth_rxc rise edge)    0.000     0.000 r  
    Y19                                               0.000     0.000 r  eth_rxc (IN)
                         net (fo=0)                   0.000     0.000    eth_rxc
    Y19                  IBUF (Prop_ibuf_I_O)         0.454     0.454 r  eth_rxc_IBUF_inst/O
                         net (fo=2, routed)           0.731     1.185    u_eth/u_rgmii/u_rgmii_rx/rgmii_rxc
    BUFGCTRL_X0Y1        BUFG (Prop_bufg_I_O)         0.029     1.214 r  u_eth/u_rgmii/u_rgmii_rx/BUFG_inst/O
                         net (fo=2522, routed)        0.916     2.130    u_eth/u_icmp_fifo/gmii_rx_clk
    RAMB18_X5Y14         RAMB18E1                                     r  u_eth/u_icmp_fifo/mem_reg/CLKBWRCLK
                         clock pessimism             -0.502     1.628    
    RAMB18_X5Y14         RAMB18E1 (Hold_ramb18e1_CLKBWRCLK_ADDRBWRADDR[10])
                                                      0.183     1.811    u_eth/u_icmp_fifo/mem_reg
  -------------------------------------------------------------------
                         required time                         -1.811    
                         arrival time                           1.919    
  -------------------------------------------------------------------
                         slack                                  0.108    





Pulse Width Checks
--------------------------------------------------------------------------------------
Clock Name:         eth_rxc
Waveform(ns):       { 0.000 4.000 }
Period(ns):         8.000
Sources:            { eth_rxc }

Check Type        Corner  Lib Pin             Reference Pin  Required(ns)  Actual(ns)  Slack(ns)  Location      Pin
Min Period        n/a     RAMB18E1/CLKARDCLK  n/a            2.472         8.000       5.528      RAMB18_X5Y14  u_eth/u_icmp_fifo/mem_reg/CLKARDCLK
Low Pulse Width   Slow    FDCE/C              n/a            0.500         4.000       3.500      SLICE_X28Y19  u_eth/flush_pend_reg/C
High Pulse Width  Slow    FDCE/C              n/a            0.500         4.000       3.500      SLICE_X28Y19  u_eth/flush_pend_reg/C



---------------------------------------------------------------------------------------------------
From Clock:  sys_clk
  To Clock:  sys_clk

Setup :            0  Failing Endpoints,  Worst Slack       13.735ns,  Total Violation        0.000ns
Hold  :            0  Failing Endpoints,  Worst Slack        0.144ns,  Total Violation        0.000ns
PW    :            0  Failing Endpoints,  Worst Slack        7.000ns,  Total Violation        0.000ns
---------------------------------------------------------------------------------------------------


Max Delay Paths
--------------------------------------------------------------------------------------
Slack (MET) :             13.735ns  (required time - arrival time)
  Source:                 u_pl/sec_div_reg[20]/C
                            (rising edge-triggered cell FDCE clocked by sys_clk  {rise@0.000ns fall@10.000ns period=20.000ns})
  Destination:            u_pl/fps_acc_reg[0]/CE
                            (rising edge-triggered cell FDCE clocked by sys_clk  {rise@0.000ns fall@10.000ns period=20.000ns})
  Path Group:             sys_clk
  Path Type:              Setup (Max at Slow Process Corner)
  Requirement:            20.000ns  (sys_clk rise@20.000ns - sys_clk rise@0.000ns)
  Data Path Delay:        5.899ns  (logic 1.007ns (17.070%)  route 4.892ns (82.930%))
  Logic Levels:           5  (LUT3=1 LUT4=1 LUT5=1 LUT6=2)
  Clock Path Skew:        -0.195ns (DCD - SCD + CPR)
    Destination Clock Delay (DCD):    4.355ns = ( 24.355 - 20.000 ) 
    Source Clock Delay      (SCD):    4.808ns
    Clock Pessimism Removal (CPR):    0.258ns
  Clock Uncertainty:      0.035ns  ((TSJ^2 + TIJ^2)^1/2 + DJ) / 2 + PE
    Total System Jitter     (TSJ):    0.071ns
    Total Input Jitter      (TIJ):    0.000ns
    Discrete Jitter          (DJ):    0.000ns
    Phase Error              (PE):    0.000ns

    Location             Delay type                Incr(ns)  Path(ns)    Netlist Resource(s)
  -------------------------------------------------------------------    -------------------
                         (clock sys_clk rise edge)    0.000     0.000 r  
    W17                                               0.000     0.000 r  sys_clk (IN)
                         net (fo=0)                   0.000     0.000    sys_clk
    W17                  IBUF (Prop_ibuf_I_O)         1.415     1.415 r  sys_clk_IBUF_inst/O
                         net (fo=1, routed)           1.873     3.288    sys_clk_IBUF
    BUFGCTRL_X0Y4        BUFG (Prop_bufg_I_O)         0.085     3.373 r  sys_clk_IBUF_BUFG_inst/O
                         net (fo=200, routed)         1.435     4.808    u_pl/sys_clk_IBUF_BUFG
    SLICE_X67Y69         FDCE                                         r  u_pl/sec_div_reg[20]/C
  -------------------------------------------------------------------    -------------------
    SLICE_X67Y69         FDCE (Prop_fdce_C_Q)         0.348     5.156 r  u_pl/sec_div_reg[20]/Q
                         net (fo=2, routed)           0.850     6.006    u_pl/sec_div_reg_n_0_[20]
    SLICE_X67Y69         LUT4 (Prop_lut4_I3_O)        0.239     6.245 f  u_pl/sec_div[25]_i_8/O
                         net (fo=1, routed)           0.636     6.881    u_pl/sec_div[25]_i_8_n_0
    SLICE_X67Y68         LUT5 (Prop_lut5_I4_O)        0.105     6.986 f  u_pl/sec_div[25]_i_7/O
                         net (fo=1, routed)           0.507     7.493    u_pl/sec_div[25]_i_7_n_0
    SLICE_X67Y67         LUT6 (Prop_lut6_I5_O)        0.105     7.598 f  u_pl/sec_div[25]_i_4/O
                         net (fo=1, routed)           0.344     7.942    u_pl/sec_div[25]_i_4_n_0
    SLICE_X67Y66         LUT6 (Prop_lut6_I0_O)        0.105     8.047 r  u_pl/sec_div[25]_i_2/O
                         net (fo=42, routed)          1.465     9.512    u_pl/fps_q[0]
    SLICE_X62Y74         LUT3 (Prop_lut3_I2_O)        0.105     9.617 r  u_pl/fps_acc[7]_i_1/O
                         net (fo=8, routed)           1.090    10.707    u_pl/fps_acc[0]
    SLICE_X46Y81         FDCE                                         r  u_pl/fps_acc_reg[0]/CE
  -------------------------------------------------------------------    -------------------

                         (clock sys_clk rise edge)   20.000    20.000 r  
    W17                                               0.000    20.000 r  sys_clk (IN)
                         net (fo=0)                   0.000    20.000    sys_clk
    W17                  IBUF (Prop_ibuf_I_O)         1.349    21.349 r  sys_clk_IBUF_inst/O
                         net (fo=1, routed)           1.701    23.050    sys_clk_IBUF
    BUFGCTRL_X0Y4        BUFG (Prop_bufg_I_O)         0.077    23.127 r  sys_clk_IBUF_BUFG_inst/O
                         net (fo=200, routed)         1.228    24.355    u_pl/sys_clk_IBUF_BUFG
    SLICE_X46Y81         FDCE                                         r  u_pl/fps_acc_reg[0]/C
                         clock pessimism              0.258    24.613    
                         clock uncertainty           -0.035    24.578    
    SLICE_X46Y81         FDCE (Setup_fdce_C_CE)      -0.136    24.442    u_pl/fps_acc_reg[0]
  -------------------------------------------------------------------
                         required time                         24.442    
                         arrival time                         -10.707    
  -------------------------------------------------------------------
                         slack                                 13.735    





Min Delay Paths
--------------------------------------------------------------------------------------
Slack (MET) :             0.144ns  (arrival time - required time)
  Source:                 u_pl/fps_acc_reg[1]/C
                            (rising edge-triggered cell FDCE clocked by sys_clk  {rise@0.000ns fall@10.000ns period=20.000ns})
  Destination:            u_pl/fps_q_reg[1]/D
                            (rising edge-triggered cell FDCE clocked by sys_clk  {rise@0.000ns fall@10.000ns period=20.000ns})
  Path Group:             sys_clk
  Path Type:              Hold (Min at Fast Process Corner)
  Requirement:            0.000ns  (sys_clk rise@0.000ns - sys_clk rise@0.000ns)
  Data Path Delay:        0.242ns  (logic 0.141ns (58.290%)  route 0.101ns (41.710%))
  Logic Levels:           0  
  Clock Path Skew:        0.013ns (DCD - SCD - CPR)
    Destination Clock Delay (DCD):    2.018ns
    Source Clock Delay      (SCD):    1.504ns
    Clock Pessimism Removal (CPR):    0.501ns

    Location             Delay type                Incr(ns)  Path(ns)    Netlist Resource(s)
  -------------------------------------------------------------------    -------------------
                         (clock sys_clk rise edge)    0.000     0.000 r  
    W17                                               0.000     0.000 r  sys_clk (IN)
                         net (fo=0)                   0.000     0.000    sys_clk
    W17                  IBUF (Prop_ibuf_I_O)         0.252     0.252 r  sys_clk_IBUF_inst/O
                         net (fo=1, routed)           0.674     0.926    sys_clk_IBUF
    BUFGCTRL_X0Y4        BUFG (Prop_bufg_I_O)         0.026     0.952 r  sys_clk_IBUF_BUFG_inst/O
                         net (fo=200, routed)         0.552     1.504    u_pl/sys_clk_IBUF_BUFG
    SLICE_X47Y82         FDCE                                         r  u_pl/fps_acc_reg[1]/C
  -------------------------------------------------------------------    -------------------
    SLICE_X47Y82         FDCE (Prop_fdce_C_Q)         0.141     1.645 r  u_pl/fps_acc_reg[1]/Q
                         net (fo=2, routed)           0.101     1.746    u_pl/fps_acc_reg_n_0_[1]
    SLICE_X46Y82         FDCE                                         r  u_pl/fps_q_reg[1]/D
  -------------------------------------------------------------------    -------------------

                         (clock sys_clk rise edge)    0.000     0.000 r  
    W17                                               0.000     0.000 r  sys_clk (IN)
                         net (fo=0)                   0.000     0.000    sys_clk
    W17                  IBUF (Prop_ibuf_I_O)         0.440     0.440 r  sys_clk_IBUF_inst/O
                         net (fo=1, routed)           0.731     1.171    sys_clk_IBUF
    BUFGCTRL_X0Y4        BUFG (Prop_bufg_I_O)         0.029     1.200 r  sys_clk_IBUF_BUFG_inst/O
                         net (fo=200, routed)         0.818     2.018    u_pl/sys_clk_IBUF_BUFG
    SLICE_X46Y82         FDCE                                         r  u_pl/fps_q_reg[1]/C
                         clock pessimism             -0.501     1.517    
    SLICE_X46Y82         FDCE (Hold_fdce_C_D)         0.085     1.602    u_pl/fps_q_reg[1]
  -------------------------------------------------------------------
                         required time                         -1.602    
                         arrival time                           1.746    
  -------------------------------------------------------------------
                         slack                                  0.144    





Pulse Width Checks
--------------------------------------------------------------------------------------
Clock Name:         sys_clk
Waveform(ns):       { 0.000 10.000 }
Period(ns):         20.000
Sources:            { sys_clk }

Check Type        Corner  Lib Pin            Reference Pin  Required(ns)  Actual(ns)  Slack(ns)  Location         Pin
Min Period        n/a     BUFG/I             n/a            1.592         20.000      18.408     BUFGCTRL_X0Y4    sys_clk_IBUF_BUFG_inst/I
Max Period        n/a     MMCME2_ADV/CLKIN1  n/a            100.000       20.000      80.000     MMCME2_ADV_X0Y0  u_idelay_clkgen/u_mmcm/CLKIN1
Low Pulse Width   Slow    MMCME2_ADV/CLKIN1  n/a            3.000         10.000      7.000      MMCME2_ADV_X0Y0  u_idelay_clkgen/u_mmcm/CLKIN1
High Pulse Width  Slow    MMCME2_ADV/CLKIN1  n/a            3.000         10.000      7.000      MMCME2_ADV_X0Y0  u_idelay_clkgen/u_mmcm/CLKIN1



---------------------------------------------------------------------------------------------------
From Clock:  clkfbout
  To Clock:  clkfbout

Setup :           NA  Failing Endpoints,  Worst Slack           NA  ,  Total Violation           NA
Hold  :           NA  Failing Endpoints,  Worst Slack           NA  ,  Total Violation           NA
PW    :            0  Failing Endpoints,  Worst Slack       18.408ns,  Total Violation        0.000ns
---------------------------------------------------------------------------------------------------


Pulse Width Checks
--------------------------------------------------------------------------------------
Clock Name:         clkfbout
Waveform(ns):       { 0.000 10.000 }
Period(ns):         20.000
Sources:            { u_idelay_clkgen/u_mmcm/CLKFBOUT }

Check Type  Corner  Lib Pin             Reference Pin  Required(ns)  Actual(ns)  Slack(ns)  Location         Pin
Min Period  n/a     BUFG/I              n/a            1.592         20.000      18.408     BUFGCTRL_X0Y5    u_idelay_clkgen/u_bufg_fb/I
Max Period  n/a     MMCME2_ADV/CLKFBIN  n/a            100.000       20.000      80.000     MMCME2_ADV_X0Y0  u_idelay_clkgen/u_mmcm/CLKFBIN



---------------------------------------------------------------------------------------------------
From Clock:  clkfbout_1
  To Clock:  clkfbout_1

Setup :           NA  Failing Endpoints,  Worst Slack           NA  ,  Total Violation           NA
Hold  :           NA  Failing Endpoints,  Worst Slack           NA  ,  Total Violation           NA
PW    :            0  Failing Endpoints,  Worst Slack       18.408ns,  Total Violation        0.000ns
---------------------------------------------------------------------------------------------------


Pulse Width Checks
--------------------------------------------------------------------------------------
Clock Name:         clkfbout_1
Waveform(ns):       { 0.000 10.000 }
Period(ns):         20.000
Sources:            { u_pl/u_clk/u_mmcm/CLKFBOUT }

Check Type  Corner  Lib Pin             Reference Pin  Required(ns)  Actual(ns)  Slack(ns)  Location         Pin
Min Period  n/a     BUFG/I              n/a            1.592         20.000      18.408     BUFGCTRL_X0Y6    u_pl/u_clk/u_bufg_fb/I
Max Period  n/a     MMCME2_ADV/CLKFBIN  n/a            100.000       20.000      80.000     MMCME2_ADV_X1Y0  u_pl/u_clk/u_mmcm/CLKFBIN



---------------------------------------------------------------------------------------------------
From Clock:  clkout0_1
  To Clock:  clkout0_1

Setup :            0  Failing Endpoints,  Worst Slack        1.073ns,  Total Violation        0.000ns
Hold  :            0  Failing Endpoints,  Worst Slack        0.082ns,  Total Violation        0.000ns
PW    :            0  Failing Endpoints,  Worst Slack        8.870ns,  Total Violation        0.000ns
---------------------------------------------------------------------------------------------------


Max Delay Paths
--------------------------------------------------------------------------------------
Slack (MET) :             1.073ns  (required time - arrival time)
  Source:                 u_pl/u_pipe/xd_reg[7][5]/C
                            (rising edge-triggered cell FDCE clocked by clkout0_1  {rise@0.000ns fall@10.000ns period=20.000ns})
  Destination:            u_pl/u_osd/r_reg[4]/D
                            (rising edge-triggered cell FDCE clocked by clkout0_1  {rise@0.000ns fall@10.000ns period=20.000ns})
  Path Group:             clkout0_1
  Path Type:              Setup (Max at Slow Process Corner)
  Requirement:            20.000ns  (clkout0_1 rise@20.000ns - clkout0_1 rise@0.000ns)
  Data Path Delay:        18.794ns  (logic 6.647ns (35.367%)  route 12.147ns (64.633%))
  Logic Levels:           30  (CARRY4=10 LUT1=1 LUT2=1 LUT3=3 LUT4=3 LUT5=2 LUT6=8 MUXF7=1 MUXF8=1)
  Clock Path Skew:        -0.070ns (DCD - SCD + CPR)
    Destination Clock Delay (DCD):    4.406ns = ( 24.406 - 20.000 ) 
    Source Clock Delay      (SCD):    4.818ns
    Clock Pessimism Removal (CPR):    0.342ns
  Clock Uncertainty:      0.094ns  ((TSJ^2 + DJ^2)^1/2) / 2 + PE
    Total System Jitter     (TSJ):    0.071ns
    Discrete Jitter          (DJ):    0.175ns
    Phase Error              (PE):    0.000ns

    Location             Delay type                Incr(ns)  Path(ns)    Netlist Resource(s)
  -------------------------------------------------------------------    -------------------
                         (clock clkout0_1 rise edge)
                                                      0.000     0.000 r  
    W17                                               0.000     0.000 r  sys_clk (IN)
                         net (fo=0)                   0.000     0.000    sys_clk
    W17                  IBUF (Prop_ibuf_I_O)         1.415     1.415 r  sys_clk_IBUF_inst/O
                         net (fo=1, routed)           1.873     3.288    sys_clk_IBUF
    BUFGCTRL_X0Y4        BUFG (Prop_bufg_I_O)         0.085     3.373 r  sys_clk_IBUF_BUFG_inst/O
                         net (fo=200, routed)         1.550     4.923    u_pl/u_clk/sys_clk_IBUF_BUFG
    MMCME2_ADV_X1Y0      MMCME2_ADV (Prop_mmcme2_adv_CLKIN1_CLKOUT0)
                                                     -3.232     1.691 r  u_pl/u_clk/u_mmcm/CLKOUT0
                         net (fo=1, routed)           1.597     3.288    u_pl/u_clk/clkout0
    BUFGCTRL_X0Y0        BUFG (Prop_bufg_I_O)         0.085     3.373 r  u_pl/u_clk/u_bufg_pix/O
                         net (fo=4439, routed)        1.445     4.818    u_pl/u_pipe/clk_pix
    SLICE_X61Y93         FDCE                                         r  u_pl/u_pipe/xd_reg[7][5]/C
  -------------------------------------------------------------------    -------------------
    SLICE_X61Y93         FDCE (Prop_fdce_C_Q)         0.379     5.197 f  u_pl/u_pipe/xd_reg[7][5]/Q
                         net (fo=4, routed)           0.655     5.853    u_pl/u_pipe/xd_reg[7]_4[5]
    SLICE_X60Y88         LUT1 (Prop_lut1_I0_O)        0.105     5.958 r  u_pl/u_pipe/r[7]_i_53/O
                         net (fo=1, routed)           0.000     5.958    u_pl/u_pipe/r[7]_i_53_n_0
    SLICE_X60Y88         CARRY4 (Prop_carry4_S[2]_CO[3])
                                                      0.332     6.290 r  u_pl/u_pipe/r_reg[7]_i_30/CO[3]
                         net (fo=1, routed)           0.000     6.290    u_pl/u_pipe/r_reg[7]_i_30_n_0
    SLICE_X60Y89         CARRY4 (Prop_carry4_CI_O[1])
                                                      0.265     6.555 r  u_pl/u_pipe/g0_b0_i_292/O[1]
                         net (fo=20, routed)          0.862     7.417    u_pl/u_pipe/u_osd/lx[8]
    SLICE_X54Y88         LUT3 (Prop_lut3_I0_O)        0.250     7.667 r  u_pl/u_pipe/g0_b0_i_643/O
                         net (fo=4, routed)           0.650     8.317    u_pl/u_pipe/g0_b0_i_643_n_0
    SLICE_X53Y85         LUT4 (Prop_lut4_I0_O)        0.105     8.422 r  u_pl/u_pipe/g0_b0_i_647/O
                         net (fo=1, routed)           0.000     8.422    u_pl/u_pipe/g0_b0_i_647_n_0
    SLICE_X53Y85         CARRY4 (Prop_carry4_S[3]_CO[3])
                                                      0.332     8.754 r  u_pl/u_pipe/g0_b0_i_497/CO[3]
                         net (fo=1, routed)           0.000     8.754    u_pl/u_pipe/g0_b0_i_497_n_0
    SLICE_X53Y86         CARRY4 (Prop_carry4_CI_CO[3])
                                                      0.098     8.852 r  u_pl/u_pipe/g0_b0_i_294/CO[3]
                         net (fo=1, routed)           0.000     8.852    u_pl/u_pipe/g0_b0_i_294_n_0
    SLICE_X53Y87         CARRY4 (Prop_carry4_CI_O[0])
                                                      0.180     9.032 r  u_pl/u_pipe/g0_b0_i_293/O[0]
                         net (fo=2, routed)           0.743     9.775    u_pl/u_pipe/g0_b0_i_293_n_7
    SLICE_X54Y88         LUT3 (Prop_lut3_I2_O)        0.269    10.044 r  u_pl/u_pipe/g0_b0_i_108/O
                         net (fo=2, routed)           0.600    10.643    u_pl/u_pipe/g0_b0_i_108_n_0
    SLICE_X52Y86         LUT4 (Prop_lut4_I0_O)        0.264    10.907 r  u_pl/u_pipe/g0_b0_i_112/O
                         net (fo=1, routed)           0.000    10.907    u_pl/u_pipe/g0_b0_i_112_n_0
    SLICE_X52Y86         CARRY4 (Prop_carry4_S[3]_CO[3])
                                                      0.332    11.239 r  u_pl/u_pipe/g0_b0_i_38/CO[3]
                         net (fo=1, routed)           0.000    11.239    u_pl/u_pipe/g0_b0_i_38_n_0
    SLICE_X52Y87         CARRY4 (Prop_carry4_CI_O[1])
                                                      0.265    11.504 r  u_pl/u_pipe/g0_b0_i_296/O[1]
                         net (fo=3, routed)           0.407    11.911    u_pl/u_pipe/g0_b0_i_296_n_6
    SLICE_X51Y86         LUT2 (Prop_lut2_I0_O)        0.250    12.161 r  u_pl/u_pipe/g0_b0_i_512/O
                         net (fo=1, routed)           0.000    12.161    u_pl/u_pipe/g0_b0_i_512_n_0
    SLICE_X51Y86         CARRY4 (Prop_carry4_S[1]_CO[3])
                                                      0.457    12.618 r  u_pl/u_pipe/g0_b0_i_295/CO[3]
                         net (fo=1, routed)           0.000    12.618    u_pl/u_pipe/g0_b0_i_295_n_0
    SLICE_X51Y87         CARRY4 (Prop_carry4_CI_O[0])
                                                      0.180    12.798 r  u_pl/u_pipe/g0_b0_i_116/O[0]
                         net (fo=39, routed)          0.551    13.350    u_pl/u_pipe/g0_b0_i_116_n_7
    SLICE_X50Y86         LUT4 (Prop_lut4_I2_O)        0.249    13.599 r  u_pl/u_pipe/g0_b0_i_301/O
                         net (fo=1, routed)           0.000    13.599    u_pl/u_pipe/g0_b0_i_301_n_0
    SLICE_X50Y86         CARRY4 (Prop_carry4_S[1]_CO[1])
                                                      0.409    14.008 f  u_pl/u_pipe/g0_b0_i_118/CO[1]
                         net (fo=38, routed)          0.554    14.561    u_pl/u_pipe/g0_b0_i_118_n_2
    SLICE_X49Y85         LUT6 (Prop_lut6_I4_O)        0.277    14.838 r  u_pl/u_pipe/g0_b0_i_103/O
                         net (fo=5, routed)           0.517    15.355    u_pl/u_pipe/g0_b0_i_103_n_0
    SLICE_X46Y85         LUT3 (Prop_lut3_I1_O)        0.125    15.480 f  u_pl/u_pipe/g0_b0_i_35/O
                         net (fo=20, routed)          0.957    16.436    u_pl/u_pipe/g0_b0_i_38_0
    SLICE_X39Y86         LUT6 (Prop_lut6_I0_O)        0.264    16.700 f  u_pl/u_pipe/g0_b0_i_68/O
                         net (fo=2, routed)           0.425    17.126    u_pl/u_pipe/g0_b0_i_68_n_0
    SLICE_X38Y86         LUT5 (Prop_lut5_I4_O)        0.105    17.231 f  u_pl/u_pipe/g0_b0_i_29/O
                         net (fo=1, routed)           0.927    18.158    u_pl/u_pipe/g0_b0_i_29_n_0
    SLICE_X44Y85         LUT6 (Prop_lut6_I1_O)        0.105    18.263 f  u_pl/u_pipe/g0_b0_i_8/O
                         net (fo=7, routed)           0.868    19.131    u_pl/u_osd/chars[3]
    SLICE_X50Y83         LUT6 (Prop_lut6_I5_O)        0.105    19.236 r  u_pl/u_osd/g0_b0_i_11/O
                         net (fo=3, routed)           0.622    19.858    u_pl/u_osd/g0_b0_i_11_n_0
    SLICE_X52Y83         LUT5 (Prop_lut5_I0_O)        0.105    19.963 r  u_pl/u_osd/g0_b0_i_3/O
                         net (fo=35, routed)          1.020    20.984    u_pl/u_pipe/r[7]_i_11_3
    SLICE_X59Y83         LUT6 (Prop_lut6_I1_O)        0.105    21.089 f  u_pl/u_pipe/r[7]_i_81/O
                         net (fo=1, routed)           0.750    21.838    u_pl/u_pipe/r[7]_i_81_n_0
    SLICE_X66Y83         LUT6 (Prop_lut6_I0_O)        0.105    21.943 f  u_pl/u_pipe/r[7]_i_60/O
                         net (fo=1, routed)           0.370    22.314    u_pl/u_pipe/r[7]_i_60_n_0
    SLICE_X67Y82         LUT6 (Prop_lut6_I3_O)        0.105    22.419 f  u_pl/u_pipe/r[7]_i_41/O
                         net (fo=1, routed)           0.000    22.419    u_pl/u_pipe/r[7]_i_41_n_0
    SLICE_X67Y82         MUXF7 (Prop_muxf7_I1_O)      0.182    22.601 f  u_pl/u_pipe/r_reg[7]_i_17/O
                         net (fo=1, routed)           0.000    22.601    u_pl/u_pipe/r_reg[7]_i_17_n_0
    SLICE_X67Y82         MUXF8 (Prop_muxf8_I1_O)      0.079    22.680 f  u_pl/u_pipe/r_reg[7]_i_6/O
                         net (fo=19, routed)          0.669    23.348    u_pl/u_pipe/u_sobel/b_reg[2]_2
    SLICE_X67Y78         LUT6 (Prop_lut6_I5_O)        0.264    23.612 r  u_pl/u_pipe/u_sobel/r[4]_i_1/O
                         net (fo=1, routed)           0.000    23.612    u_pl/u_osd/r_reg[7]_1[2]
    SLICE_X67Y78         FDCE                                         r  u_pl/u_osd/r_reg[4]/D
  -------------------------------------------------------------------    -------------------

                         (clock clkout0_1 rise edge)
                                                     20.000    20.000 r  
    W17                                               0.000    20.000 r  sys_clk (IN)
                         net (fo=0)                   0.000    20.000    sys_clk
    W17                  IBUF (Prop_ibuf_I_O)         1.349    21.349 r  sys_clk_IBUF_inst/O
                         net (fo=1, routed)           1.701    23.050    sys_clk_IBUF
    BUFGCTRL_X0Y4        BUFG (Prop_bufg_I_O)         0.077    23.127 r  sys_clk_IBUF_BUFG_inst/O
                         net (fo=200, routed)         1.384    24.511    u_pl/u_clk/sys_clk_IBUF_BUFG
    MMCME2_ADV_X1Y0      MMCME2_ADV (Prop_mmcme2_adv_CLKIN1_CLKOUT0)
                                                     -2.915    21.596 r  u_pl/u_clk/u_mmcm/CLKOUT0
                         net (fo=1, routed)           1.454    23.050    u_pl/u_clk/clkout0
    BUFGCTRL_X0Y0        BUFG (Prop_bufg_I_O)         0.077    23.127 r  u_pl/u_clk/u_bufg_pix/O
                         net (fo=4439, routed)        1.279    24.406    u_pl/u_osd/clk_pix
    SLICE_X67Y78         FDCE                                         r  u_pl/u_osd/r_reg[4]/C
                         clock pessimism              0.342    24.748    
                         clock uncertainty           -0.094    24.654    
    SLICE_X67Y78         FDCE (Setup_fdce_C_D)        0.032    24.686    u_pl/u_osd/r_reg[4]
  -------------------------------------------------------------------
                         required time                         24.686    
                         arrival time                         -23.612    
  -------------------------------------------------------------------
                         slack                                  1.073    





Min Delay Paths
--------------------------------------------------------------------------------------
Slack (MET) :             0.082ns  (arrival time - required time)
  Source:                 u_pl/u_pipe/xd_reg[5][6]/C
                            (rising edge-triggered cell FDCE clocked by clkout0_1  {rise@0.000ns fall@10.000ns period=20.000ns})
  Destination:            u_pl/u_pipe/u_sharp/lb1_reg_256_511_4_4/RAMS64E_A/WADR6
                            (rising edge-triggered cell RAMS64E clocked by clkout0_1  {rise@0.000ns fall@10.000ns period=20.000ns})
  Path Group:             clkout0_1
  Path Type:              Hold (Min at Fast Process Corner)
  Requirement:            0.000ns  (clkout0_1 rise@0.000ns - clkout0_1 rise@0.000ns)
  Data Path Delay:        0.407ns  (logic 0.128ns (31.436%)  route 0.279ns (68.564%))
  Logic Levels:           0  
  Clock Path Skew:        0.265ns (DCD - SCD - CPR)
    Destination Clock Delay (DCD):    2.110ns
    Source Clock Delay      (SCD):    1.588ns
    Clock Pessimism Removal (CPR):    0.256ns

    Location             Delay type                Incr(ns)  Path(ns)    Netlist Resource(s)
  -------------------------------------------------------------------    -------------------
                         (clock clkout0_1 rise edge)
                                                      0.000     0.000 r  
    W17                                               0.000     0.000 r  sys_clk (IN)
                         net (fo=0)                   0.000     0.000    sys_clk
    W17                  IBUF (Prop_ibuf_I_O)         0.252     0.252 r  sys_clk_IBUF_inst/O
                         net (fo=1, routed)           0.674     0.926    sys_clk_IBUF
    BUFGCTRL_X0Y4        BUFG (Prop_bufg_I_O)         0.026     0.952 r  sys_clk_IBUF_BUFG_inst/O
                         net (fo=200, routed)         0.595     1.547    u_pl/u_clk/sys_clk_IBUF_BUFG
    MMCME2_ADV_X1Y0      MMCME2_ADV (Prop_mmcme2_adv_CLKIN1_CLKOUT0)
                                                     -1.150     0.397 r  u_pl/u_clk/u_mmcm/CLKOUT0
                         net (fo=1, routed)           0.529     0.926    u_pl/u_clk/clkout0
    BUFGCTRL_X0Y0        BUFG (Prop_bufg_I_O)         0.026     0.952 r  u_pl/u_clk/u_bufg_pix/O
                         net (fo=4439, routed)        0.636     1.588    u_pl/u_pipe/clk_pix
    SLICE_X51Y105        FDCE                                         r  u_pl/u_pipe/xd_reg[5][6]/C
  -------------------------------------------------------------------    -------------------
    SLICE_X51Y105        FDCE (Prop_fdce_C_Q)         0.128     1.716 r  u_pl/u_pipe/xd_reg[5][6]/Q
                         net (fo=198, routed)         0.279     1.995    u_pl/u_pipe/u_sharp/lb1_reg_256_511_4_4/A6
    SLICE_X46Y110        RAMS64E                                      r  u_pl/u_pipe/u_sharp/lb1_reg_256_511_4_4/RAMS64E_A/WADR6
  -------------------------------------------------------------------    -------------------

                         (clock clkout0_1 rise edge)
                                                      0.000     0.000 r  
    W17                                               0.000     0.000 r  sys_clk (IN)
                         net (fo=0)                   0.000     0.000    sys_clk
    W17                  IBUF (Prop_ibuf_I_O)         0.440     0.440 r  sys_clk_IBUF_inst/O
                         net (fo=1, routed)           0.731     1.171    sys_clk_IBUF
    BUFGCTRL_X0Y4        BUFG (Prop_bufg_I_O)         0.029     1.200 r  sys_clk_IBUF_BUFG_inst/O
                         net (fo=200, routed)         0.862     2.062    u_pl/u_clk/sys_clk_IBUF_BUFG
    MMCME2_ADV_X1Y0      MMCME2_ADV (Prop_mmcme2_adv_CLKIN1_CLKOUT0)
                                                     -1.467     0.595 r  u_pl/u_clk/u_mmcm/CLKOUT0
                         net (fo=1, routed)           0.576     1.171    u_pl/u_clk/clkout0
    BUFGCTRL_X0Y0        BUFG (Prop_bufg_I_O)         0.029     1.200 r  u_pl/u_clk/u_bufg_pix/O
                         net (fo=4439, routed)        0.910     2.110    u_pl/u_pipe/u_sharp/lb1_reg_256_511_4_4/WCLK
    SLICE_X46Y110        RAMS64E                                      r  u_pl/u_pipe/u_sharp/lb1_reg_256_511_4_4/RAMS64E_A/CLK
                         clock pessimism             -0.256     1.853    
    SLICE_X46Y110        RAMS64E (Hold_rams64e_CLK_WADR6)
                                                      0.060     1.913    u_pl/u_pipe/u_sharp/lb1_reg_256_511_4_4/RAMS64E_A
  -------------------------------------------------------------------
                         required time                         -1.913    
                         arrival time                           1.995    
  -------------------------------------------------------------------
                         slack                                  0.082    





Pulse Width Checks
--------------------------------------------------------------------------------------
Clock Name:         clkout0_1
Waveform(ns):       { 0.000 10.000 }
Period(ns):         20.000
Sources:            { u_pl/u_clk/u_mmcm/CLKOUT0 }

Check Type        Corner  Lib Pin             Reference Pin  Required(ns)  Actual(ns)  Slack(ns)  Location         Pin
Min Period        n/a     DSP48E1/CLK         n/a            3.272         20.000      16.728     DSP48_X2Y23      u_pl/u_zmap/yr_m_reg/CLK
Max Period        n/a     MMCME2_ADV/CLKOUT0  n/a            213.360       20.000      193.360    MMCME2_ADV_X1Y0  u_pl/u_clk/u_mmcm/CLKOUT0
Low Pulse Width   Slow    RAMS64E/CLK         n/a            1.130         10.000      8.870      SLICE_X50Y90     u_pl/u_pipe/u_blur/lb1_reg_0_255_0_0/RAMS64E_A/CLK
High Pulse Width  Slow    RAMS64E/CLK         n/a            1.130         10.000      8.870      SLICE_X50Y90     u_pl/u_pipe/u_blur/lb1_reg_0_255_0_0/RAMS64E_A/CLK



---------------------------------------------------------------------------------------------------
From Clock:  clkout1_1
  To Clock:  clkout1_1

Setup :           NA  Failing Endpoints,  Worst Slack           NA  ,  Total Violation           NA
Hold  :           NA  Failing Endpoints,  Worst Slack           NA  ,  Total Violation           NA
PW    :            0  Failing Endpoints,  Worst Slack        2.408ns,  Total Violation        0.000ns
---------------------------------------------------------------------------------------------------


Pulse Width Checks
--------------------------------------------------------------------------------------
Clock Name:         clkout1_1
Waveform(ns):       { 0.000 2.000 }
Period(ns):         4.000
Sources:            { u_pl/u_clk/u_mmcm/CLKOUT1 }

Check Type  Corner  Lib Pin             Reference Pin  Required(ns)  Actual(ns)  Slack(ns)  Location         Pin
Min Period  n/a     BUFG/I              n/a            1.592         4.000       2.408      BUFGCTRL_X0Y2    u_pl/u_clk/u_bufg_5x/I
Max Period  n/a     MMCME2_ADV/CLKOUT1  n/a            213.360       4.000       209.360    MMCME2_ADV_X1Y0  u_pl/u_clk/u_mmcm/CLKOUT1



---------------------------------------------------------------------------------------------------
From Clock:  clkout2
  To Clock:  clkout2

Setup :           NA  Failing Endpoints,  Worst Slack           NA  ,  Total Violation           NA
Hold  :           NA  Failing Endpoints,  Worst Slack           NA  ,  Total Violation           NA
PW    :            0  Failing Endpoints,  Worst Slack        0.264ns,  Total Violation        0.000ns
---------------------------------------------------------------------------------------------------


Pulse Width Checks
--------------------------------------------------------------------------------------
Clock Name:         clkout2
Waveform(ns):       { 0.000 2.500 }
Period(ns):         5.000
Sources:            { u_idelay_clkgen/u_mmcm/CLKOUT2 }

Check Type  Corner  Lib Pin            Reference Pin  Required(ns)  Actual(ns)  Slack(ns)  Location         Pin
Min Period  n/a     IDELAYCTRL/REFCLK  n/a            2.438         5.000       2.562      IDELAYCTRL_X1Y0  u_eth/u_rgmii/u_rgmii_rx/IDELAYCTRL_inst/REFCLK
Max Period  n/a     IDELAYCTRL/REFCLK  n/a            5.264         5.000       0.264      IDELAYCTRL_X1Y0  u_eth/u_rgmii/u_rgmii_rx/IDELAYCTRL_inst/REFCLK



---------------------------------------------------------------------------------------------------
From Clock:  clkout0_1
  To Clock:  sys_clk

Setup :            0  Failing Endpoints,  Worst Slack       17.333ns,  Total Violation        0.000ns
Hold  :            0  Failing Endpoints,  Worst Slack        0.255ns,  Total Violation        0.000ns
---------------------------------------------------------------------------------------------------


Max Delay Paths
--------------------------------------------------------------------------------------
Slack (MET) :             17.333ns  (required time - arrival time)
  Source:                 u_pl/vs_pix_d0_reg/C
                            (rising edge-triggered cell FDRE clocked by clkout0_1  {rise@0.000ns fall@10.000ns period=20.000ns})
  Destination:            u_pl/vt0_reg/D
                            (rising edge-triggered cell FDRE clocked by sys_clk  {rise@0.000ns fall@10.000ns period=20.000ns})
  Path Group:             sys_clk
  Path Type:              Setup (Max at Slow Process Corner)
  Requirement:            20.000ns  (sys_clk rise@20.000ns - clkout0_1 rise@0.000ns)
  Data Path Delay:        2.223ns  (logic 0.484ns (21.775%)  route 1.739ns (78.225%))
  Logic Levels:           1  (LUT2=1)
  Clock Path Skew:        -0.158ns (DCD - SCD + CPR)
    Destination Clock Delay (DCD):    4.400ns = ( 24.400 - 20.000 ) 
    Source Clock Delay      (SCD):    4.804ns
    Clock Pessimism Removal (CPR):    0.246ns
  Clock Uncertainty:      0.259ns  ((TSJ^2 + DJ^2)^1/2) / 2 + PE
    Total System Jitter     (TSJ):    0.071ns
    Discrete Jitter          (DJ):    0.175ns
    Phase Error              (PE):    0.165ns

    Location             Delay type                Incr(ns)  Path(ns)    Netlist Resource(s)
  -------------------------------------------------------------------    -------------------
                         (clock clkout0_1 rise edge)
                                                      0.000     0.000 r  
    W17                                               0.000     0.000 r  sys_clk (IN)
                         net (fo=0)                   0.000     0.000    sys_clk
    W17                  IBUF (Prop_ibuf_I_O)         1.415     1.415 r  sys_clk_IBUF_inst/O
                         net (fo=1, routed)           1.873     3.288    sys_clk_IBUF
    BUFGCTRL_X0Y4        BUFG (Prop_bufg_I_O)         0.085     3.373 r  sys_clk_IBUF_BUFG_inst/O
                         net (fo=200, routed)         1.550     4.923    u_pl/u_clk/sys_clk_IBUF_BUFG
    MMCME2_ADV_X1Y0      MMCME2_ADV (Prop_mmcme2_adv_CLKIN1_CLKOUT0)
                                                     -3.232     1.691 r  u_pl/u_clk/u_mmcm/CLKOUT0
                         net (fo=1, routed)           1.597     3.288    u_pl/u_clk/clkout0
    BUFGCTRL_X0Y0        BUFG (Prop_bufg_I_O)         0.085     3.373 r  u_pl/u_clk/u_bufg_pix/O
                         net (fo=4439, routed)        1.431     4.804    u_pl/clk_pix
    SLICE_X63Y71         FDRE                                         r  u_pl/vs_pix_d0_reg/C
  -------------------------------------------------------------------    -------------------
    SLICE_X63Y71         FDRE (Prop_fdre_C_Q)         0.379     5.183 r  u_pl/vs_pix_d0_reg/Q
                         net (fo=2, routed)           0.913     6.096    u_pl/vs_pix_d0
    SLICE_X63Y73         LUT2 (Prop_lut2_I0_O)        0.105     6.201 r  u_pl/vt0_i_1/O
                         net (fo=1, routed)           0.826     7.027    u_pl/vs_tick
    SLICE_X62Y74         FDRE                                         r  u_pl/vt0_reg/D
  -------------------------------------------------------------------    -------------------

                         (clock sys_clk rise edge)   20.000    20.000 r  
    W17                                               0.000    20.000 r  sys_clk (IN)
                         net (fo=0)                   0.000    20.000    sys_clk
    W17                  IBUF (Prop_ibuf_I_O)         1.349    21.349 r  sys_clk_IBUF_inst/O
                         net (fo=1, routed)           1.701    23.050    sys_clk_IBUF
    BUFGCTRL_X0Y4        BUFG (Prop_bufg_I_O)         0.077    23.127 r  sys_clk_IBUF_BUFG_inst/O
                         net (fo=200, routed)         1.273    24.400    u_pl/sys_clk_IBUF_BUFG
    SLICE_X62Y74         FDRE                                         r  u_pl/vt0_reg/C
                         clock pessimism              0.246    24.646    
                         clock uncertainty           -0.259    24.387    
    SLICE_X62Y74         FDRE (Setup_fdre_C_D)       -0.027    24.360    u_pl/vt0_reg
  -------------------------------------------------------------------
                         required time                         24.360    
                         arrival time                          -7.027    
  -------------------------------------------------------------------
                         slack                                 17.333    





Min Delay Paths
--------------------------------------------------------------------------------------
Slack (MET) :             0.255ns  (arrival time - required time)
  Source:                 u_pl/vs_pix_d1_reg/C
                            (rising edge-triggered cell FDRE clocked by clkout0_1  {rise@0.000ns fall@10.000ns period=20.000ns})
  Destination:            u_pl/vt0_reg/D
                            (rising edge-triggered cell FDRE clocked by sys_clk  {rise@0.000ns fall@10.000ns period=20.000ns})
  Path Group:             sys_clk
  Path Type:              Hold (Min at Fast Process Corner)
  Requirement:            0.000ns  (sys_clk rise@0.000ns - clkout0_1 rise@0.000ns)
  Data Path Delay:        0.869ns  (logic 0.186ns (21.404%)  route 0.683ns (78.596%))
  Logic Levels:           1  (LUT2=1)
  Clock Path Skew:        0.265ns (DCD - SCD - CPR)
    Destination Clock Delay (DCD):    2.034ns
    Source Clock Delay      (SCD):    1.521ns
    Clock Pessimism Removal (CPR):    0.248ns
  Clock Uncertainty:      0.259ns  ((TSJ^2 + DJ^2)^1/2) / 2 + PE
    Total System Jitter     (TSJ):    0.071ns
    Discrete Jitter          (DJ):    0.175ns
    Phase Error              (PE):    0.165ns

    Location             Delay type                Incr(ns)  Path(ns)    Netlist Resource(s)
  -------------------------------------------------------------------    -------------------
                         (clock clkout0_1 rise edge)
                                                      0.000     0.000 r  
    W17                                               0.000     0.000 r  sys_clk (IN)
                         net (fo=0)                   0.000     0.000    sys_clk
    W17                  IBUF (Prop_ibuf_I_O)         0.252     0.252 r  sys_clk_IBUF_inst/O
                         net (fo=1, routed)           0.674     0.926    sys_clk_IBUF
    BUFGCTRL_X0Y4        BUFG (Prop_bufg_I_O)         0.026     0.952 r  sys_clk_IBUF_BUFG_inst/O
                         net (fo=200, routed)         0.595     1.547    u_pl/u_clk/sys_clk_IBUF_BUFG
    MMCME2_ADV_X1Y0      MMCME2_ADV (Prop_mmcme2_adv_CLKIN1_CLKOUT0)
                                                     -1.150     0.397 r  u_pl/u_clk/u_mmcm/CLKOUT0
                         net (fo=1, routed)           0.529     0.926    u_pl/u_clk/clkout0
    BUFGCTRL_X0Y0        BUFG (Prop_bufg_I_O)         0.026     0.952 r  u_pl/u_clk/u_bufg_pix/O
                         net (fo=4439, routed)        0.569     1.521    u_pl/clk_pix
    SLICE_X63Y73         FDRE                                         r  u_pl/vs_pix_d1_reg/C
  -------------------------------------------------------------------    -------------------
    SLICE_X63Y73         FDRE (Prop_fdre_C_Q)         0.141     1.662 f  u_pl/vs_pix_d1_reg/Q
                         net (fo=1, routed)           0.334     1.996    u_pl/vs_pix_d1
    SLICE_X63Y73         LUT2 (Prop_lut2_I1_O)        0.045     2.041 r  u_pl/vt0_i_1/O
                         net (fo=1, routed)           0.349     2.390    u_pl/vs_tick
    SLICE_X62Y74         FDRE                                         r  u_pl/vt0_reg/D
  -------------------------------------------------------------------    -------------------

                         (clock sys_clk rise edge)    0.000     0.000 r  
    W17                                               0.000     0.000 r  sys_clk (IN)
                         net (fo=0)                   0.000     0.000    sys_clk
    W17                  IBUF (Prop_ibuf_I_O)         0.440     0.440 r  sys_clk_IBUF_inst/O
                         net (fo=1, routed)           0.731     1.171    sys_clk_IBUF
    BUFGCTRL_X0Y4        BUFG (Prop_bufg_I_O)         0.029     1.200 r  sys_clk_IBUF_BUFG_inst/O
                         net (fo=200, routed)         0.834     2.034    u_pl/sys_clk_IBUF_BUFG
    SLICE_X62Y74         FDRE                                         r  u_pl/vt0_reg/C
                         clock pessimism             -0.248     1.786    
                         clock uncertainty            0.259     2.045    
    SLICE_X62Y74         FDRE (Hold_fdre_C_D)         0.089     2.134    u_pl/vt0_reg
  -------------------------------------------------------------------
                         required time                         -2.134    
                         arrival time                           2.390    
  -------------------------------------------------------------------
                         slack                                  0.255    





---------------------------------------------------------------------------------------------------
From Clock:  sys_clk
  To Clock:  clkout0_1

Setup :            0  Failing Endpoints,  Worst Slack        6.285ns,  Total Violation        0.000ns
Hold  :            0  Failing Endpoints,  Worst Slack        0.268ns,  Total Violation        0.000ns
---------------------------------------------------------------------------------------------------


Max Delay Paths
--------------------------------------------------------------------------------------
Slack (MET) :             6.285ns  (required time - arrival time)
  Source:                 u_pl/u_ang/angle_reg[2]/C
                            (rising edge-triggered cell FDRE clocked by sys_clk  {rise@0.000ns fall@10.000ns period=20.000ns})
  Destination:            u_pl/u_osd/r_reg[4]/D
                            (rising edge-triggered cell FDCE clocked by clkout0_1  {rise@0.000ns fall@10.000ns period=20.000ns})
  Path Group:             clkout0_1
  Path Type:              Setup (Max at Slow Process Corner)
  Requirement:            20.000ns  (clkout0_1 rise@20.000ns - sys_clk rise@0.000ns)
  Data Path Delay:        13.385ns  (logic 4.016ns (30.003%)  route 9.369ns (69.997%))
  Logic Levels:           20  (CARRY4=4 LUT2=1 LUT3=1 LUT4=1 LUT5=2 LUT6=9 MUXF7=1 MUXF8=1)
  Clock Path Skew:        -0.103ns (DCD - SCD + CPR)
    Destination Clock Delay (DCD):    4.406ns = ( 24.406 - 20.000 ) 
    Source Clock Delay      (SCD):    4.755ns
    Clock Pessimism Removal (CPR):    0.246ns
  Clock Uncertainty:      0.259ns  ((TSJ^2 + DJ^2)^1/2) / 2 + PE
    Total System Jitter     (TSJ):    0.071ns
    Discrete Jitter          (DJ):    0.175ns
    Phase Error              (PE):    0.165ns

    Location             Delay type                Incr(ns)  Path(ns)    Netlist Resource(s)
  -------------------------------------------------------------------    -------------------
                         (clock sys_clk rise edge)    0.000     0.000 r  
    W17                                               0.000     0.000 r  sys_clk (IN)
                         net (fo=0)                   0.000     0.000    sys_clk
    W17                  IBUF (Prop_ibuf_I_O)         1.415     1.415 r  sys_clk_IBUF_inst/O
                         net (fo=1, routed)           1.873     3.288    sys_clk_IBUF
    BUFGCTRL_X0Y4        BUFG (Prop_bufg_I_O)         0.085     3.373 r  sys_clk_IBUF_BUFG_inst/O
                         net (fo=200, routed)         1.382     4.755    u_pl/u_ang/sys_clk_IBUF_BUFG
    SLICE_X32Y81         FDRE                                         r  u_pl/u_ang/angle_reg[2]/C
  -------------------------------------------------------------------    -------------------
    SLICE_X32Y81         FDRE (Prop_fdre_C_Q)         0.433     5.188 r  u_pl/u_ang/angle_reg[2]/Q
                         net (fo=23, routed)          0.578     5.766    u_pl/u_ang/angle_reg_n_0_[2]
    SLICE_X35Y83         LUT2 (Prop_lut2_I0_O)        0.105     5.871 r  u_pl/u_ang/g0_b0_i_677/O
                         net (fo=1, routed)           0.000     5.871    u_pl/u_ang/g0_b0_i_677_n_0
    SLICE_X35Y83         CARRY4 (Prop_carry4_S[1]_CO[3])
                                                      0.457     6.328 r  u_pl/u_ang/g0_b0_i_604/CO[3]
                         net (fo=1, routed)           0.000     6.328    u_pl/u_ang/g0_b0_i_604_n_0
    SLICE_X35Y84         CARRY4 (Prop_carry4_CI_CO[3])
                                                      0.098     6.426 r  u_pl/u_ang/g0_b0_i_431/CO[3]
                         net (fo=1, routed)           0.000     6.426    u_pl/u_ang/g0_b0_i_431_n_0
    SLICE_X35Y85         CARRY4 (Prop_carry4_CI_O[0])
                                                      0.180     6.606 r  u_pl/u_ang/g0_b0_i_222/O[0]
                         net (fo=20, routed)          0.615     7.221    u_pl/u_ang/g0_b0_i_222_n_7
    SLICE_X35Y87         LUT3 (Prop_lut3_I1_O)        0.270     7.491 r  u_pl/u_ang/g0_b0_i_426/O
                         net (fo=2, routed)           0.695     8.186    u_pl/u_ang/g0_b0_i_426_n_0
    SLICE_X35Y87         LUT5 (Prop_lut5_I0_O)        0.267     8.453 r  u_pl/u_ang/g0_b0_i_429/O
                         net (fo=1, routed)           0.000     8.453    u_pl/u_ang/g0_b0_i_429_n_0
    SLICE_X35Y87         CARRY4 (Prop_carry4_S[1]_CO[2])
                                                      0.475     8.928 r  u_pl/u_ang/g0_b0_i_221/CO[2]
                         net (fo=9, routed)           0.370     9.297    u_pl/u_ang/g0_b0_i_221_n_1
    SLICE_X37Y87         LUT4 (Prop_lut4_I3_O)        0.261     9.558 r  u_pl/u_ang/g0_b0_i_102/O
                         net (fo=43, routed)          1.072    10.631    u_pl/u_pipe/g0_b0_i_308
    SLICE_X40Y85         LUT6 (Prop_lut6_I0_O)        0.105    10.736 f  u_pl/u_pipe/g0_b0_i_139/O
                         net (fo=1, routed)           0.715    11.451    u_pl/u_pipe/g0_b0_i_139_n_0
    SLICE_X41Y85         LUT6 (Prop_lut6_I0_O)        0.105    11.556 r  u_pl/u_pipe/g0_b0_i_48/O
                         net (fo=1, routed)           0.660    12.216    u_pl/u_pipe/g0_b0_i_48_n_0
    SLICE_X49Y83         LUT6 (Prop_lut6_I1_O)        0.105    12.321 r  u_pl/u_pipe/g0_b0_i_23/O
                         net (fo=13, routed)          0.555    12.877    u_pl/u_osd/chars[5]
    SLICE_X49Y83         LUT6 (Prop_lut6_I0_O)        0.105    12.982 r  u_pl/u_osd/g0_b0_i_40/O
                         net (fo=2, routed)           0.678    13.659    u_pl/u_osd/g0_b0_i_40_n_0
    SLICE_X50Y83         LUT6 (Prop_lut6_I2_O)        0.105    13.764 r  u_pl/u_osd/g0_b0_i_11/O
                         net (fo=3, routed)           0.622    14.386    u_pl/u_osd/g0_b0_i_11_n_0
    SLICE_X52Y83         LUT5 (Prop_lut5_I0_O)        0.105    14.491 r  u_pl/u_osd/g0_b0_i_3/O
                         net (fo=35, routed)          1.020    15.512    u_pl/u_pipe/r[7]_i_11_3
    SLICE_X59Y83         LUT6 (Prop_lut6_I1_O)        0.105    15.617 f  u_pl/u_pipe/r[7]_i_81/O
                         net (fo=1, routed)           0.750    16.366    u_pl/u_pipe/r[7]_i_81_n_0
    SLICE_X66Y83         LUT6 (Prop_lut6_I0_O)        0.105    16.471 f  u_pl/u_pipe/r[7]_i_60/O
                         net (fo=1, routed)           0.370    16.842    u_pl/u_pipe/r[7]_i_60_n_0
    SLICE_X67Y82         LUT6 (Prop_lut6_I3_O)        0.105    16.947 f  u_pl/u_pipe/r[7]_i_41/O
                         net (fo=1, routed)           0.000    16.947    u_pl/u_pipe/r[7]_i_41_n_0
    SLICE_X67Y82         MUXF7 (Prop_muxf7_I1_O)      0.182    17.129 f  u_pl/u_pipe/r_reg[7]_i_17/O
                         net (fo=1, routed)           0.000    17.129    u_pl/u_pipe/r_reg[7]_i_17_n_0
    SLICE_X67Y82         MUXF8 (Prop_muxf8_I1_O)      0.079    17.208 f  u_pl/u_pipe/r_reg[7]_i_6/O
                         net (fo=19, routed)          0.669    17.876    u_pl/u_pipe/u_sobel/b_reg[2]_2
    SLICE_X67Y78         LUT6 (Prop_lut6_I5_O)        0.264    18.140 r  u_pl/u_pipe/u_sobel/r[4]_i_1/O
                         net (fo=1, routed)           0.000    18.140    u_pl/u_osd/r_reg[7]_1[2]
    SLICE_X67Y78         FDCE                                         r  u_pl/u_osd/r_reg[4]/D
  -------------------------------------------------------------------    -------------------

                         (clock clkout0_1 rise edge)
                                                     20.000    20.000 r  
    W17                                               0.000    20.000 r  sys_clk (IN)
                         net (fo=0)                   0.000    20.000    sys_clk
    W17                  IBUF (Prop_ibuf_I_O)         1.349    21.349 r  sys_clk_IBUF_inst/O
                         net (fo=1, routed)           1.701    23.050    sys_clk_IBUF
    BUFGCTRL_X0Y4        BUFG (Prop_bufg_I_O)         0.077    23.127 r  sys_clk_IBUF_BUFG_inst/O
                         net (fo=200, routed)         1.384    24.511    u_pl/u_clk/sys_clk_IBUF_BUFG
    MMCME2_ADV_X1Y0      MMCME2_ADV (Prop_mmcme2_adv_CLKIN1_CLKOUT0)
                                                     -2.915    21.596 r  u_pl/u_clk/u_mmcm/CLKOUT0
                         net (fo=1, routed)           1.454    23.050    u_pl/u_clk/clkout0
    BUFGCTRL_X0Y0        BUFG (Prop_bufg_I_O)         0.077    23.127 r  u_pl/u_clk/u_bufg_pix/O
                         net (fo=4439, routed)        1.279    24.406    u_pl/u_osd/clk_pix
    SLICE_X67Y78         FDCE                                         r  u_pl/u_osd/r_reg[4]/C
                         clock pessimism              0.246    24.652    
                         clock uncertainty           -0.259    24.393    
    SLICE_X67Y78         FDCE (Setup_fdce_C_D)        0.032    24.425    u_pl/u_osd/r_reg[4]
  -------------------------------------------------------------------
                         required time                         24.425    
                         arrival time                         -18.140    
  -------------------------------------------------------------------
                         slack                                  6.285    





Min Delay Paths
--------------------------------------------------------------------------------------
Slack (MET) :             0.268ns  (arrival time - required time)
  Source:                 u_pl/u_ang/angle_reg[7]/C
                            (rising edge-triggered cell FDRE clocked by sys_clk  {rise@0.000ns fall@10.000ns period=20.000ns})
  Destination:            u_pl/u_zmap/rot_s0_reg/D
                            (rising edge-triggered cell FDRE clocked by clkout0_1  {rise@0.000ns fall@10.000ns period=20.000ns})
  Path Group:             clkout0_1
  Path Type:              Hold (Min at Fast Process Corner)
  Requirement:            0.000ns  (clkout0_1 rise@0.000ns - sys_clk rise@0.000ns)
  Data Path Delay:        0.772ns  (logic 0.187ns (24.230%)  route 0.585ns (75.770%))
  Logic Levels:           1  (LUT4=1)
  Clock Path Skew:        0.257ns (DCD - SCD - CPR)
    Destination Clock Delay (DCD):    2.011ns
    Source Clock Delay      (SCD):    1.506ns
    Clock Pessimism Removal (CPR):    0.248ns
  Clock Uncertainty:      0.259ns  ((TSJ^2 + DJ^2)^1/2) / 2 + PE
    Total System Jitter     (TSJ):    0.071ns
    Discrete Jitter          (DJ):    0.175ns
    Phase Error              (PE):    0.165ns

    Location             Delay type                Incr(ns)  Path(ns)    Netlist Resource(s)
  -------------------------------------------------------------------    -------------------
                         (clock sys_clk rise edge)    0.000     0.000 r  
    W17                                               0.000     0.000 r  sys_clk (IN)
                         net (fo=0)                   0.000     0.000    sys_clk
    W17                  IBUF (Prop_ibuf_I_O)         0.252     0.252 r  sys_clk_IBUF_inst/O
                         net (fo=1, routed)           0.674     0.926    sys_clk_IBUF
    BUFGCTRL_X0Y4        BUFG (Prop_bufg_I_O)         0.026     0.952 r  sys_clk_IBUF_BUFG_inst/O
                         net (fo=200, routed)         0.554     1.506    u_pl/u_ang/sys_clk_IBUF_BUFG
    SLICE_X33Y82         FDRE                                         r  u_pl/u_ang/angle_reg[7]/C
  -------------------------------------------------------------------    -------------------
    SLICE_X33Y82         FDRE (Prop_fdre_C_Q)         0.141     1.647 r  u_pl/u_ang/angle_reg[7]/Q
                         net (fo=22, routed)          0.309     1.956    u_pl/u_ang/angle_reg_n_0_[7]
    SLICE_X34Y82         LUT4 (Prop_lut4_I1_O)        0.046     2.002 r  u_pl/u_ang/rot_s0_i_1/O
                         net (fo=1, routed)           0.276     2.278    u_pl/u_zmap/rot_s0_reg_0
    SLICE_X36Y76         FDRE                                         r  u_pl/u_zmap/rot_s0_reg/D
  -------------------------------------------------------------------    -------------------

                         (clock clkout0_1 rise edge)
                                                      0.000     0.000 r  
    W17                                               0.000     0.000 r  sys_clk (IN)
                         net (fo=0)                   0.000     0.000    sys_clk
    W17                  IBUF (Prop_ibuf_I_O)         0.440     0.440 r  sys_clk_IBUF_inst/O
                         net (fo=1, routed)           0.731     1.171    sys_clk_IBUF
    BUFGCTRL_X0Y4        BUFG (Prop_bufg_I_O)         0.029     1.200 r  sys_clk_IBUF_BUFG_inst/O
                         net (fo=200, routed)         0.862     2.062    u_pl/u_clk/sys_clk_IBUF_BUFG
    MMCME2_ADV_X1Y0      MMCME2_ADV (Prop_mmcme2_adv_CLKIN1_CLKOUT0)
                                                     -1.467     0.595 r  u_pl/u_clk/u_mmcm/CLKOUT0
                         net (fo=1, routed)           0.576     1.171    u_pl/u_clk/clkout0
    BUFGCTRL_X0Y0        BUFG (Prop_bufg_I_O)         0.029     1.200 r  u_pl/u_clk/u_bufg_pix/O
                         net (fo=4439, routed)        0.811     2.011    u_pl/u_zmap/clk_pix
    SLICE_X36Y76         FDRE                                         r  u_pl/u_zmap/rot_s0_reg/C
                         clock pessimism             -0.248     1.763    
                         clock uncertainty            0.259     2.022    
    SLICE_X36Y76         FDRE (Hold_fdre_C_D)        -0.013     2.009    u_pl/u_zmap/rot_s0_reg
  -------------------------------------------------------------------
                         required time                         -2.009    
                         arrival time                           2.278    
  -------------------------------------------------------------------
                         slack                                  0.268    





