Copyright 1986-2022 Xilinx, Inc. All Rights Reserved. Copyright 2022-2026 Advanced Micro Devices, Inc. All Rights Reserved.
------------------------------------------------------------------------------------------------------------------------------------------------------------
| Tool Version      : Vivado v.2025.2.1 (win64) Build 6403652 Thu Mar 19 19:48:24 GMT 2026
| Date              : Wed Sep 23 05:42:56 2026
| Host              : Uie-laptop running 64-bit major release  (build 9200)
| Command           : report_timing -delay_type min -max_paths 4 -nworst 2 -sort_by group -file D:/Xilinx/Prj/pro/Video_Processing/ku5p/build/ku5p_hold.rpt
| Design            : ku5p_eth_top
| Device            : xcku5p-ffvb676
| Speed File        : -2  PRODUCTION 1.29 05-01-2022
| Design State      : Routed
| Temperature Grade : I
------------------------------------------------------------------------------------------------------------------------------------------------------------

Timing Report

Slack (MET) :             0.010ns  (arrival time - required time)
  Source:                 u_arp/u_arp_rx/op_data_reg[4]/C
                            (rising edge-triggered cell FDCE clocked by eth_rxc  {rise@0.000ns fall@4.000ns period=8.000ns})
  Destination:            u_arp/u_arp_rx/arp_rx_type_reg/D
                            (rising edge-triggered cell FDCE clocked by eth_rxc  {rise@0.000ns fall@4.000ns period=8.000ns})
  Path Group:             eth_rxc
  Path Type:              Hold (Min at Fast Process Corner)
  Requirement:            0.000ns  (eth_rxc rise@0.000ns - eth_rxc rise@0.000ns)
  Data Path Delay:        0.606ns  (logic 0.084ns (13.860%)  route 0.522ns (86.140%))
  Logic Levels:           2  (LUT5=2)
  Clock Path Skew:        0.050ns (DCD - SCD - CPR)
    Destination Clock Delay (DCD):    1.292ns
    Source Clock Delay      (SCD):    0.972ns
    Clock Pessimism Removal (CPR):    0.270ns
  Clock Uncertainty:      0.500ns  ((TSJ^2 + TIJ^2)^1/2 + DJ) / 2 + PE + UU
    Total System Jitter     (TSJ):    0.000ns
    Total Input Jitter      (TIJ):    0.000ns
    Discrete Jitter          (DJ):    0.000ns
    Phase Error              (PE):    0.000ns
    User Uncertainty         (UU):    0.500ns
  Clock Net Delay (Source):      0.675ns (routing 0.096ns, distribution 0.579ns)
  Clock Net Delay (Destination): 0.770ns (routing 0.108ns, distribution 0.662ns)

    Location             Delay type                Incr(ns)  Path(ns)    Netlist Resource(s)
  -------------------------------------------------------------------    -------------------
                         (clock eth_rxc rise edge)    0.000     0.000 r  
    K22                                               0.000     0.000 r  eth_rxc (IN)
                         net (fo=0)                   0.000     0.000    eth_rxc_IBUF_inst/I
    K22                  INBUF (Prop_INBUF_HPIOB_M_PAD_O)
                                                      0.129     0.129 r  eth_rxc_IBUF_inst/INBUF_INST/O
                         net (fo=1, routed)           0.000     0.129    eth_rxc_IBUF_inst/OUT
    K22                  IBUFCTRL (Prop_IBUFCTRL_HPIOB_M_I_O)
                                                      0.000     0.129 r  eth_rxc_IBUF_inst/IBUFCTRL_INST/O
                         net (fo=2, routed)           0.151     0.280    eth_rxc_IBUF
    BUFGCE_X0Y56         BUFGCE (Prop_BUFCE_BUFGCE_I_O)
                                                      0.017     0.297 r  eth_rxc_IBUF_BUFGCE_collapsed_inst/O
    X0Y2 (CLOCK_ROOT)    net (fo=2961, routed)        0.675     0.972    u_arp/u_arp_rx/eth_txc_OBUF
    SLICE_X9Y140         FDCE                                         r  u_arp/u_arp_rx/op_data_reg[4]/C
  -------------------------------------------------------------------    -------------------
    SLICE_X9Y140         FDCE (Prop_HFF_SLICEM_C_Q)
                                                      0.039     1.011 r  u_arp/u_arp_rx/op_data_reg[4]/Q
                         net (fo=1, routed)           0.144     1.155    u_arp/u_arp_rx/op_data_reg_n_0_[4]
    SLICE_X9Y140         LUT5 (Prop_H6LUT_SLICEM_I0_O)
                                                      0.023     1.178 r  u_arp/u_arp_rx/arp_rx_type_i_2/O
                         net (fo=3, routed)           0.362     1.540    u_arp/u_arp_rx/arp_rx_type_i_2_n_0
    SLICE_X8Y139         LUT5 (Prop_D6LUT_SLICEL_I0_O)
                                                      0.022     1.562 r  u_arp/u_arp_rx/arp_rx_type_i_1/O
                         net (fo=1, routed)           0.016     1.578    u_arp/u_arp_rx/arp_rx_type_i_1_n_0
    SLICE_X8Y139         FDCE                                         r  u_arp/u_arp_rx/arp_rx_type_reg/D
  -------------------------------------------------------------------    -------------------

                         (clock eth_rxc rise edge)    0.000     0.000 r  
    K22                                               0.000     0.000 r  eth_rxc (IN)
                         net (fo=0)                   0.000     0.000    eth_rxc_IBUF_inst/I
    K22                  INBUF (Prop_INBUF_HPIOB_M_PAD_O)
                                                      0.313     0.313 r  eth_rxc_IBUF_inst/INBUF_INST/O
                         net (fo=1, routed)           0.000     0.313    eth_rxc_IBUF_inst/OUT
    K22                  IBUFCTRL (Prop_IBUFCTRL_HPIOB_M_I_O)
                                                      0.000     0.313 r  eth_rxc_IBUF_inst/IBUFCTRL_INST/O
                         net (fo=2, routed)           0.189     0.502    eth_rxc_IBUF
    BUFGCE_X0Y56         BUFGCE (Prop_BUFCE_BUFGCE_I_O)
                                                      0.019     0.521 r  eth_rxc_IBUF_BUFGCE_collapsed_inst/O
    X0Y2 (CLOCK_ROOT)    net (fo=2961, routed)        0.770     1.292    u_arp/u_arp_rx/eth_txc_OBUF
    SLICE_X8Y139         FDCE                                         r  u_arp/u_arp_rx/arp_rx_type_reg/C
                         clock pessimism             -0.270     1.022    
                         clock uncertainty            0.500     1.522    
    SLICE_X8Y139         FDCE (Hold_DFF_SLICEL_C_D)
                                                      0.046     1.568    u_arp/u_arp_rx/arp_rx_type_reg
  -------------------------------------------------------------------
                         required time                         -1.568    
                         arrival time                           1.578    
  -------------------------------------------------------------------
                         slack                                  0.010    

Slack (MET) :             0.010ns  (arrival time - required time)
  Source:                 u_arp/u_arp_rx/op_data_reg[4]/C
                            (rising edge-triggered cell FDCE clocked by eth_rxc  {rise@0.000ns fall@4.000ns period=8.000ns})
  Destination:            u_arp/u_arp_rx/arp_rx_type_reg/D
                            (rising edge-triggered cell FDCE clocked by eth_rxc  {rise@0.000ns fall@4.000ns period=8.000ns})
  Path Group:             eth_rxc
  Path Type:              Hold (Min at Fast Process Corner)
  Requirement:            0.000ns  (eth_rxc rise@0.000ns - eth_rxc rise@0.000ns)
  Data Path Delay:        0.606ns  (logic 0.084ns (13.860%)  route 0.522ns (86.140%))
  Logic Levels:           2  (LUT5=2)
  Clock Path Skew:        0.050ns (DCD - SCD - CPR)
    Destination Clock Delay (DCD):    1.292ns
    Source Clock Delay      (SCD):    0.972ns
    Clock Pessimism Removal (CPR):    0.270ns
  Clock Uncertainty:      0.500ns  ((TSJ^2 + TIJ^2)^1/2 + DJ) / 2 + PE + UU
    Total System Jitter     (TSJ):    0.000ns
    Total Input Jitter      (TIJ):    0.000ns
    Discrete Jitter          (DJ):    0.000ns
    Phase Error              (PE):    0.000ns
    User Uncertainty         (UU):    0.500ns
  Clock Net Delay (Source):      0.675ns (routing 0.096ns, distribution 0.579ns)
  Clock Net Delay (Destination): 0.770ns (routing 0.108ns, distribution 0.662ns)

    Location             Delay type                Incr(ns)  Path(ns)    Netlist Resource(s)
  -------------------------------------------------------------------    -------------------
                         (clock eth_rxc rise edge)    0.000     0.000 r  
    K22                                               0.000     0.000 r  eth_rxc (IN)
                         net (fo=0)                   0.000     0.000    eth_rxc_IBUF_inst/I
    K22                  INBUF (Prop_INBUF_HPIOB_M_PAD_O)
                                                      0.129     0.129 r  eth_rxc_IBUF_inst/INBUF_INST/O
                         net (fo=1, routed)           0.000     0.129    eth_rxc_IBUF_inst/OUT
    K22                  IBUFCTRL (Prop_IBUFCTRL_HPIOB_M_I_O)
                                                      0.000     0.129 r  eth_rxc_IBUF_inst/IBUFCTRL_INST/O
                         net (fo=2, routed)           0.151     0.280    eth_rxc_IBUF
    BUFGCE_X0Y56         BUFGCE (Prop_BUFCE_BUFGCE_I_O)
                                                      0.017     0.297 r  eth_rxc_IBUF_BUFGCE_collapsed_inst/O
    X0Y2 (CLOCK_ROOT)    net (fo=2961, routed)        0.675     0.972    u_arp/u_arp_rx/eth_txc_OBUF
    SLICE_X9Y140         FDCE                                         r  u_arp/u_arp_rx/op_data_reg[4]/C
  -------------------------------------------------------------------    -------------------
    SLICE_X9Y140         FDCE (Prop_HFF_SLICEM_C_Q)
                                                      0.039     1.011 f  u_arp/u_arp_rx/op_data_reg[4]/Q
                         net (fo=1, routed)           0.144     1.155    u_arp/u_arp_rx/op_data_reg_n_0_[4]
    SLICE_X9Y140         LUT5 (Prop_H6LUT_SLICEM_I0_O)
                                                      0.023     1.178 f  u_arp/u_arp_rx/arp_rx_type_i_2/O
                         net (fo=3, routed)           0.362     1.540    u_arp/u_arp_rx/arp_rx_type_i_2_n_0
    SLICE_X8Y139         LUT5 (Prop_D6LUT_SLICEL_I0_O)
                                                      0.022     1.562 f  u_arp/u_arp_rx/arp_rx_type_i_1/O
                         net (fo=1, routed)           0.016     1.578    u_arp/u_arp_rx/arp_rx_type_i_1_n_0
    SLICE_X8Y139         FDCE                                         f  u_arp/u_arp_rx/arp_rx_type_reg/D
  -------------------------------------------------------------------    -------------------

                         (clock eth_rxc rise edge)    0.000     0.000 r  
    K22                                               0.000     0.000 r  eth_rxc (IN)
                         net (fo=0)                   0.000     0.000    eth_rxc_IBUF_inst/I
    K22                  INBUF (Prop_INBUF_HPIOB_M_PAD_O)
                                                      0.313     0.313 r  eth_rxc_IBUF_inst/INBUF_INST/O
                         net (fo=1, routed)           0.000     0.313    eth_rxc_IBUF_inst/OUT
    K22                  IBUFCTRL (Prop_IBUFCTRL_HPIOB_M_I_O)
                                                      0.000     0.313 r  eth_rxc_IBUF_inst/IBUFCTRL_INST/O
                         net (fo=2, routed)           0.189     0.502    eth_rxc_IBUF
    BUFGCE_X0Y56         BUFGCE (Prop_BUFCE_BUFGCE_I_O)
                                                      0.019     0.521 r  eth_rxc_IBUF_BUFGCE_collapsed_inst/O
    X0Y2 (CLOCK_ROOT)    net (fo=2961, routed)        0.770     1.292    u_arp/u_arp_rx/eth_txc_OBUF
    SLICE_X8Y139         FDCE                                         r  u_arp/u_arp_rx/arp_rx_type_reg/C
                         clock pessimism             -0.270     1.022    
                         clock uncertainty            0.500     1.522    
    SLICE_X8Y139         FDCE (Hold_DFF_SLICEL_C_D)
                                                      0.046     1.568    u_arp/u_arp_rx/arp_rx_type_reg
  -------------------------------------------------------------------
                         required time                         -1.568    
                         arrival time                           1.578    
  -------------------------------------------------------------------
                         slack                                  0.010    

Slack (MET) :             0.012ns  (arrival time - required time)
  Source:                 u_fb/sel_lane_reg[1]/C
                            (rising edge-triggered cell FDRE clocked by eth_rxc  {rise@0.000ns fall@4.000ns period=8.000ns})
  Destination:            rd_xor_reg[3]/D
                            (rising edge-triggered cell FDCE clocked by eth_rxc  {rise@0.000ns fall@4.000ns period=8.000ns})
  Path Group:             eth_rxc
  Path Type:              Hold (Min at Fast Process Corner)
  Requirement:            0.000ns  (eth_rxc rise@0.000ns - eth_rxc rise@0.000ns)
  Data Path Delay:        0.615ns  (logic 0.101ns (16.418%)  route 0.514ns (83.582%))
  Logic Levels:           2  (LUT5=2)
  Clock Path Skew:        0.057ns (DCD - SCD - CPR)
    Destination Clock Delay (DCD):    1.307ns
    Source Clock Delay      (SCD):    0.981ns
    Clock Pessimism Removal (CPR):    0.269ns
  Clock Uncertainty:      0.500ns  ((TSJ^2 + TIJ^2)^1/2 + DJ) / 2 + PE + UU
    Total System Jitter     (TSJ):    0.000ns
    Total Input Jitter      (TIJ):    0.000ns
    Discrete Jitter          (DJ):    0.000ns
    Phase Error              (PE):    0.000ns
    User Uncertainty         (UU):    0.500ns
  Clock Net Delay (Source):      0.684ns (routing 0.096ns, distribution 0.588ns)
  Clock Net Delay (Destination): 0.786ns (routing 0.108ns, distribution 0.678ns)

    Location             Delay type                Incr(ns)  Path(ns)    Netlist Resource(s)
  -------------------------------------------------------------------    -------------------
                         (clock eth_rxc rise edge)    0.000     0.000 r  
    K22                                               0.000     0.000 r  eth_rxc (IN)
                         net (fo=0)                   0.000     0.000    eth_rxc_IBUF_inst/I
    K22                  INBUF (Prop_INBUF_HPIOB_M_PAD_O)
                                                      0.129     0.129 r  eth_rxc_IBUF_inst/INBUF_INST/O
                         net (fo=1, routed)           0.000     0.129    eth_rxc_IBUF_inst/OUT
    K22                  IBUFCTRL (Prop_IBUFCTRL_HPIOB_M_I_O)
                                                      0.000     0.129 r  eth_rxc_IBUF_inst/IBUFCTRL_INST/O
                         net (fo=2, routed)           0.151     0.280    eth_rxc_IBUF
    BUFGCE_X0Y56         BUFGCE (Prop_BUFCE_BUFGCE_I_O)
                                                      0.017     0.297 r  eth_rxc_IBUF_BUFGCE_collapsed_inst/O
    X0Y2 (CLOCK_ROOT)    net (fo=2961, routed)        0.684     0.981    u_fb/eth_txc_OBUF
    SLICE_X16Y161        FDRE                                         r  u_fb/sel_lane_reg[1]/C
  -------------------------------------------------------------------    -------------------
    SLICE_X16Y161        FDRE (Prop_FFF_SLICEM_C_Q)
                                                      0.037     1.018 r  u_fb/sel_lane_reg[1]/Q
                         net (fo=32, routed)          0.357     1.375    u_fb/sel_lane[1]
    SLICE_X20Y165        LUT5 (Prop_G6LUT_SLICEM_I1_O)
                                                      0.050     1.425 r  u_fb/rd_xor[3]_i_2/O
                         net (fo=1, routed)           0.133     1.558    u_fb/rd_xor[3]_i_2_n_0
    SLICE_X20Y165        LUT5 (Prop_C6LUT_SLICEM_I1_O)
                                                      0.014     1.572 r  u_fb/rd_xor[3]_i_1/O
                         net (fo=1, routed)           0.024     1.596    u_fb_n_13
    SLICE_X20Y165        FDCE                                         r  rd_xor_reg[3]/D
  -------------------------------------------------------------------    -------------------

                         (clock eth_rxc rise edge)    0.000     0.000 r  
    K22                                               0.000     0.000 r  eth_rxc (IN)
                         net (fo=0)                   0.000     0.000    eth_rxc_IBUF_inst/I
    K22                  INBUF (Prop_INBUF_HPIOB_M_PAD_O)
                                                      0.313     0.313 r  eth_rxc_IBUF_inst/INBUF_INST/O
                         net (fo=1, routed)           0.000     0.313    eth_rxc_IBUF_inst/OUT
    K22                  IBUFCTRL (Prop_IBUFCTRL_HPIOB_M_I_O)
                                                      0.000     0.313 r  eth_rxc_IBUF_inst/IBUFCTRL_INST/O
                         net (fo=2, routed)           0.189     0.502    eth_rxc_IBUF
    BUFGCE_X0Y56         BUFGCE (Prop_BUFCE_BUFGCE_I_O)
                                                      0.019     0.521 r  eth_rxc_IBUF_BUFGCE_collapsed_inst/O
    X0Y2 (CLOCK_ROOT)    net (fo=2961, routed)        0.786     1.307    eth_txc_OBUF
    SLICE_X20Y165        FDCE                                         r  rd_xor_reg[3]/C
                         clock pessimism             -0.269     1.038    
                         clock uncertainty            0.500     1.538    
    SLICE_X20Y165        FDCE (Hold_CFF_SLICEM_C_D)
                                                      0.046     1.584    rd_xor_reg[3]
  -------------------------------------------------------------------
                         required time                         -1.584    
                         arrival time                           1.596    
  -------------------------------------------------------------------
                         slack                                  0.012    

Slack (MET) :             0.012ns  (arrival time - required time)
  Source:                 u_fb/sel_lane_reg[1]/C
                            (rising edge-triggered cell FDRE clocked by eth_rxc  {rise@0.000ns fall@4.000ns period=8.000ns})
  Destination:            rd_xor_reg[3]/D
                            (rising edge-triggered cell FDCE clocked by eth_rxc  {rise@0.000ns fall@4.000ns period=8.000ns})
  Path Group:             eth_rxc
  Path Type:              Hold (Min at Fast Process Corner)
  Requirement:            0.000ns  (eth_rxc rise@0.000ns - eth_rxc rise@0.000ns)
  Data Path Delay:        0.615ns  (logic 0.101ns (16.418%)  route 0.514ns (83.582%))
  Logic Levels:           2  (LUT5=2)
  Clock Path Skew:        0.057ns (DCD - SCD - CPR)
    Destination Clock Delay (DCD):    1.307ns
    Source Clock Delay      (SCD):    0.981ns
    Clock Pessimism Removal (CPR):    0.269ns
  Clock Uncertainty:      0.500ns  ((TSJ^2 + TIJ^2)^1/2 + DJ) / 2 + PE + UU
    Total System Jitter     (TSJ):    0.000ns
    Total Input Jitter      (TIJ):    0.000ns
    Discrete Jitter          (DJ):    0.000ns
    Phase Error              (PE):    0.000ns
    User Uncertainty         (UU):    0.500ns
  Clock Net Delay (Source):      0.684ns (routing 0.096ns, distribution 0.588ns)
  Clock Net Delay (Destination): 0.786ns (routing 0.108ns, distribution 0.678ns)

    Location             Delay type                Incr(ns)  Path(ns)    Netlist Resource(s)
  -------------------------------------------------------------------    -------------------
                         (clock eth_rxc rise edge)    0.000     0.000 r  
    K22                                               0.000     0.000 r  eth_rxc (IN)
                         net (fo=0)                   0.000     0.000    eth_rxc_IBUF_inst/I
    K22                  INBUF (Prop_INBUF_HPIOB_M_PAD_O)
                                                      0.129     0.129 r  eth_rxc_IBUF_inst/INBUF_INST/O
                         net (fo=1, routed)           0.000     0.129    eth_rxc_IBUF_inst/OUT
    K22                  IBUFCTRL (Prop_IBUFCTRL_HPIOB_M_I_O)
                                                      0.000     0.129 r  eth_rxc_IBUF_inst/IBUFCTRL_INST/O
                         net (fo=2, routed)           0.151     0.280    eth_rxc_IBUF
    BUFGCE_X0Y56         BUFGCE (Prop_BUFCE_BUFGCE_I_O)
                                                      0.017     0.297 r  eth_rxc_IBUF_BUFGCE_collapsed_inst/O
    X0Y2 (CLOCK_ROOT)    net (fo=2961, routed)        0.684     0.981    u_fb/eth_txc_OBUF
    SLICE_X16Y161        FDRE                                         r  u_fb/sel_lane_reg[1]/C
  -------------------------------------------------------------------    -------------------
    SLICE_X16Y161        FDRE (Prop_FFF_SLICEM_C_Q)
                                                      0.037     1.018 r  u_fb/sel_lane_reg[1]/Q
                         net (fo=32, routed)          0.357     1.375    u_fb/sel_lane[1]
    SLICE_X20Y165        LUT5 (Prop_G6LUT_SLICEM_I1_O)
                                                      0.050     1.425 f  u_fb/rd_xor[3]_i_2/O
                         net (fo=1, routed)           0.133     1.558    u_fb/rd_xor[3]_i_2_n_0
    SLICE_X20Y165        LUT5 (Prop_C6LUT_SLICEM_I1_O)
                                                      0.014     1.572 r  u_fb/rd_xor[3]_i_1/O
                         net (fo=1, routed)           0.024     1.596    u_fb_n_13
    SLICE_X20Y165        FDCE                                         r  rd_xor_reg[3]/D
  -------------------------------------------------------------------    -------------------

                         (clock eth_rxc rise edge)    0.000     0.000 r  
    K22                                               0.000     0.000 r  eth_rxc (IN)
                         net (fo=0)                   0.000     0.000    eth_rxc_IBUF_inst/I
    K22                  INBUF (Prop_INBUF_HPIOB_M_PAD_O)
                                                      0.313     0.313 r  eth_rxc_IBUF_inst/INBUF_INST/O
                         net (fo=1, routed)           0.000     0.313    eth_rxc_IBUF_inst/OUT
    K22                  IBUFCTRL (Prop_IBUFCTRL_HPIOB_M_I_O)
                                                      0.000     0.313 r  eth_rxc_IBUF_inst/IBUFCTRL_INST/O
                         net (fo=2, routed)           0.189     0.502    eth_rxc_IBUF
    BUFGCE_X0Y56         BUFGCE (Prop_BUFCE_BUFGCE_I_O)
                                                      0.019     0.521 r  eth_rxc_IBUF_BUFGCE_collapsed_inst/O
    X0Y2 (CLOCK_ROOT)    net (fo=2961, routed)        0.786     1.307    eth_txc_OBUF
    SLICE_X20Y165        FDCE                                         r  rd_xor_reg[3]/C
                         clock pessimism             -0.269     1.038    
                         clock uncertainty            0.500     1.538    
    SLICE_X20Y165        FDCE (Hold_CFF_SLICEM_C_D)
                                                      0.046     1.584    rd_xor_reg[3]
  -------------------------------------------------------------------
                         required time                         -1.584    
                         arrival time                           1.596    
  -------------------------------------------------------------------
                         slack                                  0.012    

Slack (MET) :             0.293ns  (arrival time - required time)
  Source:                 por_reg[10]/C
                            (rising edge-triggered cell FDCE clocked by eth_rxc  {rise@0.000ns fall@4.000ns period=8.000ns})
  Destination:            rd_ptr_reg[8]_rep__0/CLR
                            (removal check against rising-edge clock eth_rxc  {rise@0.000ns fall@4.000ns period=8.000ns})
  Path Group:             **async_default**
  Path Type:              Removal (Min at Fast Process Corner)
  Requirement:            0.000ns  (eth_rxc rise@0.000ns - eth_rxc rise@0.000ns)
  Data Path Delay:        0.819ns  (logic 0.115ns (14.049%)  route 0.704ns (85.951%))
  Logic Levels:           2  (LUT6=2)
  Clock Path Skew:        0.046ns (DCD - SCD - CPR)
    Destination Clock Delay (DCD):    1.302ns
    Source Clock Delay      (SCD):    0.987ns
    Clock Pessimism Removal (CPR):    0.269ns
  Clock Uncertainty:      0.500ns  ((TSJ^2 + TIJ^2)^1/2 + DJ) / 2 + PE + UU
    Total System Jitter     (TSJ):    0.000ns
    Total Input Jitter      (TIJ):    0.000ns
    Discrete Jitter          (DJ):    0.000ns
    Phase Error              (PE):    0.000ns
    User Uncertainty         (UU):    0.500ns
  Clock Net Delay (Source):      0.691ns (routing 0.096ns, distribution 0.595ns)
  Clock Net Delay (Destination): 0.781ns (routing 0.108ns, distribution 0.673ns)

    Location             Delay type                Incr(ns)  Path(ns)    Netlist Resource(s)
  -------------------------------------------------------------------    -------------------
                         (clock eth_rxc rise edge)    0.000     0.000 r  
    K22                                               0.000     0.000 r  eth_rxc (IN)
                         net (fo=0)                   0.000     0.000    eth_rxc_IBUF_inst/I
    K22                  INBUF (Prop_INBUF_HPIOB_M_PAD_O)
                                                      0.129     0.129 r  eth_rxc_IBUF_inst/INBUF_INST/O
                         net (fo=1, routed)           0.000     0.129    eth_rxc_IBUF_inst/OUT
    K22                  IBUFCTRL (Prop_IBUFCTRL_HPIOB_M_I_O)
                                                      0.000     0.129 r  eth_rxc_IBUF_inst/IBUFCTRL_INST/O
                         net (fo=2, routed)           0.151     0.280    eth_rxc_IBUF
    BUFGCE_X0Y56         BUFGCE (Prop_BUFCE_BUFGCE_I_O)
                                                      0.017     0.297 r  eth_rxc_IBUF_BUFGCE_collapsed_inst/O
    X0Y2 (CLOCK_ROOT)    net (fo=2961, routed)        0.691     0.987    xlnx_opt_
    SLICE_X24Y141        FDCE                                         r  por_reg[10]/C
  -------------------------------------------------------------------    -------------------
    SLICE_X24Y141        FDCE (Prop_BFF_SLICEL_C_Q)
                                                      0.039     1.026 r  por_reg[10]/Q
                         net (fo=3, routed)           0.165     1.191    por_reg[10]
    SLICE_X24Y139        LUT6 (Prop_G6LUT_SLICEL_I5_O)
                                                      0.035     1.226 f  por[15]_i_4/O
                         net (fo=1, routed)           0.076     1.302    por[15]_i_4_n_0
    SLICE_X24Y139        LUT6 (Prop_H6LUT_SLICEL_I4_O)
                                                      0.041     1.343 f  por[15]_i_1/O
                         net (fo=95, routed)          0.463     1.806    sel
    SLICE_X17Y159        FDCE                                         f  rd_ptr_reg[8]_rep__0/CLR
  -------------------------------------------------------------------    -------------------

                         (clock eth_rxc rise edge)    0.000     0.000 r  
    K22                                               0.000     0.000 r  eth_rxc (IN)
                         net (fo=0)                   0.000     0.000    eth_rxc_IBUF_inst/I
    K22                  INBUF (Prop_INBUF_HPIOB_M_PAD_O)
                                                      0.313     0.313 r  eth_rxc_IBUF_inst/INBUF_INST/O
                         net (fo=1, routed)           0.000     0.313    eth_rxc_IBUF_inst/OUT
    K22                  IBUFCTRL (Prop_IBUFCTRL_HPIOB_M_I_O)
                                                      0.000     0.313 r  eth_rxc_IBUF_inst/IBUFCTRL_INST/O
                         net (fo=2, routed)           0.189     0.502    eth_rxc_IBUF
    BUFGCE_X0Y56         BUFGCE (Prop_BUFCE_BUFGCE_I_O)
                                                      0.019     0.521 r  eth_rxc_IBUF_BUFGCE_collapsed_inst/O
    X0Y2 (CLOCK_ROOT)    net (fo=2961, routed)        0.781     1.302    eth_txc_OBUF
    SLICE_X17Y159        FDCE                                         r  rd_ptr_reg[8]_rep__0/C
                         clock pessimism             -0.269     1.033    
                         clock uncertainty            0.500     1.533    
    SLICE_X17Y159        FDCE (Remov_EFF_SLICEL_C_CLR)
                                                     -0.020     1.513    rd_ptr_reg[8]_rep__0
  -------------------------------------------------------------------
                         required time                         -1.513    
                         arrival time                           1.806    
  -------------------------------------------------------------------
                         slack                                  0.293    

Slack (MET) :             0.293ns  (arrival time - required time)
  Source:                 por_reg[10]/C
                            (rising edge-triggered cell FDCE clocked by eth_rxc  {rise@0.000ns fall@4.000ns period=8.000ns})
  Destination:            rd_ptr_reg[8]_rep__1/CLR
                            (removal check against rising-edge clock eth_rxc  {rise@0.000ns fall@4.000ns period=8.000ns})
  Path Group:             **async_default**
  Path Type:              Removal (Min at Fast Process Corner)
  Requirement:            0.000ns  (eth_rxc rise@0.000ns - eth_rxc rise@0.000ns)
  Data Path Delay:        0.819ns  (logic 0.115ns (14.049%)  route 0.704ns (85.951%))
  Logic Levels:           2  (LUT6=2)
  Clock Path Skew:        0.046ns (DCD - SCD - CPR)
    Destination Clock Delay (DCD):    1.302ns
    Source Clock Delay      (SCD):    0.987ns
    Clock Pessimism Removal (CPR):    0.269ns
  Clock Uncertainty:      0.500ns  ((TSJ^2 + TIJ^2)^1/2 + DJ) / 2 + PE + UU
    Total System Jitter     (TSJ):    0.000ns
    Total Input Jitter      (TIJ):    0.000ns
    Discrete Jitter          (DJ):    0.000ns
    Phase Error              (PE):    0.000ns
    User Uncertainty         (UU):    0.500ns
  Clock Net Delay (Source):      0.691ns (routing 0.096ns, distribution 0.595ns)
  Clock Net Delay (Destination): 0.781ns (routing 0.108ns, distribution 0.673ns)

    Location             Delay type                Incr(ns)  Path(ns)    Netlist Resource(s)
  -------------------------------------------------------------------    -------------------
                         (clock eth_rxc rise edge)    0.000     0.000 r  
    K22                                               0.000     0.000 r  eth_rxc (IN)
                         net (fo=0)                   0.000     0.000    eth_rxc_IBUF_inst/I
    K22                  INBUF (Prop_INBUF_HPIOB_M_PAD_O)
                                                      0.129     0.129 r  eth_rxc_IBUF_inst/INBUF_INST/O
                         net (fo=1, routed)           0.000     0.129    eth_rxc_IBUF_inst/OUT
    K22                  IBUFCTRL (Prop_IBUFCTRL_HPIOB_M_I_O)
                                                      0.000     0.129 r  eth_rxc_IBUF_inst/IBUFCTRL_INST/O
                         net (fo=2, routed)           0.151     0.280    eth_rxc_IBUF
    BUFGCE_X0Y56         BUFGCE (Prop_BUFCE_BUFGCE_I_O)
                                                      0.017     0.297 r  eth_rxc_IBUF_BUFGCE_collapsed_inst/O
    X0Y2 (CLOCK_ROOT)    net (fo=2961, routed)        0.691     0.987    xlnx_opt_
    SLICE_X24Y141        FDCE                                         r  por_reg[10]/C
  -------------------------------------------------------------------    -------------------
    SLICE_X24Y141        FDCE (Prop_BFF_SLICEL_C_Q)
                                                      0.039     1.026 r  por_reg[10]/Q
                         net (fo=3, routed)           0.165     1.191    por_reg[10]
    SLICE_X24Y139        LUT6 (Prop_G6LUT_SLICEL_I5_O)
                                                      0.035     1.226 f  por[15]_i_4/O
                         net (fo=1, routed)           0.076     1.302    por[15]_i_4_n_0
    SLICE_X24Y139        LUT6 (Prop_H6LUT_SLICEL_I4_O)
                                                      0.041     1.343 f  por[15]_i_1/O
                         net (fo=95, routed)          0.463     1.806    sel
    SLICE_X17Y159        FDCE                                         f  rd_ptr_reg[8]_rep__1/CLR
  -------------------------------------------------------------------    -------------------

                         (clock eth_rxc rise edge)    0.000     0.000 r  
    K22                                               0.000     0.000 r  eth_rxc (IN)
                         net (fo=0)                   0.000     0.000    eth_rxc_IBUF_inst/I
    K22                  INBUF (Prop_INBUF_HPIOB_M_PAD_O)
                                                      0.313     0.313 r  eth_rxc_IBUF_inst/INBUF_INST/O
                         net (fo=1, routed)           0.000     0.313    eth_rxc_IBUF_inst/OUT
    K22                  IBUFCTRL (Prop_IBUFCTRL_HPIOB_M_I_O)
                                                      0.000     0.313 r  eth_rxc_IBUF_inst/IBUFCTRL_INST/O
                         net (fo=2, routed)           0.189     0.502    eth_rxc_IBUF
    BUFGCE_X0Y56         BUFGCE (Prop_BUFCE_BUFGCE_I_O)
                                                      0.019     0.521 r  eth_rxc_IBUF_BUFGCE_collapsed_inst/O
    X0Y2 (CLOCK_ROOT)    net (fo=2961, routed)        0.781     1.302    eth_txc_OBUF
    SLICE_X17Y159        FDCE                                         r  rd_ptr_reg[8]_rep__1/C
                         clock pessimism             -0.269     1.033    
                         clock uncertainty            0.500     1.533    
    SLICE_X17Y159        FDCE (Remov_EFF2_SLICEL_C_CLR)
                                                     -0.020     1.513    rd_ptr_reg[8]_rep__1
  -------------------------------------------------------------------
                         required time                         -1.513    
                         arrival time                           1.806    
  -------------------------------------------------------------------
                         slack                                  0.293    

Slack (MET) :             0.307ns  (arrival time - required time)
  Source:                 por_reg[1]/C
                            (rising edge-triggered cell FDCE clocked by eth_rxc  {rise@0.000ns fall@4.000ns period=8.000ns})
  Destination:            rd_ptr_reg[8]_rep__0/CLR
                            (removal check against rising-edge clock eth_rxc  {rise@0.000ns fall@4.000ns period=8.000ns})
  Path Group:             **async_default**
  Path Type:              Removal (Min at Fast Process Corner)
  Requirement:            0.000ns  (eth_rxc rise@0.000ns - eth_rxc rise@0.000ns)
  Data Path Delay:        0.832ns  (logic 0.074ns (8.899%)  route 0.758ns (91.101%))
  Logic Levels:           1  (LUT6=1)
  Clock Path Skew:        0.045ns (DCD - SCD - CPR)
    Destination Clock Delay (DCD):    1.302ns
    Source Clock Delay      (SCD):    0.988ns
    Clock Pessimism Removal (CPR):    0.269ns
  Clock Uncertainty:      0.500ns  ((TSJ^2 + TIJ^2)^1/2 + DJ) / 2 + PE + UU
    Total System Jitter     (TSJ):    0.000ns
    Total Input Jitter      (TIJ):    0.000ns
    Discrete Jitter          (DJ):    0.000ns
    Phase Error              (PE):    0.000ns
    User Uncertainty         (UU):    0.500ns
  Clock Net Delay (Source):      0.692ns (routing 0.096ns, distribution 0.596ns)
  Clock Net Delay (Destination): 0.781ns (routing 0.108ns, distribution 0.673ns)

    Location             Delay type                Incr(ns)  Path(ns)    Netlist Resource(s)
  -------------------------------------------------------------------    -------------------
                         (clock eth_rxc rise edge)    0.000     0.000 r  
    K22                                               0.000     0.000 r  eth_rxc (IN)
                         net (fo=0)                   0.000     0.000    eth_rxc_IBUF_inst/I
    K22                  INBUF (Prop_INBUF_HPIOB_M_PAD_O)
                                                      0.129     0.129 r  eth_rxc_IBUF_inst/INBUF_INST/O
                         net (fo=1, routed)           0.000     0.129    eth_rxc_IBUF_inst/OUT
    K22                  IBUFCTRL (Prop_IBUFCTRL_HPIOB_M_I_O)
                                                      0.000     0.129 r  eth_rxc_IBUF_inst/IBUFCTRL_INST/O
                         net (fo=2, routed)           0.151     0.280    eth_rxc_IBUF
    BUFGCE_X0Y56         BUFGCE (Prop_BUFCE_BUFGCE_I_O)
                                                      0.017     0.297 r  eth_rxc_IBUF_BUFGCE_collapsed_inst/O
    X0Y2 (CLOCK_ROOT)    net (fo=2961, routed)        0.692     0.988    xlnx_opt_
    SLICE_X24Y140        FDCE                                         r  por_reg[1]/C
  -------------------------------------------------------------------    -------------------
    SLICE_X24Y140        FDCE (Prop_AFF_SLICEL_C_Q)
                                                      0.039     1.027 r  por_reg[1]/Q
                         net (fo=3, routed)           0.295     1.322    por_reg[1]
    SLICE_X24Y139        LUT6 (Prop_H6LUT_SLICEL_I3_O)
                                                      0.035     1.357 f  por[15]_i_1/O
                         net (fo=95, routed)          0.463     1.820    sel
    SLICE_X17Y159        FDCE                                         f  rd_ptr_reg[8]_rep__0/CLR
  -------------------------------------------------------------------    -------------------

                         (clock eth_rxc rise edge)    0.000     0.000 r  
    K22                                               0.000     0.000 r  eth_rxc (IN)
                         net (fo=0)                   0.000     0.000    eth_rxc_IBUF_inst/I
    K22                  INBUF (Prop_INBUF_HPIOB_M_PAD_O)
                                                      0.313     0.313 r  eth_rxc_IBUF_inst/INBUF_INST/O
                         net (fo=1, routed)           0.000     0.313    eth_rxc_IBUF_inst/OUT
    K22                  IBUFCTRL (Prop_IBUFCTRL_HPIOB_M_I_O)
                                                      0.000     0.313 r  eth_rxc_IBUF_inst/IBUFCTRL_INST/O
                         net (fo=2, routed)           0.189     0.502    eth_rxc_IBUF
    BUFGCE_X0Y56         BUFGCE (Prop_BUFCE_BUFGCE_I_O)
                                                      0.019     0.521 r  eth_rxc_IBUF_BUFGCE_collapsed_inst/O
    X0Y2 (CLOCK_ROOT)    net (fo=2961, routed)        0.781     1.302    eth_txc_OBUF
    SLICE_X17Y159        FDCE                                         r  rd_ptr_reg[8]_rep__0/C
                         clock pessimism             -0.269     1.033    
                         clock uncertainty            0.500     1.533    
    SLICE_X17Y159        FDCE (Remov_EFF_SLICEL_C_CLR)
                                                     -0.020     1.513    rd_ptr_reg[8]_rep__0
  -------------------------------------------------------------------
                         required time                         -1.513    
                         arrival time                           1.820    
  -------------------------------------------------------------------
                         slack                                  0.307    

Slack (MET) :             0.307ns  (arrival time - required time)
  Source:                 por_reg[1]/C
                            (rising edge-triggered cell FDCE clocked by eth_rxc  {rise@0.000ns fall@4.000ns period=8.000ns})
  Destination:            rd_ptr_reg[8]_rep__1/CLR
                            (removal check against rising-edge clock eth_rxc  {rise@0.000ns fall@4.000ns period=8.000ns})
  Path Group:             **async_default**
  Path Type:              Removal (Min at Fast Process Corner)
  Requirement:            0.000ns  (eth_rxc rise@0.000ns - eth_rxc rise@0.000ns)
  Data Path Delay:        0.832ns  (logic 0.074ns (8.899%)  route 0.758ns (91.101%))
  Logic Levels:           1  (LUT6=1)
  Clock Path Skew:        0.045ns (DCD - SCD - CPR)
    Destination Clock Delay (DCD):    1.302ns
    Source Clock Delay      (SCD):    0.988ns
    Clock Pessimism Removal (CPR):    0.269ns
  Clock Uncertainty:      0.500ns  ((TSJ^2 + TIJ^2)^1/2 + DJ) / 2 + PE + UU
    Total System Jitter     (TSJ):    0.000ns
    Total Input Jitter      (TIJ):    0.000ns
    Discrete Jitter          (DJ):    0.000ns
    Phase Error              (PE):    0.000ns
    User Uncertainty         (UU):    0.500ns
  Clock Net Delay (Source):      0.692ns (routing 0.096ns, distribution 0.596ns)
  Clock Net Delay (Destination): 0.781ns (routing 0.108ns, distribution 0.673ns)

    Location             Delay type                Incr(ns)  Path(ns)    Netlist Resource(s)
  -------------------------------------------------------------------    -------------------
                         (clock eth_rxc rise edge)    0.000     0.000 r  
    K22                                               0.000     0.000 r  eth_rxc (IN)
                         net (fo=0)                   0.000     0.000    eth_rxc_IBUF_inst/I
    K22                  INBUF (Prop_INBUF_HPIOB_M_PAD_O)
                                                      0.129     0.129 r  eth_rxc_IBUF_inst/INBUF_INST/O
                         net (fo=1, routed)           0.000     0.129    eth_rxc_IBUF_inst/OUT
    K22                  IBUFCTRL (Prop_IBUFCTRL_HPIOB_M_I_O)
                                                      0.000     0.129 r  eth_rxc_IBUF_inst/IBUFCTRL_INST/O
                         net (fo=2, routed)           0.151     0.280    eth_rxc_IBUF
    BUFGCE_X0Y56         BUFGCE (Prop_BUFCE_BUFGCE_I_O)
                                                      0.017     0.297 r  eth_rxc_IBUF_BUFGCE_collapsed_inst/O
    X0Y2 (CLOCK_ROOT)    net (fo=2961, routed)        0.692     0.988    xlnx_opt_
    SLICE_X24Y140        FDCE                                         r  por_reg[1]/C
  -------------------------------------------------------------------    -------------------
    SLICE_X24Y140        FDCE (Prop_AFF_SLICEL_C_Q)
                                                      0.039     1.027 r  por_reg[1]/Q
                         net (fo=3, routed)           0.295     1.322    por_reg[1]
    SLICE_X24Y139        LUT6 (Prop_H6LUT_SLICEL_I3_O)
                                                      0.035     1.357 f  por[15]_i_1/O
                         net (fo=95, routed)          0.463     1.820    sel
    SLICE_X17Y159        FDCE                                         f  rd_ptr_reg[8]_rep__1/CLR
  -------------------------------------------------------------------    -------------------

                         (clock eth_rxc rise edge)    0.000     0.000 r  
    K22                                               0.000     0.000 r  eth_rxc (IN)
                         net (fo=0)                   0.000     0.000    eth_rxc_IBUF_inst/I
    K22                  INBUF (Prop_INBUF_HPIOB_M_PAD_O)
                                                      0.313     0.313 r  eth_rxc_IBUF_inst/INBUF_INST/O
                         net (fo=1, routed)           0.000     0.313    eth_rxc_IBUF_inst/OUT
    K22                  IBUFCTRL (Prop_IBUFCTRL_HPIOB_M_I_O)
                                                      0.000     0.313 r  eth_rxc_IBUF_inst/IBUFCTRL_INST/O
                         net (fo=2, routed)           0.189     0.502    eth_rxc_IBUF
    BUFGCE_X0Y56         BUFGCE (Prop_BUFCE_BUFGCE_I_O)
                                                      0.019     0.521 r  eth_rxc_IBUF_BUFGCE_collapsed_inst/O
    X0Y2 (CLOCK_ROOT)    net (fo=2961, routed)        0.781     1.302    eth_txc_OBUF
    SLICE_X17Y159        FDCE                                         r  rd_ptr_reg[8]_rep__1/C
                         clock pessimism             -0.269     1.033    
                         clock uncertainty            0.500     1.533    
    SLICE_X17Y159        FDCE (Remov_EFF2_SLICEL_C_CLR)
                                                     -0.020     1.513    rd_ptr_reg[8]_rep__1
  -------------------------------------------------------------------
                         required time                         -1.513    
                         arrival time                           1.820    
  -------------------------------------------------------------------
                         slack                                  0.307    




