Copyright 1986-2022 Xilinx, Inc. All Rights Reserved. Copyright 2022-2026 Advanced Micro Devices, Inc. All Rights Reserved.
---------------------------------------------------------------------------------------------------------------------------------------------
| Tool Version : Vivado v.2025.2.1 (win64) Build 6403652 Thu Mar 19 19:48:24 GMT 2026
| Date         : Sun Oct  4 04:37:30 2026
| Host         : Uie-laptop running 64-bit major release  (build 9200)
| Command      : report_utilization -file D:/Xilinx/Prj/pro/Video_Processing/build/utilization.rpt
| Design       : system_top
| Device       : xc7z020clg484-2
| Speed File   : -2
| Design State : Routed
---------------------------------------------------------------------------------------------------------------------------------------------

9. Black Boxes
10. Instantiated Netlists

1. Slice Logic
--------------

+----------------------------+-------+-------+------------+-----------+-------+
|          Site Type         |  Used | Fixed | Prohibited | Available | Util% |
+----------------------------+-------+-------+------------+-----------+-------+
| Slice LUTs                 | 14154 |     0 |          0 |     53200 | 26.61 |
|   LUT as Logic             |  9970 |     0 |          0 |     53200 | 18.74 |
|   LUT as Memory            |  4185 |     0 |          0 |     17400 | 24.05 |
|     LUT as Distributed RAM |  4044 |     0 |            |           |       |
|     LUT as Shift Register  |   141 |     0 |            |           |       |
| Slice Registers            |  8188 |     0 |          0 |    106400 |  7.70 |
|   Register as Flip Flop    |  8188 |     0 |          0 |    106400 |  7.70 |
|   Register as Latch        |     1 |     0 |          0 |    106400 |  0.00 |
| F7 Muxes                   |  1164 |     0 |          0 |     26600 |  4.38 |
| F8 Muxes                   |    85 |     0 |          0 |     13300 |  0.64 |
| Unique Control Sets        |   335 |       |          0 |     13300 |  2.52 |
3. Memory
---------

+-------------------+------+-------+------------+-----------+-------+
|     Site Type     | Used | Fixed | Prohibited | Available | Util% |
+-------------------+------+-------+------------+-----------+-------+
| Block RAM Tile    | 95.5 |     0 |          0 |       140 | 68.21 |
|   RAMB36/FIFO*    |   93 |     0 |          0 |       140 | 66.43 |
|     RAMB36E1 only |   93 |       |            |           |       |
|   RAMB18          |    5 |     0 |          0 |       280 |  1.79 |
|     RAMB18E1 only |    5 |       |            |           |       |
+-------------------+------+-------+------------+-----------+-------+
* Note: Each Block RAM Tile only has one FIFO logic available and therefore can accommodate only one FIFO36E1 or one FIFO18E1. However, if a FIFO18E1 occupies a Block RAM Tile, that tile can still accommodate a RAMB18E1


4. DSP
------

+----------------+------+-------+------------+-----------+-------+
|    Site Type   | Used | Fixed | Prohibited | Available | Util% |
+----------------+------+-------+------------+-----------+-------+
| DSPs           |   19 |     0 |          0 |       220 |  8.64 |
|   DSP48E1 only |   19 |       |            |           |       |
+----------------+------+-------+------------+-----------+-------+


