Copyright 1986-2022 Xilinx, Inc. All Rights Reserved. Copyright 2022-2026 Advanced Micro Devices, Inc. All Rights Reserved.
---------------------------------------------------------------------------------------------------------------------------------------------
| Tool Version : Vivado v.2025.2.1 (win64) Build 6403652 Thu Mar 19 19:48:24 GMT 2026
| Date         : Tue Sep 29 04:59:38 2026
| Host         : Uie-laptop running 64-bit major release  (build 9200)
| Command      : report_timing_summary -file D:/Xilinx/Prj/pro/Video_Processing/build/r86_exp_isolated/timing_summary.rpt
| Design       : system_top
| Device       : 7z020-clg484
| Speed File   : -2  PRODUCTION 1.12 2019-11-22
| Design State : Routed
---------------------------------------------------------------------------------------------------------------------------------------------

Timing Summary Report

------------------------------------------------------------------------------------------------
| Timer Settings
| --------------
------------------------------------------------------------------------------------------------

  Enable Multi Corner Analysis               :  Yes
  Enable Pessimism Removal                   :  Yes
  Pessimism Removal Resolution               :  Nearest Common Node
  Enable Input Delay Default Clock           :  No
  Enable Preset / Clear Arcs                 :  No
  Disable Flight Delays                      :  No
  Ignore I/O Paths                           :  No
  Timing Early Launch at Borrowing Latches   :  No
  Borrow Time for Max Delay Exceptions       :  Yes
  Merge Timing Exceptions                    :  Yes
  Inter-SLR Compensation                     :  Conservative

  Corner  Analyze    Analyze    
  Name    Max Paths  Min Paths  
  ------  ---------  ---------  
  Slow    Yes        Yes        
  Fast    Yes        Yes        


------------------------------------------------------------------------------------------------
| Report Methodology
| ------------------
------------------------------------------------------------------------------------------------

Rule       Severity  Description                                                Violations  
---------  --------  ---------------------------------------------------------  ----------  
DPIR-1     Warning   Asynchronous driver check                                  2           
LUTAR-1    Warning   LUT drives async reset alert                               1           
SYNTH-5    Warning   Mapped onto distributed RAM because of timing constraints  336         
SYNTH-6    Warning   Timing of a RAM block might be sub-optimal                 97          
TIMING-9   Warning   Unknown CDC Logic                                          1           
TIMING-10  Warning   Missing property on synchronizer                           1           
TIMING-18  Warning   Missing input or output delay                              7           

Note: This report is based on the most recent report_methodology run and may not be up-to-date. Run report_methodology on the current design for the latest report.



check_timing report

Table of Contents
-----------------
1. checking no_clock (0)
2. checking constant_clock (0)
3. checking pulse_width_clock (0)
4. checking unconstrained_internal_endpoints (0)
5. checking no_input_delay (7)
6. checking no_output_delay (12)
7. checking multiple_clock (0)
8. checking generated_clocks (0)
9. checking loops (0)
10. checking partial_input_delay (0)
11. checking partial_output_delay (0)
12. checking latch_loops (0)

1. checking no_clock (0)
------------------------
 There are 0 register/latch pins with no clock.


2. checking constant_clock (0)
------------------------------
 There are 0 register/latch pins with constant_clock.


3. checking pulse_width_clock (0)
---------------------------------
 There are 0 register/latch pins which need pulse_width check


4. checking unconstrained_internal_endpoints (0)
------------------------------------------------
 There are 0 pins that are not constrained for maximum delay.

 There are 0 pins that are not constrained for maximum delay due to constant clock.


5. checking no_input_delay (7)
------------------------------
 There are 5 input ports with no input delay specified. (HIGH)

 There are 2 input ports with no input delay but user has a false path constraint. (MEDIUM)


6. checking no_output_delay (12)
--------------------------------
 There are 6 ports with no output delay specified. (HIGH)

 There are 6 ports with no output delay but user has a false path constraint (MEDIUM)

 There are 0 ports with no output delay but with a timing clock defined on it or propagating through it


7. checking multiple_clock (0)
------------------------------
 There are 0 register/latch pins with multiple clocks.


8. checking generated_clocks (0)
--------------------------------
 There are 0 generated clocks that are not connected to a clock source.


9. checking loops (0)
---------------------
 There are 0 combinational loops in the design.


10. checking partial_input_delay (0)
------------------------------------
 There are 0 input ports with partial input delay specified.


11. checking partial_output_delay (0)
-------------------------------------
 There are 0 ports with partial output delay specified.


12. checking latch_loops (0)
----------------------------
 There are 0 combinational latch loops in the design through latch input



------------------------------------------------------------------------------------------------
| Design Timing Summary
| ---------------------
------------------------------------------------------------------------------------------------

    WNS(ns)      TNS(ns)  TNS Failing Endpoints  TNS Total Endpoints      WHS(ns)      THS(ns)  THS Failing Endpoints  THS Total Endpoints     WPWS(ns)     TPWS(ns)  TPWS Failing Endpoints  TPWS Total Endpoints  
    -------      -------  ---------------------  -------------------      -------      -------  ---------------------  -------------------     --------     --------  ----------------------  --------------------  
      0.248        0.000                      0                50885        0.052        0.000                      0                50885        0.264        0.000                       0                 12523  


All user specified timing constraints are met.


------------------------------------------------------------------------------------------------
| Clock Summary
| -------------
------------------------------------------------------------------------------------------------

Clock         Waveform(ns)         Period(ns)      Frequency(MHz)
-----         ------------         ----------      --------------
clk_fpga_0    {0.000 5.000}        10.000          100.000         
eth_rxc       {0.000 4.000}        8.000           125.000         
sys_clk       {0.000 10.000}       20.000          50.000          
  clkfbout    {0.000 10.000}       20.000          50.000          
  clkfbout_1  {0.000 10.000}       20.000          50.000          
  clkout0_1   {0.000 10.000}       20.000          50.000          
  clkout1_1   {0.000 2.000}        4.000           250.000         
  clkout2     {0.000 2.500}        5.000           200.000         


------------------------------------------------------------------------------------------------
| Intra Clock Table
| -----------------
------------------------------------------------------------------------------------------------

Clock             WNS(ns)      TNS(ns)  TNS Failing Endpoints  TNS Total Endpoints      WHS(ns)      THS(ns)  THS Failing Endpoints  THS Total Endpoints     WPWS(ns)     TPWS(ns)  TPWS Failing Endpoints  TPWS Total Endpoints  
-----             -------      -------  ---------------------  -------------------      -------      -------  ---------------------  -------------------     --------     --------  ----------------------  --------------------  
clk_fpga_0          1.082        0.000                      0                15713        0.071        0.000                      0                15713        3.870        0.000                       0                  4368  
eth_rxc             0.248        0.000                      0                 4721        0.052        0.000                      0                 4721        3.500        0.000                       0                  2481  
sys_clk            13.848        0.000                      0                  255        0.121        0.000                      0                  255        7.000        0.000                       0                   187  
  clkfbout                                                                                                                                                     18.408        0.000                       0                     3  
  clkfbout_1                                                                                                                                                   18.408        0.000                       0                     3  
  clkout0_1         1.812        0.000                      0                30118        0.066        0.000                      0                30118        8.870        0.000                       0                  5468  
  clkout1_1                                                                                                                                                     2.408        0.000                       0                    10  
  clkout2                                                                                                                                                       0.264        0.000                       0                     3  


------------------------------------------------------------------------------------------------
| Inter Clock Table
| -----------------
------------------------------------------------------------------------------------------------

From Clock    To Clock          WNS(ns)      TNS(ns)  TNS Failing Endpoints  TNS Total Endpoints      WHS(ns)      THS(ns)  THS Failing Endpoints  THS Total Endpoints  
----------    --------          -------      -------  ---------------------  -------------------      -------      -------  ---------------------  -------------------  
clkout0_1     sys_clk            13.993        0.000                      0                   22        0.155        0.000                      0                   22  
sys_clk       clkout0_1           3.128        0.000                      0                  191        0.178        0.000                      0                  191  


------------------------------------------------------------------------------------------------
| Other Path Groups Table
| -----------------------
------------------------------------------------------------------------------------------------

Path Group    From Clock    To Clock          WNS(ns)      TNS(ns)  TNS Failing Endpoints  TNS Total Endpoints      WHS(ns)      THS(ns)  THS Failing Endpoints  THS Total Endpoints  
----------    ----------    --------          -------      -------  ---------------------  -------------------      -------      -------  ---------------------  -------------------  


------------------------------------------------------------------------------------------------
| Timing Details
| --------------
------------------------------------------------------------------------------------------------


---------------------------------------------------------------------------------------------------
From Clock:  clk_fpga_0
  To Clock:  clk_fpga_0

Setup :            0  Failing Endpoints,  Worst Slack        1.082ns,  Total Violation        0.000ns
Hold  :            0  Failing Endpoints,  Worst Slack        0.071ns,  Total Violation        0.000ns
PW    :            0  Failing Endpoints,  Worst Slack        3.870ns,  Total Violation        0.000ns
---------------------------------------------------------------------------------------------------


Max Delay Paths
--------------------------------------------------------------------------------------
Slack (MET) :             1.082ns  (required time - arrival time)
  Source:                 u_pl/u_arb/owner_eth_reg_rep__0/C
                            (rising edge-triggered cell FDCE clocked by clk_fpga_0  {rise@0.000ns fall@5.000ns period=10.000ns})
  Destination:            u_pl/u_bilin/u_fb/lo_reg_0_44/ENARDEN
                            (rising edge-triggered cell RAMB36E1 clocked by clk_fpga_0  {rise@0.000ns fall@5.000ns period=10.000ns})
  Path Group:             clk_fpga_0
  Path Type:              Setup (Max at Slow Process Corner)
  Requirement:            10.000ns  (clk_fpga_0 rise@10.000ns - clk_fpga_0 rise@0.000ns)
  Data Path Delay:        8.388ns  (logic 0.484ns (5.770%)  route 7.904ns (94.230%))
  Logic Levels:           1  (LUT5=1)
  Clock Path Skew:        0.011ns (DCD - SCD + CPR)
    Destination Clock Delay (DCD):    2.366ns = ( 12.366 - 10.000 ) 
    Source Clock Delay      (SCD):    2.464ns
    Clock Pessimism Removal (CPR):    0.109ns
  Clock Uncertainty:      0.154ns  ((TSJ^2 + TIJ^2)^1/2 + DJ) / 2 + PE
    Total System Jitter     (TSJ):    0.071ns
    Total Input Jitter      (TIJ):    0.300ns
    Discrete Jitter          (DJ):    0.000ns
    Phase Error              (PE):    0.000ns

    Location             Delay type                Incr(ns)  Path(ns)    Netlist Resource(s)
  -------------------------------------------------------------------    -------------------
                         (clock clk_fpga_0 rise edge)
                                                      0.000     0.000 r  
    PS7_X0Y0             PS7                          0.000     0.000 r  u_bd/design_1_i/processing_system7_0/inst/PS7_i/FCLKCLK[0]
                         net (fo=1, routed)           0.994     0.994    u_bd/design_1_i/processing_system7_0/inst/FCLK_CLK_unbuffered[0]
    BUFGCTRL_X0Y16       BUFG (Prop_bufg_I_O)         0.085     1.079 r  u_bd/design_1_i/processing_system7_0/inst/buffer_fclk_clk_0.FCLK_CLK_0_BUFG/O
                         net (fo=4369, routed)        1.385     2.464    u_pl/u_arb/FCLK_CLK0
    SLICE_X45Y86         FDCE                                         r  u_pl/u_arb/owner_eth_reg_rep__0/C
  -------------------------------------------------------------------    -------------------
    SLICE_X45Y86         FDCE (Prop_fdce_C_Q)         0.379     2.843 r  u_pl/u_arb/owner_eth_reg_rep__0/Q
                         net (fo=187, routed)         3.521     6.364    u_pl/u_row/wr_words_reg[17]_0
    SLICE_X27Y32         LUT5 (Prop_lut5_I2_O)        0.105     6.469 r  u_pl/u_row/lo_reg_0_44_i_1/O
                         net (fo=10, routed)          4.383    10.852    u_pl/u_bilin/u_fb/lo_reg_0_44_1
    RAMB36_X4Y18         RAMB36E1                                     r  u_pl/u_bilin/u_fb/lo_reg_0_44/ENARDEN
  -------------------------------------------------------------------    -------------------

                         (clock clk_fpga_0 rise edge)
                                                     10.000    10.000 r  
    PS7_X0Y0             PS7                          0.000    10.000 r  u_bd/design_1_i/processing_system7_0/inst/PS7_i/FCLKCLK[0]
                         net (fo=1, routed)           0.905    10.906    u_bd/design_1_i/processing_system7_0/inst/FCLK_CLK_unbuffered[0]
    BUFGCTRL_X0Y16       BUFG (Prop_bufg_I_O)         0.077    10.983 r  u_bd/design_1_i/processing_system7_0/inst/buffer_fclk_clk_0.FCLK_CLK_0_BUFG/O
                         net (fo=4369, routed)        1.384    12.366    u_pl/u_bilin/u_fb/FCLK_CLK0
    RAMB36_X4Y18         RAMB36E1                                     r  u_pl/u_bilin/u_fb/lo_reg_0_44/CLKARDCLK
                         clock pessimism              0.109    12.475    
                         clock uncertainty           -0.154    12.321    
    RAMB36_X4Y18         RAMB36E1 (Setup_ramb36e1_CLKARDCLK_ENARDEN)
                                                     -0.387    11.934    u_pl/u_bilin/u_fb/lo_reg_0_44
  -------------------------------------------------------------------
                         required time                         11.934    
                         arrival time                         -10.852    
  -------------------------------------------------------------------
                         slack                                  1.082    





Min Delay Paths
--------------------------------------------------------------------------------------
Slack (MET) :             0.071ns  (arrival time - required time)
  Source:                 u_eth/u_saver/cur_data_reg[30]/C
                            (rising edge-triggered cell FDCE clocked by clk_fpga_0  {rise@0.000ns fall@5.000ns period=10.000ns})
  Destination:            u_eth/u_saver/q_data_reg_128_191_30_32/RAMA/I
                            (rising edge-triggered cell RAMD64E clocked by clk_fpga_0  {rise@0.000ns fall@5.000ns period=10.000ns})
  Path Group:             clk_fpga_0
  Path Type:              Hold (Min at Fast Process Corner)
  Requirement:            0.000ns  (clk_fpga_0 rise@0.000ns - clk_fpga_0 rise@0.000ns)
  Data Path Delay:        0.231ns  (logic 0.141ns (60.988%)  route 0.090ns (39.012%))
  Logic Levels:           0  
  Clock Path Skew:        0.013ns (DCD - SCD - CPR)
    Destination Clock Delay (DCD):    1.230ns
    Source Clock Delay      (SCD):    0.931ns
    Clock Pessimism Removal (CPR):    0.286ns

    Location             Delay type                Incr(ns)  Path(ns)    Netlist Resource(s)
  -------------------------------------------------------------------    -------------------
                         (clock clk_fpga_0 rise edge)
                                                      0.000     0.000 r  
    PS7_X0Y0             PS7                          0.000     0.000 r  u_bd/design_1_i/processing_system7_0/inst/PS7_i/FCLKCLK[0]
                         net (fo=1, routed)           0.310     0.310    u_bd/design_1_i/processing_system7_0/inst/FCLK_CLK_unbuffered[0]
    BUFGCTRL_X0Y16       BUFG (Prop_bufg_I_O)         0.026     0.336 r  u_bd/design_1_i/processing_system7_0/inst/buffer_fclk_clk_0.FCLK_CLK_0_BUFG/O
                         net (fo=4369, routed)        0.595     0.931    u_eth/u_saver/FCLK_CLK0
    SLICE_X9Y40          FDCE                                         r  u_eth/u_saver/cur_data_reg[30]/C
  -------------------------------------------------------------------    -------------------
    SLICE_X9Y40          FDCE (Prop_fdce_C_Q)         0.141     1.072 r  u_eth/u_saver/cur_data_reg[30]/Q
                         net (fo=8, routed)           0.090     1.162    u_eth/u_saver/q_data_reg_128_191_30_32/DIA
    SLICE_X8Y40          RAMD64E                                      r  u_eth/u_saver/q_data_reg_128_191_30_32/RAMA/I
  -------------------------------------------------------------------    -------------------

                         (clock clk_fpga_0 rise edge)
                                                      0.000     0.000 r  
    PS7_X0Y0             PS7                          0.000     0.000 r  u_bd/design_1_i/processing_system7_0/inst/PS7_i/FCLKCLK[0]
                         net (fo=1, routed)           0.337     0.337    u_bd/design_1_i/processing_system7_0/inst/FCLK_CLK_unbuffered[0]
    BUFGCTRL_X0Y16       BUFG (Prop_bufg_I_O)         0.029     0.366 r  u_bd/design_1_i/processing_system7_0/inst/buffer_fclk_clk_0.FCLK_CLK_0_BUFG/O
                         net (fo=4369, routed)        0.864     1.230    u_eth/u_saver/q_data_reg_128_191_30_32/WCLK
    SLICE_X8Y40          RAMD64E                                      r  u_eth/u_saver/q_data_reg_128_191_30_32/RAMA/CLK
                         clock pessimism             -0.286     0.944    
    SLICE_X8Y40          RAMD64E (Hold_ramd64e_CLK_I)
                                                      0.147     1.090    u_eth/u_saver/q_data_reg_128_191_30_32/RAMA
  -------------------------------------------------------------------
                         required time                         -1.090    
                         arrival time                           1.162    
  -------------------------------------------------------------------
                         slack                                  0.071    





Pulse Width Checks
--------------------------------------------------------------------------------------
Clock Name:         clk_fpga_0
Waveform(ns):       { 0.000 5.000 }
Period(ns):         10.000
Sources:            { u_bd/design_1_i/processing_system7_0/inst/PS7_i/FCLKCLK[0] }

Check Type        Corner  Lib Pin             Reference Pin  Required(ns)  Actual(ns)  Slack(ns)  Location      Pin
Min Period        n/a     RAMB36E1/CLKBWRCLK  n/a            2.170         10.000      7.830      RAMB36_X1Y3   u_eth/u_cdc/mem_reg_0/CLKBWRCLK
Low Pulse Width   Slow    RAMD64E/CLK         n/a            1.130         5.000       3.870      SLICE_X12Y32  u_eth/u_saver/q_addr_reg_0_63_12_14/RAMA/CLK
High Pulse Width  Slow    RAMD64E/CLK         n/a            1.130         5.000       3.870      SLICE_X12Y32  u_eth/u_saver/q_addr_reg_0_63_12_14/RAMA/CLK



---------------------------------------------------------------------------------------------------
From Clock:  eth_rxc
  To Clock:  eth_rxc

Setup :            0  Failing Endpoints,  Worst Slack        0.248ns,  Total Violation        0.000ns
Hold  :            0  Failing Endpoints,  Worst Slack        0.052ns,  Total Violation        0.000ns
PW    :            0  Failing Endpoints,  Worst Slack        3.500ns,  Total Violation        0.000ns
---------------------------------------------------------------------------------------------------


Max Delay Paths
--------------------------------------------------------------------------------------
Slack (MET) :             0.248ns  (required time - arrival time)
  Source:                 u_eth/u_icmp/u_icmp_rx/FSM_onehot_cur_state_reg[0]/C
                            (rising edge-triggered cell FDPE clocked by eth_rxc  {rise@0.000ns fall@4.000ns period=8.000ns})
  Destination:            u_eth/u_icmp/u_icmp_rx/total_length_reg[2]/CE
                            (rising edge-triggered cell FDCE clocked by eth_rxc  {rise@0.000ns fall@4.000ns period=8.000ns})
  Path Group:             eth_rxc
  Path Type:              Setup (Max at Slow Process Corner)
  Requirement:            8.000ns  (eth_rxc rise@8.000ns - eth_rxc rise@0.000ns)
  Data Path Delay:        7.483ns  (logic 1.328ns (17.748%)  route 6.155ns (82.252%))
  Logic Levels:           4  (LUT3=1 LUT5=2 LUT6=1)
  Clock Path Skew:        -0.066ns (DCD - SCD + CPR)
    Destination Clock Delay (DCD):    4.500ns = ( 12.500 - 8.000 ) 
    Source Clock Delay      (SCD):    4.908ns
    Clock Pessimism Removal (CPR):    0.342ns
  Clock Uncertainty:      0.035ns  ((TSJ^2 + TIJ^2)^1/2 + DJ) / 2 + PE
    Total System Jitter     (TSJ):    0.071ns
    Total Input Jitter      (TIJ):    0.000ns
    Discrete Jitter          (DJ):    0.000ns
    Phase Error              (PE):    0.000ns

    Location             Delay type                Incr(ns)  Path(ns)    Netlist Resource(s)
  -------------------------------------------------------------------    -------------------
                         (clock eth_rxc rise edge)    0.000     0.000 r  
    Y19                                               0.000     0.000 r  eth_rxc (IN)
                         net (fo=0)                   0.000     0.000    eth_rxc
    Y19                  IBUF (Prop_ibuf_I_O)         1.430     1.430 r  eth_rxc_IBUF_inst/O
                         net (fo=2, routed)           1.873     3.303    u_eth/u_rgmii/u_rgmii_rx/rgmii_rxc
    BUFGCTRL_X0Y1        BUFG (Prop_bufg_I_O)         0.085     3.388 r  u_eth/u_rgmii/u_rgmii_rx/BUFG_inst/O
                         net (fo=2475, routed)        1.520     4.908    u_eth/u_icmp/u_icmp_rx/gmii_rx_clk
    SLICE_X103Y39        FDPE                                         r  u_eth/u_icmp/u_icmp_rx/FSM_onehot_cur_state_reg[0]/C
  -------------------------------------------------------------------    -------------------
    SLICE_X103Y39        FDPE (Prop_fdpe_C_Q)         0.379     5.287 f  u_eth/u_icmp/u_icmp_rx/FSM_onehot_cur_state_reg[0]/Q
                         net (fo=13, routed)          1.251     6.538    u_eth/u_icmp/u_icmp_rx/cur_state[0]
    SLICE_X102Y38        LUT5 (Prop_lut5_I3_O)        0.119     6.657 r  u_eth/u_icmp/u_icmp_rx/cnt[4]_i_23/O
                         net (fo=6, routed)           1.152     7.809    u_eth/u_icmp/u_icmp_rx/cnt[4]_i_23_n_0
    SLICE_X101Y38        LUT5 (Prop_lut5_I0_O)        0.278     8.087 r  u_eth/u_icmp/u_icmp_rx/des_ip[23]_i_2/O
                         net (fo=6, routed)           0.837     8.923    u_eth/u_icmp/u_icmp_rx/des_ip[23]_i_2_n_0
    SLICE_X94Y39         LUT3 (Prop_lut3_I2_O)        0.288     9.211 r  u_eth/u_icmp/u_icmp_rx/total_length[7]_i_2/O
                         net (fo=1, routed)           0.479     9.690    u_eth/u_icmp/u_icmp_rx/total_length[7]_i_2_n_0
    SLICE_X94Y39         LUT6 (Prop_lut6_I5_O)        0.264     9.954 r  u_eth/u_icmp/u_icmp_rx/total_length[7]_i_1/O
                         net (fo=8, routed)           2.436    12.390    u_eth/u_icmp/u_icmp_rx/total_length[7]_i_1_n_0
    SLICE_X91Y38         FDCE                                         r  u_eth/u_icmp/u_icmp_rx/total_length_reg[2]/CE
  -------------------------------------------------------------------    -------------------

                         (clock eth_rxc rise edge)    8.000     8.000 r  
    Y19                                               0.000     8.000 r  eth_rxc (IN)
                         net (fo=0)                   0.000     8.000    eth_rxc
    Y19                  IBUF (Prop_ibuf_I_O)         1.364     9.364 r  eth_rxc_IBUF_inst/O
                         net (fo=2, routed)           1.701    11.065    u_eth/u_rgmii/u_rgmii_rx/rgmii_rxc
    BUFGCTRL_X0Y1        BUFG (Prop_bufg_I_O)         0.077    11.142 r  u_eth/u_rgmii/u_rgmii_rx/BUFG_inst/O
                         net (fo=2475, routed)        1.358    12.500    u_eth/u_icmp/u_icmp_rx/gmii_rx_clk
    SLICE_X91Y38         FDCE                                         r  u_eth/u_icmp/u_icmp_rx/total_length_reg[2]/C
                         clock pessimism              0.342    12.842    
                         clock uncertainty           -0.035    12.806    
    SLICE_X91Y38         FDCE (Setup_fdce_C_CE)      -0.168    12.638    u_eth/u_icmp/u_icmp_rx/total_length_reg[2]
  -------------------------------------------------------------------
                         required time                         12.638    
                         arrival time                         -12.390    
  -------------------------------------------------------------------
                         slack                                  0.248    





Min Delay Paths
--------------------------------------------------------------------------------------
Slack (MET) :             0.052ns  (arrival time - required time)
  Source:                 u_eth/u_cdc/rgray_s0_reg[12]/C
                            (rising edge-triggered cell FDCE clocked by eth_rxc  {rise@0.000ns fall@4.000ns period=8.000ns})
  Destination:            u_eth/u_cdc/rgray_s1_reg[12]/D
                            (rising edge-triggered cell FDCE clocked by eth_rxc  {rise@0.000ns fall@4.000ns period=8.000ns})
  Path Group:             eth_rxc
  Path Type:              Hold (Min at Fast Process Corner)
  Requirement:            0.000ns  (eth_rxc rise@0.000ns - eth_rxc rise@0.000ns)
  Data Path Delay:        0.927ns  (logic 0.164ns (17.687%)  route 0.763ns (82.313%))
  Logic Levels:           0  
  Clock Path Skew:        0.014ns (DCD - SCD - CPR)
    Destination Clock Delay (DCD):    2.066ns
    Source Clock Delay      (SCD):    1.552ns
    Clock Pessimism Removal (CPR):    0.500ns
  Clock Uncertainty:      0.800ns  ((TSJ^2 + TIJ^2)^1/2 + DJ) / 2 + PE + UU
    Total System Jitter     (TSJ):    0.000ns
    Total Input Jitter      (TIJ):    0.000ns
    Discrete Jitter          (DJ):    0.000ns
    Phase Error              (PE):    0.000ns
    User Uncertainty         (UU):    0.800ns

    Location             Delay type                Incr(ns)  Path(ns)    Netlist Resource(s)
  -------------------------------------------------------------------    -------------------
                         (clock eth_rxc rise edge)    0.000     0.000 r  
    Y19                                               0.000     0.000 r  eth_rxc (IN)
                         net (fo=0)                   0.000     0.000    eth_rxc
    Y19                  IBUF (Prop_ibuf_I_O)         0.266     0.266 r  eth_rxc_IBUF_inst/O
                         net (fo=2, routed)           0.674     0.940    u_eth/u_rgmii/u_rgmii_rx/rgmii_rxc
    BUFGCTRL_X0Y1        BUFG (Prop_bufg_I_O)         0.026     0.966 r  u_eth/u_rgmii/u_rgmii_rx/BUFG_inst/O
                         net (fo=2475, routed)        0.586     1.552    u_eth/u_cdc/gmii_rx_clk
    SLICE_X26Y12         FDCE                                         r  u_eth/u_cdc/rgray_s0_reg[12]/C
  -------------------------------------------------------------------    -------------------
    SLICE_X26Y12         FDCE (Prop_fdce_C_Q)         0.164     1.716 r  u_eth/u_cdc/rgray_s0_reg[12]/Q
                         net (fo=1, routed)           0.763     2.479    u_eth/u_cdc/rgray_s0[12]
    SLICE_X27Y13         FDCE                                         r  u_eth/u_cdc/rgray_s1_reg[12]/D
  -------------------------------------------------------------------    -------------------

                         (clock eth_rxc rise edge)    0.000     0.000 r  
    Y19                                               0.000     0.000 r  eth_rxc (IN)
                         net (fo=0)                   0.000     0.000    eth_rxc
    Y19                  IBUF (Prop_ibuf_I_O)         0.454     0.454 r  eth_rxc_IBUF_inst/O
                         net (fo=2, routed)           0.731     1.185    u_eth/u_rgmii/u_rgmii_rx/rgmii_rxc
    BUFGCTRL_X0Y1        BUFG (Prop_bufg_I_O)         0.029     1.214 r  u_eth/u_rgmii/u_rgmii_rx/BUFG_inst/O
                         net (fo=2475, routed)        0.852     2.066    u_eth/u_cdc/gmii_rx_clk
    SLICE_X27Y13         FDCE                                         r  u_eth/u_cdc/rgray_s1_reg[12]/C
                         clock pessimism             -0.500     1.566    
                         clock uncertainty            0.800     2.366    
    SLICE_X27Y13         FDCE (Hold_fdce_C_D)         0.061     2.427    u_eth/u_cdc/rgray_s1_reg[12]
  -------------------------------------------------------------------
                         required time                         -2.427    
                         arrival time                           2.479    
  -------------------------------------------------------------------
                         slack                                  0.052    





Pulse Width Checks
--------------------------------------------------------------------------------------
Clock Name:         eth_rxc
Waveform(ns):       { 0.000 4.000 }
Period(ns):         8.000
Sources:            { eth_rxc }

Check Type        Corner  Lib Pin             Reference Pin  Required(ns)  Actual(ns)  Slack(ns)  Location      Pin
Min Period        n/a     RAMB18E1/CLKARDCLK  n/a            2.472         8.000       5.528      RAMB18_X5Y22  u_eth/u_icmp_fifo/mem_reg/CLKARDCLK
Low Pulse Width   Slow    FDCE/C              n/a            0.500         4.000       3.500      SLICE_X25Y13  u_eth/flush_pend_reg/C
High Pulse Width  Slow    FDCE/C              n/a            0.500         4.000       3.500      SLICE_X25Y13  u_eth/flush_pend_reg/C



---------------------------------------------------------------------------------------------------
From Clock:  sys_clk
  To Clock:  sys_clk

Setup :            0  Failing Endpoints,  Worst Slack       13.848ns,  Total Violation        0.000ns
Hold  :            0  Failing Endpoints,  Worst Slack        0.121ns,  Total Violation        0.000ns
PW    :            0  Failing Endpoints,  Worst Slack        7.000ns,  Total Violation        0.000ns
---------------------------------------------------------------------------------------------------


Max Delay Paths
--------------------------------------------------------------------------------------
Slack (MET) :             13.848ns  (required time - arrival time)
  Source:                 u_pl/u_ang/angle_reg[2]/C
                            (rising edge-triggered cell FDRE clocked by sys_clk  {rise@0.000ns fall@10.000ns period=20.000ns})
  Destination:            u_pl/u_ang/angle_reg[3]/D
                            (rising edge-triggered cell FDRE clocked by sys_clk  {rise@0.000ns fall@10.000ns period=20.000ns})
  Path Group:             sys_clk
  Path Type:              Setup (Max at Slow Process Corner)
  Requirement:            20.000ns  (sys_clk rise@20.000ns - sys_clk rise@0.000ns)
  Data Path Delay:        6.065ns  (logic 1.335ns (22.011%)  route 4.730ns (77.989%))
  Logic Levels:           5  (LUT5=2 LUT6=2 MUXF7=1)
  Clock Path Skew:        -0.025ns (DCD - SCD + CPR)
    Destination Clock Delay (DCD):    4.417ns = ( 24.417 - 20.000 ) 
    Source Clock Delay      (SCD):    4.817ns
    Clock Pessimism Removal (CPR):    0.375ns
  Clock Uncertainty:      0.035ns  ((TSJ^2 + TIJ^2)^1/2 + DJ) / 2 + PE
    Total System Jitter     (TSJ):    0.071ns
    Total Input Jitter      (TIJ):    0.000ns
    Discrete Jitter          (DJ):    0.000ns
    Phase Error              (PE):    0.000ns

    Location             Delay type                Incr(ns)  Path(ns)    Netlist Resource(s)
  -------------------------------------------------------------------    -------------------
                         (clock sys_clk rise edge)    0.000     0.000 r  
    W17                                               0.000     0.000 r  sys_clk (IN)
                         net (fo=0)                   0.000     0.000    sys_clk
    W17                  IBUF (Prop_ibuf_I_O)         1.415     1.415 r  sys_clk_IBUF_inst/O
                         net (fo=1, routed)           1.873     3.288    sys_clk_IBUF
    BUFGCTRL_X0Y4        BUFG (Prop_bufg_I_O)         0.085     3.373 r  sys_clk_IBUF_BUFG_inst/O
                         net (fo=186, routed)         1.444     4.817    u_pl/u_ang/CLK
    SLICE_X82Y83         FDRE                                         r  u_pl/u_ang/angle_reg[2]/C
  -------------------------------------------------------------------    -------------------
    SLICE_X82Y83         FDRE (Prop_fdre_C_Q)         0.433     5.250 r  u_pl/u_ang/angle_reg[2]/Q
                         net (fo=203, routed)         2.824     8.074    u_pl/u_ang/angle_reg_n_0_[2]
    SLICE_X86Y81         LUT5 (Prop_lut5_I1_O)        0.105     8.179 r  u_pl/u_ang/rot_s0_i_2/O
                         net (fo=5, routed)           0.475     8.655    u_pl/u_ang/rot_s0_i_2_n_0
    SLICE_X85Y83         LUT5 (Prop_lut5_I0_O)        0.108     8.763 r  u_pl/u_ang/rot_s0_i_1/O
                         net (fo=3, routed)           0.554     9.316    u_pl/u_ang/angle_reg[7]_7
    SLICE_X82Y84         LUT6 (Prop_lut6_I0_O)        0.275     9.591 r  u_pl/u_ang/angle[3]_i_9/O
                         net (fo=1, routed)           0.000     9.591    u_pl/u_ang/angle[3]_i_9_n_0
    SLICE_X82Y84         MUXF7 (Prop_muxf7_I0_O)      0.173     9.764 r  u_pl/u_ang/angle_reg[3]_i_5/O
                         net (fo=1, routed)           0.359    10.123    u_pl/u_ang/angle_reg[3]_i_5_n_0
    SLICE_X82Y84         LUT6 (Prop_lut6_I5_O)        0.241    10.364 r  u_pl/u_ang/angle[3]_i_1/O
                         net (fo=1, routed)           0.518    10.882    u_pl/u_ang/p_1_in__0[3]
    SLICE_X82Y84         FDRE                                         r  u_pl/u_ang/angle_reg[3]/D
  -------------------------------------------------------------------    -------------------

                         (clock sys_clk rise edge)   20.000    20.000 r  
    W17                                               0.000    20.000 r  sys_clk (IN)
                         net (fo=0)                   0.000    20.000    sys_clk
    W17                  IBUF (Prop_ibuf_I_O)         1.349    21.349 r  sys_clk_IBUF_inst/O
                         net (fo=1, routed)           1.701    23.050    sys_clk_IBUF
    BUFGCTRL_X0Y4        BUFG (Prop_bufg_I_O)         0.077    23.127 r  sys_clk_IBUF_BUFG_inst/O
                         net (fo=186, routed)         1.290    24.417    u_pl/u_ang/CLK
    SLICE_X82Y84         FDRE                                         r  u_pl/u_ang/angle_reg[3]/C
                         clock pessimism              0.375    24.792    
                         clock uncertainty           -0.035    24.757    
    SLICE_X82Y84         FDRE (Setup_fdre_C_D)       -0.027    24.730    u_pl/u_ang/angle_reg[3]
  -------------------------------------------------------------------
                         required time                         24.730    
                         arrival time                         -10.882    
  -------------------------------------------------------------------
                         slack                                 13.848    





Min Delay Paths
--------------------------------------------------------------------------------------
Slack (MET) :             0.121ns  (arrival time - required time)
  Source:                 u_pl/u_ang/fs_s_reg[0]/C
                            (rising edge-triggered cell FDRE clocked by sys_clk  {rise@0.000ns fall@10.000ns period=20.000ns})
  Destination:            u_pl/u_ang/fs_s_reg[1]/D
                            (rising edge-triggered cell FDRE clocked by sys_clk  {rise@0.000ns fall@10.000ns period=20.000ns})
  Path Group:             sys_clk
  Path Type:              Hold (Min at Fast Process Corner)
  Requirement:            0.000ns  (sys_clk rise@0.000ns - sys_clk rise@0.000ns)
  Data Path Delay:        0.196ns  (logic 0.141ns (71.838%)  route 0.055ns (28.162%))
  Logic Levels:           0  
  Clock Path Skew:        0.000ns (DCD - SCD - CPR)
    Destination Clock Delay (DCD):    2.045ns
    Source Clock Delay      (SCD):    1.529ns
    Clock Pessimism Removal (CPR):    0.516ns

    Location             Delay type                Incr(ns)  Path(ns)    Netlist Resource(s)
  -------------------------------------------------------------------    -------------------
                         (clock sys_clk rise edge)    0.000     0.000 r  
    W17                                               0.000     0.000 r  sys_clk (IN)
                         net (fo=0)                   0.000     0.000    sys_clk
    W17                  IBUF (Prop_ibuf_I_O)         0.252     0.252 r  sys_clk_IBUF_inst/O
                         net (fo=1, routed)           0.674     0.926    sys_clk_IBUF
    BUFGCTRL_X0Y4        BUFG (Prop_bufg_I_O)         0.026     0.952 r  sys_clk_IBUF_BUFG_inst/O
                         net (fo=186, routed)         0.577     1.529    u_pl/u_ang/CLK
    SLICE_X67Y85         FDRE                                         r  u_pl/u_ang/fs_s_reg[0]/C
  -------------------------------------------------------------------    -------------------
    SLICE_X67Y85         FDRE (Prop_fdre_C_Q)         0.141     1.670 r  u_pl/u_ang/fs_s_reg[0]/Q
                         net (fo=1, routed)           0.055     1.725    u_pl/u_ang/fs_s[0]
    SLICE_X67Y85         FDRE                                         r  u_pl/u_ang/fs_s_reg[1]/D
  -------------------------------------------------------------------    -------------------

                         (clock sys_clk rise edge)    0.000     0.000 r  
    W17                                               0.000     0.000 r  sys_clk (IN)
                         net (fo=0)                   0.000     0.000    sys_clk
    W17                  IBUF (Prop_ibuf_I_O)         0.440     0.440 r  sys_clk_IBUF_inst/O
                         net (fo=1, routed)           0.731     1.171    sys_clk_IBUF
    BUFGCTRL_X0Y4        BUFG (Prop_bufg_I_O)         0.029     1.200 r  sys_clk_IBUF_BUFG_inst/O
                         net (fo=186, routed)         0.845     2.045    u_pl/u_ang/CLK
    SLICE_X67Y85         FDRE                                         r  u_pl/u_ang/fs_s_reg[1]/C
                         clock pessimism             -0.516     1.529    
    SLICE_X67Y85         FDRE (Hold_fdre_C_D)         0.075     1.604    u_pl/u_ang/fs_s_reg[1]
  -------------------------------------------------------------------
                         required time                         -1.604    
                         arrival time                           1.725    
  -------------------------------------------------------------------
                         slack                                  0.121    





Pulse Width Checks
--------------------------------------------------------------------------------------
Clock Name:         sys_clk
Waveform(ns):       { 0.000 10.000 }
Period(ns):         20.000
Sources:            { sys_clk }

Check Type        Corner  Lib Pin            Reference Pin  Required(ns)  Actual(ns)  Slack(ns)  Location         Pin
Min Period        n/a     BUFG/I             n/a            1.592         20.000      18.408     BUFGCTRL_X0Y4    sys_clk_IBUF_BUFG_inst/I
Max Period        n/a     MMCME2_ADV/CLKIN1  n/a            100.000       20.000      80.000     MMCME2_ADV_X0Y0  u_idelay_clkgen/u_mmcm/CLKIN1
Low Pulse Width   Slow    MMCME2_ADV/CLKIN1  n/a            3.000         10.000      7.000      MMCME2_ADV_X0Y0  u_idelay_clkgen/u_mmcm/CLKIN1
High Pulse Width  Slow    MMCME2_ADV/CLKIN1  n/a            3.000         10.000      7.000      MMCME2_ADV_X0Y0  u_idelay_clkgen/u_mmcm/CLKIN1



---------------------------------------------------------------------------------------------------
From Clock:  clkfbout
  To Clock:  clkfbout

Setup :           NA  Failing Endpoints,  Worst Slack           NA  ,  Total Violation           NA
Hold  :           NA  Failing Endpoints,  Worst Slack           NA  ,  Total Violation           NA
PW    :            0  Failing Endpoints,  Worst Slack       18.408ns,  Total Violation        0.000ns
---------------------------------------------------------------------------------------------------


Pulse Width Checks
--------------------------------------------------------------------------------------
Clock Name:         clkfbout
Waveform(ns):       { 0.000 10.000 }
Period(ns):         20.000
Sources:            { u_idelay_clkgen/u_mmcm/CLKFBOUT }

Check Type  Corner  Lib Pin             Reference Pin  Required(ns)  Actual(ns)  Slack(ns)  Location         Pin
Min Period  n/a     BUFG/I              n/a            1.592         20.000      18.408     BUFGCTRL_X0Y5    u_idelay_clkgen/u_bufg_fb/I
Max Period  n/a     MMCME2_ADV/CLKFBIN  n/a            100.000       20.000      80.000     MMCME2_ADV_X0Y0  u_idelay_clkgen/u_mmcm/CLKFBIN



---------------------------------------------------------------------------------------------------
From Clock:  clkfbout_1
  To Clock:  clkfbout_1

Setup :           NA  Failing Endpoints,  Worst Slack           NA  ,  Total Violation           NA
Hold  :           NA  Failing Endpoints,  Worst Slack           NA  ,  Total Violation           NA
PW    :            0  Failing Endpoints,  Worst Slack       18.408ns,  Total Violation        0.000ns
---------------------------------------------------------------------------------------------------


Pulse Width Checks
--------------------------------------------------------------------------------------
Clock Name:         clkfbout_1
Waveform(ns):       { 0.000 10.000 }
Period(ns):         20.000
Sources:            { u_pl/u_clk/u_mmcm/CLKFBOUT }

Check Type  Corner  Lib Pin             Reference Pin  Required(ns)  Actual(ns)  Slack(ns)  Location         Pin
Min Period  n/a     BUFG/I              n/a            1.592         20.000      18.408     BUFGCTRL_X0Y6    u_pl/u_clk/u_bufg_fb/I
Max Period  n/a     MMCME2_ADV/CLKFBIN  n/a            100.000       20.000      80.000     MMCME2_ADV_X1Y0  u_pl/u_clk/u_mmcm/CLKFBIN



---------------------------------------------------------------------------------------------------
From Clock:  clkout0_1
  To Clock:  clkout0_1

Setup :            0  Failing Endpoints,  Worst Slack        1.812ns,  Total Violation        0.000ns
Hold  :            0  Failing Endpoints,  Worst Slack        0.066ns,  Total Violation        0.000ns
PW    :            0  Failing Endpoints,  Worst Slack        8.870ns,  Total Violation        0.000ns
---------------------------------------------------------------------------------------------------


Max Delay Paths
--------------------------------------------------------------------------------------
Slack (MET) :             1.812ns  (required time - arrival time)
  Source:                 u_pl/u_split_ctrl/prod/CLK
                            (rising edge-triggered cell DSP48E1 clocked by clkout0_1  {rise@0.000ns fall@10.000ns period=20.000ns})
  Destination:            u_pl/u_osd/r_reg[7]/D
                            (rising edge-triggered cell FDCE clocked by clkout0_1  {rise@0.000ns fall@10.000ns period=20.000ns})
  Path Group:             clkout0_1
  Path Type:              Setup (Max at Slow Process Corner)
  Requirement:            20.000ns  (clkout0_1 rise@20.000ns - clkout0_1 rise@0.000ns)
  Data Path Delay:        18.057ns  (logic 4.765ns (26.389%)  route 13.292ns (73.611%))
  Logic Levels:           23  (CARRY4=4 LUT2=3 LUT3=2 LUT5=2 LUT6=11 MUXF7=1)
  Clock Path Skew:        -0.113ns (DCD - SCD + CPR)
    Destination Clock Delay (DCD):    4.479ns = ( 24.479 - 20.000 ) 
    Source Clock Delay      (SCD):    4.838ns
    Clock Pessimism Removal (CPR):    0.246ns
  Clock Uncertainty:      0.094ns  ((TSJ^2 + DJ^2)^1/2) / 2 + PE
    Total System Jitter     (TSJ):    0.071ns
    Discrete Jitter          (DJ):    0.175ns
    Phase Error              (PE):    0.000ns

    Location             Delay type                Incr(ns)  Path(ns)    Netlist Resource(s)
  -------------------------------------------------------------------    -------------------
                         (clock clkout0_1 rise edge)
                                                      0.000     0.000 r  
    W17                                               0.000     0.000 r  sys_clk (IN)
                         net (fo=0)                   0.000     0.000    sys_clk
    W17                  IBUF (Prop_ibuf_I_O)         1.415     1.415 r  sys_clk_IBUF_inst/O
                         net (fo=1, routed)           1.873     3.288    sys_clk_IBUF
    BUFGCTRL_X0Y4        BUFG (Prop_bufg_I_O)         0.085     3.373 r  sys_clk_IBUF_BUFG_inst/O
                         net (fo=186, routed)         1.550     4.923    u_pl/u_clk/CLK
    MMCME2_ADV_X1Y0      MMCME2_ADV (Prop_mmcme2_adv_CLKIN1_CLKOUT0)
                                                     -3.232     1.691 r  u_pl/u_clk/u_mmcm/CLKOUT0
                         net (fo=1, routed)           1.597     3.288    u_pl/u_clk/clkout0
    BUFGCTRL_X0Y0        BUFG (Prop_bufg_I_O)         0.085     3.373 r  u_pl/u_clk/u_bufg_pix/O
                         net (fo=5475, routed)        1.465     4.838    u_pl/u_split_ctrl/clk_pix
    DSP48_X2Y32          DSP48E1                                      r  u_pl/u_split_ctrl/prod/CLK
  -------------------------------------------------------------------    -------------------
    DSP48_X2Y32          DSP48E1 (Prop_dsp48e1_CLK_P[17])
                                                      0.370     5.208 f  u_pl/u_split_ctrl/prod/P[17]
                         net (fo=1, routed)           1.080     6.287    u_pl/u_split_ctrl/prod__0[17]
    SLICE_X52Y90         LUT2 (Prop_lut2_I0_O)        0.126     6.413 r  u_pl/u_split_ctrl/g0_b0_i_460/O
                         net (fo=15, routed)          0.458     6.871    u_pl/u_split_ctrl/g0_b0_i_677_n_0
    SLICE_X52Y90         LUT3 (Prop_lut3_I2_O)        0.275     7.146 r  u_pl/u_split_ctrl/g0_b0_i_681/O
                         net (fo=1, routed)           0.000     7.146    u_pl/u_split_ctrl/g0_b0_i_681_n_0
    SLICE_X52Y90         CARRY4 (Prop_carry4_S[0]_CO[3])
                                                      0.440     7.586 r  u_pl/u_split_ctrl/g0_b0_i_513/CO[3]
                         net (fo=1, routed)           0.000     7.586    u_pl/u_split_ctrl/g0_b0_i_513_n_0
    SLICE_X52Y91         CARRY4 (Prop_carry4_CI_CO[0])
                                                      0.216     7.802 r  u_pl/u_split_ctrl/g0_b0_i_276/CO[0]
                         net (fo=65, routed)          1.184     8.986    u_pl/u_split_ctrl/g0_b0_i_515_0[0]
    SLICE_X64Y99         LUT2 (Prop_lut2_I0_O)        0.330     9.316 r  u_pl/u_split_ctrl/g0_b0_i_222/O
                         net (fo=40, routed)          0.696    10.012    u_pl/u_split_ctrl/prod_1
    SLICE_X66Y101        LUT6 (Prop_lut6_I5_O)        0.267    10.279 f  u_pl/u_split_ctrl/g0_b0_i_446/O
                         net (fo=2, routed)           0.362    10.642    u_pl/u_split_ctrl/g0_b0_i_446_n_0
    SLICE_X65Y101        LUT5 (Prop_lut5_I0_O)        0.105    10.747 r  u_pl/u_split_ctrl/g0_b0_i_476/O
                         net (fo=1, routed)           0.000    10.747    u_pl/u_split_ctrl/g0_b0_i_476_n_0
    SLICE_X65Y101        CARRY4 (Prop_carry4_S[1]_CO[3])
                                                      0.457    11.204 r  u_pl/u_split_ctrl/g0_b0_i_242/CO[3]
                         net (fo=1, routed)           0.000    11.204    u_pl/u_lat_x/g0_b0_i_551[0]
    SLICE_X65Y102        CARRY4 (Prop_carry4_CI_O[0])
                                                      0.180    11.384 r  u_pl/u_lat_x/g0_b0_i_241/O[0]
                         net (fo=19, routed)          0.819    12.203    u_pl/u_split_ctrl/g0_b0_i_319_1[0]
    SLICE_X63Y100        LUT5 (Prop_lut5_I4_O)        0.249    12.452 r  u_pl/u_split_ctrl/g0_b0_i_393/O
                         net (fo=4, routed)           0.441    12.892    u_pl/u_split_ctrl/g0_b0_i_393_n_0
    SLICE_X62Y100        LUT6 (Prop_lut6_I4_O)        0.105    12.997 r  u_pl/u_split_ctrl/g0_b0_i_520/O
                         net (fo=1, routed)           0.551    13.548    u_pl/u_osd/g0_b0_i_118_1
    SLICE_X62Y100        LUT6 (Prop_lut6_I5_O)        0.105    13.653 f  u_pl/u_osd/g0_b0_i_285/O
                         net (fo=1, routed)           0.578    14.231    u_pl/u_osd/g0_b0_i_285_n_0
    SLICE_X61Y98         LUT6 (Prop_lut6_I0_O)        0.105    14.336 r  u_pl/u_osd/g0_b0_i_118/O
                         net (fo=1, routed)           0.620    14.955    u_pl/u_osd/g0_b0_i_118_n_0
    SLICE_X61Y97         LUT6 (Prop_lut6_I1_O)        0.105    15.060 r  u_pl/u_osd/g0_b0_i_45/O
                         net (fo=1, routed)           0.465    15.526    u_pl/u_osd/g0_b0_i_45_n_0
    SLICE_X56Y95         LUT6 (Prop_lut6_I3_O)        0.105    15.631 r  u_pl/u_osd/g0_b0_i_23/O
                         net (fo=12, routed)          0.858    16.489    u_pl/u_osd/chars[0]
    SLICE_X55Y87         LUT6 (Prop_lut6_I2_O)        0.105    16.594 r  u_pl/u_osd/g0_b0_i_20/O
                         net (fo=1, routed)           0.546    17.140    u_pl/u_osd/g0_b0_i_20_n_0
    SLICE_X55Y87         LUT3 (Prop_lut3_I2_O)        0.119    17.259 r  u_pl/u_osd/g0_b0_i_5/O
                         net (fo=35, routed)          0.798    18.057    u_pl/glyph_idx[4]
    SLICE_X54Y86         LUT6 (Prop_lut6_I4_O)        0.267    18.324 r  u_pl/g0_b3__2/O
                         net (fo=1, routed)           0.000    18.324    u_pl/u_osd/r_reg[7]_i_14_1[3]
    SLICE_X54Y86         MUXF7 (Prop_muxf7_I1_O)      0.178    18.502 r  u_pl/u_osd/r_reg[7]_i_30/O
                         net (fo=1, routed)           0.515    19.017    u_pl/u_osd/r_reg[7]_i_30_n_0
    SLICE_X53Y86         LUT6 (Prop_lut6_I1_O)        0.241    19.258 r  u_pl/u_osd/r[7]_i_17/O
                         net (fo=1, routed)           0.472    19.731    u_pl/u_osd/r[7]_i_17_n_0
    SLICE_X53Y85         LUT6 (Prop_lut6_I0_O)        0.105    19.836 r  u_pl/u_osd/r[7]_i_5/O
                         net (fo=1, routed)           0.655    20.491    u_pl/u_osd/r[7]_i_5_n_0
    SLICE_X53Y84         LUT6 (Prop_lut6_I2_O)        0.105    20.596 r  u_pl/u_osd/r[7]_i_2/O
                         net (fo=19, routed)          2.194    22.790    u_pl/u_osd/r[7]_i_2_n_0
    SLICE_X98Y27         LUT2 (Prop_lut2_I1_O)        0.105    22.895 r  u_pl/u_osd/r[7]_i_1/O
                         net (fo=1, routed)           0.000    22.895    u_pl/u_osd/r[7]_i_1_n_0
    SLICE_X98Y27         FDCE                                         r  u_pl/u_osd/r_reg[7]/D
  -------------------------------------------------------------------    -------------------

                         (clock clkout0_1 rise edge)
                                                     20.000    20.000 r  
    W17                                               0.000    20.000 r  sys_clk (IN)
                         net (fo=0)                   0.000    20.000    sys_clk
    W17                  IBUF (Prop_ibuf_I_O)         1.349    21.349 r  sys_clk_IBUF_inst/O
                         net (fo=1, routed)           1.701    23.050    sys_clk_IBUF
    BUFGCTRL_X0Y4        BUFG (Prop_bufg_I_O)         0.077    23.127 r  sys_clk_IBUF_BUFG_inst/O
                         net (fo=186, routed)         1.384    24.511    u_pl/u_clk/CLK
    MMCME2_ADV_X1Y0      MMCME2_ADV (Prop_mmcme2_adv_CLKIN1_CLKOUT0)
                                                     -2.915    21.596 r  u_pl/u_clk/u_mmcm/CLKOUT0
                         net (fo=1, routed)           1.454    23.050    u_pl/u_clk/clkout0
    BUFGCTRL_X0Y0        BUFG (Prop_bufg_I_O)         0.077    23.127 r  u_pl/u_clk/u_bufg_pix/O
                         net (fo=5475, routed)        1.352    24.479    u_pl/u_osd/clk_pix
    SLICE_X98Y27         FDCE                                         r  u_pl/u_osd/r_reg[7]/C
                         clock pessimism              0.246    24.725    
                         clock uncertainty           -0.094    24.631    
    SLICE_X98Y27         FDCE (Setup_fdce_C_D)        0.076    24.707    u_pl/u_osd/r_reg[7]
  -------------------------------------------------------------------
                         required time                         24.707    
                         arrival time                         -22.895    
  -------------------------------------------------------------------
                         slack                                  1.812    





Min Delay Paths
--------------------------------------------------------------------------------------
Slack (MET) :             0.066ns  (arrival time - required time)
  Source:                 u_pl/u_pipe/xd_reg[8][0]/C
                            (rising edge-triggered cell FDCE clocked by clkout0_1  {rise@0.000ns fall@10.000ns period=20.000ns})
  Destination:            u_pl/u_sobel/mc1_reg_832_895_6_8/RAMA/WADR0
                            (rising edge-triggered cell RAMD64E clocked by clkout0_1  {rise@0.000ns fall@10.000ns period=20.000ns})
  Path Group:             clkout0_1
  Path Type:              Hold (Min at Fast Process Corner)
  Requirement:            0.000ns  (clkout0_1 rise@0.000ns - clkout0_1 rise@0.000ns)
  Data Path Delay:        0.392ns  (logic 0.141ns (35.972%)  route 0.251ns (64.029%))
  Logic Levels:           0  
  Clock Path Skew:        0.016ns (DCD - SCD - CPR)
    Destination Clock Delay (DCD):    2.026ns
    Source Clock Delay      (SCD):    1.510ns
    Clock Pessimism Removal (CPR):    0.500ns

    Location             Delay type                Incr(ns)  Path(ns)    Netlist Resource(s)
  -------------------------------------------------------------------    -------------------
                         (clock clkout0_1 rise edge)
                                                      0.000     0.000 r  
    W17                                               0.000     0.000 r  sys_clk (IN)
                         net (fo=0)                   0.000     0.000    sys_clk
    W17                  IBUF (Prop_ibuf_I_O)         0.252     0.252 r  sys_clk_IBUF_inst/O
                         net (fo=1, routed)           0.674     0.926    sys_clk_IBUF
    BUFGCTRL_X0Y4        BUFG (Prop_bufg_I_O)         0.026     0.952 r  sys_clk_IBUF_BUFG_inst/O
                         net (fo=186, routed)         0.595     1.547    u_pl/u_clk/CLK
    MMCME2_ADV_X1Y0      MMCME2_ADV (Prop_mmcme2_adv_CLKIN1_CLKOUT0)
                                                     -1.150     0.397 r  u_pl/u_clk/u_mmcm/CLKOUT0
                         net (fo=1, routed)           0.529     0.926    u_pl/u_clk/clkout0
    BUFGCTRL_X0Y0        BUFG (Prop_bufg_I_O)         0.026     0.952 r  u_pl/u_clk/u_bufg_pix/O
                         net (fo=5475, routed)        0.558     1.510    u_pl/u_pipe/clk_pix
    SLICE_X40Y55         FDCE                                         r  u_pl/u_pipe/xd_reg[8][0]/C
  -------------------------------------------------------------------    -------------------
    SLICE_X40Y55         FDCE (Prop_fdce_C_Q)         0.141     1.651 r  u_pl/u_pipe/xd_reg[8][0]/Q
                         net (fo=407, routed)         0.251     1.902    u_pl/u_sobel/mc1_reg_832_895_6_8/ADDRD0
    SLICE_X42Y54         RAMD64E                                      r  u_pl/u_sobel/mc1_reg_832_895_6_8/RAMA/WADR0
  -------------------------------------------------------------------    -------------------

                         (clock clkout0_1 rise edge)
                                                      0.000     0.000 r  
    W17                                               0.000     0.000 r  sys_clk (IN)
                         net (fo=0)                   0.000     0.000    sys_clk
    W17                  IBUF (Prop_ibuf_I_O)         0.440     0.440 r  sys_clk_IBUF_inst/O
                         net (fo=1, routed)           0.731     1.171    sys_clk_IBUF
    BUFGCTRL_X0Y4        BUFG (Prop_bufg_I_O)         0.029     1.200 r  sys_clk_IBUF_BUFG_inst/O
                         net (fo=186, routed)         0.862     2.062    u_pl/u_clk/CLK
    MMCME2_ADV_X1Y0      MMCME2_ADV (Prop_mmcme2_adv_CLKIN1_CLKOUT0)
                                                     -1.467     0.595 r  u_pl/u_clk/u_mmcm/CLKOUT0
                         net (fo=1, routed)           0.576     1.171    u_pl/u_clk/clkout0
    BUFGCTRL_X0Y0        BUFG (Prop_bufg_I_O)         0.029     1.200 r  u_pl/u_clk/u_bufg_pix/O
                         net (fo=5475, routed)        0.826     2.026    u_pl/u_sobel/mc1_reg_832_895_6_8/WCLK
    SLICE_X42Y54         RAMD64E                                      r  u_pl/u_sobel/mc1_reg_832_895_6_8/RAMA/CLK
                         clock pessimism             -0.500     1.526    
    SLICE_X42Y54         RAMD64E (Hold_ramd64e_CLK_WADR0)
                                                      0.310     1.836    u_pl/u_sobel/mc1_reg_832_895_6_8/RAMA
  -------------------------------------------------------------------
                         required time                         -1.836    
                         arrival time                           1.902    
  -------------------------------------------------------------------
                         slack                                  0.066    





Pulse Width Checks
--------------------------------------------------------------------------------------
Clock Name:         clkout0_1
Waveform(ns):       { 0.000 10.000 }
Period(ns):         20.000
Sources:            { u_pl/u_clk/u_mmcm/CLKOUT0 }

Check Type        Corner  Lib Pin             Reference Pin  Required(ns)  Actual(ns)  Slack(ns)  Location         Pin
Min Period        n/a     DSP48E1/CLK         n/a            3.272         20.000      16.728     DSP48_X3Y29      u_pl/u_zmap/yr_m_reg/CLK
Max Period        n/a     MMCME2_ADV/CLKOUT0  n/a            213.360       20.000      193.360    MMCME2_ADV_X1Y0  u_pl/u_clk/u_mmcm/CLKOUT0
Low Pulse Width   Slow    RAMD64E/CLK         n/a            1.130         10.000      8.870      SLICE_X54Y29     u_pl/u_blur/lb0_reg_0_63_0_2/RAMA/CLK
High Pulse Width  Slow    RAMD64E/CLK         n/a            1.130         10.000      8.870      SLICE_X54Y29     u_pl/u_blur/lb0_reg_0_63_0_2/RAMA/CLK



---------------------------------------------------------------------------------------------------
From Clock:  clkout1_1
  To Clock:  clkout1_1

Setup :           NA  Failing Endpoints,  Worst Slack           NA  ,  Total Violation           NA
Hold  :           NA  Failing Endpoints,  Worst Slack           NA  ,  Total Violation           NA
PW    :            0  Failing Endpoints,  Worst Slack        2.408ns,  Total Violation        0.000ns
---------------------------------------------------------------------------------------------------


Pulse Width Checks
--------------------------------------------------------------------------------------
Clock Name:         clkout1_1
Waveform(ns):       { 0.000 2.000 }
Period(ns):         4.000
Sources:            { u_pl/u_clk/u_mmcm/CLKOUT1 }

Check Type  Corner  Lib Pin             Reference Pin  Required(ns)  Actual(ns)  Slack(ns)  Location         Pin
Min Period  n/a     BUFG/I              n/a            1.592         4.000       2.408      BUFGCTRL_X0Y2    u_pl/u_clk/u_bufg_5x/I
Max Period  n/a     MMCME2_ADV/CLKOUT1  n/a            213.360       4.000       209.360    MMCME2_ADV_X1Y0  u_pl/u_clk/u_mmcm/CLKOUT1



---------------------------------------------------------------------------------------------------
From Clock:  clkout2
  To Clock:  clkout2

Setup :           NA  Failing Endpoints,  Worst Slack           NA  ,  Total Violation           NA
Hold  :           NA  Failing Endpoints,  Worst Slack           NA  ,  Total Violation           NA
PW    :            0  Failing Endpoints,  Worst Slack        0.264ns,  Total Violation        0.000ns
---------------------------------------------------------------------------------------------------


Pulse Width Checks
--------------------------------------------------------------------------------------
Clock Name:         clkout2
Waveform(ns):       { 0.000 2.500 }
Period(ns):         5.000
Sources:            { u_idelay_clkgen/u_mmcm/CLKOUT2 }

Check Type  Corner  Lib Pin            Reference Pin  Required(ns)  Actual(ns)  Slack(ns)  Location         Pin
Min Period  n/a     IDELAYCTRL/REFCLK  n/a            2.438         5.000       2.562      IDELAYCTRL_X1Y0  u_eth/u_rgmii/u_rgmii_rx/IDELAYCTRL_inst/REFCLK
Max Period  n/a     IDELAYCTRL/REFCLK  n/a            5.264         5.000       0.264      IDELAYCTRL_X1Y0  u_eth/u_rgmii/u_rgmii_rx/IDELAYCTRL_inst/REFCLK



---------------------------------------------------------------------------------------------------
From Clock:  clkout0_1
  To Clock:  sys_clk

Setup :            0  Failing Endpoints,  Worst Slack       13.993ns,  Total Violation        0.000ns
Hold  :            0  Failing Endpoints,  Worst Slack        0.155ns,  Total Violation        0.000ns
---------------------------------------------------------------------------------------------------


Max Delay Paths
--------------------------------------------------------------------------------------
Slack (MET) :             13.993ns  (required time - arrival time)
  Source:                 u_pl/u_split_x/bus_q_reg[17]/C
                            (rising edge-triggered cell FDCE clocked by clkout0_1  {rise@0.000ns fall@10.000ns period=20.000ns})
  Destination:            u_pl/u_ang/angle_reg[5]_rep/D
                            (rising edge-triggered cell FDRE clocked by sys_clk  {rise@0.000ns fall@10.000ns period=20.000ns})
  Path Group:             sys_clk
  Path Type:              Setup (Max at Slow Process Corner)
  Requirement:            20.000ns  (sys_clk rise@20.000ns - clkout0_1 rise@0.000ns)
  Data Path Delay:        5.513ns  (logic 1.597ns (28.970%)  route 3.916ns (71.030%))
  Logic Levels:           6  (CARRY4=2 LUT2=1 LUT6=3)
  Clock Path Skew:        -0.154ns (DCD - SCD + CPR)
    Destination Clock Delay (DCD):    4.418ns = ( 24.418 - 20.000 ) 
    Source Clock Delay      (SCD):    4.818ns
    Clock Pessimism Removal (CPR):    0.246ns
  Clock Uncertainty:      0.259ns  ((TSJ^2 + DJ^2)^1/2) / 2 + PE
    Total System Jitter     (TSJ):    0.071ns
    Discrete Jitter          (DJ):    0.175ns
    Phase Error              (PE):    0.165ns

    Location             Delay type                Incr(ns)  Path(ns)    Netlist Resource(s)
  -------------------------------------------------------------------    -------------------
                         (clock clkout0_1 rise edge)
                                                      0.000     0.000 r  
    W17                                               0.000     0.000 r  sys_clk (IN)
                         net (fo=0)                   0.000     0.000    sys_clk
    W17                  IBUF (Prop_ibuf_I_O)         1.415     1.415 r  sys_clk_IBUF_inst/O
                         net (fo=1, routed)           1.873     3.288    sys_clk_IBUF
    BUFGCTRL_X0Y4        BUFG (Prop_bufg_I_O)         0.085     3.373 r  sys_clk_IBUF_BUFG_inst/O
                         net (fo=186, routed)         1.550     4.923    u_pl/u_clk/CLK
    MMCME2_ADV_X1Y0      MMCME2_ADV (Prop_mmcme2_adv_CLKIN1_CLKOUT0)
                                                     -3.232     1.691 r  u_pl/u_clk/u_mmcm/CLKOUT0
                         net (fo=1, routed)           1.597     3.288    u_pl/u_clk/clkout0
    BUFGCTRL_X0Y0        BUFG (Prop_bufg_I_O)         0.085     3.373 r  u_pl/u_clk/u_bufg_pix/O
                         net (fo=5475, routed)        1.445     4.818    u_pl/u_split_x/clk_pix
    SLICE_X62Y92         FDCE                                         r  u_pl/u_split_x/bus_q_reg[17]/C
  -------------------------------------------------------------------    -------------------
    SLICE_X62Y92         FDCE (Prop_fdce_C_Q)         0.433     5.251 r  u_pl/u_split_x/bus_q_reg[17]/Q
                         net (fo=2, routed)           1.457     6.708    u_pl/u_ang/bus_q[2]
    SLICE_X83Y83         LUT2 (Prop_lut2_I1_O)        0.105     6.813 r  u_pl/u_ang/angle[3]_i_6/O
                         net (fo=1, routed)           0.000     6.813    u_pl/u_ang/angle[3]_i_6_n_0
    SLICE_X83Y83         CARRY4 (Prop_carry4_S[2]_CO[3])
                                                      0.332     7.145 r  u_pl/u_ang/angle_reg[3]_i_2/CO[3]
                         net (fo=1, routed)           0.000     7.145    u_pl/u_ang/angle_reg[3]_i_2_n_0
    SLICE_X83Y84         CARRY4 (Prop_carry4_CI_O[3])
                                                      0.260     7.405 r  u_pl/u_ang/angle_reg[7]_i_4/O[3]
                         net (fo=3, routed)           0.822     8.227    u_pl/u_ang/angle_reg[7]_i_4_n_4
    SLICE_X84Y84         LUT6 (Prop_lut6_I5_O)        0.257     8.484 r  u_pl/u_ang/angle[3]_i_3/O
                         net (fo=4, routed)           0.687     9.171    u_pl/u_ang/angle[3]_i_3_n_0
    SLICE_X84Y85         LUT6 (Prop_lut6_I3_O)        0.105     9.276 r  u_pl/u_ang/angle[5]_i_2/O
                         net (fo=2, routed)           0.469     9.746    u_pl/u_ang/angle[5]_i_2_n_0
    SLICE_X80Y86         LUT6 (Prop_lut6_I4_O)        0.105     9.851 r  u_pl/u_ang/angle[5]_rep_i_1/O
                         net (fo=1, routed)           0.480    10.331    u_pl/u_ang/angle[5]_rep_i_1_n_0
    SLICE_X83Y85         FDRE                                         r  u_pl/u_ang/angle_reg[5]_rep/D
  -------------------------------------------------------------------    -------------------

                         (clock sys_clk rise edge)   20.000    20.000 r  
    W17                                               0.000    20.000 r  sys_clk (IN)
                         net (fo=0)                   0.000    20.000    sys_clk
    W17                  IBUF (Prop_ibuf_I_O)         1.349    21.349 r  sys_clk_IBUF_inst/O
                         net (fo=1, routed)           1.701    23.050    sys_clk_IBUF
    BUFGCTRL_X0Y4        BUFG (Prop_bufg_I_O)         0.077    23.127 r  sys_clk_IBUF_BUFG_inst/O
                         net (fo=186, routed)         1.291    24.418    u_pl/u_ang/CLK
    SLICE_X83Y85         FDRE                                         r  u_pl/u_ang/angle_reg[5]_rep/C
                         clock pessimism              0.246    24.664    
                         clock uncertainty           -0.259    24.405    
    SLICE_X83Y85         FDRE (Setup_fdre_C_D)       -0.081    24.324    u_pl/u_ang/angle_reg[5]_rep
  -------------------------------------------------------------------
                         required time                         24.324    
                         arrival time                         -10.331    
  -------------------------------------------------------------------
                         slack                                 13.993    





Min Delay Paths
--------------------------------------------------------------------------------------
Slack (MET) :             0.155ns  (arrival time - required time)
  Source:                 u_pl/vs_pix_d0_reg/C
                            (rising edge-triggered cell FDRE clocked by clkout0_1  {rise@0.000ns fall@10.000ns period=20.000ns})
  Destination:            u_pl/vt0_reg/D
                            (rising edge-triggered cell FDRE clocked by sys_clk  {rise@0.000ns fall@10.000ns period=20.000ns})
  Path Group:             sys_clk
  Path Type:              Hold (Min at Fast Process Corner)
  Requirement:            0.000ns  (sys_clk rise@0.000ns - clkout0_1 rise@0.000ns)
  Data Path Delay:        0.747ns  (logic 0.209ns (27.990%)  route 0.538ns (72.010%))
  Logic Levels:           1  (LUT2=1)
  Clock Path Skew:        0.271ns (DCD - SCD - CPR)
    Destination Clock Delay (DCD):    2.045ns
    Source Clock Delay      (SCD):    1.526ns
    Clock Pessimism Removal (CPR):    0.248ns
  Clock Uncertainty:      0.259ns  ((TSJ^2 + DJ^2)^1/2) / 2 + PE
    Total System Jitter     (TSJ):    0.071ns
    Discrete Jitter          (DJ):    0.175ns
    Phase Error              (PE):    0.165ns

    Location             Delay type                Incr(ns)  Path(ns)    Netlist Resource(s)
  -------------------------------------------------------------------    -------------------
                         (clock clkout0_1 rise edge)
                                                      0.000     0.000 r  
    W17                                               0.000     0.000 r  sys_clk (IN)
                         net (fo=0)                   0.000     0.000    sys_clk
    W17                  IBUF (Prop_ibuf_I_O)         0.252     0.252 r  sys_clk_IBUF_inst/O
                         net (fo=1, routed)           0.674     0.926    sys_clk_IBUF
    BUFGCTRL_X0Y4        BUFG (Prop_bufg_I_O)         0.026     0.952 r  sys_clk_IBUF_BUFG_inst/O
                         net (fo=186, routed)         0.595     1.547    u_pl/u_clk/CLK
    MMCME2_ADV_X1Y0      MMCME2_ADV (Prop_mmcme2_adv_CLKIN1_CLKOUT0)
                                                     -1.150     0.397 r  u_pl/u_clk/u_mmcm/CLKOUT0
                         net (fo=1, routed)           0.529     0.926    u_pl/u_clk/clkout0
    BUFGCTRL_X0Y0        BUFG (Prop_bufg_I_O)         0.026     0.952 r  u_pl/u_clk/u_bufg_pix/O
                         net (fo=5475, routed)        0.574     1.526    u_pl/clk_pix
    SLICE_X62Y81         FDRE                                         r  u_pl/vs_pix_d0_reg/C
  -------------------------------------------------------------------    -------------------
    SLICE_X62Y81         FDRE (Prop_fdre_C_Q)         0.164     1.690 r  u_pl/vs_pix_d0_reg/Q
                         net (fo=2, routed)           0.275     1.965    u_pl/vs_pix_d0
    SLICE_X62Y85         LUT2 (Prop_lut2_I0_O)        0.045     2.010 r  u_pl/vt0_i_1/O
                         net (fo=1, routed)           0.262     2.272    u_pl/vs_tick
    SLICE_X61Y85         FDRE                                         r  u_pl/vt0_reg/D
  -------------------------------------------------------------------    -------------------

                         (clock sys_clk rise edge)    0.000     0.000 r  
    W17                                               0.000     0.000 r  sys_clk (IN)
                         net (fo=0)                   0.000     0.000    sys_clk
    W17                  IBUF (Prop_ibuf_I_O)         0.440     0.440 r  sys_clk_IBUF_inst/O
                         net (fo=1, routed)           0.731     1.171    sys_clk_IBUF
    BUFGCTRL_X0Y4        BUFG (Prop_bufg_I_O)         0.029     1.200 r  sys_clk_IBUF_BUFG_inst/O
                         net (fo=186, routed)         0.845     2.045    u_pl/CLK
    SLICE_X61Y85         FDRE                                         r  u_pl/vt0_reg/C
                         clock pessimism             -0.248     1.797    
                         clock uncertainty            0.259     2.056    
    SLICE_X61Y85         FDRE (Hold_fdre_C_D)         0.061     2.117    u_pl/vt0_reg
  -------------------------------------------------------------------
                         required time                         -2.117    
                         arrival time                           2.272    
  -------------------------------------------------------------------
                         slack                                  0.155    





---------------------------------------------------------------------------------------------------
From Clock:  sys_clk
  To Clock:  clkout0_1

Setup :            0  Failing Endpoints,  Worst Slack        3.128ns,  Total Violation        0.000ns
Hold  :            0  Failing Endpoints,  Worst Slack        0.178ns,  Total Violation        0.000ns
---------------------------------------------------------------------------------------------------


Max Delay Paths
--------------------------------------------------------------------------------------
Slack (MET) :             3.128ns  (required time - arrival time)
  Source:                 u_pl/u_ang/angle_reg[2]/C
                            (rising edge-triggered cell FDRE clocked by sys_clk  {rise@0.000ns fall@10.000ns period=20.000ns})
  Destination:            u_pl/u_osd/r_reg[7]/D
                            (rising edge-triggered cell FDCE clocked by clkout0_1  {rise@0.000ns fall@10.000ns period=20.000ns})
  Path Group:             clkout0_1
  Path Type:              Setup (Max at Slow Process Corner)
  Requirement:            20.000ns  (clkout0_1 rise@20.000ns - sys_clk rise@0.000ns)
  Data Path Delay:        16.597ns  (logic 4.720ns (28.440%)  route 11.877ns (71.560%))
  Logic Levels:           21  (CARRY4=4 LUT2=2 LUT3=2 LUT4=2 LUT5=1 LUT6=9 MUXF7=1)
  Clock Path Skew:        -0.092ns (DCD - SCD + CPR)
    Destination Clock Delay (DCD):    4.479ns = ( 24.479 - 20.000 ) 
    Source Clock Delay      (SCD):    4.817ns
    Clock Pessimism Removal (CPR):    0.246ns
  Clock Uncertainty:      0.259ns  ((TSJ^2 + DJ^2)^1/2) / 2 + PE
    Total System Jitter     (TSJ):    0.071ns
    Discrete Jitter          (DJ):    0.175ns
    Phase Error              (PE):    0.165ns

    Location             Delay type                Incr(ns)  Path(ns)    Netlist Resource(s)
  -------------------------------------------------------------------    -------------------
                         (clock sys_clk rise edge)    0.000     0.000 r  
    W17                                               0.000     0.000 r  sys_clk (IN)
                         net (fo=0)                   0.000     0.000    sys_clk
    W17                  IBUF (Prop_ibuf_I_O)         1.415     1.415 r  sys_clk_IBUF_inst/O
                         net (fo=1, routed)           1.873     3.288    sys_clk_IBUF
    BUFGCTRL_X0Y4        BUFG (Prop_bufg_I_O)         0.085     3.373 r  sys_clk_IBUF_BUFG_inst/O
                         net (fo=186, routed)         1.444     4.817    u_pl/u_ang/CLK
    SLICE_X82Y83         FDRE                                         r  u_pl/u_ang/angle_reg[2]/C
  -------------------------------------------------------------------    -------------------
    SLICE_X82Y83         FDRE (Prop_fdre_C_Q)         0.433     5.250 r  u_pl/u_ang/angle_reg[2]/Q
                         net (fo=203, routed)         0.955     6.205    u_pl/u_ang/angle_reg_n_0_[2]
    SLICE_X63Y86         LUT2 (Prop_lut2_I0_O)        0.105     6.310 r  u_pl/u_ang/g0_b0_i_709/O
                         net (fo=1, routed)           0.000     6.310    u_pl/u_ang/g0_b0_i_709_n_0
    SLICE_X63Y86         CARRY4 (Prop_carry4_S[1]_CO[3])
                                                      0.457     6.767 r  u_pl/u_ang/g0_b0_i_646/CO[3]
                         net (fo=1, routed)           0.000     6.767    u_pl/u_ang/g0_b0_i_646_n_0
    SLICE_X63Y87         CARRY4 (Prop_carry4_CI_CO[3])
                                                      0.098     6.865 r  u_pl/u_ang/g0_b0_i_416/CO[3]
                         net (fo=1, routed)           0.000     6.865    u_pl/u_ang/g0_b0_i_416_n_0
    SLICE_X63Y88         CARRY4 (Prop_carry4_CI_O[1])
                                                      0.265     7.130 r  u_pl/u_ang/g0_b0_i_179/O[1]
                         net (fo=17, routed)          0.738     7.867    u_pl/u_ang/g0_b0_i_179_n_6
    SLICE_X63Y90         LUT3 (Prop_lut3_I0_O)        0.264     8.131 r  u_pl/u_ang/g0_b0_i_411/O
                         net (fo=2, routed)           0.695     8.826    u_pl/u_ang/g0_b0_i_411_n_0
    SLICE_X63Y90         LUT5 (Prop_lut5_I0_O)        0.267     9.093 r  u_pl/u_ang/g0_b0_i_414/O
                         net (fo=1, routed)           0.000     9.093    u_pl/u_ang/g0_b0_i_414_n_0
    SLICE_X63Y90         CARRY4 (Prop_carry4_S[1]_CO[2])
                                                      0.475     9.568 r  u_pl/u_ang/g0_b0_i_178/CO[2]
                         net (fo=9, routed)           0.392     9.960    u_pl/u_ang/g0_b0_i_178_n_1
    SLICE_X60Y91         LUT4 (Prop_lut4_I0_O)        0.264    10.224 r  u_pl/u_ang/g0_b0_i_72/O
                         net (fo=46, routed)          0.485    10.709    u_pl/u_ang/angle_reg[8]_0
    SLICE_X60Y89         LUT6 (Prop_lut6_I5_O)        0.275    10.984 r  u_pl/u_ang/g0_b0_i_509/O
                         net (fo=9, routed)           0.740    11.724    u_pl/u_osd/g0_b0_i_122
    SLICE_X59Y89         LUT4 (Prop_lut4_I1_O)        0.119    11.843 r  u_pl/u_osd/g0_b0_i_313/O
                         net (fo=2, routed)           0.699    12.542    u_pl/u_ang/g0_b0_i_49
    SLICE_X59Y89         LUT6 (Prop_lut6_I3_O)        0.267    12.809 f  u_pl/u_ang/g0_b0_i_134/O
                         net (fo=1, routed)           0.346    13.154    u_pl/u_osd/g0_b0_i_24_1
    SLICE_X58Y91         LUT6 (Prop_lut6_I1_O)        0.105    13.259 r  u_pl/u_osd/g0_b0_i_49/O
                         net (fo=1, routed)           0.597    13.856    u_pl/u_osd/g0_b0_i_49_n_0
    SLICE_X56Y94         LUT6 (Prop_lut6_I4_O)        0.105    13.961 r  u_pl/u_osd/g0_b0_i_24/O
                         net (fo=11, routed)          0.915    14.876    u_pl/u_osd/chars[2]
    SLICE_X55Y87         LUT6 (Prop_lut6_I2_O)        0.105    14.981 r  u_pl/u_osd/g0_b0_i_19/O
                         net (fo=1, routed)           0.682    15.663    u_pl/u_osd/g0_b0_i_19_n_0
    SLICE_X55Y87         LUT3 (Prop_lut3_I0_O)        0.115    15.778 r  u_pl/u_osd/g0_b0_i_5/O
                         net (fo=35, routed)          0.798    16.576    u_pl/glyph_idx[4]
    SLICE_X54Y86         LUT6 (Prop_lut6_I4_O)        0.267    16.843 r  u_pl/g0_b3__2/O
                         net (fo=1, routed)           0.000    16.843    u_pl/u_osd/r_reg[7]_i_14_1[3]
    SLICE_X54Y86         MUXF7 (Prop_muxf7_I1_O)      0.178    17.021 r  u_pl/u_osd/r_reg[7]_i_30/O
                         net (fo=1, routed)           0.515    17.536    u_pl/u_osd/r_reg[7]_i_30_n_0
    SLICE_X53Y86         LUT6 (Prop_lut6_I1_O)        0.241    17.777 r  u_pl/u_osd/r[7]_i_17/O
                         net (fo=1, routed)           0.472    18.250    u_pl/u_osd/r[7]_i_17_n_0
    SLICE_X53Y85         LUT6 (Prop_lut6_I0_O)        0.105    18.355 r  u_pl/u_osd/r[7]_i_5/O
                         net (fo=1, routed)           0.655    19.010    u_pl/u_osd/r[7]_i_5_n_0
    SLICE_X53Y84         LUT6 (Prop_lut6_I2_O)        0.105    19.115 r  u_pl/u_osd/r[7]_i_2/O
                         net (fo=19, routed)          2.194    21.309    u_pl/u_osd/r[7]_i_2_n_0
    SLICE_X98Y27         LUT2 (Prop_lut2_I1_O)        0.105    21.414 r  u_pl/u_osd/r[7]_i_1/O
                         net (fo=1, routed)           0.000    21.414    u_pl/u_osd/r[7]_i_1_n_0
    SLICE_X98Y27         FDCE                                         r  u_pl/u_osd/r_reg[7]/D
  -------------------------------------------------------------------    -------------------

                         (clock clkout0_1 rise edge)
                                                     20.000    20.000 r  
    W17                                               0.000    20.000 r  sys_clk (IN)
                         net (fo=0)                   0.000    20.000    sys_clk
    W17                  IBUF (Prop_ibuf_I_O)         1.349    21.349 r  sys_clk_IBUF_inst/O
                         net (fo=1, routed)           1.701    23.050    sys_clk_IBUF
    BUFGCTRL_X0Y4        BUFG (Prop_bufg_I_O)         0.077    23.127 r  sys_clk_IBUF_BUFG_inst/O
                         net (fo=186, routed)         1.384    24.511    u_pl/u_clk/CLK
    MMCME2_ADV_X1Y0      MMCME2_ADV (Prop_mmcme2_adv_CLKIN1_CLKOUT0)
                                                     -2.915    21.596 r  u_pl/u_clk/u_mmcm/CLKOUT0
                         net (fo=1, routed)           1.454    23.050    u_pl/u_clk/clkout0
    BUFGCTRL_X0Y0        BUFG (Prop_bufg_I_O)         0.077    23.127 r  u_pl/u_clk/u_bufg_pix/O
                         net (fo=5475, routed)        1.352    24.479    u_pl/u_osd/clk_pix
    SLICE_X98Y27         FDCE                                         r  u_pl/u_osd/r_reg[7]/C
                         clock pessimism              0.246    24.725    
                         clock uncertainty           -0.259    24.466    
    SLICE_X98Y27         FDCE (Setup_fdce_C_D)        0.076    24.542    u_pl/u_osd/r_reg[7]
  -------------------------------------------------------------------
                         required time                         24.542    
                         arrival time                         -21.414    
  -------------------------------------------------------------------
                         slack                                  3.128    





Min Delay Paths
--------------------------------------------------------------------------------------
Slack (MET) :             0.178ns  (arrival time - required time)
  Source:                 u_pl/u_k1l/tog_reg/C
                            (rising edge-triggered cell FDRE clocked by sys_clk  {rise@0.000ns fall@10.000ns period=20.000ns})
  Destination:            u_pl/u_mode/lsync_reg[0]/D
                            (rising edge-triggered cell FDCE clocked by clkout0_1  {rise@0.000ns fall@10.000ns period=20.000ns})
  Path Group:             clkout0_1
  Path Type:              Hold (Min at Fast Process Corner)
  Requirement:            0.000ns  (clkout0_1 rise@0.000ns - sys_clk rise@0.000ns)
  Data Path Delay:        0.731ns  (logic 0.128ns (17.515%)  route 0.603ns (82.485%))
  Logic Levels:           0  
  Clock Path Skew:        0.272ns (DCD - SCD - CPR)
    Destination Clock Delay (DCD):    2.048ns
    Source Clock Delay      (SCD):    1.528ns
    Clock Pessimism Removal (CPR):    0.248ns
  Clock Uncertainty:      0.259ns  ((TSJ^2 + DJ^2)^1/2) / 2 + PE
    Total System Jitter     (TSJ):    0.071ns
    Discrete Jitter          (DJ):    0.175ns
    Phase Error              (PE):    0.165ns

    Location             Delay type                Incr(ns)  Path(ns)    Netlist Resource(s)
  -------------------------------------------------------------------    -------------------
                         (clock sys_clk rise edge)    0.000     0.000 r  
    W17                                               0.000     0.000 r  sys_clk (IN)
                         net (fo=0)                   0.000     0.000    sys_clk
    W17                  IBUF (Prop_ibuf_I_O)         0.252     0.252 r  sys_clk_IBUF_inst/O
                         net (fo=1, routed)           0.674     0.926    sys_clk_IBUF
    BUFGCTRL_X0Y4        BUFG (Prop_bufg_I_O)         0.026     0.952 r  sys_clk_IBUF_BUFG_inst/O
                         net (fo=186, routed)         0.576     1.528    u_pl/u_k1l/CLK
    SLICE_X83Y79         FDRE                                         r  u_pl/u_k1l/tog_reg/C
  -------------------------------------------------------------------    -------------------
    SLICE_X83Y79         FDRE (Prop_fdre_C_Q)         0.128     1.656 r  u_pl/u_k1l/tog_reg/Q
                         net (fo=3, routed)           0.603     2.259    u_pl/u_mode/D[0]
    SLICE_X66Y89         FDCE                                         r  u_pl/u_mode/lsync_reg[0]/D
  -------------------------------------------------------------------    -------------------

                         (clock clkout0_1 rise edge)
                                                      0.000     0.000 r  
    W17                                               0.000     0.000 r  sys_clk (IN)
                         net (fo=0)                   0.000     0.000    sys_clk
    W17                  IBUF (Prop_ibuf_I_O)         0.440     0.440 r  sys_clk_IBUF_inst/O
                         net (fo=1, routed)           0.731     1.171    sys_clk_IBUF
    BUFGCTRL_X0Y4        BUFG (Prop_bufg_I_O)         0.029     1.200 r  sys_clk_IBUF_BUFG_inst/O
                         net (fo=186, routed)         0.862     2.062    u_pl/u_clk/CLK
    MMCME2_ADV_X1Y0      MMCME2_ADV (Prop_mmcme2_adv_CLKIN1_CLKOUT0)
                                                     -1.467     0.595 r  u_pl/u_clk/u_mmcm/CLKOUT0
                         net (fo=1, routed)           0.576     1.171    u_pl/u_clk/clkout0
    BUFGCTRL_X0Y0        BUFG (Prop_bufg_I_O)         0.029     1.200 r  u_pl/u_clk/u_bufg_pix/O
                         net (fo=5475, routed)        0.848     2.048    u_pl/u_mode/clk_pix
    SLICE_X66Y89         FDCE                                         r  u_pl/u_mode/lsync_reg[0]/C
                         clock pessimism             -0.248     1.800    
                         clock uncertainty            0.259     2.059    
    SLICE_X66Y89         FDCE (Hold_fdce_C_D)         0.021     2.080    u_pl/u_mode/lsync_reg[0]
  -------------------------------------------------------------------
                         required time                         -2.080    
                         arrival time                           2.259    
  -------------------------------------------------------------------
                         slack                                  0.178    





