Copyright 1986-2022 Xilinx, Inc. All Rights Reserved. Copyright 2022-2026 Advanced Micro Devices, Inc. All Rights Reserved.
---------------------------------------------------------------------------------------------------------------------------------------------
| Tool Version : Vivado v.2025.2.1 (win64) Build 6403652 Thu Mar 19 19:48:24 GMT 2026
| Date         : Wed Sep 23 00:00:20 2026
| Host         : Uie-laptop running 64-bit major release  (build 9200)
| Command      : report_timing_summary -file D:/Xilinx/Prj/pro/Video_Processing/build/timing_summary.rpt
| Design       : system_top
| Device       : 7z020-clg484
| Speed File   : -2  PRODUCTION 1.12 2019-11-22
| Design State : Routed
---------------------------------------------------------------------------------------------------------------------------------------------

Timing Summary Report

------------------------------------------------------------------------------------------------
| Timer Settings
| --------------
------------------------------------------------------------------------------------------------

  Enable Multi Corner Analysis               :  Yes
  Enable Pessimism Removal                   :  Yes
  Pessimism Removal Resolution               :  Nearest Common Node
  Enable Input Delay Default Clock           :  No
  Enable Preset / Clear Arcs                 :  No
  Disable Flight Delays                      :  No
  Ignore I/O Paths                           :  No
  Timing Early Launch at Borrowing Latches   :  No
  Borrow Time for Max Delay Exceptions       :  Yes
  Merge Timing Exceptions                    :  Yes
  Inter-SLR Compensation                     :  Conservative

  Corner  Analyze    Analyze    
  Name    Max Paths  Min Paths  
  ------  ---------  ---------  
  Slow    Yes        Yes        
  Fast    Yes        Yes        


------------------------------------------------------------------------------------------------
| Report Methodology
| ------------------
------------------------------------------------------------------------------------------------

Rule       Severity  Description                                                Violations  
---------  --------  ---------------------------------------------------------  ----------  
DPIR-1     Warning   Asynchronous driver check                                  36          
LUTAR-1    Warning   LUT drives async reset alert                               1           
SYNTH-5    Warning   Mapped onto distributed RAM because of timing constraints  48          
SYNTH-6    Warning   Timing of a RAM block might be sub-optimal                 92          
TIMING-9   Warning   Unknown CDC Logic                                          1           
TIMING-10  Warning   Missing property on synchronizer                           1           
TIMING-18  Warning   Missing input or output delay                              7           

Note: This report is based on the most recent report_methodology run and may not be up-to-date. Run report_methodology on the current design for the latest report.



check_timing report

Table of Contents
-----------------
1. checking no_clock (0)
2. checking constant_clock (0)
3. checking pulse_width_clock (0)
4. checking unconstrained_internal_endpoints (0)
5. checking no_input_delay (7)
6. checking no_output_delay (12)
7. checking multiple_clock (0)
8. checking generated_clocks (0)
9. checking loops (0)
10. checking partial_input_delay (0)
11. checking partial_output_delay (0)
12. checking latch_loops (0)

1. checking no_clock (0)
------------------------
 There are 0 register/latch pins with no clock.


2. checking constant_clock (0)
------------------------------
 There are 0 register/latch pins with constant_clock.


3. checking pulse_width_clock (0)
---------------------------------
 There are 0 register/latch pins which need pulse_width check


4. checking unconstrained_internal_endpoints (0)
------------------------------------------------
 There are 0 pins that are not constrained for maximum delay.

 There are 0 pins that are not constrained for maximum delay due to constant clock.


5. checking no_input_delay (7)
------------------------------
 There are 5 input ports with no input delay specified. (HIGH)

 There are 2 input ports with no input delay but user has a false path constraint. (MEDIUM)


6. checking no_output_delay (12)
--------------------------------
 There are 6 ports with no output delay specified. (HIGH)

 There are 6 ports with no output delay but user has a false path constraint (MEDIUM)

 There are 0 ports with no output delay but with a timing clock defined on it or propagating through it


7. checking multiple_clock (0)
------------------------------
 There are 0 register/latch pins with multiple clocks.


8. checking generated_clocks (0)
--------------------------------
 There are 0 generated clocks that are not connected to a clock source.


9. checking loops (0)
---------------------
 There are 0 combinational loops in the design.


10. checking partial_input_delay (0)
------------------------------------
 There are 0 input ports with partial input delay specified.


11. checking partial_output_delay (0)
-------------------------------------
 There are 0 ports with partial output delay specified.


12. checking latch_loops (0)
----------------------------
 There are 0 combinational latch loops in the design through latch input



------------------------------------------------------------------------------------------------
| Design Timing Summary
| ---------------------
------------------------------------------------------------------------------------------------

    WNS(ns)      TNS(ns)  TNS Failing Endpoints  TNS Total Endpoints      WHS(ns)      THS(ns)  THS Failing Endpoints  THS Total Endpoints     WPWS(ns)     TPWS(ns)  TPWS Failing Endpoints  TPWS Total Endpoints  
    -------      -------  ---------------------  -------------------      -------      -------  ---------------------  -------------------     --------     --------  ----------------------  --------------------  
      0.426        0.000                      0                23422        0.025        0.000                      0                23422        0.264        0.000                       0                  7375  


All user specified timing constraints are met.


------------------------------------------------------------------------------------------------
| Clock Summary
| -------------
------------------------------------------------------------------------------------------------

Clock         Waveform(ns)         Period(ns)      Frequency(MHz)
-----         ------------         ----------      --------------
clk_fpga_0    {0.000 5.000}        10.000          100.000         
eth_rxc       {0.000 4.000}        8.000           125.000         
sys_clk       {0.000 10.000}       20.000          50.000          
  clkfbout    {0.000 10.000}       20.000          50.000          
  clkfbout_1  {0.000 10.000}       20.000          50.000          
  clkout0_1   {0.000 10.000}       20.000          50.000          
  clkout1_1   {0.000 2.000}        4.000           250.000         
  clkout2     {0.000 2.500}        5.000           200.000         


------------------------------------------------------------------------------------------------
| Intra Clock Table
| -----------------
------------------------------------------------------------------------------------------------

Clock             WNS(ns)      TNS(ns)  TNS Failing Endpoints  TNS Total Endpoints      WHS(ns)      THS(ns)  THS Failing Endpoints  THS Total Endpoints     WPWS(ns)     TPWS(ns)  TPWS Failing Endpoints  TPWS Total Endpoints  
-----             -------      -------  ---------------------  -------------------      -------      -------  ---------------------  -------------------     --------     --------  ----------------------  --------------------  
clk_fpga_0          0.945        0.000                      0                13891        0.025        0.000                      0                13891        3.870        0.000                       0                  3458  
eth_rxc             0.624        0.000                      0                 4645        0.061        0.000                      0                 4645        3.500        0.000                       0                  2440  
sys_clk            15.643        0.000                      0                  199        0.091        0.000                      0                  199        7.000        0.000                       0                   156  
  clkfbout                                                                                                                                                     18.408        0.000                       0                     3  
  clkfbout_1                                                                                                                                                   18.408        0.000                       0                     3  
  clkout0_1         0.426        0.000                      0                 4649        0.072        0.000                      0                 4649        8.870        0.000                       0                  1302  
  clkout1_1                                                                                                                                                     2.408        0.000                       0                    10  
  clkout2                                                                                                                                                       0.264        0.000                       0                     3  


------------------------------------------------------------------------------------------------
| Inter Clock Table
| -----------------
------------------------------------------------------------------------------------------------

From Clock    To Clock          WNS(ns)      TNS(ns)  TNS Failing Endpoints  TNS Total Endpoints      WHS(ns)      THS(ns)  THS Failing Endpoints  THS Total Endpoints  
----------    --------          -------      -------  ---------------------  -------------------      -------      -------  ---------------------  -------------------  
clkout0_1     sys_clk            17.382        0.000                      0                    1        0.304        0.000                      0                    1  
sys_clk       clkout0_1           5.473        0.000                      0                  152        0.243        0.000                      0                  152  


------------------------------------------------------------------------------------------------
| Other Path Groups Table
| -----------------------
------------------------------------------------------------------------------------------------

Path Group    From Clock    To Clock          WNS(ns)      TNS(ns)  TNS Failing Endpoints  TNS Total Endpoints      WHS(ns)      THS(ns)  THS Failing Endpoints  THS Total Endpoints  
----------    ----------    --------          -------      -------  ---------------------  -------------------      -------      -------  ---------------------  -------------------  


------------------------------------------------------------------------------------------------
| Timing Details
| --------------
------------------------------------------------------------------------------------------------


---------------------------------------------------------------------------------------------------
From Clock:  clk_fpga_0
  To Clock:  clk_fpga_0

Setup :            0  Failing Endpoints,  Worst Slack        0.945ns,  Total Violation        0.000ns
Hold  :            0  Failing Endpoints,  Worst Slack        0.025ns,  Total Violation        0.000ns
PW    :            0  Failing Endpoints,  Worst Slack        3.870ns,  Total Violation        0.000ns
---------------------------------------------------------------------------------------------------


Max Delay Paths
--------------------------------------------------------------------------------------
Slack (MET) :             0.945ns  (required time - arrival time)
  Source:                 u_pl/em2_reg/C
                            (rising edge-triggered cell FDCE clocked by clk_fpga_0  {rise@0.000ns fall@5.000ns period=10.000ns})
  Destination:            u_pl/u_fb/lo_reg_0_53/ADDRARDADDR[2]
                            (rising edge-triggered cell RAMB36E1 clocked by clk_fpga_0  {rise@0.000ns fall@5.000ns period=10.000ns})
  Path Group:             clk_fpga_0
  Path Type:              Setup (Max at Slow Process Corner)
  Requirement:            10.000ns  (clk_fpga_0 rise@10.000ns - clk_fpga_0 rise@0.000ns)
  Data Path Delay:        8.267ns  (logic 0.590ns (7.136%)  route 7.677ns (92.864%))
  Logic Levels:           1  (LUT3=1)
  Clock Path Skew:        0.018ns (DCD - SCD + CPR)
    Destination Clock Delay (DCD):    2.388ns = ( 12.388 - 10.000 ) 
    Source Clock Delay      (SCD):    2.466ns
    Clock Pessimism Removal (CPR):    0.097ns
  Clock Uncertainty:      0.154ns  ((TSJ^2 + TIJ^2)^1/2 + DJ) / 2 + PE
    Total System Jitter     (TSJ):    0.071ns
    Total Input Jitter      (TIJ):    0.300ns
    Discrete Jitter          (DJ):    0.000ns
    Phase Error              (PE):    0.000ns

    Location             Delay type                Incr(ns)  Path(ns)    Netlist Resource(s)
  -------------------------------------------------------------------    -------------------
                         (clock clk_fpga_0 rise edge)
                                                      0.000     0.000 r  
    PS7_X0Y0             PS7                          0.000     0.000 r  u_bd/design_1_i/processing_system7_0/inst/PS7_i/FCLKCLK[0]
                         net (fo=1, routed)           0.994     0.994    u_bd/design_1_i/processing_system7_0/inst/FCLK_CLK_unbuffered[0]
    BUFGCTRL_X0Y16       BUFG (Prop_bufg_I_O)         0.085     1.079 r  u_bd/design_1_i/processing_system7_0/inst/buffer_fclk_clk_0.FCLK_CLK_0_BUFG/O
                         net (fo=3459, routed)        1.387     2.466    u_pl/FCLK_CLK0
    SLICE_X37Y62         FDCE                                         r  u_pl/em2_reg/C
  -------------------------------------------------------------------    -------------------
    SLICE_X37Y62         FDCE (Prop_fdce_C_Q)         0.348     2.814 r  u_pl/em2_reg/Q
                         net (fo=325, routed)         2.340     5.154    u_pl/u_row/out
    SLICE_X40Y46         LUT3 (Prop_lut3_I1_O)        0.242     5.396 r  u_pl/u_row/lo_reg_0_4_i_9/O
                         net (fo=20, routed)          5.338    10.733    u_pl/u_fb/lo_reg_0_0_0[2]
    RAMB36_X5Y0          RAMB36E1                                     r  u_pl/u_fb/lo_reg_0_53/ADDRARDADDR[2]
  -------------------------------------------------------------------    -------------------

                         (clock clk_fpga_0 rise edge)
                                                     10.000    10.000 r  
    PS7_X0Y0             PS7                          0.000    10.000 r  u_bd/design_1_i/processing_system7_0/inst/PS7_i/FCLKCLK[0]
                         net (fo=1, routed)           0.905    10.906    u_bd/design_1_i/processing_system7_0/inst/FCLK_CLK_unbuffered[0]
    BUFGCTRL_X0Y16       BUFG (Prop_bufg_I_O)         0.077    10.983 r  u_bd/design_1_i/processing_system7_0/inst/buffer_fclk_clk_0.FCLK_CLK_0_BUFG/O
                         net (fo=3459, routed)        1.405    12.388    u_pl/u_fb/FCLK_CLK0
    RAMB36_X5Y0          RAMB36E1                                     r  u_pl/u_fb/lo_reg_0_53/CLKARDCLK
                         clock pessimism              0.097    12.484    
                         clock uncertainty           -0.154    12.330    
    RAMB36_X5Y0          RAMB36E1 (Setup_ramb36e1_CLKARDCLK_ADDRARDADDR[2])
                                                     -0.652    11.678    u_pl/u_fb/lo_reg_0_53
  -------------------------------------------------------------------
                         required time                         11.678    
                         arrival time                         -10.733    
  -------------------------------------------------------------------
                         slack                                  0.945    





Min Delay Paths
--------------------------------------------------------------------------------------
Slack (MET) :             0.025ns  (arrival time - required time)
  Source:                 u_pl/u_aw/waddr_pix_reg[15]/C
                            (rising edge-triggered cell FDCE clocked by clk_fpga_0  {rise@0.000ns fall@5.000ns period=10.000ns})
  Destination:            u_pl/u_aw/fb_wr_addr_reg[13]/D
                            (rising edge-triggered cell FDCE clocked by clk_fpga_0  {rise@0.000ns fall@5.000ns period=10.000ns})
  Path Group:             clk_fpga_0
  Path Type:              Hold (Min at Fast Process Corner)
  Requirement:            0.000ns  (clk_fpga_0 rise@0.000ns - clk_fpga_0 rise@0.000ns)
  Data Path Delay:        0.354ns  (logic 0.141ns (39.883%)  route 0.213ns (60.117%))
  Logic Levels:           0  
  Clock Path Skew:        0.273ns (DCD - SCD - CPR)
    Destination Clock Delay (DCD):    1.196ns
    Source Clock Delay      (SCD):    0.893ns
    Clock Pessimism Removal (CPR):    0.030ns

    Location             Delay type                Incr(ns)  Path(ns)    Netlist Resource(s)
  -------------------------------------------------------------------    -------------------
                         (clock clk_fpga_0 rise edge)
                                                      0.000     0.000 r  
    PS7_X0Y0             PS7                          0.000     0.000 r  u_bd/design_1_i/processing_system7_0/inst/PS7_i/FCLKCLK[0]
                         net (fo=1, routed)           0.310     0.310    u_bd/design_1_i/processing_system7_0/inst/FCLK_CLK_unbuffered[0]
    BUFGCTRL_X0Y16       BUFG (Prop_bufg_I_O)         0.026     0.336 r  u_bd/design_1_i/processing_system7_0/inst/buffer_fclk_clk_0.FCLK_CLK_0_BUFG/O
                         net (fo=3459, routed)        0.557     0.893    u_pl/u_aw/FCLK_CLK0
    SLICE_X40Y50         FDCE                                         r  u_pl/u_aw/waddr_pix_reg[15]/C
  -------------------------------------------------------------------    -------------------
    SLICE_X40Y50         FDCE (Prop_fdce_C_Q)         0.141     1.034 r  u_pl/u_aw/waddr_pix_reg[15]/Q
                         net (fo=2, routed)           0.213     1.246    u_pl/u_aw/p_0_in[13]
    SLICE_X41Y49         FDCE                                         r  u_pl/u_aw/fb_wr_addr_reg[13]/D
  -------------------------------------------------------------------    -------------------

                         (clock clk_fpga_0 rise edge)
                                                      0.000     0.000 r  
    PS7_X0Y0             PS7                          0.000     0.000 r  u_bd/design_1_i/processing_system7_0/inst/PS7_i/FCLKCLK[0]
                         net (fo=1, routed)           0.337     0.337    u_bd/design_1_i/processing_system7_0/inst/FCLK_CLK_unbuffered[0]
    BUFGCTRL_X0Y16       BUFG (Prop_bufg_I_O)         0.029     0.366 r  u_bd/design_1_i/processing_system7_0/inst/buffer_fclk_clk_0.FCLK_CLK_0_BUFG/O
                         net (fo=3459, routed)        0.830     1.196    u_pl/u_aw/FCLK_CLK0
    SLICE_X41Y49         FDCE                                         r  u_pl/u_aw/fb_wr_addr_reg[13]/C
                         clock pessimism             -0.030     1.166    
    SLICE_X41Y49         FDCE (Hold_fdce_C_D)         0.055     1.221    u_pl/u_aw/fb_wr_addr_reg[13]
  -------------------------------------------------------------------
                         required time                         -1.221    
                         arrival time                           1.246    
  -------------------------------------------------------------------
                         slack                                  0.025    





Pulse Width Checks
--------------------------------------------------------------------------------------
Clock Name:         clk_fpga_0
Waveform(ns):       { 0.000 5.000 }
Period(ns):         10.000
Sources:            { u_bd/design_1_i/processing_system7_0/inst/PS7_i/FCLKCLK[0] }

Check Type        Corner  Lib Pin             Reference Pin  Required(ns)  Actual(ns)  Slack(ns)  Location      Pin
Min Period        n/a     RAMB36E1/CLKBWRCLK  n/a            2.170         10.000      7.830      RAMB36_X1Y6   u_eth/u_cdc/mem_reg_0/CLKBWRCLK
Low Pulse Width   Slow    RAMD64E/CLK         n/a            1.130         5.000       3.870      SLICE_X20Y31  u_eth/u_saver/q_addr_reg_0_63_12_14/RAMA/CLK
High Pulse Width  Slow    RAMD64E/CLK         n/a            1.130         5.000       3.870      SLICE_X20Y31  u_eth/u_saver/q_addr_reg_0_63_12_14/RAMA/CLK



---------------------------------------------------------------------------------------------------
From Clock:  eth_rxc
  To Clock:  eth_rxc

Setup :            0  Failing Endpoints,  Worst Slack        0.624ns,  Total Violation        0.000ns
Hold  :            0  Failing Endpoints,  Worst Slack        0.061ns,  Total Violation        0.000ns
PW    :            0  Failing Endpoints,  Worst Slack        3.500ns,  Total Violation        0.000ns
---------------------------------------------------------------------------------------------------


Max Delay Paths
--------------------------------------------------------------------------------------
Slack (MET) :             0.624ns  (required time - arrival time)
  Source:                 u_eth/u_cdc/wbin_reg[0]/C
                            (rising edge-triggered cell FDCE clocked by eth_rxc  {rise@0.000ns fall@4.000ns period=8.000ns})
  Destination:            u_eth/u_lm/drop_words_reg[28]/CE
                            (rising edge-triggered cell FDCE clocked by eth_rxc  {rise@0.000ns fall@4.000ns period=8.000ns})
  Path Group:             eth_rxc
  Path Type:              Setup (Max at Slow Process Corner)
  Requirement:            8.000ns  (eth_rxc rise@8.000ns - eth_rxc rise@0.000ns)
  Data Path Delay:        6.932ns  (logic 2.426ns (34.995%)  route 4.506ns (65.005%))
  Logic Levels:           8  (CARRY4=5 LUT4=2 LUT5=1)
  Clock Path Skew:        -0.240ns (DCD - SCD + CPR)
    Destination Clock Delay (DCD):    4.363ns = ( 12.363 - 8.000 ) 
    Source Clock Delay      (SCD):    4.849ns
    Clock Pessimism Removal (CPR):    0.246ns
  Clock Uncertainty:      0.035ns  ((TSJ^2 + TIJ^2)^1/2 + DJ) / 2 + PE
    Total System Jitter     (TSJ):    0.071ns
    Total Input Jitter      (TIJ):    0.000ns
    Discrete Jitter          (DJ):    0.000ns
    Phase Error              (PE):    0.000ns

    Location             Delay type                Incr(ns)  Path(ns)    Netlist Resource(s)
  -------------------------------------------------------------------    -------------------
                         (clock eth_rxc rise edge)    0.000     0.000 r  
    Y19                                               0.000     0.000 r  eth_rxc (IN)
                         net (fo=0)                   0.000     0.000    eth_rxc
    Y19                  IBUF (Prop_ibuf_I_O)         1.430     1.430 r  eth_rxc_IBUF_inst/O
                         net (fo=2, routed)           1.873     3.303    u_eth/u_rgmii/u_rgmii_rx/rgmii_rxc
    BUFGCTRL_X0Y0        BUFG (Prop_bufg_I_O)         0.085     3.388 r  u_eth/u_rgmii/u_rgmii_rx/BUFG_inst/O
                         net (fo=2434, routed)        1.461     4.849    u_eth/u_cdc/gmii_rx_clk
    SLICE_X24Y21         FDCE                                         r  u_eth/u_cdc/wbin_reg[0]/C
  -------------------------------------------------------------------    -------------------
    SLICE_X24Y21         FDCE (Prop_fdce_C_Q)         0.379     5.228 r  u_eth/u_cdc/wbin_reg[0]/Q
                         net (fo=13, routed)          0.636     5.864    u_eth/u_cdc/wbin_reg[0]
    SLICE_X23Y21         CARRY4 (Prop_carry4_CYINIT_CO[3])
                                                      0.480     6.344 r  u_eth/u_cdc/wgray_reg[4]_i_2/CO[3]
                         net (fo=1, routed)           0.000     6.344    u_eth/u_cdc/wgray_reg[4]_i_2_n_0
    SLICE_X23Y22         CARRY4 (Prop_carry4_CI_CO[3])
                                                      0.098     6.442 r  u_eth/u_cdc/wgray_reg[8]_i_2/CO[3]
                         net (fo=1, routed)           0.000     6.442    u_eth/u_cdc/wgray_reg[8]_i_2_n_0
    SLICE_X23Y23         CARRY4 (Prop_carry4_CI_O[1])
                                                      0.265     6.707 r  u_eth/u_cdc/wgray_reg[13]_i_3/O[1]
                         net (fo=4, routed)           0.853     7.560    u_eth/u_cdc/b1_in__0[10]
    SLICE_X25Y21         LUT5 (Prop_lut5_I0_O)        0.250     7.810 r  u_eth/u_cdc/full_d_i_8/O
                         net (fo=1, routed)           0.444     8.254    u_eth/u_cdc/full_d_i_8_n_0
    SLICE_X22Y21         LUT4 (Prop_lut4_I3_O)        0.105     8.359 r  u_eth/u_cdc/full_d_i_4/O
                         net (fo=1, routed)           0.000     8.359    u_eth/u_cdc/full_d_i_4_n_0
    SLICE_X22Y21         CARRY4 (Prop_carry4_S[3]_CO[3])
                                                      0.314     8.673 r  u_eth/u_cdc/full_d_reg_i_2/CO[3]
                         net (fo=1, routed)           0.000     8.673    u_eth/u_cdc/full_d_reg_i_2_n_0
    SLICE_X22Y22         CARRY4 (Prop_carry4_CI_CO[0])
                                                      0.238     8.911 r  u_eth/u_cdc/full_d_reg_i_1/CO[0]
                         net (fo=6, routed)           0.798     9.709    u_eth/u_reasm/wr_full
    SLICE_X24Y26         LUT4 (Prop_lut4_I0_O)        0.297    10.006 r  u_eth/u_reasm/drop_words[0]_i_1/O
                         net (fo=32, routed)          1.775    11.781    u_eth/u_lm/drop_words0
    SLICE_X45Y75         FDCE                                         r  u_eth/u_lm/drop_words_reg[28]/CE
  -------------------------------------------------------------------    -------------------

                         (clock eth_rxc rise edge)    8.000     8.000 r  
    Y19                                               0.000     8.000 r  eth_rxc (IN)
                         net (fo=0)                   0.000     8.000    eth_rxc
    Y19                  IBUF (Prop_ibuf_I_O)         1.364     9.364 r  eth_rxc_IBUF_inst/O
                         net (fo=2, routed)           1.701    11.065    u_eth/u_rgmii/u_rgmii_rx/rgmii_rxc
    BUFGCTRL_X0Y0        BUFG (Prop_bufg_I_O)         0.077    11.142 r  u_eth/u_rgmii/u_rgmii_rx/BUFG_inst/O
                         net (fo=2434, routed)        1.221    12.363    u_eth/u_lm/gmii_rx_clk
    SLICE_X45Y75         FDCE                                         r  u_eth/u_lm/drop_words_reg[28]/C
                         clock pessimism              0.246    12.609    
                         clock uncertainty           -0.035    12.573    
    SLICE_X45Y75         FDCE (Setup_fdce_C_CE)      -0.168    12.405    u_eth/u_lm/drop_words_reg[28]
  -------------------------------------------------------------------
                         required time                         12.405    
                         arrival time                         -11.781    
  -------------------------------------------------------------------
                         slack                                  0.624    





Min Delay Paths
--------------------------------------------------------------------------------------
Slack (MET) :             0.061ns  (arrival time - required time)
  Source:                 u_eth/u_icmp/u_icmp_rx/rec_data_reg[1]/C
                            (rising edge-triggered cell FDCE clocked by eth_rxc  {rise@0.000ns fall@4.000ns period=8.000ns})
  Destination:            u_eth/u_icmp_fifo/mem_reg/DIADI[1]
                            (rising edge-triggered cell RAMB18E1 clocked by eth_rxc  {rise@0.000ns fall@4.000ns period=8.000ns})
  Path Group:             eth_rxc
  Path Type:              Hold (Min at Fast Process Corner)
  Requirement:            0.000ns  (eth_rxc rise@0.000ns - eth_rxc rise@0.000ns)
  Data Path Delay:        0.267ns  (logic 0.164ns (61.506%)  route 0.103ns (38.494%))
  Logic Levels:           0  
  Clock Path Skew:        0.051ns (DCD - SCD - CPR)
    Destination Clock Delay (DCD):    2.126ns
    Source Clock Delay      (SCD):    1.573ns
    Clock Pessimism Removal (CPR):    0.502ns

    Location             Delay type                Incr(ns)  Path(ns)    Netlist Resource(s)
  -------------------------------------------------------------------    -------------------
                         (clock eth_rxc rise edge)    0.000     0.000 r  
    Y19                                               0.000     0.000 r  eth_rxc (IN)
                         net (fo=0)                   0.000     0.000    eth_rxc
    Y19                  IBUF (Prop_ibuf_I_O)         0.266     0.266 r  eth_rxc_IBUF_inst/O
                         net (fo=2, routed)           0.674     0.940    u_eth/u_rgmii/u_rgmii_rx/rgmii_rxc
    BUFGCTRL_X0Y0        BUFG (Prop_bufg_I_O)         0.026     0.966 r  u_eth/u_rgmii/u_rgmii_rx/BUFG_inst/O
                         net (fo=2434, routed)        0.607     1.573    u_eth/u_icmp/u_icmp_rx/gmii_rx_clk
    SLICE_X104Y16        FDCE                                         r  u_eth/u_icmp/u_icmp_rx/rec_data_reg[1]/C
  -------------------------------------------------------------------    -------------------
    SLICE_X104Y16        FDCE (Prop_fdce_C_Q)         0.164     1.737 r  u_eth/u_icmp/u_icmp_rx/rec_data_reg[1]/Q
                         net (fo=1, routed)           0.103     1.840    u_eth/u_icmp_fifo/mem_reg_0[1]
    RAMB18_X5Y6          RAMB18E1                                     r  u_eth/u_icmp_fifo/mem_reg/DIADI[1]
  -------------------------------------------------------------------    -------------------

                         (clock eth_rxc rise edge)    0.000     0.000 r  
    Y19                                               0.000     0.000 r  eth_rxc (IN)
                         net (fo=0)                   0.000     0.000    eth_rxc
    Y19                  IBUF (Prop_ibuf_I_O)         0.454     0.454 r  eth_rxc_IBUF_inst/O
                         net (fo=2, routed)           0.731     1.185    u_eth/u_rgmii/u_rgmii_rx/rgmii_rxc
    BUFGCTRL_X0Y0        BUFG (Prop_bufg_I_O)         0.029     1.214 r  u_eth/u_rgmii/u_rgmii_rx/BUFG_inst/O
                         net (fo=2434, routed)        0.912     2.126    u_eth/u_icmp_fifo/gmii_rx_clk
    RAMB18_X5Y6          RAMB18E1                                     r  u_eth/u_icmp_fifo/mem_reg/CLKARDCLK
                         clock pessimism             -0.502     1.624    
    RAMB18_X5Y6          RAMB18E1 (Hold_ramb18e1_CLKARDCLK_DIADI[1])
                                                      0.155     1.779    u_eth/u_icmp_fifo/mem_reg
  -------------------------------------------------------------------
                         required time                         -1.779    
                         arrival time                           1.840    
  -------------------------------------------------------------------
                         slack                                  0.061    





Pulse Width Checks
--------------------------------------------------------------------------------------
Clock Name:         eth_rxc
Waveform(ns):       { 0.000 4.000 }
Period(ns):         8.000
Sources:            { eth_rxc }

Check Type        Corner  Lib Pin             Reference Pin  Required(ns)  Actual(ns)  Slack(ns)  Location      Pin
Min Period        n/a     RAMB18E1/CLKARDCLK  n/a            2.472         8.000       5.528      RAMB18_X5Y6   u_eth/u_icmp_fifo/mem_reg/CLKARDCLK
Low Pulse Width   Slow    FDCE/C              n/a            0.500         4.000       3.500      SLICE_X24Y26  u_eth/flush_pend_reg/C
High Pulse Width  Slow    FDCE/C              n/a            0.500         4.000       3.500      SLICE_X24Y26  u_eth/flush_pend_reg/C



---------------------------------------------------------------------------------------------------
From Clock:  sys_clk
  To Clock:  sys_clk

Setup :            0  Failing Endpoints,  Worst Slack       15.643ns,  Total Violation        0.000ns
Hold  :            0  Failing Endpoints,  Worst Slack        0.091ns,  Total Violation        0.000ns
PW    :            0  Failing Endpoints,  Worst Slack        7.000ns,  Total Violation        0.000ns
---------------------------------------------------------------------------------------------------


Max Delay Paths
--------------------------------------------------------------------------------------
Slack (MET) :             15.643ns  (required time - arrival time)
  Source:                 u_pl/sec_div_reg[20]/C
                            (rising edge-triggered cell FDCE clocked by sys_clk  {rise@0.000ns fall@10.000ns period=20.000ns})
  Destination:            u_pl/fps_acc_reg[0]/CE
                            (rising edge-triggered cell FDCE clocked by sys_clk  {rise@0.000ns fall@10.000ns period=20.000ns})
  Path Group:             sys_clk
  Path Type:              Setup (Max at Slow Process Corner)
  Requirement:            20.000ns  (sys_clk rise@20.000ns - sys_clk rise@0.000ns)
  Data Path Delay:        4.131ns  (logic 1.007ns (24.377%)  route 3.124ns (75.623%))
  Logic Levels:           5  (LUT3=1 LUT4=1 LUT5=1 LUT6=2)
  Clock Path Skew:        -0.055ns (DCD - SCD + CPR)
    Destination Clock Delay (DCD):    4.363ns = ( 24.363 - 20.000 ) 
    Source Clock Delay      (SCD):    4.760ns
    Clock Pessimism Removal (CPR):    0.342ns
  Clock Uncertainty:      0.035ns  ((TSJ^2 + TIJ^2)^1/2 + DJ) / 2 + PE
    Total System Jitter     (TSJ):    0.071ns
    Total Input Jitter      (TIJ):    0.000ns
    Discrete Jitter          (DJ):    0.000ns
    Phase Error              (PE):    0.000ns

    Location             Delay type                Incr(ns)  Path(ns)    Netlist Resource(s)
  -------------------------------------------------------------------    -------------------
                         (clock sys_clk rise edge)    0.000     0.000 r  
    W17                                               0.000     0.000 r  sys_clk (IN)
                         net (fo=0)                   0.000     0.000    sys_clk
    W17                  IBUF (Prop_ibuf_I_O)         1.415     1.415 r  sys_clk_IBUF_inst/O
                         net (fo=1, routed)           1.873     3.288    sys_clk_IBUF
    BUFGCTRL_X0Y4        BUFG (Prop_bufg_I_O)         0.085     3.373 r  sys_clk_IBUF_BUFG_inst/O
                         net (fo=155, routed)         1.387     4.760    u_pl/sys_clk_IBUF_BUFG
    SLICE_X45Y63         FDCE                                         r  u_pl/sec_div_reg[20]/C
  -------------------------------------------------------------------    -------------------
    SLICE_X45Y63         FDCE (Prop_fdce_C_Q)         0.348     5.108 r  u_pl/sec_div_reg[20]/Q
                         net (fo=2, routed)           0.850     5.958    u_pl/sec_div_reg_n_0_[20]
    SLICE_X45Y63         LUT4 (Prop_lut4_I3_O)        0.239     6.197 f  u_pl/sec_div[25]_i_8/O
                         net (fo=1, routed)           0.507     6.704    u_pl/sec_div[25]_i_8_n_0
    SLICE_X45Y62         LUT5 (Prop_lut5_I4_O)        0.105     6.809 f  u_pl/sec_div[25]_i_7/O
                         net (fo=1, routed)           0.465     7.274    u_pl/sec_div[25]_i_7_n_0
    SLICE_X45Y60         LUT6 (Prop_lut6_I5_O)        0.105     7.379 f  u_pl/sec_div[25]_i_4/O
                         net (fo=1, routed)           0.204     7.583    u_pl/sec_div[25]_i_4_n_0
    SLICE_X45Y60         LUT6 (Prop_lut6_I0_O)        0.105     7.688 r  u_pl/sec_div[25]_i_2/O
                         net (fo=42, routed)          0.581     8.269    u_pl/fps_q[0]
    SLICE_X47Y62         LUT3 (Prop_lut3_I2_O)        0.105     8.374 r  u_pl/fps_acc[7]_i_1/O
                         net (fo=8, routed)           0.517     8.891    u_pl/fps_acc[0]
    SLICE_X36Y60         FDCE                                         r  u_pl/fps_acc_reg[0]/CE
  -------------------------------------------------------------------    -------------------

                         (clock sys_clk rise edge)   20.000    20.000 r  
    W17                                               0.000    20.000 r  sys_clk (IN)
                         net (fo=0)                   0.000    20.000    sys_clk
    W17                  IBUF (Prop_ibuf_I_O)         1.349    21.349 r  sys_clk_IBUF_inst/O
                         net (fo=1, routed)           1.701    23.050    sys_clk_IBUF
    BUFGCTRL_X0Y4        BUFG (Prop_bufg_I_O)         0.077    23.127 r  sys_clk_IBUF_BUFG_inst/O
                         net (fo=155, routed)         1.236    24.363    u_pl/sys_clk_IBUF_BUFG
    SLICE_X36Y60         FDCE                                         r  u_pl/fps_acc_reg[0]/C
                         clock pessimism              0.342    24.705    
                         clock uncertainty           -0.035    24.670    
    SLICE_X36Y60         FDCE (Setup_fdce_C_CE)      -0.136    24.534    u_pl/fps_acc_reg[0]
  -------------------------------------------------------------------
                         required time                         24.534    
                         arrival time                          -8.891    
  -------------------------------------------------------------------
                         slack                                 15.643    





Min Delay Paths
--------------------------------------------------------------------------------------
Slack (MET) :             0.091ns  (arrival time - required time)
  Source:                 u_pl/hb_reg[3]/C
                            (rising edge-triggered cell FDRE clocked by sys_clk  {rise@0.000ns fall@10.000ns period=20.000ns})
  Destination:            u_pl/hb_reg[4]/D
                            (rising edge-triggered cell FDRE clocked by sys_clk  {rise@0.000ns fall@10.000ns period=20.000ns})
  Path Group:             sys_clk
  Path Type:              Hold (Min at Fast Process Corner)
  Requirement:            0.000ns  (sys_clk rise@0.000ns - sys_clk rise@0.000ns)
  Data Path Delay:        0.462ns  (logic 0.355ns (76.797%)  route 0.107ns (23.203%))
  Logic Levels:           2  (CARRY4=2)
  Clock Path Skew:        0.266ns (DCD - SCD - CPR)
    Destination Clock Delay (DCD):    2.027ns
    Source Clock Delay      (SCD):    1.513ns
    Clock Pessimism Removal (CPR):    0.248ns

    Location             Delay type                Incr(ns)  Path(ns)    Netlist Resource(s)
  -------------------------------------------------------------------    -------------------
                         (clock sys_clk rise edge)    0.000     0.000 r  
    W17                                               0.000     0.000 r  sys_clk (IN)
                         net (fo=0)                   0.000     0.000    sys_clk
    W17                  IBUF (Prop_ibuf_I_O)         0.252     0.252 r  sys_clk_IBUF_inst/O
                         net (fo=1, routed)           0.674     0.926    sys_clk_IBUF
    BUFGCTRL_X0Y4        BUFG (Prop_bufg_I_O)         0.026     0.952 r  sys_clk_IBUF_BUFG_inst/O
                         net (fo=155, routed)         0.561     1.513    u_pl/sys_clk_IBUF_BUFG
    SLICE_X47Y49         FDRE                                         r  u_pl/hb_reg[3]/C
  -------------------------------------------------------------------    -------------------
    SLICE_X47Y49         FDRE (Prop_fdre_C_Q)         0.141     1.654 r  u_pl/hb_reg[3]/Q
                         net (fo=1, routed)           0.107     1.760    u_pl/hb_reg_n_0_[3]
    SLICE_X47Y49         CARRY4 (Prop_carry4_S[3]_CO[3])
                                                      0.160     1.920 r  u_pl/hb_reg[0]_i_1/CO[3]
                         net (fo=1, routed)           0.001     1.921    u_pl/hb_reg[0]_i_1_n_0
    SLICE_X47Y50         CARRY4 (Prop_carry4_CI_O[0])
                                                      0.054     1.975 r  u_pl/hb_reg[4]_i_1/O[0]
                         net (fo=1, routed)           0.000     1.975    u_pl/hb_reg[4]_i_1_n_7
    SLICE_X47Y50         FDRE                                         r  u_pl/hb_reg[4]/D
  -------------------------------------------------------------------    -------------------

                         (clock sys_clk rise edge)    0.000     0.000 r  
    W17                                               0.000     0.000 r  sys_clk (IN)
                         net (fo=0)                   0.000     0.000    sys_clk
    W17                  IBUF (Prop_ibuf_I_O)         0.440     0.440 r  sys_clk_IBUF_inst/O
                         net (fo=1, routed)           0.731     1.171    sys_clk_IBUF
    BUFGCTRL_X0Y4        BUFG (Prop_bufg_I_O)         0.029     1.200 r  sys_clk_IBUF_BUFG_inst/O
                         net (fo=155, routed)         0.827     2.027    u_pl/sys_clk_IBUF_BUFG
    SLICE_X47Y50         FDRE                                         r  u_pl/hb_reg[4]/C
                         clock pessimism             -0.248     1.779    
    SLICE_X47Y50         FDRE (Hold_fdre_C_D)         0.105     1.884    u_pl/hb_reg[4]
  -------------------------------------------------------------------
                         required time                         -1.884    
                         arrival time                           1.975    
  -------------------------------------------------------------------
                         slack                                  0.091    





Pulse Width Checks
--------------------------------------------------------------------------------------
Clock Name:         sys_clk
Waveform(ns):       { 0.000 10.000 }
Period(ns):         20.000
Sources:            { sys_clk }

Check Type        Corner  Lib Pin            Reference Pin  Required(ns)  Actual(ns)  Slack(ns)  Location         Pin
Min Period        n/a     BUFG/I             n/a            1.592         20.000      18.408     BUFGCTRL_X0Y4    sys_clk_IBUF_BUFG_inst/I
Max Period        n/a     MMCME2_ADV/CLKIN1  n/a            100.000       20.000      80.000     MMCME2_ADV_X0Y0  u_idelay_clkgen/u_mmcm/CLKIN1
Low Pulse Width   Slow    MMCME2_ADV/CLKIN1  n/a            3.000         10.000      7.000      MMCME2_ADV_X0Y0  u_idelay_clkgen/u_mmcm/CLKIN1
High Pulse Width  Slow    MMCME2_ADV/CLKIN1  n/a            3.000         10.000      7.000      MMCME2_ADV_X0Y0  u_idelay_clkgen/u_mmcm/CLKIN1



---------------------------------------------------------------------------------------------------
From Clock:  clkfbout
  To Clock:  clkfbout

Setup :           NA  Failing Endpoints,  Worst Slack           NA  ,  Total Violation           NA
Hold  :           NA  Failing Endpoints,  Worst Slack           NA  ,  Total Violation           NA
PW    :            0  Failing Endpoints,  Worst Slack       18.408ns,  Total Violation        0.000ns
---------------------------------------------------------------------------------------------------


Pulse Width Checks
--------------------------------------------------------------------------------------
Clock Name:         clkfbout
Waveform(ns):       { 0.000 10.000 }
Period(ns):         20.000
Sources:            { u_idelay_clkgen/u_mmcm/CLKFBOUT }

Check Type  Corner  Lib Pin             Reference Pin  Required(ns)  Actual(ns)  Slack(ns)  Location         Pin
Min Period  n/a     BUFG/I              n/a            1.592         20.000      18.408     BUFGCTRL_X0Y5    u_idelay_clkgen/u_bufg_fb/I
Max Period  n/a     MMCME2_ADV/CLKFBIN  n/a            100.000       20.000      80.000     MMCME2_ADV_X0Y0  u_idelay_clkgen/u_mmcm/CLKFBIN



---------------------------------------------------------------------------------------------------
From Clock:  clkfbout_1
  To Clock:  clkfbout_1

Setup :           NA  Failing Endpoints,  Worst Slack           NA  ,  Total Violation           NA
Hold  :           NA  Failing Endpoints,  Worst Slack           NA  ,  Total Violation           NA
PW    :            0  Failing Endpoints,  Worst Slack       18.408ns,  Total Violation        0.000ns
---------------------------------------------------------------------------------------------------


Pulse Width Checks
--------------------------------------------------------------------------------------
Clock Name:         clkfbout_1
Waveform(ns):       { 0.000 10.000 }
Period(ns):         20.000
Sources:            { u_pl/u_clk/u_mmcm/CLKFBOUT }

Check Type  Corner  Lib Pin             Reference Pin  Required(ns)  Actual(ns)  Slack(ns)  Location         Pin
Min Period  n/a     BUFG/I              n/a            1.592         20.000      18.408     BUFGCTRL_X0Y6    u_pl/u_clk/u_bufg_fb/I
Max Period  n/a     MMCME2_ADV/CLKFBIN  n/a            100.000       20.000      80.000     MMCME2_ADV_X1Y0  u_pl/u_clk/u_mmcm/CLKFBIN



---------------------------------------------------------------------------------------------------
From Clock:  clkout0_1
  To Clock:  clkout0_1

Setup :            0  Failing Endpoints,  Worst Slack        0.426ns,  Total Violation        0.000ns
Hold  :            0  Failing Endpoints,  Worst Slack        0.072ns,  Total Violation        0.000ns
PW    :            0  Failing Endpoints,  Worst Slack        8.870ns,  Total Violation        0.000ns
---------------------------------------------------------------------------------------------------


Max Delay Paths
--------------------------------------------------------------------------------------
Slack (MET) :             0.426ns  (required time - arrival time)
  Source:                 u_pl/x_d_reg[11][4]/C
                            (rising edge-triggered cell FDCE clocked by clkout0_1  {rise@0.000ns fall@10.000ns period=20.000ns})
  Destination:            u_pl/u_osd/b_reg[6]/D
                            (rising edge-triggered cell FDCE clocked by clkout0_1  {rise@0.000ns fall@10.000ns period=20.000ns})
  Path Group:             clkout0_1
  Path Type:              Setup (Max at Slow Process Corner)
  Requirement:            20.000ns  (clkout0_1 rise@20.000ns - clkout0_1 rise@0.000ns)
  Data Path Delay:        19.376ns  (logic 6.390ns (32.978%)  route 12.986ns (67.022%))
  Logic Levels:           26  (CARRY4=9 LUT1=1 LUT2=1 LUT3=2 LUT4=3 LUT5=3 LUT6=7)
  Clock Path Skew:        -0.135ns (DCD - SCD + CPR)
    Destination Clock Delay (DCD):    4.433ns = ( 24.433 - 20.000 ) 
    Source Clock Delay      (SCD):    4.814ns
    Clock Pessimism Removal (CPR):    0.246ns
  Clock Uncertainty:      0.094ns  ((TSJ^2 + DJ^2)^1/2) / 2 + PE
    Total System Jitter     (TSJ):    0.071ns
    Discrete Jitter          (DJ):    0.175ns
    Phase Error              (PE):    0.000ns

    Location             Delay type                Incr(ns)  Path(ns)    Netlist Resource(s)
  -------------------------------------------------------------------    -------------------
                         (clock clkout0_1 rise edge)
                                                      0.000     0.000 r  
    W17                                               0.000     0.000 r  sys_clk (IN)
                         net (fo=0)                   0.000     0.000    sys_clk
    W17                  IBUF (Prop_ibuf_I_O)         1.415     1.415 r  sys_clk_IBUF_inst/O
                         net (fo=1, routed)           1.873     3.288    sys_clk_IBUF
    BUFGCTRL_X0Y4        BUFG (Prop_bufg_I_O)         0.085     3.373 r  sys_clk_IBUF_BUFG_inst/O
                         net (fo=155, routed)         1.550     4.923    u_pl/u_clk/sys_clk_IBUF_BUFG
    MMCME2_ADV_X1Y0      MMCME2_ADV (Prop_mmcme2_adv_CLKIN1_CLKOUT0)
                                                     -3.232     1.691 r  u_pl/u_clk/u_mmcm/CLKOUT0
                         net (fo=1, routed)           1.597     3.288    u_pl/u_clk/clkout0
    BUFGCTRL_X0Y1        BUFG (Prop_bufg_I_O)         0.085     3.373 r  u_pl/u_clk/u_bufg_pix/O
                         net (fo=1303, routed)        1.441     4.814    u_pl/clk_pix
    SLICE_X55Y52         FDCE                                         r  u_pl/x_d_reg[11][4]/C
  -------------------------------------------------------------------    -------------------
    SLICE_X55Y52         FDCE (Prop_fdce_C_Q)         0.348     5.162 f  u_pl/x_d_reg[11][4]/Q
                         net (fo=6, routed)           0.355     5.517    u_pl/u_osd/r[7]_i_13
    SLICE_X54Y54         LUT1 (Prop_lut1_I0_O)        0.239     5.756 r  u_pl/u_osd/r[7]_i_82/O
                         net (fo=1, routed)           0.000     5.756    u_pl/u_osd/r[7]_i_82_n_0
    SLICE_X54Y54         CARRY4 (Prop_carry4_S[1]_O[2])
                                                      0.480     6.236 r  u_pl/u_osd/r_reg[7]_i_52/O[2]
                         net (fo=30, routed)          1.043     7.279    u_pl/u_osd/lx[5]
    SLICE_X49Y56         LUT3 (Prop_lut3_I1_O)        0.244     7.523 r  u_pl/u_osd/g0_b0_i_339/O
                         net (fo=2, routed)           0.414     7.938    u_pl/u_osd/g0_b0_i_339_n_0
    SLICE_X48Y57         CARRY4 (Prop_carry4_DI[0]_CO[3])
                                                      0.436     8.374 r  u_pl/u_osd/g0_b0_i_267/CO[3]
                         net (fo=1, routed)           0.000     8.374    u_pl/u_osd/g0_b0_i_267_n_0
    SLICE_X48Y58         CARRY4 (Prop_carry4_CI_O[0])
                                                      0.180     8.554 r  u_pl/u_osd/g0_b0_i_243/O[0]
                         net (fo=3, routed)           0.558     9.112    u_pl/u_osd/g0_b0_i_243_n_7
    SLICE_X49Y58         LUT3 (Prop_lut3_I0_O)        0.262     9.374 r  u_pl/u_osd/g0_b0_i_187/O
                         net (fo=1, routed)           0.490     9.864    u_pl/u_osd/g0_b0_i_187_n_0
    SLICE_X46Y58         CARRY4 (Prop_carry4_DI[3]_CO[3])
                                                      0.490    10.354 r  u_pl/u_osd/g0_b0_i_102/CO[3]
                         net (fo=1, routed)           0.000    10.354    u_pl/u_osd/g0_b0_i_102_n_0
    SLICE_X46Y59         CARRY4 (Prop_carry4_CI_O[0])
                                                      0.178    10.532 r  u_pl/u_osd/g0_b0_i_82/O[0]
                         net (fo=15, routed)          0.550    11.082    u_pl/u_osd/g0_b0_i_82_n_7
    SLICE_X47Y59         CARRY4 (Prop_carry4_S[0]_CO[3])
                                                      0.678    11.760 r  u_pl/u_osd/g0_b0_i_281/CO[3]
                         net (fo=1, routed)           0.000    11.760    u_pl/u_osd/g0_b0_i_281_n_0
    SLICE_X47Y60         CARRY4 (Prop_carry4_CI_O[1])
                                                      0.265    12.025 r  u_pl/u_osd/g0_b0_i_202/O[1]
                         net (fo=3, routed)           0.636    12.661    u_pl/u_osd/g0_b0_i_202_n_6
    SLICE_X47Y57         LUT4 (Prop_lut4_I1_O)        0.250    12.911 r  u_pl/u_osd/g0_b0_i_277/O
                         net (fo=1, routed)           0.000    12.911    u_pl/u_osd/g0_b0_i_277_n_0
    SLICE_X47Y57         CARRY4 (Prop_carry4_S[3]_CO[3])
                                                      0.332    13.243 r  u_pl/u_osd/g0_b0_i_197/CO[3]
                         net (fo=1, routed)           0.000    13.243    u_pl/u_osd/g0_b0_i_197_n_0
    SLICE_X47Y58         CARRY4 (Prop_carry4_CI_CO[1])
                                                      0.132    13.375 r  u_pl/u_osd/g0_b0_i_104/CO[1]
                         net (fo=15, routed)          0.718    14.093    u_pl/u_osd/g0_b0_i_104_n_2
    SLICE_X43Y64         LUT4 (Prop_lut4_I1_O)        0.275    14.368 r  u_pl/u_osd/g0_b0_i_122/O
                         net (fo=5, routed)           0.521    14.889    u_pl/u_osd/g0_b0_i_122_n_0
    SLICE_X43Y63         LUT5 (Prop_lut5_I2_O)        0.105    14.994 r  u_pl/u_osd/g0_b0_i_43/O
                         net (fo=7, routed)           0.581    15.575    u_pl/u_osd/g0_b0_i_82_1
    SLICE_X46Y63         LUT6 (Prop_lut6_I1_O)        0.105    15.680 f  u_pl/u_osd/g0_b0_i_12/O
                         net (fo=19, routed)          0.806    16.486    u_pl/u_osd/g0_b0_i_47_0
    SLICE_X41Y65         LUT2 (Prop_lut2_I0_O)        0.105    16.591 f  u_pl/u_osd/g0_b0_i_28/O
                         net (fo=11, routed)          0.838    17.429    u_pl/u_lm_x/g0_b0_i_6
    SLICE_X42Y65         LUT6 (Prop_lut6_I2_O)        0.105    17.534 r  u_pl/u_lm_x/g0_b0_i_37/O
                         net (fo=1, routed)           0.674    18.208    u_pl/u_lm_x/g0_b0_i_37_n_0
    SLICE_X42Y65         LUT6 (Prop_lut6_I1_O)        0.105    18.313 r  u_pl/u_lm_x/g0_b0_i_11/O
                         net (fo=18, routed)          0.981    19.294    u_pl/u_lm_x/g0_b0_i_11_n_0
    SLICE_X51Y63         LUT6 (Prop_lut6_I2_O)        0.105    19.399 r  u_pl/u_lm_x/g0_b0_i_2/O
                         net (fo=28, routed)          0.966    20.366    u_pl/u_lm_x/g0_b0_i_2_n_0
    SLICE_X54Y62         LUT5 (Prop_lut5_I1_O)        0.115    20.481 f  u_pl/u_lm_x/g0_b1__0/O
                         net (fo=1, routed)           0.473    20.954    u_pl/u_lm_x/g0_b1__0_n_0
    SLICE_X57Y62         LUT4 (Prop_lut4_I1_O)        0.264    21.218 f  u_pl/u_lm_x/r[7]_i_86/O
                         net (fo=1, routed)           0.670    21.888    u_pl/u_lm_x/r[7]_i_86_n_0
    SLICE_X55Y62         LUT5 (Prop_lut5_I0_O)        0.115    22.003 f  u_pl/u_lm_x/r[7]_i_65/O
                         net (fo=1, routed)           0.238    22.241    u_pl/u_lm_x/r[7]_i_65_n_0
    SLICE_X55Y60         LUT6 (Prop_lut6_I1_O)        0.267    22.508 f  u_pl/u_lm_x/r[7]_i_27/O
                         net (fo=1, routed)           0.205    22.713    u_pl/u_lm_x/r[7]_i_27_n_0
    SLICE_X55Y60         LUT6 (Prop_lut6_I0_O)        0.105    22.818 f  u_pl/u_lm_x/r[7]_i_6__0/O
                         net (fo=19, routed)          1.268    24.086    u_pl/u_lm_x/r[7]_i_6__0_n_0
    SLICE_X68Y42         LUT6 (Prop_lut6_I5_O)        0.105    24.191 r  u_pl/u_lm_x/b[6]_i_1__0/O
                         net (fo=1, routed)           0.000    24.191    u_pl/u_osd/b_reg[7]_0[4]
    SLICE_X68Y42         FDCE                                         r  u_pl/u_osd/b_reg[6]/D
  -------------------------------------------------------------------    -------------------

                         (clock clkout0_1 rise edge)
                                                     20.000    20.000 r  
    W17                                               0.000    20.000 r  sys_clk (IN)
                         net (fo=0)                   0.000    20.000    sys_clk
    W17                  IBUF (Prop_ibuf_I_O)         1.349    21.349 r  sys_clk_IBUF_inst/O
                         net (fo=1, routed)           1.701    23.050    sys_clk_IBUF
    BUFGCTRL_X0Y4        BUFG (Prop_bufg_I_O)         0.077    23.127 r  sys_clk_IBUF_BUFG_inst/O
                         net (fo=155, routed)         1.384    24.511    u_pl/u_clk/sys_clk_IBUF_BUFG
    MMCME2_ADV_X1Y0      MMCME2_ADV (Prop_mmcme2_adv_CLKIN1_CLKOUT0)
                                                     -2.915    21.596 r  u_pl/u_clk/u_mmcm/CLKOUT0
                         net (fo=1, routed)           1.454    23.050    u_pl/u_clk/clkout0
    BUFGCTRL_X0Y1        BUFG (Prop_bufg_I_O)         0.077    23.127 r  u_pl/u_clk/u_bufg_pix/O
                         net (fo=1303, routed)        1.306    24.433    u_pl/u_osd/clk_pix
    SLICE_X68Y42         FDCE                                         r  u_pl/u_osd/b_reg[6]/C
                         clock pessimism              0.246    24.679    
                         clock uncertainty           -0.094    24.585    
    SLICE_X68Y42         FDCE (Setup_fdce_C_D)        0.032    24.617    u_pl/u_osd/b_reg[6]
  -------------------------------------------------------------------
                         required time                         24.617    
                         arrival time                         -24.191    
  -------------------------------------------------------------------
                         slack                                  0.426    





Min Delay Paths
--------------------------------------------------------------------------------------
Slack (MET) :             0.072ns  (arrival time - required time)
  Source:                 u_pl/rd_addr_q_reg[8]_rep__1/C
                            (rising edge-triggered cell FDCE clocked by clkout0_1  {rise@0.000ns fall@10.000ns period=20.000ns})
  Destination:            u_pl/u_fb/lo_reg_0_28/ADDRBWRADDR[6]
                            (rising edge-triggered cell RAMB36E1 clocked by clkout0_1  {rise@0.000ns fall@10.000ns period=20.000ns})
  Path Group:             clkout0_1
  Path Type:              Hold (Min at Fast Process Corner)
  Requirement:            0.000ns  (clkout0_1 rise@0.000ns - clkout0_1 rise@0.000ns)
  Data Path Delay:        0.509ns  (logic 0.148ns (29.085%)  route 0.361ns (70.915%))
  Logic Levels:           0  
  Clock Path Skew:        0.308ns (DCD - SCD - CPR)
    Destination Clock Delay (DCD):    2.087ns
    Source Clock Delay      (SCD):    1.531ns
    Clock Pessimism Removal (CPR):    0.248ns

    Location             Delay type                Incr(ns)  Path(ns)    Netlist Resource(s)
  -------------------------------------------------------------------    -------------------
                         (clock clkout0_1 rise edge)
                                                      0.000     0.000 r  
    W17                                               0.000     0.000 r  sys_clk (IN)
                         net (fo=0)                   0.000     0.000    sys_clk
    W17                  IBUF (Prop_ibuf_I_O)         0.252     0.252 r  sys_clk_IBUF_inst/O
                         net (fo=1, routed)           0.674     0.926    sys_clk_IBUF
    BUFGCTRL_X0Y4        BUFG (Prop_bufg_I_O)         0.026     0.952 r  sys_clk_IBUF_BUFG_inst/O
                         net (fo=155, routed)         0.595     1.547    u_pl/u_clk/sys_clk_IBUF_BUFG
    MMCME2_ADV_X1Y0      MMCME2_ADV (Prop_mmcme2_adv_CLKIN1_CLKOUT0)
                                                     -1.150     0.397 r  u_pl/u_clk/u_mmcm/CLKOUT0
                         net (fo=1, routed)           0.529     0.926    u_pl/u_clk/clkout0
    BUFGCTRL_X0Y1        BUFG (Prop_bufg_I_O)         0.026     0.952 r  u_pl/u_clk/u_bufg_pix/O
                         net (fo=1303, routed)        0.579     1.531    u_pl/clk_pix
    SLICE_X54Y41         FDCE                                         r  u_pl/rd_addr_q_reg[8]_rep__1/C
  -------------------------------------------------------------------    -------------------
    SLICE_X54Y41         FDCE (Prop_fdce_C_Q)         0.148     1.679 r  u_pl/rd_addr_q_reg[8]_rep__1/Q
                         net (fo=20, routed)          0.361     2.040    u_pl/u_fb/lo_reg_0_60_0[6]
    RAMB36_X3Y10         RAMB36E1                                     r  u_pl/u_fb/lo_reg_0_28/ADDRBWRADDR[6]
  -------------------------------------------------------------------    -------------------

                         (clock clkout0_1 rise edge)
                                                      0.000     0.000 r  
    W17                                               0.000     0.000 r  sys_clk (IN)
                         net (fo=0)                   0.000     0.000    sys_clk
    W17                  IBUF (Prop_ibuf_I_O)         0.440     0.440 r  sys_clk_IBUF_inst/O
                         net (fo=1, routed)           0.731     1.171    sys_clk_IBUF
    BUFGCTRL_X0Y4        BUFG (Prop_bufg_I_O)         0.029     1.200 r  sys_clk_IBUF_BUFG_inst/O
                         net (fo=155, routed)         0.862     2.062    u_pl/u_clk/sys_clk_IBUF_BUFG
    MMCME2_ADV_X1Y0      MMCME2_ADV (Prop_mmcme2_adv_CLKIN1_CLKOUT0)
                                                     -1.467     0.595 r  u_pl/u_clk/u_mmcm/CLKOUT0
                         net (fo=1, routed)           0.576     1.171    u_pl/u_clk/clkout0
    BUFGCTRL_X0Y1        BUFG (Prop_bufg_I_O)         0.029     1.200 r  u_pl/u_clk/u_bufg_pix/O
                         net (fo=1303, routed)        0.887     2.087    u_pl/u_fb/clk_pix
    RAMB36_X3Y10         RAMB36E1                                     r  u_pl/u_fb/lo_reg_0_28/CLKBWRCLK
                         clock pessimism             -0.248     1.839    
    RAMB36_X3Y10         RAMB36E1 (Hold_ramb36e1_CLKBWRCLK_ADDRBWRADDR[6])
                                                      0.129     1.968    u_pl/u_fb/lo_reg_0_28
  -------------------------------------------------------------------
                         required time                         -1.968    
                         arrival time                           2.040    
  -------------------------------------------------------------------
                         slack                                  0.072    





Pulse Width Checks
--------------------------------------------------------------------------------------
Clock Name:         clkout0_1
Waveform(ns):       { 0.000 10.000 }
Period(ns):         20.000
Sources:            { u_pl/u_clk/u_mmcm/CLKOUT0 }

Check Type        Corner  Lib Pin             Reference Pin  Required(ns)  Actual(ns)  Slack(ns)  Location         Pin
Min Period        n/a     DSP48E1/CLK         n/a            3.272         20.000      16.728     DSP48_X4Y18      u_pl/u_zmap/yr_m_reg/CLK
Max Period        n/a     MMCME2_ADV/CLKOUT0  n/a            213.360       20.000      193.360    MMCME2_ADV_X1Y0  u_pl/u_clk/u_mmcm/CLKOUT0
Low Pulse Width   Slow    RAMS64E/CLK         n/a            1.130         10.000      8.870      SLICE_X50Y31     u_pl/u_pipe/u_blur/lb1_reg_0_255_0_0/RAMS64E_A/CLK
High Pulse Width  Slow    RAMS64E/CLK         n/a            1.130         10.000      8.870      SLICE_X50Y31     u_pl/u_pipe/u_blur/lb1_reg_0_255_0_0/RAMS64E_A/CLK



---------------------------------------------------------------------------------------------------
From Clock:  clkout1_1
  To Clock:  clkout1_1

Setup :           NA  Failing Endpoints,  Worst Slack           NA  ,  Total Violation           NA
Hold  :           NA  Failing Endpoints,  Worst Slack           NA  ,  Total Violation           NA
PW    :            0  Failing Endpoints,  Worst Slack        2.408ns,  Total Violation        0.000ns
---------------------------------------------------------------------------------------------------


Pulse Width Checks
--------------------------------------------------------------------------------------
Clock Name:         clkout1_1
Waveform(ns):       { 0.000 2.000 }
Period(ns):         4.000
Sources:            { u_pl/u_clk/u_mmcm/CLKOUT1 }

Check Type  Corner  Lib Pin             Reference Pin  Required(ns)  Actual(ns)  Slack(ns)  Location         Pin
Min Period  n/a     BUFG/I              n/a            1.592         4.000       2.408      BUFGCTRL_X0Y2    u_pl/u_clk/u_bufg_5x/I
Max Period  n/a     MMCME2_ADV/CLKOUT1  n/a            213.360       4.000       209.360    MMCME2_ADV_X1Y0  u_pl/u_clk/u_mmcm/CLKOUT1



---------------------------------------------------------------------------------------------------
From Clock:  clkout2
  To Clock:  clkout2

Setup :           NA  Failing Endpoints,  Worst Slack           NA  ,  Total Violation           NA
Hold  :           NA  Failing Endpoints,  Worst Slack           NA  ,  Total Violation           NA
PW    :            0  Failing Endpoints,  Worst Slack        0.264ns,  Total Violation        0.000ns
---------------------------------------------------------------------------------------------------


Pulse Width Checks
--------------------------------------------------------------------------------------
Clock Name:         clkout2
Waveform(ns):       { 0.000 2.500 }
Period(ns):         5.000
Sources:            { u_idelay_clkgen/u_mmcm/CLKOUT2 }

Check Type  Corner  Lib Pin            Reference Pin  Required(ns)  Actual(ns)  Slack(ns)  Location         Pin
Min Period  n/a     IDELAYCTRL/REFCLK  n/a            2.438         5.000       2.562      IDELAYCTRL_X1Y0  u_eth/u_rgmii/u_rgmii_rx/IDELAYCTRL_inst/REFCLK
Max Period  n/a     IDELAYCTRL/REFCLK  n/a            5.264         5.000       0.264      IDELAYCTRL_X1Y0  u_eth/u_rgmii/u_rgmii_rx/IDELAYCTRL_inst/REFCLK



---------------------------------------------------------------------------------------------------
From Clock:  clkout0_1
  To Clock:  sys_clk

Setup :            0  Failing Endpoints,  Worst Slack       17.382ns,  Total Violation        0.000ns
Hold  :            0  Failing Endpoints,  Worst Slack        0.304ns,  Total Violation        0.000ns
---------------------------------------------------------------------------------------------------


Max Delay Paths
--------------------------------------------------------------------------------------
Slack (MET) :             17.382ns  (required time - arrival time)
  Source:                 u_pl/vs_pix_d1_reg/C
                            (rising edge-triggered cell FDRE clocked by clkout0_1  {rise@0.000ns fall@10.000ns period=20.000ns})
  Destination:            u_pl/vt0_reg/D
                            (rising edge-triggered cell FDRE clocked by sys_clk  {rise@0.000ns fall@10.000ns period=20.000ns})
  Path Group:             sys_clk
  Path Type:              Setup (Max at Slow Process Corner)
  Requirement:            20.000ns  (sys_clk rise@20.000ns - clkout0_1 rise@0.000ns)
  Data Path Delay:        2.077ns  (logic 0.484ns (23.305%)  route 1.593ns (76.695%))
  Logic Levels:           1  (LUT2=1)
  Clock Path Skew:        -0.208ns (DCD - SCD + CPR)
    Destination Clock Delay (DCD):    4.360ns = ( 24.360 - 20.000 ) 
    Source Clock Delay      (SCD):    4.814ns
    Clock Pessimism Removal (CPR):    0.246ns
  Clock Uncertainty:      0.259ns  ((TSJ^2 + DJ^2)^1/2) / 2 + PE
    Total System Jitter     (TSJ):    0.071ns
    Discrete Jitter          (DJ):    0.175ns
    Phase Error              (PE):    0.165ns

    Location             Delay type                Incr(ns)  Path(ns)    Netlist Resource(s)
  -------------------------------------------------------------------    -------------------
                         (clock clkout0_1 rise edge)
                                                      0.000     0.000 r  
    W17                                               0.000     0.000 r  sys_clk (IN)
                         net (fo=0)                   0.000     0.000    sys_clk
    W17                  IBUF (Prop_ibuf_I_O)         1.415     1.415 r  sys_clk_IBUF_inst/O
                         net (fo=1, routed)           1.873     3.288    sys_clk_IBUF
    BUFGCTRL_X0Y4        BUFG (Prop_bufg_I_O)         0.085     3.373 r  sys_clk_IBUF_BUFG_inst/O
                         net (fo=155, routed)         1.550     4.923    u_pl/u_clk/sys_clk_IBUF_BUFG
    MMCME2_ADV_X1Y0      MMCME2_ADV (Prop_mmcme2_adv_CLKIN1_CLKOUT0)
                                                     -3.232     1.691 r  u_pl/u_clk/u_mmcm/CLKOUT0
                         net (fo=1, routed)           1.597     3.288    u_pl/u_clk/clkout0
    BUFGCTRL_X0Y1        BUFG (Prop_bufg_I_O)         0.085     3.373 r  u_pl/u_clk/u_bufg_pix/O
                         net (fo=1303, routed)        1.441     4.814    u_pl/clk_pix
    SLICE_X56Y59         FDRE                                         r  u_pl/vs_pix_d1_reg/C
  -------------------------------------------------------------------    -------------------
    SLICE_X56Y59         FDRE (Prop_fdre_C_Q)         0.379     5.193 f  u_pl/vs_pix_d1_reg/Q
                         net (fo=1, routed)           0.542     5.735    u_pl/vs_pix_d1
    SLICE_X56Y59         LUT2 (Prop_lut2_I1_O)        0.105     5.840 r  u_pl/vt0_i_1/O
                         net (fo=1, routed)           1.051     6.891    u_pl/vs_tick
    SLICE_X47Y62         FDRE                                         r  u_pl/vt0_reg/D
  -------------------------------------------------------------------    -------------------

                         (clock sys_clk rise edge)   20.000    20.000 r  
    W17                                               0.000    20.000 r  sys_clk (IN)
                         net (fo=0)                   0.000    20.000    sys_clk
    W17                  IBUF (Prop_ibuf_I_O)         1.349    21.349 r  sys_clk_IBUF_inst/O
                         net (fo=1, routed)           1.701    23.050    sys_clk_IBUF
    BUFGCTRL_X0Y4        BUFG (Prop_bufg_I_O)         0.077    23.127 r  sys_clk_IBUF_BUFG_inst/O
                         net (fo=155, routed)         1.233    24.360    u_pl/sys_clk_IBUF_BUFG
    SLICE_X47Y62         FDRE                                         r  u_pl/vt0_reg/C
                         clock pessimism              0.246    24.606    
                         clock uncertainty           -0.259    24.347    
    SLICE_X47Y62         FDRE (Setup_fdre_C_D)       -0.074    24.273    u_pl/vt0_reg
  -------------------------------------------------------------------
                         required time                         24.273    
                         arrival time                          -6.891    
  -------------------------------------------------------------------
                         slack                                 17.382    





Min Delay Paths
--------------------------------------------------------------------------------------
Slack (MET) :             0.304ns  (arrival time - required time)
  Source:                 u_pl/vs_pix_d0_reg/C
                            (rising edge-triggered cell FDRE clocked by clkout0_1  {rise@0.000ns fall@10.000ns period=20.000ns})
  Destination:            u_pl/vt0_reg/D
                            (rising edge-triggered cell FDRE clocked by sys_clk  {rise@0.000ns fall@10.000ns period=20.000ns})
  Path Group:             sys_clk
  Path Type:              Hold (Min at Fast Process Corner)
  Requirement:            0.000ns  (sys_clk rise@0.000ns - clkout0_1 rise@0.000ns)
  Data Path Delay:        0.868ns  (logic 0.186ns (21.422%)  route 0.682ns (78.578%))
  Logic Levels:           1  (LUT2=1)
  Clock Path Skew:        0.244ns (DCD - SCD - CPR)
    Destination Clock Delay (DCD):    2.022ns
    Source Clock Delay      (SCD):    1.530ns
    Clock Pessimism Removal (CPR):    0.248ns
  Clock Uncertainty:      0.259ns  ((TSJ^2 + DJ^2)^1/2) / 2 + PE
    Total System Jitter     (TSJ):    0.071ns
    Discrete Jitter          (DJ):    0.175ns
    Phase Error              (PE):    0.165ns

    Location             Delay type                Incr(ns)  Path(ns)    Netlist Resource(s)
  -------------------------------------------------------------------    -------------------
                         (clock clkout0_1 rise edge)
                                                      0.000     0.000 r  
    W17                                               0.000     0.000 r  sys_clk (IN)
                         net (fo=0)                   0.000     0.000    sys_clk
    W17                  IBUF (Prop_ibuf_I_O)         0.252     0.252 r  sys_clk_IBUF_inst/O
                         net (fo=1, routed)           0.674     0.926    sys_clk_IBUF
    BUFGCTRL_X0Y4        BUFG (Prop_bufg_I_O)         0.026     0.952 r  sys_clk_IBUF_BUFG_inst/O
                         net (fo=155, routed)         0.595     1.547    u_pl/u_clk/sys_clk_IBUF_BUFG
    MMCME2_ADV_X1Y0      MMCME2_ADV (Prop_mmcme2_adv_CLKIN1_CLKOUT0)
                                                     -1.150     0.397 r  u_pl/u_clk/u_mmcm/CLKOUT0
                         net (fo=1, routed)           0.529     0.926    u_pl/u_clk/clkout0
    BUFGCTRL_X0Y1        BUFG (Prop_bufg_I_O)         0.026     0.952 r  u_pl/u_clk/u_bufg_pix/O
                         net (fo=1303, routed)        0.578     1.530    u_pl/clk_pix
    SLICE_X56Y59         FDRE                                         r  u_pl/vs_pix_d0_reg/C
  -------------------------------------------------------------------    -------------------
    SLICE_X56Y59         FDRE (Prop_fdre_C_Q)         0.141     1.671 r  u_pl/vs_pix_d0_reg/Q
                         net (fo=2, routed)           0.178     1.848    u_pl/vs_pix_d0
    SLICE_X56Y59         LUT2 (Prop_lut2_I0_O)        0.045     1.893 r  u_pl/vt0_i_1/O
                         net (fo=1, routed)           0.505     2.398    u_pl/vs_tick
    SLICE_X47Y62         FDRE                                         r  u_pl/vt0_reg/D
  -------------------------------------------------------------------    -------------------

                         (clock sys_clk rise edge)    0.000     0.000 r  
    W17                                               0.000     0.000 r  sys_clk (IN)
                         net (fo=0)                   0.000     0.000    sys_clk
    W17                  IBUF (Prop_ibuf_I_O)         0.440     0.440 r  sys_clk_IBUF_inst/O
                         net (fo=1, routed)           0.731     1.171    sys_clk_IBUF
    BUFGCTRL_X0Y4        BUFG (Prop_bufg_I_O)         0.029     1.200 r  sys_clk_IBUF_BUFG_inst/O
                         net (fo=155, routed)         0.822     2.022    u_pl/sys_clk_IBUF_BUFG
    SLICE_X47Y62         FDRE                                         r  u_pl/vt0_reg/C
                         clock pessimism             -0.248     1.774    
                         clock uncertainty            0.259     2.033    
    SLICE_X47Y62         FDRE (Hold_fdre_C_D)         0.061     2.094    u_pl/vt0_reg
  -------------------------------------------------------------------
                         required time                         -2.094    
                         arrival time                           2.398    
  -------------------------------------------------------------------
                         slack                                  0.304    





---------------------------------------------------------------------------------------------------
From Clock:  sys_clk
  To Clock:  clkout0_1

Setup :            0  Failing Endpoints,  Worst Slack        5.473ns,  Total Violation        0.000ns
Hold  :            0  Failing Endpoints,  Worst Slack        0.243ns,  Total Violation        0.000ns
---------------------------------------------------------------------------------------------------


Max Delay Paths
--------------------------------------------------------------------------------------
Slack (MET) :             5.473ns  (required time - arrival time)
  Source:                 u_pl/u_ang/angle_reg[2]/C
                            (rising edge-triggered cell FDRE clocked by sys_clk  {rise@0.000ns fall@10.000ns period=20.000ns})
  Destination:            u_pl/u_osd/b_reg[6]/D
                            (rising edge-triggered cell FDCE clocked by clkout0_1  {rise@0.000ns fall@10.000ns period=20.000ns})
  Path Group:             clkout0_1
  Path Type:              Setup (Max at Slow Process Corner)
  Requirement:            20.000ns  (clkout0_1 rise@20.000ns - sys_clk rise@0.000ns)
  Data Path Delay:        14.159ns  (logic 4.031ns (28.469%)  route 10.128ns (71.531%))
  Logic Levels:           19  (CARRY4=5 LUT2=1 LUT4=2 LUT5=3 LUT6=8)
  Clock Path Skew:        -0.140ns (DCD - SCD + CPR)
    Destination Clock Delay (DCD):    4.433ns = ( 24.433 - 20.000 ) 
    Source Clock Delay      (SCD):    4.819ns
    Clock Pessimism Removal (CPR):    0.246ns
  Clock Uncertainty:      0.259ns  ((TSJ^2 + DJ^2)^1/2) / 2 + PE
    Total System Jitter     (TSJ):    0.071ns
    Discrete Jitter          (DJ):    0.175ns
    Phase Error              (PE):    0.165ns

    Location             Delay type                Incr(ns)  Path(ns)    Netlist Resource(s)
  -------------------------------------------------------------------    -------------------
                         (clock sys_clk rise edge)    0.000     0.000 r  
    W17                                               0.000     0.000 r  sys_clk (IN)
                         net (fo=0)                   0.000     0.000    sys_clk
    W17                  IBUF (Prop_ibuf_I_O)         1.415     1.415 r  sys_clk_IBUF_inst/O
                         net (fo=1, routed)           1.873     3.288    sys_clk_IBUF
    BUFGCTRL_X0Y4        BUFG (Prop_bufg_I_O)         0.085     3.373 r  sys_clk_IBUF_BUFG_inst/O
                         net (fo=155, routed)         1.446     4.819    u_pl/u_ang/sys_clk_IBUF_BUFG
    SLICE_X63Y53         FDRE                                         r  u_pl/u_ang/angle_reg[2]/C
  -------------------------------------------------------------------    -------------------
    SLICE_X63Y53         FDRE (Prop_fdre_C_Q)         0.379     5.198 r  u_pl/u_ang/angle_reg[2]/Q
                         net (fo=121, routed)         1.584     6.782    u_pl/u_ang/angle_reg[2]_1
    SLICE_X40Y60         LUT2 (Prop_lut2_I0_O)        0.105     6.887 r  u_pl/u_ang/g0_b0_i_382/O
                         net (fo=1, routed)           0.000     6.887    u_pl/u_ang/g0_b0_i_382_n_0
    SLICE_X40Y60         CARRY4 (Prop_carry4_S[1]_CO[3])
                                                      0.457     7.344 r  u_pl/u_ang/g0_b0_i_358/CO[3]
                         net (fo=1, routed)           0.000     7.344    u_pl/u_ang/g0_b0_i_358_n_0
    SLICE_X40Y61         CARRY4 (Prop_carry4_CI_CO[3])
                                                      0.098     7.442 r  u_pl/u_ang/g0_b0_i_315/CO[3]
                         net (fo=1, routed)           0.000     7.442    u_pl/u_ang/g0_b0_i_315_n_0
    SLICE_X40Y62         CARRY4 (Prop_carry4_CI_O[0])
                                                      0.180     7.622 r  u_pl/u_ang/g0_b0_i_245/O[0]
                         net (fo=14, routed)          0.739     8.361    u_pl/u_ang/g0_b0_i_245_n_7
    SLICE_X41Y60         LUT4 (Prop_lut4_I1_O)        0.249     8.610 r  u_pl/u_ang/g0_b0_i_368/O
                         net (fo=1, routed)           0.000     8.610    u_pl/u_ang/g0_b0_i_368_n_0
    SLICE_X41Y60         CARRY4 (Prop_carry4_S[1]_CO[3])
                                                      0.457     9.067 r  u_pl/u_ang/g0_b0_i_316/CO[3]
                         net (fo=1, routed)           0.000     9.067    u_pl/u_ang/g0_b0_i_316_n_0
    SLICE_X41Y61         CARRY4 (Prop_carry4_CI_CO[2])
                                                      0.190     9.257 f  u_pl/u_ang/g0_b0_i_246/CO[2]
                         net (fo=2, routed)           0.356     9.612    u_pl/u_ang/g0_b0_i_246_n_1
    SLICE_X38Y62         LUT5 (Prop_lut5_I3_O)        0.261     9.873 r  u_pl/u_ang/g0_b0_i_287/O
                         net (fo=2, routed)           0.678    10.551    u_pl/u_ang/g0_b0_i_287_n_0
    SLICE_X41Y62         LUT6 (Prop_lut6_I3_O)        0.264    10.815 f  u_pl/u_ang/g0_b0_i_211/O
                         net (fo=1, routed)           0.513    11.328    u_pl/u_ang/g0_b0_i_211_n_0
    SLICE_X40Y63         LUT6 (Prop_lut6_I5_O)        0.105    11.433 f  u_pl/u_ang/g0_b0_i_111/O
                         net (fo=4, routed)           0.783    12.216    u_pl/u_lm_x/g0_b0_i_11_1
    SLICE_X42Y65         LUT6 (Prop_lut6_I1_O)        0.105    12.321 r  u_pl/u_lm_x/g0_b0_i_37/O
                         net (fo=1, routed)           0.674    12.996    u_pl/u_lm_x/g0_b0_i_37_n_0
    SLICE_X42Y65         LUT6 (Prop_lut6_I1_O)        0.105    13.101 r  u_pl/u_lm_x/g0_b0_i_11/O
                         net (fo=18, routed)          0.981    14.082    u_pl/u_lm_x/g0_b0_i_11_n_0
    SLICE_X51Y63         LUT6 (Prop_lut6_I2_O)        0.105    14.187 r  u_pl/u_lm_x/g0_b0_i_2/O
                         net (fo=28, routed)          0.966    15.153    u_pl/u_lm_x/g0_b0_i_2_n_0
    SLICE_X54Y62         LUT5 (Prop_lut5_I1_O)        0.115    15.268 f  u_pl/u_lm_x/g0_b1__0/O
                         net (fo=1, routed)           0.473    15.741    u_pl/u_lm_x/g0_b1__0_n_0
    SLICE_X57Y62         LUT4 (Prop_lut4_I1_O)        0.264    16.005 f  u_pl/u_lm_x/r[7]_i_86/O
                         net (fo=1, routed)           0.670    16.675    u_pl/u_lm_x/r[7]_i_86_n_0
    SLICE_X55Y62         LUT5 (Prop_lut5_I0_O)        0.115    16.790 f  u_pl/u_lm_x/r[7]_i_65/O
                         net (fo=1, routed)           0.238    17.029    u_pl/u_lm_x/r[7]_i_65_n_0
    SLICE_X55Y60         LUT6 (Prop_lut6_I1_O)        0.267    17.296 f  u_pl/u_lm_x/r[7]_i_27/O
                         net (fo=1, routed)           0.205    17.501    u_pl/u_lm_x/r[7]_i_27_n_0
    SLICE_X55Y60         LUT6 (Prop_lut6_I0_O)        0.105    17.606 f  u_pl/u_lm_x/r[7]_i_6__0/O
                         net (fo=19, routed)          1.268    18.873    u_pl/u_lm_x/r[7]_i_6__0_n_0
    SLICE_X68Y42         LUT6 (Prop_lut6_I5_O)        0.105    18.978 r  u_pl/u_lm_x/b[6]_i_1__0/O
                         net (fo=1, routed)           0.000    18.978    u_pl/u_osd/b_reg[7]_0[4]
    SLICE_X68Y42         FDCE                                         r  u_pl/u_osd/b_reg[6]/D
  -------------------------------------------------------------------    -------------------

                         (clock clkout0_1 rise edge)
                                                     20.000    20.000 r  
    W17                                               0.000    20.000 r  sys_clk (IN)
                         net (fo=0)                   0.000    20.000    sys_clk
    W17                  IBUF (Prop_ibuf_I_O)         1.349    21.349 r  sys_clk_IBUF_inst/O
                         net (fo=1, routed)           1.701    23.050    sys_clk_IBUF
    BUFGCTRL_X0Y4        BUFG (Prop_bufg_I_O)         0.077    23.127 r  sys_clk_IBUF_BUFG_inst/O
                         net (fo=155, routed)         1.384    24.511    u_pl/u_clk/sys_clk_IBUF_BUFG
    MMCME2_ADV_X1Y0      MMCME2_ADV (Prop_mmcme2_adv_CLKIN1_CLKOUT0)
                                                     -2.915    21.596 r  u_pl/u_clk/u_mmcm/CLKOUT0
                         net (fo=1, routed)           1.454    23.050    u_pl/u_clk/clkout0
    BUFGCTRL_X0Y1        BUFG (Prop_bufg_I_O)         0.077    23.127 r  u_pl/u_clk/u_bufg_pix/O
                         net (fo=1303, routed)        1.306    24.433    u_pl/u_osd/clk_pix
    SLICE_X68Y42         FDCE                                         r  u_pl/u_osd/b_reg[6]/C
                         clock pessimism              0.246    24.679    
                         clock uncertainty           -0.259    24.420    
    SLICE_X68Y42         FDCE (Setup_fdce_C_D)        0.032    24.452    u_pl/u_osd/b_reg[6]
  -------------------------------------------------------------------
                         required time                         24.452    
                         arrival time                         -18.978    
  -------------------------------------------------------------------
                         slack                                  5.473    





Min Delay Paths
--------------------------------------------------------------------------------------
Slack (MET) :             0.243ns  (arrival time - required time)
  Source:                 u_pl/u_ang/angle_reg[8]/C
                            (rising edge-triggered cell FDRE clocked by sys_clk  {rise@0.000ns fall@10.000ns period=20.000ns})
  Destination:            u_pl/u_zmap/rot_s0_reg/D
                            (rising edge-triggered cell FDRE clocked by clkout0_1  {rise@0.000ns fall@10.000ns period=20.000ns})
  Path Group:             clkout0_1
  Path Type:              Hold (Min at Fast Process Corner)
  Requirement:            0.000ns  (clkout0_1 rise@0.000ns - sys_clk rise@0.000ns)
  Data Path Delay:        0.779ns  (logic 0.186ns (23.889%)  route 0.593ns (76.111%))
  Logic Levels:           1  (LUT4=1)
  Clock Path Skew:        0.273ns (DCD - SCD - CPR)
    Destination Clock Delay (DCD):    2.055ns
    Source Clock Delay      (SCD):    1.534ns
    Clock Pessimism Removal (CPR):    0.248ns
  Clock Uncertainty:      0.259ns  ((TSJ^2 + DJ^2)^1/2) / 2 + PE
    Total System Jitter     (TSJ):    0.071ns
    Discrete Jitter          (DJ):    0.175ns
    Phase Error              (PE):    0.165ns

    Location             Delay type                Incr(ns)  Path(ns)    Netlist Resource(s)
  -------------------------------------------------------------------    -------------------
                         (clock sys_clk rise edge)    0.000     0.000 r  
    W17                                               0.000     0.000 r  sys_clk (IN)
                         net (fo=0)                   0.000     0.000    sys_clk
    W17                  IBUF (Prop_ibuf_I_O)         0.252     0.252 r  sys_clk_IBUF_inst/O
                         net (fo=1, routed)           0.674     0.926    sys_clk_IBUF
    BUFGCTRL_X0Y4        BUFG (Prop_bufg_I_O)         0.026     0.952 r  sys_clk_IBUF_BUFG_inst/O
                         net (fo=155, routed)         0.582     1.534    u_pl/u_ang/sys_clk_IBUF_BUFG
    SLICE_X64Y52         FDRE                                         r  u_pl/u_ang/angle_reg[8]/C
  -------------------------------------------------------------------    -------------------
    SLICE_X64Y52         FDRE (Prop_fdre_C_Q)         0.141     1.675 r  u_pl/u_ang/angle_reg[8]/Q
                         net (fo=41, routed)          0.247     1.922    u_pl/u_ang/angle_reg[8]_0
    SLICE_X64Y51         LUT4 (Prop_lut4_I0_O)        0.045     1.967 r  u_pl/u_ang/rot_s0_i_1/O
                         net (fo=1, routed)           0.346     2.312    u_pl/u_zmap/rotate_en
    SLICE_X80Y50         FDRE                                         r  u_pl/u_zmap/rot_s0_reg/D
  -------------------------------------------------------------------    -------------------

                         (clock clkout0_1 rise edge)
                                                      0.000     0.000 r  
    W17                                               0.000     0.000 r  sys_clk (IN)
                         net (fo=0)                   0.000     0.000    sys_clk
    W17                  IBUF (Prop_ibuf_I_O)         0.440     0.440 r  sys_clk_IBUF_inst/O
                         net (fo=1, routed)           0.731     1.171    sys_clk_IBUF
    BUFGCTRL_X0Y4        BUFG (Prop_bufg_I_O)         0.029     1.200 r  sys_clk_IBUF_BUFG_inst/O
                         net (fo=155, routed)         0.862     2.062    u_pl/u_clk/sys_clk_IBUF_BUFG
    MMCME2_ADV_X1Y0      MMCME2_ADV (Prop_mmcme2_adv_CLKIN1_CLKOUT0)
                                                     -1.467     0.595 r  u_pl/u_clk/u_mmcm/CLKOUT0
                         net (fo=1, routed)           0.576     1.171    u_pl/u_clk/clkout0
    BUFGCTRL_X0Y1        BUFG (Prop_bufg_I_O)         0.029     1.200 r  u_pl/u_clk/u_bufg_pix/O
                         net (fo=1303, routed)        0.855     2.055    u_pl/u_zmap/clk_pix
    SLICE_X80Y50         FDRE                                         r  u_pl/u_zmap/rot_s0_reg/C
                         clock pessimism             -0.248     1.807    
                         clock uncertainty            0.259     2.066    
    SLICE_X80Y50         FDRE (Hold_fdre_C_D)         0.003     2.069    u_pl/u_zmap/rot_s0_reg
  -------------------------------------------------------------------
                         required time                         -2.069    
                         arrival time                           2.312    
  -------------------------------------------------------------------
                         slack                                  0.243    





