Copyright 1986-2022 Xilinx, Inc. All Rights Reserved. Copyright 2022-2026 Advanced Micro Devices, Inc. All Rights Reserved.
---------------------------------------------------------------------------------------------------------------------------------------------
| Tool Version : Vivado v.2025.2.1 (win64) Build 6403652 Thu Mar 19 19:48:24 GMT 2026
| Date         : Mon Sep 21 23:28:36 2026
| Host         : Uie-laptop running 64-bit major release  (build 9200)
| Command      : report_clock_utilization -file D:/Xilinx/Prj/pro/Video_Processing/build/clock_util.rpt
| Design       : system_top
| Device       : 7z020-clg484
| Speed File   : -2  PRODUCTION 1.12 2019-11-22
| Design State : Routed
---------------------------------------------------------------------------------------------------------------------------------------------

Clock Utilization Report

Table of Contents
-----------------
1. Clock Primitive Utilization
2. Global Clock Resources
3. Global Clock Source Details
4. Clock Regions: Key Resource Utilization
5. Clock Regions : Global Clock Summary
6. Device Cell Placement Summary for Global Clock g0
7. Device Cell Placement Summary for Global Clock g1
8. Device Cell Placement Summary for Global Clock g2
9. Device Cell Placement Summary for Global Clock g3
10. Device Cell Placement Summary for Global Clock g4
11. Device Cell Placement Summary for Global Clock g5
12. Device Cell Placement Summary for Global Clock g6
13. Device Cell Placement Summary for Global Clock g7
14. Clock Region Cell Placement per Global Clock: Region X0Y0
15. Clock Region Cell Placement per Global Clock: Region X1Y0
16. Clock Region Cell Placement per Global Clock: Region X0Y1
17. Clock Region Cell Placement per Global Clock: Region X1Y1
18. Clock Region Cell Placement per Global Clock: Region X0Y2
19. Clock Region Cell Placement per Global Clock: Region X1Y2

1. Clock Primitive Utilization
------------------------------

+----------+------+-----------+-----+--------------+--------+
| Type     | Used | Available | LOC | Clock Region | Pblock |
+----------+------+-----------+-----+--------------+--------+
| BUFGCTRL |    8 |        32 |   0 |            0 |      0 |
| BUFH     |    0 |        72 |   0 |            0 |      0 |
| BUFIO    |    1 |        16 |   1 |            0 |      0 |
| BUFMR    |    0 |         8 |   0 |            0 |      0 |
| BUFR     |    0 |        16 |   0 |            0 |      0 |
| MMCM     |    2 |         4 |   0 |            0 |      0 |
| PLL      |    0 |         4 |   0 |            0 |      0 |
+----------+------+-----------+-----+--------------+--------+


2. Global Clock Resources
-------------------------

+-----------+-----------+-----------------+------------+----------------+--------------+-------------------+-------------+-----------------+--------------+------------+-------------------------------------------------------------------------------+-----------------------------------------------------+
| Global Id | Source Id | Driver Type/Pin | Constraint | Site           | Clock Region | Load Clock Region | Clock Loads | Non-Clock Loads | Clock Period | Clock      | Driver Pin                                                                    | Net                                                 |
+-----------+-----------+-----------------+------------+----------------+--------------+-------------------+-------------+-----------------+--------------+------------+-------------------------------------------------------------------------------+-----------------------------------------------------+
| g0        | src0      | BUFG/O          | None       | BUFGCTRL_X0Y16 | n/a          |                 6 |        7139 |               0 |       10.000 | clk_fpga_0 | u_bd/design_1_i/processing_system7_0/inst/buffer_fclk_clk_0.FCLK_CLK_0_BUFG/O | u_bd/design_1_i/processing_system7_0/inst/FCLK_CLK0 |
| g1        | src1      | BUFG/O          | None       | BUFGCTRL_X0Y0  | n/a          |                 4 |        1825 |               1 |        8.000 | eth_rxc    | u_eth/u_rgmii/u_rgmii_rx/BUFG_inst/O                                          | u_eth/u_rgmii/u_rgmii_rx/BUFG_inst_0                |
| g2        | src2      | BUFG/O          | None       | BUFGCTRL_X0Y1  | n/a          |                 6 |        1171 |               0 |       20.000 | clkout0_1  | u_pl/u_clk/u_bufg_pix/O                                                       | u_pl/u_clk/clk_pix                                  |
| g3        | src3      | BUFG/O          | None       | BUFGCTRL_X0Y4  | n/a          |                 3 |         158 |               0 |       20.000 | sys_clk    | sys_clk_IBUF_BUFG_inst/O                                                      | sys_clk_IBUF_BUFG                                   |
| g4        | src4      | BUFG/O          | None       | BUFGCTRL_X0Y2  | n/a          |                 1 |           8 |               0 |        4.000 | clkout1_1  | u_pl/u_clk/u_bufg_5x/O                                                        | u_pl/u_clk/clk_pix5x                                |
| g5        | src5      | BUFG/O          | None       | BUFGCTRL_X0Y3  | n/a          |                 1 |           1 |               0 |        5.000 | clkout2    | u_idelay_clkgen/u_bufg_200/O                                                  | u_idelay_clkgen/clk_200m                            |
| g6        | src6      | BUFG/O          | None       | BUFGCTRL_X0Y5  | n/a          |                 1 |           1 |               0 |       20.000 | clkfbout   | u_idelay_clkgen/u_bufg_fb/O                                                   | u_idelay_clkgen/clkfbout_buf                        |
| g7        | src7      | BUFG/O          | None       | BUFGCTRL_X0Y6  | n/a          |                 1 |           1 |               0 |       20.000 | clkfbout_1 | u_pl/u_clk/u_bufg_fb/O                                                        | u_pl/u_clk/clkfbout_buf                             |
+-----------+-----------+-----------------+------------+----------------+--------------+-------------------+-------------+-----------------+--------------+------------+-------------------------------------------------------------------------------+-----------------------------------------------------+
* Clock Loads column represents cell count of net connects that connect to a clock pin. Internal cell leaf pins are not considered
** Non-Clock Loads column represents cell count of non-clock pin loads


3. Global Clock Source Details
------------------------------

+-----------+-----------+---------------------+------------+-----------------+--------------+-------------+-----------------+---------------------+--------------+------------------------------------------------------------+------------------------------------------------------------------+
| Source Id | Global Id | Driver Type/Pin     | Constraint | Site            | Clock Region | Clock Loads | Non-Clock Loads | Source Clock Period | Source Clock | Driver Pin                                                 | Net                                                              |
+-----------+-----------+---------------------+------------+-----------------+--------------+-------------+-----------------+---------------------+--------------+------------------------------------------------------------+------------------------------------------------------------------+
| src0      | g0        | PS7/FCLKCLK[0]      | PS7_X0Y0   | PS7_X0Y0        | X0Y2         |           1 |               0 |              10.000 | clk_fpga_0   | u_bd/design_1_i/processing_system7_0/inst/PS7_i/FCLKCLK[0] | u_bd/design_1_i/processing_system7_0/inst/FCLK_CLK_unbuffered[0] |
| src1      | g1        | IBUF/O              | IOB_X1Y28  | IOB_X1Y28       | X1Y0         |           2 |               0 |               8.000 | eth_rxc      | eth_rxc_IBUF_inst/O                                        | eth_rxc_IBUF                                                     |
| src2      | g2        | MMCME2_ADV/CLKOUT0  | None       | MMCME2_ADV_X1Y0 | X1Y0         |           1 |               0 |              20.000 | clkout0_1    | u_pl/u_clk/u_mmcm/CLKOUT0                                  | u_pl/u_clk/clkout0                                               |
| src3      | g3        | IBUF/O              | IOB_X1Y24  | IOB_X1Y24       | X1Y0         |           1 |               0 |              20.000 | sys_clk      | sys_clk_IBUF_inst/O                                        | sys_clk_IBUF                                                     |
| src4      | g4        | MMCME2_ADV/CLKOUT1  | None       | MMCME2_ADV_X1Y0 | X1Y0         |           1 |               0 |               4.000 | clkout1_1    | u_pl/u_clk/u_mmcm/CLKOUT1                                  | u_pl/u_clk/clkout1                                               |
| src5      | g5        | MMCME2_ADV/CLKOUT2  | None       | MMCME2_ADV_X0Y0 | X0Y0         |           1 |               0 |               5.000 | clkout2      | u_idelay_clkgen/u_mmcm/CLKOUT2                             | u_idelay_clkgen/clkout2                                          |
| src6      | g6        | MMCME2_ADV/CLKFBOUT | None       | MMCME2_ADV_X0Y0 | X0Y0         |           1 |               0 |              20.000 | clkfbout     | u_idelay_clkgen/u_mmcm/CLKFBOUT                            | u_idelay_clkgen/clkfbout                                         |
| src7      | g7        | MMCME2_ADV/CLKFBOUT | None       | MMCME2_ADV_X1Y0 | X1Y0         |           1 |               0 |              20.000 | clkfbout_1   | u_pl/u_clk/u_mmcm/CLKFBOUT                                 | u_pl/u_clk/clkfbout                                              |
+-----------+-----------+---------------------+------------+-----------------+--------------+-------------+-----------------+---------------------+--------------+------------------------------------------------------------+------------------------------------------------------------------+
* Clock Loads column represents cell count of net connects that connect to a clock pin. Internal cell leaf pins are not considered
** Non-Clock Loads column represents cell count of non-clock pin loads


4. Clock Regions: Key Resource Utilization
------------------------------------------

+-------------------+--------------+--------------+--------------+--------------+--------------+--------------+--------------+--------------+--------------+--------------+--------------+--------------+--------------+--------------+--------------+
|                   | Global Clock |     BUFRs    |    BUFMRs    |    BUFIOs    |     MMCM     |      PLL     |      GT      |      PCI     |    ILOGIC    |    OLOGIC    |      FF      |     LUTM     |    RAMB18    |    RAMB36    |    DSP48E2   |
+-------------------+------+-------+------+-------+------+-------+------+-------+------+-------+------+-------+------+-------+------+-------+------+-------+------+-------+------+-------+------+-------+------+-------+------+-------+------+-------+
| Clock Region Name | Used | Avail | Used | Avail | Used | Avail | Used | Avail | Used | Avail | Used | Avail | Used | Avail | Used | Avail | Used | Avail | Used | Avail | Used | Avail | Used | Avail | Used | Avail | Used | Avail | Used | Avail |
+-------------------+------+-------+------+-------+------+-------+------+-------+------+-------+------+-------+------+-------+------+-------+------+-------+------+-------+------+-------+------+-------+------+-------+------+-------+------+-------+
| X0Y0              |    5 |    12 |    0 |     4 |    0 |     2 |    0 |     4 |    1 |     1 |    0 |     1 |    0 |     0 |    0 |     0 |    0 |    50 |    0 |    50 | 3292 |  2500 |  952 |  1000 |    0 |    60 |   30 |    30 |    0 |    60 |
| X1Y0              |    8 |    12 |    0 |     4 |    0 |     2 |    1 |     4 |    1 |     1 |    0 |     1 |    0 |     0 |    0 |     0 |    5 |    50 |   13 |    50 | 4376 |  3200 | 1066 |   850 |    1 |    60 |   28 |    30 |   10 |    40 |
| X0Y1              |    3 |    12 |    0 |     0 |    0 |     0 |    0 |     0 |    0 |     0 |    0 |     0 |    0 |     0 |    0 |     0 |    0 |     0 |    0 |     0 |  971 |  1200 |  347 |   400 |    0 |    20 |   10 |    10 |    0 |    20 |
| X1Y1              |    4 |    12 |    0 |     4 |    0 |     2 |    0 |     4 |    0 |     1 |    0 |     1 |    0 |     0 |    0 |     0 |    0 |    50 |    0 |    50 |  910 |  2600 |  379 |   850 |    0 |    60 |   30 |    30 |    0 |    40 |
| X0Y2              |    2 |    12 |    0 |     0 |    0 |     0 |    0 |     0 |    0 |     0 |    0 |     0 |    0 |     0 |    0 |     0 |    0 |     0 |    0 |     0 |   44 |  1200 |   22 |   400 |    0 |    20 |   10 |    10 |    0 |    20 |
| X1Y2              |    2 |    12 |    0 |     4 |    0 |     2 |    0 |     4 |    0 |     1 |    0 |     1 |    0 |     0 |    0 |     0 |    0 |    50 |    0 |    50 |    0 |  2600 |    0 |   850 |    0 |    60 |   29 |    30 |    0 |    40 |
+-------------------+------+-------+------+-------+------+-------+------+-------+------+-------+------+-------+------+-------+------+-------+------+-------+------+-------+------+-------+------+-------+------+-------+------+-------+------+-------+
* Global Clock column represents track count; while other columns represents cell counts


5. Clock Regions : Global Clock Summary
---------------------------------------

All Modules
+----+----+----+
|    | X0 | X1 |
+----+----+----+
| Y2 |  0 |  0 |
| Y1 |  0 |  0 |
| Y0 |  0 |  0 |
+----+----+----+


6. Device Cell Placement Summary for Global Clock g0
----------------------------------------------------

+-----------+-----------------+-------------------+------------+-------------+---------------+-------------+----------+----------------+----------+-----------------------------------------------------+
| Global Id | Driver Type/Pin | Driver Region (D) | Clock      | Period (ns) | Waveform (ns) | Slice Loads | IO Loads | Clocking Loads | GT Loads | Net                                                 |
+-----------+-----------------+-------------------+------------+-------------+---------------+-------------+----------+----------------+----------+-----------------------------------------------------+
| g0        | BUFG/O          | n/a               | clk_fpga_0 |      10.000 | {0.000 5.000} |        6907 |        0 |              0 |        0 | u_bd/design_1_i/processing_system7_0/inst/FCLK_CLK0 |
+-----------+-----------------+-------------------+------------+-------------+---------------+-------------+----------+----------------+----------+-----------------------------------------------------+
* Slice Loads column represents load cell count of all cell types other than IO, GT and clock resources
** IO Loads column represents load cell count of IO types
*** Clocking Loads column represents load cell count that are clock resources (global clock buffer, MMCM, PLL, etc)
**** GT Loads column represents load cell count of GT types


+----+-------+-------+-----------------------+
|    | X0    | X1    | HORIZONTAL PROG DELAY |
+----+-------+-------+-----------------------+
| Y2 |    63 |    29 |                     0 |
| Y1 |   985 |    84 |                     0 |
| Y0 |  2811 |  2935 |                     0 |
+----+-------+-------+-----------------------+


7. Device Cell Placement Summary for Global Clock g1
----------------------------------------------------

+-----------+-----------------+-------------------+---------+-------------+---------------+-------------+----------+----------------+----------+--------------------------------------+
| Global Id | Driver Type/Pin | Driver Region (D) | Clock   | Period (ns) | Waveform (ns) | Slice Loads | IO Loads | Clocking Loads | GT Loads | Net                                  |
+-----------+-----------------+-------------------+---------+-------------+---------------+-------------+----------+----------------+----------+--------------------------------------+
| g1        | BUFG/O          | n/a               | eth_rxc |       8.000 | {0.000 4.000} |        1825 |        1 |              0 |        0 | u_eth/u_rgmii/u_rgmii_rx/BUFG_inst_0 |
+-----------+-----------------+-------------------+---------+-------------+---------------+-------------+----------+----------------+----------+--------------------------------------+
* Slice Loads column represents load cell count of all cell types other than IO, GT and clock resources
** IO Loads column represents load cell count of IO types
*** Clocking Loads column represents load cell count that are clock resources (global clock buffer, MMCM, PLL, etc)
**** GT Loads column represents load cell count of GT types


+----+------+------+-----------------------+
|    | X0   | X1   | HORIZONTAL PROG DELAY |
+----+------+------+-----------------------+
| Y2 |    0 |    0 |                     - |
| Y1 |   34 |  845 |                     0 |
| Y0 |  509 |  438 |                     0 |
+----+------+------+-----------------------+


8. Device Cell Placement Summary for Global Clock g2
----------------------------------------------------

+-----------+-----------------+-------------------+-----------+-------------+----------------+-------------+----------+----------------+----------+--------------------+
| Global Id | Driver Type/Pin | Driver Region (D) | Clock     | Period (ns) | Waveform (ns)  | Slice Loads | IO Loads | Clocking Loads | GT Loads | Net                |
+-----------+-----------------+-------------------+-----------+-------------+----------------+-------------+----------+----------------+----------+--------------------+
| g2        | BUFG/O          | n/a               | clkout0_1 |      20.000 | {0.000 10.000} |        1115 |        8 |              0 |        0 | u_pl/u_clk/clk_pix |
+-----------+-----------------+-------------------+-----------+-------------+----------------+-------------+----------+----------------+----------+--------------------+
* Slice Loads column represents load cell count of all cell types other than IO, GT and clock resources
** IO Loads column represents load cell count of IO types
*** Clocking Loads column represents load cell count that are clock resources (global clock buffer, MMCM, PLL, etc)
**** GT Loads column represents load cell count of GT types


+----+-----+------+-----------------------+
|    | X0  | X1   | HORIZONTAL PROG DELAY |
+----+-----+------+-----------------------+
| Y2 |  10 |   29 |                     0 |
| Y1 |  27 |   32 |                     0 |
| Y0 |  32 |  993 |                     0 |
+----+-----+------+-----------------------+


9. Device Cell Placement Summary for Global Clock g3
----------------------------------------------------

+-----------+-----------------+-------------------+---------+-------------+----------------+-------------+----------+----------------+----------+-------------------+
| Global Id | Driver Type/Pin | Driver Region (D) | Clock   | Period (ns) | Waveform (ns)  | Slice Loads | IO Loads | Clocking Loads | GT Loads | Net               |
+-----------+-----------------+-------------------+---------+-------------+----------------+-------------+----------+----------------+----------+-------------------+
| g3        | BUFG/O          | n/a               | sys_clk |      20.000 | {0.000 10.000} |         156 |        0 |              2 |        0 | sys_clk_IBUF_BUFG |
+-----------+-----------------+-------------------+---------+-------------+----------------+-------------+----------+----------------+----------+-------------------+
* Slice Loads column represents load cell count of all cell types other than IO, GT and clock resources
** IO Loads column represents load cell count of IO types
*** Clocking Loads column represents load cell count that are clock resources (global clock buffer, MMCM, PLL, etc)
**** GT Loads column represents load cell count of GT types


+----+----+------+-----------------------+
|    | X0 | X1   | HORIZONTAL PROG DELAY |
+----+----+------+-----------------------+
| Y2 |  0 |    0 |                     - |
| Y1 |  0 |    9 |                     0 |
| Y0 |  1 |  148 |                     0 |
+----+----+------+-----------------------+


10. Device Cell Placement Summary for Global Clock g4
-----------------------------------------------------

+-----------+-----------------+-------------------+-----------+-------------+---------------+-------------+----------+----------------+----------+----------------------+
| Global Id | Driver Type/Pin | Driver Region (D) | Clock     | Period (ns) | Waveform (ns) | Slice Loads | IO Loads | Clocking Loads | GT Loads | Net                  |
+-----------+-----------------+-------------------+-----------+-------------+---------------+-------------+----------+----------------+----------+----------------------+
| g4        | BUFG/O          | n/a               | clkout1_1 |       4.000 | {0.000 2.000} |           0 |        8 |              0 |        0 | u_pl/u_clk/clk_pix5x |
+-----------+-----------------+-------------------+-----------+-------------+---------------+-------------+----------+----------------+----------+----------------------+
* Slice Loads column represents load cell count of all cell types other than IO, GT and clock resources
** IO Loads column represents load cell count of IO types
*** Clocking Loads column represents load cell count that are clock resources (global clock buffer, MMCM, PLL, etc)
**** GT Loads column represents load cell count of GT types


+----+----+----+-----------------------+
|    | X0 | X1 | HORIZONTAL PROG DELAY |
+----+----+----+-----------------------+
| Y2 |  0 |  0 |                     - |
| Y1 |  0 |  0 |                     - |
| Y0 |  0 |  8 |                     0 |
+----+----+----+-----------------------+


11. Device Cell Placement Summary for Global Clock g5
-----------------------------------------------------

+-----------+-----------------+-------------------+---------+-------------+---------------+-------------+----------+----------------+----------+--------------------------+
| Global Id | Driver Type/Pin | Driver Region (D) | Clock   | Period (ns) | Waveform (ns) | Slice Loads | IO Loads | Clocking Loads | GT Loads | Net                      |
+-----------+-----------------+-------------------+---------+-------------+---------------+-------------+----------+----------------+----------+--------------------------+
| g5        | BUFG/O          | n/a               | clkout2 |       5.000 | {0.000 2.500} |           1 |        0 |              0 |        0 | u_idelay_clkgen/clk_200m |
+-----------+-----------------+-------------------+---------+-------------+---------------+-------------+----------+----------------+----------+--------------------------+
* Slice Loads column represents load cell count of all cell types other than IO, GT and clock resources
** IO Loads column represents load cell count of IO types
*** Clocking Loads column represents load cell count that are clock resources (global clock buffer, MMCM, PLL, etc)
**** GT Loads column represents load cell count of GT types


+----+----+----+-----------------------+
|    | X0 | X1 | HORIZONTAL PROG DELAY |
+----+----+----+-----------------------+
| Y2 |  0 |  0 |                     - |
| Y1 |  0 |  0 |                     - |
| Y0 |  0 |  1 |                     0 |
+----+----+----+-----------------------+


12. Device Cell Placement Summary for Global Clock g6
-----------------------------------------------------

+-----------+-----------------+-------------------+----------+-------------+----------------+-------------+----------+----------------+----------+------------------------------+
| Global Id | Driver Type/Pin | Driver Region (D) | Clock    | Period (ns) | Waveform (ns)  | Slice Loads | IO Loads | Clocking Loads | GT Loads | Net                          |
+-----------+-----------------+-------------------+----------+-------------+----------------+-------------+----------+----------------+----------+------------------------------+
| g6        | BUFG/O          | n/a               | clkfbout |      20.000 | {0.000 10.000} |           0 |        0 |              1 |        0 | u_idelay_clkgen/clkfbout_buf |
+-----------+-----------------+-------------------+----------+-------------+----------------+-------------+----------+----------------+----------+------------------------------+
* Slice Loads column represents load cell count of all cell types other than IO, GT and clock resources
** IO Loads column represents load cell count of IO types
*** Clocking Loads column represents load cell count that are clock resources (global clock buffer, MMCM, PLL, etc)
**** GT Loads column represents load cell count of GT types


+----+----+----+-----------------------+
|    | X0 | X1 | HORIZONTAL PROG DELAY |
+----+----+----+-----------------------+
| Y2 |  0 |  0 |                     - |
| Y1 |  0 |  0 |                     - |
| Y0 |  1 |  0 |                     0 |
+----+----+----+-----------------------+


13. Device Cell Placement Summary for Global Clock g7
-----------------------------------------------------

+-----------+-----------------+-------------------+------------+-------------+----------------+-------------+----------+----------------+----------+-------------------------+
| Global Id | Driver Type/Pin | Driver Region (D) | Clock      | Period (ns) | Waveform (ns)  | Slice Loads | IO Loads | Clocking Loads | GT Loads | Net                     |
+-----------+-----------------+-------------------+------------+-------------+----------------+-------------+----------+----------------+----------+-------------------------+
| g7        | BUFG/O          | n/a               | clkfbout_1 |      20.000 | {0.000 10.000} |           0 |        0 |              1 |        0 | u_pl/u_clk/clkfbout_buf |
+-----------+-----------------+-------------------+------------+-------------+----------------+-------------+----------+----------------+----------+-------------------------+
* Slice Loads column represents load cell count of all cell types other than IO, GT and clock resources
** IO Loads column represents load cell count of IO types
*** Clocking Loads column represents load cell count that are clock resources (global clock buffer, MMCM, PLL, etc)
**** GT Loads column represents load cell count of GT types


+----+----+----+-----------------------+
|    | X0 | X1 | HORIZONTAL PROG DELAY |
+----+----+----+-----------------------+
| Y2 |  0 |  0 |                     - |
| Y1 |  0 |  0 |                     - |
| Y0 |  0 |  1 |                     0 |
+----+----+----+-----------------------+


14. Clock Region Cell Placement per Global Clock: Region X0Y0
-------------------------------------------------------------

+-----------+-------+-----------------+------------+-------------+-----------------+------+-------------+------+-----+----+------+-----+---------+-----------------------------------------------------+
| Global Id | Track | Driver Type/Pin | Constraint | Clock Loads | Non-Clock Loads | FF   | Memory LUTs | RAMB | DSP | GT | MMCM | PLL | Hard IP | Net                                                 |
+-----------+-------+-----------------+------------+-------------+-----------------+------+-------------+------+-----+----+------+-----+---------+-----------------------------------------------------+
| g0        | n/a   | BUFG/O          | None       |        2811 |               0 | 2781 |           0 |   30 |   0 |  0 |    0 |   0 |       0 | u_bd/design_1_i/processing_system7_0/inst/FCLK_CLK0 |
| g1        | n/a   | BUFG/O          | None       |         509 |               0 |  507 |           0 |    2 |   0 |  0 |    0 |   0 |       0 | u_eth/u_rgmii/u_rgmii_rx/BUFG_inst_0                |
| g2        | n/a   | BUFG/O          | None       |          32 |               0 |    4 |           0 |   28 |   0 |  0 |    0 |   0 |       0 | u_pl/u_clk/clk_pix                                  |
| g3        | n/a   | BUFG/O          | None       |           1 |               0 |    0 |           0 |    0 |   0 |  0 |    1 |   0 |       0 | sys_clk_IBUF_BUFG                                   |
| g6        | n/a   | BUFG/O          | None       |           1 |               0 |    0 |           0 |    0 |   0 |  0 |    1 |   0 |       0 | u_idelay_clkgen/clkfbout_buf                        |
+-----------+-------+-----------------+------------+-------------+-----------------+------+-------------+------+-----+----+------+-----+---------+-----------------------------------------------------+
* Clock Loads column represents cell count of net connects that connect to a clock pin. Internal cell leaf pins are not considered
** Non-Clock Loads column represents cell count of non-clock pin loads
*** Columns FF, LUTRAM, RAMB through 'Hard IP' represents load cell counts


15. Clock Region Cell Placement per Global Clock: Region X1Y0
-------------------------------------------------------------

+-----------+-------+-----------------+------------+-------------+-----------------+------+-------------+------+-----+----+------+-----+---------+-----------------------------------------------------+
| Global Id | Track | Driver Type/Pin | Constraint | Clock Loads | Non-Clock Loads | FF   | Memory LUTs | RAMB | DSP | GT | MMCM | PLL | Hard IP | Net                                                 |
+-----------+-------+-----------------+------------+-------------+-----------------+------+-------------+------+-----+----+------+-----+---------+-----------------------------------------------------+
| g0        | n/a   | BUFG/O          | None       |        2935 |               0 | 2907 |           0 |   28 |   0 |  0 |    0 |   0 |       0 | u_bd/design_1_i/processing_system7_0/inst/FCLK_CLK0 |
| g1        | n/a   | BUFG/O          | None       |         437 |               1 |  431 |           0 |    0 |   0 |  0 |    0 |   0 |       0 | u_eth/u_rgmii/u_rgmii_rx/BUFG_inst_0                |
| g2        | n/a   | BUFG/O          | None       |         993 |               0 |  891 |          54 |   29 |  10 |  0 |    0 |   0 |       0 | u_pl/u_clk/clk_pix                                  |
| g3        | n/a   | BUFG/O          | None       |         148 |               0 |  147 |           0 |    0 |   0 |  0 |    1 |   0 |       0 | sys_clk_IBUF_BUFG                                   |
| g4        | n/a   | BUFG/O          | None       |           8 |               0 |    0 |           0 |    0 |   0 |  0 |    0 |   0 |       0 | u_pl/u_clk/clk_pix5x                                |
| g5        | n/a   | BUFG/O          | None       |           1 |               0 |    0 |           0 |    0 |   0 |  0 |    0 |   0 |       0 | u_idelay_clkgen/clk_200m                            |
| g7        | n/a   | BUFG/O          | None       |           1 |               0 |    0 |           0 |    0 |   0 |  0 |    1 |   0 |       0 | u_pl/u_clk/clkfbout_buf                             |
+-----------+-------+-----------------+------------+-------------+-----------------+------+-------------+------+-----+----+------+-----+---------+-----------------------------------------------------+
* Clock Loads column represents cell count of net connects that connect to a clock pin. Internal cell leaf pins are not considered
** Non-Clock Loads column represents cell count of non-clock pin loads
*** Columns FF, LUTRAM, RAMB through 'Hard IP' represents load cell counts


16. Clock Region Cell Placement per Global Clock: Region X0Y1
-------------------------------------------------------------

+-----------+-------+-----------------+------------+-------------+-----------------+-----+-------------+------+-----+----+------+-----+---------+-----------------------------------------------------+
| Global Id | Track | Driver Type/Pin | Constraint | Clock Loads | Non-Clock Loads | FF  | Memory LUTs | RAMB | DSP | GT | MMCM | PLL | Hard IP | Net                                                 |
+-----------+-------+-----------------+------------+-------------+-----------------+-----+-------------+------+-----+----+------+-----+---------+-----------------------------------------------------+
| g0        | n/a   | BUFG/O          | None       |         985 |               0 | 920 |          55 |   10 |   0 |  0 |    0 |   0 |       0 | u_bd/design_1_i/processing_system7_0/inst/FCLK_CLK0 |
| g1        | n/a   | BUFG/O          | None       |          34 |               0 |  30 |           0 |    4 |   0 |  0 |    0 |   0 |       0 | u_eth/u_rgmii/u_rgmii_rx/BUFG_inst_0                |
| g2        | n/a   | BUFG/O          | None       |          27 |               0 |  21 |           0 |    6 |   0 |  0 |    0 |   0 |       0 | u_pl/u_clk/clk_pix                                  |
+-----------+-------+-----------------+------------+-------------+-----------------+-----+-------------+------+-----+----+------+-----+---------+-----------------------------------------------------+
* Clock Loads column represents cell count of net connects that connect to a clock pin. Internal cell leaf pins are not considered
** Non-Clock Loads column represents cell count of non-clock pin loads
*** Columns FF, LUTRAM, RAMB through 'Hard IP' represents load cell counts


17. Clock Region Cell Placement per Global Clock: Region X1Y1
-------------------------------------------------------------

+-----------+-------+-----------------+------------+-------------+-----------------+-----+-------------+------+-----+----+------+-----+---------+-----------------------------------------------------+
| Global Id | Track | Driver Type/Pin | Constraint | Clock Loads | Non-Clock Loads | FF  | Memory LUTs | RAMB | DSP | GT | MMCM | PLL | Hard IP | Net                                                 |
+-----------+-------+-----------------+------------+-------------+-----------------+-----+-------------+------+-----+----+------+-----+---------+-----------------------------------------------------+
| g0        | n/a   | BUFG/O          | None       |          84 |               0 |  54 |           0 |   30 |   0 |  0 |    0 |   0 |       0 | u_bd/design_1_i/processing_system7_0/inst/FCLK_CLK0 |
| g1        | n/a   | BUFG/O          | None       |         845 |               0 | 842 |           0 |    3 |   0 |  0 |    0 |   0 |       0 | u_eth/u_rgmii/u_rgmii_rx/BUFG_inst_0                |
| g2        | n/a   | BUFG/O          | None       |          32 |               0 |   5 |           0 |   27 |   0 |  0 |    0 |   0 |       0 | u_pl/u_clk/clk_pix                                  |
| g3        | n/a   | BUFG/O          | None       |           9 |               0 |   9 |           0 |    0 |   0 |  0 |    0 |   0 |       0 | sys_clk_IBUF_BUFG                                   |
+-----------+-------+-----------------+------------+-------------+-----------------+-----+-------------+------+-----+----+------+-----+---------+-----------------------------------------------------+
* Clock Loads column represents cell count of net connects that connect to a clock pin. Internal cell leaf pins are not considered
** Non-Clock Loads column represents cell count of non-clock pin loads
*** Columns FF, LUTRAM, RAMB through 'Hard IP' represents load cell counts


18. Clock Region Cell Placement per Global Clock: Region X0Y2
-------------------------------------------------------------

+-----------+-------+-----------------+------------+-------------+-----------------+----+-------------+------+-----+----+------+-----+---------+-----------------------------------------------------+
| Global Id | Track | Driver Type/Pin | Constraint | Clock Loads | Non-Clock Loads | FF | Memory LUTs | RAMB | DSP | GT | MMCM | PLL | Hard IP | Net                                                 |
+-----------+-------+-----------------+------------+-------------+-----------------+----+-------------+------+-----+----+------+-----+---------+-----------------------------------------------------+
| g0        | n/a   | BUFG/O          | None       |          63 |               0 | 44 |           8 |   10 |   0 |  0 |    0 |   0 |       0 | u_bd/design_1_i/processing_system7_0/inst/FCLK_CLK0 |
| g2        | n/a   | BUFG/O          | None       |          10 |               0 |  0 |           0 |   10 |   0 |  0 |    0 |   0 |       0 | u_pl/u_clk/clk_pix                                  |
+-----------+-------+-----------------+------------+-------------+-----------------+----+-------------+------+-----+----+------+-----+---------+-----------------------------------------------------+
* Clock Loads column represents cell count of net connects that connect to a clock pin. Internal cell leaf pins are not considered
** Non-Clock Loads column represents cell count of non-clock pin loads
*** Columns FF, LUTRAM, RAMB through 'Hard IP' represents load cell counts


19. Clock Region Cell Placement per Global Clock: Region X1Y2
-------------------------------------------------------------

+-----------+-------+-----------------+------------+-------------+-----------------+----+-------------+------+-----+----+------+-----+---------+-----------------------------------------------------+
| Global Id | Track | Driver Type/Pin | Constraint | Clock Loads | Non-Clock Loads | FF | Memory LUTs | RAMB | DSP | GT | MMCM | PLL | Hard IP | Net                                                 |
+-----------+-------+-----------------+------------+-------------+-----------------+----+-------------+------+-----+----+------+-----+---------+-----------------------------------------------------+
| g0        | n/a   | BUFG/O          | None       |          29 |               0 |  0 |           0 |   29 |   0 |  0 |    0 |   0 |       0 | u_bd/design_1_i/processing_system7_0/inst/FCLK_CLK0 |
| g2        | n/a   | BUFG/O          | None       |          29 |               0 |  0 |           0 |   29 |   0 |  0 |    0 |   0 |       0 | u_pl/u_clk/clk_pix                                  |
+-----------+-------+-----------------+------------+-------------+-----------------+----+-------------+------+-----+----+------+-----+---------+-----------------------------------------------------+
* Clock Loads column represents cell count of net connects that connect to a clock pin. Internal cell leaf pins are not considered
** Non-Clock Loads column represents cell count of non-clock pin loads
*** Columns FF, LUTRAM, RAMB through 'Hard IP' represents load cell counts



# Location of BUFG Primitives 
set_property LOC BUFGCTRL_X0Y6 [get_cells u_pl/u_clk/u_bufg_fb]
set_property LOC BUFGCTRL_X0Y2 [get_cells u_pl/u_clk/u_bufg_5x]
set_property LOC BUFGCTRL_X0Y1 [get_cells u_pl/u_clk/u_bufg_pix]
set_property LOC BUFGCTRL_X0Y5 [get_cells u_idelay_clkgen/u_bufg_fb]
set_property LOC BUFGCTRL_X0Y3 [get_cells u_idelay_clkgen/u_bufg_200]
set_property LOC BUFGCTRL_X0Y0 [get_cells u_eth/u_rgmii/u_rgmii_rx/BUFG_inst]
set_property LOC BUFGCTRL_X0Y16 [get_cells u_bd/design_1_i/processing_system7_0/inst/buffer_fclk_clk_0.FCLK_CLK_0_BUFG]
set_property LOC BUFGCTRL_X0Y4 [get_cells sys_clk_IBUF_BUFG_inst]

# Location of BUFIO Primitives 
set_property LOC BUFIO_X1Y3 [get_cells u_eth/u_rgmii/u_rgmii_rx/BUFIO_inst]

# Location of IO Primitives which is load of clock spine
set_property LOC IOB_X1Y35 [get_cells eth_tx_clk_OBUF_inst]

# Location of clock ports
set_property LOC IOB_X1Y28 [get_ports eth_rxc]
set_property LOC IOB_X1Y24 [get_ports sys_clk]

# Clock net "u_pl/u_clk/clk_pix5x" driven by instance "u_pl/u_clk/u_bufg_5x" located at site "BUFGCTRL_X0Y2"
#startgroup
create_pblock {CLKAG_u_pl/u_clk/clk_pix5x}
add_cells_to_pblock [get_pblocks  {CLKAG_u_pl/u_clk/clk_pix5x}] [get_cells -filter { PRIMITIVE_GROUP != I/O && IS_PRIMITIVE==1 && PRIMITIVE_LEVEL !=INTERNAL } -of_object [get_pins -filter {DIRECTION==IN} -of_objects [get_nets -hierarchical -filter {PARENT=="u_pl/u_clk/clk_pix5x"}]]]
resize_pblock [get_pblocks {CLKAG_u_pl/u_clk/clk_pix5x}] -add {CLOCKREGION_X1Y0:CLOCKREGION_X1Y0}
#endgroup

# Clock net "u_pl/u_clk/clk_pix" driven by instance "u_pl/u_clk/u_bufg_pix" located at site "BUFGCTRL_X0Y1"
#startgroup
create_pblock {CLKAG_u_pl/u_clk/clk_pix}
add_cells_to_pblock [get_pblocks  {CLKAG_u_pl/u_clk/clk_pix}] [get_cells -filter { PRIMITIVE_GROUP != I/O && IS_PRIMITIVE==1 && PRIMITIVE_LEVEL !=INTERNAL } -of_object [get_pins -filter {DIRECTION==IN} -of_objects [get_nets -hierarchical -filter {PARENT=="u_pl/u_clk/clk_pix"}]]]
resize_pblock [get_pblocks {CLKAG_u_pl/u_clk/clk_pix}] -add {CLOCKREGION_X0Y0:CLOCKREGION_X0Y0 CLOCKREGION_X0Y1:CLOCKREGION_X0Y1 CLOCKREGION_X0Y2:CLOCKREGION_X0Y2 CLOCKREGION_X1Y0:CLOCKREGION_X1Y0 CLOCKREGION_X1Y1:CLOCKREGION_X1Y1 CLOCKREGION_X1Y2:CLOCKREGION_X1Y2}
#endgroup

# Clock net "u_idelay_clkgen/clk_200m" driven by instance "u_idelay_clkgen/u_bufg_200" located at site "BUFGCTRL_X0Y3"
#startgroup
create_pblock {CLKAG_u_idelay_clkgen/clk_200m}
add_cells_to_pblock [get_pblocks  {CLKAG_u_idelay_clkgen/clk_200m}] [get_cells -filter { PRIMITIVE_GROUP != I/O && IS_PRIMITIVE==1 && PRIMITIVE_LEVEL !=INTERNAL } -of_object [get_pins -filter {DIRECTION==IN} -of_objects [get_nets -hierarchical -filter {PARENT=="u_idelay_clkgen/clk_200m"}]]]
resize_pblock [get_pblocks {CLKAG_u_idelay_clkgen/clk_200m}] -add {CLOCKREGION_X1Y0:CLOCKREGION_X1Y0}
#endgroup

# Clock net "u_eth/u_rgmii/u_rgmii_rx/BUFG_inst_0" driven by instance "u_eth/u_rgmii/u_rgmii_rx/BUFG_inst" located at site "BUFGCTRL_X0Y0"
#startgroup
create_pblock {CLKAG_u_eth/u_rgmii/u_rgmii_rx/BUFG_inst_0}
add_cells_to_pblock [get_pblocks  {CLKAG_u_eth/u_rgmii/u_rgmii_rx/BUFG_inst_0}] [get_cells -filter { PRIMITIVE_GROUP != I/O && IS_PRIMITIVE==1 && PRIMITIVE_LEVEL !=INTERNAL && NAME!=eth_tx_clk_OBUF_inst} -of_object [get_pins -filter {DIRECTION==IN} -of_objects [get_nets -hierarchical -filter {PARENT=="u_eth/u_rgmii/u_rgmii_rx/BUFG_inst_0"}]]]
resize_pblock [get_pblocks {CLKAG_u_eth/u_rgmii/u_rgmii_rx/BUFG_inst_0}] -add {CLOCKREGION_X0Y0:CLOCKREGION_X0Y0 CLOCKREGION_X0Y1:CLOCKREGION_X0Y1 CLOCKREGION_X1Y0:CLOCKREGION_X1Y0 CLOCKREGION_X1Y1:CLOCKREGION_X1Y1}
#endgroup

# Clock net "u_bd/design_1_i/processing_system7_0/inst/FCLK_CLK0" driven by instance "u_bd/design_1_i/processing_system7_0/inst/buffer_fclk_clk_0.FCLK_CLK_0_BUFG" located at site "BUFGCTRL_X0Y16"
#startgroup
create_pblock {CLKAG_u_bd/design_1_i/processing_system7_0/inst/FCLK_CLK0}
add_cells_to_pblock [get_pblocks  {CLKAG_u_bd/design_1_i/processing_system7_0/inst/FCLK_CLK0}] [get_cells -filter { PRIMITIVE_GROUP != I/O && IS_PRIMITIVE==1 && PRIMITIVE_LEVEL !=INTERNAL } -of_object [get_pins -filter {DIRECTION==IN} -of_objects [get_nets -hierarchical -filter {PARENT=="u_bd/design_1_i/processing_system7_0/inst/FCLK_CLK0"}]]]
resize_pblock [get_pblocks {CLKAG_u_bd/design_1_i/processing_system7_0/inst/FCLK_CLK0}] -add {CLOCKREGION_X0Y0:CLOCKREGION_X0Y0 CLOCKREGION_X0Y1:CLOCKREGION_X0Y1 CLOCKREGION_X0Y2:CLOCKREGION_X0Y2 CLOCKREGION_X1Y0:CLOCKREGION_X1Y0 CLOCKREGION_X1Y1:CLOCKREGION_X1Y1 CLOCKREGION_X1Y2:CLOCKREGION_X1Y2}
#endgroup

# Clock net "sys_clk_IBUF_BUFG" driven by instance "sys_clk_IBUF_BUFG_inst" located at site "BUFGCTRL_X0Y4"
#startgroup
create_pblock {CLKAG_sys_clk_IBUF_BUFG}
add_cells_to_pblock [get_pblocks  {CLKAG_sys_clk_IBUF_BUFG}] [get_cells -filter { PRIMITIVE_GROUP != I/O && IS_PRIMITIVE==1 && PRIMITIVE_LEVEL !=INTERNAL && NAME!=u_pl/u_clk/u_mmcm && NAME!=u_idelay_clkgen/u_mmcm} -of_object [get_pins -filter {DIRECTION==IN} -of_objects [get_nets -hierarchical -filter {PARENT=="sys_clk_IBUF_BUFG"}]]]
resize_pblock [get_pblocks {CLKAG_sys_clk_IBUF_BUFG}] -add {CLOCKREGION_X1Y0:CLOCKREGION_X1Y0 CLOCKREGION_X1Y1:CLOCKREGION_X1Y1}
#endgroup
