Copyright 1986-2022 Xilinx, Inc. All Rights Reserved. Copyright 2022-2026 Advanced Micro Devices, Inc. All Rights Reserved.
-------------------------------------------------------------------------------------------------------------------------------------------------
| Tool Version     : Vivado v.2025.2.1 (win64) Build 6403652 Thu Mar 19 19:48:24 GMT 2026
| Date             : Mon Sep 28 03:03:26 2026
| Host             : Uie-laptop running 64-bit major release  (build 9200)
| Command          : report_power -file D:/Xilinx/Prj/pro/Video_Processing/build/power.rpt
| Design           : system_top
| Device           : xc7z020clg484-2
| Design State     : routed
| Grade            : commercial
| Process          : typical
| Characterization : Production
-------------------------------------------------------------------------------------------------------------------------------------------------

Power Report

Table of Contents
-----------------
1. Summary
1.1 On-Chip Components
1.2 Power Supply Summary
1.3 Confidence Level
2. Settings
2.1 Environment
2.2 Clock Constraints
3. Detailed Reports
3.1 By Hierarchy

1. Summary
----------

+--------------------------+--------------+
| Total On-Chip Power (W)  | 2.406        |
| Design Power Budget (W)  | Unspecified* |
| Power Budget Margin (W)  | NA           |
| Dynamic (W)              | 2.228        |
| Device Static (W)        | 0.179        |
| Effective TJA (C/W)      | 11.5         |
| Max Ambient (C)          | 57.2         |
| Junction Temperature (C) | 52.8         |
| Confidence Level         | Low          |
| Setting File             | ---          |
| Simulation Activity File | ---          |
| Design Nets Matched      | NA           |
+--------------------------+--------------+
* Specify Design Power Budget using, set_operating_conditions -design_power_budget <value in Watts>


1.1 On-Chip Components
----------------------

+--------------------------+-----------+----------+-----------+-----------------+
| On-Chip                  | Power (W) | Used     | Available | Utilization (%) |
+--------------------------+-----------+----------+-----------+-----------------+
| Clocks                   |     0.049 |       10 |       --- |             --- |
| Slice Logic              |     0.032 |    30374 |       --- |             --- |
|   LUT as Logic           |     0.026 |    12486 |     53200 |           23.47 |
|   LUT as Distributed RAM |     0.003 |     2412 |     17400 |           13.86 |
|   CARRY4                 |     0.001 |     1128 |     13300 |            8.48 |
|   Register               |    <0.001 |    10038 |    106400 |            9.43 |
|   F7/F8 Muxes            |    <0.001 |     1411 |     53200 |            2.65 |
|   LUT as Shift Register  |    <0.001 |      139 |     17400 |            0.80 |
|   Others                 |     0.000 |      347 |       --- |             --- |
| Signals                  |     0.052 |    21810 |       --- |             --- |
| Block RAM                |     0.183 |     97.5 |       140 |           69.64 |
| MMCM                     |     0.212 |        2 |         4 |           50.00 |
| DSPs                     |     0.008 |       19 |       220 |            8.64 |
| I/O                      |     0.158 |       27 |       200 |           13.50 |
| PS7                      |     1.533 |        1 |       --- |             --- |
| Static Power             |     0.179 |          |           |                 |
| Total                    |     2.406 |          |           |                 |
+--------------------------+-----------+----------+-----------+-----------------+


1.2 Power Supply Summary
------------------------

+-----------+-------------+-----------+-------------+------------+-------------+-------------+------------+
| Source    | Voltage (V) | Total (A) | Dynamic (A) | Static (A) | Powerup (A) | Budget (A)  | Margin (A) |
+-----------+-------------+-----------+-------------+------------+-------------+-------------+------------+
| Vccint    |       1.000 |     0.337 |       0.311 |      0.025 |       NA    | Unspecified | NA         |
| Vccaux    |       1.800 |     0.139 |       0.121 |      0.018 |       NA    | Unspecified | NA         |
| Vcco33    |       3.300 |     0.047 |       0.046 |      0.001 |       NA    | Unspecified | NA         |
| Vcco25    |       2.500 |     0.000 |       0.000 |      0.000 |       NA    | Unspecified | NA         |
| Vcco18    |       1.800 |     0.000 |       0.000 |      0.000 |       NA    | Unspecified | NA         |
| Vcco15    |       1.500 |     0.000 |       0.000 |      0.000 |       NA    | Unspecified | NA         |
| Vcco135   |       1.350 |     0.000 |       0.000 |      0.000 |       NA    | Unspecified | NA         |
| Vcco12    |       1.200 |     0.000 |       0.000 |      0.000 |       NA    | Unspecified | NA         |
| Vccaux_io |       1.800 |     0.000 |       0.000 |      0.000 |       NA    | Unspecified | NA         |
| Vccbram   |       1.000 |     0.025 |       0.016 |      0.010 |       NA    | Unspecified | NA         |
| MGTAVcc   |       1.000 |     0.000 |       0.000 |      0.000 |       NA    | Unspecified | NA         |
| MGTAVtt   |       1.200 |     0.000 |       0.000 |      0.000 |       NA    | Unspecified | NA         |
| MGTVccaux |       1.800 |     0.000 |       0.000 |      0.000 |       NA    | Unspecified | NA         |
| Vccpint   |       1.000 |     0.762 |       0.722 |      0.040 |       NA    | Unspecified | NA         |
| Vccpaux   |       1.800 |     0.061 |       0.051 |      0.010 |       NA    | Unspecified | NA         |
| Vccpll    |       1.800 |     0.017 |       0.014 |      0.003 |       NA    | Unspecified | NA         |
| Vcco_ddr  |       1.500 |     0.459 |       0.457 |      0.002 |       NA    | Unspecified | NA         |
| Vcco_mio0 |       3.300 |     0.003 |       0.002 |      0.001 |       NA    | Unspecified | NA         |
| Vcco_mio1 |       1.800 |     0.003 |       0.002 |      0.001 |       NA    | Unspecified | NA         |
| Vccadc    |       1.800 |     0.020 |       0.000 |      0.020 |       NA    | Unspecified | NA         |
+-----------+-------------+-----------+-------------+------------+-------------+-------------+------------+


1.3 Confidence Level
--------------------

+-----------------------------+------------+--------------------------------------------------------+------------------------------------------------------------------------------------------------------------+
| User Input Data             | Confidence | Details                                                | Action                                                                                                     |
+-----------------------------+------------+--------------------------------------------------------+------------------------------------------------------------------------------------------------------------+
| Design implementation state | High       | Design is routed                                       |                                                                                                            |
| Clock nodes activity        | High       | User specified more than 95% of clocks                 |                                                                                                            |
| I/O nodes activity          | Low        | More than 75% of inputs are missing user specification | Provide missing input activity with simulation results or by editing the "By Resource Type -> I/Os" view   |
| Internal nodes activity     | Medium     | User specified less than 25% of internal nodes         | Provide missing internal nodes activity with simulation results or by editing the "By Resource Type" views |
| Device models               | High       | Device models are Production                           |                                                                                                            |
|                             |            |                                                        |                                                                                                            |
| Overall confidence level    | Low        |                                                        |                                                                                                            |
+-----------------------------+------------+--------------------------------------------------------+------------------------------------------------------------------------------------------------------------+


2. Settings
-----------

2.1 Environment
---------------

+-----------------------+------------------------+
| Ambient Temp (C)      | 25.0                   |
| ThetaJA (C/W)         | 11.5                   |
| Airflow (LFM)         | 250                    |
| Heat Sink             | none                   |
| ThetaSA (C/W)         | 0.0                    |
| Board Selection       | medium (10"x10")       |
| # of Board Layers     | 8to11 (8 to 11 Layers) |
| Board Temperature (C) | 25.0                   |
+-----------------------+------------------------+


2.2 Clock Constraints
---------------------

+------------+------------------------------------------------------------------+-----------------+
| Clock      | Domain                                                           | Constraint (ns) |
+------------+------------------------------------------------------------------+-----------------+
| clk_fpga_0 | u_bd/design_1_i/processing_system7_0/inst/FCLK_CLK_unbuffered[0] |            10.0 |
| clkfbout   | u_idelay_clkgen/clkfbout                                         |            20.0 |
| clkfbout_1 | u_pl/u_clk/clkfbout                                              |            20.0 |
| clkout0_1  | u_pl/u_clk/clkout0                                               |            20.0 |
| clkout1_1  | u_pl/u_clk/clkout1                                               |             4.0 |
| clkout2    | u_idelay_clkgen/clkout2                                          |             5.0 |
| eth_rxc    | eth_rxc                                                          |             8.0 |
| sys_clk    | sys_clk                                                          |            20.0 |
+------------+------------------------------------------------------------------+-----------------+


3. Detailed Reports
-------------------

3.1 By Hierarchy
----------------

+----------------------------+-----------+
| Name                       | Power (W) |
+----------------------------+-----------+
| system_top                 |     2.228 |
|   u_bd                     |     1.544 |
|     design_1_i             |     1.543 |
|       axi_gp0_ic           |     0.005 |
|       axi_gpio_1           |     0.002 |
|       axi_gpio_2           |     0.001 |
|       processing_system7_0 |     1.534 |
|   u_eth                    |     0.056 |
|     u_arp                  |     0.004 |
|       u_arp_rx             |     0.002 |
|       u_arp_tx             |     0.001 |
|     u_cdc                  |     0.014 |
|     u_icmp                 |     0.006 |
|       u_icmp_rx            |     0.002 |
|       u_icmp_tx            |     0.004 |
|     u_icmp_fifo            |     0.001 |
|     u_lm                   |     0.004 |
|     u_reasm                |     0.004 |
|     u_rgmii                |     0.007 |
|       u_rgmii_rx           |     0.007 |
|     u_saver                |     0.011 |
|   u_idelay_clkgen          |     0.106 |
|   u_lm_axi                 |     0.002 |
|   u_pl                     |     0.499 |
|     u_ang                  |     0.003 |
|     u_aw                   |     0.002 |
|     u_bilin                |     0.177 |
|       u_fb                 |     0.165 |
|       u_lerp               |     0.005 |
|     u_clk                  |     0.107 |
|     u_dvi                  |     0.135 |
|       u_ser0               |     0.034 |
|       u_ser1               |     0.034 |
|       u_ser2               |     0.034 |
|       u_ser_clk            |     0.033 |
|     u_lat                  |     0.004 |
|     u_lat_x                |     0.002 |
|     u_osd                  |     0.008 |
|     u_pipe                 |     0.032 |
|       u_bin                |     0.001 |
|       u_blur               |     0.005 |
|       u_morph              |     0.013 |
|       u_sharp              |     0.004 |
|       u_sobel              |     0.004 |
|     u_raw                  |     0.005 |
|     u_row                  |     0.004 |
|     u_split_ctrl           |     0.002 |
|     u_zfit                 |     0.003 |
|     u_zmap                 |     0.006 |
+----------------------------+-----------+


