Copyright 1986-2022 Xilinx, Inc. All Rights Reserved. Copyright 2022-2026 Advanced Micro Devices, Inc. All Rights Reserved.
----------------------------------------------------------------------------------------------------------------------------------------------------------------------------------------------------------------------------------
| Tool Version : Vivado v.2025.2.1 (win64) Build 6403652 Thu Mar 19 19:48:24 GMT 2026
| Date         : Sat Oct  3 02:45:34 2026
| Host         : Uie-laptop running 64-bit major release  (build 9200)
| Command      : report_timing -delay_type max -nworst 1 -max_paths 4 -from [get_clocks -quiet clk_fpga_0] -to [get_clocks -quiet clk_fpga_0] -file D:/Xilinx/Prj/pro/Video_Processing/build/probe_clk_r110_before_clk_fpga_0.rpt
| Design       : system_top
| Device       : 7z020-clg484
| Speed File   : -2  PRODUCTION 1.12 2019-11-22
| Design State : Routed
----------------------------------------------------------------------------------------------------------------------------------------------------------------------------------------------------------------------------------

Timing Report

Slack (MET) :             1.238ns  (required time - arrival time)
  Source:                 u_pl/u_arb/owner_eth_reg/C
                            (rising edge-triggered cell FDCE clocked by clk_fpga_0  {rise@0.000ns fall@5.000ns period=10.000ns})
  Destination:            u_pl/u_bilin/u_fb/lo_reg_0_47/ADDRARDADDR[3]
                            (rising edge-triggered cell RAMB36E1 clocked by clk_fpga_0  {rise@0.000ns fall@5.000ns period=10.000ns})
  Path Group:             clk_fpga_0
  Path Type:              Setup (Max at Slow Process Corner)
  Requirement:            10.000ns  (clk_fpga_0 rise@10.000ns - clk_fpga_0 rise@0.000ns)
  Data Path Delay:        8.307ns  (logic 0.590ns (7.102%)  route 7.717ns (92.898%))
  Logic Levels:           1  (LUT3=1)
  Clock Path Skew:        0.190ns (DCD - SCD + CPR)
    Destination Clock Delay (DCD):    2.520ns = ( 12.520 - 10.000 ) 
    Source Clock Delay      (SCD):    2.439ns
    Clock Pessimism Removal (CPR):    0.109ns
  Clock Uncertainty:      0.154ns  ((TSJ^2 + TIJ^2)^1/2 + DJ) / 2 + PE
    Total System Jitter     (TSJ):    0.071ns
    Total Input Jitter      (TIJ):    0.300ns
    Discrete Jitter          (DJ):    0.000ns
    Phase Error              (PE):    0.000ns

    Location             Delay type                Incr(ns)  Path(ns)    Netlist Resource(s)
  -------------------------------------------------------------------    -------------------
                         (clock clk_fpga_0 rise edge)
                                                      0.000     0.000 r  
    PS7_X0Y0             PS7                          0.000     0.000 r  u_bd/design_1_i/processing_system7_0/inst/PS7_i/FCLKCLK[0]
                         net (fo=1, routed)           0.994     0.994    u_bd/design_1_i/processing_system7_0/inst/FCLK_CLK_unbuffered[0]
    BUFGCTRL_X0Y16       BUFG (Prop_bufg_I_O)         0.085     1.079 r  u_bd/design_1_i/processing_system7_0/inst/buffer_fclk_clk_0.FCLK_CLK_0_BUFG/O
                         net (fo=4378, routed)        1.360     2.439    u_pl/u_arb/FCLK_CLK0
    SLICE_X51Y76         FDCE                                         r  u_pl/u_arb/owner_eth_reg/C
  -------------------------------------------------------------------    -------------------
    SLICE_X51Y76         FDCE (Prop_fdce_C_Q)         0.348     2.787 r  u_pl/u_arb/owner_eth_reg/Q
                         net (fo=269, routed)         2.369     5.156    u_pl/u_row/hi_reg_0[0]
    SLICE_X48Y33         LUT3 (Prop_lut3_I1_O)        0.242     5.398 r  u_pl/u_row/lo_reg_0_12_i_12/O
                         net (fo=20, routed)          5.349    10.746    u_pl/u_bilin/u_fb/lo_reg_0_12_0[3]
    RAMB36_X4Y21         RAMB36E1                                     r  u_pl/u_bilin/u_fb/lo_reg_0_47/ADDRARDADDR[3]
  -------------------------------------------------------------------    -------------------

                         (clock clk_fpga_0 rise edge)
                                                     10.000    10.000 r  
    PS7_X0Y0             PS7                          0.000    10.000 r  u_bd/design_1_i/processing_system7_0/inst/PS7_i/FCLKCLK[0]
                         net (fo=1, routed)           0.905    10.906    u_bd/design_1_i/processing_system7_0/inst/FCLK_CLK_unbuffered[0]
    BUFGCTRL_X0Y16       BUFG (Prop_bufg_I_O)         0.077    10.983 r  u_bd/design_1_i/processing_system7_0/inst/buffer_fclk_clk_0.FCLK_CLK_0_BUFG/O
                         net (fo=4378, routed)        1.538    12.520    u_pl/u_bilin/u_fb/FCLK_CLK0
    RAMB36_X4Y21         RAMB36E1                                     r  u_pl/u_bilin/u_fb/lo_reg_0_47/CLKARDCLK
                         clock pessimism              0.109    12.629    
                         clock uncertainty           -0.154    12.474    
    RAMB36_X4Y21         RAMB36E1 (Setup_ramb36e1_CLKARDCLK_ADDRARDADDR[3])
                                                     -0.490    11.984    u_pl/u_bilin/u_fb/lo_reg_0_47
  -------------------------------------------------------------------
                         required time                         11.984    
                         arrival time                         -10.746    
  -------------------------------------------------------------------
                         slack                                  1.238    

Slack (MET) :             1.343ns  (required time - arrival time)
  Source:                 u_pl/u_arb/owner_eth_reg/C
                            (rising edge-triggered cell FDCE clocked by clk_fpga_0  {rise@0.000ns fall@5.000ns period=10.000ns})
  Destination:            u_pl/u_bilin/u_fb/lo_reg_0_61/ADDRARDADDR[7]
                            (rising edge-triggered cell RAMB36E1 clocked by clk_fpga_0  {rise@0.000ns fall@5.000ns period=10.000ns})
  Path Group:             clk_fpga_0
  Path Type:              Setup (Max at Slow Process Corner)
  Requirement:            10.000ns  (clk_fpga_0 rise@10.000ns - clk_fpga_0 rise@0.000ns)
  Data Path Delay:        8.137ns  (logic 0.590ns (7.251%)  route 7.547ns (92.749%))
  Logic Levels:           1  (LUT3=1)
  Clock Path Skew:        0.124ns (DCD - SCD + CPR)
    Destination Clock Delay (DCD):    2.370ns = ( 12.370 - 10.000 ) 
    Source Clock Delay      (SCD):    2.439ns
    Clock Pessimism Removal (CPR):    0.192ns
  Clock Uncertainty:      0.154ns  ((TSJ^2 + TIJ^2)^1/2 + DJ) / 2 + PE
    Total System Jitter     (TSJ):    0.071ns
    Total Input Jitter      (TIJ):    0.300ns
    Discrete Jitter          (DJ):    0.000ns
    Phase Error              (PE):    0.000ns

    Location             Delay type                Incr(ns)  Path(ns)    Netlist Resource(s)
  -------------------------------------------------------------------    -------------------
                         (clock clk_fpga_0 rise edge)
                                                      0.000     0.000 r  
    PS7_X0Y0             PS7                          0.000     0.000 r  u_bd/design_1_i/processing_system7_0/inst/PS7_i/FCLKCLK[0]
                         net (fo=1, routed)           0.994     0.994    u_bd/design_1_i/processing_system7_0/inst/FCLK_CLK_unbuffered[0]
    BUFGCTRL_X0Y16       BUFG (Prop_bufg_I_O)         0.085     1.079 r  u_bd/design_1_i/processing_system7_0/inst/buffer_fclk_clk_0.FCLK_CLK_0_BUFG/O
                         net (fo=4378, routed)        1.360     2.439    u_pl/u_arb/FCLK_CLK0
    SLICE_X51Y76         FDCE                                         r  u_pl/u_arb/owner_eth_reg/C
  -------------------------------------------------------------------    -------------------
    SLICE_X51Y76         FDCE (Prop_fdce_C_Q)         0.348     2.787 r  u_pl/u_arb/owner_eth_reg/Q
                         net (fo=269, routed)         2.506     5.293    u_pl/u_row/hi_reg_0[0]
    SLICE_X48Y34         LUT3 (Prop_lut3_I1_O)        0.242     5.535 r  u_pl/u_row/lo_reg_0_12_i_8/O
                         net (fo=20, routed)          5.041    10.576    u_pl/u_bilin/u_fb/lo_reg_0_12_0[7]
    RAMB36_X5Y19         RAMB36E1                                     r  u_pl/u_bilin/u_fb/lo_reg_0_61/ADDRARDADDR[7]
  -------------------------------------------------------------------    -------------------

                         (clock clk_fpga_0 rise edge)
                                                     10.000    10.000 r  
    PS7_X0Y0             PS7                          0.000    10.000 r  u_bd/design_1_i/processing_system7_0/inst/PS7_i/FCLKCLK[0]
                         net (fo=1, routed)           0.905    10.906    u_bd/design_1_i/processing_system7_0/inst/FCLK_CLK_unbuffered[0]
    BUFGCTRL_X0Y16       BUFG (Prop_bufg_I_O)         0.077    10.983 r  u_bd/design_1_i/processing_system7_0/inst/buffer_fclk_clk_0.FCLK_CLK_0_BUFG/O
                         net (fo=4378, routed)        1.388    12.370    u_pl/u_bilin/u_fb/FCLK_CLK0
    RAMB36_X5Y19         RAMB36E1                                     r  u_pl/u_bilin/u_fb/lo_reg_0_61/CLKARDCLK
                         clock pessimism              0.192    12.563    
                         clock uncertainty           -0.154    12.409    
    RAMB36_X5Y19         RAMB36E1 (Setup_ramb36e1_CLKARDCLK_ADDRARDADDR[7])
                                                     -0.490    11.919    u_pl/u_bilin/u_fb/lo_reg_0_61
  -------------------------------------------------------------------
                         required time                         11.919    
                         arrival time                         -10.576    
  -------------------------------------------------------------------
                         slack                                  1.343    

Slack (MET) :             1.535ns  (required time - arrival time)
  Source:                 u_pl/u_arb/owner_eth_reg/C
                            (rising edge-triggered cell FDCE clocked by clk_fpga_0  {rise@0.000ns fall@5.000ns period=10.000ns})
  Destination:            u_pl/u_bilin/u_fb/lo_reg_0_13/ADDRARDADDR[7]
                            (rising edge-triggered cell RAMB36E1 clocked by clk_fpga_0  {rise@0.000ns fall@5.000ns period=10.000ns})
  Path Group:             clk_fpga_0
  Path Type:              Setup (Max at Slow Process Corner)
  Requirement:            10.000ns  (clk_fpga_0 rise@10.000ns - clk_fpga_0 rise@0.000ns)
  Data Path Delay:        7.930ns  (logic 0.590ns (7.440%)  route 7.340ns (92.560%))
  Logic Levels:           1  (LUT3=1)
  Clock Path Skew:        0.110ns (DCD - SCD + CPR)
    Destination Clock Delay (DCD):    2.356ns = ( 12.356 - 10.000 ) 
    Source Clock Delay      (SCD):    2.439ns
    Clock Pessimism Removal (CPR):    0.192ns
  Clock Uncertainty:      0.154ns  ((TSJ^2 + TIJ^2)^1/2 + DJ) / 2 + PE
    Total System Jitter     (TSJ):    0.071ns
    Total Input Jitter      (TIJ):    0.300ns
    Discrete Jitter          (DJ):    0.000ns
    Phase Error              (PE):    0.000ns

    Location             Delay type                Incr(ns)  Path(ns)    Netlist Resource(s)
  -------------------------------------------------------------------    -------------------
                         (clock clk_fpga_0 rise edge)
                                                      0.000     0.000 r  
    PS7_X0Y0             PS7                          0.000     0.000 r  u_bd/design_1_i/processing_system7_0/inst/PS7_i/FCLKCLK[0]
                         net (fo=1, routed)           0.994     0.994    u_bd/design_1_i/processing_system7_0/inst/FCLK_CLK_unbuffered[0]
    BUFGCTRL_X0Y16       BUFG (Prop_bufg_I_O)         0.085     1.079 r  u_bd/design_1_i/processing_system7_0/inst/buffer_fclk_clk_0.FCLK_CLK_0_BUFG/O
                         net (fo=4378, routed)        1.360     2.439    u_pl/u_arb/FCLK_CLK0
    SLICE_X51Y76         FDCE                                         r  u_pl/u_arb/owner_eth_reg/C
  -------------------------------------------------------------------    -------------------
    SLICE_X51Y76         FDCE (Prop_fdce_C_Q)         0.348     2.787 r  u_pl/u_arb/owner_eth_reg/Q
                         net (fo=269, routed)         2.506     5.293    u_pl/u_row/hi_reg_0[0]
    SLICE_X48Y34         LUT3 (Prop_lut3_I1_O)        0.242     5.535 r  u_pl/u_row/lo_reg_0_12_i_8/O
                         net (fo=20, routed)          4.834    10.369    u_pl/u_bilin/u_fb/lo_reg_0_12_0[7]
    RAMB36_X5Y14         RAMB36E1                                     r  u_pl/u_bilin/u_fb/lo_reg_0_13/ADDRARDADDR[7]
  -------------------------------------------------------------------    -------------------

                         (clock clk_fpga_0 rise edge)
                                                     10.000    10.000 r  
    PS7_X0Y0             PS7                          0.000    10.000 r  u_bd/design_1_i/processing_system7_0/inst/PS7_i/FCLKCLK[0]
                         net (fo=1, routed)           0.905    10.906    u_bd/design_1_i/processing_system7_0/inst/FCLK_CLK_unbuffered[0]
    BUFGCTRL_X0Y16       BUFG (Prop_bufg_I_O)         0.077    10.983 r  u_bd/design_1_i/processing_system7_0/inst/buffer_fclk_clk_0.FCLK_CLK_0_BUFG/O
                         net (fo=4378, routed)        1.374    12.356    u_pl/u_bilin/u_fb/FCLK_CLK0
    RAMB36_X5Y14         RAMB36E1                                     r  u_pl/u_bilin/u_fb/lo_reg_0_13/CLKARDCLK
                         clock pessimism              0.192    12.549    
                         clock uncertainty           -0.154    12.395    
    RAMB36_X5Y14         RAMB36E1 (Setup_ramb36e1_CLKARDCLK_ADDRARDADDR[7])
                                                     -0.490    11.905    u_pl/u_bilin/u_fb/lo_reg_0_13
  -------------------------------------------------------------------
                         required time                         11.905    
                         arrival time                         -10.369    
  -------------------------------------------------------------------
                         slack                                  1.535    

Slack (MET) :             1.615ns  (required time - arrival time)
  Source:                 u_pl/u_arb/owner_eth_reg/C
                            (rising edge-triggered cell FDCE clocked by clk_fpga_0  {rise@0.000ns fall@5.000ns period=10.000ns})
  Destination:            u_pl/u_bilin/u_fb/lo_reg_0_61/ADDRARDADDR[2]
                            (rising edge-triggered cell RAMB36E1 clocked by clk_fpga_0  {rise@0.000ns fall@5.000ns period=10.000ns})
  Path Group:             clk_fpga_0
  Path Type:              Setup (Max at Slow Process Corner)
  Requirement:            10.000ns  (clk_fpga_0 rise@10.000ns - clk_fpga_0 rise@0.000ns)
  Data Path Delay:        7.864ns  (logic 0.590ns (7.502%)  route 7.274ns (92.498%))
  Logic Levels:           1  (LUT3=1)
  Clock Path Skew:        0.124ns (DCD - SCD + CPR)
    Destination Clock Delay (DCD):    2.370ns = ( 12.370 - 10.000 ) 
    Source Clock Delay      (SCD):    2.439ns
    Clock Pessimism Removal (CPR):    0.192ns
  Clock Uncertainty:      0.154ns  ((TSJ^2 + TIJ^2)^1/2 + DJ) / 2 + PE
    Total System Jitter     (TSJ):    0.071ns
    Total Input Jitter      (TIJ):    0.300ns
    Discrete Jitter          (DJ):    0.000ns
    Phase Error              (PE):    0.000ns

    Location             Delay type                Incr(ns)  Path(ns)    Netlist Resource(s)
  -------------------------------------------------------------------    -------------------
                         (clock clk_fpga_0 rise edge)
                                                      0.000     0.000 r  
    PS7_X0Y0             PS7                          0.000     0.000 r  u_bd/design_1_i/processing_system7_0/inst/PS7_i/FCLKCLK[0]
                         net (fo=1, routed)           0.994     0.994    u_bd/design_1_i/processing_system7_0/inst/FCLK_CLK_unbuffered[0]
    BUFGCTRL_X0Y16       BUFG (Prop_bufg_I_O)         0.085     1.079 r  u_bd/design_1_i/processing_system7_0/inst/buffer_fclk_clk_0.FCLK_CLK_0_BUFG/O
                         net (fo=4378, routed)        1.360     2.439    u_pl/u_arb/FCLK_CLK0
    SLICE_X51Y76         FDCE                                         r  u_pl/u_arb/owner_eth_reg/C
  -------------------------------------------------------------------    -------------------
    SLICE_X51Y76         FDCE (Prop_fdce_C_Q)         0.348     2.787 r  u_pl/u_arb/owner_eth_reg/Q
                         net (fo=269, routed)         2.064     4.851    u_pl/u_row/hi_reg_0[0]
    SLICE_X43Y35         LUT3 (Prop_lut3_I1_O)        0.242     5.093 r  u_pl/u_row/lo_reg_0_12_i_13/O
                         net (fo=20, routed)          5.210    10.303    u_pl/u_bilin/u_fb/lo_reg_0_12_0[2]
    RAMB36_X5Y19         RAMB36E1                                     r  u_pl/u_bilin/u_fb/lo_reg_0_61/ADDRARDADDR[2]
  -------------------------------------------------------------------    -------------------

                         (clock clk_fpga_0 rise edge)
                                                     10.000    10.000 r  
    PS7_X0Y0             PS7                          0.000    10.000 r  u_bd/design_1_i/processing_system7_0/inst/PS7_i/FCLKCLK[0]
                         net (fo=1, routed)           0.905    10.906    u_bd/design_1_i/processing_system7_0/inst/FCLK_CLK_unbuffered[0]
    BUFGCTRL_X0Y16       BUFG (Prop_bufg_I_O)         0.077    10.983 r  u_bd/design_1_i/processing_system7_0/inst/buffer_fclk_clk_0.FCLK_CLK_0_BUFG/O
                         net (fo=4378, routed)        1.388    12.370    u_pl/u_bilin/u_fb/FCLK_CLK0
    RAMB36_X5Y19         RAMB36E1                                     r  u_pl/u_bilin/u_fb/lo_reg_0_61/CLKARDCLK
                         clock pessimism              0.192    12.563    
                         clock uncertainty           -0.154    12.409    
    RAMB36_X5Y19         RAMB36E1 (Setup_ramb36e1_CLKARDCLK_ADDRARDADDR[2])
                                                     -0.490    11.919    u_pl/u_bilin/u_fb/lo_reg_0_61
  -------------------------------------------------------------------
                         required time                         11.919    
                         arrival time                         -10.303    
  -------------------------------------------------------------------
                         slack                                  1.615    




