Copyright 1986-2022 Xilinx, Inc. All Rights Reserved. Copyright 2022-2026 Advanced Micro Devices, Inc. All Rights Reserved.
---------------------------------------------------------------------------------------------------------------------------------------------------------------------------------------------------------------------------------
| Tool Version : Vivado v.2025.2.1 (win64) Build 6403652 Thu Mar 19 19:48:24 GMT 2026
| Date         : Sun Oct  4 01:37:35 2026
| Host         : Uie-laptop running 64-bit major release  (build 9200)
| Command      : report_timing -delay_type max -nworst 1 -max_paths 4 -from [get_clocks -quiet clk_fpga_0] -to [get_clocks -quiet clk_fpga_0] -file D:/Xilinx/Prj/pro/Video_Processing/build/probe_clk_r116_after_clk_fpga_0.rpt
| Design       : system_top
| Device       : 7z020-clg484
| Speed File   : -2  PRODUCTION 1.12 2019-11-22
| Design State : Routed
---------------------------------------------------------------------------------------------------------------------------------------------------------------------------------------------------------------------------------

Timing Report

Slack (MET) :             1.976ns  (required time - arrival time)
  Source:                 u_pl/u_arb/owner_eth_reg/C
                            (rising edge-triggered cell FDCE clocked by clk_fpga_0  {rise@0.000ns fall@5.000ns period=10.000ns})
  Destination:            u_pl/u_bilin/u_fb/hi_reg_8/WEA[0]
                            (rising edge-triggered cell RAMB36E1 clocked by clk_fpga_0  {rise@0.000ns fall@5.000ns period=10.000ns})
  Path Group:             clk_fpga_0
  Path Type:              Setup (Max at Slow Process Corner)
  Requirement:            10.000ns  (clk_fpga_0 rise@10.000ns - clk_fpga_0 rise@0.000ns)
  Data Path Delay:        7.355ns  (logic 0.484ns (6.581%)  route 6.871ns (93.419%))
  Logic Levels:           1  (LUT6=1)
  Clock Path Skew:        -0.039ns (DCD - SCD + CPR)
    Destination Clock Delay (DCD):    2.321ns = ( 12.321 - 10.000 ) 
    Source Clock Delay      (SCD):    2.456ns
    Clock Pessimism Removal (CPR):    0.097ns
  Clock Uncertainty:      0.154ns  ((TSJ^2 + TIJ^2)^1/2 + DJ) / 2 + PE
    Total System Jitter     (TSJ):    0.071ns
    Total Input Jitter      (TIJ):    0.300ns
    Discrete Jitter          (DJ):    0.000ns
    Phase Error              (PE):    0.000ns

    Location             Delay type                Incr(ns)  Path(ns)    Netlist Resource(s)
  -------------------------------------------------------------------    -------------------
                         (clock clk_fpga_0 rise edge)
                                                      0.000     0.000 r  
    PS7_X0Y0             PS7                          0.000     0.000 r  u_bd/design_1_i/processing_system7_0/inst/PS7_i/FCLKCLK[0]
                         net (fo=1, routed)           0.994     0.994    u_bd/design_1_i/processing_system7_0/inst/FCLK_CLK_unbuffered[0]
    BUFGCTRL_X0Y16       BUFG (Prop_bufg_I_O)         0.085     1.079 r  u_bd/design_1_i/processing_system7_0/inst/buffer_fclk_clk_0.FCLK_CLK_0_BUFG/O
                         net (fo=4375, routed)        1.377     2.456    u_pl/u_arb/FCLK_CLK0
    SLICE_X43Y79         FDCE                                         r  u_pl/u_arb/owner_eth_reg/C
  -------------------------------------------------------------------    -------------------
    SLICE_X43Y79         FDCE (Prop_fdce_C_Q)         0.379     2.835 r  u_pl/u_arb/owner_eth_reg/Q
                         net (fo=269, routed)         5.690     8.525    u_pl/u_row/hi_reg_0[0]
    SLICE_X88Y7          LUT6 (Prop_lut6_I3_O)        0.105     8.630 r  u_pl/u_row/hi_reg_4_i_1/O
                         net (fo=2, routed)           1.181     9.811    u_pl/u_bilin/u_fb/hi_reg_8_0[0]
    RAMB36_X3Y1          RAMB36E1                                     r  u_pl/u_bilin/u_fb/hi_reg_8/WEA[0]
  -------------------------------------------------------------------    -------------------

                         (clock clk_fpga_0 rise edge)
                                                     10.000    10.000 r  
    PS7_X0Y0             PS7                          0.000    10.000 r  u_bd/design_1_i/processing_system7_0/inst/PS7_i/FCLKCLK[0]
                         net (fo=1, routed)           0.905    10.906    u_bd/design_1_i/processing_system7_0/inst/FCLK_CLK_unbuffered[0]
    BUFGCTRL_X0Y16       BUFG (Prop_bufg_I_O)         0.077    10.983 r  u_bd/design_1_i/processing_system7_0/inst/buffer_fclk_clk_0.FCLK_CLK_0_BUFG/O
                         net (fo=4375, routed)        1.338    12.321    u_pl/u_bilin/u_fb/FCLK_CLK0
    RAMB36_X3Y1          RAMB36E1                                     r  u_pl/u_bilin/u_fb/hi_reg_8/CLKARDCLK
                         clock pessimism              0.097    12.417    
                         clock uncertainty           -0.154    12.263    
    RAMB36_X3Y1          RAMB36E1 (Setup_ramb36e1_CLKARDCLK_WEA[0])
                                                     -0.476    11.787    u_pl/u_bilin/u_fb/hi_reg_8
  -------------------------------------------------------------------
                         required time                         11.787    
                         arrival time                          -9.811    
  -------------------------------------------------------------------
                         slack                                  1.976    

Slack (MET) :             1.999ns  (required time - arrival time)
  Source:                 u_pl/u_arb/owner_eth_reg/C
                            (rising edge-triggered cell FDCE clocked by clk_fpga_0  {rise@0.000ns fall@5.000ns period=10.000ns})
  Destination:            u_pl/u_bilin/u_fb/lo_reg_0_33/ADDRARDADDR[3]
                            (rising edge-triggered cell RAMB36E1 clocked by clk_fpga_0  {rise@0.000ns fall@5.000ns period=10.000ns})
  Path Group:             clk_fpga_0
  Path Type:              Setup (Max at Slow Process Corner)
  Requirement:            10.000ns  (clk_fpga_0 rise@10.000ns - clk_fpga_0 rise@0.000ns)
  Data Path Delay:        7.385ns  (logic 0.484ns (6.554%)  route 6.901ns (93.446%))
  Logic Levels:           1  (LUT3=1)
  Clock Path Skew:        0.028ns (DCD - SCD + CPR)
    Destination Clock Delay (DCD):    2.388ns = ( 12.388 - 10.000 ) 
    Source Clock Delay      (SCD):    2.456ns
    Clock Pessimism Removal (CPR):    0.097ns
  Clock Uncertainty:      0.154ns  ((TSJ^2 + TIJ^2)^1/2 + DJ) / 2 + PE
    Total System Jitter     (TSJ):    0.071ns
    Total Input Jitter      (TIJ):    0.300ns
    Discrete Jitter          (DJ):    0.000ns
    Phase Error              (PE):    0.000ns

    Location             Delay type                Incr(ns)  Path(ns)    Netlist Resource(s)
  -------------------------------------------------------------------    -------------------
                         (clock clk_fpga_0 rise edge)
                                                      0.000     0.000 r  
    PS7_X0Y0             PS7                          0.000     0.000 r  u_bd/design_1_i/processing_system7_0/inst/PS7_i/FCLKCLK[0]
                         net (fo=1, routed)           0.994     0.994    u_bd/design_1_i/processing_system7_0/inst/FCLK_CLK_unbuffered[0]
    BUFGCTRL_X0Y16       BUFG (Prop_bufg_I_O)         0.085     1.079 r  u_bd/design_1_i/processing_system7_0/inst/buffer_fclk_clk_0.FCLK_CLK_0_BUFG/O
                         net (fo=4375, routed)        1.377     2.456    u_pl/u_arb/FCLK_CLK0
    SLICE_X43Y79         FDCE                                         r  u_pl/u_arb/owner_eth_reg/C
  -------------------------------------------------------------------    -------------------
    SLICE_X43Y79         FDCE (Prop_fdce_C_Q)         0.379     2.835 r  u_pl/u_arb/owner_eth_reg/Q
                         net (fo=269, routed)         2.096     4.931    u_pl/u_row/hi_reg_0[0]
    SLICE_X47Y51         LUT3 (Prop_lut3_I1_O)        0.105     5.036 r  u_pl/u_row/lo_reg_0_0_i_13/O
                         net (fo=20, routed)          4.805     9.841    u_pl/u_bilin/u_fb/lo_reg_0_16_0[3]
    RAMB36_X5Y0          RAMB36E1                                     r  u_pl/u_bilin/u_fb/lo_reg_0_33/ADDRARDADDR[3]
  -------------------------------------------------------------------    -------------------

                         (clock clk_fpga_0 rise edge)
                                                     10.000    10.000 r  
    PS7_X0Y0             PS7                          0.000    10.000 r  u_bd/design_1_i/processing_system7_0/inst/PS7_i/FCLKCLK[0]
                         net (fo=1, routed)           0.905    10.906    u_bd/design_1_i/processing_system7_0/inst/FCLK_CLK_unbuffered[0]
    BUFGCTRL_X0Y16       BUFG (Prop_bufg_I_O)         0.077    10.983 r  u_bd/design_1_i/processing_system7_0/inst/buffer_fclk_clk_0.FCLK_CLK_0_BUFG/O
                         net (fo=4375, routed)        1.405    12.388    u_pl/u_bilin/u_fb/FCLK_CLK0
    RAMB36_X5Y0          RAMB36E1                                     r  u_pl/u_bilin/u_fb/lo_reg_0_33/CLKARDCLK
                         clock pessimism              0.097    12.484    
                         clock uncertainty           -0.154    12.330    
    RAMB36_X5Y0          RAMB36E1 (Setup_ramb36e1_CLKARDCLK_ADDRARDADDR[3])
                                                     -0.490    11.840    u_pl/u_bilin/u_fb/lo_reg_0_33
  -------------------------------------------------------------------
                         required time                         11.840    
                         arrival time                          -9.841    
  -------------------------------------------------------------------
                         slack                                  1.999    

Slack (MET) :             2.078ns  (required time - arrival time)
  Source:                 u_pl/u_arb/owner_eth_reg/C
                            (rising edge-triggered cell FDCE clocked by clk_fpga_0  {rise@0.000ns fall@5.000ns period=10.000ns})
  Destination:            u_pl/u_bilin/u_fb/lo_reg_0_28/ADDRARDADDR[1]
                            (rising edge-triggered cell RAMB36E1 clocked by clk_fpga_0  {rise@0.000ns fall@5.000ns period=10.000ns})
  Path Group:             clk_fpga_0
  Path Type:              Setup (Max at Slow Process Corner)
  Requirement:            10.000ns  (clk_fpga_0 rise@10.000ns - clk_fpga_0 rise@0.000ns)
  Data Path Delay:        7.181ns  (logic 0.494ns (6.880%)  route 6.687ns (93.120%))
  Logic Levels:           1  (LUT3=1)
  Clock Path Skew:        0.065ns (DCD - SCD + CPR)
    Destination Clock Delay (DCD):    2.412ns = ( 12.412 - 10.000 ) 
    Source Clock Delay      (SCD):    2.456ns
    Clock Pessimism Removal (CPR):    0.109ns
  Clock Uncertainty:      0.154ns  ((TSJ^2 + TIJ^2)^1/2 + DJ) / 2 + PE
    Total System Jitter     (TSJ):    0.071ns
    Total Input Jitter      (TIJ):    0.300ns
    Discrete Jitter          (DJ):    0.000ns
    Phase Error              (PE):    0.000ns

    Location             Delay type                Incr(ns)  Path(ns)    Netlist Resource(s)
  -------------------------------------------------------------------    -------------------
                         (clock clk_fpga_0 rise edge)
                                                      0.000     0.000 r  
    PS7_X0Y0             PS7                          0.000     0.000 r  u_bd/design_1_i/processing_system7_0/inst/PS7_i/FCLKCLK[0]
                         net (fo=1, routed)           0.994     0.994    u_bd/design_1_i/processing_system7_0/inst/FCLK_CLK_unbuffered[0]
    BUFGCTRL_X0Y16       BUFG (Prop_bufg_I_O)         0.085     1.079 r  u_bd/design_1_i/processing_system7_0/inst/buffer_fclk_clk_0.FCLK_CLK_0_BUFG/O
                         net (fo=4375, routed)        1.377     2.456    u_pl/u_arb/FCLK_CLK0
    SLICE_X43Y79         FDCE                                         r  u_pl/u_arb/owner_eth_reg/C
  -------------------------------------------------------------------    -------------------
    SLICE_X43Y79         FDCE (Prop_fdce_C_Q)         0.379     2.835 r  u_pl/u_arb/owner_eth_reg/Q
                         net (fo=269, routed)         2.324     5.159    u_pl/u_row/hi_reg_0[0]
    SLICE_X47Y47         LUT3 (Prop_lut3_I1_O)        0.115     5.274 r  u_pl/u_row/lo_reg_0_12_i_14/O
                         net (fo=20, routed)          4.362     9.637    u_pl/u_bilin/u_fb/lo_reg_0_12_0[1]
    RAMB36_X2Y20         RAMB36E1                                     r  u_pl/u_bilin/u_fb/lo_reg_0_28/ADDRARDADDR[1]
  -------------------------------------------------------------------    -------------------

                         (clock clk_fpga_0 rise edge)
                                                     10.000    10.000 r  
    PS7_X0Y0             PS7                          0.000    10.000 r  u_bd/design_1_i/processing_system7_0/inst/PS7_i/FCLKCLK[0]
                         net (fo=1, routed)           0.905    10.906    u_bd/design_1_i/processing_system7_0/inst/FCLK_CLK_unbuffered[0]
    BUFGCTRL_X0Y16       BUFG (Prop_bufg_I_O)         0.077    10.983 r  u_bd/design_1_i/processing_system7_0/inst/buffer_fclk_clk_0.FCLK_CLK_0_BUFG/O
                         net (fo=4375, routed)        1.430    12.412    u_pl/u_bilin/u_fb/FCLK_CLK0
    RAMB36_X2Y20         RAMB36E1                                     r  u_pl/u_bilin/u_fb/lo_reg_0_28/CLKARDCLK
                         clock pessimism              0.109    12.521    
                         clock uncertainty           -0.154    12.366    
    RAMB36_X2Y20         RAMB36E1 (Setup_ramb36e1_CLKARDCLK_ADDRARDADDR[1])
                                                     -0.652    11.714    u_pl/u_bilin/u_fb/lo_reg_0_28
  -------------------------------------------------------------------
                         required time                         11.714    
                         arrival time                          -9.637    
  -------------------------------------------------------------------
                         slack                                  2.078    

Slack (MET) :             2.280ns  (required time - arrival time)
  Source:                 u_pl/u_arb/owner_eth_reg/C
                            (rising edge-triggered cell FDCE clocked by clk_fpga_0  {rise@0.000ns fall@5.000ns period=10.000ns})
  Destination:            u_pl/u_bilin/u_fb/lo_reg_0_51/WEA[0]
                            (rising edge-triggered cell RAMB36E1 clocked by clk_fpga_0  {rise@0.000ns fall@5.000ns period=10.000ns})
  Path Group:             clk_fpga_0
  Path Type:              Setup (Max at Slow Process Corner)
  Requirement:            10.000ns  (clk_fpga_0 rise@10.000ns - clk_fpga_0 rise@0.000ns)
  Data Path Delay:        7.004ns  (logic 0.799ns (11.407%)  route 6.205ns (88.593%))
  Logic Levels:           4  (LUT3=1 LUT6=3)
  Clock Path Skew:        -0.086ns (DCD - SCD + CPR)
    Destination Clock Delay (DCD):    2.274ns = ( 12.274 - 10.000 ) 
    Source Clock Delay      (SCD):    2.456ns
    Clock Pessimism Removal (CPR):    0.097ns
  Clock Uncertainty:      0.154ns  ((TSJ^2 + TIJ^2)^1/2 + DJ) / 2 + PE
    Total System Jitter     (TSJ):    0.071ns
    Total Input Jitter      (TIJ):    0.300ns
    Discrete Jitter          (DJ):    0.000ns
    Phase Error              (PE):    0.000ns

    Location             Delay type                Incr(ns)  Path(ns)    Netlist Resource(s)
  -------------------------------------------------------------------    -------------------
                         (clock clk_fpga_0 rise edge)
                                                      0.000     0.000 r  
    PS7_X0Y0             PS7                          0.000     0.000 r  u_bd/design_1_i/processing_system7_0/inst/PS7_i/FCLKCLK[0]
                         net (fo=1, routed)           0.994     0.994    u_bd/design_1_i/processing_system7_0/inst/FCLK_CLK_unbuffered[0]
    BUFGCTRL_X0Y16       BUFG (Prop_bufg_I_O)         0.085     1.079 r  u_bd/design_1_i/processing_system7_0/inst/buffer_fclk_clk_0.FCLK_CLK_0_BUFG/O
                         net (fo=4375, routed)        1.377     2.456    u_pl/u_arb/FCLK_CLK0
    SLICE_X43Y79         FDCE                                         r  u_pl/u_arb/owner_eth_reg/C
  -------------------------------------------------------------------    -------------------
    SLICE_X43Y79         FDCE (Prop_fdce_C_Q)         0.379     2.835 r  u_pl/u_arb/owner_eth_reg/Q
                         net (fo=269, routed)         2.096     4.931    u_pl/u_row/hi_reg_0[0]
    SLICE_X47Y51         LUT3 (Prop_lut3_I1_O)        0.105     5.036 f  u_pl/u_row/lo_reg_0_0_i_7/O
                         net (fo=21, routed)          0.704     5.740    u_pl/u_row/fb_wr_addr_reg[14]_0[9]
    SLICE_X49Y52         LUT6 (Prop_lut6_I0_O)        0.105     5.845 r  u_pl/u_row/lo_reg_0_0_i_20/O
                         net (fo=1, routed)           0.204     6.049    u_pl/u_row/lo_reg_0_0_i_20_n_0
    SLICE_X49Y52         LUT6 (Prop_lut6_I2_O)        0.105     6.154 r  u_pl/u_row/lo_reg_0_0_i_19/O
                         net (fo=36, routed)          1.842     7.996    u_pl/u_row/lo_reg_0_0_i_19_n_0
    SLICE_X74Y12         LUT6 (Prop_lut6_I5_O)        0.105     8.101 r  u_pl/u_row/lo_reg_0_0_i_18/O
                         net (fo=2, routed)           1.360     9.460    u_pl/u_bilin/u_fb/WEA[1]
    RAMB36_X2Y1          RAMB36E1                                     r  u_pl/u_bilin/u_fb/lo_reg_0_51/WEA[0]
  -------------------------------------------------------------------    -------------------

                         (clock clk_fpga_0 rise edge)
                                                     10.000    10.000 r  
    PS7_X0Y0             PS7                          0.000    10.000 r  u_bd/design_1_i/processing_system7_0/inst/PS7_i/FCLKCLK[0]
                         net (fo=1, routed)           0.905    10.906    u_bd/design_1_i/processing_system7_0/inst/FCLK_CLK_unbuffered[0]
    BUFGCTRL_X0Y16       BUFG (Prop_bufg_I_O)         0.077    10.983 r  u_bd/design_1_i/processing_system7_0/inst/buffer_fclk_clk_0.FCLK_CLK_0_BUFG/O
                         net (fo=4375, routed)        1.291    12.274    u_pl/u_bilin/u_fb/FCLK_CLK0
    RAMB36_X2Y1          RAMB36E1                                     r  u_pl/u_bilin/u_fb/lo_reg_0_51/CLKARDCLK
                         clock pessimism              0.097    12.370    
                         clock uncertainty           -0.154    12.216    
    RAMB36_X2Y1          RAMB36E1 (Setup_ramb36e1_CLKARDCLK_WEA[0])
                                                     -0.476    11.740    u_pl/u_bilin/u_fb/lo_reg_0_51
  -------------------------------------------------------------------
                         required time                         11.740    
                         arrival time                          -9.460    
  -------------------------------------------------------------------
                         slack                                  2.280    




