Copyright 1986-2022 Xilinx, Inc. All Rights Reserved. Copyright 2022-2026 Advanced Micro Devices, Inc. All Rights Reserved.
------------------------------------------------------------------------------------------------------------------------------------------------------------------------------------------------------------------------------
| Tool Version : Vivado v.2025.2.1 (win64) Build 6403652 Thu Mar 19 19:48:24 GMT 2026
| Date         : Sun Oct  4 04:14:28 2026
| Host         : Uie-laptop running 64-bit major release  (build 9200)
| Command      : report_timing -delay_type max -nworst 1 -max_paths 4 -from [get_clocks -quiet clkout0_1] -to [get_clocks -quiet clkout0_1] -file D:/Xilinx/Prj/pro/Video_Processing/build/probe_clk_r117_after_clkout0_1.rpt
| Design       : system_top
| Device       : 7z020-clg484
| Speed File   : -2  PRODUCTION 1.12 2019-11-22
| Design State : Routed
------------------------------------------------------------------------------------------------------------------------------------------------------------------------------------------------------------------------------

Timing Report

Slack (MET) :             3.353ns  (required time - arrival time)
  Source:                 u_pl/x_d_reg[20][3]/C
                            (rising edge-triggered cell FDCE clocked by clkout0_1  {rise@0.000ns fall@10.000ns period=20.000ns})
  Destination:            u_pl/u_osd/ch_r_reg/ADDRARDADDR[6]
                            (rising edge-triggered cell RAMB18E1 clocked by clkout0_1  {rise@0.000ns fall@10.000ns period=20.000ns})
  Path Group:             clkout0_1
  Path Type:              Setup (Max at Slow Process Corner)
  Requirement:            20.000ns  (clkout0_1 rise@20.000ns - clkout0_1 rise@0.000ns)
  Data Path Delay:        16.110ns  (logic 6.287ns (39.024%)  route 9.823ns (60.975%))
  Logic Levels:           22  (CARRY4=10 LUT2=1 LUT3=2 LUT4=4 LUT6=4 MUXF7=1)
  Clock Path Skew:        0.048ns (DCD - SCD + CPR)
    Destination Clock Delay (DCD):    4.448ns = ( 24.448 - 20.000 ) 
    Source Clock Delay      (SCD):    4.742ns
    Clock Pessimism Removal (CPR):    0.342ns
  Clock Uncertainty:      0.094ns  ((TSJ^2 + DJ^2)^1/2) / 2 + PE
    Total System Jitter     (TSJ):    0.071ns
    Discrete Jitter          (DJ):    0.175ns
    Phase Error              (PE):    0.000ns

    Location             Delay type                Incr(ns)  Path(ns)    Netlist Resource(s)
  -------------------------------------------------------------------    -------------------
                         (clock clkout0_1 rise edge)
                                                      0.000     0.000 r  
    W17                                               0.000     0.000 r  sys_clk (IN)
                         net (fo=0)                   0.000     0.000    sys_clk
    W17                  IBUF (Prop_ibuf_I_O)         1.415     1.415 r  sys_clk_IBUF_inst/O
                         net (fo=1, routed)           1.873     3.288    sys_clk_IBUF
    BUFGCTRL_X0Y4        BUFG (Prop_bufg_I_O)         0.085     3.373 r  sys_clk_IBUF_BUFG_inst/O
                         net (fo=186, routed)         1.550     4.923    u_pl/u_clk/sys_clk_IBUF_BUFG
    MMCME2_ADV_X1Y0      MMCME2_ADV (Prop_mmcme2_adv_CLKIN1_CLKOUT0)
                                                     -3.232     1.691 r  u_pl/u_clk/u_mmcm/CLKOUT0
                         net (fo=1, routed)           1.597     3.288    u_pl/u_clk/clkout0
    BUFGCTRL_X0Y0        BUFG (Prop_bufg_I_O)         0.085     3.373 r  u_pl/u_clk/u_bufg_pix/O
                         net (fo=5515, routed)        1.369     4.742    u_pl/clk_pix
    SLICE_X52Y68         FDCE                                         r  u_pl/x_d_reg[20][3]/C
  -------------------------------------------------------------------    -------------------
    SLICE_X52Y68         FDCE (Prop_fdce_C_Q)         0.348     5.090 r  u_pl/x_d_reg[20][3]/Q
                         net (fo=5, routed)           0.389     5.479    u_pl/u_osd/s_pix_x_reg[0]_3[0]
    SLICE_X53Y69         CARRY4 (Prop_carry4_S[0]_CO[3])
                                                      0.680     6.159 r  u_pl/u_osd/s_pix_x_reg[0]_i_2/CO[3]
                         net (fo=1, routed)           0.000     6.159    u_pl/u_osd/s_pix_x_reg[0]_i_2_n_0
    SLICE_X53Y70         CARRY4 (Prop_carry4_CI_O[0])
                                                      0.180     6.339 f  u_pl/u_osd/s_pix_x_reg[0]_i_38/O[0]
                         net (fo=23, routed)          0.968     7.308    u_pl/u_osd/lx[7]
    SLICE_X58Y73         LUT3 (Prop_lut3_I1_O)        0.249     7.557 r  u_pl/u_osd/s_pix_x[0]_i_51/O
                         net (fo=4, routed)           0.650     8.207    u_pl/u_osd/s_pix_x[0]_i_51_n_0
    SLICE_X57Y72         LUT4 (Prop_lut4_I3_O)        0.105     8.312 r  u_pl/u_osd/ch_r_reg_i_776/O
                         net (fo=1, routed)           0.000     8.312    u_pl/u_osd/ch_r_reg_i_776_n_0
    SLICE_X57Y72         CARRY4 (Prop_carry4_S[0]_CO[3])
                                                      0.440     8.752 r  u_pl/u_osd/ch_r_reg_i_656/CO[3]
                         net (fo=1, routed)           0.000     8.752    u_pl/u_osd/ch_r_reg_i_656_n_0
    SLICE_X57Y73         CARRY4 (Prop_carry4_CI_CO[3])
                                                      0.098     8.850 r  u_pl/u_osd/ch_r_reg_i_402/CO[3]
                         net (fo=1, routed)           0.000     8.850    u_pl/u_osd/ch_r_reg_i_402_n_0
    SLICE_X57Y74         CARRY4 (Prop_carry4_CI_O[0])
                                                      0.180     9.030 r  u_pl/u_osd/ch_r_reg_i_401/O[0]
                         net (fo=2, routed)           0.823     9.852    u_pl/u_osd/ch_r_reg_i_401_n_7
    SLICE_X55Y71         LUT3 (Prop_lut3_I2_O)        0.263    10.115 r  u_pl/u_osd/ch_r_reg_i_150/O
                         net (fo=2, routed)           0.525    10.640    u_pl/u_osd/ch_r_reg_i_150_n_0
    SLICE_X56Y74         CARRY4 (Prop_carry4_DI[3]_CO[3])
                                                      0.480    11.120 r  u_pl/u_osd/ch_r_reg_i_44/CO[3]
                         net (fo=1, routed)           0.008    11.128    u_pl/u_osd/ch_r_reg_i_44_n_0
    SLICE_X56Y75         CARRY4 (Prop_carry4_CI_O[1])
                                                      0.265    11.393 r  u_pl/u_osd/ch_r_reg_i_404/O[1]
                         net (fo=3, routed)           0.524    11.917    u_pl/u_osd/ch_r_reg_i_404_n_6
    SLICE_X54Y74         LUT2 (Prop_lut2_I0_O)        0.250    12.167 r  u_pl/u_osd/ch_r_reg_i_667/O
                         net (fo=1, routed)           0.000    12.167    u_pl/u_osd/ch_r_reg_i_667_n_0
    SLICE_X54Y74         CARRY4 (Prop_carry4_S[1]_CO[3])
                                                      0.444    12.611 r  u_pl/u_osd/ch_r_reg_i_403/CO[3]
                         net (fo=1, routed)           0.008    12.619    u_pl/u_osd/ch_r_reg_i_403_n_0
    SLICE_X54Y75         CARRY4 (Prop_carry4_CI_O[0])
                                                      0.178    12.797 r  u_pl/u_osd/ch_r_reg_i_158/O[0]
                         net (fo=39, routed)          0.626    13.424    u_pl/u_osd/ch_r_reg_i_404_0[0]
    SLICE_X55Y75         LUT4 (Prop_lut4_I2_O)        0.238    13.662 r  u_pl/u_osd/ch_r_reg_i_409/O
                         net (fo=1, routed)           0.000    13.662    u_pl/u_osd/ch_r_reg_i_409_n_0
    SLICE_X55Y75         CARRY4 (Prop_carry4_S[1]_CO[1])
                                                      0.408    14.070 r  u_pl/u_osd/ch_r_reg_i_160/CO[1]
                         net (fo=38, routed)          1.229    15.299    u_pl/u_osd/ch_r_reg_i_410_0[0]
    SLICE_X63Y83         LUT4 (Prop_lut4_I3_O)        0.289    15.588 r  u_pl/u_osd/ch_r_reg_i_52/O
                         net (fo=139, routed)         1.419    17.008    u_pl/u_eff/ch_r_reg_i_113_2
    SLICE_X51Y85         LUT4 (Prop_lut4_I2_O)        0.296    17.304 r  u_pl/u_eff/ch_r_reg_i_528/O
                         net (fo=2, routed)           0.530    17.834    u_pl/u_eff/ch_r_reg_i_528_n_0
    SLICE_X51Y85         LUT6 (Prop_lut6_I0_O)        0.267    18.101 f  u_pl/u_eff/ch_r_reg_i_567/O
                         net (fo=1, routed)           0.482    18.583    u_pl/u_eff/ch_r_reg_i_567_n_0
    SLICE_X50Y83         LUT6 (Prop_lut6_I0_O)        0.105    18.688 f  u_pl/u_eff/ch_r_reg_i_309/O
                         net (fo=1, routed)           0.000    18.688    u_pl/u_eff/ch_r_reg_i_309_n_0
    SLICE_X50Y83         MUXF7 (Prop_muxf7_I1_O)      0.178    18.866 f  u_pl/u_eff/ch_r_reg_i_112/O
                         net (fo=1, routed)           0.564    19.430    u_pl/u_ang/ch_r_reg_5
    SLICE_X59Y81         LUT6 (Prop_lut6_I4_O)        0.241    19.671 r  u_pl/u_ang/ch_r_reg_i_33/O
                         net (fo=1, routed)           0.415    20.086    u_pl/u_split_ctrl/ch_r_reg_9
    SLICE_X58Y83         LUT6 (Prop_lut6_I4_O)        0.105    20.191 r  u_pl/u_split_ctrl/ch_r_reg_i_6/O
                         net (fo=1, routed)           0.661    20.853    u_pl/u_osd/ADDRARDADDR[2]
    RAMB18_X3Y34         RAMB18E1                                     r  u_pl/u_osd/ch_r_reg/ADDRARDADDR[6]
  -------------------------------------------------------------------    -------------------

                         (clock clkout0_1 rise edge)
                                                     20.000    20.000 r  
    W17                                               0.000    20.000 r  sys_clk (IN)
                         net (fo=0)                   0.000    20.000    sys_clk
    W17                  IBUF (Prop_ibuf_I_O)         1.349    21.349 r  sys_clk_IBUF_inst/O
                         net (fo=1, routed)           1.701    23.050    sys_clk_IBUF
    BUFGCTRL_X0Y4        BUFG (Prop_bufg_I_O)         0.077    23.127 r  sys_clk_IBUF_BUFG_inst/O
                         net (fo=186, routed)         1.384    24.511    u_pl/u_clk/sys_clk_IBUF_BUFG
    MMCME2_ADV_X1Y0      MMCME2_ADV (Prop_mmcme2_adv_CLKIN1_CLKOUT0)
                                                     -2.915    21.596 r  u_pl/u_clk/u_mmcm/CLKOUT0
                         net (fo=1, routed)           1.454    23.050    u_pl/u_clk/clkout0
    BUFGCTRL_X0Y0        BUFG (Prop_bufg_I_O)         0.077    23.127 r  u_pl/u_clk/u_bufg_pix/O
                         net (fo=5515, routed)        1.321    24.448    u_pl/u_osd/clk_pix
    RAMB18_X3Y34         RAMB18E1                                     r  u_pl/u_osd/ch_r_reg/CLKARDCLK
                         clock pessimism              0.342    24.790    
                         clock uncertainty           -0.094    24.696    
    RAMB18_X3Y34         RAMB18E1 (Setup_ramb18e1_CLKARDCLK_ADDRARDADDR[6])
                                                     -0.490    24.206    u_pl/u_osd/ch_r_reg
  -------------------------------------------------------------------
                         required time                         24.206    
                         arrival time                         -20.853    
  -------------------------------------------------------------------
                         slack                                  3.353    

Slack (MET) :             3.918ns  (required time - arrival time)
  Source:                 u_pl/u_zfit/inv_fit_reg[2]/C
                            (rising edge-triggered cell FDCE clocked by clkout0_1  {rise@0.000ns fall@10.000ns period=20.000ns})
  Destination:            u_pl/u_zmap/y_out_reg[8]/D
                            (rising edge-triggered cell FDCE clocked by clkout0_1  {rise@0.000ns fall@10.000ns period=20.000ns})
  Path Group:             clkout0_1
  Path Type:              Setup (Max at Slow Process Corner)
  Requirement:            20.000ns  (clkout0_1 rise@20.000ns - clkout0_1 rise@0.000ns)
  Data Path Delay:        15.578ns  (logic 6.333ns (40.654%)  route 9.245ns (59.346%))
  Logic Levels:           14  (CARRY4=3 DSP48E1=1 LUT2=1 LUT3=1 LUT4=3 LUT5=3 LUT6=2)
  Clock Path Skew:        -0.200ns (DCD - SCD + CPR)
    Destination Clock Delay (DCD):    4.358ns = ( 24.358 - 20.000 ) 
    Source Clock Delay      (SCD):    4.816ns
    Clock Pessimism Removal (CPR):    0.258ns
  Clock Uncertainty:      0.094ns  ((TSJ^2 + DJ^2)^1/2) / 2 + PE
    Total System Jitter     (TSJ):    0.071ns
    Discrete Jitter          (DJ):    0.175ns
    Phase Error              (PE):    0.000ns

    Location             Delay type                Incr(ns)  Path(ns)    Netlist Resource(s)
  -------------------------------------------------------------------    -------------------
                         (clock clkout0_1 rise edge)
                                                      0.000     0.000 r  
    W17                                               0.000     0.000 r  sys_clk (IN)
                         net (fo=0)                   0.000     0.000    sys_clk
    W17                  IBUF (Prop_ibuf_I_O)         1.415     1.415 r  sys_clk_IBUF_inst/O
                         net (fo=1, routed)           1.873     3.288    sys_clk_IBUF
    BUFGCTRL_X0Y4        BUFG (Prop_bufg_I_O)         0.085     3.373 r  sys_clk_IBUF_BUFG_inst/O
                         net (fo=186, routed)         1.550     4.923    u_pl/u_clk/sys_clk_IBUF_BUFG
    MMCME2_ADV_X1Y0      MMCME2_ADV (Prop_mmcme2_adv_CLKIN1_CLKOUT0)
                                                     -3.232     1.691 r  u_pl/u_clk/u_mmcm/CLKOUT0
                         net (fo=1, routed)           1.597     3.288    u_pl/u_clk/clkout0
    BUFGCTRL_X0Y0        BUFG (Prop_bufg_I_O)         0.085     3.373 r  u_pl/u_clk/u_bufg_pix/O
                         net (fo=5515, routed)        1.443     4.816    u_pl/u_zfit/clk_pix
    SLICE_X81Y82         FDCE                                         r  u_pl/u_zfit/inv_fit_reg[2]/C
  -------------------------------------------------------------------    -------------------
    SLICE_X81Y82         FDCE (Prop_fdce_C_Q)         0.348     5.164 r  u_pl/u_zfit/inv_fit_reg[2]/Q
                         net (fo=3, routed)           1.184     6.349    u_pl/u_zfit/Q[2]
    SLICE_X56Y81         LUT5 (Prop_lut5_I0_O)        0.242     6.591 r  u_pl/u_zfit/bus[19]_i_12/O
                         net (fo=1, routed)           0.000     6.591    u_pl/u_zctrl/bus_reg[19]_i_2_0[1]
    SLICE_X56Y81         CARRY4 (Prop_carry4_S[1]_CO[3])
                                                      0.457     7.048 r  u_pl/u_zctrl/bus_reg[19]_i_3/CO[3]
                         net (fo=1, routed)           0.000     7.048    u_pl/u_zctrl/bus_reg[19]_i_3_n_0
    SLICE_X56Y82         CARRY4 (Prop_carry4_CI_CO[0])
                                                      0.216     7.264 r  u_pl/u_zctrl/bus_reg[19]_i_2/CO[0]
                         net (fo=10, routed)          0.729     7.992    u_pl/u_ang/bus_reg[19][0]
    SLICE_X52Y79         LUT2 (Prop_lut2_I1_O)        0.309     8.301 r  u_pl/u_ang/bus[19]_i_1/O
                         net (fo=8, routed)           0.882     9.183    u_pl/u_zfit/rot_forced
    SLICE_X56Y80         LUT4 (Prop_lut4_I3_O)        0.127     9.310 r  u_pl/u_zfit/bus[5]_i_1/O
                         net (fo=13, routed)          1.041    10.351    u_pl/u_zmap/B[5]
    DSP48_X2Y32          DSP48E1 (Prop_dsp48e1_B[5]_P[1])
                                                      3.239    13.590 f  u_pl/u_zmap/rot_ys/P[1]
                         net (fo=1, routed)           0.806    14.396    u_pl/u_zmap/rot_ys_n_104
    SLICE_X35Y80         LUT4 (Prop_lut4_I1_O)        0.105    14.501 f  u_pl/u_zmap/frac_y[2]_i_5/O
                         net (fo=8, routed)           0.797    15.299    u_pl/u_zmap/frac_y[2]_i_5_n_0
    SLICE_X37Y76         LUT5 (Prop_lut5_I4_O)        0.105    15.404 r  u_pl/u_zmap/frac_y[1]_i_2/O
                         net (fo=6, routed)           0.715    16.119    u_pl/u_zmap/frac_y[1]_i_2_n_0
    SLICE_X35Y67         LUT3 (Prop_lut3_I2_O)        0.105    16.224 r  u_pl/u_zmap/y_out[3]_i_10/O
                         net (fo=1, routed)           0.000    16.224    u_pl/u_zmap/y_out[3]_i_10_n_0
    SLICE_X35Y67         CARRY4 (Prop_carry4_S[0]_O[3])
                                                      0.503    16.727 f  u_pl/u_zmap/y_out_reg[3]_i_3/O[3]
                         net (fo=2, routed)           0.784    17.511    u_pl/u_zmap/sy_c00_in[3]
    SLICE_X38Y64         LUT5 (Prop_lut5_I1_O)        0.257    17.768 f  u_pl/u_zmap/oob_i_8/O
                         net (fo=1, routed)           0.335    18.103    u_pl/u_zmap/oob_i_8_n_0
    SLICE_X38Y65         LUT6 (Prop_lut6_I2_O)        0.105    18.208 r  u_pl/u_zmap/oob_i_2/O
                         net (fo=1, routed)           0.947    19.155    u_pl/u_zmap/oob_i_2_n_0
    SLICE_X34Y65         LUT6 (Prop_lut6_I0_O)        0.105    19.260 f  u_pl/u_zmap/oob_i_1/O
                         net (fo=35, routed)          0.650    19.910    u_pl/u_zmap/oob_i_1_n_0
    SLICE_X37Y66         LUT4 (Prop_lut4_I3_O)        0.110    20.020 r  u_pl/u_zmap/y_out[8]_i_1/O
                         net (fo=1, routed)           0.375    20.394    u_pl/u_zmap/y_out[8]_i_1_n_0
    SLICE_X41Y65         FDCE                                         r  u_pl/u_zmap/y_out_reg[8]/D
  -------------------------------------------------------------------    -------------------

                         (clock clkout0_1 rise edge)
                                                     20.000    20.000 r  
    W17                                               0.000    20.000 r  sys_clk (IN)
                         net (fo=0)                   0.000    20.000    sys_clk
    W17                  IBUF (Prop_ibuf_I_O)         1.349    21.349 r  sys_clk_IBUF_inst/O
                         net (fo=1, routed)           1.701    23.050    sys_clk_IBUF
    BUFGCTRL_X0Y4        BUFG (Prop_bufg_I_O)         0.077    23.127 r  sys_clk_IBUF_BUFG_inst/O
                         net (fo=186, routed)         1.384    24.511    u_pl/u_clk/sys_clk_IBUF_BUFG
    MMCME2_ADV_X1Y0      MMCME2_ADV (Prop_mmcme2_adv_CLKIN1_CLKOUT0)
                                                     -2.915    21.596 r  u_pl/u_clk/u_mmcm/CLKOUT0
                         net (fo=1, routed)           1.454    23.050    u_pl/u_clk/clkout0
    BUFGCTRL_X0Y0        BUFG (Prop_bufg_I_O)         0.077    23.127 r  u_pl/u_clk/u_bufg_pix/O
                         net (fo=5515, routed)        1.231    24.358    u_pl/u_zmap/clk_pix
    SLICE_X41Y65         FDCE                                         r  u_pl/u_zmap/y_out_reg[8]/C
                         clock pessimism              0.258    24.616    
                         clock uncertainty           -0.094    24.522    
    SLICE_X41Y65         FDCE (Setup_fdce_C_D)       -0.210    24.312    u_pl/u_zmap/y_out_reg[8]
  -------------------------------------------------------------------
                         required time                         24.312    
                         arrival time                         -20.394    
  -------------------------------------------------------------------
                         slack                                  3.918    

Slack (MET) :             4.277ns  (required time - arrival time)
  Source:                 u_pl/x_d_reg[20][3]/C
                            (rising edge-triggered cell FDCE clocked by clkout0_1  {rise@0.000ns fall@10.000ns period=20.000ns})
  Destination:            u_pl/u_osd/ch_r_reg/ADDRARDADDR[7]
                            (rising edge-triggered cell RAMB18E1 clocked by clkout0_1  {rise@0.000ns fall@10.000ns period=20.000ns})
  Path Group:             clkout0_1
  Path Type:              Setup (Max at Slow Process Corner)
  Requirement:            20.000ns  (clkout0_1 rise@20.000ns - clkout0_1 rise@0.000ns)
  Data Path Delay:        15.187ns  (logic 5.973ns (39.331%)  route 9.214ns (60.669%))
  Logic Levels:           21  (CARRY4=10 LUT2=1 LUT3=2 LUT4=5 LUT6=3)
  Clock Path Skew:        0.048ns (DCD - SCD + CPR)
    Destination Clock Delay (DCD):    4.448ns = ( 24.448 - 20.000 ) 
    Source Clock Delay      (SCD):    4.742ns
    Clock Pessimism Removal (CPR):    0.342ns
  Clock Uncertainty:      0.094ns  ((TSJ^2 + DJ^2)^1/2) / 2 + PE
    Total System Jitter     (TSJ):    0.071ns
    Discrete Jitter          (DJ):    0.175ns
    Phase Error              (PE):    0.000ns

    Location             Delay type                Incr(ns)  Path(ns)    Netlist Resource(s)
  -------------------------------------------------------------------    -------------------
                         (clock clkout0_1 rise edge)
                                                      0.000     0.000 r  
    W17                                               0.000     0.000 r  sys_clk (IN)
                         net (fo=0)                   0.000     0.000    sys_clk
    W17                  IBUF (Prop_ibuf_I_O)         1.415     1.415 r  sys_clk_IBUF_inst/O
                         net (fo=1, routed)           1.873     3.288    sys_clk_IBUF
    BUFGCTRL_X0Y4        BUFG (Prop_bufg_I_O)         0.085     3.373 r  sys_clk_IBUF_BUFG_inst/O
                         net (fo=186, routed)         1.550     4.923    u_pl/u_clk/sys_clk_IBUF_BUFG
    MMCME2_ADV_X1Y0      MMCME2_ADV (Prop_mmcme2_adv_CLKIN1_CLKOUT0)
                                                     -3.232     1.691 r  u_pl/u_clk/u_mmcm/CLKOUT0
                         net (fo=1, routed)           1.597     3.288    u_pl/u_clk/clkout0
    BUFGCTRL_X0Y0        BUFG (Prop_bufg_I_O)         0.085     3.373 r  u_pl/u_clk/u_bufg_pix/O
                         net (fo=5515, routed)        1.369     4.742    u_pl/clk_pix
    SLICE_X52Y68         FDCE                                         r  u_pl/x_d_reg[20][3]/C
  -------------------------------------------------------------------    -------------------
    SLICE_X52Y68         FDCE (Prop_fdce_C_Q)         0.348     5.090 r  u_pl/x_d_reg[20][3]/Q
                         net (fo=5, routed)           0.389     5.479    u_pl/u_osd/s_pix_x_reg[0]_3[0]
    SLICE_X53Y69         CARRY4 (Prop_carry4_S[0]_CO[3])
                                                      0.680     6.159 r  u_pl/u_osd/s_pix_x_reg[0]_i_2/CO[3]
                         net (fo=1, routed)           0.000     6.159    u_pl/u_osd/s_pix_x_reg[0]_i_2_n_0
    SLICE_X53Y70         CARRY4 (Prop_carry4_CI_O[0])
                                                      0.180     6.339 f  u_pl/u_osd/s_pix_x_reg[0]_i_38/O[0]
                         net (fo=23, routed)          0.968     7.308    u_pl/u_osd/lx[7]
    SLICE_X58Y73         LUT3 (Prop_lut3_I1_O)        0.249     7.557 r  u_pl/u_osd/s_pix_x[0]_i_51/O
                         net (fo=4, routed)           0.650     8.207    u_pl/u_osd/s_pix_x[0]_i_51_n_0
    SLICE_X57Y72         LUT4 (Prop_lut4_I3_O)        0.105     8.312 r  u_pl/u_osd/ch_r_reg_i_776/O
                         net (fo=1, routed)           0.000     8.312    u_pl/u_osd/ch_r_reg_i_776_n_0
    SLICE_X57Y72         CARRY4 (Prop_carry4_S[0]_CO[3])
                                                      0.440     8.752 r  u_pl/u_osd/ch_r_reg_i_656/CO[3]
                         net (fo=1, routed)           0.000     8.752    u_pl/u_osd/ch_r_reg_i_656_n_0
    SLICE_X57Y73         CARRY4 (Prop_carry4_CI_CO[3])
                                                      0.098     8.850 r  u_pl/u_osd/ch_r_reg_i_402/CO[3]
                         net (fo=1, routed)           0.000     8.850    u_pl/u_osd/ch_r_reg_i_402_n_0
    SLICE_X57Y74         CARRY4 (Prop_carry4_CI_O[0])
                                                      0.180     9.030 r  u_pl/u_osd/ch_r_reg_i_401/O[0]
                         net (fo=2, routed)           0.823     9.852    u_pl/u_osd/ch_r_reg_i_401_n_7
    SLICE_X55Y71         LUT3 (Prop_lut3_I2_O)        0.263    10.115 r  u_pl/u_osd/ch_r_reg_i_150/O
                         net (fo=2, routed)           0.525    10.640    u_pl/u_osd/ch_r_reg_i_150_n_0
    SLICE_X56Y74         CARRY4 (Prop_carry4_DI[3]_CO[3])
                                                      0.480    11.120 r  u_pl/u_osd/ch_r_reg_i_44/CO[3]
                         net (fo=1, routed)           0.008    11.128    u_pl/u_osd/ch_r_reg_i_44_n_0
    SLICE_X56Y75         CARRY4 (Prop_carry4_CI_O[1])
                                                      0.265    11.393 r  u_pl/u_osd/ch_r_reg_i_404/O[1]
                         net (fo=3, routed)           0.524    11.917    u_pl/u_osd/ch_r_reg_i_404_n_6
    SLICE_X54Y74         LUT2 (Prop_lut2_I0_O)        0.250    12.167 r  u_pl/u_osd/ch_r_reg_i_667/O
                         net (fo=1, routed)           0.000    12.167    u_pl/u_osd/ch_r_reg_i_667_n_0
    SLICE_X54Y74         CARRY4 (Prop_carry4_S[1]_CO[3])
                                                      0.444    12.611 r  u_pl/u_osd/ch_r_reg_i_403/CO[3]
                         net (fo=1, routed)           0.008    12.619    u_pl/u_osd/ch_r_reg_i_403_n_0
    SLICE_X54Y75         CARRY4 (Prop_carry4_CI_O[0])
                                                      0.178    12.797 r  u_pl/u_osd/ch_r_reg_i_158/O[0]
                         net (fo=39, routed)          0.626    13.424    u_pl/u_osd/ch_r_reg_i_404_0[0]
    SLICE_X55Y75         LUT4 (Prop_lut4_I2_O)        0.238    13.662 r  u_pl/u_osd/ch_r_reg_i_409/O
                         net (fo=1, routed)           0.000    13.662    u_pl/u_osd/ch_r_reg_i_409_n_0
    SLICE_X55Y75         CARRY4 (Prop_carry4_S[1]_CO[1])
                                                      0.408    14.070 r  u_pl/u_osd/ch_r_reg_i_160/CO[1]
                         net (fo=38, routed)          1.229    15.299    u_pl/u_osd/ch_r_reg_i_410_0[0]
    SLICE_X63Y83         LUT4 (Prop_lut4_I3_O)        0.289    15.588 f  u_pl/u_osd/ch_r_reg_i_52/O
                         net (fo=139, routed)         1.419    17.008    u_pl/u_eff/ch_r_reg_i_113_2
    SLICE_X51Y85         LUT4 (Prop_lut4_I2_O)        0.296    17.304 f  u_pl/u_eff/ch_r_reg_i_528/O
                         net (fo=2, routed)           0.362    17.666    u_pl/u_eff/ch_r_reg_i_528_n_0
    SLICE_X51Y85         LUT4 (Prop_lut4_I3_O)        0.267    17.933 f  u_pl/u_eff/ch_r_reg_i_268/O
                         net (fo=1, routed)           0.426    18.359    u_pl/u_eff/ch_r_reg_i_268_n_0
    SLICE_X54Y85         LUT6 (Prop_lut6_I5_O)        0.105    18.464 r  u_pl/u_eff/ch_r_reg_i_94/O
                         net (fo=1, routed)           0.332    18.796    u_pl/u_eff/ch_r_reg_i_94_n_0
    SLICE_X57Y84         LUT6 (Prop_lut6_I5_O)        0.105    18.901 f  u_pl/u_eff/ch_r_reg_i_27/O
                         net (fo=1, routed)           0.335    19.236    u_pl/u_eff/ch_r_reg_i_27_n_0
    SLICE_X58Y84         LUT6 (Prop_lut6_I3_O)        0.105    19.341 r  u_pl/u_eff/ch_r_reg_i_5/O
                         net (fo=1, routed)           0.588    19.929    u_pl/u_osd/ADDRARDADDR[3]
    RAMB18_X3Y34         RAMB18E1                                     r  u_pl/u_osd/ch_r_reg/ADDRARDADDR[7]
  -------------------------------------------------------------------    -------------------

                         (clock clkout0_1 rise edge)
                                                     20.000    20.000 r  
    W17                                               0.000    20.000 r  sys_clk (IN)
                         net (fo=0)                   0.000    20.000    sys_clk
    W17                  IBUF (Prop_ibuf_I_O)         1.349    21.349 r  sys_clk_IBUF_inst/O
                         net (fo=1, routed)           1.701    23.050    sys_clk_IBUF
    BUFGCTRL_X0Y4        BUFG (Prop_bufg_I_O)         0.077    23.127 r  sys_clk_IBUF_BUFG_inst/O
                         net (fo=186, routed)         1.384    24.511    u_pl/u_clk/sys_clk_IBUF_BUFG
    MMCME2_ADV_X1Y0      MMCME2_ADV (Prop_mmcme2_adv_CLKIN1_CLKOUT0)
                                                     -2.915    21.596 r  u_pl/u_clk/u_mmcm/CLKOUT0
                         net (fo=1, routed)           1.454    23.050    u_pl/u_clk/clkout0
    BUFGCTRL_X0Y0        BUFG (Prop_bufg_I_O)         0.077    23.127 r  u_pl/u_clk/u_bufg_pix/O
                         net (fo=5515, routed)        1.321    24.448    u_pl/u_osd/clk_pix
    RAMB18_X3Y34         RAMB18E1                                     r  u_pl/u_osd/ch_r_reg/CLKARDCLK
                         clock pessimism              0.342    24.790    
                         clock uncertainty           -0.094    24.696    
    RAMB18_X3Y34         RAMB18E1 (Setup_ramb18e1_CLKARDCLK_ADDRARDADDR[7])
                                                     -0.490    24.206    u_pl/u_osd/ch_r_reg
  -------------------------------------------------------------------
                         required time                         24.206    
                         arrival time                         -19.929    
  -------------------------------------------------------------------
                         slack                                  4.277    

Slack (MET) :             4.388ns  (required time - arrival time)
  Source:                 u_pl/x_d_reg[20][3]/C
                            (rising edge-triggered cell FDCE clocked by clkout0_1  {rise@0.000ns fall@10.000ns period=20.000ns})
  Destination:            u_pl/u_osd/ch_r_reg/ADDRARDADDR[4]
                            (rising edge-triggered cell RAMB18E1 clocked by clkout0_1  {rise@0.000ns fall@10.000ns period=20.000ns})
  Path Group:             clkout0_1
  Path Type:              Setup (Max at Slow Process Corner)
  Requirement:            20.000ns  (clkout0_1 rise@20.000ns - clkout0_1 rise@0.000ns)
  Data Path Delay:        15.076ns  (logic 5.790ns (38.406%)  route 9.286ns (61.594%))
  Logic Levels:           21  (CARRY4=10 LUT2=1 LUT3=2 LUT4=3 LUT5=1 LUT6=4)
  Clock Path Skew:        0.048ns (DCD - SCD + CPR)
    Destination Clock Delay (DCD):    4.448ns = ( 24.448 - 20.000 ) 
    Source Clock Delay      (SCD):    4.742ns
    Clock Pessimism Removal (CPR):    0.342ns
  Clock Uncertainty:      0.094ns  ((TSJ^2 + DJ^2)^1/2) / 2 + PE
    Total System Jitter     (TSJ):    0.071ns
    Discrete Jitter          (DJ):    0.175ns
    Phase Error              (PE):    0.000ns

    Location             Delay type                Incr(ns)  Path(ns)    Netlist Resource(s)
  -------------------------------------------------------------------    -------------------
                         (clock clkout0_1 rise edge)
                                                      0.000     0.000 r  
    W17                                               0.000     0.000 r  sys_clk (IN)
                         net (fo=0)                   0.000     0.000    sys_clk
    W17                  IBUF (Prop_ibuf_I_O)         1.415     1.415 r  sys_clk_IBUF_inst/O
                         net (fo=1, routed)           1.873     3.288    sys_clk_IBUF
    BUFGCTRL_X0Y4        BUFG (Prop_bufg_I_O)         0.085     3.373 r  sys_clk_IBUF_BUFG_inst/O
                         net (fo=186, routed)         1.550     4.923    u_pl/u_clk/sys_clk_IBUF_BUFG
    MMCME2_ADV_X1Y0      MMCME2_ADV (Prop_mmcme2_adv_CLKIN1_CLKOUT0)
                                                     -3.232     1.691 r  u_pl/u_clk/u_mmcm/CLKOUT0
                         net (fo=1, routed)           1.597     3.288    u_pl/u_clk/clkout0
    BUFGCTRL_X0Y0        BUFG (Prop_bufg_I_O)         0.085     3.373 r  u_pl/u_clk/u_bufg_pix/O
                         net (fo=5515, routed)        1.369     4.742    u_pl/clk_pix
    SLICE_X52Y68         FDCE                                         r  u_pl/x_d_reg[20][3]/C
  -------------------------------------------------------------------    -------------------
    SLICE_X52Y68         FDCE (Prop_fdce_C_Q)         0.348     5.090 r  u_pl/x_d_reg[20][3]/Q
                         net (fo=5, routed)           0.389     5.479    u_pl/u_osd/s_pix_x_reg[0]_3[0]
    SLICE_X53Y69         CARRY4 (Prop_carry4_S[0]_CO[3])
                                                      0.680     6.159 r  u_pl/u_osd/s_pix_x_reg[0]_i_2/CO[3]
                         net (fo=1, routed)           0.000     6.159    u_pl/u_osd/s_pix_x_reg[0]_i_2_n_0
    SLICE_X53Y70         CARRY4 (Prop_carry4_CI_O[0])
                                                      0.180     6.339 f  u_pl/u_osd/s_pix_x_reg[0]_i_38/O[0]
                         net (fo=23, routed)          0.968     7.308    u_pl/u_osd/lx[7]
    SLICE_X58Y73         LUT3 (Prop_lut3_I1_O)        0.249     7.557 r  u_pl/u_osd/s_pix_x[0]_i_51/O
                         net (fo=4, routed)           0.650     8.207    u_pl/u_osd/s_pix_x[0]_i_51_n_0
    SLICE_X57Y72         LUT4 (Prop_lut4_I3_O)        0.105     8.312 r  u_pl/u_osd/ch_r_reg_i_776/O
                         net (fo=1, routed)           0.000     8.312    u_pl/u_osd/ch_r_reg_i_776_n_0
    SLICE_X57Y72         CARRY4 (Prop_carry4_S[0]_CO[3])
                                                      0.440     8.752 r  u_pl/u_osd/ch_r_reg_i_656/CO[3]
                         net (fo=1, routed)           0.000     8.752    u_pl/u_osd/ch_r_reg_i_656_n_0
    SLICE_X57Y73         CARRY4 (Prop_carry4_CI_CO[3])
                                                      0.098     8.850 r  u_pl/u_osd/ch_r_reg_i_402/CO[3]
                         net (fo=1, routed)           0.000     8.850    u_pl/u_osd/ch_r_reg_i_402_n_0
    SLICE_X57Y74         CARRY4 (Prop_carry4_CI_O[0])
                                                      0.180     9.030 r  u_pl/u_osd/ch_r_reg_i_401/O[0]
                         net (fo=2, routed)           0.823     9.852    u_pl/u_osd/ch_r_reg_i_401_n_7
    SLICE_X55Y71         LUT3 (Prop_lut3_I2_O)        0.263    10.115 r  u_pl/u_osd/ch_r_reg_i_150/O
                         net (fo=2, routed)           0.525    10.640    u_pl/u_osd/ch_r_reg_i_150_n_0
    SLICE_X56Y74         CARRY4 (Prop_carry4_DI[3]_CO[3])
                                                      0.480    11.120 r  u_pl/u_osd/ch_r_reg_i_44/CO[3]
                         net (fo=1, routed)           0.008    11.128    u_pl/u_osd/ch_r_reg_i_44_n_0
    SLICE_X56Y75         CARRY4 (Prop_carry4_CI_O[1])
                                                      0.265    11.393 r  u_pl/u_osd/ch_r_reg_i_404/O[1]
                         net (fo=3, routed)           0.524    11.917    u_pl/u_osd/ch_r_reg_i_404_n_6
    SLICE_X54Y74         LUT2 (Prop_lut2_I0_O)        0.250    12.167 r  u_pl/u_osd/ch_r_reg_i_667/O
                         net (fo=1, routed)           0.000    12.167    u_pl/u_osd/ch_r_reg_i_667_n_0
    SLICE_X54Y74         CARRY4 (Prop_carry4_S[1]_CO[3])
                                                      0.444    12.611 r  u_pl/u_osd/ch_r_reg_i_403/CO[3]
                         net (fo=1, routed)           0.008    12.619    u_pl/u_osd/ch_r_reg_i_403_n_0
    SLICE_X54Y75         CARRY4 (Prop_carry4_CI_O[0])
                                                      0.178    12.797 r  u_pl/u_osd/ch_r_reg_i_158/O[0]
                         net (fo=39, routed)          0.626    13.424    u_pl/u_osd/ch_r_reg_i_404_0[0]
    SLICE_X55Y75         LUT4 (Prop_lut4_I2_O)        0.238    13.662 r  u_pl/u_osd/ch_r_reg_i_409/O
                         net (fo=1, routed)           0.000    13.662    u_pl/u_osd/ch_r_reg_i_409_n_0
    SLICE_X55Y75         CARRY4 (Prop_carry4_S[1]_CO[1])
                                                      0.408    14.070 r  u_pl/u_osd/ch_r_reg_i_160/CO[1]
                         net (fo=38, routed)          1.229    15.299    u_pl/u_osd/ch_r_reg_i_410_0[0]
    SLICE_X63Y83         LUT4 (Prop_lut4_I3_O)        0.289    15.588 f  u_pl/u_osd/ch_r_reg_i_52/O
                         net (fo=139, routed)         0.848    16.437    u_pl/u_ang/ch_r_reg_1
    SLICE_X61Y77         LUT5 (Prop_lut5_I0_O)        0.275    16.712 r  u_pl/u_ang/ch_r_reg_i_486/O
                         net (fo=6, routed)           0.501    17.213    u_pl/u_ang/angle_reg[8]_0
    SLICE_X59Y77         LUT6 (Prop_lut6_I1_O)        0.105    17.318 f  u_pl/u_ang/ch_r_reg_i_362/O
                         net (fo=1, routed)           0.455    17.772    u_pl/u_ang/ch_r_reg_i_362_n_0
    SLICE_X59Y78         LUT6 (Prop_lut6_I2_O)        0.105    17.877 f  u_pl/u_ang/ch_r_reg_i_136/O
                         net (fo=1, routed)           0.747    18.625    u_pl/u_eff/ch_r_reg_0
    SLICE_X60Y80         LUT6 (Prop_lut6_I3_O)        0.105    18.730 f  u_pl/u_eff/ch_r_reg_i_40/O
                         net (fo=1, routed)           0.464    19.193    u_pl/u_eff/ch_r_reg_i_40_n_0
    SLICE_X60Y84         LUT6 (Prop_lut6_I0_O)        0.105    19.298 r  u_pl/u_eff/ch_r_reg_i_8/O
                         net (fo=1, routed)           0.520    19.818    u_pl/u_osd/ADDRARDADDR[0]
    RAMB18_X3Y34         RAMB18E1                                     r  u_pl/u_osd/ch_r_reg/ADDRARDADDR[4]
  -------------------------------------------------------------------    -------------------

                         (clock clkout0_1 rise edge)
                                                     20.000    20.000 r  
    W17                                               0.000    20.000 r  sys_clk (IN)
                         net (fo=0)                   0.000    20.000    sys_clk
    W17                  IBUF (Prop_ibuf_I_O)         1.349    21.349 r  sys_clk_IBUF_inst/O
                         net (fo=1, routed)           1.701    23.050    sys_clk_IBUF
    BUFGCTRL_X0Y4        BUFG (Prop_bufg_I_O)         0.077    23.127 r  sys_clk_IBUF_BUFG_inst/O
                         net (fo=186, routed)         1.384    24.511    u_pl/u_clk/sys_clk_IBUF_BUFG
    MMCME2_ADV_X1Y0      MMCME2_ADV (Prop_mmcme2_adv_CLKIN1_CLKOUT0)
                                                     -2.915    21.596 r  u_pl/u_clk/u_mmcm/CLKOUT0
                         net (fo=1, routed)           1.454    23.050    u_pl/u_clk/clkout0
    BUFGCTRL_X0Y0        BUFG (Prop_bufg_I_O)         0.077    23.127 r  u_pl/u_clk/u_bufg_pix/O
                         net (fo=5515, routed)        1.321    24.448    u_pl/u_osd/clk_pix
    RAMB18_X3Y34         RAMB18E1                                     r  u_pl/u_osd/ch_r_reg/CLKARDCLK
                         clock pessimism              0.342    24.790    
                         clock uncertainty           -0.094    24.696    
    RAMB18_X3Y34         RAMB18E1 (Setup_ramb18e1_CLKARDCLK_ADDRARDADDR[4])
                                                     -0.490    24.206    u_pl/u_osd/ch_r_reg
  -------------------------------------------------------------------
                         required time                         24.206    
                         arrival time                         -19.818    
  -------------------------------------------------------------------
                         slack                                  4.388    




