Copyright 1986-2022 Xilinx, Inc. All Rights Reserved. Copyright 2022-2026 Advanced Micro Devices, Inc. All Rights Reserved.
----------------------------------------------------------------------------------------------------------------------------------------------------------------------------------------------------------------------------------------------------------------------------
| Tool Version : Vivado v.2025.2.1 (win64) Build 6403652 Thu Mar 19 19:48:24 GMT 2026
| Date         : Sat Oct  3 08:59:22 2026
| Host         : Uie-laptop running 64-bit major release  (build 9200)
| Command      : report_timing -from [get_cells -quiet u_eth/u_rx_par/p_eof_reg] -to [get_cells -quiet {u_eth/u_reasm/rows_hit_reg[*]}] -delay_type max -nworst 1 -max_paths 3 -file D:/Xilinx/Prj/pro/Video_Processing/build/r112_probe_reasm_u_eth_u_rx_par_p_eof_reg.rpt
| Design       : system_top
| Device       : 7z020-clg484
| Speed File   : -2  PRODUCTION 1.12 2019-11-22
| Design State : Routed
----------------------------------------------------------------------------------------------------------------------------------------------------------------------------------------------------------------------------------------------------------------------------

Timing Report

Slack (MET) :             0.445ns  (required time - arrival time)
  Source:                 u_eth/u_rx_par/p_eof_reg/C
                            (rising edge-triggered cell FDCE clocked by eth_rxc  {rise@0.000ns fall@4.000ns period=8.000ns})
  Destination:            u_eth/u_reasm/rows_hit_reg[12]/CE
                            (rising edge-triggered cell FDCE clocked by eth_rxc  {rise@0.000ns fall@4.000ns period=8.000ns})
  Path Group:             eth_rxc
  Path Type:              Setup (Max at Slow Process Corner)
  Requirement:            8.000ns  (eth_rxc rise@8.000ns - eth_rxc rise@0.000ns)
  Data Path Delay:        7.225ns  (logic 1.136ns (15.724%)  route 6.089ns (84.276%))
  Logic Levels:           4  (LUT3=2 LUT5=1 LUT6=1)
  Clock Path Skew:        -0.127ns (DCD - SCD + CPR)
    Destination Clock Delay (DCD):    4.454ns = ( 12.454 - 8.000 ) 
    Source Clock Delay      (SCD):    4.839ns
    Clock Pessimism Removal (CPR):    0.258ns
  Clock Uncertainty:      0.035ns  ((TSJ^2 + TIJ^2)^1/2 + DJ) / 2 + PE
    Total System Jitter     (TSJ):    0.071ns
    Total Input Jitter      (TIJ):    0.000ns
    Discrete Jitter          (DJ):    0.000ns
    Phase Error              (PE):    0.000ns

    Location             Delay type                Incr(ns)  Path(ns)    Netlist Resource(s)
  -------------------------------------------------------------------    -------------------
                         (clock eth_rxc rise edge)    0.000     0.000 r  
    Y19                                               0.000     0.000 r  eth_rxc (IN)
                         net (fo=0)                   0.000     0.000    eth_rxc
    Y19                  IBUF (Prop_ibuf_I_O)         1.430     1.430 r  eth_rxc_IBUF_inst/O
                         net (fo=1, routed)           1.873     3.303    u_eth/u_rgmii/u_rgmii_rx/rgmii_rxc
    BUFGCTRL_X0Y1        BUFG (Prop_bufg_I_O)         0.085     3.388 r  u_eth/u_rgmii/u_rgmii_rx/BUFG_inst/O
                         net (fo=2546, routed)        1.451     4.839    u_eth/u_rx_par/gmii_rx_clk
    SLICE_X57Y34         FDCE                                         r  u_eth/u_rx_par/p_eof_reg/C
  -------------------------------------------------------------------    -------------------
    SLICE_X57Y34         FDCE (Prop_fdce_C_Q)         0.379     5.218 r  u_eth/u_rx_par/p_eof_reg/Q
                         net (fo=8, routed)           2.141     7.359    u_eth/u_rx_par/p_eof
    SLICE_X40Y33         LUT3 (Prop_lut3_I2_O)        0.115     7.474 r  u_eth/u_rx_par/stat_bytes[31]_i_1/O
                         net (fo=34, routed)          0.861     8.335    u_eth/u_reasm/E[0]
    SLICE_X33Y33         LUT6 (Prop_lut6_I0_O)        0.267     8.602 r  u_eth/u_reasm/frame_done_i_1/O
                         net (fo=26, routed)          0.868     9.470    u_eth/u_reasm/frame_done_i_1_n_0
    SLICE_X35Y30         LUT3 (Prop_lut3_I0_O)        0.108     9.578 r  u_eth/u_reasm/rok4[51]_i_1/O
                         net (fo=304, routed)         1.192    10.770    u_eth/u_reasm/rok4[51]_i_1_n_0
    SLICE_X29Y24         LUT5 (Prop_lut5_I2_O)        0.267    11.037 r  u_eth/u_reasm/rows_hit[15]_i_1/O
                         net (fo=16, routed)          1.027    12.063    u_eth/u_reasm/rows_hit[15]_i_1_n_0
    SLICE_X28Y36         FDCE                                         r  u_eth/u_reasm/rows_hit_reg[12]/CE
  -------------------------------------------------------------------    -------------------

                         (clock eth_rxc rise edge)    8.000     8.000 r  
    Y19                                               0.000     8.000 r  eth_rxc (IN)
                         net (fo=0)                   0.000     8.000    eth_rxc
    Y19                  IBUF (Prop_ibuf_I_O)         1.364     9.364 r  eth_rxc_IBUF_inst/O
                         net (fo=1, routed)           1.701    11.065    u_eth/u_rgmii/u_rgmii_rx/rgmii_rxc
    BUFGCTRL_X0Y1        BUFG (Prop_bufg_I_O)         0.077    11.142 r  u_eth/u_rgmii/u_rgmii_rx/BUFG_inst/O
                         net (fo=2546, routed)        1.312    12.454    u_eth/u_reasm/gmii_rx_clk
    SLICE_X28Y36         FDCE                                         r  u_eth/u_reasm/rows_hit_reg[12]/C
                         clock pessimism              0.258    12.711    
                         clock uncertainty           -0.035    12.676    
    SLICE_X28Y36         FDCE (Setup_fdce_C_CE)      -0.168    12.508    u_eth/u_reasm/rows_hit_reg[12]
  -------------------------------------------------------------------
                         required time                         12.508    
                         arrival time                         -12.063    
  -------------------------------------------------------------------
                         slack                                  0.445    

Slack (MET) :             0.445ns  (required time - arrival time)
  Source:                 u_eth/u_rx_par/p_eof_reg/C
                            (rising edge-triggered cell FDCE clocked by eth_rxc  {rise@0.000ns fall@4.000ns period=8.000ns})
  Destination:            u_eth/u_reasm/rows_hit_reg[13]/CE
                            (rising edge-triggered cell FDCE clocked by eth_rxc  {rise@0.000ns fall@4.000ns period=8.000ns})
  Path Group:             eth_rxc
  Path Type:              Setup (Max at Slow Process Corner)
  Requirement:            8.000ns  (eth_rxc rise@8.000ns - eth_rxc rise@0.000ns)
  Data Path Delay:        7.225ns  (logic 1.136ns (15.724%)  route 6.089ns (84.276%))
  Logic Levels:           4  (LUT3=2 LUT5=1 LUT6=1)
  Clock Path Skew:        -0.127ns (DCD - SCD + CPR)
    Destination Clock Delay (DCD):    4.454ns = ( 12.454 - 8.000 ) 
    Source Clock Delay      (SCD):    4.839ns
    Clock Pessimism Removal (CPR):    0.258ns
  Clock Uncertainty:      0.035ns  ((TSJ^2 + TIJ^2)^1/2 + DJ) / 2 + PE
    Total System Jitter     (TSJ):    0.071ns
    Total Input Jitter      (TIJ):    0.000ns
    Discrete Jitter          (DJ):    0.000ns
    Phase Error              (PE):    0.000ns

    Location             Delay type                Incr(ns)  Path(ns)    Netlist Resource(s)
  -------------------------------------------------------------------    -------------------
                         (clock eth_rxc rise edge)    0.000     0.000 r  
    Y19                                               0.000     0.000 r  eth_rxc (IN)
                         net (fo=0)                   0.000     0.000    eth_rxc
    Y19                  IBUF (Prop_ibuf_I_O)         1.430     1.430 r  eth_rxc_IBUF_inst/O
                         net (fo=1, routed)           1.873     3.303    u_eth/u_rgmii/u_rgmii_rx/rgmii_rxc
    BUFGCTRL_X0Y1        BUFG (Prop_bufg_I_O)         0.085     3.388 r  u_eth/u_rgmii/u_rgmii_rx/BUFG_inst/O
                         net (fo=2546, routed)        1.451     4.839    u_eth/u_rx_par/gmii_rx_clk
    SLICE_X57Y34         FDCE                                         r  u_eth/u_rx_par/p_eof_reg/C
  -------------------------------------------------------------------    -------------------
    SLICE_X57Y34         FDCE (Prop_fdce_C_Q)         0.379     5.218 r  u_eth/u_rx_par/p_eof_reg/Q
                         net (fo=8, routed)           2.141     7.359    u_eth/u_rx_par/p_eof
    SLICE_X40Y33         LUT3 (Prop_lut3_I2_O)        0.115     7.474 r  u_eth/u_rx_par/stat_bytes[31]_i_1/O
                         net (fo=34, routed)          0.861     8.335    u_eth/u_reasm/E[0]
    SLICE_X33Y33         LUT6 (Prop_lut6_I0_O)        0.267     8.602 r  u_eth/u_reasm/frame_done_i_1/O
                         net (fo=26, routed)          0.868     9.470    u_eth/u_reasm/frame_done_i_1_n_0
    SLICE_X35Y30         LUT3 (Prop_lut3_I0_O)        0.108     9.578 r  u_eth/u_reasm/rok4[51]_i_1/O
                         net (fo=304, routed)         1.192    10.770    u_eth/u_reasm/rok4[51]_i_1_n_0
    SLICE_X29Y24         LUT5 (Prop_lut5_I2_O)        0.267    11.037 r  u_eth/u_reasm/rows_hit[15]_i_1/O
                         net (fo=16, routed)          1.027    12.063    u_eth/u_reasm/rows_hit[15]_i_1_n_0
    SLICE_X28Y36         FDCE                                         r  u_eth/u_reasm/rows_hit_reg[13]/CE
  -------------------------------------------------------------------    -------------------

                         (clock eth_rxc rise edge)    8.000     8.000 r  
    Y19                                               0.000     8.000 r  eth_rxc (IN)
                         net (fo=0)                   0.000     8.000    eth_rxc
    Y19                  IBUF (Prop_ibuf_I_O)         1.364     9.364 r  eth_rxc_IBUF_inst/O
                         net (fo=1, routed)           1.701    11.065    u_eth/u_rgmii/u_rgmii_rx/rgmii_rxc
    BUFGCTRL_X0Y1        BUFG (Prop_bufg_I_O)         0.077    11.142 r  u_eth/u_rgmii/u_rgmii_rx/BUFG_inst/O
                         net (fo=2546, routed)        1.312    12.454    u_eth/u_reasm/gmii_rx_clk
    SLICE_X28Y36         FDCE                                         r  u_eth/u_reasm/rows_hit_reg[13]/C
                         clock pessimism              0.258    12.711    
                         clock uncertainty           -0.035    12.676    
    SLICE_X28Y36         FDCE (Setup_fdce_C_CE)      -0.168    12.508    u_eth/u_reasm/rows_hit_reg[13]
  -------------------------------------------------------------------
                         required time                         12.508    
                         arrival time                         -12.063    
  -------------------------------------------------------------------
                         slack                                  0.445    

Slack (MET) :             0.445ns  (required time - arrival time)
  Source:                 u_eth/u_rx_par/p_eof_reg/C
                            (rising edge-triggered cell FDCE clocked by eth_rxc  {rise@0.000ns fall@4.000ns period=8.000ns})
  Destination:            u_eth/u_reasm/rows_hit_reg[14]/CE
                            (rising edge-triggered cell FDCE clocked by eth_rxc  {rise@0.000ns fall@4.000ns period=8.000ns})
  Path Group:             eth_rxc
  Path Type:              Setup (Max at Slow Process Corner)
  Requirement:            8.000ns  (eth_rxc rise@8.000ns - eth_rxc rise@0.000ns)
  Data Path Delay:        7.225ns  (logic 1.136ns (15.724%)  route 6.089ns (84.276%))
  Logic Levels:           4  (LUT3=2 LUT5=1 LUT6=1)
  Clock Path Skew:        -0.127ns (DCD - SCD + CPR)
    Destination Clock Delay (DCD):    4.454ns = ( 12.454 - 8.000 ) 
    Source Clock Delay      (SCD):    4.839ns
    Clock Pessimism Removal (CPR):    0.258ns
  Clock Uncertainty:      0.035ns  ((TSJ^2 + TIJ^2)^1/2 + DJ) / 2 + PE
    Total System Jitter     (TSJ):    0.071ns
    Total Input Jitter      (TIJ):    0.000ns
    Discrete Jitter          (DJ):    0.000ns
    Phase Error              (PE):    0.000ns

    Location             Delay type                Incr(ns)  Path(ns)    Netlist Resource(s)
  -------------------------------------------------------------------    -------------------
                         (clock eth_rxc rise edge)    0.000     0.000 r  
    Y19                                               0.000     0.000 r  eth_rxc (IN)
                         net (fo=0)                   0.000     0.000    eth_rxc
    Y19                  IBUF (Prop_ibuf_I_O)         1.430     1.430 r  eth_rxc_IBUF_inst/O
                         net (fo=1, routed)           1.873     3.303    u_eth/u_rgmii/u_rgmii_rx/rgmii_rxc
    BUFGCTRL_X0Y1        BUFG (Prop_bufg_I_O)         0.085     3.388 r  u_eth/u_rgmii/u_rgmii_rx/BUFG_inst/O
                         net (fo=2546, routed)        1.451     4.839    u_eth/u_rx_par/gmii_rx_clk
    SLICE_X57Y34         FDCE                                         r  u_eth/u_rx_par/p_eof_reg/C
  -------------------------------------------------------------------    -------------------
    SLICE_X57Y34         FDCE (Prop_fdce_C_Q)         0.379     5.218 r  u_eth/u_rx_par/p_eof_reg/Q
                         net (fo=8, routed)           2.141     7.359    u_eth/u_rx_par/p_eof
    SLICE_X40Y33         LUT3 (Prop_lut3_I2_O)        0.115     7.474 r  u_eth/u_rx_par/stat_bytes[31]_i_1/O
                         net (fo=34, routed)          0.861     8.335    u_eth/u_reasm/E[0]
    SLICE_X33Y33         LUT6 (Prop_lut6_I0_O)        0.267     8.602 r  u_eth/u_reasm/frame_done_i_1/O
                         net (fo=26, routed)          0.868     9.470    u_eth/u_reasm/frame_done_i_1_n_0
    SLICE_X35Y30         LUT3 (Prop_lut3_I0_O)        0.108     9.578 r  u_eth/u_reasm/rok4[51]_i_1/O
                         net (fo=304, routed)         1.192    10.770    u_eth/u_reasm/rok4[51]_i_1_n_0
    SLICE_X29Y24         LUT5 (Prop_lut5_I2_O)        0.267    11.037 r  u_eth/u_reasm/rows_hit[15]_i_1/O
                         net (fo=16, routed)          1.027    12.063    u_eth/u_reasm/rows_hit[15]_i_1_n_0
    SLICE_X28Y36         FDCE                                         r  u_eth/u_reasm/rows_hit_reg[14]/CE
  -------------------------------------------------------------------    -------------------

                         (clock eth_rxc rise edge)    8.000     8.000 r  
    Y19                                               0.000     8.000 r  eth_rxc (IN)
                         net (fo=0)                   0.000     8.000    eth_rxc
    Y19                  IBUF (Prop_ibuf_I_O)         1.364     9.364 r  eth_rxc_IBUF_inst/O
                         net (fo=1, routed)           1.701    11.065    u_eth/u_rgmii/u_rgmii_rx/rgmii_rxc
    BUFGCTRL_X0Y1        BUFG (Prop_bufg_I_O)         0.077    11.142 r  u_eth/u_rgmii/u_rgmii_rx/BUFG_inst/O
                         net (fo=2546, routed)        1.312    12.454    u_eth/u_reasm/gmii_rx_clk
    SLICE_X28Y36         FDCE                                         r  u_eth/u_reasm/rows_hit_reg[14]/C
                         clock pessimism              0.258    12.711    
                         clock uncertainty           -0.035    12.676    
    SLICE_X28Y36         FDCE (Setup_fdce_C_CE)      -0.168    12.508    u_eth/u_reasm/rows_hit_reg[14]
  -------------------------------------------------------------------
                         required time                         12.508    
                         arrival time                         -12.063    
  -------------------------------------------------------------------
                         slack                                  0.445    




