Copyright 1986-2022 Xilinx, Inc. All Rights Reserved. Copyright 2022-2026 Advanced Micro Devices, Inc. All Rights Reserved.
---------------------------------------------------------------------------------------------------------------------------------------------
| Tool Version : Vivado v.2025.2.1 (win64) Build 6403652 Thu Mar 19 19:48:24 GMT 2026
| Date         : Tue Sep 29 15:35:33 2026
| Host         : Uie-laptop running 64-bit major release  (build 9200)
| Command      : report_timing_summary -file D:/Xilinx/Prj/pro/Video_Processing/build/r88_exp/timing_summary.rpt
| Design       : system_top
| Device       : 7z020-clg484
| Speed File   : -2  PRODUCTION 1.12 2019-11-22
| Design State : Routed
---------------------------------------------------------------------------------------------------------------------------------------------

Timing Summary Report

------------------------------------------------------------------------------------------------
| Timer Settings
| --------------
------------------------------------------------------------------------------------------------

  Enable Multi Corner Analysis               :  Yes
  Enable Pessimism Removal                   :  Yes
  Pessimism Removal Resolution               :  Nearest Common Node
  Enable Input Delay Default Clock           :  No
  Enable Preset / Clear Arcs                 :  No
  Disable Flight Delays                      :  No
  Ignore I/O Paths                           :  No
  Timing Early Launch at Borrowing Latches   :  No
  Borrow Time for Max Delay Exceptions       :  Yes
  Merge Timing Exceptions                    :  Yes
  Inter-SLR Compensation                     :  Conservative

  Corner  Analyze    Analyze    
  Name    Max Paths  Min Paths  
  ------  ---------  ---------  
  Slow    Yes        Yes        
  Fast    Yes        Yes        


------------------------------------------------------------------------------------------------
| Report Methodology
| ------------------
------------------------------------------------------------------------------------------------

Rule       Severity  Description                                                Violations  
---------  --------  ---------------------------------------------------------  ----------  
DPIR-1     Warning   Asynchronous driver check                                  2           
LUTAR-1    Warning   LUT drives async reset alert                               1           
SYNTH-5    Warning   Mapped onto distributed RAM because of timing constraints  336         
SYNTH-6    Warning   Timing of a RAM block might be sub-optimal                 97          
TIMING-9   Warning   Unknown CDC Logic                                          1           
TIMING-10  Warning   Missing property on synchronizer                           1           
TIMING-18  Warning   Missing input or output delay                              7           

Note: This report is based on the most recent report_methodology run and may not be up-to-date. Run report_methodology on the current design for the latest report.



check_timing report

Table of Contents
-----------------
1. checking no_clock (0)
2. checking constant_clock (0)
3. checking pulse_width_clock (0)
4. checking unconstrained_internal_endpoints (0)
5. checking no_input_delay (7)
6. checking no_output_delay (12)
7. checking multiple_clock (0)
8. checking generated_clocks (0)
9. checking loops (0)
10. checking partial_input_delay (0)
11. checking partial_output_delay (0)
12. checking latch_loops (0)

1. checking no_clock (0)
------------------------
 There are 0 register/latch pins with no clock.


2. checking constant_clock (0)
------------------------------
 There are 0 register/latch pins with constant_clock.


3. checking pulse_width_clock (0)
---------------------------------
 There are 0 register/latch pins which need pulse_width check


4. checking unconstrained_internal_endpoints (0)
------------------------------------------------
 There are 0 pins that are not constrained for maximum delay.

 There are 0 pins that are not constrained for maximum delay due to constant clock.


5. checking no_input_delay (7)
------------------------------
 There are 5 input ports with no input delay specified. (HIGH)

 There are 2 input ports with no input delay but user has a false path constraint. (MEDIUM)


6. checking no_output_delay (12)
--------------------------------
 There are 6 ports with no output delay specified. (HIGH)

 There are 6 ports with no output delay but user has a false path constraint (MEDIUM)

 There are 0 ports with no output delay but with a timing clock defined on it or propagating through it


7. checking multiple_clock (0)
------------------------------
 There are 0 register/latch pins with multiple clocks.


8. checking generated_clocks (0)
--------------------------------
 There are 0 generated clocks that are not connected to a clock source.


9. checking loops (0)
---------------------
 There are 0 combinational loops in the design.


10. checking partial_input_delay (0)
------------------------------------
 There are 0 input ports with partial input delay specified.


11. checking partial_output_delay (0)
-------------------------------------
 There are 0 ports with partial output delay specified.


12. checking latch_loops (0)
----------------------------
 There are 0 combinational latch loops in the design through latch input



------------------------------------------------------------------------------------------------
| Design Timing Summary
| ---------------------
------------------------------------------------------------------------------------------------

    WNS(ns)      TNS(ns)  TNS Failing Endpoints  TNS Total Endpoints      WHS(ns)      THS(ns)  THS Failing Endpoints  THS Total Endpoints     WPWS(ns)     TPWS(ns)  TPWS Failing Endpoints  TPWS Total Endpoints  
    -------      -------  ---------------------  -------------------      -------      -------  ---------------------  -------------------     --------     --------  ----------------------  --------------------  
      0.516        0.000                      0                50885        0.051        0.000                      0                50885        0.264        0.000                       0                 12523  


All user specified timing constraints are met.


------------------------------------------------------------------------------------------------
| Clock Summary
| -------------
------------------------------------------------------------------------------------------------

Clock         Waveform(ns)         Period(ns)      Frequency(MHz)
-----         ------------         ----------      --------------
clk_fpga_0    {0.000 5.000}        10.000          100.000         
eth_rxc       {0.000 4.000}        8.000           125.000         
sys_clk       {0.000 10.000}       20.000          50.000          
  clkfbout    {0.000 10.000}       20.000          50.000          
  clkfbout_1  {0.000 10.000}       20.000          50.000          
  clkout0_1   {0.000 10.000}       20.000          50.000          
  clkout1_1   {0.000 2.000}        4.000           250.000         
  clkout2     {0.000 2.500}        5.000           200.000         


------------------------------------------------------------------------------------------------
| Intra Clock Table
| -----------------
------------------------------------------------------------------------------------------------

Clock             WNS(ns)      TNS(ns)  TNS Failing Endpoints  TNS Total Endpoints      WHS(ns)      THS(ns)  THS Failing Endpoints  THS Total Endpoints     WPWS(ns)     TPWS(ns)  TPWS Failing Endpoints  TPWS Total Endpoints  
-----             -------      -------  ---------------------  -------------------      -------      -------  ---------------------  -------------------     --------     --------  ----------------------  --------------------  
clk_fpga_0          1.643        0.000                      0                15713        0.051        0.000                      0                15713        3.870        0.000                       0                  4368  
eth_rxc             0.516        0.000                      0                 4721        0.051        0.000                      0                 4721        3.500        0.000                       0                  2481  
sys_clk            14.621        0.000                      0                  255        0.105        0.000                      0                  255        7.000        0.000                       0                   187  
  clkfbout                                                                                                                                                     18.408        0.000                       0                     3  
  clkfbout_1                                                                                                                                                   18.408        0.000                       0                     3  
  clkout0_1         1.177        0.000                      0                30118        0.059        0.000                      0                30118        8.870        0.000                       0                  5468  
  clkout1_1                                                                                                                                                     2.408        0.000                       0                    10  
  clkout2                                                                                                                                                       0.264        0.000                       0                     3  


------------------------------------------------------------------------------------------------
| Inter Clock Table
| -----------------
------------------------------------------------------------------------------------------------

From Clock    To Clock          WNS(ns)      TNS(ns)  TNS Failing Endpoints  TNS Total Endpoints      WHS(ns)      THS(ns)  THS Failing Endpoints  THS Total Endpoints  
----------    --------          -------      -------  ---------------------  -------------------      -------      -------  ---------------------  -------------------  
clkout0_1     sys_clk            14.803        0.000                      0                   22        0.220        0.000                      0                   22  
sys_clk       clkout0_1           2.534        0.000                      0                  191        0.160        0.000                      0                  191  


------------------------------------------------------------------------------------------------
| Other Path Groups Table
| -----------------------
------------------------------------------------------------------------------------------------

Path Group    From Clock    To Clock          WNS(ns)      TNS(ns)  TNS Failing Endpoints  TNS Total Endpoints      WHS(ns)      THS(ns)  THS Failing Endpoints  THS Total Endpoints  
----------    ----------    --------          -------      -------  ---------------------  -------------------      -------      -------  ---------------------  -------------------  


------------------------------------------------------------------------------------------------
| Timing Details
| --------------
------------------------------------------------------------------------------------------------


---------------------------------------------------------------------------------------------------
From Clock:  clk_fpga_0
  To Clock:  clk_fpga_0

Setup :            0  Failing Endpoints,  Worst Slack        1.643ns,  Total Violation        0.000ns
Hold  :            0  Failing Endpoints,  Worst Slack        0.051ns,  Total Violation        0.000ns
PW    :            0  Failing Endpoints,  Worst Slack        3.870ns,  Total Violation        0.000ns
---------------------------------------------------------------------------------------------------


Max Delay Paths
--------------------------------------------------------------------------------------
Slack (MET) :             1.643ns  (required time - arrival time)
  Source:                 u_pl/u_arb/owner_eth_reg_rep__0/C
                            (rising edge-triggered cell FDCE clocked by clk_fpga_0  {rise@0.000ns fall@5.000ns period=10.000ns})
  Destination:            u_pl/u_bilin/u_fb/lo_reg_0_41/ADDRARDADDR[0]
                            (rising edge-triggered cell RAMB36E1 clocked by clk_fpga_0  {rise@0.000ns fall@5.000ns period=10.000ns})
  Path Group:             clk_fpga_0
  Path Type:              Setup (Max at Slow Process Corner)
  Requirement:            10.000ns  (clk_fpga_0 rise@10.000ns - clk_fpga_0 rise@0.000ns)
  Data Path Delay:        7.533ns  (logic 0.599ns (7.952%)  route 6.934ns (92.048%))
  Logic Levels:           1  (LUT3=1)
  Clock Path Skew:        -0.011ns (DCD - SCD + CPR)
    Destination Clock Delay (DCD):    2.257ns = ( 12.257 - 10.000 ) 
    Source Clock Delay      (SCD):    2.461ns
    Clock Pessimism Removal (CPR):    0.192ns
  Clock Uncertainty:      0.154ns  ((TSJ^2 + TIJ^2)^1/2 + DJ) / 2 + PE
    Total System Jitter     (TSJ):    0.071ns
    Total Input Jitter      (TIJ):    0.300ns
    Discrete Jitter          (DJ):    0.000ns
    Phase Error              (PE):    0.000ns

    Location             Delay type                Incr(ns)  Path(ns)    Netlist Resource(s)
  -------------------------------------------------------------------    -------------------
                         (clock clk_fpga_0 rise edge)
                                                      0.000     0.000 r  
    PS7_X0Y0             PS7                          0.000     0.000 r  u_bd/design_1_i/processing_system7_0/inst/PS7_i/FCLKCLK[0]
                         net (fo=1, routed)           0.994     0.994    u_bd/design_1_i/processing_system7_0/inst/FCLK_CLK_unbuffered[0]
    BUFGCTRL_X0Y16       BUFG (Prop_bufg_I_O)         0.085     1.079 r  u_bd/design_1_i/processing_system7_0/inst/buffer_fclk_clk_0.FCLK_CLK_0_BUFG/O
                         net (fo=4369, routed)        1.382     2.461    u_pl/u_arb/FCLK_CLK0
    SLICE_X47Y65         FDCE                                         r  u_pl/u_arb/owner_eth_reg_rep__0/C
  -------------------------------------------------------------------    -------------------
    SLICE_X47Y65         FDCE (Prop_fdce_C_Q)         0.348     2.809 r  u_pl/u_arb/owner_eth_reg_rep__0/Q
                         net (fo=187, routed)         2.079     4.888    u_pl/u_row/wr_words_reg[17]_0
    SLICE_X43Y40         LUT3 (Prop_lut3_I2_O)        0.251     5.139 r  u_pl/u_row/lo_reg_0_8_i_15/O
                         net (fo=20, routed)          4.855     9.994    u_pl/u_bilin/u_fb/lo_reg_0_24_0[0]
    RAMB36_X2Y19         RAMB36E1                                     r  u_pl/u_bilin/u_fb/lo_reg_0_41/ADDRARDADDR[0]
  -------------------------------------------------------------------    -------------------

                         (clock clk_fpga_0 rise edge)
                                                     10.000    10.000 r  
    PS7_X0Y0             PS7                          0.000    10.000 r  u_bd/design_1_i/processing_system7_0/inst/PS7_i/FCLKCLK[0]
                         net (fo=1, routed)           0.905    10.906    u_bd/design_1_i/processing_system7_0/inst/FCLK_CLK_unbuffered[0]
    BUFGCTRL_X0Y16       BUFG (Prop_bufg_I_O)         0.077    10.983 r  u_bd/design_1_i/processing_system7_0/inst/buffer_fclk_clk_0.FCLK_CLK_0_BUFG/O
                         net (fo=4369, routed)        1.275    12.257    u_pl/u_bilin/u_fb/FCLK_CLK0
    RAMB36_X2Y19         RAMB36E1                                     r  u_pl/u_bilin/u_fb/lo_reg_0_41/CLKARDCLK
                         clock pessimism              0.192    12.450    
                         clock uncertainty           -0.154    12.296    
    RAMB36_X2Y19         RAMB36E1 (Setup_ramb36e1_CLKARDCLK_ADDRARDADDR[0])
                                                     -0.659    11.637    u_pl/u_bilin/u_fb/lo_reg_0_41
  -------------------------------------------------------------------
                         required time                         11.637    
                         arrival time                          -9.994    
  -------------------------------------------------------------------
                         slack                                  1.643    





Min Delay Paths
--------------------------------------------------------------------------------------
Slack (MET) :             0.051ns  (arrival time - required time)
  Source:                 u_bd/design_1_i/axi_gp0_ic/xbar/inst/gen_sasd.crossbar_sasd_0/reg_slice_r/m_payload_i_reg[6]/C
                            (rising edge-triggered cell FDRE clocked by clk_fpga_0  {rise@0.000ns fall@5.000ns period=10.000ns})
  Destination:            u_bd/design_1_i/axi_gp0_ic/s00_couplers/auto_pc/inst/gen_axilite.gen_b2s_conv.axilite_b2s/RD.r_channel_0/rd_data_fifo_0/memory_reg[31][3]_srl32/D
                            (rising edge-triggered cell SRLC32E clocked by clk_fpga_0  {rise@0.000ns fall@5.000ns period=10.000ns})
  Path Group:             clk_fpga_0
  Path Type:              Hold (Min at Fast Process Corner)
  Requirement:            0.000ns  (clk_fpga_0 rise@0.000ns - clk_fpga_0 rise@0.000ns)
  Data Path Delay:        0.249ns  (logic 0.141ns (56.528%)  route 0.108ns (43.472%))
  Logic Levels:           0  
  Clock Path Skew:        0.015ns (DCD - SCD - CPR)
    Destination Clock Delay (DCD):    1.189ns
    Source Clock Delay      (SCD):    0.892ns
    Clock Pessimism Removal (CPR):    0.282ns

    Location             Delay type                Incr(ns)  Path(ns)    Netlist Resource(s)
  -------------------------------------------------------------------    -------------------
                         (clock clk_fpga_0 rise edge)
                                                      0.000     0.000 r  
    PS7_X0Y0             PS7                          0.000     0.000 r  u_bd/design_1_i/processing_system7_0/inst/PS7_i/FCLKCLK[0]
                         net (fo=1, routed)           0.310     0.310    u_bd/design_1_i/processing_system7_0/inst/FCLK_CLK_unbuffered[0]
    BUFGCTRL_X0Y16       BUFG (Prop_bufg_I_O)         0.026     0.336 r  u_bd/design_1_i/processing_system7_0/inst/buffer_fclk_clk_0.FCLK_CLK_0_BUFG/O
                         net (fo=4369, routed)        0.556     0.892    u_bd/design_1_i/axi_gp0_ic/xbar/inst/gen_sasd.crossbar_sasd_0/reg_slice_r/aclk
    SLICE_X37Y93         FDRE                                         r  u_bd/design_1_i/axi_gp0_ic/xbar/inst/gen_sasd.crossbar_sasd_0/reg_slice_r/m_payload_i_reg[6]/C
  -------------------------------------------------------------------    -------------------
    SLICE_X37Y93         FDRE (Prop_fdre_C_Q)         0.141     1.033 r  u_bd/design_1_i/axi_gp0_ic/xbar/inst/gen_sasd.crossbar_sasd_0/reg_slice_r/m_payload_i_reg[6]/Q
                         net (fo=1, routed)           0.108     1.141    u_bd/design_1_i/axi_gp0_ic/s00_couplers/auto_pc/inst/gen_axilite.gen_b2s_conv.axilite_b2s/RD.r_channel_0/rd_data_fifo_0/in[3]
    SLICE_X36Y92         SRLC32E                                      r  u_bd/design_1_i/axi_gp0_ic/s00_couplers/auto_pc/inst/gen_axilite.gen_b2s_conv.axilite_b2s/RD.r_channel_0/rd_data_fifo_0/memory_reg[31][3]_srl32/D
  -------------------------------------------------------------------    -------------------

                         (clock clk_fpga_0 rise edge)
                                                      0.000     0.000 r  
    PS7_X0Y0             PS7                          0.000     0.000 r  u_bd/design_1_i/processing_system7_0/inst/PS7_i/FCLKCLK[0]
                         net (fo=1, routed)           0.337     0.337    u_bd/design_1_i/processing_system7_0/inst/FCLK_CLK_unbuffered[0]
    BUFGCTRL_X0Y16       BUFG (Prop_bufg_I_O)         0.029     0.366 r  u_bd/design_1_i/processing_system7_0/inst/buffer_fclk_clk_0.FCLK_CLK_0_BUFG/O
                         net (fo=4369, routed)        0.823     1.189    u_bd/design_1_i/axi_gp0_ic/s00_couplers/auto_pc/inst/gen_axilite.gen_b2s_conv.axilite_b2s/RD.r_channel_0/rd_data_fifo_0/aclk
    SLICE_X36Y92         SRLC32E                                      r  u_bd/design_1_i/axi_gp0_ic/s00_couplers/auto_pc/inst/gen_axilite.gen_b2s_conv.axilite_b2s/RD.r_channel_0/rd_data_fifo_0/memory_reg[31][3]_srl32/CLK
                         clock pessimism             -0.282     0.907    
    SLICE_X36Y92         SRLC32E (Hold_srlc32e_CLK_D)
                                                      0.183     1.090    u_bd/design_1_i/axi_gp0_ic/s00_couplers/auto_pc/inst/gen_axilite.gen_b2s_conv.axilite_b2s/RD.r_channel_0/rd_data_fifo_0/memory_reg[31][3]_srl32
  -------------------------------------------------------------------
                         required time                         -1.090    
                         arrival time                           1.141    
  -------------------------------------------------------------------
                         slack                                  0.051    





Pulse Width Checks
--------------------------------------------------------------------------------------
Clock Name:         clk_fpga_0
Waveform(ns):       { 0.000 5.000 }
Period(ns):         10.000
Sources:            { u_bd/design_1_i/processing_system7_0/inst/PS7_i/FCLKCLK[0] }

Check Type        Corner  Lib Pin             Reference Pin  Required(ns)  Actual(ns)  Slack(ns)  Location      Pin
Min Period        n/a     RAMB36E1/CLKBWRCLK  n/a            2.170         10.000      7.830      RAMB36_X2Y12  u_eth/u_cdc/mem_reg_0/CLKBWRCLK
Low Pulse Width   Slow    RAMD64E/CLK         n/a            1.130         5.000       3.870      SLICE_X32Y38  u_eth/u_saver/q_addr_reg_0_63_12_14/RAMA/CLK
High Pulse Width  Slow    RAMD64E/CLK         n/a            1.130         5.000       3.870      SLICE_X32Y38  u_eth/u_saver/q_addr_reg_0_63_12_14/RAMA/CLK



---------------------------------------------------------------------------------------------------
From Clock:  eth_rxc
  To Clock:  eth_rxc

Setup :            0  Failing Endpoints,  Worst Slack        0.516ns,  Total Violation        0.000ns
Hold  :            0  Failing Endpoints,  Worst Slack        0.051ns,  Total Violation        0.000ns
PW    :            0  Failing Endpoints,  Worst Slack        3.500ns,  Total Violation        0.000ns
---------------------------------------------------------------------------------------------------


Max Delay Paths
--------------------------------------------------------------------------------------
Slack (MET) :             0.516ns  (required time - arrival time)
  Source:                 u_eth/u_rgmii/u_rgmii_rx/rxdata_bus[1].u_iddr_rxd/C
                            (rising edge-triggered cell IDDR clocked by eth_rxc  {rise@0.000ns fall@4.000ns period=8.000ns})
  Destination:            u_eth/u_rx_mac/u_crc_rx/crc_data_reg[26]/D
                            (rising edge-triggered cell FDPE clocked by eth_rxc  {rise@0.000ns fall@4.000ns period=8.000ns})
  Path Group:             eth_rxc
  Path Type:              Setup (Max at Slow Process Corner)
  Requirement:            8.000ns  (eth_rxc rise@8.000ns - eth_rxc rise@0.000ns)
  Data Path Delay:        8.520ns  (logic 1.082ns (12.700%)  route 7.438ns (87.300%))
  Logic Levels:           4  (LUT2=1 LUT5=2 LUT6=1)
  Clock Path Skew:        1.103ns (DCD - SCD + CPR)
    Destination Clock Delay (DCD):    4.447ns = ( 12.447 - 8.000 ) 
    Source Clock Delay      (SCD):    3.410ns
    Clock Pessimism Removal (CPR):    0.066ns
  Clock Uncertainty:      0.035ns  ((TSJ^2 + TIJ^2)^1/2 + DJ) / 2 + PE
    Total System Jitter     (TSJ):    0.071ns
    Total Input Jitter      (TIJ):    0.000ns
    Discrete Jitter          (DJ):    0.000ns
    Phase Error              (PE):    0.000ns

    Location             Delay type                Incr(ns)  Path(ns)    Netlist Resource(s)
  -------------------------------------------------------------------    -------------------
                         (clock eth_rxc rise edge)    0.000     0.000 r  
    Y19                                               0.000     0.000 r  eth_rxc (IN)
                         net (fo=0)                   0.000     0.000    eth_rxc
    Y19                  IBUF (Prop_ibuf_I_O)         1.430     1.430 r  eth_rxc_IBUF_inst/O
                         net (fo=2, routed)           0.374     1.804    u_eth/u_rgmii/u_rgmii_rx/rgmii_rxc
    BUFIO_X1Y3           BUFIO (Prop_bufio_I_O)       1.319     3.123 r  u_eth/u_rgmii/u_rgmii_rx/BUFIO_inst/O
                         net (fo=5, routed)           0.287     3.410    u_eth/u_rgmii/u_rgmii_rx/rgmii_rxc_bufio
    ILOGIC_X1Y41         IDDR                                         r  u_eth/u_rgmii/u_rgmii_rx/rxdata_bus[1].u_iddr_rxd/C
  -------------------------------------------------------------------    -------------------
    ILOGIC_X1Y41         IDDR (Prop_iddr_C_Q2)        0.448     3.858 f  u_eth/u_rgmii/u_rgmii_rx/rxdata_bus[1].u_iddr_rxd/Q2
                         net (fo=40, routed)          2.344     6.202    u_eth/u_rgmii/u_rgmii_rx/gmii_rxd[5]
    SLICE_X81Y37         LUT2 (Prop_lut2_I0_O)        0.154     6.356 f  u_eth/u_rgmii/u_rgmii_rx/FSM_onehot_state[2]_i_3/O
                         net (fo=1, routed)           0.905     7.261    u_eth/u_rgmii/u_rgmii_rx/FSM_onehot_state[2]_i_3_n_0
    SLICE_X81Y37         LUT6 (Prop_lut6_I5_O)        0.105     7.366 f  u_eth/u_rgmii/u_rgmii_rx/FSM_onehot_state[2]_i_2/O
                         net (fo=5, routed)           0.915     8.281    u_eth/u_rgmii/u_rgmii_rx/rxdata_bus[3].u_iddr_rxd_0
    SLICE_X80Y35         LUT5 (Prop_lut5_I2_O)        0.108     8.389 r  u_eth/u_rgmii/u_rgmii_rx/crc_data[31]_i_3/O
                         net (fo=33, routed)          1.204     9.592    u_eth/u_rx_mac/u_crc_rx/crc_data_reg[27]_1
    SLICE_X89Y34         LUT5 (Prop_lut5_I0_O)        0.267     9.859 r  u_eth/u_rx_mac/u_crc_rx/crc_data[26]_i_1__1/O
                         net (fo=1, routed)           2.070    11.930    u_eth/u_rx_mac/u_crc_rx/p_1_in[26]
    SLICE_X89Y34         FDPE                                         r  u_eth/u_rx_mac/u_crc_rx/crc_data_reg[26]/D
  -------------------------------------------------------------------    -------------------

                         (clock eth_rxc rise edge)    8.000     8.000 r  
    Y19                                               0.000     8.000 r  eth_rxc (IN)
                         net (fo=0)                   0.000     8.000    eth_rxc
    Y19                  IBUF (Prop_ibuf_I_O)         1.364     9.364 r  eth_rxc_IBUF_inst/O
                         net (fo=2, routed)           1.701    11.065    u_eth/u_rgmii/u_rgmii_rx/rgmii_rxc
    BUFGCTRL_X0Y1        BUFG (Prop_bufg_I_O)         0.077    11.142 r  u_eth/u_rgmii/u_rgmii_rx/BUFG_inst/O
                         net (fo=2475, routed)        1.305    12.447    u_eth/u_rx_mac/u_crc_rx/gmii_rx_clk
    SLICE_X89Y34         FDPE                                         r  u_eth/u_rx_mac/u_crc_rx/crc_data_reg[26]/C
                         clock pessimism              0.066    12.513    
                         clock uncertainty           -0.035    12.477    
    SLICE_X89Y34         FDPE (Setup_fdpe_C_D)       -0.032    12.445    u_eth/u_rx_mac/u_crc_rx/crc_data_reg[26]
  -------------------------------------------------------------------
                         required time                         12.445    
                         arrival time                         -11.930    
  -------------------------------------------------------------------
                         slack                                  0.516    





Min Delay Paths
--------------------------------------------------------------------------------------
Slack (MET) :             0.051ns  (arrival time - required time)
  Source:                 u_eth/u_icmp/u_icmp_tx/total_num_reg[4]/C
                            (rising edge-triggered cell FDCE clocked by eth_rxc  {rise@0.000ns fall@4.000ns period=8.000ns})
  Destination:            u_eth/u_icmp/u_icmp_tx/ip_head_reg[0][4]/D
                            (rising edge-triggered cell FDRE clocked by eth_rxc  {rise@0.000ns fall@4.000ns period=8.000ns})
  Path Group:             eth_rxc
  Path Type:              Hold (Min at Fast Process Corner)
  Requirement:            0.000ns  (eth_rxc rise@0.000ns - eth_rxc rise@0.000ns)
  Data Path Delay:        0.943ns  (logic 0.164ns (17.391%)  route 0.779ns (82.609%))
  Logic Levels:           0  
  Clock Path Skew:        0.031ns (DCD - SCD - CPR)
    Destination Clock Delay (DCD):    2.080ns
    Source Clock Delay      (SCD):    1.568ns
    Clock Pessimism Removal (CPR):    0.481ns
  Clock Uncertainty:      0.800ns  ((TSJ^2 + TIJ^2)^1/2 + DJ) / 2 + PE + UU
    Total System Jitter     (TSJ):    0.000ns
    Total Input Jitter      (TIJ):    0.000ns
    Discrete Jitter          (DJ):    0.000ns
    Phase Error              (PE):    0.000ns
    User Uncertainty         (UU):    0.800ns

    Location             Delay type                Incr(ns)  Path(ns)    Netlist Resource(s)
  -------------------------------------------------------------------    -------------------
                         (clock eth_rxc rise edge)    0.000     0.000 r  
    Y19                                               0.000     0.000 r  eth_rxc (IN)
                         net (fo=0)                   0.000     0.000    eth_rxc
    Y19                  IBUF (Prop_ibuf_I_O)         0.266     0.266 r  eth_rxc_IBUF_inst/O
                         net (fo=2, routed)           0.674     0.940    u_eth/u_rgmii/u_rgmii_rx/rgmii_rxc
    BUFGCTRL_X0Y1        BUFG (Prop_bufg_I_O)         0.026     0.966 r  u_eth/u_rgmii/u_rgmii_rx/BUFG_inst/O
                         net (fo=2475, routed)        0.602     1.568    u_eth/u_icmp/u_icmp_tx/gmii_rx_clk
    SLICE_X100Y22        FDCE                                         r  u_eth/u_icmp/u_icmp_tx/total_num_reg[4]/C
  -------------------------------------------------------------------    -------------------
    SLICE_X100Y22        FDCE (Prop_fdce_C_Q)         0.164     1.732 r  u_eth/u_icmp/u_icmp_tx/total_num_reg[4]/Q
                         net (fo=1, routed)           0.779     2.511    u_eth/u_icmp/u_icmp_tx/total_num[4]
    SLICE_X105Y24        FDRE                                         r  u_eth/u_icmp/u_icmp_tx/ip_head_reg[0][4]/D
  -------------------------------------------------------------------    -------------------

                         (clock eth_rxc rise edge)    0.000     0.000 r  
    Y19                                               0.000     0.000 r  eth_rxc (IN)
                         net (fo=0)                   0.000     0.000    eth_rxc
    Y19                  IBUF (Prop_ibuf_I_O)         0.454     0.454 r  eth_rxc_IBUF_inst/O
                         net (fo=2, routed)           0.731     1.185    u_eth/u_rgmii/u_rgmii_rx/rgmii_rxc
    BUFGCTRL_X0Y1        BUFG (Prop_bufg_I_O)         0.029     1.214 r  u_eth/u_rgmii/u_rgmii_rx/BUFG_inst/O
                         net (fo=2475, routed)        0.866     2.080    u_eth/u_icmp/u_icmp_tx/gmii_rx_clk
    SLICE_X105Y24        FDRE                                         r  u_eth/u_icmp/u_icmp_tx/ip_head_reg[0][4]/C
                         clock pessimism             -0.481     1.599    
                         clock uncertainty            0.800     2.399    
    SLICE_X105Y24        FDRE (Hold_fdre_C_D)         0.061     2.460    u_eth/u_icmp/u_icmp_tx/ip_head_reg[0][4]
  -------------------------------------------------------------------
                         required time                         -2.460    
                         arrival time                           2.511    
  -------------------------------------------------------------------
                         slack                                  0.051    





Pulse Width Checks
--------------------------------------------------------------------------------------
Clock Name:         eth_rxc
Waveform(ns):       { 0.000 4.000 }
Period(ns):         8.000
Sources:            { eth_rxc }

Check Type        Corner  Lib Pin             Reference Pin  Required(ns)  Actual(ns)  Slack(ns)  Location      Pin
Min Period        n/a     RAMB18E1/CLKARDCLK  n/a            2.472         8.000       5.528      RAMB18_X5Y8   u_eth/u_icmp_fifo/mem_reg/CLKARDCLK
Low Pulse Width   Slow    FDCE/C              n/a            0.500         4.000       3.500      SLICE_X23Y36  u_eth/flush_pend_reg/C
High Pulse Width  Slow    FDCE/C              n/a            0.500         4.000       3.500      SLICE_X23Y36  u_eth/flush_pend_reg/C



---------------------------------------------------------------------------------------------------
From Clock:  sys_clk
  To Clock:  sys_clk

Setup :            0  Failing Endpoints,  Worst Slack       14.621ns,  Total Violation        0.000ns
Hold  :            0  Failing Endpoints,  Worst Slack        0.105ns,  Total Violation        0.000ns
PW    :            0  Failing Endpoints,  Worst Slack        7.000ns,  Total Violation        0.000ns
---------------------------------------------------------------------------------------------------


Max Delay Paths
--------------------------------------------------------------------------------------
Slack (MET) :             14.621ns  (required time - arrival time)
  Source:                 u_pl/sec_div_reg[20]/C
                            (rising edge-triggered cell FDCE clocked by sys_clk  {rise@0.000ns fall@10.000ns period=20.000ns})
  Destination:            u_pl/fps_acc_reg[1]/CE
                            (rising edge-triggered cell FDCE clocked by sys_clk  {rise@0.000ns fall@10.000ns period=20.000ns})
  Path Group:             sys_clk
  Path Type:              Setup (Max at Slow Process Corner)
  Requirement:            20.000ns  (sys_clk rise@20.000ns - sys_clk rise@0.000ns)
  Data Path Delay:        4.862ns  (logic 1.007ns (20.714%)  route 3.855ns (79.286%))
  Logic Levels:           5  (LUT3=1 LUT4=1 LUT5=1 LUT6=2)
  Clock Path Skew:        -0.314ns (DCD - SCD + CPR)
    Destination Clock Delay (DCD):    4.418ns = ( 24.418 - 20.000 ) 
    Source Clock Delay      (SCD):    4.990ns
    Clock Pessimism Removal (CPR):    0.258ns
  Clock Uncertainty:      0.035ns  ((TSJ^2 + TIJ^2)^1/2 + DJ) / 2 + PE
    Total System Jitter     (TSJ):    0.071ns
    Total Input Jitter      (TIJ):    0.000ns
    Discrete Jitter          (DJ):    0.000ns
    Phase Error              (PE):    0.000ns

    Location             Delay type                Incr(ns)  Path(ns)    Netlist Resource(s)
  -------------------------------------------------------------------    -------------------
                         (clock sys_clk rise edge)    0.000     0.000 r  
    W17                                               0.000     0.000 r  sys_clk (IN)
                         net (fo=0)                   0.000     0.000    sys_clk
    W17                  IBUF (Prop_ibuf_I_O)         1.415     1.415 r  sys_clk_IBUF_inst/O
                         net (fo=1, routed)           1.873     3.288    sys_clk_IBUF
    BUFGCTRL_X0Y4        BUFG (Prop_bufg_I_O)         0.085     3.373 r  sys_clk_IBUF_BUFG_inst/O
                         net (fo=186, routed)         1.617     4.990    u_pl/CLK
    SLICE_X67Y101        FDCE                                         r  u_pl/sec_div_reg[20]/C
  -------------------------------------------------------------------    -------------------
    SLICE_X67Y101        FDCE (Prop_fdce_C_Q)         0.348     5.338 r  u_pl/sec_div_reg[20]/Q
                         net (fo=2, routed)           0.846     6.184    u_pl/sec_div_reg_n_0_[20]
    SLICE_X67Y101        LUT4 (Prop_lut4_I3_O)        0.239     6.423 f  u_pl/sec_div[25]_i_8/O
                         net (fo=1, routed)           0.653     7.076    u_pl/sec_div[25]_i_8_n_0
    SLICE_X67Y100        LUT5 (Prop_lut5_I4_O)        0.105     7.181 f  u_pl/sec_div[25]_i_7/O
                         net (fo=1, routed)           0.517     7.697    u_pl/sec_div[25]_i_7_n_0
    SLICE_X67Y98         LUT6 (Prop_lut6_I5_O)        0.105     7.802 f  u_pl/sec_div[25]_i_4/O
                         net (fo=1, routed)           0.659     8.461    u_pl/sec_div[25]_i_4_n_0
    SLICE_X67Y98         LUT6 (Prop_lut6_I0_O)        0.105     8.566 r  u_pl/sec_div[25]_i_2/O
                         net (fo=42, routed)          0.688     9.255    u_pl/fps_q[0]
    SLICE_X67Y95         LUT3 (Prop_lut3_I2_O)        0.105     9.360 r  u_pl/fps_acc[7]_i_1/O
                         net (fo=8, routed)           0.492     9.852    u_pl/fps_acc[7]_i_1_n_0
    SLICE_X67Y93         FDCE                                         r  u_pl/fps_acc_reg[1]/CE
  -------------------------------------------------------------------    -------------------

                         (clock sys_clk rise edge)   20.000    20.000 r  
    W17                                               0.000    20.000 r  sys_clk (IN)
                         net (fo=0)                   0.000    20.000    sys_clk
    W17                  IBUF (Prop_ibuf_I_O)         1.349    21.349 r  sys_clk_IBUF_inst/O
                         net (fo=1, routed)           1.701    23.050    sys_clk_IBUF
    BUFGCTRL_X0Y4        BUFG (Prop_bufg_I_O)         0.077    23.127 r  sys_clk_IBUF_BUFG_inst/O
                         net (fo=186, routed)         1.291    24.418    u_pl/CLK
    SLICE_X67Y93         FDCE                                         r  u_pl/fps_acc_reg[1]/C
                         clock pessimism              0.258    24.676    
                         clock uncertainty           -0.035    24.641    
    SLICE_X67Y93         FDCE (Setup_fdce_C_CE)      -0.168    24.473    u_pl/fps_acc_reg[1]
  -------------------------------------------------------------------
                         required time                         24.473    
                         arrival time                          -9.852    
  -------------------------------------------------------------------
                         slack                                 14.621    





Min Delay Paths
--------------------------------------------------------------------------------------
Slack (MET) :             0.105ns  (arrival time - required time)
  Source:                 u_pl/fps_acc_reg[3]/C
                            (rising edge-triggered cell FDCE clocked by sys_clk  {rise@0.000ns fall@10.000ns period=20.000ns})
  Destination:            u_pl/fps_q_reg[3]/D
                            (rising edge-triggered cell FDCE clocked by sys_clk  {rise@0.000ns fall@10.000ns period=20.000ns})
  Path Group:             sys_clk
  Path Type:              Hold (Min at Fast Process Corner)
  Requirement:            0.000ns  (sys_clk rise@0.000ns - sys_clk rise@0.000ns)
  Data Path Delay:        0.194ns  (logic 0.141ns (72.513%)  route 0.053ns (27.487%))
  Logic Levels:           0  
  Clock Path Skew:        0.013ns (DCD - SCD - CPR)
    Destination Clock Delay (DCD):    2.050ns
    Source Clock Delay      (SCD):    1.533ns
    Clock Pessimism Removal (CPR):    0.504ns

    Location             Delay type                Incr(ns)  Path(ns)    Netlist Resource(s)
  -------------------------------------------------------------------    -------------------
                         (clock sys_clk rise edge)    0.000     0.000 r  
    W17                                               0.000     0.000 r  sys_clk (IN)
                         net (fo=0)                   0.000     0.000    sys_clk
    W17                  IBUF (Prop_ibuf_I_O)         0.252     0.252 r  sys_clk_IBUF_inst/O
                         net (fo=1, routed)           0.674     0.926    sys_clk_IBUF
    BUFGCTRL_X0Y4        BUFG (Prop_bufg_I_O)         0.026     0.952 r  sys_clk_IBUF_BUFG_inst/O
                         net (fo=186, routed)         0.581     1.533    u_pl/CLK
    SLICE_X67Y93         FDCE                                         r  u_pl/fps_acc_reg[3]/C
  -------------------------------------------------------------------    -------------------
    SLICE_X67Y93         FDCE (Prop_fdce_C_Q)         0.141     1.674 r  u_pl/fps_acc_reg[3]/Q
                         net (fo=2, routed)           0.053     1.727    u_pl/fps_acc_reg_n_0_[3]
    SLICE_X66Y93         FDCE                                         r  u_pl/fps_q_reg[3]/D
  -------------------------------------------------------------------    -------------------

                         (clock sys_clk rise edge)    0.000     0.000 r  
    W17                                               0.000     0.000 r  sys_clk (IN)
                         net (fo=0)                   0.000     0.000    sys_clk
    W17                  IBUF (Prop_ibuf_I_O)         0.440     0.440 r  sys_clk_IBUF_inst/O
                         net (fo=1, routed)           0.731     1.171    sys_clk_IBUF
    BUFGCTRL_X0Y4        BUFG (Prop_bufg_I_O)         0.029     1.200 r  sys_clk_IBUF_BUFG_inst/O
                         net (fo=186, routed)         0.850     2.050    u_pl/CLK
    SLICE_X66Y93         FDCE                                         r  u_pl/fps_q_reg[3]/C
                         clock pessimism             -0.504     1.546    
    SLICE_X66Y93         FDCE (Hold_fdce_C_D)         0.076     1.622    u_pl/fps_q_reg[3]
  -------------------------------------------------------------------
                         required time                         -1.622    
                         arrival time                           1.727    
  -------------------------------------------------------------------
                         slack                                  0.105    





Pulse Width Checks
--------------------------------------------------------------------------------------
Clock Name:         sys_clk
Waveform(ns):       { 0.000 10.000 }
Period(ns):         20.000
Sources:            { sys_clk }

Check Type        Corner  Lib Pin            Reference Pin  Required(ns)  Actual(ns)  Slack(ns)  Location         Pin
Min Period        n/a     BUFG/I             n/a            1.592         20.000      18.408     BUFGCTRL_X0Y4    sys_clk_IBUF_BUFG_inst/I
Max Period        n/a     MMCME2_ADV/CLKIN1  n/a            100.000       20.000      80.000     MMCME2_ADV_X0Y0  u_idelay_clkgen/u_mmcm/CLKIN1
Low Pulse Width   Slow    MMCME2_ADV/CLKIN1  n/a            3.000         10.000      7.000      MMCME2_ADV_X0Y0  u_idelay_clkgen/u_mmcm/CLKIN1
High Pulse Width  Slow    MMCME2_ADV/CLKIN1  n/a            3.000         10.000      7.000      MMCME2_ADV_X0Y0  u_idelay_clkgen/u_mmcm/CLKIN1



---------------------------------------------------------------------------------------------------
From Clock:  clkfbout
  To Clock:  clkfbout

Setup :           NA  Failing Endpoints,  Worst Slack           NA  ,  Total Violation           NA
Hold  :           NA  Failing Endpoints,  Worst Slack           NA  ,  Total Violation           NA
PW    :            0  Failing Endpoints,  Worst Slack       18.408ns,  Total Violation        0.000ns
---------------------------------------------------------------------------------------------------


Pulse Width Checks
--------------------------------------------------------------------------------------
Clock Name:         clkfbout
Waveform(ns):       { 0.000 10.000 }
Period(ns):         20.000
Sources:            { u_idelay_clkgen/u_mmcm/CLKFBOUT }

Check Type  Corner  Lib Pin             Reference Pin  Required(ns)  Actual(ns)  Slack(ns)  Location         Pin
Min Period  n/a     BUFG/I              n/a            1.592         20.000      18.408     BUFGCTRL_X0Y5    u_idelay_clkgen/u_bufg_fb/I
Max Period  n/a     MMCME2_ADV/CLKFBIN  n/a            100.000       20.000      80.000     MMCME2_ADV_X0Y0  u_idelay_clkgen/u_mmcm/CLKFBIN



---------------------------------------------------------------------------------------------------
From Clock:  clkfbout_1
  To Clock:  clkfbout_1

Setup :           NA  Failing Endpoints,  Worst Slack           NA  ,  Total Violation           NA
Hold  :           NA  Failing Endpoints,  Worst Slack           NA  ,  Total Violation           NA
PW    :            0  Failing Endpoints,  Worst Slack       18.408ns,  Total Violation        0.000ns
---------------------------------------------------------------------------------------------------


Pulse Width Checks
--------------------------------------------------------------------------------------
Clock Name:         clkfbout_1
Waveform(ns):       { 0.000 10.000 }
Period(ns):         20.000
Sources:            { u_pl/u_clk/u_mmcm/CLKFBOUT }

Check Type  Corner  Lib Pin             Reference Pin  Required(ns)  Actual(ns)  Slack(ns)  Location         Pin
Min Period  n/a     BUFG/I              n/a            1.592         20.000      18.408     BUFGCTRL_X0Y6    u_pl/u_clk/u_bufg_fb/I
Max Period  n/a     MMCME2_ADV/CLKFBIN  n/a            100.000       20.000      80.000     MMCME2_ADV_X1Y0  u_pl/u_clk/u_mmcm/CLKFBIN



---------------------------------------------------------------------------------------------------
From Clock:  clkout0_1
  To Clock:  clkout0_1

Setup :            0  Failing Endpoints,  Worst Slack        1.177ns,  Total Violation        0.000ns
Hold  :            0  Failing Endpoints,  Worst Slack        0.059ns,  Total Violation        0.000ns
PW    :            0  Failing Endpoints,  Worst Slack        8.870ns,  Total Violation        0.000ns
---------------------------------------------------------------------------------------------------


Max Delay Paths
--------------------------------------------------------------------------------------
Slack (MET) :             1.177ns  (required time - arrival time)
  Source:                 u_pl/u_split_ctrl/prod/CLK
                            (rising edge-triggered cell DSP48E1 clocked by clkout0_1  {rise@0.000ns fall@10.000ns period=20.000ns})
  Destination:            u_pl/u_osd/r_reg[7]/D
                            (rising edge-triggered cell FDCE clocked by clkout0_1  {rise@0.000ns fall@10.000ns period=20.000ns})
  Path Group:             clkout0_1
  Path Type:              Setup (Max at Slow Process Corner)
  Requirement:            20.000ns  (clkout0_1 rise@20.000ns - clkout0_1 rise@0.000ns)
  Data Path Delay:        18.636ns  (logic 3.690ns (19.800%)  route 14.946ns (80.200%))
  Logic Levels:           21  (CARRY4=1 LUT2=2 LUT3=1 LUT5=3 LUT6=13 MUXF7=1)
  Clock Path Skew:        -0.169ns (DCD - SCD + CPR)
    Destination Clock Delay (DCD):    4.542ns = ( 24.542 - 20.000 ) 
    Source Clock Delay      (SCD):    4.957ns
    Clock Pessimism Removal (CPR):    0.246ns
  Clock Uncertainty:      0.094ns  ((TSJ^2 + DJ^2)^1/2) / 2 + PE
    Total System Jitter     (TSJ):    0.071ns
    Discrete Jitter          (DJ):    0.175ns
    Phase Error              (PE):    0.000ns

    Location             Delay type                Incr(ns)  Path(ns)    Netlist Resource(s)
  -------------------------------------------------------------------    -------------------
                         (clock clkout0_1 rise edge)
                                                      0.000     0.000 r  
    W17                                               0.000     0.000 r  sys_clk (IN)
                         net (fo=0)                   0.000     0.000    sys_clk
    W17                  IBUF (Prop_ibuf_I_O)         1.415     1.415 r  sys_clk_IBUF_inst/O
                         net (fo=1, routed)           1.873     3.288    sys_clk_IBUF
    BUFGCTRL_X0Y4        BUFG (Prop_bufg_I_O)         0.085     3.373 r  sys_clk_IBUF_BUFG_inst/O
                         net (fo=186, routed)         1.550     4.923    u_pl/u_clk/CLK
    MMCME2_ADV_X1Y0      MMCME2_ADV (Prop_mmcme2_adv_CLKIN1_CLKOUT0)
                                                     -3.232     1.691 r  u_pl/u_clk/u_mmcm/CLKOUT0
                         net (fo=1, routed)           1.597     3.288    u_pl/u_clk/clkout0
    BUFGCTRL_X0Y0        BUFG (Prop_bufg_I_O)         0.085     3.373 r  u_pl/u_clk/u_bufg_pix/O
                         net (fo=5475, routed)        1.584     4.957    u_pl/u_split_ctrl/clk_pix
    DSP48_X3Y34          DSP48E1                                      r  u_pl/u_split_ctrl/prod/CLK
  -------------------------------------------------------------------    -------------------
    DSP48_X3Y34          DSP48E1 (Prop_dsp48e1_CLK_P[20])
                                                      0.370     5.327 r  u_pl/u_split_ctrl/prod/P[20]
                         net (fo=1, routed)           1.250     6.577    u_pl/u_split_ctrl/prod__0[20]
    SLICE_X67Y88         LUT2 (Prop_lut2_I0_O)        0.125     6.702 r  u_pl/u_split_ctrl/g0_b0_i_464/O
                         net (fo=13, routed)          0.875     7.577    u_pl/u_split_ctrl/split_pct_w[6]
    SLICE_X66Y91         LUT5 (Prop_lut5_I3_O)        0.275     7.852 r  u_pl/u_split_ctrl/g0_b0_i_461/O
                         net (fo=2, routed)           0.562     8.414    u_pl/u_split_ctrl/g0_b0_i_461_n_0
    SLICE_X66Y91         LUT6 (Prop_lut6_I3_O)        0.105     8.519 r  u_pl/u_split_ctrl/g0_b0_i_277/O
                         net (fo=11, routed)          0.500     9.019    u_pl/u_split_ctrl/g0_b0_i_277_n_0
    SLICE_X65Y91         LUT6 (Prop_lut6_I3_O)        0.105     9.124 r  u_pl/u_split_ctrl/g0_b0_i_220/O
                         net (fo=23, routed)          0.835     9.960    u_pl/u_split_ctrl/prod_2
    SLICE_X56Y96         LUT6 (Prop_lut6_I0_O)        0.105    10.065 f  u_pl/u_split_ctrl/g0_b0_i_446/O
                         net (fo=2, routed)           0.472    10.537    u_pl/u_split_ctrl/g0_b0_i_446_n_0
    SLICE_X57Y96         LUT5 (Prop_lut5_I0_O)        0.105    10.642 r  u_pl/u_split_ctrl/g0_b0_i_476/O
                         net (fo=1, routed)           0.000    10.642    u_pl/u_split_ctrl/g0_b0_i_476_n_0
    SLICE_X57Y96         CARRY4 (Prop_carry4_S[1]_O[2])
                                                      0.481    11.123 f  u_pl/u_split_ctrl/g0_b0_i_242/O[2]
                         net (fo=28, routed)          1.005    12.129    u_pl/u_split_ctrl/O[2]
    SLICE_X60Y95         LUT6 (Prop_lut6_I1_O)        0.253    12.382 f  u_pl/u_split_ctrl/g0_b0_i_199/O
                         net (fo=7, routed)           0.577    12.959    u_pl/u_osd/g0_b0_i_384
    SLICE_X60Y95         LUT5 (Prop_lut5_I2_O)        0.105    13.064 f  u_pl/u_osd/g0_b0_i_480/O
                         net (fo=1, routed)           0.467    13.531    u_pl/u_osd/g0_b0_i_480_n_0
    SLICE_X57Y98         LUT6 (Prop_lut6_I5_O)        0.105    13.636 r  u_pl/u_osd/g0_b0_i_244/O
                         net (fo=1, routed)           0.372    14.008    u_pl/u_osd/g0_b0_i_244_n_0
    SLICE_X57Y98         LUT6 (Prop_lut6_I1_O)        0.105    14.113 f  u_pl/u_osd/g0_b0_i_101/O
                         net (fo=1, routed)           0.755    14.868    u_pl/u_osd/g0_b0_i_101_n_0
    SLICE_X58Y95         LUT6 (Prop_lut6_I0_O)        0.105    14.973 r  u_pl/u_osd/g0_b0_i_41/O
                         net (fo=1, routed)           0.345    15.317    u_pl/u_osd/g0_b0_i_41_n_0
    SLICE_X57Y93         LUT6 (Prop_lut6_I4_O)        0.105    15.422 r  u_pl/u_osd/g0_b0_i_16/O
                         net (fo=12, routed)          1.153    16.575    u_pl/u_osd/chars[3]
    SLICE_X55Y84         LUT6 (Prop_lut6_I0_O)        0.105    16.680 r  u_pl/u_osd/g0_b0_i_11/O
                         net (fo=1, routed)           0.653    17.333    u_pl/u_osd/g0_b0_i_11_n_0
    SLICE_X56Y84         LUT3 (Prop_lut3_I2_O)        0.124    17.457 r  u_pl/u_osd/g0_b0_i_2/O
                         net (fo=35, routed)          0.882    18.339    u_pl/glyph_idx[1]
    SLICE_X56Y83         LUT6 (Prop_lut6_I1_O)        0.267    18.606 r  u_pl/g0_b3__1/O
                         net (fo=1, routed)           0.000    18.606    u_pl/u_osd/r_reg[7]_i_14_0[3]
    SLICE_X56Y83         MUXF7 (Prop_muxf7_I0_O)      0.178    18.784 r  u_pl/u_osd/r_reg[7]_i_30/O
                         net (fo=1, routed)           0.698    19.482    u_pl/u_osd/r_reg[7]_i_30_n_0
    SLICE_X55Y82         LUT6 (Prop_lut6_I1_O)        0.252    19.734 r  u_pl/u_osd/r[7]_i_17/O
                         net (fo=1, routed)           0.346    20.079    u_pl/u_osd/r[7]_i_17_n_0
    SLICE_X55Y82         LUT6 (Prop_lut6_I0_O)        0.105    20.184 r  u_pl/u_osd/r[7]_i_5/O
                         net (fo=1, routed)           0.774    20.959    u_pl/u_osd/r[7]_i_5_n_0
    SLICE_X55Y79         LUT6 (Prop_lut6_I2_O)        0.105    21.064 r  u_pl/u_osd/r[7]_i_2/O
                         net (fo=19, routed)          2.424    23.488    u_pl/u_osd/r[7]_i_2_n_0
    SLICE_X108Y23        LUT2 (Prop_lut2_I1_O)        0.105    23.593 r  u_pl/u_osd/r[7]_i_1/O
                         net (fo=1, routed)           0.000    23.593    u_pl/u_osd/r[7]_i_1_n_0
    SLICE_X108Y23        FDCE                                         r  u_pl/u_osd/r_reg[7]/D
  -------------------------------------------------------------------    -------------------

                         (clock clkout0_1 rise edge)
                                                     20.000    20.000 r  
    W17                                               0.000    20.000 r  sys_clk (IN)
                         net (fo=0)                   0.000    20.000    sys_clk
    W17                  IBUF (Prop_ibuf_I_O)         1.349    21.349 r  sys_clk_IBUF_inst/O
                         net (fo=1, routed)           1.701    23.050    sys_clk_IBUF
    BUFGCTRL_X0Y4        BUFG (Prop_bufg_I_O)         0.077    23.127 r  sys_clk_IBUF_BUFG_inst/O
                         net (fo=186, routed)         1.384    24.511    u_pl/u_clk/CLK
    MMCME2_ADV_X1Y0      MMCME2_ADV (Prop_mmcme2_adv_CLKIN1_CLKOUT0)
                                                     -2.915    21.596 r  u_pl/u_clk/u_mmcm/CLKOUT0
                         net (fo=1, routed)           1.454    23.050    u_pl/u_clk/clkout0
    BUFGCTRL_X0Y0        BUFG (Prop_bufg_I_O)         0.077    23.127 r  u_pl/u_clk/u_bufg_pix/O
                         net (fo=5475, routed)        1.415    24.542    u_pl/u_osd/clk_pix
    SLICE_X108Y23        FDCE                                         r  u_pl/u_osd/r_reg[7]/C
                         clock pessimism              0.246    24.788    
                         clock uncertainty           -0.094    24.694    
    SLICE_X108Y23        FDCE (Setup_fdce_C_D)        0.076    24.770    u_pl/u_osd/r_reg[7]
  -------------------------------------------------------------------
                         required time                         24.770    
                         arrival time                         -23.593    
  -------------------------------------------------------------------
                         slack                                  1.177    





Min Delay Paths
--------------------------------------------------------------------------------------
Slack (MET) :             0.059ns  (arrival time - required time)
  Source:                 u_pl/u_bilin/j_d3_reg[0]_rep/C
                            (rising edge-triggered cell FDCE clocked by clkout0_1  {rise@0.000ns fall@10.000ns period=20.000ns})
  Destination:            u_pl/u_blur/lb0_reg_768_831_3_5/RAMA/WADR1
                            (rising edge-triggered cell RAMD64E clocked by clkout0_1  {rise@0.000ns fall@10.000ns period=20.000ns})
  Path Group:             clkout0_1
  Path Type:              Hold (Min at Fast Process Corner)
  Requirement:            0.000ns  (clkout0_1 rise@0.000ns - clkout0_1 rise@0.000ns)
  Data Path Delay:        0.404ns  (logic 0.141ns (34.934%)  route 0.263ns (65.067%))
  Logic Levels:           0  
  Clock Path Skew:        0.036ns (DCD - SCD - CPR)
    Destination Clock Delay (DCD):    2.079ns
    Source Clock Delay      (SCD):    1.562ns
    Clock Pessimism Removal (CPR):    0.481ns

    Location             Delay type                Incr(ns)  Path(ns)    Netlist Resource(s)
  -------------------------------------------------------------------    -------------------
                         (clock clkout0_1 rise edge)
                                                      0.000     0.000 r  
    W17                                               0.000     0.000 r  sys_clk (IN)
                         net (fo=0)                   0.000     0.000    sys_clk
    W17                  IBUF (Prop_ibuf_I_O)         0.252     0.252 r  sys_clk_IBUF_inst/O
                         net (fo=1, routed)           0.674     0.926    sys_clk_IBUF
    BUFGCTRL_X0Y4        BUFG (Prop_bufg_I_O)         0.026     0.952 r  sys_clk_IBUF_BUFG_inst/O
                         net (fo=186, routed)         0.595     1.547    u_pl/u_clk/CLK
    MMCME2_ADV_X1Y0      MMCME2_ADV (Prop_mmcme2_adv_CLKIN1_CLKOUT0)
                                                     -1.150     0.397 r  u_pl/u_clk/u_mmcm/CLKOUT0
                         net (fo=1, routed)           0.529     0.926    u_pl/u_clk/clkout0
    BUFGCTRL_X0Y0        BUFG (Prop_bufg_I_O)         0.026     0.952 r  u_pl/u_clk/u_bufg_pix/O
                         net (fo=5475, routed)        0.610     1.562    u_pl/u_bilin/clk_pix
    SLICE_X93Y45         FDCE                                         r  u_pl/u_bilin/j_d3_reg[0]_rep/C
  -------------------------------------------------------------------    -------------------
    SLICE_X93Y45         FDCE (Prop_fdce_C_Q)         0.141     1.703 r  u_pl/u_bilin/j_d3_reg[0]_rep/Q
                         net (fo=224, routed)         0.263     1.965    u_pl/u_blur/lb0_reg_768_831_3_5/ADDRD1
    SLICE_X90Y45         RAMD64E                                      r  u_pl/u_blur/lb0_reg_768_831_3_5/RAMA/WADR1
  -------------------------------------------------------------------    -------------------

                         (clock clkout0_1 rise edge)
                                                      0.000     0.000 r  
    W17                                               0.000     0.000 r  sys_clk (IN)
                         net (fo=0)                   0.000     0.000    sys_clk
    W17                  IBUF (Prop_ibuf_I_O)         0.440     0.440 r  sys_clk_IBUF_inst/O
                         net (fo=1, routed)           0.731     1.171    sys_clk_IBUF
    BUFGCTRL_X0Y4        BUFG (Prop_bufg_I_O)         0.029     1.200 r  sys_clk_IBUF_BUFG_inst/O
                         net (fo=186, routed)         0.862     2.062    u_pl/u_clk/CLK
    MMCME2_ADV_X1Y0      MMCME2_ADV (Prop_mmcme2_adv_CLKIN1_CLKOUT0)
                                                     -1.467     0.595 r  u_pl/u_clk/u_mmcm/CLKOUT0
                         net (fo=1, routed)           0.576     1.171    u_pl/u_clk/clkout0
    BUFGCTRL_X0Y0        BUFG (Prop_bufg_I_O)         0.029     1.200 r  u_pl/u_clk/u_bufg_pix/O
                         net (fo=5475, routed)        0.879     2.079    u_pl/u_blur/lb0_reg_768_831_3_5/WCLK
    SLICE_X90Y45         RAMD64E                                      r  u_pl/u_blur/lb0_reg_768_831_3_5/RAMA/CLK
                         clock pessimism             -0.481     1.598    
    SLICE_X90Y45         RAMD64E (Hold_ramd64e_CLK_WADR1)
                                                      0.309     1.907    u_pl/u_blur/lb0_reg_768_831_3_5/RAMA
  -------------------------------------------------------------------
                         required time                         -1.907    
                         arrival time                           1.965    
  -------------------------------------------------------------------
                         slack                                  0.059    





Pulse Width Checks
--------------------------------------------------------------------------------------
Clock Name:         clkout0_1
Waveform(ns):       { 0.000 10.000 }
Period(ns):         20.000
Sources:            { u_pl/u_clk/u_mmcm/CLKOUT0 }

Check Type        Corner  Lib Pin             Reference Pin  Required(ns)  Actual(ns)  Slack(ns)  Location         Pin
Min Period        n/a     DSP48E1/CLK         n/a            3.272         20.000      16.728     DSP48_X3Y38      u_pl/u_zmap/yr_m_reg/CLK
Max Period        n/a     MMCME2_ADV/CLKOUT0  n/a            213.360       20.000      193.360    MMCME2_ADV_X1Y0  u_pl/u_clk/u_mmcm/CLKOUT0
Low Pulse Width   Slow    RAMD64E/CLK         n/a            1.130         10.000      8.870      SLICE_X98Y44     u_pl/u_blur/lb0_reg_0_63_0_2/RAMA/CLK
High Pulse Width  Slow    RAMD64E/CLK         n/a            1.130         10.000      8.870      SLICE_X98Y44     u_pl/u_blur/lb0_reg_0_63_0_2/RAMA/CLK



---------------------------------------------------------------------------------------------------
From Clock:  clkout1_1
  To Clock:  clkout1_1

Setup :           NA  Failing Endpoints,  Worst Slack           NA  ,  Total Violation           NA
Hold  :           NA  Failing Endpoints,  Worst Slack           NA  ,  Total Violation           NA
PW    :            0  Failing Endpoints,  Worst Slack        2.408ns,  Total Violation        0.000ns
---------------------------------------------------------------------------------------------------


Pulse Width Checks
--------------------------------------------------------------------------------------
Clock Name:         clkout1_1
Waveform(ns):       { 0.000 2.000 }
Period(ns):         4.000
Sources:            { u_pl/u_clk/u_mmcm/CLKOUT1 }

Check Type  Corner  Lib Pin             Reference Pin  Required(ns)  Actual(ns)  Slack(ns)  Location         Pin
Min Period  n/a     BUFG/I              n/a            1.592         4.000       2.408      BUFGCTRL_X0Y2    u_pl/u_clk/u_bufg_5x/I
Max Period  n/a     MMCME2_ADV/CLKOUT1  n/a            213.360       4.000       209.360    MMCME2_ADV_X1Y0  u_pl/u_clk/u_mmcm/CLKOUT1



---------------------------------------------------------------------------------------------------
From Clock:  clkout2
  To Clock:  clkout2

Setup :           NA  Failing Endpoints,  Worst Slack           NA  ,  Total Violation           NA
Hold  :           NA  Failing Endpoints,  Worst Slack           NA  ,  Total Violation           NA
PW    :            0  Failing Endpoints,  Worst Slack        0.264ns,  Total Violation        0.000ns
---------------------------------------------------------------------------------------------------


Pulse Width Checks
--------------------------------------------------------------------------------------
Clock Name:         clkout2
Waveform(ns):       { 0.000 2.500 }
Period(ns):         5.000
Sources:            { u_idelay_clkgen/u_mmcm/CLKOUT2 }

Check Type  Corner  Lib Pin            Reference Pin  Required(ns)  Actual(ns)  Slack(ns)  Location         Pin
Min Period  n/a     IDELAYCTRL/REFCLK  n/a            2.438         5.000       2.562      IDELAYCTRL_X1Y0  u_eth/u_rgmii/u_rgmii_rx/IDELAYCTRL_inst/REFCLK
Max Period  n/a     IDELAYCTRL/REFCLK  n/a            5.264         5.000       0.264      IDELAYCTRL_X1Y0  u_eth/u_rgmii/u_rgmii_rx/IDELAYCTRL_inst/REFCLK



---------------------------------------------------------------------------------------------------
From Clock:  clkout0_1
  To Clock:  sys_clk

Setup :            0  Failing Endpoints,  Worst Slack       14.803ns,  Total Violation        0.000ns
Hold  :            0  Failing Endpoints,  Worst Slack        0.220ns,  Total Violation        0.000ns
---------------------------------------------------------------------------------------------------


Max Delay Paths
--------------------------------------------------------------------------------------
Slack (MET) :             14.803ns  (required time - arrival time)
  Source:                 u_pl/u_split_x/bus_q_reg[17]/C
                            (rising edge-triggered cell FDCE clocked by clkout0_1  {rise@0.000ns fall@10.000ns period=20.000ns})
  Destination:            u_pl/u_ang/angle_reg[8]/D
                            (rising edge-triggered cell FDRE clocked by sys_clk  {rise@0.000ns fall@10.000ns period=20.000ns})
  Path Group:             sys_clk
  Path Type:              Setup (Max at Slow Process Corner)
  Requirement:            20.000ns  (sys_clk rise@20.000ns - clkout0_1 rise@0.000ns)
  Data Path Delay:        4.816ns  (logic 1.631ns (33.864%)  route 3.185ns (66.136%))
  Logic Levels:           6  (CARRY4=2 LUT2=1 LUT5=1 LUT6=2)
  Clock Path Skew:        -0.152ns (DCD - SCD + CPR)
    Destination Clock Delay (DCD):    4.420ns = ( 24.420 - 20.000 ) 
    Source Clock Delay      (SCD):    4.818ns
    Clock Pessimism Removal (CPR):    0.246ns
  Clock Uncertainty:      0.259ns  ((TSJ^2 + DJ^2)^1/2) / 2 + PE
    Total System Jitter     (TSJ):    0.071ns
    Discrete Jitter          (DJ):    0.175ns
    Phase Error              (PE):    0.165ns

    Location             Delay type                Incr(ns)  Path(ns)    Netlist Resource(s)
  -------------------------------------------------------------------    -------------------
                         (clock clkout0_1 rise edge)
                                                      0.000     0.000 r  
    W17                                               0.000     0.000 r  sys_clk (IN)
                         net (fo=0)                   0.000     0.000    sys_clk
    W17                  IBUF (Prop_ibuf_I_O)         1.415     1.415 r  sys_clk_IBUF_inst/O
                         net (fo=1, routed)           1.873     3.288    sys_clk_IBUF
    BUFGCTRL_X0Y4        BUFG (Prop_bufg_I_O)         0.085     3.373 r  sys_clk_IBUF_BUFG_inst/O
                         net (fo=186, routed)         1.550     4.923    u_pl/u_clk/CLK
    MMCME2_ADV_X1Y0      MMCME2_ADV (Prop_mmcme2_adv_CLKIN1_CLKOUT0)
                                                     -3.232     1.691 r  u_pl/u_clk/u_mmcm/CLKOUT0
                         net (fo=1, routed)           1.597     3.288    u_pl/u_clk/clkout0
    BUFGCTRL_X0Y0        BUFG (Prop_bufg_I_O)         0.085     3.373 r  u_pl/u_clk/u_bufg_pix/O
                         net (fo=5475, routed)        1.445     4.818    u_pl/u_split_x/clk_pix
    SLICE_X65Y90         FDCE                                         r  u_pl/u_split_x/bus_q_reg[17]/C
  -------------------------------------------------------------------    -------------------
    SLICE_X65Y90         FDCE (Prop_fdce_C_Q)         0.379     5.197 r  u_pl/u_split_x/bus_q_reg[17]/Q
                         net (fo=2, routed)           1.127     6.324    u_pl/u_ang/bus_q[2]
    SLICE_X80Y87         LUT2 (Prop_lut2_I1_O)        0.105     6.429 r  u_pl/u_ang/angle[3]_i_6/O
                         net (fo=1, routed)           0.000     6.429    u_pl/u_ang/angle[3]_i_6_n_0
    SLICE_X80Y87         CARRY4 (Prop_carry4_S[2]_CO[3])
                                                      0.332     6.761 r  u_pl/u_ang/angle_reg[3]_i_2/CO[3]
                         net (fo=1, routed)           0.000     6.761    u_pl/u_ang/angle_reg[3]_i_2_n_0
    SLICE_X80Y88         CARRY4 (Prop_carry4_CI_O[0])
                                                      0.180     6.941 f  u_pl/u_ang/angle_reg[7]_i_4/O[0]
                         net (fo=6, routed)           0.728     7.669    u_pl/u_ang/angle_reg[7]_i_4_n_7
    SLICE_X81Y88         LUT5 (Prop_lut5_I4_O)        0.263     7.932 r  u_pl/u_ang/angle[8]_i_7/O
                         net (fo=1, routed)           0.552     8.485    u_pl/u_ang/angle[8]_i_7_n_0
    SLICE_X82Y88         LUT6 (Prop_lut6_I2_O)        0.267     8.752 r  u_pl/u_ang/angle[8]_i_4/O
                         net (fo=1, routed)           0.778     9.529    u_pl/u_ang/angle[8]_i_4_n_0
    SLICE_X83Y87         LUT6 (Prop_lut6_I0_O)        0.105     9.634 r  u_pl/u_ang/angle[8]_i_2/O
                         net (fo=1, routed)           0.000     9.634    u_pl/u_ang/p_1_in__0[8]
    SLICE_X83Y87         FDRE                                         r  u_pl/u_ang/angle_reg[8]/D
  -------------------------------------------------------------------    -------------------

                         (clock sys_clk rise edge)   20.000    20.000 r  
    W17                                               0.000    20.000 r  sys_clk (IN)
                         net (fo=0)                   0.000    20.000    sys_clk
    W17                  IBUF (Prop_ibuf_I_O)         1.349    21.349 r  sys_clk_IBUF_inst/O
                         net (fo=1, routed)           1.701    23.050    sys_clk_IBUF
    BUFGCTRL_X0Y4        BUFG (Prop_bufg_I_O)         0.077    23.127 r  sys_clk_IBUF_BUFG_inst/O
                         net (fo=186, routed)         1.293    24.420    u_pl/u_ang/CLK
    SLICE_X83Y87         FDRE                                         r  u_pl/u_ang/angle_reg[8]/C
                         clock pessimism              0.246    24.666    
                         clock uncertainty           -0.259    24.407    
    SLICE_X83Y87         FDRE (Setup_fdre_C_D)        0.030    24.437    u_pl/u_ang/angle_reg[8]
  -------------------------------------------------------------------
                         required time                         24.437    
                         arrival time                          -9.634    
  -------------------------------------------------------------------
                         slack                                 14.803    





Min Delay Paths
--------------------------------------------------------------------------------------
Slack (MET) :             0.220ns  (arrival time - required time)
  Source:                 u_pl/rot_fs_tog_reg/C
                            (rising edge-triggered cell FDCE clocked by clkout0_1  {rise@0.000ns fall@10.000ns period=20.000ns})
  Destination:            u_pl/u_ang/fs_s_reg[0]/D
                            (rising edge-triggered cell FDRE clocked by sys_clk  {rise@0.000ns fall@10.000ns period=20.000ns})
  Path Group:             sys_clk
  Path Type:              Hold (Min at Fast Process Corner)
  Requirement:            0.000ns  (sys_clk rise@0.000ns - clkout0_1 rise@0.000ns)
  Data Path Delay:        0.824ns  (logic 0.141ns (17.120%)  route 0.683ns (82.880%))
  Logic Levels:           0  
  Clock Path Skew:        0.269ns (DCD - SCD - CPR)
    Destination Clock Delay (DCD):    2.048ns
    Source Clock Delay      (SCD):    1.531ns
    Clock Pessimism Removal (CPR):    0.248ns
  Clock Uncertainty:      0.259ns  ((TSJ^2 + DJ^2)^1/2) / 2 + PE
    Total System Jitter     (TSJ):    0.071ns
    Discrete Jitter          (DJ):    0.175ns
    Phase Error              (PE):    0.165ns

    Location             Delay type                Incr(ns)  Path(ns)    Netlist Resource(s)
  -------------------------------------------------------------------    -------------------
                         (clock clkout0_1 rise edge)
                                                      0.000     0.000 r  
    W17                                               0.000     0.000 r  sys_clk (IN)
                         net (fo=0)                   0.000     0.000    sys_clk
    W17                  IBUF (Prop_ibuf_I_O)         0.252     0.252 r  sys_clk_IBUF_inst/O
                         net (fo=1, routed)           0.674     0.926    sys_clk_IBUF
    BUFGCTRL_X0Y4        BUFG (Prop_bufg_I_O)         0.026     0.952 r  sys_clk_IBUF_BUFG_inst/O
                         net (fo=186, routed)         0.595     1.547    u_pl/u_clk/CLK
    MMCME2_ADV_X1Y0      MMCME2_ADV (Prop_mmcme2_adv_CLKIN1_CLKOUT0)
                                                     -1.150     0.397 r  u_pl/u_clk/u_mmcm/CLKOUT0
                         net (fo=1, routed)           0.529     0.926    u_pl/u_clk/clkout0
    BUFGCTRL_X0Y0        BUFG (Prop_bufg_I_O)         0.026     0.952 r  u_pl/u_clk/u_bufg_pix/O
                         net (fo=5475, routed)        0.579     1.531    u_pl/clk_pix
    SLICE_X67Y88         FDCE                                         r  u_pl/rot_fs_tog_reg/C
  -------------------------------------------------------------------    -------------------
    SLICE_X67Y88         FDCE (Prop_fdce_C_Q)         0.141     1.672 r  u_pl/rot_fs_tog_reg/Q
                         net (fo=2, routed)           0.683     2.354    u_pl/u_ang/rot_fs_tog
    SLICE_X66Y88         FDRE                                         r  u_pl/u_ang/fs_s_reg[0]/D
  -------------------------------------------------------------------    -------------------

                         (clock sys_clk rise edge)    0.000     0.000 r  
    W17                                               0.000     0.000 r  sys_clk (IN)
                         net (fo=0)                   0.000     0.000    sys_clk
    W17                  IBUF (Prop_ibuf_I_O)         0.440     0.440 r  sys_clk_IBUF_inst/O
                         net (fo=1, routed)           0.731     1.171    sys_clk_IBUF
    BUFGCTRL_X0Y4        BUFG (Prop_bufg_I_O)         0.029     1.200 r  sys_clk_IBUF_BUFG_inst/O
                         net (fo=186, routed)         0.848     2.048    u_pl/u_ang/CLK
    SLICE_X66Y88         FDRE                                         r  u_pl/u_ang/fs_s_reg[0]/C
                         clock pessimism             -0.248     1.800    
                         clock uncertainty            0.259     2.059    
    SLICE_X66Y88         FDRE (Hold_fdre_C_D)         0.075     2.134    u_pl/u_ang/fs_s_reg[0]
  -------------------------------------------------------------------
                         required time                         -2.134    
                         arrival time                           2.354    
  -------------------------------------------------------------------
                         slack                                  0.220    





---------------------------------------------------------------------------------------------------
From Clock:  sys_clk
  To Clock:  clkout0_1

Setup :            0  Failing Endpoints,  Worst Slack        2.534ns,  Total Violation        0.000ns
Hold  :            0  Failing Endpoints,  Worst Slack        0.160ns,  Total Violation        0.000ns
---------------------------------------------------------------------------------------------------


Max Delay Paths
--------------------------------------------------------------------------------------
Slack (MET) :             2.534ns  (required time - arrival time)
  Source:                 u_pl/u_ang/angle_reg[3]/C
                            (rising edge-triggered cell FDRE clocked by sys_clk  {rise@0.000ns fall@10.000ns period=20.000ns})
  Destination:            u_pl/u_osd/r_reg[7]/D
                            (rising edge-triggered cell FDCE clocked by clkout0_1  {rise@0.000ns fall@10.000ns period=20.000ns})
  Path Group:             clkout0_1
  Path Type:              Setup (Max at Slow Process Corner)
  Requirement:            20.000ns  (clkout0_1 rise@20.000ns - sys_clk rise@0.000ns)
  Data Path Delay:        17.248ns  (logic 4.546ns (26.357%)  route 12.702ns (73.643%))
  Logic Levels:           20  (CARRY4=3 LUT2=2 LUT3=2 LUT4=1 LUT5=1 LUT6=10 MUXF7=1)
  Clock Path Skew:        -0.034ns (DCD - SCD + CPR)
    Destination Clock Delay (DCD):    4.542ns = ( 24.542 - 20.000 ) 
    Source Clock Delay      (SCD):    4.822ns
    Clock Pessimism Removal (CPR):    0.246ns
  Clock Uncertainty:      0.259ns  ((TSJ^2 + DJ^2)^1/2) / 2 + PE
    Total System Jitter     (TSJ):    0.071ns
    Discrete Jitter          (DJ):    0.175ns
    Phase Error              (PE):    0.165ns

    Location             Delay type                Incr(ns)  Path(ns)    Netlist Resource(s)
  -------------------------------------------------------------------    -------------------
                         (clock sys_clk rise edge)    0.000     0.000 r  
    W17                                               0.000     0.000 r  sys_clk (IN)
                         net (fo=0)                   0.000     0.000    sys_clk
    W17                  IBUF (Prop_ibuf_I_O)         1.415     1.415 r  sys_clk_IBUF_inst/O
                         net (fo=1, routed)           1.873     3.288    sys_clk_IBUF
    BUFGCTRL_X0Y4        BUFG (Prop_bufg_I_O)         0.085     3.373 r  sys_clk_IBUF_BUFG_inst/O
                         net (fo=186, routed)         1.449     4.822    u_pl/u_ang/CLK
    SLICE_X82Y88         FDRE                                         r  u_pl/u_ang/angle_reg[3]/C
  -------------------------------------------------------------------    -------------------
    SLICE_X82Y88         FDRE (Prop_fdre_C_Q)         0.398     5.220 r  u_pl/u_ang/angle_reg[3]/Q
                         net (fo=167, routed)         1.086     6.306    u_pl/u_ang/angle_reg[3]_0
    SLICE_X61Y88         LUT2 (Prop_lut2_I1_O)        0.232     6.538 r  u_pl/u_ang/g0_b0_i_650/O
                         net (fo=1, routed)           0.000     6.538    u_pl/u_ang/g0_b0_i_650_n_0
    SLICE_X61Y88         CARRY4 (Prop_carry4_S[0]_CO[3])
                                                      0.440     6.978 r  u_pl/u_ang/g0_b0_i_416/CO[3]
                         net (fo=1, routed)           0.000     6.978    u_pl/u_ang/g0_b0_i_416_n_0
    SLICE_X61Y89         CARRY4 (Prop_carry4_CI_O[1])
                                                      0.265     7.243 r  u_pl/u_ang/g0_b0_i_179/O[1]
                         net (fo=17, routed)          0.684     7.927    u_pl/u_ang/g0_b0_i_179_n_6
    SLICE_X61Y86         LUT3 (Prop_lut3_I0_O)        0.269     8.196 r  u_pl/u_ang/g0_b0_i_411/O
                         net (fo=2, routed)           0.695     8.890    u_pl/u_ang/g0_b0_i_411_n_0
    SLICE_X61Y86         LUT5 (Prop_lut5_I0_O)        0.267     9.157 r  u_pl/u_ang/g0_b0_i_414/O
                         net (fo=1, routed)           0.000     9.157    u_pl/u_ang/g0_b0_i_414_n_0
    SLICE_X61Y86         CARRY4 (Prop_carry4_S[1]_CO[2])
                                                      0.475     9.632 r  u_pl/u_ang/g0_b0_i_178/CO[2]
                         net (fo=9, routed)           0.366     9.998    u_pl/u_ang/g0_b0_i_178_n_1
    SLICE_X60Y87         LUT4 (Prop_lut4_I0_O)        0.264    10.262 r  u_pl/u_ang/g0_b0_i_72/O
                         net (fo=46, routed)          0.570    10.832    u_pl/u_ang/angle_reg[8]_0
    SLICE_X63Y85         LUT6 (Prop_lut6_I5_O)        0.275    11.107 r  u_pl/u_ang/g0_b0_i_509/O
                         net (fo=9, routed)           0.673    11.779    u_pl/u_ang/angle_reg[7]_0
    SLICE_X59Y88         LUT6 (Prop_lut6_I3_O)        0.105    11.884 f  u_pl/u_ang/g0_b0_i_268/O
                         net (fo=1, routed)           0.658    12.542    u_pl/u_osd/g0_b0_i_42_2
    SLICE_X57Y88         LUT6 (Prop_lut6_I5_O)        0.105    12.647 r  u_pl/u_osd/g0_b0_i_108/O
                         net (fo=1, routed)           0.392    13.039    u_pl/u_osd/g0_b0_i_108_n_0
    SLICE_X57Y89         LUT6 (Prop_lut6_I1_O)        0.105    13.144 r  u_pl/u_osd/g0_b0_i_42/O
                         net (fo=1, routed)           0.651    13.795    u_pl/u_osd/g0_b0_i_42_n_0
    SLICE_X57Y93         LUT6 (Prop_lut6_I5_O)        0.105    13.900 r  u_pl/u_osd/g0_b0_i_16/O
                         net (fo=12, routed)          1.153    15.052    u_pl/u_osd/chars[3]
    SLICE_X55Y84         LUT6 (Prop_lut6_I0_O)        0.105    15.157 r  u_pl/u_osd/g0_b0_i_11/O
                         net (fo=1, routed)           0.653    15.810    u_pl/u_osd/g0_b0_i_11_n_0
    SLICE_X56Y84         LUT3 (Prop_lut3_I2_O)        0.124    15.934 r  u_pl/u_osd/g0_b0_i_2/O
                         net (fo=35, routed)          0.882    16.816    u_pl/glyph_idx[1]
    SLICE_X56Y83         LUT6 (Prop_lut6_I1_O)        0.267    17.083 r  u_pl/g0_b3__1/O
                         net (fo=1, routed)           0.000    17.083    u_pl/u_osd/r_reg[7]_i_14_0[3]
    SLICE_X56Y83         MUXF7 (Prop_muxf7_I0_O)      0.178    17.261 r  u_pl/u_osd/r_reg[7]_i_30/O
                         net (fo=1, routed)           0.698    17.959    u_pl/u_osd/r_reg[7]_i_30_n_0
    SLICE_X55Y82         LUT6 (Prop_lut6_I1_O)        0.252    18.211 r  u_pl/u_osd/r[7]_i_17/O
                         net (fo=1, routed)           0.346    18.557    u_pl/u_osd/r[7]_i_17_n_0
    SLICE_X55Y82         LUT6 (Prop_lut6_I0_O)        0.105    18.662 r  u_pl/u_osd/r[7]_i_5/O
                         net (fo=1, routed)           0.774    19.436    u_pl/u_osd/r[7]_i_5_n_0
    SLICE_X55Y79         LUT6 (Prop_lut6_I2_O)        0.105    19.541 r  u_pl/u_osd/r[7]_i_2/O
                         net (fo=19, routed)          2.424    21.965    u_pl/u_osd/r[7]_i_2_n_0
    SLICE_X108Y23        LUT2 (Prop_lut2_I1_O)        0.105    22.070 r  u_pl/u_osd/r[7]_i_1/O
                         net (fo=1, routed)           0.000    22.070    u_pl/u_osd/r[7]_i_1_n_0
    SLICE_X108Y23        FDCE                                         r  u_pl/u_osd/r_reg[7]/D
  -------------------------------------------------------------------    -------------------

                         (clock clkout0_1 rise edge)
                                                     20.000    20.000 r  
    W17                                               0.000    20.000 r  sys_clk (IN)
                         net (fo=0)                   0.000    20.000    sys_clk
    W17                  IBUF (Prop_ibuf_I_O)         1.349    21.349 r  sys_clk_IBUF_inst/O
                         net (fo=1, routed)           1.701    23.050    sys_clk_IBUF
    BUFGCTRL_X0Y4        BUFG (Prop_bufg_I_O)         0.077    23.127 r  sys_clk_IBUF_BUFG_inst/O
                         net (fo=186, routed)         1.384    24.511    u_pl/u_clk/CLK
    MMCME2_ADV_X1Y0      MMCME2_ADV (Prop_mmcme2_adv_CLKIN1_CLKOUT0)
                                                     -2.915    21.596 r  u_pl/u_clk/u_mmcm/CLKOUT0
                         net (fo=1, routed)           1.454    23.050    u_pl/u_clk/clkout0
    BUFGCTRL_X0Y0        BUFG (Prop_bufg_I_O)         0.077    23.127 r  u_pl/u_clk/u_bufg_pix/O
                         net (fo=5475, routed)        1.415    24.542    u_pl/u_osd/clk_pix
    SLICE_X108Y23        FDCE                                         r  u_pl/u_osd/r_reg[7]/C
                         clock pessimism              0.246    24.788    
                         clock uncertainty           -0.259    24.529    
    SLICE_X108Y23        FDCE (Setup_fdce_C_D)        0.076    24.605    u_pl/u_osd/r_reg[7]
  -------------------------------------------------------------------
                         required time                         24.605    
                         arrival time                         -22.070    
  -------------------------------------------------------------------
                         slack                                  2.534    





Min Delay Paths
--------------------------------------------------------------------------------------
Slack (MET) :             0.160ns  (arrival time - required time)
  Source:                 u_pl/u_k1l/tog_reg/C
                            (rising edge-triggered cell FDRE clocked by sys_clk  {rise@0.000ns fall@10.000ns period=20.000ns})
  Destination:            u_pl/u_mode/lsync_reg[0]/D
                            (rising edge-triggered cell FDCE clocked by clkout0_1  {rise@0.000ns fall@10.000ns period=20.000ns})
  Path Group:             clkout0_1
  Path Type:              Hold (Min at Fast Process Corner)
  Requirement:            0.000ns  (clkout0_1 rise@0.000ns - sys_clk rise@0.000ns)
  Data Path Delay:        0.690ns  (logic 0.128ns (18.550%)  route 0.562ns (81.450%))
  Logic Levels:           0  
  Clock Path Skew:        0.265ns (DCD - SCD - CPR)
    Destination Clock Delay (DCD):    2.050ns
    Source Clock Delay      (SCD):    1.537ns
    Clock Pessimism Removal (CPR):    0.248ns
  Clock Uncertainty:      0.259ns  ((TSJ^2 + DJ^2)^1/2) / 2 + PE
    Total System Jitter     (TSJ):    0.071ns
    Discrete Jitter          (DJ):    0.175ns
    Phase Error              (PE):    0.165ns

    Location             Delay type                Incr(ns)  Path(ns)    Netlist Resource(s)
  -------------------------------------------------------------------    -------------------
                         (clock sys_clk rise edge)    0.000     0.000 r  
    W17                                               0.000     0.000 r  sys_clk (IN)
                         net (fo=0)                   0.000     0.000    sys_clk
    W17                  IBUF (Prop_ibuf_I_O)         0.252     0.252 r  sys_clk_IBUF_inst/O
                         net (fo=1, routed)           0.674     0.926    sys_clk_IBUF
    BUFGCTRL_X0Y4        BUFG (Prop_bufg_I_O)         0.026     0.952 r  sys_clk_IBUF_BUFG_inst/O
                         net (fo=186, routed)         0.585     1.537    u_pl/u_k1l/CLK
    SLICE_X81Y94         FDRE                                         r  u_pl/u_k1l/tog_reg/C
  -------------------------------------------------------------------    -------------------
    SLICE_X81Y94         FDRE (Prop_fdre_C_Q)         0.128     1.665 r  u_pl/u_k1l/tog_reg/Q
                         net (fo=3, routed)           0.562     2.227    u_pl/u_mode/D[0]
    SLICE_X67Y96         FDCE                                         r  u_pl/u_mode/lsync_reg[0]/D
  -------------------------------------------------------------------    -------------------

                         (clock clkout0_1 rise edge)
                                                      0.000     0.000 r  
    W17                                               0.000     0.000 r  sys_clk (IN)
                         net (fo=0)                   0.000     0.000    sys_clk
    W17                  IBUF (Prop_ibuf_I_O)         0.440     0.440 r  sys_clk_IBUF_inst/O
                         net (fo=1, routed)           0.731     1.171    sys_clk_IBUF
    BUFGCTRL_X0Y4        BUFG (Prop_bufg_I_O)         0.029     1.200 r  sys_clk_IBUF_BUFG_inst/O
                         net (fo=186, routed)         0.862     2.062    u_pl/u_clk/CLK
    MMCME2_ADV_X1Y0      MMCME2_ADV (Prop_mmcme2_adv_CLKIN1_CLKOUT0)
                                                     -1.467     0.595 r  u_pl/u_clk/u_mmcm/CLKOUT0
                         net (fo=1, routed)           0.576     1.171    u_pl/u_clk/clkout0
    BUFGCTRL_X0Y0        BUFG (Prop_bufg_I_O)         0.029     1.200 r  u_pl/u_clk/u_bufg_pix/O
                         net (fo=5475, routed)        0.850     2.050    u_pl/u_mode/clk_pix
    SLICE_X67Y96         FDCE                                         r  u_pl/u_mode/lsync_reg[0]/C
                         clock pessimism             -0.248     1.802    
                         clock uncertainty            0.259     2.061    
    SLICE_X67Y96         FDCE (Hold_fdce_C_D)         0.005     2.066    u_pl/u_mode/lsync_reg[0]
  -------------------------------------------------------------------
                         required time                         -2.066    
                         arrival time                           2.227    
  -------------------------------------------------------------------
                         slack                                  0.160    





