Copyright 1986-2022 Xilinx, Inc. All Rights Reserved. Copyright 2022-2026 Advanced Micro Devices, Inc. All Rights Reserved.
---------------------------------------------------------------------------------------------------------------------------------------------
| Tool Version : Vivado v.2025.2.1 (win64) Build 6403652 Thu Mar 19 19:48:24 GMT 2026
| Date         : Tue Sep 29 15:37:49 2026
| Host         : Uie-laptop running 64-bit major release  (build 9200)
| Command      : report_timing -delay_type max -nworst 1 -max_paths 8 -file D:/Xilinx/Prj/pro/Video_Processing/build/crit_paths_raw.rpt
| Design       : system_top
| Device       : 7z020-clg484
| Speed File   : -2  PRODUCTION 1.12 2019-11-22
| Design State : Routed
---------------------------------------------------------------------------------------------------------------------------------------------

Timing Report

Slack (MET) :             0.516ns  (required time - arrival time)
  Source:                 u_eth/u_rgmii/u_rgmii_rx/rxdata_bus[1].u_iddr_rxd/C
                            (rising edge-triggered cell IDDR clocked by eth_rxc  {rise@0.000ns fall@4.000ns period=8.000ns})
  Destination:            u_eth/u_rx_mac/u_crc_rx/crc_data_reg[26]/D
                            (rising edge-triggered cell FDPE clocked by eth_rxc  {rise@0.000ns fall@4.000ns period=8.000ns})
  Path Group:             eth_rxc
  Path Type:              Setup (Max at Slow Process Corner)
  Requirement:            8.000ns  (eth_rxc rise@8.000ns - eth_rxc rise@0.000ns)
  Data Path Delay:        8.520ns  (logic 1.082ns (12.700%)  route 7.438ns (87.300%))
  Logic Levels:           4  (LUT2=1 LUT5=2 LUT6=1)
  Clock Path Skew:        1.103ns (DCD - SCD + CPR)
    Destination Clock Delay (DCD):    4.447ns = ( 12.447 - 8.000 ) 
    Source Clock Delay      (SCD):    3.410ns
    Clock Pessimism Removal (CPR):    0.066ns
  Clock Uncertainty:      0.035ns  ((TSJ^2 + TIJ^2)^1/2 + DJ) / 2 + PE
    Total System Jitter     (TSJ):    0.071ns
    Total Input Jitter      (TIJ):    0.000ns
    Discrete Jitter          (DJ):    0.000ns
    Phase Error              (PE):    0.000ns

    Location             Delay type                Incr(ns)  Path(ns)    Netlist Resource(s)
  -------------------------------------------------------------------    -------------------
                         (clock eth_rxc rise edge)    0.000     0.000 r  
    Y19                                               0.000     0.000 r  eth_rxc (IN)
                         net (fo=0)                   0.000     0.000    eth_rxc
    Y19                  IBUF (Prop_ibuf_I_O)         1.430     1.430 r  eth_rxc_IBUF_inst/O
                         net (fo=2, routed)           0.374     1.804    u_eth/u_rgmii/u_rgmii_rx/rgmii_rxc
    BUFIO_X1Y3           BUFIO (Prop_bufio_I_O)       1.319     3.123 r  u_eth/u_rgmii/u_rgmii_rx/BUFIO_inst/O
                         net (fo=5, routed)           0.287     3.410    u_eth/u_rgmii/u_rgmii_rx/rgmii_rxc_bufio
    ILOGIC_X1Y41         IDDR                                         r  u_eth/u_rgmii/u_rgmii_rx/rxdata_bus[1].u_iddr_rxd/C
  -------------------------------------------------------------------    -------------------
    ILOGIC_X1Y41         IDDR (Prop_iddr_C_Q2)        0.448     3.858 f  u_eth/u_rgmii/u_rgmii_rx/rxdata_bus[1].u_iddr_rxd/Q2
                         net (fo=40, routed)          2.344     6.202    u_eth/u_rgmii/u_rgmii_rx/gmii_rxd[5]
    SLICE_X81Y37         LUT2 (Prop_lut2_I0_O)        0.154     6.356 f  u_eth/u_rgmii/u_rgmii_rx/FSM_onehot_state[2]_i_3/O
                         net (fo=1, routed)           0.905     7.261    u_eth/u_rgmii/u_rgmii_rx/FSM_onehot_state[2]_i_3_n_0
    SLICE_X81Y37         LUT6 (Prop_lut6_I5_O)        0.105     7.366 f  u_eth/u_rgmii/u_rgmii_rx/FSM_onehot_state[2]_i_2/O
                         net (fo=5, routed)           0.915     8.281    u_eth/u_rgmii/u_rgmii_rx/rxdata_bus[3].u_iddr_rxd_0
    SLICE_X80Y35         LUT5 (Prop_lut5_I2_O)        0.108     8.389 r  u_eth/u_rgmii/u_rgmii_rx/crc_data[31]_i_3/O
                         net (fo=33, routed)          1.204     9.592    u_eth/u_rx_mac/u_crc_rx/crc_data_reg[27]_1
    SLICE_X89Y34         LUT5 (Prop_lut5_I0_O)        0.267     9.859 r  u_eth/u_rx_mac/u_crc_rx/crc_data[26]_i_1__1/O
                         net (fo=1, routed)           2.070    11.930    u_eth/u_rx_mac/u_crc_rx/p_1_in[26]
    SLICE_X89Y34         FDPE                                         r  u_eth/u_rx_mac/u_crc_rx/crc_data_reg[26]/D
  -------------------------------------------------------------------    -------------------

                         (clock eth_rxc rise edge)    8.000     8.000 r  
    Y19                                               0.000     8.000 r  eth_rxc (IN)
                         net (fo=0)                   0.000     8.000    eth_rxc
    Y19                  IBUF (Prop_ibuf_I_O)         1.364     9.364 r  eth_rxc_IBUF_inst/O
                         net (fo=2, routed)           1.701    11.065    u_eth/u_rgmii/u_rgmii_rx/rgmii_rxc
    BUFGCTRL_X0Y1        BUFG (Prop_bufg_I_O)         0.077    11.142 r  u_eth/u_rgmii/u_rgmii_rx/BUFG_inst/O
                         net (fo=2475, routed)        1.305    12.447    u_eth/u_rx_mac/u_crc_rx/gmii_rx_clk
    SLICE_X89Y34         FDPE                                         r  u_eth/u_rx_mac/u_crc_rx/crc_data_reg[26]/C
                         clock pessimism              0.066    12.513    
                         clock uncertainty           -0.035    12.477    
    SLICE_X89Y34         FDPE (Setup_fdpe_C_D)       -0.032    12.445    u_eth/u_rx_mac/u_crc_rx/crc_data_reg[26]
  -------------------------------------------------------------------
                         required time                         12.445    
                         arrival time                         -11.930    
  -------------------------------------------------------------------
                         slack                                  0.516    

Slack (MET) :             0.517ns  (required time - arrival time)
  Source:                 u_eth/u_icmp/u_icmp_rx/FSM_onehot_cur_state_reg[4]/C
                            (rising edge-triggered cell FDCE clocked by eth_rxc  {rise@0.000ns fall@4.000ns period=8.000ns})
  Destination:            u_eth/u_icmp/u_icmp_rx/reply_checksum_add_reg[28]/CE
                            (rising edge-triggered cell FDCE clocked by eth_rxc  {rise@0.000ns fall@4.000ns period=8.000ns})
  Path Group:             eth_rxc
  Path Type:              Setup (Max at Slow Process Corner)
  Requirement:            8.000ns  (eth_rxc rise@8.000ns - eth_rxc rise@0.000ns)
  Data Path Delay:        7.255ns  (logic 1.088ns (14.996%)  route 6.167ns (85.004%))
  Logic Levels:           4  (LUT3=1 LUT5=2 LUT6=1)
  Clock Path Skew:        -0.056ns (DCD - SCD + CPR)
    Destination Clock Delay (DCD):    4.501ns = ( 12.501 - 8.000 ) 
    Source Clock Delay      (SCD):    4.899ns
    Clock Pessimism Removal (CPR):    0.342ns
  Clock Uncertainty:      0.035ns  ((TSJ^2 + TIJ^2)^1/2 + DJ) / 2 + PE
    Total System Jitter     (TSJ):    0.071ns
    Total Input Jitter      (TIJ):    0.000ns
    Discrete Jitter          (DJ):    0.000ns
    Phase Error              (PE):    0.000ns

    Location             Delay type                Incr(ns)  Path(ns)    Netlist Resource(s)
  -------------------------------------------------------------------    -------------------
                         (clock eth_rxc rise edge)    0.000     0.000 r  
    Y19                                               0.000     0.000 r  eth_rxc (IN)
                         net (fo=0)                   0.000     0.000    eth_rxc
    Y19                  IBUF (Prop_ibuf_I_O)         1.430     1.430 r  eth_rxc_IBUF_inst/O
                         net (fo=2, routed)           1.873     3.303    u_eth/u_rgmii/u_rgmii_rx/rgmii_rxc
    BUFGCTRL_X0Y1        BUFG (Prop_bufg_I_O)         0.085     3.388 r  u_eth/u_rgmii/u_rgmii_rx/BUFG_inst/O
                         net (fo=2475, routed)        1.511     4.899    u_eth/u_icmp/u_icmp_rx/gmii_rx_clk
    SLICE_X93Y32         FDCE                                         r  u_eth/u_icmp/u_icmp_rx/FSM_onehot_cur_state_reg[4]/C
  -------------------------------------------------------------------    -------------------
    SLICE_X93Y32         FDCE (Prop_fdce_C_Q)         0.348     5.247 f  u_eth/u_icmp/u_icmp_rx/FSM_onehot_cur_state_reg[4]/Q
                         net (fo=20, routed)          1.944     7.190    u_eth/u_icmp/u_icmp_rx/cur_state[4]
    SLICE_X91Y29         LUT5 (Prop_lut5_I1_O)        0.242     7.432 r  u_eth/u_icmp/u_icmp_rx/rec_data[7]_i_3/O
                         net (fo=1, routed)           1.025     8.458    u_eth/u_icmp/u_icmp_rx/rec_data[7]_i_3_n_0
    SLICE_X91Y29         LUT6 (Prop_lut6_I4_O)        0.105     8.563 r  u_eth/u_icmp/u_icmp_rx/rec_data[7]_i_2/O
                         net (fo=3, routed)           0.578     9.141    u_eth/u_rgmii/u_rgmii_rx/rec_data_reg[0]
    SLICE_X91Y30         LUT3 (Prop_lut3_I0_O)        0.126     9.267 r  u_eth/u_rgmii/u_rgmii_rx/rec_data[7]_i_1/O
                         net (fo=28, routed)          0.990    10.257    u_eth/u_icmp/u_icmp_rx/rec_data_reg[0]_0
    SLICE_X98Y21         LUT5 (Prop_lut5_I2_O)        0.267    10.524 r  u_eth/u_icmp/u_icmp_rx/reply_checksum_add[31]_i_1/O
                         net (fo=32, routed)          1.630    12.154    u_eth/u_icmp/u_icmp_rx/reply_checksum_add0
    SLICE_X98Y35         FDCE                                         r  u_eth/u_icmp/u_icmp_rx/reply_checksum_add_reg[28]/CE
  -------------------------------------------------------------------    -------------------

                         (clock eth_rxc rise edge)    8.000     8.000 r  
    Y19                                               0.000     8.000 r  eth_rxc (IN)
                         net (fo=0)                   0.000     8.000    eth_rxc
    Y19                  IBUF (Prop_ibuf_I_O)         1.364     9.364 r  eth_rxc_IBUF_inst/O
                         net (fo=2, routed)           1.701    11.065    u_eth/u_rgmii/u_rgmii_rx/rgmii_rxc
    BUFGCTRL_X0Y1        BUFG (Prop_bufg_I_O)         0.077    11.142 r  u_eth/u_rgmii/u_rgmii_rx/BUFG_inst/O
                         net (fo=2475, routed)        1.359    12.501    u_eth/u_icmp/u_icmp_rx/gmii_rx_clk
    SLICE_X98Y35         FDCE                                         r  u_eth/u_icmp/u_icmp_rx/reply_checksum_add_reg[28]/C
                         clock pessimism              0.342    12.843    
                         clock uncertainty           -0.035    12.807    
    SLICE_X98Y35         FDCE (Setup_fdce_C_CE)      -0.136    12.671    u_eth/u_icmp/u_icmp_rx/reply_checksum_add_reg[28]
  -------------------------------------------------------------------
                         required time                         12.671    
                         arrival time                         -12.154    
  -------------------------------------------------------------------
                         slack                                  0.517    

Slack (MET) :             0.536ns  (required time - arrival time)
  Source:                 u_eth/u_rgmii/u_rgmii_rx/rxdata_bus[1].u_iddr_rxd/C
                            (rising edge-triggered cell IDDR clocked by eth_rxc  {rise@0.000ns fall@4.000ns period=8.000ns})
  Destination:            u_eth/u_rx_mac/u_crc_rx/crc_data_reg[20]/D
                            (rising edge-triggered cell FDPE clocked by eth_rxc  {rise@0.000ns fall@4.000ns period=8.000ns})
  Path Group:             eth_rxc
  Path Type:              Setup (Max at Slow Process Corner)
  Requirement:            8.000ns  (eth_rxc rise@8.000ns - eth_rxc rise@0.000ns)
  Data Path Delay:        8.314ns  (logic 1.103ns (13.266%)  route 7.211ns (86.734%))
  Logic Levels:           4  (LUT2=1 LUT4=1 LUT5=1 LUT6=1)
  Clock Path Skew:        1.103ns (DCD - SCD + CPR)
    Destination Clock Delay (DCD):    4.447ns = ( 12.447 - 8.000 ) 
    Source Clock Delay      (SCD):    3.410ns
    Clock Pessimism Removal (CPR):    0.066ns
  Clock Uncertainty:      0.035ns  ((TSJ^2 + TIJ^2)^1/2 + DJ) / 2 + PE
    Total System Jitter     (TSJ):    0.071ns
    Total Input Jitter      (TIJ):    0.000ns
    Discrete Jitter          (DJ):    0.000ns
    Phase Error              (PE):    0.000ns

    Location             Delay type                Incr(ns)  Path(ns)    Netlist Resource(s)
  -------------------------------------------------------------------    -------------------
                         (clock eth_rxc rise edge)    0.000     0.000 r  
    Y19                                               0.000     0.000 r  eth_rxc (IN)
                         net (fo=0)                   0.000     0.000    eth_rxc
    Y19                  IBUF (Prop_ibuf_I_O)         1.430     1.430 r  eth_rxc_IBUF_inst/O
                         net (fo=2, routed)           0.374     1.804    u_eth/u_rgmii/u_rgmii_rx/rgmii_rxc
    BUFIO_X1Y3           BUFIO (Prop_bufio_I_O)       1.319     3.123 r  u_eth/u_rgmii/u_rgmii_rx/BUFIO_inst/O
                         net (fo=5, routed)           0.287     3.410    u_eth/u_rgmii/u_rgmii_rx/rgmii_rxc_bufio
    ILOGIC_X1Y41         IDDR                                         r  u_eth/u_rgmii/u_rgmii_rx/rxdata_bus[1].u_iddr_rxd/C
  -------------------------------------------------------------------    -------------------
    ILOGIC_X1Y41         IDDR (Prop_iddr_C_Q2)        0.448     3.858 f  u_eth/u_rgmii/u_rgmii_rx/rxdata_bus[1].u_iddr_rxd/Q2
                         net (fo=40, routed)          2.344     6.202    u_eth/u_rgmii/u_rgmii_rx/gmii_rxd[5]
    SLICE_X81Y37         LUT2 (Prop_lut2_I0_O)        0.154     6.356 f  u_eth/u_rgmii/u_rgmii_rx/FSM_onehot_state[2]_i_3/O
                         net (fo=1, routed)           0.905     7.261    u_eth/u_rgmii/u_rgmii_rx/FSM_onehot_state[2]_i_3_n_0
    SLICE_X81Y37         LUT6 (Prop_lut6_I5_O)        0.105     7.366 f  u_eth/u_rgmii/u_rgmii_rx/FSM_onehot_state[2]_i_2/O
                         net (fo=5, routed)           0.915     8.281    u_eth/u_rgmii/u_rgmii_rx/rxdata_bus[3].u_iddr_rxd_0
    SLICE_X80Y35         LUT5 (Prop_lut5_I2_O)        0.108     8.389 r  u_eth/u_rgmii/u_rgmii_rx/crc_data[31]_i_3/O
                         net (fo=33, routed)          1.083     9.472    u_eth/u_rgmii/u_rgmii_rx/u_iddr_rx_ctl_2
    SLICE_X89Y32         LUT4 (Prop_lut4_I0_O)        0.288     9.760 r  u_eth/u_rgmii/u_rgmii_rx/crc_data[20]_i_1__1/O
                         net (fo=1, routed)           1.964    11.724    u_eth/u_rx_mac/u_crc_rx/crc_data_reg[31]_0[12]
    SLICE_X89Y33         FDPE                                         r  u_eth/u_rx_mac/u_crc_rx/crc_data_reg[20]/D
  -------------------------------------------------------------------    -------------------

                         (clock eth_rxc rise edge)    8.000     8.000 r  
    Y19                                               0.000     8.000 r  eth_rxc (IN)
                         net (fo=0)                   0.000     8.000    eth_rxc
    Y19                  IBUF (Prop_ibuf_I_O)         1.364     9.364 r  eth_rxc_IBUF_inst/O
                         net (fo=2, routed)           1.701    11.065    u_eth/u_rgmii/u_rgmii_rx/rgmii_rxc
    BUFGCTRL_X0Y1        BUFG (Prop_bufg_I_O)         0.077    11.142 r  u_eth/u_rgmii/u_rgmii_rx/BUFG_inst/O
                         net (fo=2475, routed)        1.305    12.447    u_eth/u_rx_mac/u_crc_rx/gmii_rx_clk
    SLICE_X89Y33         FDPE                                         r  u_eth/u_rx_mac/u_crc_rx/crc_data_reg[20]/C
                         clock pessimism              0.066    12.513    
                         clock uncertainty           -0.035    12.477    
    SLICE_X89Y33         FDPE (Setup_fdpe_C_D)       -0.217    12.260    u_eth/u_rx_mac/u_crc_rx/crc_data_reg[20]
  -------------------------------------------------------------------
                         required time                         12.260    
                         arrival time                         -11.724    
  -------------------------------------------------------------------
                         slack                                  0.536    

Slack (MET) :             0.578ns  (required time - arrival time)
  Source:                 u_eth/u_rgmii/u_rgmii_rx/rxdata_bus[1].u_iddr_rxd/C
                            (rising edge-triggered cell IDDR clocked by eth_rxc  {rise@0.000ns fall@4.000ns period=8.000ns})
  Destination:            u_eth/u_rx_mac/u_crc_rx/crc_data_reg[22]/D
                            (rising edge-triggered cell FDPE clocked by eth_rxc  {rise@0.000ns fall@4.000ns period=8.000ns})
  Path Group:             eth_rxc
  Path Type:              Setup (Max at Slow Process Corner)
  Requirement:            8.000ns  (eth_rxc rise@8.000ns - eth_rxc rise@0.000ns)
  Data Path Delay:        8.283ns  (logic 1.103ns (13.316%)  route 7.180ns (86.684%))
  Logic Levels:           4  (LUT2=1 LUT4=1 LUT5=1 LUT6=1)
  Clock Path Skew:        1.103ns (DCD - SCD + CPR)
    Destination Clock Delay (DCD):    4.447ns = ( 12.447 - 8.000 ) 
    Source Clock Delay      (SCD):    3.410ns
    Clock Pessimism Removal (CPR):    0.066ns
  Clock Uncertainty:      0.035ns  ((TSJ^2 + TIJ^2)^1/2 + DJ) / 2 + PE
    Total System Jitter     (TSJ):    0.071ns
    Total Input Jitter      (TIJ):    0.000ns
    Discrete Jitter          (DJ):    0.000ns
    Phase Error              (PE):    0.000ns

    Location             Delay type                Incr(ns)  Path(ns)    Netlist Resource(s)
  -------------------------------------------------------------------    -------------------
                         (clock eth_rxc rise edge)    0.000     0.000 r  
    Y19                                               0.000     0.000 r  eth_rxc (IN)
                         net (fo=0)                   0.000     0.000    eth_rxc
    Y19                  IBUF (Prop_ibuf_I_O)         1.430     1.430 r  eth_rxc_IBUF_inst/O
                         net (fo=2, routed)           0.374     1.804    u_eth/u_rgmii/u_rgmii_rx/rgmii_rxc
    BUFIO_X1Y3           BUFIO (Prop_bufio_I_O)       1.319     3.123 r  u_eth/u_rgmii/u_rgmii_rx/BUFIO_inst/O
                         net (fo=5, routed)           0.287     3.410    u_eth/u_rgmii/u_rgmii_rx/rgmii_rxc_bufio
    ILOGIC_X1Y41         IDDR                                         r  u_eth/u_rgmii/u_rgmii_rx/rxdata_bus[1].u_iddr_rxd/C
  -------------------------------------------------------------------    -------------------
    ILOGIC_X1Y41         IDDR (Prop_iddr_C_Q2)        0.448     3.858 f  u_eth/u_rgmii/u_rgmii_rx/rxdata_bus[1].u_iddr_rxd/Q2
                         net (fo=40, routed)          2.344     6.202    u_eth/u_rgmii/u_rgmii_rx/gmii_rxd[5]
    SLICE_X81Y37         LUT2 (Prop_lut2_I0_O)        0.154     6.356 f  u_eth/u_rgmii/u_rgmii_rx/FSM_onehot_state[2]_i_3/O
                         net (fo=1, routed)           0.905     7.261    u_eth/u_rgmii/u_rgmii_rx/FSM_onehot_state[2]_i_3_n_0
    SLICE_X81Y37         LUT6 (Prop_lut6_I5_O)        0.105     7.366 f  u_eth/u_rgmii/u_rgmii_rx/FSM_onehot_state[2]_i_2/O
                         net (fo=5, routed)           0.915     8.281    u_eth/u_rgmii/u_rgmii_rx/rxdata_bus[3].u_iddr_rxd_0
    SLICE_X80Y35         LUT5 (Prop_lut5_I2_O)        0.108     8.389 r  u_eth/u_rgmii/u_rgmii_rx/crc_data[31]_i_3/O
                         net (fo=33, routed)          1.094     9.483    u_eth/u_rgmii/u_rgmii_rx/u_iddr_rx_ctl_2
    SLICE_X88Y32         LUT4 (Prop_lut4_I0_O)        0.288     9.771 r  u_eth/u_rgmii/u_rgmii_rx/crc_data[22]_i_1__1/O
                         net (fo=1, routed)           1.922    11.693    u_eth/u_rx_mac/u_crc_rx/crc_data_reg[31]_0[14]
    SLICE_X88Y34         FDPE                                         r  u_eth/u_rx_mac/u_crc_rx/crc_data_reg[22]/D
  -------------------------------------------------------------------    -------------------

                         (clock eth_rxc rise edge)    8.000     8.000 r  
    Y19                                               0.000     8.000 r  eth_rxc (IN)
                         net (fo=0)                   0.000     8.000    eth_rxc
    Y19                  IBUF (Prop_ibuf_I_O)         1.364     9.364 r  eth_rxc_IBUF_inst/O
                         net (fo=2, routed)           1.701    11.065    u_eth/u_rgmii/u_rgmii_rx/rgmii_rxc
    BUFGCTRL_X0Y1        BUFG (Prop_bufg_I_O)         0.077    11.142 r  u_eth/u_rgmii/u_rgmii_rx/BUFG_inst/O
                         net (fo=2475, routed)        1.305    12.447    u_eth/u_rx_mac/u_crc_rx/gmii_rx_clk
    SLICE_X88Y34         FDPE                                         r  u_eth/u_rx_mac/u_crc_rx/crc_data_reg[22]/C
                         clock pessimism              0.066    12.513    
                         clock uncertainty           -0.035    12.477    
    SLICE_X88Y34         FDPE (Setup_fdpe_C_D)       -0.206    12.271    u_eth/u_rx_mac/u_crc_rx/crc_data_reg[22]
  -------------------------------------------------------------------
                         required time                         12.271    
                         arrival time                         -11.693    
  -------------------------------------------------------------------
                         slack                                  0.578    

Slack (MET) :             0.593ns  (required time - arrival time)
  Source:                 u_eth/u_icmp/u_icmp_rx/FSM_onehot_cur_state_reg[4]/C
                            (rising edge-triggered cell FDCE clocked by eth_rxc  {rise@0.000ns fall@4.000ns period=8.000ns})
  Destination:            u_eth/u_icmp/u_icmp_rx/reply_checksum_add_reg[16]/CE
                            (rising edge-triggered cell FDCE clocked by eth_rxc  {rise@0.000ns fall@4.000ns period=8.000ns})
  Path Group:             eth_rxc
  Path Type:              Setup (Max at Slow Process Corner)
  Requirement:            8.000ns  (eth_rxc rise@8.000ns - eth_rxc rise@0.000ns)
  Data Path Delay:        7.177ns  (logic 1.088ns (15.159%)  route 6.089ns (84.841%))
  Logic Levels:           4  (LUT3=1 LUT5=2 LUT6=1)
  Clock Path Skew:        -0.059ns (DCD - SCD + CPR)
    Destination Clock Delay (DCD):    4.498ns = ( 12.498 - 8.000 ) 
    Source Clock Delay      (SCD):    4.899ns
    Clock Pessimism Removal (CPR):    0.342ns
  Clock Uncertainty:      0.035ns  ((TSJ^2 + TIJ^2)^1/2 + DJ) / 2 + PE
    Total System Jitter     (TSJ):    0.071ns
    Total Input Jitter      (TIJ):    0.000ns
    Discrete Jitter          (DJ):    0.000ns
    Phase Error              (PE):    0.000ns

    Location             Delay type                Incr(ns)  Path(ns)    Netlist Resource(s)
  -------------------------------------------------------------------    -------------------
                         (clock eth_rxc rise edge)    0.000     0.000 r  
    Y19                                               0.000     0.000 r  eth_rxc (IN)
                         net (fo=0)                   0.000     0.000    eth_rxc
    Y19                  IBUF (Prop_ibuf_I_O)         1.430     1.430 r  eth_rxc_IBUF_inst/O
                         net (fo=2, routed)           1.873     3.303    u_eth/u_rgmii/u_rgmii_rx/rgmii_rxc
    BUFGCTRL_X0Y1        BUFG (Prop_bufg_I_O)         0.085     3.388 r  u_eth/u_rgmii/u_rgmii_rx/BUFG_inst/O
                         net (fo=2475, routed)        1.511     4.899    u_eth/u_icmp/u_icmp_rx/gmii_rx_clk
    SLICE_X93Y32         FDCE                                         r  u_eth/u_icmp/u_icmp_rx/FSM_onehot_cur_state_reg[4]/C
  -------------------------------------------------------------------    -------------------
    SLICE_X93Y32         FDCE (Prop_fdce_C_Q)         0.348     5.247 f  u_eth/u_icmp/u_icmp_rx/FSM_onehot_cur_state_reg[4]/Q
                         net (fo=20, routed)          1.944     7.190    u_eth/u_icmp/u_icmp_rx/cur_state[4]
    SLICE_X91Y29         LUT5 (Prop_lut5_I1_O)        0.242     7.432 r  u_eth/u_icmp/u_icmp_rx/rec_data[7]_i_3/O
                         net (fo=1, routed)           1.025     8.458    u_eth/u_icmp/u_icmp_rx/rec_data[7]_i_3_n_0
    SLICE_X91Y29         LUT6 (Prop_lut6_I4_O)        0.105     8.563 r  u_eth/u_icmp/u_icmp_rx/rec_data[7]_i_2/O
                         net (fo=3, routed)           0.578     9.141    u_eth/u_rgmii/u_rgmii_rx/rec_data_reg[0]
    SLICE_X91Y30         LUT3 (Prop_lut3_I0_O)        0.126     9.267 r  u_eth/u_rgmii/u_rgmii_rx/rec_data[7]_i_1/O
                         net (fo=28, routed)          0.990    10.257    u_eth/u_icmp/u_icmp_rx/rec_data_reg[0]_0
    SLICE_X98Y21         LUT5 (Prop_lut5_I2_O)        0.267    10.524 r  u_eth/u_icmp/u_icmp_rx/reply_checksum_add[31]_i_1/O
                         net (fo=32, routed)          1.552    12.076    u_eth/u_icmp/u_icmp_rx/reply_checksum_add0
    SLICE_X96Y31         FDCE                                         r  u_eth/u_icmp/u_icmp_rx/reply_checksum_add_reg[16]/CE
  -------------------------------------------------------------------    -------------------

                         (clock eth_rxc rise edge)    8.000     8.000 r  
    Y19                                               0.000     8.000 r  eth_rxc (IN)
                         net (fo=0)                   0.000     8.000    eth_rxc
    Y19                  IBUF (Prop_ibuf_I_O)         1.364     9.364 r  eth_rxc_IBUF_inst/O
                         net (fo=2, routed)           1.701    11.065    u_eth/u_rgmii/u_rgmii_rx/rgmii_rxc
    BUFGCTRL_X0Y1        BUFG (Prop_bufg_I_O)         0.077    11.142 r  u_eth/u_rgmii/u_rgmii_rx/BUFG_inst/O
                         net (fo=2475, routed)        1.356    12.498    u_eth/u_icmp/u_icmp_rx/gmii_rx_clk
    SLICE_X96Y31         FDCE                                         r  u_eth/u_icmp/u_icmp_rx/reply_checksum_add_reg[16]/C
                         clock pessimism              0.342    12.840    
                         clock uncertainty           -0.035    12.804    
    SLICE_X96Y31         FDCE (Setup_fdce_C_CE)      -0.136    12.668    u_eth/u_icmp/u_icmp_rx/reply_checksum_add_reg[16]
  -------------------------------------------------------------------
                         required time                         12.668    
                         arrival time                         -12.076    
  -------------------------------------------------------------------
                         slack                                  0.593    

Slack (MET) :             0.603ns  (required time - arrival time)
  Source:                 u_eth/u_icmp/u_icmp_rx/FSM_onehot_cur_state_reg[4]/C
                            (rising edge-triggered cell FDCE clocked by eth_rxc  {rise@0.000ns fall@4.000ns period=8.000ns})
  Destination:            u_eth/u_icmp/u_icmp_rx/reply_checksum_add_reg[0]/CE
                            (rising edge-triggered cell FDCE clocked by eth_rxc  {rise@0.000ns fall@4.000ns period=8.000ns})
  Path Group:             eth_rxc
  Path Type:              Setup (Max at Slow Process Corner)
  Requirement:            8.000ns  (eth_rxc rise@8.000ns - eth_rxc rise@0.000ns)
  Data Path Delay:        7.162ns  (logic 1.088ns (15.191%)  route 6.074ns (84.809%))
  Logic Levels:           4  (LUT3=1 LUT5=2 LUT6=1)
  Clock Path Skew:        -0.063ns (DCD - SCD + CPR)
    Destination Clock Delay (DCD):    4.494ns = ( 12.494 - 8.000 ) 
    Source Clock Delay      (SCD):    4.899ns
    Clock Pessimism Removal (CPR):    0.342ns
  Clock Uncertainty:      0.035ns  ((TSJ^2 + TIJ^2)^1/2 + DJ) / 2 + PE
    Total System Jitter     (TSJ):    0.071ns
    Total Input Jitter      (TIJ):    0.000ns
    Discrete Jitter          (DJ):    0.000ns
    Phase Error              (PE):    0.000ns

    Location             Delay type                Incr(ns)  Path(ns)    Netlist Resource(s)
  -------------------------------------------------------------------    -------------------
                         (clock eth_rxc rise edge)    0.000     0.000 r  
    Y19                                               0.000     0.000 r  eth_rxc (IN)
                         net (fo=0)                   0.000     0.000    eth_rxc
    Y19                  IBUF (Prop_ibuf_I_O)         1.430     1.430 r  eth_rxc_IBUF_inst/O
                         net (fo=2, routed)           1.873     3.303    u_eth/u_rgmii/u_rgmii_rx/rgmii_rxc
    BUFGCTRL_X0Y1        BUFG (Prop_bufg_I_O)         0.085     3.388 r  u_eth/u_rgmii/u_rgmii_rx/BUFG_inst/O
                         net (fo=2475, routed)        1.511     4.899    u_eth/u_icmp/u_icmp_rx/gmii_rx_clk
    SLICE_X93Y32         FDCE                                         r  u_eth/u_icmp/u_icmp_rx/FSM_onehot_cur_state_reg[4]/C
  -------------------------------------------------------------------    -------------------
    SLICE_X93Y32         FDCE (Prop_fdce_C_Q)         0.348     5.247 f  u_eth/u_icmp/u_icmp_rx/FSM_onehot_cur_state_reg[4]/Q
                         net (fo=20, routed)          1.944     7.190    u_eth/u_icmp/u_icmp_rx/cur_state[4]
    SLICE_X91Y29         LUT5 (Prop_lut5_I1_O)        0.242     7.432 r  u_eth/u_icmp/u_icmp_rx/rec_data[7]_i_3/O
                         net (fo=1, routed)           1.025     8.458    u_eth/u_icmp/u_icmp_rx/rec_data[7]_i_3_n_0
    SLICE_X91Y29         LUT6 (Prop_lut6_I4_O)        0.105     8.563 r  u_eth/u_icmp/u_icmp_rx/rec_data[7]_i_2/O
                         net (fo=3, routed)           0.578     9.141    u_eth/u_rgmii/u_rgmii_rx/rec_data_reg[0]
    SLICE_X91Y30         LUT3 (Prop_lut3_I0_O)        0.126     9.267 r  u_eth/u_rgmii/u_rgmii_rx/rec_data[7]_i_1/O
                         net (fo=28, routed)          0.990    10.257    u_eth/u_icmp/u_icmp_rx/rec_data_reg[0]_0
    SLICE_X98Y21         LUT5 (Prop_lut5_I2_O)        0.267    10.524 r  u_eth/u_icmp/u_icmp_rx/reply_checksum_add[31]_i_1/O
                         net (fo=32, routed)          1.537    12.061    u_eth/u_icmp/u_icmp_rx/reply_checksum_add0
    SLICE_X96Y27         FDCE                                         r  u_eth/u_icmp/u_icmp_rx/reply_checksum_add_reg[0]/CE
  -------------------------------------------------------------------    -------------------

                         (clock eth_rxc rise edge)    8.000     8.000 r  
    Y19                                               0.000     8.000 r  eth_rxc (IN)
                         net (fo=0)                   0.000     8.000    eth_rxc
    Y19                  IBUF (Prop_ibuf_I_O)         1.364     9.364 r  eth_rxc_IBUF_inst/O
                         net (fo=2, routed)           1.701    11.065    u_eth/u_rgmii/u_rgmii_rx/rgmii_rxc
    BUFGCTRL_X0Y1        BUFG (Prop_bufg_I_O)         0.077    11.142 r  u_eth/u_rgmii/u_rgmii_rx/BUFG_inst/O
                         net (fo=2475, routed)        1.352    12.494    u_eth/u_icmp/u_icmp_rx/gmii_rx_clk
    SLICE_X96Y27         FDCE                                         r  u_eth/u_icmp/u_icmp_rx/reply_checksum_add_reg[0]/C
                         clock pessimism              0.342    12.836    
                         clock uncertainty           -0.035    12.800    
    SLICE_X96Y27         FDCE (Setup_fdce_C_CE)      -0.136    12.664    u_eth/u_icmp/u_icmp_rx/reply_checksum_add_reg[0]
  -------------------------------------------------------------------
                         required time                         12.664    
                         arrival time                         -12.061    
  -------------------------------------------------------------------
                         slack                                  0.603    

Slack (MET) :             0.603ns  (required time - arrival time)
  Source:                 u_eth/u_icmp/u_icmp_rx/FSM_onehot_cur_state_reg[4]/C
                            (rising edge-triggered cell FDCE clocked by eth_rxc  {rise@0.000ns fall@4.000ns period=8.000ns})
  Destination:            u_eth/u_icmp/u_icmp_rx/reply_checksum_add_reg[1]/CE
                            (rising edge-triggered cell FDCE clocked by eth_rxc  {rise@0.000ns fall@4.000ns period=8.000ns})
  Path Group:             eth_rxc
  Path Type:              Setup (Max at Slow Process Corner)
  Requirement:            8.000ns  (eth_rxc rise@8.000ns - eth_rxc rise@0.000ns)
  Data Path Delay:        7.162ns  (logic 1.088ns (15.191%)  route 6.074ns (84.809%))
  Logic Levels:           4  (LUT3=1 LUT5=2 LUT6=1)
  Clock Path Skew:        -0.063ns (DCD - SCD + CPR)
    Destination Clock Delay (DCD):    4.494ns = ( 12.494 - 8.000 ) 
    Source Clock Delay      (SCD):    4.899ns
    Clock Pessimism Removal (CPR):    0.342ns
  Clock Uncertainty:      0.035ns  ((TSJ^2 + TIJ^2)^1/2 + DJ) / 2 + PE
    Total System Jitter     (TSJ):    0.071ns
    Total Input Jitter      (TIJ):    0.000ns
    Discrete Jitter          (DJ):    0.000ns
    Phase Error              (PE):    0.000ns

    Location             Delay type                Incr(ns)  Path(ns)    Netlist Resource(s)
  -------------------------------------------------------------------    -------------------
                         (clock eth_rxc rise edge)    0.000     0.000 r  
    Y19                                               0.000     0.000 r  eth_rxc (IN)
                         net (fo=0)                   0.000     0.000    eth_rxc
    Y19                  IBUF (Prop_ibuf_I_O)         1.430     1.430 r  eth_rxc_IBUF_inst/O
                         net (fo=2, routed)           1.873     3.303    u_eth/u_rgmii/u_rgmii_rx/rgmii_rxc
    BUFGCTRL_X0Y1        BUFG (Prop_bufg_I_O)         0.085     3.388 r  u_eth/u_rgmii/u_rgmii_rx/BUFG_inst/O
                         net (fo=2475, routed)        1.511     4.899    u_eth/u_icmp/u_icmp_rx/gmii_rx_clk
    SLICE_X93Y32         FDCE                                         r  u_eth/u_icmp/u_icmp_rx/FSM_onehot_cur_state_reg[4]/C
  -------------------------------------------------------------------    -------------------
    SLICE_X93Y32         FDCE (Prop_fdce_C_Q)         0.348     5.247 f  u_eth/u_icmp/u_icmp_rx/FSM_onehot_cur_state_reg[4]/Q
                         net (fo=20, routed)          1.944     7.190    u_eth/u_icmp/u_icmp_rx/cur_state[4]
    SLICE_X91Y29         LUT5 (Prop_lut5_I1_O)        0.242     7.432 r  u_eth/u_icmp/u_icmp_rx/rec_data[7]_i_3/O
                         net (fo=1, routed)           1.025     8.458    u_eth/u_icmp/u_icmp_rx/rec_data[7]_i_3_n_0
    SLICE_X91Y29         LUT6 (Prop_lut6_I4_O)        0.105     8.563 r  u_eth/u_icmp/u_icmp_rx/rec_data[7]_i_2/O
                         net (fo=3, routed)           0.578     9.141    u_eth/u_rgmii/u_rgmii_rx/rec_data_reg[0]
    SLICE_X91Y30         LUT3 (Prop_lut3_I0_O)        0.126     9.267 r  u_eth/u_rgmii/u_rgmii_rx/rec_data[7]_i_1/O
                         net (fo=28, routed)          0.990    10.257    u_eth/u_icmp/u_icmp_rx/rec_data_reg[0]_0
    SLICE_X98Y21         LUT5 (Prop_lut5_I2_O)        0.267    10.524 r  u_eth/u_icmp/u_icmp_rx/reply_checksum_add[31]_i_1/O
                         net (fo=32, routed)          1.537    12.061    u_eth/u_icmp/u_icmp_rx/reply_checksum_add0
    SLICE_X96Y27         FDCE                                         r  u_eth/u_icmp/u_icmp_rx/reply_checksum_add_reg[1]/CE
  -------------------------------------------------------------------    -------------------

                         (clock eth_rxc rise edge)    8.000     8.000 r  
    Y19                                               0.000     8.000 r  eth_rxc (IN)
                         net (fo=0)                   0.000     8.000    eth_rxc
    Y19                  IBUF (Prop_ibuf_I_O)         1.364     9.364 r  eth_rxc_IBUF_inst/O
                         net (fo=2, routed)           1.701    11.065    u_eth/u_rgmii/u_rgmii_rx/rgmii_rxc
    BUFGCTRL_X0Y1        BUFG (Prop_bufg_I_O)         0.077    11.142 r  u_eth/u_rgmii/u_rgmii_rx/BUFG_inst/O
                         net (fo=2475, routed)        1.352    12.494    u_eth/u_icmp/u_icmp_rx/gmii_rx_clk
    SLICE_X96Y27         FDCE                                         r  u_eth/u_icmp/u_icmp_rx/reply_checksum_add_reg[1]/C
                         clock pessimism              0.342    12.836    
                         clock uncertainty           -0.035    12.800    
    SLICE_X96Y27         FDCE (Setup_fdce_C_CE)      -0.136    12.664    u_eth/u_icmp/u_icmp_rx/reply_checksum_add_reg[1]
  -------------------------------------------------------------------
                         required time                         12.664    
                         arrival time                         -12.061    
  -------------------------------------------------------------------
                         slack                                  0.603    

Slack (MET) :             0.603ns  (required time - arrival time)
  Source:                 u_eth/u_icmp/u_icmp_rx/FSM_onehot_cur_state_reg[4]/C
                            (rising edge-triggered cell FDCE clocked by eth_rxc  {rise@0.000ns fall@4.000ns period=8.000ns})
  Destination:            u_eth/u_icmp/u_icmp_rx/reply_checksum_add_reg[2]/CE
                            (rising edge-triggered cell FDCE clocked by eth_rxc  {rise@0.000ns fall@4.000ns period=8.000ns})
  Path Group:             eth_rxc
  Path Type:              Setup (Max at Slow Process Corner)
  Requirement:            8.000ns  (eth_rxc rise@8.000ns - eth_rxc rise@0.000ns)
  Data Path Delay:        7.162ns  (logic 1.088ns (15.191%)  route 6.074ns (84.809%))
  Logic Levels:           4  (LUT3=1 LUT5=2 LUT6=1)
  Clock Path Skew:        -0.063ns (DCD - SCD + CPR)
    Destination Clock Delay (DCD):    4.494ns = ( 12.494 - 8.000 ) 
    Source Clock Delay      (SCD):    4.899ns
    Clock Pessimism Removal (CPR):    0.342ns
  Clock Uncertainty:      0.035ns  ((TSJ^2 + TIJ^2)^1/2 + DJ) / 2 + PE
    Total System Jitter     (TSJ):    0.071ns
    Total Input Jitter      (TIJ):    0.000ns
    Discrete Jitter          (DJ):    0.000ns
    Phase Error              (PE):    0.000ns

    Location             Delay type                Incr(ns)  Path(ns)    Netlist Resource(s)
  -------------------------------------------------------------------    -------------------
                         (clock eth_rxc rise edge)    0.000     0.000 r  
    Y19                                               0.000     0.000 r  eth_rxc (IN)
                         net (fo=0)                   0.000     0.000    eth_rxc
    Y19                  IBUF (Prop_ibuf_I_O)         1.430     1.430 r  eth_rxc_IBUF_inst/O
                         net (fo=2, routed)           1.873     3.303    u_eth/u_rgmii/u_rgmii_rx/rgmii_rxc
    BUFGCTRL_X0Y1        BUFG (Prop_bufg_I_O)         0.085     3.388 r  u_eth/u_rgmii/u_rgmii_rx/BUFG_inst/O
                         net (fo=2475, routed)        1.511     4.899    u_eth/u_icmp/u_icmp_rx/gmii_rx_clk
    SLICE_X93Y32         FDCE                                         r  u_eth/u_icmp/u_icmp_rx/FSM_onehot_cur_state_reg[4]/C
  -------------------------------------------------------------------    -------------------
    SLICE_X93Y32         FDCE (Prop_fdce_C_Q)         0.348     5.247 f  u_eth/u_icmp/u_icmp_rx/FSM_onehot_cur_state_reg[4]/Q
                         net (fo=20, routed)          1.944     7.190    u_eth/u_icmp/u_icmp_rx/cur_state[4]
    SLICE_X91Y29         LUT5 (Prop_lut5_I1_O)        0.242     7.432 r  u_eth/u_icmp/u_icmp_rx/rec_data[7]_i_3/O
                         net (fo=1, routed)           1.025     8.458    u_eth/u_icmp/u_icmp_rx/rec_data[7]_i_3_n_0
    SLICE_X91Y29         LUT6 (Prop_lut6_I4_O)        0.105     8.563 r  u_eth/u_icmp/u_icmp_rx/rec_data[7]_i_2/O
                         net (fo=3, routed)           0.578     9.141    u_eth/u_rgmii/u_rgmii_rx/rec_data_reg[0]
    SLICE_X91Y30         LUT3 (Prop_lut3_I0_O)        0.126     9.267 r  u_eth/u_rgmii/u_rgmii_rx/rec_data[7]_i_1/O
                         net (fo=28, routed)          0.990    10.257    u_eth/u_icmp/u_icmp_rx/rec_data_reg[0]_0
    SLICE_X98Y21         LUT5 (Prop_lut5_I2_O)        0.267    10.524 r  u_eth/u_icmp/u_icmp_rx/reply_checksum_add[31]_i_1/O
                         net (fo=32, routed)          1.537    12.061    u_eth/u_icmp/u_icmp_rx/reply_checksum_add0
    SLICE_X96Y27         FDCE                                         r  u_eth/u_icmp/u_icmp_rx/reply_checksum_add_reg[2]/CE
  -------------------------------------------------------------------    -------------------

                         (clock eth_rxc rise edge)    8.000     8.000 r  
    Y19                                               0.000     8.000 r  eth_rxc (IN)
                         net (fo=0)                   0.000     8.000    eth_rxc
    Y19                  IBUF (Prop_ibuf_I_O)         1.364     9.364 r  eth_rxc_IBUF_inst/O
                         net (fo=2, routed)           1.701    11.065    u_eth/u_rgmii/u_rgmii_rx/rgmii_rxc
    BUFGCTRL_X0Y1        BUFG (Prop_bufg_I_O)         0.077    11.142 r  u_eth/u_rgmii/u_rgmii_rx/BUFG_inst/O
                         net (fo=2475, routed)        1.352    12.494    u_eth/u_icmp/u_icmp_rx/gmii_rx_clk
    SLICE_X96Y27         FDCE                                         r  u_eth/u_icmp/u_icmp_rx/reply_checksum_add_reg[2]/C
                         clock pessimism              0.342    12.836    
                         clock uncertainty           -0.035    12.800    
    SLICE_X96Y27         FDCE (Setup_fdce_C_CE)      -0.136    12.664    u_eth/u_icmp/u_icmp_rx/reply_checksum_add_reg[2]
  -------------------------------------------------------------------
                         required time                         12.664    
                         arrival time                         -12.061    
  -------------------------------------------------------------------
                         slack                                  0.603    




