Copyright 1986-2022 Xilinx, Inc. All Rights Reserved. Copyright 2022-2026 Advanced Micro Devices, Inc. All Rights Reserved.
-------------------------------------------------------------------------------------------------------------------------------------------------------------------------------------
| Tool Version : Vivado v.2025.2.1 (win64) Build 6403652 Thu Mar 19 19:48:24 GMT 2026
| Date         : Sat Oct  3 12:17:13 2026
| Host         : Uie-laptop running 64-bit major release  (build 9200)
| Command      : report_timing -delay_type max -nworst 1 -max_paths 2 -from clkout0_1 -to clkout0_1 -file D:/Xilinx/Prj/pro/Video_Processing/build/roster_roster_clkout0_1_setup.rpt
| Design       : system_top
| Device       : 7z020-clg484
| Speed File   : -2  PRODUCTION 1.12 2019-11-22
| Design State : Routed
-------------------------------------------------------------------------------------------------------------------------------------------------------------------------------------

Timing Report

Slack (MET) :             4.467ns  (required time - arrival time)
  Source:                 u_pl/u_mode/mode_q_reg[1]/C
                            (rising edge-triggered cell FDCE clocked by clkout0_1  {rise@0.000ns fall@10.000ns period=20.000ns})
  Destination:            u_pl/u_pipe/u_gray/dout_reg[2]/D
                            (rising edge-triggered cell FDCE clocked by clkout0_1  {rise@0.000ns fall@10.000ns period=20.000ns})
  Path Group:             clkout0_1
  Path Type:              Setup (Max at Slow Process Corner)
  Requirement:            20.000ns  (clkout0_1 rise@20.000ns - clkout0_1 rise@0.000ns)
  Data Path Delay:        15.242ns  (logic 4.999ns (32.798%)  route 10.243ns (67.202%))
  Logic Levels:           18  (CARRY4=8 LUT2=3 LUT3=3 LUT5=1 LUT6=2 RAMD64E=1)
  Clock Path Skew:        -0.266ns (DCD - SCD + CPR)
    Destination Clock Delay (DCD):    4.408ns = ( 24.408 - 20.000 ) 
    Source Clock Delay      (SCD):    4.932ns
    Clock Pessimism Removal (CPR):    0.258ns
  Clock Uncertainty:      0.094ns  ((TSJ^2 + DJ^2)^1/2) / 2 + PE
    Total System Jitter     (TSJ):    0.071ns
    Discrete Jitter          (DJ):    0.175ns
    Phase Error              (PE):    0.000ns

    Location             Delay type                Incr(ns)  Path(ns)    Netlist Resource(s)
  -------------------------------------------------------------------    -------------------
                         (clock clkout0_1 rise edge)
                                                      0.000     0.000 r  
    W17                                               0.000     0.000 r  sys_clk (IN)
                         net (fo=0)                   0.000     0.000    sys_clk
    W17                  IBUF (Prop_ibuf_I_O)         1.415     1.415 r  sys_clk_IBUF_inst/O
                         net (fo=1, routed)           1.873     3.288    sys_clk_IBUF
    BUFGCTRL_X0Y4        BUFG (Prop_bufg_I_O)         0.085     3.373 r  sys_clk_IBUF_BUFG_inst/O
                         net (fo=186, routed)         1.550     4.923    u_pl/u_clk/sys_clk_IBUF_BUFG
    MMCME2_ADV_X1Y0      MMCME2_ADV (Prop_mmcme2_adv_CLKIN1_CLKOUT0)
                                                     -3.232     1.691 r  u_pl/u_clk/u_mmcm/CLKOUT0
                         net (fo=1, routed)           1.597     3.288    u_pl/u_clk/clkout0
    BUFGCTRL_X0Y0        BUFG (Prop_bufg_I_O)         0.085     3.373 r  u_pl/u_clk/u_bufg_pix/O
                         net (fo=5515, routed)        1.559     4.932    u_pl/u_mode/clk_pix
    SLICE_X49Y101        FDCE                                         r  u_pl/u_mode/mode_q_reg[1]/C
  -------------------------------------------------------------------    -------------------
    SLICE_X49Y101        FDCE (Prop_fdce_C_Q)         0.348     5.280 f  u_pl/u_mode/mode_q_reg[1]/Q
                         net (fo=8, routed)           1.268     6.548    u_pl/u_mode/Q[1]
    SLICE_X62Y96         LUT5 (Prop_lut5_I4_O)        0.263     6.811 r  u_pl/u_mode/tb_reg_0_63_3_5_i_7/O
                         net (fo=31, routed)          1.709     8.520    u_pl/u_bilin/fb_vis
    SLICE_X90Y66         LUT6 (Prop_lut6_I1_O)        0.283     8.803 r  u_pl/u_bilin/tb_reg_0_63_3_5_i_2/O
                         net (fo=52, routed)          2.206    11.008    u_pl/u_pipe/u_gamma/tb_reg_128_191_6_7/ADDRB0
    SLICE_X66Y77         RAMD64E (Prop_ramd64e_RADR0_O)
                                                      0.105    11.113 r  u_pl/u_pipe/u_gamma/tb_reg_128_191_6_7/RAMB/O
                         net (fo=1, routed)           0.785    11.898    u_pl/u_pipe/u_gamma/tb_reg_128_191_6_7_n_1
    SLICE_X63Y76         LUT6 (Prop_lut6_I1_O)        0.105    12.003 r  u_pl/u_pipe/u_gamma/y160_carry_i_10/O
                         net (fo=4, routed)           0.815    12.819    u_pl/u_pipe/u_gamma/y160_carry_i_10_n_0
    SLICE_X61Y72         LUT3 (Prop_lut3_I0_O)        0.126    12.945 r  u_pl/u_pipe/u_gamma/dout[4]_i_2/O
                         net (fo=15, routed)          0.777    13.722    u_pl/u_pipe/u_gamma/gm_sync_reg[31]_3
    SLICE_X57Y69         LUT2 (Prop_lut2_I0_O)        0.267    13.989 r  u_pl/u_pipe/u_gamma/y160_carry_i_6/O
                         net (fo=1, routed)           0.000    13.989    u_pl/u_pipe/u_gray/y16_carry_1[1]
    SLICE_X57Y69         CARRY4 (Prop_carry4_S[1]_CO[3])
                                                      0.457    14.446 r  u_pl/u_pipe/u_gray/y160_carry/CO[3]
                         net (fo=1, routed)           0.000    14.446    u_pl/u_pipe/u_gray/y160_carry_n_0
    SLICE_X57Y70         CARRY4 (Prop_carry4_CI_O[0])
                                                      0.180    14.626 r  u_pl/u_pipe/u_gray/y160_carry__0/O[0]
                         net (fo=4, routed)           0.784    15.409    u_pl/u_pipe/u_gamma/O[0]
    SLICE_X59Y68         LUT3 (Prop_lut3_I1_O)        0.262    15.671 r  u_pl/u_pipe/u_gamma/y160__23_carry_i_1__2/O
                         net (fo=1, routed)           0.267    15.938    u_pl/u_pipe/u_gray/y16_carry_2[1]
    SLICE_X59Y69         CARRY4 (Prop_carry4_DI[3]_CO[3])
                                                      0.481    16.419 r  u_pl/u_pipe/u_gray/y160__23_carry/CO[3]
                         net (fo=1, routed)           0.000    16.419    u_pl/u_pipe/u_gray/y160__23_carry_n_0
    SLICE_X59Y70         CARRY4 (Prop_carry4_CI_O[0])
                                                      0.180    16.599 r  u_pl/u_pipe/u_gray/y160__23_carry__0/O[0]
                         net (fo=2, routed)           0.461    17.061    u_pl/u_pipe/u_gray/y160[7]
    SLICE_X60Y69         LUT2 (Prop_lut2_I0_O)        0.249    17.310 r  u_pl/u_pipe/u_gray/y16_carry__0_i_1__2/O
                         net (fo=1, routed)           0.000    17.310    u_pl/u_pipe/u_gray/y16_carry__0_i_1__2_n_0
    SLICE_X60Y69         CARRY4 (Prop_carry4_S[3]_CO[3])
                                                      0.332    17.642 r  u_pl/u_pipe/u_gray/y16_carry__0/CO[3]
                         net (fo=1, routed)           0.000    17.642    u_pl/u_pipe/u_gray/y16_carry__0_n_0
    SLICE_X60Y70         CARRY4 (Prop_carry4_CI_O[2])
                                                      0.200    17.842 r  u_pl/u_pipe/u_gray/y16_carry__1/O[2]
                         net (fo=1, routed)           0.458    18.299    u_pl/u_pipe/u_gray/C__2[10]
    SLICE_X63Y70         LUT2 (Prop_lut2_I1_O)        0.253    18.552 r  u_pl/u_pipe/u_gray/y16__41_carry__1_i_3__2/O
                         net (fo=1, routed)           0.000    18.552    u_pl/u_pipe/u_gray/y16__41_carry__1_i_3__2_n_0
    SLICE_X63Y70         CARRY4 (Prop_carry4_S[1]_CO[3])
                                                      0.457    19.009 r  u_pl/u_pipe/u_gray/y16__41_carry__1/CO[3]
                         net (fo=1, routed)           0.000    19.009    u_pl/u_pipe/u_gray/y16__41_carry__1_n_0
    SLICE_X63Y71         CARRY4 (Prop_carry4_CI_O[0])
                                                      0.180    19.189 r  u_pl/u_pipe/u_gray/y16__41_carry__2/O[0]
                         net (fo=3, routed)           0.714    19.903    u_pl/u_pipe/u_gray/y16__41_carry__2_i_3__2_0[1]
    SLICE_X61Y67         LUT3 (Prop_lut3_I1_O)        0.271    20.174 r  u_pl/u_pipe/u_gray/dout[2]_i_1/O
                         net (fo=1, routed)           0.000    20.174    u_pl/u_pipe/u_gray/p_0_in[2]
    SLICE_X61Y67         FDCE                                         r  u_pl/u_pipe/u_gray/dout_reg[2]/D
  -------------------------------------------------------------------    -------------------

                         (clock clkout0_1 rise edge)
                                                     20.000    20.000 r  
    W17                                               0.000    20.000 r  sys_clk (IN)
                         net (fo=0)                   0.000    20.000    sys_clk
    W17                  IBUF (Prop_ibuf_I_O)         1.349    21.349 r  sys_clk_IBUF_inst/O
                         net (fo=1, routed)           1.701    23.050    sys_clk_IBUF
    BUFGCTRL_X0Y4        BUFG (Prop_bufg_I_O)         0.077    23.127 r  sys_clk_IBUF_BUFG_inst/O
                         net (fo=186, routed)         1.384    24.511    u_pl/u_clk/sys_clk_IBUF_BUFG
    MMCME2_ADV_X1Y0      MMCME2_ADV (Prop_mmcme2_adv_CLKIN1_CLKOUT0)
                                                     -2.915    21.596 r  u_pl/u_clk/u_mmcm/CLKOUT0
                         net (fo=1, routed)           1.454    23.050    u_pl/u_clk/clkout0
    BUFGCTRL_X0Y0        BUFG (Prop_bufg_I_O)         0.077    23.127 r  u_pl/u_clk/u_bufg_pix/O
                         net (fo=5515, routed)        1.281    24.408    u_pl/u_pipe/u_gray/clk_pix
    SLICE_X61Y67         FDCE                                         r  u_pl/u_pipe/u_gray/dout_reg[2]/C
                         clock pessimism              0.258    24.666    
                         clock uncertainty           -0.094    24.572    
    SLICE_X61Y67         FDCE (Setup_fdce_C_D)        0.069    24.641    u_pl/u_pipe/u_gray/dout_reg[2]
  -------------------------------------------------------------------
                         required time                         24.641    
                         arrival time                         -20.174    
  -------------------------------------------------------------------
                         slack                                  4.467    

Slack (MET) :             4.473ns  (required time - arrival time)
  Source:                 u_pl/u_mode/mode_q_reg[1]/C
                            (rising edge-triggered cell FDCE clocked by clkout0_1  {rise@0.000ns fall@10.000ns period=20.000ns})
  Destination:            u_pl/u_pipe/u_gray/dout_reg[8]/D
                            (rising edge-triggered cell FDCE clocked by clkout0_1  {rise@0.000ns fall@10.000ns period=20.000ns})
  Path Group:             clkout0_1
  Path Type:              Setup (Max at Slow Process Corner)
  Requirement:            20.000ns  (clkout0_1 rise@20.000ns - clkout0_1 rise@0.000ns)
  Data Path Delay:        15.236ns  (logic 4.995ns (32.785%)  route 10.241ns (67.216%))
  Logic Levels:           18  (CARRY4=8 LUT2=3 LUT3=3 LUT5=1 LUT6=2 RAMD64E=1)
  Clock Path Skew:        -0.266ns (DCD - SCD + CPR)
    Destination Clock Delay (DCD):    4.408ns = ( 24.408 - 20.000 ) 
    Source Clock Delay      (SCD):    4.932ns
    Clock Pessimism Removal (CPR):    0.258ns
  Clock Uncertainty:      0.094ns  ((TSJ^2 + DJ^2)^1/2) / 2 + PE
    Total System Jitter     (TSJ):    0.071ns
    Discrete Jitter          (DJ):    0.175ns
    Phase Error              (PE):    0.000ns

    Location             Delay type                Incr(ns)  Path(ns)    Netlist Resource(s)
  -------------------------------------------------------------------    -------------------
                         (clock clkout0_1 rise edge)
                                                      0.000     0.000 r  
    W17                                               0.000     0.000 r  sys_clk (IN)
                         net (fo=0)                   0.000     0.000    sys_clk
    W17                  IBUF (Prop_ibuf_I_O)         1.415     1.415 r  sys_clk_IBUF_inst/O
                         net (fo=1, routed)           1.873     3.288    sys_clk_IBUF
    BUFGCTRL_X0Y4        BUFG (Prop_bufg_I_O)         0.085     3.373 r  sys_clk_IBUF_BUFG_inst/O
                         net (fo=186, routed)         1.550     4.923    u_pl/u_clk/sys_clk_IBUF_BUFG
    MMCME2_ADV_X1Y0      MMCME2_ADV (Prop_mmcme2_adv_CLKIN1_CLKOUT0)
                                                     -3.232     1.691 r  u_pl/u_clk/u_mmcm/CLKOUT0
                         net (fo=1, routed)           1.597     3.288    u_pl/u_clk/clkout0
    BUFGCTRL_X0Y0        BUFG (Prop_bufg_I_O)         0.085     3.373 r  u_pl/u_clk/u_bufg_pix/O
                         net (fo=5515, routed)        1.559     4.932    u_pl/u_mode/clk_pix
    SLICE_X49Y101        FDCE                                         r  u_pl/u_mode/mode_q_reg[1]/C
  -------------------------------------------------------------------    -------------------
    SLICE_X49Y101        FDCE (Prop_fdce_C_Q)         0.348     5.280 f  u_pl/u_mode/mode_q_reg[1]/Q
                         net (fo=8, routed)           1.268     6.548    u_pl/u_mode/Q[1]
    SLICE_X62Y96         LUT5 (Prop_lut5_I4_O)        0.263     6.811 r  u_pl/u_mode/tb_reg_0_63_3_5_i_7/O
                         net (fo=31, routed)          1.709     8.520    u_pl/u_bilin/fb_vis
    SLICE_X90Y66         LUT6 (Prop_lut6_I1_O)        0.283     8.803 r  u_pl/u_bilin/tb_reg_0_63_3_5_i_2/O
                         net (fo=52, routed)          2.206    11.008    u_pl/u_pipe/u_gamma/tb_reg_128_191_6_7/ADDRB0
    SLICE_X66Y77         RAMD64E (Prop_ramd64e_RADR0_O)
                                                      0.105    11.113 r  u_pl/u_pipe/u_gamma/tb_reg_128_191_6_7/RAMB/O
                         net (fo=1, routed)           0.785    11.898    u_pl/u_pipe/u_gamma/tb_reg_128_191_6_7_n_1
    SLICE_X63Y76         LUT6 (Prop_lut6_I1_O)        0.105    12.003 r  u_pl/u_pipe/u_gamma/y160_carry_i_10/O
                         net (fo=4, routed)           0.815    12.819    u_pl/u_pipe/u_gamma/y160_carry_i_10_n_0
    SLICE_X61Y72         LUT3 (Prop_lut3_I0_O)        0.126    12.945 r  u_pl/u_pipe/u_gamma/dout[4]_i_2/O
                         net (fo=15, routed)          0.777    13.722    u_pl/u_pipe/u_gamma/gm_sync_reg[31]_3
    SLICE_X57Y69         LUT2 (Prop_lut2_I0_O)        0.267    13.989 r  u_pl/u_pipe/u_gamma/y160_carry_i_6/O
                         net (fo=1, routed)           0.000    13.989    u_pl/u_pipe/u_gray/y16_carry_1[1]
    SLICE_X57Y69         CARRY4 (Prop_carry4_S[1]_CO[3])
                                                      0.457    14.446 r  u_pl/u_pipe/u_gray/y160_carry/CO[3]
                         net (fo=1, routed)           0.000    14.446    u_pl/u_pipe/u_gray/y160_carry_n_0
    SLICE_X57Y70         CARRY4 (Prop_carry4_CI_O[0])
                                                      0.180    14.626 r  u_pl/u_pipe/u_gray/y160_carry__0/O[0]
                         net (fo=4, routed)           0.784    15.409    u_pl/u_pipe/u_gamma/O[0]
    SLICE_X59Y68         LUT3 (Prop_lut3_I1_O)        0.262    15.671 r  u_pl/u_pipe/u_gamma/y160__23_carry_i_1__2/O
                         net (fo=1, routed)           0.267    15.938    u_pl/u_pipe/u_gray/y16_carry_2[1]
    SLICE_X59Y69         CARRY4 (Prop_carry4_DI[3]_CO[3])
                                                      0.481    16.419 r  u_pl/u_pipe/u_gray/y160__23_carry/CO[3]
                         net (fo=1, routed)           0.000    16.419    u_pl/u_pipe/u_gray/y160__23_carry_n_0
    SLICE_X59Y70         CARRY4 (Prop_carry4_CI_O[0])
                                                      0.180    16.599 r  u_pl/u_pipe/u_gray/y160__23_carry__0/O[0]
                         net (fo=2, routed)           0.461    17.061    u_pl/u_pipe/u_gray/y160[7]
    SLICE_X60Y69         LUT2 (Prop_lut2_I0_O)        0.249    17.310 r  u_pl/u_pipe/u_gray/y16_carry__0_i_1__2/O
                         net (fo=1, routed)           0.000    17.310    u_pl/u_pipe/u_gray/y16_carry__0_i_1__2_n_0
    SLICE_X60Y69         CARRY4 (Prop_carry4_S[3]_CO[3])
                                                      0.332    17.642 r  u_pl/u_pipe/u_gray/y16_carry__0/CO[3]
                         net (fo=1, routed)           0.000    17.642    u_pl/u_pipe/u_gray/y16_carry__0_n_0
    SLICE_X60Y70         CARRY4 (Prop_carry4_CI_O[2])
                                                      0.200    17.842 r  u_pl/u_pipe/u_gray/y16_carry__1/O[2]
                         net (fo=1, routed)           0.458    18.299    u_pl/u_pipe/u_gray/C__2[10]
    SLICE_X63Y70         LUT2 (Prop_lut2_I1_O)        0.253    18.552 r  u_pl/u_pipe/u_gray/y16__41_carry__1_i_3__2/O
                         net (fo=1, routed)           0.000    18.552    u_pl/u_pipe/u_gray/y16__41_carry__1_i_3__2_n_0
    SLICE_X63Y70         CARRY4 (Prop_carry4_S[1]_CO[3])
                                                      0.457    19.009 r  u_pl/u_pipe/u_gray/y16__41_carry__1/CO[3]
                         net (fo=1, routed)           0.000    19.009    u_pl/u_pipe/u_gray/y16__41_carry__1_n_0
    SLICE_X63Y71         CARRY4 (Prop_carry4_CI_O[0])
                                                      0.180    19.189 r  u_pl/u_pipe/u_gray/y16__41_carry__2/O[0]
                         net (fo=3, routed)           0.712    19.901    u_pl/u_pipe/u_gray/y16__41_carry__2_i_3__2_0[1]
    SLICE_X61Y67         LUT3 (Prop_lut3_I1_O)        0.267    20.168 r  u_pl/u_pipe/u_gray/dout[8]_i_1/O
                         net (fo=1, routed)           0.000    20.168    u_pl/u_pipe/u_gray/p_0_in[8]
    SLICE_X61Y67         FDCE                                         r  u_pl/u_pipe/u_gray/dout_reg[8]/D
  -------------------------------------------------------------------    -------------------

                         (clock clkout0_1 rise edge)
                                                     20.000    20.000 r  
    W17                                               0.000    20.000 r  sys_clk (IN)
                         net (fo=0)                   0.000    20.000    sys_clk
    W17                  IBUF (Prop_ibuf_I_O)         1.349    21.349 r  sys_clk_IBUF_inst/O
                         net (fo=1, routed)           1.701    23.050    sys_clk_IBUF
    BUFGCTRL_X0Y4        BUFG (Prop_bufg_I_O)         0.077    23.127 r  sys_clk_IBUF_BUFG_inst/O
                         net (fo=186, routed)         1.384    24.511    u_pl/u_clk/sys_clk_IBUF_BUFG
    MMCME2_ADV_X1Y0      MMCME2_ADV (Prop_mmcme2_adv_CLKIN1_CLKOUT0)
                                                     -2.915    21.596 r  u_pl/u_clk/u_mmcm/CLKOUT0
                         net (fo=1, routed)           1.454    23.050    u_pl/u_clk/clkout0
    BUFGCTRL_X0Y0        BUFG (Prop_bufg_I_O)         0.077    23.127 r  u_pl/u_clk/u_bufg_pix/O
                         net (fo=5515, routed)        1.281    24.408    u_pl/u_pipe/u_gray/clk_pix
    SLICE_X61Y67         FDCE                                         r  u_pl/u_pipe/u_gray/dout_reg[8]/C
                         clock pessimism              0.258    24.666    
                         clock uncertainty           -0.094    24.572    
    SLICE_X61Y67         FDCE (Setup_fdce_C_D)        0.069    24.641    u_pl/u_pipe/u_gray/dout_reg[8]
  -------------------------------------------------------------------
                         required time                         24.641    
                         arrival time                         -20.168    
  -------------------------------------------------------------------
                         slack                                  4.473    




