Copyright 1986-2022 Xilinx, Inc. All Rights Reserved. Copyright 2022-2026 Advanced Micro Devices, Inc. All Rights Reserved.
------------------------------------------------------------------------------------------------------------------------------------------------------------------------------
| Tool Version : Vivado v.2025.2.1 (win64) Build 6403652 Thu Mar 19 19:48:24 GMT 2026
| Date         : Sat Oct  3 14:26:08 2026
| Host         : Uie-laptop running 64-bit major release  (build 9200)
| Command      : report_timing -delay_type min -nworst 1 -max_paths 2 -from sys_clk -to sys_clk -file D:/Xilinx/Prj/pro/Video_Processing/build/roster_r113rf_sys_clk_hold.rpt
| Design       : system_top
| Device       : 7z020-clg484
| Speed File   : -2  PRODUCTION 1.12 2019-11-22
| Design State : Routed
------------------------------------------------------------------------------------------------------------------------------------------------------------------------------

Timing Report

Slack (MET) :             0.133ns  (arrival time - required time)
  Source:                 u_pl/u_k1/key_sync1_reg/C
                            (rising edge-triggered cell FDRE clocked by sys_clk  {rise@0.000ns fall@10.000ns period=20.000ns})
  Destination:            u_pl/u_k1/acnt_reg[3]/D
                            (rising edge-triggered cell FDRE clocked by sys_clk  {rise@0.000ns fall@10.000ns period=20.000ns})
  Path Group:             sys_clk
  Path Type:              Hold (Min at Fast Process Corner)
  Requirement:            0.000ns  (sys_clk rise@0.000ns - sys_clk rise@0.000ns)
  Data Path Delay:        0.618ns  (logic 0.273ns (44.163%)  route 0.345ns (55.837%))
  Logic Levels:           2  (CARRY4=1 LUT2=1)
  Clock Path Skew:        0.351ns (DCD - SCD - CPR)
    Destination Clock Delay (DCD):    2.167ns
    Source Clock Delay      (SCD):    1.563ns
    Clock Pessimism Removal (CPR):    0.253ns

    Location             Delay type                Incr(ns)  Path(ns)    Netlist Resource(s)
  -------------------------------------------------------------------    -------------------
                         (clock sys_clk rise edge)    0.000     0.000 r  
    W17                                               0.000     0.000 r  sys_clk (IN)
                         net (fo=0)                   0.000     0.000    sys_clk
    W17                  IBUF (Prop_ibuf_I_O)         0.252     0.252 r  sys_clk_IBUF_inst/O
                         net (fo=1, routed)           0.674     0.926    sys_clk_IBUF
    BUFGCTRL_X0Y4        BUFG (Prop_bufg_I_O)         0.026     0.952 r  sys_clk_IBUF_BUFG_inst/O
                         net (fo=186, routed)         0.611     1.563    u_pl/u_k1/sys_clk_IBUF_BUFG
    SLICE_X104Y97        FDRE                                         r  u_pl/u_k1/key_sync1_reg/C
  -------------------------------------------------------------------    -------------------
    SLICE_X104Y97        FDRE (Prop_fdre_C_Q)         0.164     1.727 r  u_pl/u_k1/key_sync1_reg/Q
                         net (fo=47, routed)          0.345     2.072    u_pl/u_k1/key_sync1
    SLICE_X102Y100       LUT2 (Prop_lut2_I0_O)        0.045     2.117 r  u_pl/u_k1/acnt[0]_i_4/O
                         net (fo=1, routed)           0.000     2.117    u_pl/u_k1/acnt[0]_i_4_n_0
    SLICE_X102Y100       CARRY4 (Prop_carry4_S[3]_O[3])
                                                      0.064     2.181 r  u_pl/u_k1/acnt_reg[0]_i_2/O[3]
                         net (fo=1, routed)           0.000     2.181    u_pl/u_k1/acnt_reg[0]_i_2_n_4
    SLICE_X102Y100       FDRE                                         r  u_pl/u_k1/acnt_reg[3]/D
  -------------------------------------------------------------------    -------------------

                         (clock sys_clk rise edge)    0.000     0.000 r  
    W17                                               0.000     0.000 r  sys_clk (IN)
                         net (fo=0)                   0.000     0.000    sys_clk
    W17                  IBUF (Prop_ibuf_I_O)         0.440     0.440 r  sys_clk_IBUF_inst/O
                         net (fo=1, routed)           0.731     1.171    sys_clk_IBUF
    BUFGCTRL_X0Y4        BUFG (Prop_bufg_I_O)         0.029     1.200 r  sys_clk_IBUF_BUFG_inst/O
                         net (fo=186, routed)         0.967     2.167    u_pl/u_k1/sys_clk_IBUF_BUFG
    SLICE_X102Y100       FDRE                                         r  u_pl/u_k1/acnt_reg[3]/C
                         clock pessimism             -0.253     1.914    
    SLICE_X102Y100       FDRE (Hold_fdre_C_D)         0.134     2.048    u_pl/u_k1/acnt_reg[3]
  -------------------------------------------------------------------
                         required time                         -2.048    
                         arrival time                           2.181    
  -------------------------------------------------------------------
                         slack                                  0.133    

Slack (MET) :             0.143ns  (arrival time - required time)
  Source:                 u_pl/u_k1/key_sync1_reg/C
                            (rising edge-triggered cell FDRE clocked by sys_clk  {rise@0.000ns fall@10.000ns period=20.000ns})
  Destination:            u_pl/u_k1/acnt_reg[2]/D
                            (rising edge-triggered cell FDRE clocked by sys_clk  {rise@0.000ns fall@10.000ns period=20.000ns})
  Path Group:             sys_clk
  Path Type:              Hold (Min at Fast Process Corner)
  Requirement:            0.000ns  (sys_clk rise@0.000ns - sys_clk rise@0.000ns)
  Data Path Delay:        0.628ns  (logic 0.274ns (43.620%)  route 0.354ns (56.380%))
  Logic Levels:           2  (CARRY4=1 LUT2=1)
  Clock Path Skew:        0.351ns (DCD - SCD - CPR)
    Destination Clock Delay (DCD):    2.167ns
    Source Clock Delay      (SCD):    1.563ns
    Clock Pessimism Removal (CPR):    0.253ns

    Location             Delay type                Incr(ns)  Path(ns)    Netlist Resource(s)
  -------------------------------------------------------------------    -------------------
                         (clock sys_clk rise edge)    0.000     0.000 r  
    W17                                               0.000     0.000 r  sys_clk (IN)
                         net (fo=0)                   0.000     0.000    sys_clk
    W17                  IBUF (Prop_ibuf_I_O)         0.252     0.252 r  sys_clk_IBUF_inst/O
                         net (fo=1, routed)           0.674     0.926    sys_clk_IBUF
    BUFGCTRL_X0Y4        BUFG (Prop_bufg_I_O)         0.026     0.952 r  sys_clk_IBUF_BUFG_inst/O
                         net (fo=186, routed)         0.611     1.563    u_pl/u_k1/sys_clk_IBUF_BUFG
    SLICE_X104Y97        FDRE                                         r  u_pl/u_k1/key_sync1_reg/C
  -------------------------------------------------------------------    -------------------
    SLICE_X104Y97        FDRE (Prop_fdre_C_Q)         0.164     1.727 r  u_pl/u_k1/key_sync1_reg/Q
                         net (fo=47, routed)          0.354     2.081    u_pl/u_k1/key_sync1
    SLICE_X102Y100       LUT2 (Prop_lut2_I0_O)        0.045     2.126 r  u_pl/u_k1/acnt[0]_i_5/O
                         net (fo=1, routed)           0.000     2.126    u_pl/u_k1/acnt[0]_i_5_n_0
    SLICE_X102Y100       CARRY4 (Prop_carry4_S[2]_O[2])
                                                      0.065     2.191 r  u_pl/u_k1/acnt_reg[0]_i_2/O[2]
                         net (fo=1, routed)           0.000     2.191    u_pl/u_k1/acnt_reg[0]_i_2_n_5
    SLICE_X102Y100       FDRE                                         r  u_pl/u_k1/acnt_reg[2]/D
  -------------------------------------------------------------------    -------------------

                         (clock sys_clk rise edge)    0.000     0.000 r  
    W17                                               0.000     0.000 r  sys_clk (IN)
                         net (fo=0)                   0.000     0.000    sys_clk
    W17                  IBUF (Prop_ibuf_I_O)         0.440     0.440 r  sys_clk_IBUF_inst/O
                         net (fo=1, routed)           0.731     1.171    sys_clk_IBUF
    BUFGCTRL_X0Y4        BUFG (Prop_bufg_I_O)         0.029     1.200 r  sys_clk_IBUF_BUFG_inst/O
                         net (fo=186, routed)         0.967     2.167    u_pl/u_k1/sys_clk_IBUF_BUFG
    SLICE_X102Y100       FDRE                                         r  u_pl/u_k1/acnt_reg[2]/C
                         clock pessimism             -0.253     1.914    
    SLICE_X102Y100       FDRE (Hold_fdre_C_D)         0.134     2.048    u_pl/u_k1/acnt_reg[2]
  -------------------------------------------------------------------
                         required time                         -2.048    
                         arrival time                           2.191    
  -------------------------------------------------------------------
                         slack                                  0.143    




