Copyright 1986-2022 Xilinx, Inc. All Rights Reserved. Copyright 2022-2026 Advanced Micro Devices, Inc. All Rights Reserved.
------------------------------------------------------------------------------------------------------------------------------------------------------------------------------
| Tool Version : Vivado v.2025.2.1 (win64) Build 6403652 Thu Mar 19 19:48:24 GMT 2026
| Date         : Sat Oct  3 21:15:51 2026
| Host         : Uie-laptop running 64-bit major release  (build 9200)
| Command      : report_timing -delay_type min -nworst 1 -max_paths 2 -from eth_rxc -to eth_rxc -file D:/Xilinx/Prj/pro/Video_Processing/build/roster_r114rf_eth_rxc_hold.rpt
| Design       : system_top
| Device       : 7z020-clg484
| Speed File   : -2  PRODUCTION 1.12 2019-11-22
| Design State : Routed
------------------------------------------------------------------------------------------------------------------------------------------------------------------------------

Timing Report

Slack (MET) :             0.052ns  (arrival time - required time)
  Source:                 u_eth/u_cdc/rgray_s1_reg[10]/C
                            (rising edge-triggered cell FDCE clocked by eth_rxc  {rise@0.000ns fall@4.000ns period=8.000ns})
  Destination:            u_eth/u_lm/full_d_reg/D
                            (rising edge-triggered cell FDCE clocked by eth_rxc  {rise@0.000ns fall@4.000ns period=8.000ns})
  Path Group:             eth_rxc
  Path Type:              Hold (Min at Fast Process Corner)
  Requirement:            0.000ns  (eth_rxc rise@0.000ns - eth_rxc rise@0.000ns)
  Data Path Delay:        0.986ns  (logic 0.429ns (43.520%)  route 0.557ns (56.480%))
  Logic Levels:           3  (CARRY4=2 LUT6=1)
  Clock Path Skew:        0.014ns (DCD - SCD - CPR)
    Destination Clock Delay (DCD):    2.097ns
    Source Clock Delay      (SCD):    1.582ns
    Clock Pessimism Removal (CPR):    0.501ns
  Clock Uncertainty:      0.800ns  ((TSJ^2 + TIJ^2)^1/2 + DJ) / 2 + PE + UU
    Total System Jitter     (TSJ):    0.000ns
    Total Input Jitter      (TIJ):    0.000ns
    Discrete Jitter          (DJ):    0.000ns
    Phase Error              (PE):    0.000ns
    User Uncertainty         (UU):    0.800ns

    Location             Delay type                Incr(ns)  Path(ns)    Netlist Resource(s)
  -------------------------------------------------------------------    -------------------
                         (clock eth_rxc rise edge)    0.000     0.000 r  
    Y19                                               0.000     0.000 r  eth_rxc (IN)
                         net (fo=0)                   0.000     0.000    eth_rxc
    Y19                  IBUF (Prop_ibuf_I_O)         0.266     0.266 r  eth_rxc_IBUF_inst/O
                         net (fo=1, routed)           0.674     0.940    u_eth/u_rgmii/u_rgmii_rx/rgmii_rxc
    BUFGCTRL_X0Y1        BUFG (Prop_bufg_I_O)         0.026     0.966 r  u_eth/u_rgmii/u_rgmii_rx/BUFG_inst/O
                         net (fo=2546, routed)        0.616     1.582    u_eth/u_cdc/gmii_rx_clk
    SLICE_X6Y18          FDCE                                         r  u_eth/u_cdc/rgray_s1_reg[10]/C
  -------------------------------------------------------------------    -------------------
    SLICE_X6Y18          FDCE (Prop_fdce_C_Q)         0.148     1.730 r  u_eth/u_cdc/rgray_s1_reg[10]/Q
                         net (fo=1, routed)           0.557     2.287    u_eth/u_cdc/rgray_s1[10]
    SLICE_X4Y17          LUT6 (Prop_lut6_I4_O)        0.099     2.386 r  u_eth/u_cdc/full_d_i_4/O
                         net (fo=1, routed)           0.000     2.386    u_eth/u_cdc/full_d_i_4_n_0
    SLICE_X4Y17          CARRY4 (Prop_carry4_S[3]_CO[3])
                                                      0.109     2.495 r  u_eth/u_cdc/full_d_reg_i_2/CO[3]
                         net (fo=1, routed)           0.000     2.495    u_eth/u_cdc/full_d_reg_i_2_n_0
    SLICE_X4Y18          CARRY4 (Prop_carry4_CI_CO[0])
                                                      0.073     2.568 r  u_eth/u_cdc/full_d_reg_i_1/CO[0]
                         net (fo=6, routed)           0.000     2.568    u_eth/u_lm/wr_full
    SLICE_X4Y18          FDCE                                         r  u_eth/u_lm/full_d_reg/D
  -------------------------------------------------------------------    -------------------

                         (clock eth_rxc rise edge)    0.000     0.000 r  
    Y19                                               0.000     0.000 r  eth_rxc (IN)
                         net (fo=0)                   0.000     0.000    eth_rxc
    Y19                  IBUF (Prop_ibuf_I_O)         0.454     0.454 r  eth_rxc_IBUF_inst/O
                         net (fo=1, routed)           0.731     1.185    u_eth/u_rgmii/u_rgmii_rx/rgmii_rxc
    BUFGCTRL_X0Y1        BUFG (Prop_bufg_I_O)         0.029     1.214 r  u_eth/u_rgmii/u_rgmii_rx/BUFG_inst/O
                         net (fo=2546, routed)        0.883     2.097    u_eth/u_lm/gmii_rx_clk
    SLICE_X4Y18          FDCE                                         r  u_eth/u_lm/full_d_reg/C
                         clock pessimism             -0.501     1.596    
                         clock uncertainty            0.800     2.396    
    SLICE_X4Y18          FDCE (Hold_fdce_C_D)         0.120     2.516    u_eth/u_lm/full_d_reg
  -------------------------------------------------------------------
                         required time                         -2.516    
                         arrival time                           2.568    
  -------------------------------------------------------------------
                         slack                                  0.052    

Slack (MET) :             0.056ns  (arrival time - required time)
  Source:                 u_eth/u_icmp/u_icmp_tx/gmii_tx_en_reg/C
                            (rising edge-triggered cell FDCE clocked by eth_rxc  {rise@0.000ns fall@4.000ns period=8.000ns})
  Destination:            u_eth/u_ctrl/gmii_tx_en_reg/D
                            (rising edge-triggered cell FDCE clocked by eth_rxc  {rise@0.000ns fall@4.000ns period=8.000ns})
  Path Group:             eth_rxc
  Path Type:              Hold (Min at Fast Process Corner)
  Requirement:            0.000ns  (eth_rxc rise@0.000ns - eth_rxc rise@0.000ns)
  Data Path Delay:        0.961ns  (logic 0.186ns (19.357%)  route 0.775ns (80.643%))
  Logic Levels:           1  (LUT3=1)
  Clock Path Skew:        0.013ns (DCD - SCD - CPR)
    Destination Clock Delay (DCD):    2.121ns
    Source Clock Delay      (SCD):    1.603ns
    Clock Pessimism Removal (CPR):    0.505ns
  Clock Uncertainty:      0.800ns  ((TSJ^2 + TIJ^2)^1/2 + DJ) / 2 + PE + UU
    Total System Jitter     (TSJ):    0.000ns
    Total Input Jitter      (TIJ):    0.000ns
    Discrete Jitter          (DJ):    0.000ns
    Phase Error              (PE):    0.000ns
    User Uncertainty         (UU):    0.800ns

    Location             Delay type                Incr(ns)  Path(ns)    Netlist Resource(s)
  -------------------------------------------------------------------    -------------------
                         (clock eth_rxc rise edge)    0.000     0.000 r  
    Y19                                               0.000     0.000 r  eth_rxc (IN)
                         net (fo=0)                   0.000     0.000    eth_rxc
    Y19                  IBUF (Prop_ibuf_I_O)         0.266     0.266 r  eth_rxc_IBUF_inst/O
                         net (fo=1, routed)           0.674     0.940    u_eth/u_rgmii/u_rgmii_rx/rgmii_rxc
    BUFGCTRL_X0Y1        BUFG (Prop_bufg_I_O)         0.026     0.966 r  u_eth/u_rgmii/u_rgmii_rx/BUFG_inst/O
                         net (fo=2546, routed)        0.637     1.603    u_eth/u_icmp/u_icmp_tx/gmii_rx_clk
    SLICE_X111Y37        FDCE                                         r  u_eth/u_icmp/u_icmp_tx/gmii_tx_en_reg/C
  -------------------------------------------------------------------    -------------------
    SLICE_X111Y37        FDCE (Prop_fdce_C_Q)         0.141     1.744 r  u_eth/u_icmp/u_icmp_tx/gmii_tx_en_reg/Q
                         net (fo=1, routed)           0.775     2.519    u_eth/u_icmp/u_icmp_tx/icmp_gmii_tx_en
    SLICE_X110Y37        LUT3 (Prop_lut3_I0_O)        0.045     2.564 r  u_eth/u_icmp/u_icmp_tx/gmii_tx_en_i_1__0/O
                         net (fo=1, routed)           0.000     2.564    u_eth/u_ctrl/gmii_tx_en_reg_1
    SLICE_X110Y37        FDCE                                         r  u_eth/u_ctrl/gmii_tx_en_reg/D
  -------------------------------------------------------------------    -------------------

                         (clock eth_rxc rise edge)    0.000     0.000 r  
    Y19                                               0.000     0.000 r  eth_rxc (IN)
                         net (fo=0)                   0.000     0.000    eth_rxc
    Y19                  IBUF (Prop_ibuf_I_O)         0.454     0.454 r  eth_rxc_IBUF_inst/O
                         net (fo=1, routed)           0.731     1.185    u_eth/u_rgmii/u_rgmii_rx/rgmii_rxc
    BUFGCTRL_X0Y1        BUFG (Prop_bufg_I_O)         0.029     1.214 r  u_eth/u_rgmii/u_rgmii_rx/BUFG_inst/O
                         net (fo=2546, routed)        0.907     2.121    u_eth/u_ctrl/gmii_rx_clk
    SLICE_X110Y37        FDCE                                         r  u_eth/u_ctrl/gmii_tx_en_reg/C
                         clock pessimism             -0.505     1.616    
                         clock uncertainty            0.800     2.416    
    SLICE_X110Y37        FDCE (Hold_fdce_C_D)         0.092     2.508    u_eth/u_ctrl/gmii_tx_en_reg
  -------------------------------------------------------------------
                         required time                         -2.508    
                         arrival time                           2.564    
  -------------------------------------------------------------------
                         slack                                  0.056    




