Copyright 1986-2022 Xilinx, Inc. All Rights Reserved. Copyright 2022-2026 Advanced Micro Devices, Inc. All Rights Reserved.
---------------------------------------------------------------------------------------------------------------------------------------------
| Tool Version : Vivado v.2025.2.1 (win64) Build 6403652 Thu Mar 19 19:48:24 GMT 2026
| Date         : Thu Oct  1 08:07:39 2026
| Host         : Uie-laptop running 64-bit major release  (build 9200)
| Command      : report_timing_summary -file D:/Xilinx/Prj/pro/Video_Processing/build/timing_summary.rpt
| Design       : system_top
| Device       : 7z020-clg484
| Speed File   : -2  PRODUCTION 1.12 2019-11-22
| Design State : Routed
---------------------------------------------------------------------------------------------------------------------------------------------

Timing Summary Report

------------------------------------------------------------------------------------------------
| Timer Settings
| --------------
------------------------------------------------------------------------------------------------

  Enable Multi Corner Analysis               :  Yes
  Enable Pessimism Removal                   :  Yes
  Pessimism Removal Resolution               :  Nearest Common Node
  Enable Input Delay Default Clock           :  No
  Enable Preset / Clear Arcs                 :  No
  Disable Flight Delays                      :  No
  Ignore I/O Paths                           :  No
  Timing Early Launch at Borrowing Latches   :  No
  Borrow Time for Max Delay Exceptions       :  Yes
  Merge Timing Exceptions                    :  Yes
  Inter-SLR Compensation                     :  Conservative

  Corner  Analyze    Analyze    
  Name    Max Paths  Min Paths  
  ------  ---------  ---------  
  Slow    Yes        Yes        
  Fast    Yes        Yes        


------------------------------------------------------------------------------------------------
| Report Methodology
| ------------------
------------------------------------------------------------------------------------------------

Rule       Severity  Description                                                Violations  
---------  --------  ---------------------------------------------------------  ----------  
DPIR-1     Warning   Asynchronous driver check                                  2           
LUTAR-1    Warning   LUT drives async reset alert                               1           
SYNTH-5    Warning   Mapped onto distributed RAM because of timing constraints  336         
SYNTH-6    Warning   Timing of a RAM block might be sub-optimal                 97          
TIMING-9   Warning   Unknown CDC Logic                                          1           
TIMING-10  Warning   Missing property on synchronizer                           1           
TIMING-18  Warning   Missing input or output delay                              7           

Note: This report is based on the most recent report_methodology run and may not be up-to-date. Run report_methodology on the current design for the latest report.



check_timing report

Table of Contents
-----------------
1. checking no_clock (0)
2. checking constant_clock (0)
3. checking pulse_width_clock (0)
4. checking unconstrained_internal_endpoints (0)
5. checking no_input_delay (7)
6. checking no_output_delay (12)
7. checking multiple_clock (0)
8. checking generated_clocks (0)
9. checking loops (0)
10. checking partial_input_delay (0)
11. checking partial_output_delay (0)
12. checking latch_loops (0)

1. checking no_clock (0)
------------------------
 There are 0 register/latch pins with no clock.


2. checking constant_clock (0)
------------------------------
 There are 0 register/latch pins with constant_clock.


3. checking pulse_width_clock (0)
---------------------------------
 There are 0 register/latch pins which need pulse_width check


4. checking unconstrained_internal_endpoints (0)
------------------------------------------------
 There are 0 pins that are not constrained for maximum delay.

 There are 0 pins that are not constrained for maximum delay due to constant clock.


5. checking no_input_delay (7)
------------------------------
 There are 5 input ports with no input delay specified. (HIGH)

 There are 2 input ports with no input delay but user has a false path constraint. (MEDIUM)


6. checking no_output_delay (12)
--------------------------------
 There are 6 ports with no output delay specified. (HIGH)

 There are 6 ports with no output delay but user has a false path constraint (MEDIUM)

 There are 0 ports with no output delay but with a timing clock defined on it or propagating through it


7. checking multiple_clock (0)
------------------------------
 There are 0 register/latch pins with multiple clocks.


8. checking generated_clocks (0)
--------------------------------
 There are 0 generated clocks that are not connected to a clock source.


9. checking loops (0)
---------------------
 There are 0 combinational loops in the design.


10. checking partial_input_delay (0)
------------------------------------
 There are 0 input ports with partial input delay specified.


11. checking partial_output_delay (0)
-------------------------------------
 There are 0 ports with partial output delay specified.


12. checking latch_loops (0)
----------------------------
 There are 0 combinational latch loops in the design through latch input



------------------------------------------------------------------------------------------------
| Design Timing Summary
| ---------------------
------------------------------------------------------------------------------------------------

    WNS(ns)      TNS(ns)  TNS Failing Endpoints  TNS Total Endpoints      WHS(ns)      THS(ns)  THS Failing Endpoints  THS Total Endpoints     WPWS(ns)     TPWS(ns)  TPWS Failing Endpoints  TPWS Total Endpoints  
    -------      -------  ---------------------  -------------------      -------      -------  ---------------------  -------------------     --------     --------  ----------------------  --------------------  
      0.284        0.000                      0                50867        0.051        0.000                      0                50867        0.264        0.000                       0                 12524  


All user specified timing constraints are met.


------------------------------------------------------------------------------------------------
| Clock Summary
| -------------
------------------------------------------------------------------------------------------------

Clock         Waveform(ns)         Period(ns)      Frequency(MHz)
-----         ------------         ----------      --------------
clk_fpga_0    {0.000 5.000}        10.000          100.000         
eth_rxc       {0.000 4.000}        8.000           125.000         
sys_clk       {0.000 10.000}       20.000          50.000          
  clkfbout    {0.000 10.000}       20.000          50.000          
  clkfbout_1  {0.000 10.000}       20.000          50.000          
  clkout0_1   {0.000 10.000}       20.000          50.000          
  clkout1_1   {0.000 2.000}        4.000           250.000         
  clkout2     {0.000 2.500}        5.000           200.000         


------------------------------------------------------------------------------------------------
| Intra Clock Table
| -----------------
------------------------------------------------------------------------------------------------

Clock             WNS(ns)      TNS(ns)  TNS Failing Endpoints  TNS Total Endpoints      WHS(ns)      THS(ns)  THS Failing Endpoints  THS Total Endpoints     WPWS(ns)     TPWS(ns)  TPWS Failing Endpoints  TPWS Total Endpoints  
-----             -------      -------  ---------------------  -------------------      -------      -------  ---------------------  -------------------     --------     --------  ----------------------  --------------------  
clk_fpga_0          1.117        0.000                      0                15719        0.060        0.000                      0                15719        3.870        0.000                       0                  4373  
eth_rxc             0.284        0.000                      0                 4699        0.051        0.000                      0                 4699        3.500        0.000                       0                  2477  
sys_clk            15.198        0.000                      0                  193        0.210        0.000                      0                  193        7.000        0.000                       0                   141  
  clkfbout                                                                                                                                                     18.408        0.000                       0                     3  
  clkfbout_1                                                                                                                                                   18.408        0.000                       0                     3  
  clkout0_1         1.317        0.000                      0                30179        0.064        0.000                      0                30179        8.870        0.000                       0                  5514  
  clkout1_1                                                                                                                                                     2.408        0.000                       0                    10  
  clkout2                                                                                                                                                       0.264        0.000                       0                     3  


------------------------------------------------------------------------------------------------
| Inter Clock Table
| -----------------
------------------------------------------------------------------------------------------------

From Clock    To Clock          WNS(ns)      TNS(ns)  TNS Failing Endpoints  TNS Total Endpoints      WHS(ns)      THS(ns)  THS Failing Endpoints  THS Total Endpoints  
----------    --------          -------      -------  ---------------------  -------------------      -------      -------  ---------------------  -------------------  
clkout0_1     sys_clk            14.522        0.000                      0                   19        0.554        0.000                      0                   19  
sys_clk       clkout0_1           2.739        0.000                      0                  242        0.255        0.000                      0                  242  


------------------------------------------------------------------------------------------------
| Other Path Groups Table
| -----------------------
------------------------------------------------------------------------------------------------

Path Group    From Clock    To Clock          WNS(ns)      TNS(ns)  TNS Failing Endpoints  TNS Total Endpoints      WHS(ns)      THS(ns)  THS Failing Endpoints  THS Total Endpoints  
----------    ----------    --------          -------      -------  ---------------------  -------------------      -------      -------  ---------------------  -------------------  


------------------------------------------------------------------------------------------------
| Timing Details
| --------------
------------------------------------------------------------------------------------------------


---------------------------------------------------------------------------------------------------
From Clock:  clk_fpga_0
  To Clock:  clk_fpga_0

Setup :            0  Failing Endpoints,  Worst Slack        1.117ns,  Total Violation        0.000ns
Hold  :            0  Failing Endpoints,  Worst Slack        0.060ns,  Total Violation        0.000ns
PW    :            0  Failing Endpoints,  Worst Slack        3.870ns,  Total Violation        0.000ns
---------------------------------------------------------------------------------------------------


Max Delay Paths
--------------------------------------------------------------------------------------
Slack (MET) :             1.117ns  (required time - arrival time)
  Source:                 u_pl/u_arb/owner_eth_reg/C
                            (rising edge-triggered cell FDCE clocked by clk_fpga_0  {rise@0.000ns fall@5.000ns period=10.000ns})
  Destination:            u_pl/u_bilin/u_fb/lo_reg_0_53/ADDRARDADDR[4]
                            (rising edge-triggered cell RAMB36E1 clocked by clk_fpga_0  {rise@0.000ns fall@5.000ns period=10.000ns})
  Path Group:             clk_fpga_0
  Path Type:              Setup (Max at Slow Process Corner)
  Requirement:            10.000ns  (clk_fpga_0 rise@10.000ns - clk_fpga_0 rise@0.000ns)
  Data Path Delay:        8.276ns  (logic 0.484ns (5.848%)  route 7.792ns (94.152%))
  Logic Levels:           1  (LUT3=1)
  Clock Path Skew:        0.037ns (DCD - SCD + CPR)
    Destination Clock Delay (DCD):    2.380ns = ( 12.380 - 10.000 ) 
    Source Clock Delay      (SCD):    2.439ns
    Clock Pessimism Removal (CPR):    0.097ns
  Clock Uncertainty:      0.154ns  ((TSJ^2 + TIJ^2)^1/2 + DJ) / 2 + PE
    Total System Jitter     (TSJ):    0.071ns
    Total Input Jitter      (TIJ):    0.300ns
    Discrete Jitter          (DJ):    0.000ns
    Phase Error              (PE):    0.000ns

    Location             Delay type                Incr(ns)  Path(ns)    Netlist Resource(s)
  -------------------------------------------------------------------    -------------------
                         (clock clk_fpga_0 rise edge)
                                                      0.000     0.000 r  
    PS7_X0Y0             PS7                          0.000     0.000 r  u_bd/design_1_i/processing_system7_0/inst/PS7_i/FCLKCLK[0]
                         net (fo=1, routed)           0.994     0.994    u_bd/design_1_i/processing_system7_0/inst/FCLK_CLK_unbuffered[0]
    BUFGCTRL_X0Y16       BUFG (Prop_bufg_I_O)         0.085     1.079 r  u_bd/design_1_i/processing_system7_0/inst/buffer_fclk_clk_0.FCLK_CLK_0_BUFG/O
                         net (fo=4374, routed)        1.360     2.439    u_pl/u_arb/FCLK_CLK0
    SLICE_X51Y76         FDCE                                         r  u_pl/u_arb/owner_eth_reg/C
  -------------------------------------------------------------------    -------------------
    SLICE_X51Y76         FDCE (Prop_fdce_C_Q)         0.379     2.818 r  u_pl/u_arb/owner_eth_reg/Q
                         net (fo=269, routed)         2.957     5.775    u_pl/u_row/hi_reg_0[0]
    SLICE_X47Y41         LUT3 (Prop_lut3_I1_O)        0.105     5.880 r  u_pl/u_row/lo_reg_0_4_i_12/O
                         net (fo=20, routed)          4.835    10.715    u_pl/u_bilin/u_fb/lo_reg_0_20_0[4]
    RAMB36_X5Y3          RAMB36E1                                     r  u_pl/u_bilin/u_fb/lo_reg_0_53/ADDRARDADDR[4]
  -------------------------------------------------------------------    -------------------

                         (clock clk_fpga_0 rise edge)
                                                     10.000    10.000 r  
    PS7_X0Y0             PS7                          0.000    10.000 r  u_bd/design_1_i/processing_system7_0/inst/PS7_i/FCLKCLK[0]
                         net (fo=1, routed)           0.905    10.906    u_bd/design_1_i/processing_system7_0/inst/FCLK_CLK_unbuffered[0]
    BUFGCTRL_X0Y16       BUFG (Prop_bufg_I_O)         0.077    10.983 r  u_bd/design_1_i/processing_system7_0/inst/buffer_fclk_clk_0.FCLK_CLK_0_BUFG/O
                         net (fo=4374, routed)        1.397    12.380    u_pl/u_bilin/u_fb/FCLK_CLK0
    RAMB36_X5Y3          RAMB36E1                                     r  u_pl/u_bilin/u_fb/lo_reg_0_53/CLKARDCLK
                         clock pessimism              0.097    12.476    
                         clock uncertainty           -0.154    12.322    
    RAMB36_X5Y3          RAMB36E1 (Setup_ramb36e1_CLKARDCLK_ADDRARDADDR[4])
                                                     -0.490    11.832    u_pl/u_bilin/u_fb/lo_reg_0_53
  -------------------------------------------------------------------
                         required time                         11.832    
                         arrival time                         -10.715    
  -------------------------------------------------------------------
                         slack                                  1.117    





Min Delay Paths
--------------------------------------------------------------------------------------
Slack (MET) :             0.060ns  (arrival time - required time)
  Source:                 u_bd/design_1_i/axi_gpio_0/U0/ip2bus_data_i_D1_reg[1]/C
                            (rising edge-triggered cell FDRE clocked by clk_fpga_0  {rise@0.000ns fall@5.000ns period=10.000ns})
  Destination:            u_bd/design_1_i/axi_gpio_0/U0/AXI_LITE_IPIF_I/I_SLAVE_ATTACHMENT/s_axi_rdata_i_reg[30]/D
                            (rising edge-triggered cell FDRE clocked by clk_fpga_0  {rise@0.000ns fall@5.000ns period=10.000ns})
  Path Group:             clk_fpga_0
  Path Type:              Hold (Min at Fast Process Corner)
  Requirement:            0.000ns  (clk_fpga_0 rise@0.000ns - clk_fpga_0 rise@0.000ns)
  Data Path Delay:        0.382ns  (logic 0.164ns (42.941%)  route 0.218ns (57.059%))
  Logic Levels:           0  
  Clock Path Skew:        0.259ns (DCD - SCD - CPR)
    Destination Clock Delay (DCD):    1.271ns
    Source Clock Delay      (SCD):    0.973ns
    Clock Pessimism Removal (CPR):    0.039ns

    Location             Delay type                Incr(ns)  Path(ns)    Netlist Resource(s)
  -------------------------------------------------------------------    -------------------
                         (clock clk_fpga_0 rise edge)
                                                      0.000     0.000 r  
    PS7_X0Y0             PS7                          0.000     0.000 r  u_bd/design_1_i/processing_system7_0/inst/PS7_i/FCLKCLK[0]
                         net (fo=1, routed)           0.310     0.310    u_bd/design_1_i/processing_system7_0/inst/FCLK_CLK_unbuffered[0]
    BUFGCTRL_X0Y16       BUFG (Prop_bufg_I_O)         0.026     0.336 r  u_bd/design_1_i/processing_system7_0/inst/buffer_fclk_clk_0.FCLK_CLK_0_BUFG/O
                         net (fo=4374, routed)        0.637     0.973    u_bd/design_1_i/axi_gpio_0/U0/s_axi_aclk
    SLICE_X46Y107        FDRE                                         r  u_bd/design_1_i/axi_gpio_0/U0/ip2bus_data_i_D1_reg[1]/C
  -------------------------------------------------------------------    -------------------
    SLICE_X46Y107        FDRE (Prop_fdre_C_Q)         0.164     1.137 r  u_bd/design_1_i/axi_gpio_0/U0/ip2bus_data_i_D1_reg[1]/Q
                         net (fo=1, routed)           0.218     1.355    u_bd/design_1_i/axi_gpio_0/U0/AXI_LITE_IPIF_I/I_SLAVE_ATTACHMENT/Q[30]
    SLICE_X50Y108        FDRE                                         r  u_bd/design_1_i/axi_gpio_0/U0/AXI_LITE_IPIF_I/I_SLAVE_ATTACHMENT/s_axi_rdata_i_reg[30]/D
  -------------------------------------------------------------------    -------------------

                         (clock clk_fpga_0 rise edge)
                                                      0.000     0.000 r  
    PS7_X0Y0             PS7                          0.000     0.000 r  u_bd/design_1_i/processing_system7_0/inst/PS7_i/FCLKCLK[0]
                         net (fo=1, routed)           0.337     0.337    u_bd/design_1_i/processing_system7_0/inst/FCLK_CLK_unbuffered[0]
    BUFGCTRL_X0Y16       BUFG (Prop_bufg_I_O)         0.029     0.366 r  u_bd/design_1_i/processing_system7_0/inst/buffer_fclk_clk_0.FCLK_CLK_0_BUFG/O
                         net (fo=4374, routed)        0.905     1.271    u_bd/design_1_i/axi_gpio_0/U0/AXI_LITE_IPIF_I/I_SLAVE_ATTACHMENT/s_axi_aclk
    SLICE_X50Y108        FDRE                                         r  u_bd/design_1_i/axi_gpio_0/U0/AXI_LITE_IPIF_I/I_SLAVE_ATTACHMENT/s_axi_rdata_i_reg[30]/C
                         clock pessimism             -0.039     1.232    
    SLICE_X50Y108        FDRE (Hold_fdre_C_D)         0.063     1.295    u_bd/design_1_i/axi_gpio_0/U0/AXI_LITE_IPIF_I/I_SLAVE_ATTACHMENT/s_axi_rdata_i_reg[30]
  -------------------------------------------------------------------
                         required time                         -1.295    
                         arrival time                           1.355    
  -------------------------------------------------------------------
                         slack                                  0.060    





Pulse Width Checks
--------------------------------------------------------------------------------------
Clock Name:         clk_fpga_0
Waveform(ns):       { 0.000 5.000 }
Period(ns):         10.000
Sources:            { u_bd/design_1_i/processing_system7_0/inst/PS7_i/FCLKCLK[0] }

Check Type        Corner  Lib Pin             Reference Pin  Required(ns)  Actual(ns)  Slack(ns)  Location      Pin
Min Period        n/a     RAMB36E1/CLKBWRCLK  n/a            2.170         10.000      7.830      RAMB36_X2Y6   u_eth/u_cdc/mem_reg_0/CLKBWRCLK
Low Pulse Width   Slow    RAMD64E/CLK         n/a            1.130         5.000       3.870      SLICE_X16Y32  u_eth/u_saver/q_addr_reg_0_63_12_14/RAMA/CLK
High Pulse Width  Slow    RAMD64E/CLK         n/a            1.130         5.000       3.870      SLICE_X16Y32  u_eth/u_saver/q_addr_reg_0_63_12_14/RAMA/CLK



---------------------------------------------------------------------------------------------------
From Clock:  eth_rxc
  To Clock:  eth_rxc

Setup :            0  Failing Endpoints,  Worst Slack        0.284ns,  Total Violation        0.000ns
Hold  :            0  Failing Endpoints,  Worst Slack        0.051ns,  Total Violation        0.000ns
PW    :            0  Failing Endpoints,  Worst Slack        3.500ns,  Total Violation        0.000ns
---------------------------------------------------------------------------------------------------


Max Delay Paths
--------------------------------------------------------------------------------------
Slack (MET) :             0.284ns  (required time - arrival time)
  Source:                 u_eth/u_icmp/u_icmp_tx/tx_data_num_reg[15]/C
                            (rising edge-triggered cell FDCE clocked by eth_rxc  {rise@0.000ns fall@4.000ns period=8.000ns})
  Destination:            u_eth/u_icmp/u_icmp_tx/real_add_cnt_reg[2]/D
                            (rising edge-triggered cell FDCE clocked by eth_rxc  {rise@0.000ns fall@4.000ns period=8.000ns})
  Path Group:             eth_rxc
  Path Type:              Setup (Max at Slow Process Corner)
  Requirement:            8.000ns  (eth_rxc rise@8.000ns - eth_rxc rise@0.000ns)
  Data Path Delay:        7.652ns  (logic 2.774ns (36.253%)  route 4.878ns (63.747%))
  Logic Levels:           12  (CARRY4=5 LUT2=2 LUT3=1 LUT4=2 LUT5=2)
  Clock Path Skew:        -0.061ns (DCD - SCD + CPR)
    Destination Clock Delay (DCD):    4.491ns = ( 12.491 - 8.000 ) 
    Source Clock Delay      (SCD):    4.894ns
    Clock Pessimism Removal (CPR):    0.342ns
  Clock Uncertainty:      0.035ns  ((TSJ^2 + TIJ^2)^1/2 + DJ) / 2 + PE
    Total System Jitter     (TSJ):    0.071ns
    Total Input Jitter      (TIJ):    0.000ns
    Discrete Jitter          (DJ):    0.000ns
    Phase Error              (PE):    0.000ns

    Location             Delay type                Incr(ns)  Path(ns)    Netlist Resource(s)
  -------------------------------------------------------------------    -------------------
                         (clock eth_rxc rise edge)    0.000     0.000 r  
    Y19                                               0.000     0.000 r  eth_rxc (IN)
                         net (fo=0)                   0.000     0.000    eth_rxc
    Y19                  IBUF (Prop_ibuf_I_O)         1.430     1.430 r  eth_rxc_IBUF_inst/O
                         net (fo=1, routed)           1.873     3.303    u_eth/u_rgmii/u_rgmii_rx/rgmii_rxc
    BUFGCTRL_X0Y1        BUFG (Prop_bufg_I_O)         0.085     3.388 r  u_eth/u_rgmii/u_rgmii_rx/BUFG_inst/O
                         net (fo=2477, routed)        1.506     4.894    u_eth/u_icmp/u_icmp_tx/gmii_rx_clk
    SLICE_X96Y27         FDCE                                         r  u_eth/u_icmp/u_icmp_tx/tx_data_num_reg[15]/C
  -------------------------------------------------------------------    -------------------
    SLICE_X96Y27         FDCE (Prop_fdce_C_Q)         0.433     5.327 r  u_eth/u_icmp/u_icmp_tx/tx_data_num_reg[15]/Q
                         net (fo=4, routed)           0.659     5.986    u_eth/u_icmp/u_icmp_tx/tx_data_num[15]
    SLICE_X95Y29         LUT4 (Prop_lut4_I0_O)        0.105     6.091 r  u_eth/u_icmp/u_icmp_tx/real_add_cnt[4]_i_22/O
                         net (fo=1, routed)           0.505     6.596    u_eth/u_icmp/u_icmp_tx/real_add_cnt[4]_i_22_n_0
    SLICE_X95Y29         LUT5 (Prop_lut5_I3_O)        0.105     6.701 f  u_eth/u_icmp/u_icmp_tx/real_add_cnt[4]_i_9/O
                         net (fo=4, routed)           0.510     7.211    u_eth/u_icmp/u_icmp_tx/real_add_cnt[4]_i_9_n_0
    SLICE_X100Y26        LUT5 (Prop_lut5_I0_O)        0.105     7.316 f  u_eth/u_icmp/u_icmp_tx/data_cnt[15]_i_49/O
                         net (fo=11, routed)          0.154     7.470    u_eth/u_icmp/u_icmp_tx/data_cnt[15]_i_49_n_0
    SLICE_X100Y26        LUT2 (Prop_lut2_I1_O)        0.105     7.575 r  u_eth/u_icmp/u_icmp_tx/data_cnt[15]_i_62/O
                         net (fo=1, routed)           0.493     8.068    u_eth/u_icmp/u_icmp_tx/real_tx_data_num[0]
    SLICE_X96Y25         CARRY4 (Prop_carry4_CYINIT_CO[3])
                                                      0.494     8.562 r  u_eth/u_icmp/u_icmp_tx/data_cnt_reg[15]_i_47/CO[3]
                         net (fo=1, routed)           0.000     8.562    u_eth/u_icmp/u_icmp_tx/data_cnt_reg[15]_i_47_n_0
    SLICE_X96Y26         CARRY4 (Prop_carry4_CI_CO[3])
                                                      0.100     8.662 r  u_eth/u_icmp/u_icmp_tx/data_cnt_reg[15]_i_37/CO[3]
                         net (fo=1, routed)           0.000     8.662    u_eth/u_icmp/u_icmp_tx/data_cnt_reg[15]_i_37_n_0
    SLICE_X96Y27         CARRY4 (Prop_carry4_CI_CO[3])
                                                      0.100     8.762 r  u_eth/u_icmp/u_icmp_tx/data_cnt_reg[15]_i_35/CO[3]
                         net (fo=1, routed)           0.000     8.762    u_eth/u_icmp/u_icmp_tx/data_cnt_reg[15]_i_35_n_0
    SLICE_X96Y28         CARRY4 (Prop_carry4_CI_O[1])
                                                      0.257     9.019 f  u_eth/u_icmp/u_icmp_tx/data_cnt_reg[15]_i_33/O[1]
                         net (fo=4, routed)           0.656     9.675    u_eth/u_icmp/u_icmp_tx/data_cnt_reg[15]_i_33_n_6
    SLICE_X99Y26         LUT2 (Prop_lut2_I0_O)        0.245     9.920 r  u_eth/u_icmp/u_icmp_tx/data_cnt[15]_i_21/O
                         net (fo=1, routed)           0.000     9.920    u_eth/u_icmp/u_icmp_tx/data_cnt[15]_i_21_n_0
    SLICE_X99Y26         CARRY4 (Prop_carry4_S[3]_CO[3])
                                                      0.332    10.252 r  u_eth/u_icmp/u_icmp_tx/data_cnt_reg[15]_i_5/CO[3]
                         net (fo=3, routed)           1.129    11.381    u_eth/u_icmp/u_icmp_tx/data_cnt_reg[15]_i_5_n_0
    SLICE_X101Y25        LUT3 (Prop_lut3_I0_O)        0.126    11.507 r  u_eth/u_icmp/u_icmp_tx/real_add_cnt[4]_i_8/O
                         net (fo=5, routed)           0.772    12.278    u_eth/u_icmp/u_icmp_tx/real_add_cnt[4]_i_8_n_0
    SLICE_X101Y25        LUT4 (Prop_lut4_I0_O)        0.267    12.545 r  u_eth/u_icmp/u_icmp_tx/real_add_cnt[2]_i_1/O
                         net (fo=1, routed)           0.000    12.545    u_eth/u_icmp/u_icmp_tx/real_add_cnt[2]_i_1_n_0
    SLICE_X101Y25        FDCE                                         r  u_eth/u_icmp/u_icmp_tx/real_add_cnt_reg[2]/D
  -------------------------------------------------------------------    -------------------

                         (clock eth_rxc rise edge)    8.000     8.000 r  
    Y19                                               0.000     8.000 r  eth_rxc (IN)
                         net (fo=0)                   0.000     8.000    eth_rxc
    Y19                  IBUF (Prop_ibuf_I_O)         1.364     9.364 r  eth_rxc_IBUF_inst/O
                         net (fo=1, routed)           1.701    11.065    u_eth/u_rgmii/u_rgmii_rx/rgmii_rxc
    BUFGCTRL_X0Y1        BUFG (Prop_bufg_I_O)         0.077    11.142 r  u_eth/u_rgmii/u_rgmii_rx/BUFG_inst/O
                         net (fo=2477, routed)        1.349    12.491    u_eth/u_icmp/u_icmp_tx/gmii_rx_clk
    SLICE_X101Y25        FDCE                                         r  u_eth/u_icmp/u_icmp_tx/real_add_cnt_reg[2]/C
                         clock pessimism              0.342    12.833    
                         clock uncertainty           -0.035    12.797    
    SLICE_X101Y25        FDCE (Setup_fdce_C_D)        0.032    12.829    u_eth/u_icmp/u_icmp_tx/real_add_cnt_reg[2]
  -------------------------------------------------------------------
                         required time                         12.829    
                         arrival time                         -12.545    
  -------------------------------------------------------------------
                         slack                                  0.284    





Min Delay Paths
--------------------------------------------------------------------------------------
Slack (MET) :             0.051ns  (arrival time - required time)
  Source:                 u_eth/u_cdc/wgray_reg[7]/C
                            (rising edge-triggered cell FDCE clocked by eth_rxc  {rise@0.000ns fall@4.000ns period=8.000ns})
  Destination:            u_eth/u_lm/full_d_reg/D
                            (rising edge-triggered cell FDCE clocked by eth_rxc  {rise@0.000ns fall@4.000ns period=8.000ns})
  Path Group:             eth_rxc
  Path Type:              Hold (Min at Fast Process Corner)
  Requirement:            0.000ns  (eth_rxc rise@0.000ns - eth_rxc rise@0.000ns)
  Data Path Delay:        0.972ns  (logic 0.400ns (41.159%)  route 0.572ns (58.841%))
  Logic Levels:           3  (CARRY4=2 LUT6=1)
  Clock Path Skew:        0.030ns (DCD - SCD - CPR)
    Destination Clock Delay (DCD):    2.058ns
    Source Clock Delay      (SCD):    1.547ns
    Clock Pessimism Removal (CPR):    0.481ns
  Clock Uncertainty:      0.800ns  ((TSJ^2 + TIJ^2)^1/2 + DJ) / 2 + PE + UU
    Total System Jitter     (TSJ):    0.000ns
    Total Input Jitter      (TIJ):    0.000ns
    Discrete Jitter          (DJ):    0.000ns
    Phase Error              (PE):    0.000ns
    User Uncertainty         (UU):    0.800ns

    Location             Delay type                Incr(ns)  Path(ns)    Netlist Resource(s)
  -------------------------------------------------------------------    -------------------
                         (clock eth_rxc rise edge)    0.000     0.000 r  
    Y19                                               0.000     0.000 r  eth_rxc (IN)
                         net (fo=0)                   0.000     0.000    eth_rxc
    Y19                  IBUF (Prop_ibuf_I_O)         0.266     0.266 r  eth_rxc_IBUF_inst/O
                         net (fo=1, routed)           0.674     0.940    u_eth/u_rgmii/u_rgmii_rx/rgmii_rxc
    BUFGCTRL_X0Y1        BUFG (Prop_bufg_I_O)         0.026     0.966 r  u_eth/u_rgmii/u_rgmii_rx/BUFG_inst/O
                         net (fo=2477, routed)        0.581     1.547    u_eth/u_cdc/gmii_rx_clk
    SLICE_X22Y26         FDCE                                         r  u_eth/u_cdc/wgray_reg[7]/C
  -------------------------------------------------------------------    -------------------
    SLICE_X22Y26         FDCE (Prop_fdce_C_Q)         0.164     1.711 r  u_eth/u_cdc/wgray_reg[7]/Q
                         net (fo=2, routed)           0.572     2.283    u_eth/u_cdc/wgray[7]
    SLICE_X25Y26         LUT6 (Prop_lut6_I5_O)        0.045     2.328 r  u_eth/u_cdc/full_d_i_5/O
                         net (fo=1, routed)           0.000     2.328    u_eth/u_cdc/full_d_i_5_n_0
    SLICE_X25Y26         CARRY4 (Prop_carry4_S[2]_CO[3])
                                                      0.115     2.443 r  u_eth/u_cdc/full_d_reg_i_2/CO[3]
                         net (fo=1, routed)           0.000     2.443    u_eth/u_cdc/full_d_reg_i_2_n_0
    SLICE_X25Y27         CARRY4 (Prop_carry4_CI_CO[0])
                                                      0.076     2.519 r  u_eth/u_cdc/full_d_reg_i_1/CO[0]
                         net (fo=6, routed)           0.000     2.519    u_eth/u_lm/wr_full
    SLICE_X25Y27         FDCE                                         r  u_eth/u_lm/full_d_reg/D
  -------------------------------------------------------------------    -------------------

                         (clock eth_rxc rise edge)    0.000     0.000 r  
    Y19                                               0.000     0.000 r  eth_rxc (IN)
                         net (fo=0)                   0.000     0.000    eth_rxc
    Y19                  IBUF (Prop_ibuf_I_O)         0.454     0.454 r  eth_rxc_IBUF_inst/O
                         net (fo=1, routed)           0.731     1.185    u_eth/u_rgmii/u_rgmii_rx/rgmii_rxc
    BUFGCTRL_X0Y1        BUFG (Prop_bufg_I_O)         0.029     1.214 r  u_eth/u_rgmii/u_rgmii_rx/BUFG_inst/O
                         net (fo=2477, routed)        0.844     2.058    u_eth/u_lm/gmii_rx_clk
    SLICE_X25Y27         FDCE                                         r  u_eth/u_lm/full_d_reg/C
                         clock pessimism             -0.481     1.577    
                         clock uncertainty            0.800     2.377    
    SLICE_X25Y27         FDCE (Hold_fdce_C_D)         0.091     2.468    u_eth/u_lm/full_d_reg
  -------------------------------------------------------------------
                         required time                         -2.468    
                         arrival time                           2.519    
  -------------------------------------------------------------------
                         slack                                  0.051    





Pulse Width Checks
--------------------------------------------------------------------------------------
Clock Name:         eth_rxc
Waveform(ns):       { 0.000 4.000 }
Period(ns):         8.000
Sources:            { eth_rxc }

Check Type        Corner  Lib Pin             Reference Pin  Required(ns)  Actual(ns)  Slack(ns)  Location      Pin
Min Period        n/a     RAMB18E1/CLKARDCLK  n/a            2.472         8.000       5.528      RAMB18_X5Y8   u_eth/u_icmp_fifo/mem_reg/CLKARDCLK
Low Pulse Width   Slow    FDCE/C              n/a            0.500         4.000       3.500      SLICE_X29Y34  u_eth/flush_pend_reg/C
High Pulse Width  Slow    FDCE/C              n/a            0.500         4.000       3.500      SLICE_X29Y34  u_eth/flush_pend_reg/C



---------------------------------------------------------------------------------------------------
From Clock:  sys_clk
  To Clock:  sys_clk

Setup :            0  Failing Endpoints,  Worst Slack       15.198ns,  Total Violation        0.000ns
Hold  :            0  Failing Endpoints,  Worst Slack        0.210ns,  Total Violation        0.000ns
PW    :            0  Failing Endpoints,  Worst Slack        7.000ns,  Total Violation        0.000ns
---------------------------------------------------------------------------------------------------


Max Delay Paths
--------------------------------------------------------------------------------------
Slack (MET) :             15.198ns  (required time - arrival time)
  Source:                 u_pl/u_ang/angle_reg[1]/C
                            (rising edge-triggered cell FDRE clocked by sys_clk  {rise@0.000ns fall@10.000ns period=20.000ns})
  Destination:            u_pl/u_ang/angle_reg[5]/D
                            (rising edge-triggered cell FDRE clocked by sys_clk  {rise@0.000ns fall@10.000ns period=20.000ns})
  Path Group:             sys_clk
  Path Type:              Setup (Max at Slow Process Corner)
  Requirement:            20.000ns  (sys_clk rise@20.000ns - sys_clk rise@0.000ns)
  Data Path Delay:        4.674ns  (logic 1.650ns (35.299%)  route 3.024ns (64.701%))
  Logic Levels:           6  (CARRY4=2 LUT2=1 LUT6=3)
  Clock Path Skew:        -0.060ns (DCD - SCD + CPR)
    Destination Clock Delay (DCD):    4.422ns = ( 24.422 - 20.000 ) 
    Source Clock Delay      (SCD):    4.824ns
    Clock Pessimism Removal (CPR):    0.342ns
  Clock Uncertainty:      0.035ns  ((TSJ^2 + TIJ^2)^1/2 + DJ) / 2 + PE
    Total System Jitter     (TSJ):    0.071ns
    Total Input Jitter      (TIJ):    0.000ns
    Discrete Jitter          (DJ):    0.000ns
    Phase Error              (PE):    0.000ns

    Location             Delay type                Incr(ns)  Path(ns)    Netlist Resource(s)
  -------------------------------------------------------------------    -------------------
                         (clock sys_clk rise edge)    0.000     0.000 r  
    W17                                               0.000     0.000 r  sys_clk (IN)
                         net (fo=0)                   0.000     0.000    sys_clk
    W17                  IBUF (Prop_ibuf_I_O)         1.415     1.415 r  sys_clk_IBUF_inst/O
                         net (fo=1, routed)           1.873     3.288    sys_clk_IBUF
    BUFGCTRL_X0Y4        BUFG (Prop_bufg_I_O)         0.085     3.373 r  sys_clk_IBUF_BUFG_inst/O
                         net (fo=140, routed)         1.451     4.824    u_pl/u_ang/sys_clk_IBUF_BUFG
    SLICE_X81Y91         FDRE                                         r  u_pl/u_ang/angle_reg[1]/C
  -------------------------------------------------------------------    -------------------
    SLICE_X81Y91         FDRE (Prop_fdre_C_Q)         0.379     5.203 r  u_pl/u_ang/angle_reg[1]/Q
                         net (fo=196, routed)         0.997     6.200    u_pl/u_ang/angle_reg_n_0_[1]
    SLICE_X82Y91         LUT2 (Prop_lut2_I0_O)        0.105     6.305 r  u_pl/u_ang/angle[3]_i_7/O
                         net (fo=1, routed)           0.000     6.305    u_pl/u_ang/angle[3]_i_7_n_0
    SLICE_X82Y91         CARRY4 (Prop_carry4_S[1]_CO[3])
                                                      0.444     6.749 r  u_pl/u_ang/angle_reg[3]_i_2/CO[3]
                         net (fo=1, routed)           0.000     6.749    u_pl/u_ang/angle_reg[3]_i_2_n_0
    SLICE_X82Y92         CARRY4 (Prop_carry4_CI_O[3])
                                                      0.262     7.011 r  u_pl/u_ang/angle_reg[7]_i_4/O[3]
                         net (fo=3, routed)           0.801     7.813    u_pl/u_ang/angle_reg[7]_i_4_n_4
    SLICE_X83Y93         LUT6 (Prop_lut6_I5_O)        0.250     8.063 r  u_pl/u_ang/angle[3]_i_3/O
                         net (fo=4, routed)           0.366     8.429    u_pl/u_ang/angle[3]_i_3_n_0
    SLICE_X83Y93         LUT6 (Prop_lut6_I3_O)        0.105     8.534 r  u_pl/u_ang/angle[5]_i_2/O
                         net (fo=1, routed)           0.573     9.107    u_pl/u_ang/angle[5]_i_2_n_0
    SLICE_X83Y91         LUT6 (Prop_lut6_I4_O)        0.105     9.212 r  u_pl/u_ang/angle[5]_i_1/O
                         net (fo=1, routed)           0.286     9.499    u_pl/u_ang/p_1_in__0[5]
    SLICE_X83Y91         FDRE                                         r  u_pl/u_ang/angle_reg[5]/D
  -------------------------------------------------------------------    -------------------

                         (clock sys_clk rise edge)   20.000    20.000 r  
    W17                                               0.000    20.000 r  sys_clk (IN)
                         net (fo=0)                   0.000    20.000    sys_clk
    W17                  IBUF (Prop_ibuf_I_O)         1.349    21.349 r  sys_clk_IBUF_inst/O
                         net (fo=1, routed)           1.701    23.050    sys_clk_IBUF
    BUFGCTRL_X0Y4        BUFG (Prop_bufg_I_O)         0.077    23.127 r  sys_clk_IBUF_BUFG_inst/O
                         net (fo=140, routed)         1.295    24.422    u_pl/u_ang/sys_clk_IBUF_BUFG
    SLICE_X83Y91         FDRE                                         r  u_pl/u_ang/angle_reg[5]/C
                         clock pessimism              0.342    24.764    
                         clock uncertainty           -0.035    24.729    
    SLICE_X83Y91         FDRE (Setup_fdre_C_D)       -0.032    24.697    u_pl/u_ang/angle_reg[5]
  -------------------------------------------------------------------
                         required time                         24.697    
                         arrival time                          -9.499    
  -------------------------------------------------------------------
                         slack                                 15.198    





Min Delay Paths
--------------------------------------------------------------------------------------
Slack (MET) :             0.210ns  (arrival time - required time)
  Source:                 u_pl/u_k2/key_prev_reg/C
                            (rising edge-triggered cell FDRE clocked by sys_clk  {rise@0.000ns fall@10.000ns period=20.000ns})
  Destination:            u_pl/u_k2/pulse_reg/D
                            (rising edge-triggered cell FDRE clocked by sys_clk  {rise@0.000ns fall@10.000ns period=20.000ns})
  Path Group:             sys_clk
  Path Type:              Hold (Min at Fast Process Corner)
  Requirement:            0.000ns  (sys_clk rise@0.000ns - sys_clk rise@0.000ns)
  Data Path Delay:        0.330ns  (logic 0.192ns (58.180%)  route 0.138ns (41.820%))
  Logic Levels:           1  (LUT2=1)
  Clock Path Skew:        0.013ns (DCD - SCD - CPR)
    Destination Clock Delay (DCD):    2.048ns
    Source Clock Delay      (SCD):    1.531ns
    Clock Pessimism Removal (CPR):    0.504ns

    Location             Delay type                Incr(ns)  Path(ns)    Netlist Resource(s)
  -------------------------------------------------------------------    -------------------
                         (clock sys_clk rise edge)    0.000     0.000 r  
    W17                                               0.000     0.000 r  sys_clk (IN)
                         net (fo=0)                   0.000     0.000    sys_clk
    W17                  IBUF (Prop_ibuf_I_O)         0.252     0.252 r  sys_clk_IBUF_inst/O
                         net (fo=1, routed)           0.674     0.926    sys_clk_IBUF
    BUFGCTRL_X0Y4        BUFG (Prop_bufg_I_O)         0.026     0.952 r  sys_clk_IBUF_BUFG_inst/O
                         net (fo=140, routed)         0.579     1.531    u_pl/u_k2/sys_clk_IBUF_BUFG
    SLICE_X64Y89         FDRE                                         r  u_pl/u_k2/key_prev_reg/C
  -------------------------------------------------------------------    -------------------
    SLICE_X64Y89         FDRE (Prop_fdre_C_Q)         0.141     1.672 r  u_pl/u_k2/key_prev_reg/Q
                         net (fo=1, routed)           0.138     1.810    u_pl/u_k2/key_prev
    SLICE_X65Y89         LUT2 (Prop_lut2_I0_O)        0.051     1.861 r  u_pl/u_k2/pulse_i_1/O
                         net (fo=1, routed)           0.000     1.861    u_pl/u_k2/pulse0
    SLICE_X65Y89         FDRE                                         r  u_pl/u_k2/pulse_reg/D
  -------------------------------------------------------------------    -------------------

                         (clock sys_clk rise edge)    0.000     0.000 r  
    W17                                               0.000     0.000 r  sys_clk (IN)
                         net (fo=0)                   0.000     0.000    sys_clk
    W17                  IBUF (Prop_ibuf_I_O)         0.440     0.440 r  sys_clk_IBUF_inst/O
                         net (fo=1, routed)           0.731     1.171    sys_clk_IBUF
    BUFGCTRL_X0Y4        BUFG (Prop_bufg_I_O)         0.029     1.200 r  sys_clk_IBUF_BUFG_inst/O
                         net (fo=140, routed)         0.848     2.048    u_pl/u_k2/sys_clk_IBUF_BUFG
    SLICE_X65Y89         FDRE                                         r  u_pl/u_k2/pulse_reg/C
                         clock pessimism             -0.504     1.544    
    SLICE_X65Y89         FDRE (Hold_fdre_C_D)         0.107     1.651    u_pl/u_k2/pulse_reg
  -------------------------------------------------------------------
                         required time                         -1.651    
                         arrival time                           1.861    
  -------------------------------------------------------------------
                         slack                                  0.210    





Pulse Width Checks
--------------------------------------------------------------------------------------
Clock Name:         sys_clk
Waveform(ns):       { 0.000 10.000 }
Period(ns):         20.000
Sources:            { sys_clk }

Check Type        Corner  Lib Pin            Reference Pin  Required(ns)  Actual(ns)  Slack(ns)  Location         Pin
Min Period        n/a     BUFG/I             n/a            1.592         20.000      18.408     BUFGCTRL_X0Y4    sys_clk_IBUF_BUFG_inst/I
Max Period        n/a     MMCME2_ADV/CLKIN1  n/a            100.000       20.000      80.000     MMCME2_ADV_X0Y0  u_idelay_clkgen/u_mmcm/CLKIN1
Low Pulse Width   Slow    MMCME2_ADV/CLKIN1  n/a            3.000         10.000      7.000      MMCME2_ADV_X0Y0  u_idelay_clkgen/u_mmcm/CLKIN1
High Pulse Width  Slow    MMCME2_ADV/CLKIN1  n/a            3.000         10.000      7.000      MMCME2_ADV_X0Y0  u_idelay_clkgen/u_mmcm/CLKIN1



---------------------------------------------------------------------------------------------------
From Clock:  clkfbout
  To Clock:  clkfbout

Setup :           NA  Failing Endpoints,  Worst Slack           NA  ,  Total Violation           NA
Hold  :           NA  Failing Endpoints,  Worst Slack           NA  ,  Total Violation           NA
PW    :            0  Failing Endpoints,  Worst Slack       18.408ns,  Total Violation        0.000ns
---------------------------------------------------------------------------------------------------


Pulse Width Checks
--------------------------------------------------------------------------------------
Clock Name:         clkfbout
Waveform(ns):       { 0.000 10.000 }
Period(ns):         20.000
Sources:            { u_idelay_clkgen/u_mmcm/CLKFBOUT }

Check Type  Corner  Lib Pin             Reference Pin  Required(ns)  Actual(ns)  Slack(ns)  Location         Pin
Min Period  n/a     BUFG/I              n/a            1.592         20.000      18.408     BUFGCTRL_X0Y5    u_idelay_clkgen/u_bufg_fb/I
Max Period  n/a     MMCME2_ADV/CLKFBIN  n/a            100.000       20.000      80.000     MMCME2_ADV_X0Y0  u_idelay_clkgen/u_mmcm/CLKFBIN



---------------------------------------------------------------------------------------------------
From Clock:  clkfbout_1
  To Clock:  clkfbout_1

Setup :           NA  Failing Endpoints,  Worst Slack           NA  ,  Total Violation           NA
Hold  :           NA  Failing Endpoints,  Worst Slack           NA  ,  Total Violation           NA
PW    :            0  Failing Endpoints,  Worst Slack       18.408ns,  Total Violation        0.000ns
---------------------------------------------------------------------------------------------------


Pulse Width Checks
--------------------------------------------------------------------------------------
Clock Name:         clkfbout_1
Waveform(ns):       { 0.000 10.000 }
Period(ns):         20.000
Sources:            { u_pl/u_clk/u_mmcm/CLKFBOUT }

Check Type  Corner  Lib Pin             Reference Pin  Required(ns)  Actual(ns)  Slack(ns)  Location         Pin
Min Period  n/a     BUFG/I              n/a            1.592         20.000      18.408     BUFGCTRL_X0Y6    u_pl/u_clk/u_bufg_fb/I
Max Period  n/a     MMCME2_ADV/CLKFBIN  n/a            100.000       20.000      80.000     MMCME2_ADV_X1Y0  u_pl/u_clk/u_mmcm/CLKFBIN



---------------------------------------------------------------------------------------------------
From Clock:  clkout0_1
  To Clock:  clkout0_1

Setup :            0  Failing Endpoints,  Worst Slack        1.317ns,  Total Violation        0.000ns
Hold  :            0  Failing Endpoints,  Worst Slack        0.064ns,  Total Violation        0.000ns
PW    :            0  Failing Endpoints,  Worst Slack        8.870ns,  Total Violation        0.000ns
---------------------------------------------------------------------------------------------------


Max Delay Paths
--------------------------------------------------------------------------------------
Slack (MET) :             1.317ns  (required time - arrival time)
  Source:                 u_pl/u_split_ctrl/prod/CLK
                            (rising edge-triggered cell DSP48E1 clocked by clkout0_1  {rise@0.000ns fall@10.000ns period=20.000ns})
  Destination:            u_pl/u_osd/b_reg[2]/D
                            (rising edge-triggered cell FDCE clocked by clkout0_1  {rise@0.000ns fall@10.000ns period=20.000ns})
  Path Group:             clkout0_1
  Path Type:              Setup (Max at Slow Process Corner)
  Requirement:            20.000ns  (clkout0_1 rise@20.000ns - clkout0_1 rise@0.000ns)
  Data Path Delay:        18.537ns  (logic 3.948ns (21.298%)  route 14.589ns (78.702%))
  Logic Levels:           23  (CARRY4=2 LUT2=2 LUT3=1 LUT4=1 LUT5=5 LUT6=11 MUXF7=1)
  Clock Path Skew:        -0.124ns (DCD - SCD + CPR)
    Destination Clock Delay (DCD):    4.477ns = ( 24.477 - 20.000 ) 
    Source Clock Delay      (SCD):    4.847ns
    Clock Pessimism Removal (CPR):    0.246ns
  Clock Uncertainty:      0.094ns  ((TSJ^2 + DJ^2)^1/2) / 2 + PE
    Total System Jitter     (TSJ):    0.071ns
    Discrete Jitter          (DJ):    0.175ns
    Phase Error              (PE):    0.000ns

    Location             Delay type                Incr(ns)  Path(ns)    Netlist Resource(s)
  -------------------------------------------------------------------    -------------------
                         (clock clkout0_1 rise edge)
                                                      0.000     0.000 r  
    W17                                               0.000     0.000 r  sys_clk (IN)
                         net (fo=0)                   0.000     0.000    sys_clk
    W17                  IBUF (Prop_ibuf_I_O)         1.415     1.415 r  sys_clk_IBUF_inst/O
                         net (fo=1, routed)           1.873     3.288    sys_clk_IBUF
    BUFGCTRL_X0Y4        BUFG (Prop_bufg_I_O)         0.085     3.373 r  sys_clk_IBUF_BUFG_inst/O
                         net (fo=140, routed)         1.550     4.923    u_pl/u_clk/sys_clk_IBUF_BUFG
    MMCME2_ADV_X1Y0      MMCME2_ADV (Prop_mmcme2_adv_CLKIN1_CLKOUT0)
                                                     -3.232     1.691 r  u_pl/u_clk/u_mmcm/CLKOUT0
                         net (fo=1, routed)           1.597     3.288    u_pl/u_clk/clkout0
    BUFGCTRL_X0Y0        BUFG (Prop_bufg_I_O)         0.085     3.373 r  u_pl/u_clk/u_bufg_pix/O
                         net (fo=5521, routed)        1.474     4.847    u_pl/u_split_ctrl/clk_pix
    DSP48_X2Y36          DSP48E1                                      r  u_pl/u_split_ctrl/prod/CLK
  -------------------------------------------------------------------    -------------------
    DSP48_X2Y36          DSP48E1 (Prop_dsp48e1_CLK_P[21])
                                                      0.370     5.217 f  u_pl/u_split_ctrl/prod/P[21]
                         net (fo=1, routed)           1.170     6.387    u_pl/u_split_ctrl/prod__0[21]
    SLICE_X51Y99         LUT2 (Prop_lut2_I0_O)        0.105     6.492 r  u_pl/u_split_ctrl/g0_b0_i_276/O
                         net (fo=82, routed)          1.034     7.526    u_pl/u_split_ctrl/g0_b0_i_515_n_0
    SLICE_X53Y101        LUT5 (Prop_lut5_I2_O)        0.119     7.645 r  u_pl/u_split_ctrl/g0_b0_i_517/O
                         net (fo=1, routed)           0.344     7.989    u_pl/u_split_ctrl/g0_b0_i_517_n_0
    SLICE_X53Y101        LUT6 (Prop_lut6_I2_O)        0.267     8.256 f  u_pl/u_split_ctrl/g0_b0_i_278/O
                         net (fo=11, routed)          0.467     8.723    u_pl/u_split_ctrl/g0_b0_i_278_n_0
    SLICE_X53Y103        LUT4 (Prop_lut4_I2_O)        0.105     8.828 r  u_pl/u_split_ctrl/g0_b0_i_274/O
                         net (fo=33, routed)          0.934     9.762    u_pl/u_split_ctrl/g0_b0_i_224_0
    SLICE_X63Y106        LUT6 (Prop_lut6_I2_O)        0.105     9.867 f  u_pl/u_split_ctrl/g0_b0_i_425/O
                         net (fo=2, routed)           0.355    10.223    u_pl/u_split_ctrl/bus_q_reg[10]_rep_39
    SLICE_X63Y106        LUT5 (Prop_lut5_I0_O)        0.105    10.328 r  u_pl/u_split_ctrl/g0_b0_i_473/O
                         net (fo=4, routed)           0.359    10.686    u_pl/u_split_ctrl/bus_q_reg[10]_rep_17
    SLICE_X62Y104        LUT5 (Prop_lut5_I0_O)        0.105    10.791 r  u_pl/u_split_ctrl/g0_b0_i_475/O
                         net (fo=1, routed)           0.000    10.791    u_pl/u_split_ctrl/g0_b0_i_475_n_0
    SLICE_X62Y104        CARRY4 (Prop_carry4_S[3]_CO[3])
                                                      0.314    11.105 r  u_pl/u_split_ctrl/g0_b0_i_243/CO[3]
                         net (fo=1, routed)           0.000    11.105    u_pl/u_lat_x/g0_b0_i_552[0]
    SLICE_X62Y105        CARRY4 (Prop_carry4_CI_CO[1])
                                                      0.131    11.236 f  u_pl/u_lat_x/g0_b0_i_242/CO[1]
                         net (fo=19, routed)          0.750    11.987    u_pl/u_split_ctrl/g0_b0_i_320_0[0]
    SLICE_X62Y100        LUT6 (Prop_lut6_I4_O)        0.277    12.264 r  u_pl/u_split_ctrl/g0_b0_i_233/O
                         net (fo=3, routed)           0.508    12.772    u_pl/u_osd/g0_b0_i_387_0
    SLICE_X62Y99         LUT5 (Prop_lut5_I0_O)        0.106    12.878 f  u_pl/u_osd/g0_b0_i_627/O
                         net (fo=1, routed)           0.661    13.539    u_pl/u_osd/g0_b0_i_627_n_0
    SLICE_X62Y100        LUT5 (Prop_lut5_I1_O)        0.283    13.822 r  u_pl/u_osd/g0_b0_i_387/O
                         net (fo=1, routed)           0.378    14.199    u_pl/u_split_ctrl/g0_b0_i_54
    SLICE_X61Y102        LUT6 (Prop_lut6_I5_O)        0.105    14.304 r  u_pl/u_split_ctrl/g0_b0_i_153/O
                         net (fo=1, routed)           0.547    14.851    u_pl/u_osd/g0_b0_i_25_4
    SLICE_X60Y102        LUT6 (Prop_lut6_I4_O)        0.105    14.956 r  u_pl/u_osd/g0_b0_i_54/O
                         net (fo=1, routed)           0.631    15.587    u_pl/u_osd/g0_b0_i_54_n_0
    SLICE_X60Y97         LUT6 (Prop_lut6_I5_O)        0.105    15.692 r  u_pl/u_osd/g0_b0_i_25/O
                         net (fo=12, routed)          1.022    16.714    u_pl/u_osd/chars[1]
    SLICE_X59Y90         LUT6 (Prop_lut6_I1_O)        0.105    16.819 r  u_pl/u_osd/g0_b0_i_11/O
                         net (fo=1, routed)           0.527    17.347    u_pl/u_osd/g0_b0_i_11_n_0
    SLICE_X60Y90         LUT3 (Prop_lut3_I2_O)        0.124    17.471 r  u_pl/u_osd/g0_b0_i_2/O
                         net (fo=35, routed)          1.240    18.710    u_pl/glyph_idx[1]
    SLICE_X64Y86         LUT6 (Prop_lut6_I1_O)        0.267    18.977 f  u_pl/g0_b1__1/O
                         net (fo=1, routed)           0.000    18.977    u_pl/u_osd/r_reg[7]_i_14_0[1]
    SLICE_X64Y86         MUXF7 (Prop_muxf7_I0_O)      0.178    19.155 f  u_pl/u_osd/r_reg[7]_i_32/O
                         net (fo=1, routed)           0.461    19.616    u_pl/u_osd/r_reg[7]_i_32_n_0
    SLICE_X64Y85         LUT6 (Prop_lut6_I1_O)        0.252    19.868 f  u_pl/u_osd/r[7]_i_18/O
                         net (fo=1, routed)           0.441    20.309    u_pl/u_osd/r[7]_i_18_n_0
    SLICE_X67Y83         LUT6 (Prop_lut6_I0_O)        0.105    20.414 f  u_pl/u_osd/r[7]_i_7/O
                         net (fo=1, routed)           0.609    21.024    u_pl/u_osd/r[7]_i_7_n_0
    SLICE_X64Y83         LUT6 (Prop_lut6_I4_O)        0.105    21.129 f  u_pl/u_osd/r[7]_i_2/O
                         net (fo=19, routed)          2.150    23.279    u_pl/u_osd/r[7]_i_2_n_0
    SLICE_X104Y24        LUT2 (Prop_lut2_I1_O)        0.105    23.384 r  u_pl/u_osd/b[2]_i_1/O
                         net (fo=1, routed)           0.000    23.384    u_pl/u_osd/b[2]_i_1_n_0
    SLICE_X104Y24        FDCE                                         r  u_pl/u_osd/b_reg[2]/D
  -------------------------------------------------------------------    -------------------

                         (clock clkout0_1 rise edge)
                                                     20.000    20.000 r  
    W17                                               0.000    20.000 r  sys_clk (IN)
                         net (fo=0)                   0.000    20.000    sys_clk
    W17                  IBUF (Prop_ibuf_I_O)         1.349    21.349 r  sys_clk_IBUF_inst/O
                         net (fo=1, routed)           1.701    23.050    sys_clk_IBUF
    BUFGCTRL_X0Y4        BUFG (Prop_bufg_I_O)         0.077    23.127 r  sys_clk_IBUF_BUFG_inst/O
                         net (fo=140, routed)         1.384    24.511    u_pl/u_clk/sys_clk_IBUF_BUFG
    MMCME2_ADV_X1Y0      MMCME2_ADV (Prop_mmcme2_adv_CLKIN1_CLKOUT0)
                                                     -2.915    21.596 r  u_pl/u_clk/u_mmcm/CLKOUT0
                         net (fo=1, routed)           1.454    23.050    u_pl/u_clk/clkout0
    BUFGCTRL_X0Y0        BUFG (Prop_bufg_I_O)         0.077    23.127 r  u_pl/u_clk/u_bufg_pix/O
                         net (fo=5521, routed)        1.350    24.477    u_pl/u_osd/clk_pix
    SLICE_X104Y24        FDCE                                         r  u_pl/u_osd/b_reg[2]/C
                         clock pessimism              0.246    24.723    
                         clock uncertainty           -0.094    24.629    
    SLICE_X104Y24        FDCE (Setup_fdce_C_D)        0.072    24.701    u_pl/u_osd/b_reg[2]
  -------------------------------------------------------------------
                         required time                         24.701    
                         arrival time                         -23.384    
  -------------------------------------------------------------------
                         slack                                  1.317    





Min Delay Paths
--------------------------------------------------------------------------------------
Slack (MET) :             0.064ns  (arrival time - required time)
  Source:                 u_pl/u_pipe/xd_reg[12][2]/C
                            (rising edge-triggered cell FDCE clocked by clkout0_1  {rise@0.000ns fall@10.000ns period=20.000ns})
  Destination:            u_pl/u_morph/mc1_reg_576_639_3_5/RAMA/WADR2
                            (rising edge-triggered cell RAMD64E clocked by clkout0_1  {rise@0.000ns fall@10.000ns period=20.000ns})
  Path Group:             clkout0_1
  Path Type:              Hold (Min at Fast Process Corner)
  Requirement:            0.000ns  (clkout0_1 rise@0.000ns - clkout0_1 rise@0.000ns)
  Data Path Delay:        0.331ns  (logic 0.141ns (42.544%)  route 0.190ns (57.456%))
  Logic Levels:           0  
  Clock Path Skew:        0.013ns (DCD - SCD - CPR)
    Destination Clock Delay (DCD):    2.034ns
    Source Clock Delay      (SCD):    1.520ns
    Clock Pessimism Removal (CPR):    0.501ns

    Location             Delay type                Incr(ns)  Path(ns)    Netlist Resource(s)
  -------------------------------------------------------------------    -------------------
                         (clock clkout0_1 rise edge)
                                                      0.000     0.000 r  
    W17                                               0.000     0.000 r  sys_clk (IN)
                         net (fo=0)                   0.000     0.000    sys_clk
    W17                  IBUF (Prop_ibuf_I_O)         0.252     0.252 r  sys_clk_IBUF_inst/O
                         net (fo=1, routed)           0.674     0.926    sys_clk_IBUF
    BUFGCTRL_X0Y4        BUFG (Prop_bufg_I_O)         0.026     0.952 r  sys_clk_IBUF_BUFG_inst/O
                         net (fo=140, routed)         0.595     1.547    u_pl/u_clk/sys_clk_IBUF_BUFG
    MMCME2_ADV_X1Y0      MMCME2_ADV (Prop_mmcme2_adv_CLKIN1_CLKOUT0)
                                                     -1.150     0.397 r  u_pl/u_clk/u_mmcm/CLKOUT0
                         net (fo=1, routed)           0.529     0.926    u_pl/u_clk/clkout0
    BUFGCTRL_X0Y0        BUFG (Prop_bufg_I_O)         0.026     0.952 r  u_pl/u_clk/u_bufg_pix/O
                         net (fo=5521, routed)        0.568     1.520    u_pl/u_pipe/clk_pix
    SLICE_X65Y75         FDCE                                         r  u_pl/u_pipe/xd_reg[12][2]/C
  -------------------------------------------------------------------    -------------------
    SLICE_X65Y75         FDCE (Prop_fdce_C_Q)         0.141     1.661 r  u_pl/u_pipe/xd_reg[12][2]/Q
                         net (fo=548, routed)         0.190     1.851    u_pl/u_morph/mc1_reg_576_639_3_5/ADDRD2
    SLICE_X66Y75         RAMD64E                                      r  u_pl/u_morph/mc1_reg_576_639_3_5/RAMA/WADR2
  -------------------------------------------------------------------    -------------------

                         (clock clkout0_1 rise edge)
                                                      0.000     0.000 r  
    W17                                               0.000     0.000 r  sys_clk (IN)
                         net (fo=0)                   0.000     0.000    sys_clk
    W17                  IBUF (Prop_ibuf_I_O)         0.440     0.440 r  sys_clk_IBUF_inst/O
                         net (fo=1, routed)           0.731     1.171    sys_clk_IBUF
    BUFGCTRL_X0Y4        BUFG (Prop_bufg_I_O)         0.029     1.200 r  sys_clk_IBUF_BUFG_inst/O
                         net (fo=140, routed)         0.862     2.062    u_pl/u_clk/sys_clk_IBUF_BUFG
    MMCME2_ADV_X1Y0      MMCME2_ADV (Prop_mmcme2_adv_CLKIN1_CLKOUT0)
                                                     -1.467     0.595 r  u_pl/u_clk/u_mmcm/CLKOUT0
                         net (fo=1, routed)           0.576     1.171    u_pl/u_clk/clkout0
    BUFGCTRL_X0Y0        BUFG (Prop_bufg_I_O)         0.029     1.200 r  u_pl/u_clk/u_bufg_pix/O
                         net (fo=5521, routed)        0.834     2.034    u_pl/u_morph/mc1_reg_576_639_3_5/WCLK
    SLICE_X66Y75         RAMD64E                                      r  u_pl/u_morph/mc1_reg_576_639_3_5/RAMA/CLK
                         clock pessimism             -0.501     1.533    
    SLICE_X66Y75         RAMD64E (Hold_ramd64e_CLK_WADR2)
                                                      0.254     1.787    u_pl/u_morph/mc1_reg_576_639_3_5/RAMA
  -------------------------------------------------------------------
                         required time                         -1.787    
                         arrival time                           1.851    
  -------------------------------------------------------------------
                         slack                                  0.064    





Pulse Width Checks
--------------------------------------------------------------------------------------
Clock Name:         clkout0_1
Waveform(ns):       { 0.000 10.000 }
Period(ns):         20.000
Sources:            { u_pl/u_clk/u_mmcm/CLKOUT0 }

Check Type        Corner  Lib Pin             Reference Pin  Required(ns)  Actual(ns)  Slack(ns)  Location         Pin
Min Period        n/a     DSP48E1/CLK         n/a            3.272         20.000      16.728     DSP48_X3Y38      u_pl/u_zmap/yr_m_reg/CLK
Max Period        n/a     MMCME2_ADV/CLKOUT0  n/a            213.360       20.000      193.360    MMCME2_ADV_X1Y0  u_pl/u_clk/u_mmcm/CLKOUT0
Low Pulse Width   Slow    RAMD64E/CLK         n/a            1.130         10.000      8.870      SLICE_X98Y48     u_pl/u_blur/lb0_reg_0_63_0_2/RAMA/CLK
High Pulse Width  Slow    RAMD64E/CLK         n/a            1.130         10.000      8.870      SLICE_X98Y48     u_pl/u_blur/lb0_reg_0_63_0_2/RAMA/CLK



---------------------------------------------------------------------------------------------------
From Clock:  clkout1_1
  To Clock:  clkout1_1

Setup :           NA  Failing Endpoints,  Worst Slack           NA  ,  Total Violation           NA
Hold  :           NA  Failing Endpoints,  Worst Slack           NA  ,  Total Violation           NA
PW    :            0  Failing Endpoints,  Worst Slack        2.408ns,  Total Violation        0.000ns
---------------------------------------------------------------------------------------------------


Pulse Width Checks
--------------------------------------------------------------------------------------
Clock Name:         clkout1_1
Waveform(ns):       { 0.000 2.000 }
Period(ns):         4.000
Sources:            { u_pl/u_clk/u_mmcm/CLKOUT1 }

Check Type  Corner  Lib Pin             Reference Pin  Required(ns)  Actual(ns)  Slack(ns)  Location         Pin
Min Period  n/a     BUFG/I              n/a            1.592         4.000       2.408      BUFGCTRL_X0Y2    u_pl/u_clk/u_bufg_5x/I
Max Period  n/a     MMCME2_ADV/CLKOUT1  n/a            213.360       4.000       209.360    MMCME2_ADV_X1Y0  u_pl/u_clk/u_mmcm/CLKOUT1



---------------------------------------------------------------------------------------------------
From Clock:  clkout2
  To Clock:  clkout2

Setup :           NA  Failing Endpoints,  Worst Slack           NA  ,  Total Violation           NA
Hold  :           NA  Failing Endpoints,  Worst Slack           NA  ,  Total Violation           NA
PW    :            0  Failing Endpoints,  Worst Slack        0.264ns,  Total Violation        0.000ns
---------------------------------------------------------------------------------------------------


Pulse Width Checks
--------------------------------------------------------------------------------------
Clock Name:         clkout2
Waveform(ns):       { 0.000 2.500 }
Period(ns):         5.000
Sources:            { u_idelay_clkgen/u_mmcm/CLKOUT2 }

Check Type  Corner  Lib Pin            Reference Pin  Required(ns)  Actual(ns)  Slack(ns)  Location         Pin
Min Period  n/a     IDELAYCTRL/REFCLK  n/a            2.438         5.000       2.562      IDELAYCTRL_X1Y0  u_eth/u_rgmii/u_rgmii_rx/IDELAYCTRL_inst/REFCLK
Max Period  n/a     IDELAYCTRL/REFCLK  n/a            5.264         5.000       0.264      IDELAYCTRL_X1Y0  u_eth/u_rgmii/u_rgmii_rx/IDELAYCTRL_inst/REFCLK



---------------------------------------------------------------------------------------------------
From Clock:  clkout0_1
  To Clock:  sys_clk

Setup :            0  Failing Endpoints,  Worst Slack       14.522ns,  Total Violation        0.000ns
Hold  :            0  Failing Endpoints,  Worst Slack        0.554ns,  Total Violation        0.000ns
---------------------------------------------------------------------------------------------------


Max Delay Paths
--------------------------------------------------------------------------------------
Slack (MET) :             14.522ns  (required time - arrival time)
  Source:                 u_pl/u_split_x/bus_q_reg[15]/C
                            (rising edge-triggered cell FDCE clocked by clkout0_1  {rise@0.000ns fall@10.000ns period=20.000ns})
  Destination:            u_pl/u_ang/angle_reg[5]/D
                            (rising edge-triggered cell FDRE clocked by sys_clk  {rise@0.000ns fall@10.000ns period=20.000ns})
  Path Group:             sys_clk
  Path Type:              Setup (Max at Slow Process Corner)
  Requirement:            20.000ns  (sys_clk rise@20.000ns - clkout0_1 rise@0.000ns)
  Data Path Delay:        5.035ns  (logic 1.629ns (32.350%)  route 3.406ns (67.650%))
  Logic Levels:           6  (CARRY4=2 LUT2=1 LUT6=3)
  Clock Path Skew:        -0.151ns (DCD - SCD + CPR)
    Destination Clock Delay (DCD):    4.422ns = ( 24.422 - 20.000 ) 
    Source Clock Delay      (SCD):    4.819ns
    Clock Pessimism Removal (CPR):    0.246ns
  Clock Uncertainty:      0.259ns  ((TSJ^2 + DJ^2)^1/2) / 2 + PE
    Total System Jitter     (TSJ):    0.071ns
    Discrete Jitter          (DJ):    0.175ns
    Phase Error              (PE):    0.165ns

    Location             Delay type                Incr(ns)  Path(ns)    Netlist Resource(s)
  -------------------------------------------------------------------    -------------------
                         (clock clkout0_1 rise edge)
                                                      0.000     0.000 r  
    W17                                               0.000     0.000 r  sys_clk (IN)
                         net (fo=0)                   0.000     0.000    sys_clk
    W17                  IBUF (Prop_ibuf_I_O)         1.415     1.415 r  sys_clk_IBUF_inst/O
                         net (fo=1, routed)           1.873     3.288    sys_clk_IBUF
    BUFGCTRL_X0Y4        BUFG (Prop_bufg_I_O)         0.085     3.373 r  sys_clk_IBUF_BUFG_inst/O
                         net (fo=140, routed)         1.550     4.923    u_pl/u_clk/sys_clk_IBUF_BUFG
    MMCME2_ADV_X1Y0      MMCME2_ADV (Prop_mmcme2_adv_CLKIN1_CLKOUT0)
                                                     -3.232     1.691 r  u_pl/u_clk/u_mmcm/CLKOUT0
                         net (fo=1, routed)           1.597     3.288    u_pl/u_clk/clkout0
    BUFGCTRL_X0Y0        BUFG (Prop_bufg_I_O)         0.085     3.373 r  u_pl/u_clk/u_bufg_pix/O
                         net (fo=5521, routed)        1.446     4.819    u_pl/u_split_x/clk_pix
    SLICE_X65Y92         FDCE                                         r  u_pl/u_split_x/bus_q_reg[15]/C
  -------------------------------------------------------------------    -------------------
    SLICE_X65Y92         FDCE (Prop_fdce_C_Q)         0.379     5.198 r  u_pl/u_split_x/bus_q_reg[15]/Q
                         net (fo=2, routed)           1.379     6.577    u_pl/u_ang/bus_q[0]
    SLICE_X82Y91         LUT2 (Prop_lut2_I1_O)        0.105     6.682 r  u_pl/u_ang/angle[3]_i_8/O
                         net (fo=1, routed)           0.000     6.682    u_pl/u_ang/angle[3]_i_8_n_0
    SLICE_X82Y91         CARRY4 (Prop_carry4_S[0]_CO[3])
                                                      0.423     7.105 r  u_pl/u_ang/angle_reg[3]_i_2/CO[3]
                         net (fo=1, routed)           0.000     7.105    u_pl/u_ang/angle_reg[3]_i_2_n_0
    SLICE_X82Y92         CARRY4 (Prop_carry4_CI_O[3])
                                                      0.262     7.367 r  u_pl/u_ang/angle_reg[7]_i_4/O[3]
                         net (fo=3, routed)           0.801     8.169    u_pl/u_ang/angle_reg[7]_i_4_n_4
    SLICE_X83Y93         LUT6 (Prop_lut6_I5_O)        0.250     8.419 r  u_pl/u_ang/angle[3]_i_3/O
                         net (fo=4, routed)           0.366     8.785    u_pl/u_ang/angle[3]_i_3_n_0
    SLICE_X83Y93         LUT6 (Prop_lut6_I3_O)        0.105     8.890 r  u_pl/u_ang/angle[5]_i_2/O
                         net (fo=1, routed)           0.573     9.464    u_pl/u_ang/angle[5]_i_2_n_0
    SLICE_X83Y91         LUT6 (Prop_lut6_I4_O)        0.105     9.569 r  u_pl/u_ang/angle[5]_i_1/O
                         net (fo=1, routed)           0.286     9.855    u_pl/u_ang/p_1_in__0[5]
    SLICE_X83Y91         FDRE                                         r  u_pl/u_ang/angle_reg[5]/D
  -------------------------------------------------------------------    -------------------

                         (clock sys_clk rise edge)   20.000    20.000 r  
    W17                                               0.000    20.000 r  sys_clk (IN)
                         net (fo=0)                   0.000    20.000    sys_clk
    W17                  IBUF (Prop_ibuf_I_O)         1.349    21.349 r  sys_clk_IBUF_inst/O
                         net (fo=1, routed)           1.701    23.050    sys_clk_IBUF
    BUFGCTRL_X0Y4        BUFG (Prop_bufg_I_O)         0.077    23.127 r  sys_clk_IBUF_BUFG_inst/O
                         net (fo=140, routed)         1.295    24.422    u_pl/u_ang/sys_clk_IBUF_BUFG
    SLICE_X83Y91         FDRE                                         r  u_pl/u_ang/angle_reg[5]/C
                         clock pessimism              0.246    24.668    
                         clock uncertainty           -0.259    24.409    
    SLICE_X83Y91         FDRE (Setup_fdre_C_D)       -0.032    24.377    u_pl/u_ang/angle_reg[5]
  -------------------------------------------------------------------
                         required time                         24.377    
                         arrival time                          -9.855    
  -------------------------------------------------------------------
                         slack                                 14.522    





Min Delay Paths
--------------------------------------------------------------------------------------
Slack (MET) :             0.554ns  (arrival time - required time)
  Source:                 u_pl/u_split_x/bus_q_reg[17]/C
                            (rising edge-triggered cell FDCE clocked by clkout0_1  {rise@0.000ns fall@10.000ns period=20.000ns})
  Destination:            u_pl/u_ang/angle_reg[4]/D
                            (rising edge-triggered cell FDRE clocked by sys_clk  {rise@0.000ns fall@10.000ns period=20.000ns})
  Path Group:             sys_clk
  Path Type:              Hold (Min at Fast Process Corner)
  Requirement:            0.000ns  (sys_clk rise@0.000ns - clkout0_1 rise@0.000ns)
  Data Path Delay:        1.193ns  (logic 0.517ns (43.339%)  route 0.676ns (56.661%))
  Logic Levels:           5  (CARRY4=2 LUT2=1 LUT6=1 MUXF7=1)
  Clock Path Skew:        0.274ns (DCD - SCD - CPR)
    Destination Clock Delay (DCD):    2.054ns
    Source Clock Delay      (SCD):    1.532ns
    Clock Pessimism Removal (CPR):    0.248ns
  Clock Uncertainty:      0.259ns  ((TSJ^2 + DJ^2)^1/2) / 2 + PE
    Total System Jitter     (TSJ):    0.071ns
    Discrete Jitter          (DJ):    0.175ns
    Phase Error              (PE):    0.165ns

    Location             Delay type                Incr(ns)  Path(ns)    Netlist Resource(s)
  -------------------------------------------------------------------    -------------------
                         (clock clkout0_1 rise edge)
                                                      0.000     0.000 r  
    W17                                               0.000     0.000 r  sys_clk (IN)
                         net (fo=0)                   0.000     0.000    sys_clk
    W17                  IBUF (Prop_ibuf_I_O)         0.252     0.252 r  sys_clk_IBUF_inst/O
                         net (fo=1, routed)           0.674     0.926    sys_clk_IBUF
    BUFGCTRL_X0Y4        BUFG (Prop_bufg_I_O)         0.026     0.952 r  sys_clk_IBUF_BUFG_inst/O
                         net (fo=140, routed)         0.595     1.547    u_pl/u_clk/sys_clk_IBUF_BUFG
    MMCME2_ADV_X1Y0      MMCME2_ADV (Prop_mmcme2_adv_CLKIN1_CLKOUT0)
                                                     -1.150     0.397 r  u_pl/u_clk/u_mmcm/CLKOUT0
                         net (fo=1, routed)           0.529     0.926    u_pl/u_clk/clkout0
    BUFGCTRL_X0Y0        BUFG (Prop_bufg_I_O)         0.026     0.952 r  u_pl/u_clk/u_bufg_pix/O
                         net (fo=5521, routed)        0.580     1.532    u_pl/u_split_x/clk_pix
    SLICE_X65Y91         FDCE                                         r  u_pl/u_split_x/bus_q_reg[17]/C
  -------------------------------------------------------------------    -------------------
    SLICE_X65Y91         FDCE (Prop_fdce_C_Q)         0.141     1.673 r  u_pl/u_split_x/bus_q_reg[17]/Q
                         net (fo=2, routed)           0.511     2.183    u_pl/u_ang/bus_q[2]
    SLICE_X82Y91         LUT2 (Prop_lut2_I1_O)        0.045     2.228 r  u_pl/u_ang/angle[3]_i_6/O
                         net (fo=1, routed)           0.000     2.228    u_pl/u_ang/angle[3]_i_6_n_0
    SLICE_X82Y91         CARRY4 (Prop_carry4_S[2]_CO[3])
                                                      0.111     2.339 r  u_pl/u_ang/angle_reg[3]_i_2/CO[3]
                         net (fo=1, routed)           0.000     2.339    u_pl/u_ang/angle_reg[3]_i_2_n_0
    SLICE_X82Y92         CARRY4 (Prop_carry4_CI_O[0])
                                                      0.053     2.392 r  u_pl/u_ang/angle_reg[7]_i_4/O[0]
                         net (fo=6, routed)           0.165     2.558    u_pl/u_ang/angle_reg[7]_i_4_n_7
    SLICE_X83Y93         LUT6 (Prop_lut6_I2_O)        0.105     2.663 r  u_pl/u_ang/angle[4]_i_2/O
                         net (fo=1, routed)           0.000     2.663    u_pl/u_ang/angle[4]_i_2_n_0
    SLICE_X83Y93         MUXF7 (Prop_muxf7_I0_O)      0.062     2.725 r  u_pl/u_ang/angle_reg[4]_i_1/O
                         net (fo=1, routed)           0.000     2.725    u_pl/u_ang/p_1_in__0[4]
    SLICE_X83Y93         FDRE                                         r  u_pl/u_ang/angle_reg[4]/D
  -------------------------------------------------------------------    -------------------

                         (clock sys_clk rise edge)    0.000     0.000 r  
    W17                                               0.000     0.000 r  sys_clk (IN)
                         net (fo=0)                   0.000     0.000    sys_clk
    W17                  IBUF (Prop_ibuf_I_O)         0.440     0.440 r  sys_clk_IBUF_inst/O
                         net (fo=1, routed)           0.731     1.171    sys_clk_IBUF
    BUFGCTRL_X0Y4        BUFG (Prop_bufg_I_O)         0.029     1.200 r  sys_clk_IBUF_BUFG_inst/O
                         net (fo=140, routed)         0.854     2.054    u_pl/u_ang/sys_clk_IBUF_BUFG
    SLICE_X83Y93         FDRE                                         r  u_pl/u_ang/angle_reg[4]/C
                         clock pessimism             -0.248     1.806    
                         clock uncertainty            0.259     2.065    
    SLICE_X83Y93         FDRE (Hold_fdre_C_D)         0.105     2.170    u_pl/u_ang/angle_reg[4]
  -------------------------------------------------------------------
                         required time                         -2.170    
                         arrival time                           2.725    
  -------------------------------------------------------------------
                         slack                                  0.554    





---------------------------------------------------------------------------------------------------
From Clock:  sys_clk
  To Clock:  clkout0_1

Setup :            0  Failing Endpoints,  Worst Slack        2.739ns,  Total Violation        0.000ns
Hold  :            0  Failing Endpoints,  Worst Slack        0.255ns,  Total Violation        0.000ns
---------------------------------------------------------------------------------------------------


Max Delay Paths
--------------------------------------------------------------------------------------
Slack (MET) :             2.739ns  (required time - arrival time)
  Source:                 u_pl/u_ang/angle_reg[5]/C
                            (rising edge-triggered cell FDRE clocked by sys_clk  {rise@0.000ns fall@10.000ns period=20.000ns})
  Destination:            u_pl/u_osd/b_reg[2]/D
                            (rising edge-triggered cell FDCE clocked by clkout0_1  {rise@0.000ns fall@10.000ns period=20.000ns})
  Path Group:             clkout0_1
  Path Type:              Setup (Max at Slow Process Corner)
  Requirement:            20.000ns  (clkout0_1 rise@20.000ns - sys_clk rise@0.000ns)
  Data Path Delay:        16.973ns  (logic 4.688ns (27.621%)  route 12.285ns (72.379%))
  Logic Levels:           20  (CARRY4=3 LUT2=2 LUT3=2 LUT4=2 LUT5=1 LUT6=9 MUXF7=1)
  Clock Path Skew:        -0.101ns (DCD - SCD + CPR)
    Destination Clock Delay (DCD):    4.477ns = ( 24.477 - 20.000 ) 
    Source Clock Delay      (SCD):    4.824ns
    Clock Pessimism Removal (CPR):    0.246ns
  Clock Uncertainty:      0.259ns  ((TSJ^2 + DJ^2)^1/2) / 2 + PE
    Total System Jitter     (TSJ):    0.071ns
    Discrete Jitter          (DJ):    0.175ns
    Phase Error              (PE):    0.165ns

    Location             Delay type                Incr(ns)  Path(ns)    Netlist Resource(s)
  -------------------------------------------------------------------    -------------------
                         (clock sys_clk rise edge)    0.000     0.000 r  
    W17                                               0.000     0.000 r  sys_clk (IN)
                         net (fo=0)                   0.000     0.000    sys_clk
    W17                  IBUF (Prop_ibuf_I_O)         1.415     1.415 r  sys_clk_IBUF_inst/O
                         net (fo=1, routed)           1.873     3.288    sys_clk_IBUF
    BUFGCTRL_X0Y4        BUFG (Prop_bufg_I_O)         0.085     3.373 r  sys_clk_IBUF_BUFG_inst/O
                         net (fo=140, routed)         1.451     4.824    u_pl/u_ang/sys_clk_IBUF_BUFG
    SLICE_X83Y91         FDRE                                         r  u_pl/u_ang/angle_reg[5]/C
  -------------------------------------------------------------------    -------------------
    SLICE_X83Y91         FDRE (Prop_fdre_C_Q)         0.348     5.172 r  u_pl/u_ang/angle_reg[5]/Q
                         net (fo=205, routed)         1.056     6.229    u_pl/u_ang/DI[0]
    SLICE_X63Y92         LUT2 (Prop_lut2_I0_O)        0.242     6.471 r  u_pl/u_ang/g0_b0_i_651/O
                         net (fo=1, routed)           0.000     6.471    u_pl/u_ang/g0_b0_i_651_n_0
    SLICE_X63Y92         CARRY4 (Prop_carry4_S[0]_CO[3])
                                                      0.440     6.911 r  u_pl/u_ang/g0_b0_i_417/CO[3]
                         net (fo=1, routed)           0.000     6.911    u_pl/u_ang/g0_b0_i_417_n_0
    SLICE_X63Y93         CARRY4 (Prop_carry4_CI_O[1])
                                                      0.265     7.176 r  u_pl/u_ang/g0_b0_i_180/O[1]
                         net (fo=17, routed)          0.726     7.901    u_pl/u_ang/g0_b0_i_180_n_6
    SLICE_X64Y93         LUT3 (Prop_lut3_I0_O)        0.269     8.170 r  u_pl/u_ang/g0_b0_i_412/O
                         net (fo=2, routed)           0.844     9.014    u_pl/u_ang/g0_b0_i_412_n_0
    SLICE_X64Y93         LUT5 (Prop_lut5_I0_O)        0.267     9.281 r  u_pl/u_ang/g0_b0_i_415/O
                         net (fo=1, routed)           0.000     9.281    u_pl/u_ang/g0_b0_i_415_n_0
    SLICE_X64Y93         CARRY4 (Prop_carry4_S[1]_CO[2])
                                                      0.475     9.756 r  u_pl/u_ang/g0_b0_i_179/CO[2]
                         net (fo=9, routed)           0.425    10.181    u_pl/u_ang/g0_b0_i_179_n_1
    SLICE_X65Y93         LUT4 (Prop_lut4_I0_O)        0.280    10.461 r  u_pl/u_ang/g0_b0_i_72/O
                         net (fo=46, routed)          0.443    10.904    u_pl/u_ang/angle_reg[8]_0
    SLICE_X61Y92         LUT6 (Prop_lut6_I5_O)        0.267    11.171 r  u_pl/u_ang/g0_b0_i_510/O
                         net (fo=9, routed)           0.701    11.871    u_pl/u_osd/g0_b0_i_122
    SLICE_X60Y93         LUT4 (Prop_lut4_I1_O)        0.115    11.986 r  u_pl/u_osd/g0_b0_i_314/O
                         net (fo=2, routed)           0.675    12.662    u_pl/u_ang/g0_b0_i_49
    SLICE_X63Y94         LUT6 (Prop_lut6_I3_O)        0.267    12.929 f  u_pl/u_ang/g0_b0_i_134/O
                         net (fo=1, routed)           0.460    13.389    u_pl/u_osd/g0_b0_i_24_1
    SLICE_X58Y94         LUT6 (Prop_lut6_I1_O)        0.105    13.494 r  u_pl/u_osd/g0_b0_i_49/O
                         net (fo=1, routed)           0.572    14.066    u_pl/u_osd/g0_b0_i_49_n_0
    SLICE_X58Y98         LUT6 (Prop_lut6_I4_O)        0.105    14.171 r  u_pl/u_osd/g0_b0_i_24/O
                         net (fo=11, routed)          1.000    15.171    u_pl/u_osd/chars[2]
    SLICE_X59Y90         LUT6 (Prop_lut6_I1_O)        0.105    15.276 r  u_pl/u_osd/g0_b0_i_10/O
                         net (fo=1, routed)           0.482    15.758    u_pl/u_osd/g0_b0_i_10_n_0
    SLICE_X60Y90         LUT3 (Prop_lut3_I0_O)        0.126    15.884 r  u_pl/u_osd/g0_b0_i_2/O
                         net (fo=35, routed)          1.240    17.123    u_pl/glyph_idx[1]
    SLICE_X64Y86         LUT6 (Prop_lut6_I1_O)        0.267    17.390 f  u_pl/g0_b1__1/O
                         net (fo=1, routed)           0.000    17.390    u_pl/u_osd/r_reg[7]_i_14_0[1]
    SLICE_X64Y86         MUXF7 (Prop_muxf7_I0_O)      0.178    17.568 f  u_pl/u_osd/r_reg[7]_i_32/O
                         net (fo=1, routed)           0.461    18.029    u_pl/u_osd/r_reg[7]_i_32_n_0
    SLICE_X64Y85         LUT6 (Prop_lut6_I1_O)        0.252    18.281 f  u_pl/u_osd/r[7]_i_18/O
                         net (fo=1, routed)           0.441    18.722    u_pl/u_osd/r[7]_i_18_n_0
    SLICE_X67Y83         LUT6 (Prop_lut6_I0_O)        0.105    18.827 f  u_pl/u_osd/r[7]_i_7/O
                         net (fo=1, routed)           0.609    19.436    u_pl/u_osd/r[7]_i_7_n_0
    SLICE_X64Y83         LUT6 (Prop_lut6_I4_O)        0.105    19.541 f  u_pl/u_osd/r[7]_i_2/O
                         net (fo=19, routed)          2.150    21.692    u_pl/u_osd/r[7]_i_2_n_0
    SLICE_X104Y24        LUT2 (Prop_lut2_I1_O)        0.105    21.797 r  u_pl/u_osd/b[2]_i_1/O
                         net (fo=1, routed)           0.000    21.797    u_pl/u_osd/b[2]_i_1_n_0
    SLICE_X104Y24        FDCE                                         r  u_pl/u_osd/b_reg[2]/D
  -------------------------------------------------------------------    -------------------

                         (clock clkout0_1 rise edge)
                                                     20.000    20.000 r  
    W17                                               0.000    20.000 r  sys_clk (IN)
                         net (fo=0)                   0.000    20.000    sys_clk
    W17                  IBUF (Prop_ibuf_I_O)         1.349    21.349 r  sys_clk_IBUF_inst/O
                         net (fo=1, routed)           1.701    23.050    sys_clk_IBUF
    BUFGCTRL_X0Y4        BUFG (Prop_bufg_I_O)         0.077    23.127 r  sys_clk_IBUF_BUFG_inst/O
                         net (fo=140, routed)         1.384    24.511    u_pl/u_clk/sys_clk_IBUF_BUFG
    MMCME2_ADV_X1Y0      MMCME2_ADV (Prop_mmcme2_adv_CLKIN1_CLKOUT0)
                                                     -2.915    21.596 r  u_pl/u_clk/u_mmcm/CLKOUT0
                         net (fo=1, routed)           1.454    23.050    u_pl/u_clk/clkout0
    BUFGCTRL_X0Y0        BUFG (Prop_bufg_I_O)         0.077    23.127 r  u_pl/u_clk/u_bufg_pix/O
                         net (fo=5521, routed)        1.350    24.477    u_pl/u_osd/clk_pix
    SLICE_X104Y24        FDCE                                         r  u_pl/u_osd/b_reg[2]/C
                         clock pessimism              0.246    24.723    
                         clock uncertainty           -0.259    24.464    
    SLICE_X104Y24        FDCE (Setup_fdce_C_D)        0.072    24.536    u_pl/u_osd/b_reg[2]
  -------------------------------------------------------------------
                         required time                         24.536    
                         arrival time                         -21.797    
  -------------------------------------------------------------------
                         slack                                  2.739    





Min Delay Paths
--------------------------------------------------------------------------------------
Slack (MET) :             0.255ns  (arrival time - required time)
  Source:                 u_pl/u_k1l/tog_reg/C
                            (rising edge-triggered cell FDRE clocked by sys_clk  {rise@0.000ns fall@10.000ns period=20.000ns})
  Destination:            u_pl/u_mode/lsync_reg[0]/D
                            (rising edge-triggered cell FDCE clocked by clkout0_1  {rise@0.000ns fall@10.000ns period=20.000ns})
  Path Group:             clkout0_1
  Path Type:              Hold (Min at Fast Process Corner)
  Requirement:            0.000ns  (clkout0_1 rise@0.000ns - sys_clk rise@0.000ns)
  Data Path Delay:        0.855ns  (logic 0.128ns (14.968%)  route 0.727ns (85.032%))
  Logic Levels:           0  
  Clock Path Skew:        0.349ns (DCD - SCD - CPR)
    Destination Clock Delay (DCD):    2.135ns
    Source Clock Delay      (SCD):    1.538ns
    Clock Pessimism Removal (CPR):    0.248ns
  Clock Uncertainty:      0.259ns  ((TSJ^2 + DJ^2)^1/2) / 2 + PE
    Total System Jitter     (TSJ):    0.071ns
    Discrete Jitter          (DJ):    0.175ns
    Phase Error              (PE):    0.165ns

    Location             Delay type                Incr(ns)  Path(ns)    Netlist Resource(s)
  -------------------------------------------------------------------    -------------------
                         (clock sys_clk rise edge)    0.000     0.000 r  
    W17                                               0.000     0.000 r  sys_clk (IN)
                         net (fo=0)                   0.000     0.000    sys_clk
    W17                  IBUF (Prop_ibuf_I_O)         0.252     0.252 r  sys_clk_IBUF_inst/O
                         net (fo=1, routed)           0.674     0.926    sys_clk_IBUF
    BUFGCTRL_X0Y4        BUFG (Prop_bufg_I_O)         0.026     0.952 r  sys_clk_IBUF_BUFG_inst/O
                         net (fo=140, routed)         0.586     1.538    u_pl/u_k1l/sys_clk_IBUF_BUFG
    SLICE_X80Y97         FDRE                                         r  u_pl/u_k1l/tog_reg/C
  -------------------------------------------------------------------    -------------------
    SLICE_X80Y97         FDRE (Prop_fdre_C_Q)         0.128     1.666 r  u_pl/u_k1l/tog_reg/Q
                         net (fo=3, routed)           0.727     2.393    u_pl/u_mode/D[0]
    SLICE_X67Y107        FDCE                                         r  u_pl/u_mode/lsync_reg[0]/D
  -------------------------------------------------------------------    -------------------

                         (clock clkout0_1 rise edge)
                                                      0.000     0.000 r  
    W17                                               0.000     0.000 r  sys_clk (IN)
                         net (fo=0)                   0.000     0.000    sys_clk
    W17                  IBUF (Prop_ibuf_I_O)         0.440     0.440 r  sys_clk_IBUF_inst/O
                         net (fo=1, routed)           0.731     1.171    sys_clk_IBUF
    BUFGCTRL_X0Y4        BUFG (Prop_bufg_I_O)         0.029     1.200 r  sys_clk_IBUF_BUFG_inst/O
                         net (fo=140, routed)         0.862     2.062    u_pl/u_clk/sys_clk_IBUF_BUFG
    MMCME2_ADV_X1Y0      MMCME2_ADV (Prop_mmcme2_adv_CLKIN1_CLKOUT0)
                                                     -1.467     0.595 r  u_pl/u_clk/u_mmcm/CLKOUT0
                         net (fo=1, routed)           0.576     1.171    u_pl/u_clk/clkout0
    BUFGCTRL_X0Y0        BUFG (Prop_bufg_I_O)         0.029     1.200 r  u_pl/u_clk/u_bufg_pix/O
                         net (fo=5521, routed)        0.935     2.135    u_pl/u_mode/clk_pix
    SLICE_X67Y107        FDCE                                         r  u_pl/u_mode/lsync_reg[0]/C
                         clock pessimism             -0.248     1.887    
                         clock uncertainty            0.259     2.146    
    SLICE_X67Y107        FDCE (Hold_fdce_C_D)        -0.008     2.138    u_pl/u_mode/lsync_reg[0]
  -------------------------------------------------------------------
                         required time                         -2.138    
                         arrival time                           2.393    
  -------------------------------------------------------------------
                         slack                                  0.255    





