Copyright 1986-2022 Xilinx, Inc. All Rights Reserved. Copyright 2022-2026 Advanced Micro Devices, Inc. All Rights Reserved.
---------------------------------------------------------------------------------------------------------------------------------------------
| Tool Version : Vivado v.2025.2.1 (win64) Build 6403652 Thu Mar 19 19:48:24 GMT 2026
| Date         : Fri Sep 25 07:12:26 2026
| Host         : Uie-laptop running 64-bit major release  (build 9200)
| Command      : report_timing_summary -file D:/Xilinx/Prj/pro/Video_Processing/build/timing_summary.rpt
| Design       : system_top
| Device       : 7z020-clg484
| Speed File   : -2  PRODUCTION 1.12 2019-11-22
| Design State : Physopt postRoute
---------------------------------------------------------------------------------------------------------------------------------------------

Timing Summary Report

------------------------------------------------------------------------------------------------
| Timer Settings
| --------------
------------------------------------------------------------------------------------------------

  Enable Multi Corner Analysis               :  Yes
  Enable Pessimism Removal                   :  Yes
  Pessimism Removal Resolution               :  Nearest Common Node
  Enable Input Delay Default Clock           :  No
  Enable Preset / Clear Arcs                 :  No
  Disable Flight Delays                      :  No
  Ignore I/O Paths                           :  No
  Timing Early Launch at Borrowing Latches   :  No
  Borrow Time for Max Delay Exceptions       :  Yes
  Merge Timing Exceptions                    :  Yes
  Inter-SLR Compensation                     :  Conservative

  Corner  Analyze    Analyze    
  Name    Max Paths  Min Paths  
  ------  ---------  ---------  
  Slow    Yes        Yes        
  Fast    Yes        Yes        


------------------------------------------------------------------------------------------------
| Report Methodology
| ------------------
------------------------------------------------------------------------------------------------

Rule       Severity  Description                                                Violations  
---------  --------  ---------------------------------------------------------  ----------  
DPIR-1     Warning   Asynchronous driver check                                  40          
LUTAR-1    Warning   LUT drives async reset alert                               1           
SYNTH-5    Warning   Mapped onto distributed RAM because of timing constraints  80          
SYNTH-6    Warning   Timing of a RAM block might be sub-optimal                 95          
TIMING-9   Warning   Unknown CDC Logic                                          1           
TIMING-10  Warning   Missing property on synchronizer                           1           
TIMING-18  Warning   Missing input or output delay                              7           

Note: This report is based on the most recent report_methodology run and may not be up-to-date. Run report_methodology on the current design for the latest report.



check_timing report

Table of Contents
-----------------
1. checking no_clock (0)
2. checking constant_clock (0)
3. checking pulse_width_clock (0)
4. checking unconstrained_internal_endpoints (0)
5. checking no_input_delay (7)
6. checking no_output_delay (12)
7. checking multiple_clock (0)
8. checking generated_clocks (0)
9. checking loops (0)
10. checking partial_input_delay (0)
11. checking partial_output_delay (0)
12. checking latch_loops (0)

1. checking no_clock (0)
------------------------
 There are 0 register/latch pins with no clock.


2. checking constant_clock (0)
------------------------------
 There are 0 register/latch pins with constant_clock.


3. checking pulse_width_clock (0)
---------------------------------
 There are 0 register/latch pins which need pulse_width check


4. checking unconstrained_internal_endpoints (0)
------------------------------------------------
 There are 0 pins that are not constrained for maximum delay.

 There are 0 pins that are not constrained for maximum delay due to constant clock.


5. checking no_input_delay (7)
------------------------------
 There are 5 input ports with no input delay specified. (HIGH)

 There are 2 input ports with no input delay but user has a false path constraint. (MEDIUM)


6. checking no_output_delay (12)
--------------------------------
 There are 6 ports with no output delay specified. (HIGH)

 There are 6 ports with no output delay but user has a false path constraint (MEDIUM)

 There are 0 ports with no output delay but with a timing clock defined on it or propagating through it


7. checking multiple_clock (0)
------------------------------
 There are 0 register/latch pins with multiple clocks.


8. checking generated_clocks (0)
--------------------------------
 There are 0 generated clocks that are not connected to a clock source.


9. checking loops (0)
---------------------
 There are 0 combinational loops in the design.


10. checking partial_input_delay (0)
------------------------------------
 There are 0 input ports with partial input delay specified.


11. checking partial_output_delay (0)
-------------------------------------
 There are 0 ports with partial output delay specified.


12. checking latch_loops (0)
----------------------------
 There are 0 combinational latch loops in the design through latch input



------------------------------------------------------------------------------------------------
| Design Timing Summary
| ---------------------
------------------------------------------------------------------------------------------------

    WNS(ns)      TNS(ns)  TNS Failing Endpoints  TNS Total Endpoints      WHS(ns)      THS(ns)  THS Failing Endpoints  THS Total Endpoints     WPWS(ns)     TPWS(ns)  TPWS Failing Endpoints  TPWS Total Endpoints  
    -------      -------  ---------------------  -------------------      -------      -------  ---------------------  -------------------     --------     --------  ----------------------  --------------------  
      0.518        0.000                      0                29527        0.028        0.000                      0                29527        0.264        0.000                       0                 10278  


All user specified timing constraints are met.


------------------------------------------------------------------------------------------------
| Clock Summary
| -------------
------------------------------------------------------------------------------------------------

Clock         Waveform(ns)         Period(ns)      Frequency(MHz)
-----         ------------         ----------      --------------
clk_fpga_0    {0.000 5.000}        10.000          100.000         
eth_rxc       {0.000 4.000}        8.000           125.000         
sys_clk       {0.000 10.000}       20.000          50.000          
  clkfbout    {0.000 10.000}       20.000          50.000          
  clkfbout_1  {0.000 10.000}       20.000          50.000          
  clkout0_1   {0.000 10.000}       20.000          50.000          
  clkout1_1   {0.000 2.000}        4.000           250.000         
  clkout2     {0.000 2.500}        5.000           200.000         


------------------------------------------------------------------------------------------------
| Intra Clock Table
| -----------------
------------------------------------------------------------------------------------------------

Clock             WNS(ns)      TNS(ns)  TNS Failing Endpoints  TNS Total Endpoints      WHS(ns)      THS(ns)  THS Failing Endpoints  THS Total Endpoints     WPWS(ns)     TPWS(ns)  TPWS Failing Endpoints  TPWS Total Endpoints  
-----             -------      -------  ---------------------  -------------------      -------      -------  ---------------------  -------------------     --------     --------  ----------------------  --------------------  
clk_fpga_0          1.089        0.000                      0                15659        0.028        0.000                      0                15659        3.870        0.000                       0                  4332  
eth_rxc             0.838        0.000                      0                 4814        0.058        0.000                      0                 4814        3.500        0.000                       0                  2526  
sys_clk            15.851        0.000                      0                  251        0.159        0.000                      0                  251        7.000        0.000                       0                   183  
  clkfbout                                                                                                                                                     18.408        0.000                       0                     3  
  clkfbout_1                                                                                                                                                   18.408        0.000                       0                     3  
  clkout0_1         0.518        0.000                      0                 8764        0.046        0.000                      0                 8764        8.870        0.000                       0                  3218  
  clkout1_1                                                                                                                                                     2.408        0.000                       0                    10  
  clkout2                                                                                                                                                       0.264        0.000                       0                     3  


------------------------------------------------------------------------------------------------
| Inter Clock Table
| -----------------
------------------------------------------------------------------------------------------------

From Clock    To Clock          WNS(ns)      TNS(ns)  TNS Failing Endpoints  TNS Total Endpoints      WHS(ns)      THS(ns)  THS Failing Endpoints  THS Total Endpoints  
----------    --------          -------      -------  ---------------------  -------------------      -------      -------  ---------------------  -------------------  
clkout0_1     sys_clk            17.160        0.000                      0                    1        0.257        0.000                      0                    1  
sys_clk       clkout0_1           4.904        0.000                      0                  153        0.180        0.000                      0                  153  


------------------------------------------------------------------------------------------------
| Other Path Groups Table
| -----------------------
------------------------------------------------------------------------------------------------

Path Group    From Clock    To Clock          WNS(ns)      TNS(ns)  TNS Failing Endpoints  TNS Total Endpoints      WHS(ns)      THS(ns)  THS Failing Endpoints  THS Total Endpoints  
----------    ----------    --------          -------      -------  ---------------------  -------------------      -------      -------  ---------------------  -------------------  


------------------------------------------------------------------------------------------------
| Timing Details
| --------------
------------------------------------------------------------------------------------------------


---------------------------------------------------------------------------------------------------
From Clock:  clk_fpga_0
  To Clock:  clk_fpga_0

Setup :            0  Failing Endpoints,  Worst Slack        1.089ns,  Total Violation        0.000ns
Hold  :            0  Failing Endpoints,  Worst Slack        0.028ns,  Total Violation        0.000ns
PW    :            0  Failing Endpoints,  Worst Slack        3.870ns,  Total Violation        0.000ns
---------------------------------------------------------------------------------------------------


Max Delay Paths
--------------------------------------------------------------------------------------
Slack (MET) :             1.089ns  (required time - arrival time)
  Source:                 u_pl/u_arb/owner_eth_reg_rep/C
                            (rising edge-triggered cell FDCE clocked by clk_fpga_0  {rise@0.000ns fall@5.000ns period=10.000ns})
  Destination:            u_pl/u_fb/lo_reg_0_16/ADDRARDADDR[14]
                            (rising edge-triggered cell RAMB36E1 clocked by clk_fpga_0  {rise@0.000ns fall@5.000ns period=10.000ns})
  Path Group:             clk_fpga_0
  Path Type:              Setup (Max at Slow Process Corner)
  Requirement:            10.000ns  (clk_fpga_0 rise@10.000ns - clk_fpga_0 rise@0.000ns)
  Data Path Delay:        8.105ns  (logic 0.505ns (6.231%)  route 7.600ns (93.769%))
  Logic Levels:           1  (LUT3=1)
  Clock Path Skew:        0.016ns (DCD - SCD + CPR)
    Destination Clock Delay (DCD):    2.374ns = ( 12.374 - 10.000 ) 
    Source Clock Delay      (SCD):    2.454ns
    Clock Pessimism Removal (CPR):    0.097ns
  Clock Uncertainty:      0.154ns  ((TSJ^2 + TIJ^2)^1/2 + DJ) / 2 + PE
    Total System Jitter     (TSJ):    0.071ns
    Total Input Jitter      (TIJ):    0.300ns
    Discrete Jitter          (DJ):    0.000ns
    Phase Error              (PE):    0.000ns

    Location             Delay type                Incr(ns)  Path(ns)    Netlist Resource(s)
  -------------------------------------------------------------------    -------------------
                         (clock clk_fpga_0 rise edge)
                                                      0.000     0.000 r  
    PS7_X0Y0             PS7                          0.000     0.000 r  u_bd/design_1_i/processing_system7_0/inst/PS7_i/FCLKCLK[0]
                         net (fo=1, routed)           0.994     0.994    u_bd/design_1_i/processing_system7_0/inst/FCLK_CLK_unbuffered[0]
    BUFGCTRL_X0Y16       BUFG (Prop_bufg_I_O)         0.085     1.079 r  u_bd/design_1_i/processing_system7_0/inst/buffer_fclk_clk_0.FCLK_CLK_0_BUFG/O
                         net (fo=4333, routed)        1.375     2.454    u_pl/u_arb/FCLK_CLK0
    SLICE_X40Y78         FDCE                                         r  u_pl/u_arb/owner_eth_reg_rep/C
  -------------------------------------------------------------------    -------------------
    SLICE_X40Y78         FDCE (Prop_fdce_C_Q)         0.379     2.833 r  u_pl/u_arb/owner_eth_reg_rep/Q
                         net (fo=198, routed)         2.957     5.790    u_pl/u_row/lo_reg_0_63
    SLICE_X42Y48         LUT3 (Prop_lut3_I2_O)        0.126     5.916 r  u_pl/u_row/lo_reg_0_16_i_1/O
                         net (fo=18, routed)          4.643    10.559    u_pl/u_fb/lo_reg_0_48_0[4]
    RAMB36_X5Y4          RAMB36E1                                     r  u_pl/u_fb/lo_reg_0_16/ADDRARDADDR[14]
  -------------------------------------------------------------------    -------------------

                         (clock clk_fpga_0 rise edge)
                                                     10.000    10.000 r  
    PS7_X0Y0             PS7                          0.000    10.000 r  u_bd/design_1_i/processing_system7_0/inst/PS7_i/FCLKCLK[0]
                         net (fo=1, routed)           0.905    10.906    u_bd/design_1_i/processing_system7_0/inst/FCLK_CLK_unbuffered[0]
    BUFGCTRL_X0Y16       BUFG (Prop_bufg_I_O)         0.077    10.983 r  u_bd/design_1_i/processing_system7_0/inst/buffer_fclk_clk_0.FCLK_CLK_0_BUFG/O
                         net (fo=4333, routed)        1.391    12.374    u_pl/u_fb/FCLK_CLK0
    RAMB36_X5Y4          RAMB36E1                                     r  u_pl/u_fb/lo_reg_0_16/CLKARDCLK
                         clock pessimism              0.097    12.470    
                         clock uncertainty           -0.154    12.316    
    RAMB36_X5Y4          RAMB36E1 (Setup_ramb36e1_CLKARDCLK_ADDRARDADDR[14])
                                                     -0.668    11.648    u_pl/u_fb/lo_reg_0_16
  -------------------------------------------------------------------
                         required time                         11.648    
                         arrival time                         -10.559    
  -------------------------------------------------------------------
                         slack                                  1.089    





Min Delay Paths
--------------------------------------------------------------------------------------
Slack (MET) :             0.028ns  (arrival time - required time)
  Source:                 u_bd/design_1_i/axi_gp0_ic/s00_couplers/auto_pc/inst/gen_axilite.gen_b2s_conv.axilite_b2s/WR.aw_channel_0/s_awid_r_reg[6]/C
                            (rising edge-triggered cell FDRE clocked by clk_fpga_0  {rise@0.000ns fall@5.000ns period=10.000ns})
  Destination:            u_bd/design_1_i/axi_gp0_ic/s00_couplers/auto_pc/inst/gen_axilite.gen_b2s_conv.axilite_b2s/WR.b_channel_0/bid_fifo_0/memory_reg[3][14]_srl4/D
                            (rising edge-triggered cell SRL16E clocked by clk_fpga_0  {rise@0.000ns fall@5.000ns period=10.000ns})
  Path Group:             clk_fpga_0
  Path Type:              Hold (Min at Fast Process Corner)
  Requirement:            0.000ns  (clk_fpga_0 rise@0.000ns - clk_fpga_0 rise@0.000ns)
  Data Path Delay:        0.265ns  (logic 0.148ns (55.882%)  route 0.117ns (44.118%))
  Logic Levels:           0  
  Clock Path Skew:        0.181ns (DCD - SCD - CPR)
    Destination Clock Delay (DCD):    1.211ns
    Source Clock Delay      (SCD):    0.995ns
    Clock Pessimism Removal (CPR):    0.035ns

    Location             Delay type                Incr(ns)  Path(ns)    Netlist Resource(s)
  -------------------------------------------------------------------    -------------------
                         (clock clk_fpga_0 rise edge)
                                                      0.000     0.000 r  
    PS7_X0Y0             PS7                          0.000     0.000 r  u_bd/design_1_i/processing_system7_0/inst/PS7_i/FCLKCLK[0]
                         net (fo=1, routed)           0.310     0.310    u_bd/design_1_i/processing_system7_0/inst/FCLK_CLK_unbuffered[0]
    BUFGCTRL_X0Y16       BUFG (Prop_bufg_I_O)         0.026     0.336 r  u_bd/design_1_i/processing_system7_0/inst/buffer_fclk_clk_0.FCLK_CLK_0_BUFG/O
                         net (fo=4333, routed)        0.659     0.995    u_bd/design_1_i/axi_gp0_ic/s00_couplers/auto_pc/inst/gen_axilite.gen_b2s_conv.axilite_b2s/WR.aw_channel_0/aclk
    SLICE_X30Y100        FDRE                                         r  u_bd/design_1_i/axi_gp0_ic/s00_couplers/auto_pc/inst/gen_axilite.gen_b2s_conv.axilite_b2s/WR.aw_channel_0/s_awid_r_reg[6]/C
  -------------------------------------------------------------------    -------------------
    SLICE_X30Y100        FDRE (Prop_fdre_C_Q)         0.148     1.143 r  u_bd/design_1_i/axi_gp0_ic/s00_couplers/auto_pc/inst/gen_axilite.gen_b2s_conv.axilite_b2s/WR.aw_channel_0/s_awid_r_reg[6]/Q
                         net (fo=1, routed)           0.117     1.260    u_bd/design_1_i/axi_gp0_ic/s00_couplers/auto_pc/inst/gen_axilite.gen_b2s_conv.axilite_b2s/WR.b_channel_0/bid_fifo_0/in[10]
    SLICE_X30Y99         SRL16E                                       r  u_bd/design_1_i/axi_gp0_ic/s00_couplers/auto_pc/inst/gen_axilite.gen_b2s_conv.axilite_b2s/WR.b_channel_0/bid_fifo_0/memory_reg[3][14]_srl4/D
  -------------------------------------------------------------------    -------------------

                         (clock clk_fpga_0 rise edge)
                                                      0.000     0.000 r  
    PS7_X0Y0             PS7                          0.000     0.000 r  u_bd/design_1_i/processing_system7_0/inst/PS7_i/FCLKCLK[0]
                         net (fo=1, routed)           0.337     0.337    u_bd/design_1_i/processing_system7_0/inst/FCLK_CLK_unbuffered[0]
    BUFGCTRL_X0Y16       BUFG (Prop_bufg_I_O)         0.029     0.366 r  u_bd/design_1_i/processing_system7_0/inst/buffer_fclk_clk_0.FCLK_CLK_0_BUFG/O
                         net (fo=4333, routed)        0.845     1.211    u_bd/design_1_i/axi_gp0_ic/s00_couplers/auto_pc/inst/gen_axilite.gen_b2s_conv.axilite_b2s/WR.b_channel_0/bid_fifo_0/aclk
    SLICE_X30Y99         SRL16E                                       r  u_bd/design_1_i/axi_gp0_ic/s00_couplers/auto_pc/inst/gen_axilite.gen_b2s_conv.axilite_b2s/WR.b_channel_0/bid_fifo_0/memory_reg[3][14]_srl4/CLK
                         clock pessimism             -0.035     1.176    
    SLICE_X30Y99         SRL16E (Hold_srl16e_CLK_D)
                                                      0.056     1.232    u_bd/design_1_i/axi_gp0_ic/s00_couplers/auto_pc/inst/gen_axilite.gen_b2s_conv.axilite_b2s/WR.b_channel_0/bid_fifo_0/memory_reg[3][14]_srl4
  -------------------------------------------------------------------
                         required time                         -1.232    
                         arrival time                           1.260    
  -------------------------------------------------------------------
                         slack                                  0.028    





Pulse Width Checks
--------------------------------------------------------------------------------------
Clock Name:         clk_fpga_0
Waveform(ns):       { 0.000 5.000 }
Period(ns):         10.000
Sources:            { u_bd/design_1_i/processing_system7_0/inst/PS7_i/FCLKCLK[0] }

Check Type        Corner  Lib Pin             Reference Pin  Required(ns)  Actual(ns)  Slack(ns)  Location      Pin
Min Period        n/a     RAMB36E1/CLKBWRCLK  n/a            2.170         10.000      7.830      RAMB36_X2Y7   u_eth/u_cdc/mem_reg_0/CLKBWRCLK
Low Pulse Width   Slow    RAMD64E/CLK         n/a            1.130         5.000       3.870      SLICE_X26Y28  u_eth/u_saver/q_addr_reg_0_63_12_14/RAMA/CLK
High Pulse Width  Slow    RAMD64E/CLK         n/a            1.130         5.000       3.870      SLICE_X26Y28  u_eth/u_saver/q_addr_reg_0_63_12_14/RAMA/CLK



---------------------------------------------------------------------------------------------------
From Clock:  eth_rxc
  To Clock:  eth_rxc

Setup :            0  Failing Endpoints,  Worst Slack        0.838ns,  Total Violation        0.000ns
Hold  :            0  Failing Endpoints,  Worst Slack        0.058ns,  Total Violation        0.000ns
PW    :            0  Failing Endpoints,  Worst Slack        3.500ns,  Total Violation        0.000ns
---------------------------------------------------------------------------------------------------


Max Delay Paths
--------------------------------------------------------------------------------------
Slack (MET) :             0.838ns  (required time - arrival time)
  Source:                 u_eth/u_cdc/wbin_reg[2]/C
                            (rising edge-triggered cell FDCE clocked by eth_rxc  {rise@0.000ns fall@4.000ns period=8.000ns})
  Destination:            u_eth/u_lm/drop_words_reg[24]/CE
                            (rising edge-triggered cell FDCE clocked by eth_rxc  {rise@0.000ns fall@4.000ns period=8.000ns})
  Path Group:             eth_rxc
  Path Type:              Setup (Max at Slow Process Corner)
  Requirement:            8.000ns  (eth_rxc rise@8.000ns - eth_rxc rise@0.000ns)
  Data Path Delay:        6.736ns  (logic 2.449ns (36.356%)  route 4.287ns (63.644%))
  Logic Levels:           7  (CARRY4=4 LUT4=2 LUT5=1)
  Clock Path Skew:        -0.223ns (DCD - SCD + CPR)
    Destination Clock Delay (DCD):    4.376ns = ( 12.376 - 8.000 ) 
    Source Clock Delay      (SCD):    4.845ns
    Clock Pessimism Removal (CPR):    0.246ns
  Clock Uncertainty:      0.035ns  ((TSJ^2 + TIJ^2)^1/2 + DJ) / 2 + PE
    Total System Jitter     (TSJ):    0.071ns
    Total Input Jitter      (TIJ):    0.000ns
    Discrete Jitter          (DJ):    0.000ns
    Phase Error              (PE):    0.000ns

    Location             Delay type                Incr(ns)  Path(ns)    Netlist Resource(s)
  -------------------------------------------------------------------    -------------------
                         (clock eth_rxc rise edge)    0.000     0.000 r  
    Y19                                               0.000     0.000 r  eth_rxc (IN)
                         net (fo=0)                   0.000     0.000    eth_rxc
    Y19                  IBUF (Prop_ibuf_I_O)         1.430     1.430 r  eth_rxc_IBUF_inst/O
                         net (fo=2, routed)           1.873     3.303    u_eth/u_rgmii/u_rgmii_rx/rgmii_rxc
    BUFGCTRL_X0Y1        BUFG (Prop_bufg_I_O)         0.085     3.388 r  u_eth/u_rgmii/u_rgmii_rx/BUFG_inst/O
                         net (fo=2520, routed)        1.457     4.845    u_eth/u_cdc/gmii_rx_clk
    SLICE_X31Y27         FDCE                                         r  u_eth/u_cdc/wbin_reg[2]/C
  -------------------------------------------------------------------    -------------------
    SLICE_X31Y27         FDCE (Prop_fdce_C_Q)         0.379     5.224 r  u_eth/u_cdc/wbin_reg[2]/Q
                         net (fo=11, routed)          0.473     5.696    u_eth/u_cdc/wbin_reg[2]
    SLICE_X29Y27         CARRY4 (Prop_carry4_S[1]_CO[3])
                                                      0.562     6.258 r  u_eth/u_cdc/wgray_reg[4]_i_2/CO[3]
                         net (fo=1, routed)           0.000     6.258    u_eth/u_cdc/wgray_reg[4]_i_2_n_0
    SLICE_X29Y28         CARRY4 (Prop_carry4_CI_O[3])
                                                      0.260     6.518 r  u_eth/u_cdc/wgray_reg[8]_i_2/O[3]
                         net (fo=3, routed)           0.690     7.208    u_eth/u_cdc/b1_in__0[8]
    SLICE_X27Y27         LUT5 (Prop_lut5_I3_O)        0.257     7.465 r  u_eth/u_cdc/full_d_i_9/O
                         net (fo=1, routed)           0.524     7.990    u_eth/u_cdc/full_d_i_9_n_0
    SLICE_X28Y26         LUT4 (Prop_lut4_I3_O)        0.105     8.095 r  u_eth/u_cdc/full_d_i_5/O
                         net (fo=1, routed)           0.000     8.095    u_eth/u_cdc/full_d_i_5_n_0
    SLICE_X28Y26         CARRY4 (Prop_carry4_S[2]_CO[3])
                                                      0.332     8.427 r  u_eth/u_cdc/full_d_reg_i_2/CO[3]
                         net (fo=1, routed)           0.000     8.427    u_eth/u_cdc/full_d_reg_i_2_n_0
    SLICE_X28Y27         CARRY4 (Prop_carry4_CI_CO[0])
                                                      0.245     8.672 r  u_eth/u_cdc/full_d_reg_i_1/CO[0]
                         net (fo=6, routed)           1.456    10.128    u_eth/u_reasm/wr_full
    SLICE_X32Y57         LUT4 (Prop_lut4_I0_O)        0.309    10.437 r  u_eth/u_reasm/drop_words[0]_i_1/O
                         net (fo=32, routed)          1.144    11.581    u_eth/u_lm/drop_words0
    SLICE_X35Y86         FDCE                                         r  u_eth/u_lm/drop_words_reg[24]/CE
  -------------------------------------------------------------------    -------------------

                         (clock eth_rxc rise edge)    8.000     8.000 r  
    Y19                                               0.000     8.000 r  eth_rxc (IN)
                         net (fo=0)                   0.000     8.000    eth_rxc
    Y19                  IBUF (Prop_ibuf_I_O)         1.364     9.364 r  eth_rxc_IBUF_inst/O
                         net (fo=2, routed)           1.701    11.065    u_eth/u_rgmii/u_rgmii_rx/rgmii_rxc
    BUFGCTRL_X0Y1        BUFG (Prop_bufg_I_O)         0.077    11.142 r  u_eth/u_rgmii/u_rgmii_rx/BUFG_inst/O
                         net (fo=2520, routed)        1.234    12.376    u_eth/u_lm/gmii_rx_clk
    SLICE_X35Y86         FDCE                                         r  u_eth/u_lm/drop_words_reg[24]/C
                         clock pessimism              0.246    12.622    
                         clock uncertainty           -0.035    12.586    
    SLICE_X35Y86         FDCE (Setup_fdce_C_CE)      -0.168    12.418    u_eth/u_lm/drop_words_reg[24]
  -------------------------------------------------------------------
                         required time                         12.418    
                         arrival time                         -11.581    
  -------------------------------------------------------------------
                         slack                                  0.838    





Min Delay Paths
--------------------------------------------------------------------------------------
Slack (MET) :             0.058ns  (arrival time - required time)
  Source:                 u_eth/u_rgmii/u_rgmii_rx/rxdata_bus[2].u_iddr_rxd/C
                            (rising edge-triggered cell IDDR clocked by eth_rxc  {rise@0.000ns fall@4.000ns period=8.000ns})
  Destination:            u_eth/u_icmp/u_icmp_rx/rec_data_reg[2]/D
                            (rising edge-triggered cell FDCE clocked by eth_rxc  {rise@0.000ns fall@4.000ns period=8.000ns})
  Path Group:             eth_rxc
  Path Type:              Hold (Min at Slow Process Corner)
  Requirement:            0.000ns  (eth_rxc rise@0.000ns - eth_rxc rise@0.000ns)
  Data Path Delay:        1.879ns  (logic 0.389ns (20.698%)  route 1.490ns (79.302%))
  Logic Levels:           0  
  Clock Path Skew:        1.719ns (DCD - SCD - CPR)
    Destination Clock Delay (DCD):    4.958ns
    Source Clock Delay      (SCD):    3.172ns
    Clock Pessimism Removal (CPR):    0.066ns

    Location             Delay type                Incr(ns)  Path(ns)    Netlist Resource(s)
  -------------------------------------------------------------------    -------------------
                         (clock eth_rxc rise edge)    0.000     0.000 r  
    Y19                                               0.000     0.000 r  eth_rxc (IN)
                         net (fo=0)                   0.000     0.000    eth_rxc
    Y19                  IBUF (Prop_ibuf_I_O)         1.364     1.364 r  eth_rxc_IBUF_inst/O
                         net (fo=2, routed)           0.341     1.705    u_eth/u_rgmii/u_rgmii_rx/rgmii_rxc
    BUFIO_X1Y3           BUFIO (Prop_bufio_I_O)       1.223     2.928 r  u_eth/u_rgmii/u_rgmii_rx/BUFIO_inst/O
                         net (fo=5, routed)           0.245     3.172    u_eth/u_rgmii/u_rgmii_rx/rgmii_rxc_bufio
    ILOGIC_X1Y40         IDDR                                         r  u_eth/u_rgmii/u_rgmii_rx/rxdata_bus[2].u_iddr_rxd/C
  -------------------------------------------------------------------    -------------------
    ILOGIC_X1Y40         IDDR (Prop_iddr_C_Q1)        0.389     3.561 r  u_eth/u_rgmii/u_rgmii_rx/rxdata_bus[2].u_iddr_rxd/Q1
                         net (fo=38, routed)          1.490     5.052    u_eth/u_icmp/u_icmp_rx/gmii_rxd[2]
    SLICE_X107Y25        FDCE                                         r  u_eth/u_icmp/u_icmp_rx/rec_data_reg[2]/D
  -------------------------------------------------------------------    -------------------

                         (clock eth_rxc rise edge)    0.000     0.000 r  
    Y19                                               0.000     0.000 r  eth_rxc (IN)
                         net (fo=0)                   0.000     0.000    eth_rxc
    Y19                  IBUF (Prop_ibuf_I_O)         1.430     1.430 r  eth_rxc_IBUF_inst/O
                         net (fo=2, routed)           1.873     3.303    u_eth/u_rgmii/u_rgmii_rx/rgmii_rxc
    BUFGCTRL_X0Y1        BUFG (Prop_bufg_I_O)         0.085     3.388 r  u_eth/u_rgmii/u_rgmii_rx/BUFG_inst/O
                         net (fo=2520, routed)        1.570     4.958    u_eth/u_icmp/u_icmp_rx/gmii_rx_clk
    SLICE_X107Y25        FDCE                                         r  u_eth/u_icmp/u_icmp_rx/rec_data_reg[2]/C
                         clock pessimism             -0.066     4.892    
    SLICE_X107Y25        FDCE (Hold_fdce_C_D)         0.102     4.994    u_eth/u_icmp/u_icmp_rx/rec_data_reg[2]
  -------------------------------------------------------------------
                         required time                         -4.994    
                         arrival time                           5.052    
  -------------------------------------------------------------------
                         slack                                  0.058    





Pulse Width Checks
--------------------------------------------------------------------------------------
Clock Name:         eth_rxc
Waveform(ns):       { 0.000 4.000 }
Period(ns):         8.000
Sources:            { eth_rxc }

Check Type        Corner  Lib Pin             Reference Pin  Required(ns)  Actual(ns)  Slack(ns)  Location      Pin
Min Period        n/a     RAMB18E1/CLKARDCLK  n/a            2.472         8.000       5.528      RAMB18_X5Y10  u_eth/u_icmp_fifo/mem_reg/CLKARDCLK
Low Pulse Width   Slow    FDCE/C              n/a            0.500         4.000       3.500      SLICE_X32Y57  u_eth/flush_pend_reg/C
High Pulse Width  Slow    FDCE/C              n/a            0.500         4.000       3.500      SLICE_X32Y57  u_eth/flush_pend_reg/C



---------------------------------------------------------------------------------------------------
From Clock:  sys_clk
  To Clock:  sys_clk

Setup :            0  Failing Endpoints,  Worst Slack       15.851ns,  Total Violation        0.000ns
Hold  :            0  Failing Endpoints,  Worst Slack        0.159ns,  Total Violation        0.000ns
PW    :            0  Failing Endpoints,  Worst Slack        7.000ns,  Total Violation        0.000ns
---------------------------------------------------------------------------------------------------


Max Delay Paths
--------------------------------------------------------------------------------------
Slack (MET) :             15.851ns  (required time - arrival time)
  Source:                 u_pl/u_ang/angle_reg[6]/C
                            (rising edge-triggered cell FDRE clocked by sys_clk  {rise@0.000ns fall@10.000ns period=20.000ns})
  Destination:            u_pl/u_ang/angle_reg[5]/D
                            (rising edge-triggered cell FDRE clocked by sys_clk  {rise@0.000ns fall@10.000ns period=20.000ns})
  Path Group:             sys_clk
  Path Type:              Setup (Max at Slow Process Corner)
  Requirement:            20.000ns  (sys_clk rise@20.000ns - sys_clk rise@0.000ns)
  Data Path Delay:        4.082ns  (logic 0.870ns (21.314%)  route 3.212ns (78.686%))
  Logic Levels:           3  (LUT4=1 LUT5=1 LUT6=1)
  Clock Path Skew:        -0.028ns (DCD - SCD + CPR)
    Destination Clock Delay (DCD):    4.519ns = ( 24.519 - 20.000 ) 
    Source Clock Delay      (SCD):    4.935ns
    Clock Pessimism Removal (CPR):    0.388ns
  Clock Uncertainty:      0.035ns  ((TSJ^2 + TIJ^2)^1/2 + DJ) / 2 + PE
    Total System Jitter     (TSJ):    0.071ns
    Total Input Jitter      (TIJ):    0.000ns
    Discrete Jitter          (DJ):    0.000ns
    Phase Error              (PE):    0.000ns

    Location             Delay type                Incr(ns)  Path(ns)    Netlist Resource(s)
  -------------------------------------------------------------------    -------------------
                         (clock sys_clk rise edge)    0.000     0.000 r  
    W17                                               0.000     0.000 r  sys_clk (IN)
                         net (fo=0)                   0.000     0.000    sys_clk
    W17                  IBUF (Prop_ibuf_I_O)         1.415     1.415 r  sys_clk_IBUF_inst/O
                         net (fo=1, routed)           1.873     3.288    sys_clk_IBUF
    BUFGCTRL_X0Y4        BUFG (Prop_bufg_I_O)         0.085     3.373 r  sys_clk_IBUF_BUFG_inst/O
                         net (fo=182, routed)         1.562     4.935    u_pl/u_ang/sys_clk_IBUF_BUFG
    SLICE_X40Y104        FDRE                                         r  u_pl/u_ang/angle_reg[6]/C
  -------------------------------------------------------------------    -------------------
    SLICE_X40Y104        FDRE (Prop_fdre_C_Q)         0.379     5.314 f  u_pl/u_ang/angle_reg[6]/Q
                         net (fo=101, routed)         1.387     6.701    u_pl/u_ang/angle[6]
    SLICE_X41Y104        LUT6 (Prop_lut6_I5_O)        0.105     6.806 r  u_pl/u_ang/angle[8]_i_6/O
                         net (fo=1, routed)           0.546     7.353    u_pl/u_ang/angle[8]_i_6_n_0
    SLICE_X41Y104        LUT4 (Prop_lut4_I3_O)        0.119     7.472 r  u_pl/u_ang/angle[8]_i_4/O
                         net (fo=4, routed)           0.797     8.269    u_pl/u_ang/angle[8]_i_4_n_0
    SLICE_X42Y104        LUT5 (Prop_lut5_I0_O)        0.267     8.536 r  u_pl/u_ang/angle[5]_i_1/O
                         net (fo=1, routed)           0.481     9.017    u_pl/u_ang/p_1_in[5]
    SLICE_X42Y104        FDRE                                         r  u_pl/u_ang/angle_reg[5]/D
  -------------------------------------------------------------------    -------------------

                         (clock sys_clk rise edge)   20.000    20.000 r  
    W17                                               0.000    20.000 r  sys_clk (IN)
                         net (fo=0)                   0.000    20.000    sys_clk
    W17                  IBUF (Prop_ibuf_I_O)         1.349    21.349 r  sys_clk_IBUF_inst/O
                         net (fo=1, routed)           1.701    23.050    sys_clk_IBUF
    BUFGCTRL_X0Y4        BUFG (Prop_bufg_I_O)         0.077    23.127 r  sys_clk_IBUF_BUFG_inst/O
                         net (fo=182, routed)         1.392    24.519    u_pl/u_ang/sys_clk_IBUF_BUFG
    SLICE_X42Y104        FDRE                                         r  u_pl/u_ang/angle_reg[5]/C
                         clock pessimism              0.388    24.907    
                         clock uncertainty           -0.035    24.872    
    SLICE_X42Y104        FDRE (Setup_fdre_C_D)       -0.004    24.868    u_pl/u_ang/angle_reg[5]
  -------------------------------------------------------------------
                         required time                         24.868    
                         arrival time                          -9.017    
  -------------------------------------------------------------------
                         slack                                 15.851    





Min Delay Paths
--------------------------------------------------------------------------------------
Slack (MET) :             0.159ns  (arrival time - required time)
  Source:                 u_pl/vt0_reg/C
                            (rising edge-triggered cell FDRE clocked by sys_clk  {rise@0.000ns fall@10.000ns period=20.000ns})
  Destination:            u_pl/vt1_reg/D
                            (rising edge-triggered cell FDRE clocked by sys_clk  {rise@0.000ns fall@10.000ns period=20.000ns})
  Path Group:             sys_clk
  Path Type:              Hold (Min at Fast Process Corner)
  Requirement:            0.000ns  (sys_clk rise@0.000ns - sys_clk rise@0.000ns)
  Data Path Delay:        0.219ns  (logic 0.164ns (74.792%)  route 0.055ns (25.208%))
  Logic Levels:           0  
  Clock Path Skew:        0.000ns (DCD - SCD - CPR)
    Destination Clock Delay (DCD):    2.016ns
    Source Clock Delay      (SCD):    1.502ns
    Clock Pessimism Removal (CPR):    0.514ns

    Location             Delay type                Incr(ns)  Path(ns)    Netlist Resource(s)
  -------------------------------------------------------------------    -------------------
                         (clock sys_clk rise edge)    0.000     0.000 r  
    W17                                               0.000     0.000 r  sys_clk (IN)
                         net (fo=0)                   0.000     0.000    sys_clk
    W17                  IBUF (Prop_ibuf_I_O)         0.252     0.252 r  sys_clk_IBUF_inst/O
                         net (fo=1, routed)           0.674     0.926    sys_clk_IBUF
    BUFGCTRL_X0Y4        BUFG (Prop_bufg_I_O)         0.026     0.952 r  sys_clk_IBUF_BUFG_inst/O
                         net (fo=182, routed)         0.550     1.502    u_pl/sys_clk_IBUF_BUFG
    SLICE_X38Y80         FDRE                                         r  u_pl/vt0_reg/C
  -------------------------------------------------------------------    -------------------
    SLICE_X38Y80         FDRE (Prop_fdre_C_Q)         0.164     1.666 r  u_pl/vt0_reg/Q
                         net (fo=1, routed)           0.055     1.721    u_pl/vt0
    SLICE_X38Y80         FDRE                                         r  u_pl/vt1_reg/D
  -------------------------------------------------------------------    -------------------

                         (clock sys_clk rise edge)    0.000     0.000 r  
    W17                                               0.000     0.000 r  sys_clk (IN)
                         net (fo=0)                   0.000     0.000    sys_clk
    W17                  IBUF (Prop_ibuf_I_O)         0.440     0.440 r  sys_clk_IBUF_inst/O
                         net (fo=1, routed)           0.731     1.171    sys_clk_IBUF
    BUFGCTRL_X0Y4        BUFG (Prop_bufg_I_O)         0.029     1.200 r  sys_clk_IBUF_BUFG_inst/O
                         net (fo=182, routed)         0.816     2.016    u_pl/sys_clk_IBUF_BUFG
    SLICE_X38Y80         FDRE                                         r  u_pl/vt1_reg/C
                         clock pessimism             -0.514     1.502    
    SLICE_X38Y80         FDRE (Hold_fdre_C_D)         0.060     1.562    u_pl/vt1_reg
  -------------------------------------------------------------------
                         required time                         -1.562    
                         arrival time                           1.721    
  -------------------------------------------------------------------
                         slack                                  0.159    





Pulse Width Checks
--------------------------------------------------------------------------------------
Clock Name:         sys_clk
Waveform(ns):       { 0.000 10.000 }
Period(ns):         20.000
Sources:            { sys_clk }

Check Type        Corner  Lib Pin            Reference Pin  Required(ns)  Actual(ns)  Slack(ns)  Location         Pin
Min Period        n/a     BUFG/I             n/a            1.592         20.000      18.408     BUFGCTRL_X0Y4    sys_clk_IBUF_BUFG_inst/I
Max Period        n/a     MMCME2_ADV/CLKIN1  n/a            100.000       20.000      80.000     MMCME2_ADV_X0Y0  u_idelay_clkgen/u_mmcm/CLKIN1
Low Pulse Width   Slow    MMCME2_ADV/CLKIN1  n/a            3.000         10.000      7.000      MMCME2_ADV_X0Y0  u_idelay_clkgen/u_mmcm/CLKIN1
High Pulse Width  Slow    MMCME2_ADV/CLKIN1  n/a            3.000         10.000      7.000      MMCME2_ADV_X0Y0  u_idelay_clkgen/u_mmcm/CLKIN1



---------------------------------------------------------------------------------------------------
From Clock:  clkfbout
  To Clock:  clkfbout

Setup :           NA  Failing Endpoints,  Worst Slack           NA  ,  Total Violation           NA
Hold  :           NA  Failing Endpoints,  Worst Slack           NA  ,  Total Violation           NA
PW    :            0  Failing Endpoints,  Worst Slack       18.408ns,  Total Violation        0.000ns
---------------------------------------------------------------------------------------------------


Pulse Width Checks
--------------------------------------------------------------------------------------
Clock Name:         clkfbout
Waveform(ns):       { 0.000 10.000 }
Period(ns):         20.000
Sources:            { u_idelay_clkgen/u_mmcm/CLKFBOUT }

Check Type  Corner  Lib Pin             Reference Pin  Required(ns)  Actual(ns)  Slack(ns)  Location         Pin
Min Period  n/a     BUFG/I              n/a            1.592         20.000      18.408     BUFGCTRL_X0Y5    u_idelay_clkgen/u_bufg_fb/I
Max Period  n/a     MMCME2_ADV/CLKFBIN  n/a            100.000       20.000      80.000     MMCME2_ADV_X0Y0  u_idelay_clkgen/u_mmcm/CLKFBIN



---------------------------------------------------------------------------------------------------
From Clock:  clkfbout_1
  To Clock:  clkfbout_1

Setup :           NA  Failing Endpoints,  Worst Slack           NA  ,  Total Violation           NA
Hold  :           NA  Failing Endpoints,  Worst Slack           NA  ,  Total Violation           NA
PW    :            0  Failing Endpoints,  Worst Slack       18.408ns,  Total Violation        0.000ns
---------------------------------------------------------------------------------------------------


Pulse Width Checks
--------------------------------------------------------------------------------------
Clock Name:         clkfbout_1
Waveform(ns):       { 0.000 10.000 }
Period(ns):         20.000
Sources:            { u_pl/u_clk/u_mmcm/CLKFBOUT }

Check Type  Corner  Lib Pin             Reference Pin  Required(ns)  Actual(ns)  Slack(ns)  Location         Pin
Min Period  n/a     BUFG/I              n/a            1.592         20.000      18.408     BUFGCTRL_X0Y6    u_pl/u_clk/u_bufg_fb/I
Max Period  n/a     MMCME2_ADV/CLKFBIN  n/a            100.000       20.000      80.000     MMCME2_ADV_X1Y0  u_pl/u_clk/u_mmcm/CLKFBIN



---------------------------------------------------------------------------------------------------
From Clock:  clkout0_1
  To Clock:  clkout0_1

Setup :            0  Failing Endpoints,  Worst Slack        0.518ns,  Total Violation        0.000ns
Hold  :            0  Failing Endpoints,  Worst Slack        0.046ns,  Total Violation        0.000ns
PW    :            0  Failing Endpoints,  Worst Slack        8.870ns,  Total Violation        0.000ns
---------------------------------------------------------------------------------------------------


Max Delay Paths
--------------------------------------------------------------------------------------
Slack (MET) :             0.518ns  (required time - arrival time)
  Source:                 u_pl/x_d_reg[11][4]/C
                            (rising edge-triggered cell FDCE clocked by clkout0_1  {rise@0.000ns fall@10.000ns period=20.000ns})
  Destination:            u_pl/u_osd/r_reg[3]/D
                            (rising edge-triggered cell FDCE clocked by clkout0_1  {rise@0.000ns fall@10.000ns period=20.000ns})
  Path Group:             clkout0_1
  Path Type:              Setup (Max at Slow Process Corner)
  Requirement:            20.000ns  (clkout0_1 rise@20.000ns - clkout0_1 rise@0.000ns)
  Data Path Delay:        19.330ns  (logic 7.014ns (36.286%)  route 12.316ns (63.714%))
  Logic Levels:           27  (CARRY4=10 LUT1=1 LUT2=1 LUT3=3 LUT4=1 LUT5=2 LUT6=9)
  Clock Path Skew:        -0.088ns (DCD - SCD + CPR)
    Destination Clock Delay (DCD):    4.403ns = ( 24.403 - 20.000 ) 
    Source Clock Delay      (SCD):    4.749ns
    Clock Pessimism Removal (CPR):    0.258ns
  Clock Uncertainty:      0.094ns  ((TSJ^2 + DJ^2)^1/2) / 2 + PE
    Total System Jitter     (TSJ):    0.071ns
    Discrete Jitter          (DJ):    0.175ns
    Phase Error              (PE):    0.000ns

    Location             Delay type                Incr(ns)  Path(ns)    Netlist Resource(s)
  -------------------------------------------------------------------    -------------------
                         (clock clkout0_1 rise edge)
                                                      0.000     0.000 r  
    W17                                               0.000     0.000 r  sys_clk (IN)
                         net (fo=0)                   0.000     0.000    sys_clk
    W17                  IBUF (Prop_ibuf_I_O)         1.415     1.415 r  sys_clk_IBUF_inst/O
                         net (fo=1, routed)           1.873     3.288    sys_clk_IBUF
    BUFGCTRL_X0Y4        BUFG (Prop_bufg_I_O)         0.085     3.373 r  sys_clk_IBUF_BUFG_inst/O
                         net (fo=182, routed)         1.550     4.923    u_pl/u_clk/sys_clk_IBUF_BUFG
    MMCME2_ADV_X1Y0      MMCME2_ADV (Prop_mmcme2_adv_CLKIN1_CLKOUT0)
                                                     -3.232     1.691 r  u_pl/u_clk/u_mmcm/CLKOUT0
                         net (fo=1, routed)           1.597     3.288    u_pl/u_clk/clkout0
    BUFGCTRL_X0Y0        BUFG (Prop_bufg_I_O)         0.085     3.373 r  u_pl/u_clk/u_bufg_pix/O
                         net (fo=3219, routed)        1.376     4.749    u_pl/clk_pix
    SLICE_X49Y79         FDCE                                         r  u_pl/x_d_reg[11][4]/C
  -------------------------------------------------------------------    -------------------
    SLICE_X49Y79         FDCE (Prop_fdce_C_Q)         0.379     5.128 f  u_pl/x_d_reg[11][4]/Q
                         net (fo=6, routed)           0.392     5.520    u_pl/u_osd/D[1]
    SLICE_X48Y79         LUT1 (Prop_lut1_I0_O)        0.105     5.625 r  u_pl/u_osd/r[7]_i_68/O
                         net (fo=1, routed)           0.000     5.625    u_pl/u_osd/r[7]_i_68_n_0
    SLICE_X48Y79         CARRY4 (Prop_carry4_S[1]_CO[3])
                                                      0.457     6.082 r  u_pl/u_osd/r_reg[7]_i_44/CO[3]
                         net (fo=1, routed)           0.000     6.082    u_pl/u_osd/r_reg[7]_i_44_n_0
    SLICE_X48Y80         CARRY4 (Prop_carry4_CI_O[1])
                                                      0.265     6.347 f  u_pl/u_osd/g0_b0_i_244/O[1]
                         net (fo=20, routed)          0.751     7.098    u_pl/u_osd/lx[8]
    SLICE_X47Y81         LUT3 (Prop_lut3_I1_O)        0.264     7.362 r  u_pl/u_osd/g0_b0_i_619/O
                         net (fo=4, routed)           0.430     7.792    u_pl/u_osd/g0_b0_i_619_n_0
    SLICE_X44Y82         CARRY4 (Prop_carry4_DI[1]_CO[3])
                                                      0.580     8.372 r  u_pl/u_osd/g0_b0_i_477/CO[3]
                         net (fo=1, routed)           0.000     8.372    u_pl/u_osd/g0_b0_i_477_n_0
    SLICE_X44Y83         CARRY4 (Prop_carry4_CI_O[0])
                                                      0.180     8.552 r  u_pl/u_osd/g0_b0_i_246/O[0]
                         net (fo=2, routed)           0.680     9.232    u_pl/u_osd/g0_b0_i_246_n_7
    SLICE_X47Y82         LUT3 (Prop_lut3_I1_O)        0.262     9.494 r  u_pl/u_osd/g0_b0_i_236/O
                         net (fo=2, routed)           0.386     9.880    u_pl/u_osd/g0_b0_i_236_n_0
    SLICE_X43Y82         CARRY4 (Prop_carry4_DI[3]_CO[3])
                                                      0.481    10.361 r  u_pl/u_osd/g0_b0_i_92/CO[3]
                         net (fo=1, routed)           0.000    10.361    u_pl/u_osd/g0_b0_i_92_n_0
    SLICE_X43Y83         CARRY4 (Prop_carry4_CI_O[1])
                                                      0.265    10.626 r  u_pl/u_osd/g0_b0_i_36/O[1]
                         net (fo=28, routed)          0.488    11.114    u_pl/u_osd/g0_b0_i_100_0[1]
    SLICE_X42Y84         CARRY4 (Prop_carry4_DI[1]_CO[3])
                                                      0.575    11.689 r  u_pl/u_osd/g0_b0_i_491/CO[3]
                         net (fo=1, routed)           0.000    11.689    u_pl/u_osd/g0_b0_i_491_n_0
    SLICE_X42Y85         CARRY4 (Prop_carry4_CI_O[1])
                                                      0.257    11.946 r  u_pl/u_osd/g0_b0_i_247/O[1]
                         net (fo=3, routed)           0.519    12.465    u_pl/u_osd/g0_b0_i_247_n_6
    SLICE_X43Y86         LUT4 (Prop_lut4_I1_O)        0.245    12.710 r  u_pl/u_osd/g0_b0_i_502/O
                         net (fo=1, routed)           0.000    12.710    u_pl/u_osd/g0_b0_i_502_n_0
    SLICE_X43Y86         CARRY4 (Prop_carry4_S[3]_CO[3])
                                                      0.332    13.042 r  u_pl/u_osd/g0_b0_i_250/CO[3]
                         net (fo=1, routed)           0.000    13.042    u_pl/u_osd/g0_b0_i_250_n_0
    SLICE_X43Y87         CARRY4 (Prop_carry4_CI_CO[1])
                                                      0.132    13.174 f  u_pl/u_osd/g0_b0_i_103/CO[1]
                         net (fo=37, routed)          0.711    13.885    u_pl/u_osd/g0_b0_i_254_0[0]
    SLICE_X49Y93         LUT6 (Prop_lut6_I4_O)        0.275    14.160 r  u_pl/u_osd/g0_b0_i_91/O
                         net (fo=5, routed)           0.505    14.665    u_pl/u_osd/g0_b0_i_36_3
    SLICE_X49Y94         LUT2 (Prop_lut2_I1_O)        0.126    14.791 f  u_pl/u_osd/g0_b0_i_68/O
                         net (fo=42, routed)          1.199    15.991    u_pl/u_ang/g0_b0_i_106_1
    SLICE_X53Y91         LUT5 (Prop_lut5_I4_O)        0.277    16.268 f  u_pl/u_ang/i_8_LOPT_REMAP_1/O
                         net (fo=1, routed)           0.685    16.953    u_pl/u_ang/i_8/O_n_1
    SLICE_X53Y91         LUT5 (Prop_lut5_I4_O)        0.277    17.230 r  u_pl/u_ang/i_7_LOPT_REMAP_1/O
                         net (fo=1, routed)           0.257    17.487    u_pl/u_ang/i_7/O_n_1
    SLICE_X53Y92         LUT6 (Prop_lut6_I0_O)        0.275    17.762 r  u_pl/u_ang/i_6_LOPT_REMAP_1/O
                         net (fo=1, routed)           0.650    18.412    u_pl/u_ang/i_6/O_n_1
    SLICE_X51Y92         LUT6 (Prop_lut6_I0_O)        0.105    18.517 f  u_pl/u_ang/i_0_LOPT_REMAP_2/O
                         net (fo=13, routed)          0.541    19.058    u_pl/u_osd/chars[2]
    SLICE_X52Y87         LUT6 (Prop_lut6_I5_O)        0.105    19.163 r  u_pl/u_osd/i_0_LOPT_REMAP/O
                         net (fo=3, routed)           0.680    19.843    u_pl/u_osd/g0_b0_i_12_n_0
    SLICE_X51Y86         LUT6 (Prop_lut6_I1_O)        0.105    19.948 r  u_pl/u_osd/g0_b0_i_2/O
                         net (fo=35, routed)          1.204    21.152    u_pl/u_osd_n_213
    SLICE_X55Y78         LUT6 (Prop_lut6_I1_O)        0.105    21.257 r  u_pl/g0_b3__4/O
                         net (fo=1, routed)           0.344    21.602    u_pl/u_ang/out[3]
    SLICE_X55Y78         LUT3 (Prop_lut3_I1_O)        0.108    21.710 f  u_pl/u_ang/r[7]_i_53/O
                         net (fo=2, routed)           0.662    22.371    u_pl/u_ang/r[7]_i_53_n_0
    SLICE_X59Y77         LUT6 (Prop_lut6_I5_O)        0.267    22.638 r  u_pl/u_ang/i_7_LOPT_REMAP_2/O
                         net (fo=1, routed)           0.571    23.209    u_pl/u_ang/i_7/O_n_2
    SLICE_X59Y76         LUT6 (Prop_lut6_I4_O)        0.105    23.314 r  u_pl/u_ang/i_0_LOPT_REMAP_3/O
                         net (fo=19, routed)          0.660    23.974    u_pl/u_ang/r[7]_i_6_n_0
    SLICE_X64Y74         LUT6 (Prop_lut6_I5_O)        0.105    24.079 r  u_pl/u_ang/r[3]_i_1/O
                         net (fo=1, routed)           0.000    24.079    u_pl/u_osd/r_reg[7]_0[1]
    SLICE_X64Y74         FDCE                                         r  u_pl/u_osd/r_reg[3]/D
  -------------------------------------------------------------------    -------------------

                         (clock clkout0_1 rise edge)
                                                     20.000    20.000 r  
    W17                                               0.000    20.000 r  sys_clk (IN)
                         net (fo=0)                   0.000    20.000    sys_clk
    W17                  IBUF (Prop_ibuf_I_O)         1.349    21.349 r  sys_clk_IBUF_inst/O
                         net (fo=1, routed)           1.701    23.050    sys_clk_IBUF
    BUFGCTRL_X0Y4        BUFG (Prop_bufg_I_O)         0.077    23.127 r  sys_clk_IBUF_BUFG_inst/O
                         net (fo=182, routed)         1.384    24.511    u_pl/u_clk/sys_clk_IBUF_BUFG
    MMCME2_ADV_X1Y0      MMCME2_ADV (Prop_mmcme2_adv_CLKIN1_CLKOUT0)
                                                     -2.915    21.596 r  u_pl/u_clk/u_mmcm/CLKOUT0
                         net (fo=1, routed)           1.454    23.050    u_pl/u_clk/clkout0
    BUFGCTRL_X0Y0        BUFG (Prop_bufg_I_O)         0.077    23.127 r  u_pl/u_clk/u_bufg_pix/O
                         net (fo=3219, routed)        1.276    24.403    u_pl/u_osd/clk_pix
    SLICE_X64Y74         FDCE                                         r  u_pl/u_osd/r_reg[3]/C
                         clock pessimism              0.258    24.661    
                         clock uncertainty           -0.094    24.567    
    SLICE_X64Y74         FDCE (Setup_fdce_C_D)        0.030    24.597    u_pl/u_osd/r_reg[3]
  -------------------------------------------------------------------
                         required time                         24.597    
                         arrival time                         -24.079    
  -------------------------------------------------------------------
                         slack                                  0.518    





Min Delay Paths
--------------------------------------------------------------------------------------
Slack (MET) :             0.046ns  (arrival time - required time)
  Source:                 u_pl/u_bar_l/rgb565_reg[15]/C
                            (rising edge-triggered cell FDCE clocked by clkout0_1  {rise@0.000ns fall@10.000ns period=20.000ns})
  Destination:            u_pl/bar_l_d3_reg[15]_srl3/D
                            (rising edge-triggered cell SRL16E clocked by clkout0_1  {rise@0.000ns fall@10.000ns period=20.000ns})
  Path Group:             clkout0_1
  Path Type:              Hold (Min at Fast Process Corner)
  Requirement:            0.000ns  (clkout0_1 rise@0.000ns - clkout0_1 rise@0.000ns)
  Data Path Delay:        0.242ns  (logic 0.141ns (58.223%)  route 0.101ns (41.778%))
  Logic Levels:           0  
  Clock Path Skew:        0.013ns (DCD - SCD - CPR)
    Destination Clock Delay (DCD):    2.009ns
    Source Clock Delay      (SCD):    1.496ns
    Clock Pessimism Removal (CPR):    0.500ns

    Location             Delay type                Incr(ns)  Path(ns)    Netlist Resource(s)
  -------------------------------------------------------------------    -------------------
                         (clock clkout0_1 rise edge)
                                                      0.000     0.000 r  
    W17                                               0.000     0.000 r  sys_clk (IN)
                         net (fo=0)                   0.000     0.000    sys_clk
    W17                  IBUF (Prop_ibuf_I_O)         0.252     0.252 r  sys_clk_IBUF_inst/O
                         net (fo=1, routed)           0.674     0.926    sys_clk_IBUF
    BUFGCTRL_X0Y4        BUFG (Prop_bufg_I_O)         0.026     0.952 r  sys_clk_IBUF_BUFG_inst/O
                         net (fo=182, routed)         0.595     1.547    u_pl/u_clk/sys_clk_IBUF_BUFG
    MMCME2_ADV_X1Y0      MMCME2_ADV (Prop_mmcme2_adv_CLKIN1_CLKOUT0)
                                                     -1.150     0.397 r  u_pl/u_clk/u_mmcm/CLKOUT0
                         net (fo=1, routed)           0.529     0.926    u_pl/u_clk/clkout0
    BUFGCTRL_X0Y0        BUFG (Prop_bufg_I_O)         0.026     0.952 r  u_pl/u_clk/u_bufg_pix/O
                         net (fo=3219, routed)        0.544     1.496    u_pl/u_bar_l/clk_pix
    SLICE_X52Y72         FDCE                                         r  u_pl/u_bar_l/rgb565_reg[15]/C
  -------------------------------------------------------------------    -------------------
    SLICE_X52Y72         FDCE (Prop_fdce_C_Q)         0.141     1.637 r  u_pl/u_bar_l/rgb565_reg[15]/Q
                         net (fo=1, routed)           0.101     1.738    u_pl/bar_l0[15]
    SLICE_X50Y72         SRL16E                                       r  u_pl/bar_l_d3_reg[15]_srl3/D
  -------------------------------------------------------------------    -------------------

                         (clock clkout0_1 rise edge)
                                                      0.000     0.000 r  
    W17                                               0.000     0.000 r  sys_clk (IN)
                         net (fo=0)                   0.000     0.000    sys_clk
    W17                  IBUF (Prop_ibuf_I_O)         0.440     0.440 r  sys_clk_IBUF_inst/O
                         net (fo=1, routed)           0.731     1.171    sys_clk_IBUF
    BUFGCTRL_X0Y4        BUFG (Prop_bufg_I_O)         0.029     1.200 r  sys_clk_IBUF_BUFG_inst/O
                         net (fo=182, routed)         0.862     2.062    u_pl/u_clk/sys_clk_IBUF_BUFG
    MMCME2_ADV_X1Y0      MMCME2_ADV (Prop_mmcme2_adv_CLKIN1_CLKOUT0)
                                                     -1.467     0.595 r  u_pl/u_clk/u_mmcm/CLKOUT0
                         net (fo=1, routed)           0.576     1.171    u_pl/u_clk/clkout0
    BUFGCTRL_X0Y0        BUFG (Prop_bufg_I_O)         0.029     1.200 r  u_pl/u_clk/u_bufg_pix/O
                         net (fo=3219, routed)        0.809     2.009    u_pl/clk_pix
    SLICE_X50Y72         SRL16E                                       r  u_pl/bar_l_d3_reg[15]_srl3/CLK
                         clock pessimism             -0.500     1.509    
    SLICE_X50Y72         SRL16E (Hold_srl16e_CLK_D)
                                                      0.183     1.692    u_pl/bar_l_d3_reg[15]_srl3
  -------------------------------------------------------------------
                         required time                         -1.692    
                         arrival time                           1.738    
  -------------------------------------------------------------------
                         slack                                  0.046    





Pulse Width Checks
--------------------------------------------------------------------------------------
Clock Name:         clkout0_1
Waveform(ns):       { 0.000 10.000 }
Period(ns):         20.000
Sources:            { u_pl/u_clk/u_mmcm/CLKOUT0 }

Check Type        Corner  Lib Pin             Reference Pin  Required(ns)  Actual(ns)  Slack(ns)  Location         Pin
Min Period        n/a     DSP48E1/CLK         n/a            3.272         20.000      16.728     DSP48_X2Y46      u_pl/u_zmap/yr_m_reg/CLK
Max Period        n/a     MMCME2_ADV/CLKOUT0  n/a            213.360       20.000      193.360    MMCME2_ADV_X1Y0  u_pl/u_clk/u_mmcm/CLKOUT0
Low Pulse Width   Slow    RAMS64E/CLK         n/a            1.130         10.000      8.870      SLICE_X58Y85     u_pl/u_pipe/u_blur/lb1_reg_0_255_0_0/RAMS64E_A/CLK
High Pulse Width  Slow    RAMS64E/CLK         n/a            1.130         10.000      8.870      SLICE_X58Y85     u_pl/u_pipe/u_blur/lb1_reg_0_255_0_0/RAMS64E_A/CLK



---------------------------------------------------------------------------------------------------
From Clock:  clkout1_1
  To Clock:  clkout1_1

Setup :           NA  Failing Endpoints,  Worst Slack           NA  ,  Total Violation           NA
Hold  :           NA  Failing Endpoints,  Worst Slack           NA  ,  Total Violation           NA
PW    :            0  Failing Endpoints,  Worst Slack        2.408ns,  Total Violation        0.000ns
---------------------------------------------------------------------------------------------------


Pulse Width Checks
--------------------------------------------------------------------------------------
Clock Name:         clkout1_1
Waveform(ns):       { 0.000 2.000 }
Period(ns):         4.000
Sources:            { u_pl/u_clk/u_mmcm/CLKOUT1 }

Check Type  Corner  Lib Pin             Reference Pin  Required(ns)  Actual(ns)  Slack(ns)  Location         Pin
Min Period  n/a     BUFG/I              n/a            1.592         4.000       2.408      BUFGCTRL_X0Y2    u_pl/u_clk/u_bufg_5x/I
Max Period  n/a     MMCME2_ADV/CLKOUT1  n/a            213.360       4.000       209.360    MMCME2_ADV_X1Y0  u_pl/u_clk/u_mmcm/CLKOUT1



---------------------------------------------------------------------------------------------------
From Clock:  clkout2
  To Clock:  clkout2

Setup :           NA  Failing Endpoints,  Worst Slack           NA  ,  Total Violation           NA
Hold  :           NA  Failing Endpoints,  Worst Slack           NA  ,  Total Violation           NA
PW    :            0  Failing Endpoints,  Worst Slack        0.264ns,  Total Violation        0.000ns
---------------------------------------------------------------------------------------------------


Pulse Width Checks
--------------------------------------------------------------------------------------
Clock Name:         clkout2
Waveform(ns):       { 0.000 2.500 }
Period(ns):         5.000
Sources:            { u_idelay_clkgen/u_mmcm/CLKOUT2 }

Check Type  Corner  Lib Pin            Reference Pin  Required(ns)  Actual(ns)  Slack(ns)  Location         Pin
Min Period  n/a     IDELAYCTRL/REFCLK  n/a            2.438         5.000       2.562      IDELAYCTRL_X1Y0  u_eth/u_rgmii/u_rgmii_rx/IDELAYCTRL_inst/REFCLK
Max Period  n/a     IDELAYCTRL/REFCLK  n/a            5.264         5.000       0.264      IDELAYCTRL_X1Y0  u_eth/u_rgmii/u_rgmii_rx/IDELAYCTRL_inst/REFCLK



---------------------------------------------------------------------------------------------------
From Clock:  clkout0_1
  To Clock:  sys_clk

Setup :            0  Failing Endpoints,  Worst Slack       17.160ns,  Total Violation        0.000ns
Hold  :            0  Failing Endpoints,  Worst Slack        0.257ns,  Total Violation        0.000ns
---------------------------------------------------------------------------------------------------


Max Delay Paths
--------------------------------------------------------------------------------------
Slack (MET) :             17.160ns  (required time - arrival time)
  Source:                 u_pl/vs_pix_d0_reg/C
                            (rising edge-triggered cell FDRE clocked by clkout0_1  {rise@0.000ns fall@10.000ns period=20.000ns})
  Destination:            u_pl/vt0_reg/D
                            (rising edge-triggered cell FDRE clocked by sys_clk  {rise@0.000ns fall@10.000ns period=20.000ns})
  Path Group:             sys_clk
  Path Type:              Setup (Max at Slow Process Corner)
  Requirement:            20.000ns  (sys_clk rise@20.000ns - clkout0_1 rise@0.000ns)
  Data Path Delay:        2.395ns  (logic 0.484ns (20.206%)  route 1.911ns (79.794%))
  Logic Levels:           1  (LUT2=1)
  Clock Path Skew:        -0.148ns (DCD - SCD + CPR)
    Destination Clock Delay (DCD):    4.356ns = ( 24.356 - 20.000 ) 
    Source Clock Delay      (SCD):    4.750ns
    Clock Pessimism Removal (CPR):    0.246ns
  Clock Uncertainty:      0.259ns  ((TSJ^2 + DJ^2)^1/2) / 2 + PE
    Total System Jitter     (TSJ):    0.071ns
    Discrete Jitter          (DJ):    0.175ns
    Phase Error              (PE):    0.165ns

    Location             Delay type                Incr(ns)  Path(ns)    Netlist Resource(s)
  -------------------------------------------------------------------    -------------------
                         (clock clkout0_1 rise edge)
                                                      0.000     0.000 r  
    W17                                               0.000     0.000 r  sys_clk (IN)
                         net (fo=0)                   0.000     0.000    sys_clk
    W17                  IBUF (Prop_ibuf_I_O)         1.415     1.415 r  sys_clk_IBUF_inst/O
                         net (fo=1, routed)           1.873     3.288    sys_clk_IBUF
    BUFGCTRL_X0Y4        BUFG (Prop_bufg_I_O)         0.085     3.373 r  sys_clk_IBUF_BUFG_inst/O
                         net (fo=182, routed)         1.550     4.923    u_pl/u_clk/sys_clk_IBUF_BUFG
    MMCME2_ADV_X1Y0      MMCME2_ADV (Prop_mmcme2_adv_CLKIN1_CLKOUT0)
                                                     -3.232     1.691 r  u_pl/u_clk/u_mmcm/CLKOUT0
                         net (fo=1, routed)           1.597     3.288    u_pl/u_clk/clkout0
    BUFGCTRL_X0Y0        BUFG (Prop_bufg_I_O)         0.085     3.373 r  u_pl/u_clk/u_bufg_pix/O
                         net (fo=3219, routed)        1.377     4.750    u_pl/clk_pix
    SLICE_X41Y78         FDRE                                         r  u_pl/vs_pix_d0_reg/C
  -------------------------------------------------------------------    -------------------
    SLICE_X41Y78         FDRE (Prop_fdre_C_Q)         0.379     5.129 r  u_pl/vs_pix_d0_reg/Q
                         net (fo=2, routed)           0.987     6.116    u_pl/vs_pix_d0
    SLICE_X39Y80         LUT2 (Prop_lut2_I0_O)        0.105     6.221 r  u_pl/vt0_i_1/O
                         net (fo=1, routed)           0.925     7.146    u_pl/vs_tick
    SLICE_X38Y80         FDRE                                         r  u_pl/vt0_reg/D
  -------------------------------------------------------------------    -------------------

                         (clock sys_clk rise edge)   20.000    20.000 r  
    W17                                               0.000    20.000 r  sys_clk (IN)
                         net (fo=0)                   0.000    20.000    sys_clk
    W17                  IBUF (Prop_ibuf_I_O)         1.349    21.349 r  sys_clk_IBUF_inst/O
                         net (fo=1, routed)           1.701    23.050    sys_clk_IBUF
    BUFGCTRL_X0Y4        BUFG (Prop_bufg_I_O)         0.077    23.127 r  sys_clk_IBUF_BUFG_inst/O
                         net (fo=182, routed)         1.229    24.356    u_pl/sys_clk_IBUF_BUFG
    SLICE_X38Y80         FDRE                                         r  u_pl/vt0_reg/C
                         clock pessimism              0.246    24.602    
                         clock uncertainty           -0.259    24.343    
    SLICE_X38Y80         FDRE (Setup_fdre_C_D)       -0.037    24.306    u_pl/vt0_reg
  -------------------------------------------------------------------
                         required time                         24.306    
                         arrival time                          -7.146    
  -------------------------------------------------------------------
                         slack                                 17.160    





Min Delay Paths
--------------------------------------------------------------------------------------
Slack (MET) :             0.257ns  (arrival time - required time)
  Source:                 u_pl/vs_pix_d1_reg/C
                            (rising edge-triggered cell FDRE clocked by clkout0_1  {rise@0.000ns fall@10.000ns period=20.000ns})
  Destination:            u_pl/vt0_reg/D
                            (rising edge-triggered cell FDRE clocked by sys_clk  {rise@0.000ns fall@10.000ns period=20.000ns})
  Path Group:             sys_clk
  Path Type:              Hold (Min at Fast Process Corner)
  Requirement:            0.000ns  (sys_clk rise@0.000ns - clkout0_1 rise@0.000ns)
  Data Path Delay:        0.873ns  (logic 0.186ns (21.314%)  route 0.687ns (78.686%))
  Logic Levels:           1  (LUT2=1)
  Clock Path Skew:        0.266ns (DCD - SCD - CPR)
    Destination Clock Delay (DCD):    2.016ns
    Source Clock Delay      (SCD):    1.502ns
    Clock Pessimism Removal (CPR):    0.248ns
  Clock Uncertainty:      0.259ns  ((TSJ^2 + DJ^2)^1/2) / 2 + PE
    Total System Jitter     (TSJ):    0.071ns
    Discrete Jitter          (DJ):    0.175ns
    Phase Error              (PE):    0.165ns

    Location             Delay type                Incr(ns)  Path(ns)    Netlist Resource(s)
  -------------------------------------------------------------------    -------------------
                         (clock clkout0_1 rise edge)
                                                      0.000     0.000 r  
    W17                                               0.000     0.000 r  sys_clk (IN)
                         net (fo=0)                   0.000     0.000    sys_clk
    W17                  IBUF (Prop_ibuf_I_O)         0.252     0.252 r  sys_clk_IBUF_inst/O
                         net (fo=1, routed)           0.674     0.926    sys_clk_IBUF
    BUFGCTRL_X0Y4        BUFG (Prop_bufg_I_O)         0.026     0.952 r  sys_clk_IBUF_BUFG_inst/O
                         net (fo=182, routed)         0.595     1.547    u_pl/u_clk/sys_clk_IBUF_BUFG
    MMCME2_ADV_X1Y0      MMCME2_ADV (Prop_mmcme2_adv_CLKIN1_CLKOUT0)
                                                     -1.150     0.397 r  u_pl/u_clk/u_mmcm/CLKOUT0
                         net (fo=1, routed)           0.529     0.926    u_pl/u_clk/clkout0
    BUFGCTRL_X0Y0        BUFG (Prop_bufg_I_O)         0.026     0.952 r  u_pl/u_clk/u_bufg_pix/O
                         net (fo=3219, routed)        0.550     1.502    u_pl/clk_pix
    SLICE_X39Y80         FDRE                                         r  u_pl/vs_pix_d1_reg/C
  -------------------------------------------------------------------    -------------------
    SLICE_X39Y80         FDRE (Prop_fdre_C_Q)         0.141     1.643 f  u_pl/vs_pix_d1_reg/Q
                         net (fo=1, routed)           0.285     1.928    u_pl/vs_pix_d1
    SLICE_X39Y80         LUT2 (Prop_lut2_I1_O)        0.045     1.973 r  u_pl/vt0_i_1/O
                         net (fo=1, routed)           0.402     2.374    u_pl/vs_tick
    SLICE_X38Y80         FDRE                                         r  u_pl/vt0_reg/D
  -------------------------------------------------------------------    -------------------

                         (clock sys_clk rise edge)    0.000     0.000 r  
    W17                                               0.000     0.000 r  sys_clk (IN)
                         net (fo=0)                   0.000     0.000    sys_clk
    W17                  IBUF (Prop_ibuf_I_O)         0.440     0.440 r  sys_clk_IBUF_inst/O
                         net (fo=1, routed)           0.731     1.171    sys_clk_IBUF
    BUFGCTRL_X0Y4        BUFG (Prop_bufg_I_O)         0.029     1.200 r  sys_clk_IBUF_BUFG_inst/O
                         net (fo=182, routed)         0.816     2.016    u_pl/sys_clk_IBUF_BUFG
    SLICE_X38Y80         FDRE                                         r  u_pl/vt0_reg/C
                         clock pessimism             -0.248     1.768    
                         clock uncertainty            0.259     2.027    
    SLICE_X38Y80         FDRE (Hold_fdre_C_D)         0.090     2.117    u_pl/vt0_reg
  -------------------------------------------------------------------
                         required time                         -2.117    
                         arrival time                           2.374    
  -------------------------------------------------------------------
                         slack                                  0.257    





---------------------------------------------------------------------------------------------------
From Clock:  sys_clk
  To Clock:  clkout0_1

Setup :            0  Failing Endpoints,  Worst Slack        4.904ns,  Total Violation        0.000ns
Hold  :            0  Failing Endpoints,  Worst Slack        0.180ns,  Total Violation        0.000ns
---------------------------------------------------------------------------------------------------


Max Delay Paths
--------------------------------------------------------------------------------------
Slack (MET) :             4.904ns  (required time - arrival time)
  Source:                 u_pl/u_ang/angle_reg[5]/C
                            (rising edge-triggered cell FDRE clocked by sys_clk  {rise@0.000ns fall@10.000ns period=20.000ns})
  Destination:            u_pl/u_osd/r_reg[3]/D
                            (rising edge-triggered cell FDCE clocked by clkout0_1  {rise@0.000ns fall@10.000ns period=20.000ns})
  Path Group:             clkout0_1
  Path Type:              Setup (Max at Slow Process Corner)
  Requirement:            20.000ns  (clkout0_1 rise@20.000ns - sys_clk rise@0.000ns)
  Data Path Delay:        14.581ns  (logic 4.258ns (29.203%)  route 10.323ns (70.797%))
  Logic Levels:           18  (CARRY4=3 LUT2=1 LUT3=2 LUT4=2 LUT5=1 LUT6=9)
  Clock Path Skew:        -0.286ns (DCD - SCD + CPR)
    Destination Clock Delay (DCD):    4.403ns = ( 24.403 - 20.000 ) 
    Source Clock Delay      (SCD):    4.935ns
    Clock Pessimism Removal (CPR):    0.246ns
  Clock Uncertainty:      0.259ns  ((TSJ^2 + DJ^2)^1/2) / 2 + PE
    Total System Jitter     (TSJ):    0.071ns
    Discrete Jitter          (DJ):    0.175ns
    Phase Error              (PE):    0.165ns

    Location             Delay type                Incr(ns)  Path(ns)    Netlist Resource(s)
  -------------------------------------------------------------------    -------------------
                         (clock sys_clk rise edge)    0.000     0.000 r  
    W17                                               0.000     0.000 r  sys_clk (IN)
                         net (fo=0)                   0.000     0.000    sys_clk
    W17                  IBUF (Prop_ibuf_I_O)         1.415     1.415 r  sys_clk_IBUF_inst/O
                         net (fo=1, routed)           1.873     3.288    sys_clk_IBUF
    BUFGCTRL_X0Y4        BUFG (Prop_bufg_I_O)         0.085     3.373 r  sys_clk_IBUF_BUFG_inst/O
                         net (fo=182, routed)         1.562     4.935    u_pl/u_ang/sys_clk_IBUF_BUFG
    SLICE_X42Y104        FDRE                                         r  u_pl/u_ang/angle_reg[5]/C
  -------------------------------------------------------------------    -------------------
    SLICE_X42Y104        FDRE (Prop_fdre_C_Q)         0.398     5.333 r  u_pl/u_ang/angle_reg[5]/Q
                         net (fo=124, routed)         1.042     6.376    u_pl/u_ang/angle[5]
    SLICE_X42Y95         LUT2 (Prop_lut2_I0_O)        0.232     6.608 r  u_pl/u_ang/g0_b0_i_608/O
                         net (fo=1, routed)           0.000     6.608    u_pl/u_ang/g0_b0_i_608_n_0
    SLICE_X42Y95         CARRY4 (Prop_carry4_S[0]_CO[3])
                                                      0.423     7.031 r  u_pl/u_ang/g0_b0_i_462/CO[3]
                         net (fo=1, routed)           0.000     7.031    u_pl/u_ang/g0_b0_i_462_n_0
    SLICE_X42Y96         CARRY4 (Prop_carry4_CI_O[1])
                                                      0.257     7.288 r  u_pl/u_ang/g0_b0_i_232/O[1]
                         net (fo=14, routed)          0.695     7.982    u_pl/u_ang/g0_b0_i_232_n_6
    SLICE_X39Y95         LUT3 (Prop_lut3_I0_O)        0.264     8.246 r  u_pl/u_ang/g0_b0_i_465/O
                         net (fo=2, routed)           0.361     8.607    u_pl/u_ang/g0_b0_i_465_n_0
    SLICE_X39Y95         LUT5 (Prop_lut5_I0_O)        0.267     8.874 r  u_pl/u_ang/g0_b0_i_468/O
                         net (fo=1, routed)           0.000     8.874    u_pl/u_ang/g0_b0_i_468_n_0
    SLICE_X39Y95         CARRY4 (Prop_carry4_S[1]_CO[2])
                                                      0.475     9.349 r  u_pl/u_ang/g0_b0_i_233/CO[2]
                         net (fo=6, routed)           0.572     9.921    u_pl/u_ang/g0_b0_i_233_n_1
    SLICE_X40Y94         LUT4 (Prop_lut4_I3_O)        0.283    10.204 r  u_pl/u_ang/g0_b0_i_89/O
                         net (fo=45, routed)          1.353    11.557    u_pl/u_ang/angle_reg[8]_0
    SLICE_X51Y91         LUT4 (Prop_lut4_I0_O)        0.282    11.839 r  u_pl/u_ang/g0_b0_i_292/O
                         net (fo=1, routed)           0.623    12.462    u_pl/u_ang/g0_b0_i_292_n_0
    SLICE_X46Y92         LUT6 (Prop_lut6_I3_O)        0.267    12.729 f  u_pl/u_ang/g0_b0_i_115/O
                         net (fo=1, routed)           0.222    12.951    u_pl/u_ang/g0_b0_i_115_n_0
    SLICE_X46Y92         LUT6 (Prop_lut6_I3_O)        0.105    13.056 r  u_pl/u_ang/g0_b0_i_42/O
                         net (fo=1, routed)           0.709    13.765    u_pl/u_ang/g0_b0_i_42_n_0
    SLICE_X51Y90         LUT6 (Prop_lut6_I1_O)        0.105    13.870 r  u_pl/u_ang/g0_b0_i_23/O
                         net (fo=13, routed)          1.100    14.970    u_pl/u_osd/chars[1]
    SLICE_X51Y86         LUT6 (Prop_lut6_I1_O)        0.105    15.075 r  u_pl/u_osd/g0_b0_i_14/O
                         net (fo=1, routed)           0.205    15.280    u_pl/u_osd/g0_b0_i_14_n_0
    SLICE_X51Y86         LUT6 (Prop_lut6_I5_O)        0.105    15.385 r  u_pl/u_osd/g0_b0_i_2/O
                         net (fo=35, routed)          1.204    16.589    u_pl/u_osd_n_213
    SLICE_X55Y78         LUT6 (Prop_lut6_I1_O)        0.105    16.694 r  u_pl/g0_b3__4/O
                         net (fo=1, routed)           0.344    17.039    u_pl/u_ang/out[3]
    SLICE_X55Y78         LUT3 (Prop_lut3_I1_O)        0.108    17.147 f  u_pl/u_ang/r[7]_i_53/O
                         net (fo=2, routed)           0.662    17.808    u_pl/u_ang/r[7]_i_53_n_0
    SLICE_X59Y77         LUT6 (Prop_lut6_I5_O)        0.267    18.075 r  u_pl/u_ang/i_7_LOPT_REMAP_2/O
                         net (fo=1, routed)           0.571    18.646    u_pl/u_ang/i_7/O_n_2
    SLICE_X59Y76         LUT6 (Prop_lut6_I4_O)        0.105    18.751 r  u_pl/u_ang/i_0_LOPT_REMAP_3/O
                         net (fo=19, routed)          0.660    19.411    u_pl/u_ang/r[7]_i_6_n_0
    SLICE_X64Y74         LUT6 (Prop_lut6_I5_O)        0.105    19.516 r  u_pl/u_ang/r[3]_i_1/O
                         net (fo=1, routed)           0.000    19.516    u_pl/u_osd/r_reg[7]_0[1]
    SLICE_X64Y74         FDCE                                         r  u_pl/u_osd/r_reg[3]/D
  -------------------------------------------------------------------    -------------------

                         (clock clkout0_1 rise edge)
                                                     20.000    20.000 r  
    W17                                               0.000    20.000 r  sys_clk (IN)
                         net (fo=0)                   0.000    20.000    sys_clk
    W17                  IBUF (Prop_ibuf_I_O)         1.349    21.349 r  sys_clk_IBUF_inst/O
                         net (fo=1, routed)           1.701    23.050    sys_clk_IBUF
    BUFGCTRL_X0Y4        BUFG (Prop_bufg_I_O)         0.077    23.127 r  sys_clk_IBUF_BUFG_inst/O
                         net (fo=182, routed)         1.384    24.511    u_pl/u_clk/sys_clk_IBUF_BUFG
    MMCME2_ADV_X1Y0      MMCME2_ADV (Prop_mmcme2_adv_CLKIN1_CLKOUT0)
                                                     -2.915    21.596 r  u_pl/u_clk/u_mmcm/CLKOUT0
                         net (fo=1, routed)           1.454    23.050    u_pl/u_clk/clkout0
    BUFGCTRL_X0Y0        BUFG (Prop_bufg_I_O)         0.077    23.127 r  u_pl/u_clk/u_bufg_pix/O
                         net (fo=3219, routed)        1.276    24.403    u_pl/u_osd/clk_pix
    SLICE_X64Y74         FDCE                                         r  u_pl/u_osd/r_reg[3]/C
                         clock pessimism              0.246    24.649    
                         clock uncertainty           -0.259    24.390    
    SLICE_X64Y74         FDCE (Setup_fdce_C_D)        0.030    24.420    u_pl/u_osd/r_reg[3]
  -------------------------------------------------------------------
                         required time                         24.420    
                         arrival time                         -19.516    
  -------------------------------------------------------------------
                         slack                                  4.904    





Min Delay Paths
--------------------------------------------------------------------------------------
Slack (MET) :             0.180ns  (arrival time - required time)
  Source:                 u_pl/u_k1l/tog_reg/C
                            (rising edge-triggered cell FDRE clocked by sys_clk  {rise@0.000ns fall@10.000ns period=20.000ns})
  Destination:            u_pl/u_mode/lsync_reg[0]/D
                            (rising edge-triggered cell FDCE clocked by clkout0_1  {rise@0.000ns fall@10.000ns period=20.000ns})
  Path Group:             clkout0_1
  Path Type:              Hold (Min at Fast Process Corner)
  Requirement:            0.000ns  (clkout0_1 rise@0.000ns - sys_clk rise@0.000ns)
  Data Path Delay:        0.737ns  (logic 0.128ns (17.373%)  route 0.609ns (82.627%))
  Logic Levels:           0  
  Clock Path Skew:        0.277ns (DCD - SCD - CPR)
    Destination Clock Delay (DCD):    2.130ns
    Source Clock Delay      (SCD):    1.605ns
    Clock Pessimism Removal (CPR):    0.248ns
  Clock Uncertainty:      0.259ns  ((TSJ^2 + DJ^2)^1/2) / 2 + PE
    Total System Jitter     (TSJ):    0.071ns
    Discrete Jitter          (DJ):    0.175ns
    Phase Error              (PE):    0.165ns

    Location             Delay type                Incr(ns)  Path(ns)    Netlist Resource(s)
  -------------------------------------------------------------------    -------------------
                         (clock sys_clk rise edge)    0.000     0.000 r  
    W17                                               0.000     0.000 r  sys_clk (IN)
                         net (fo=0)                   0.000     0.000    sys_clk
    W17                  IBUF (Prop_ibuf_I_O)         0.252     0.252 r  sys_clk_IBUF_inst/O
                         net (fo=1, routed)           0.674     0.926    sys_clk_IBUF
    BUFGCTRL_X0Y4        BUFG (Prop_bufg_I_O)         0.026     0.952 r  sys_clk_IBUF_BUFG_inst/O
                         net (fo=182, routed)         0.653     1.605    u_pl/u_k1l/sys_clk_IBUF_BUFG
    SLICE_X65Y121        FDRE                                         r  u_pl/u_k1l/tog_reg/C
  -------------------------------------------------------------------    -------------------
    SLICE_X65Y121        FDRE (Prop_fdre_C_Q)         0.128     1.733 r  u_pl/u_k1l/tog_reg/Q
                         net (fo=3, routed)           0.609     2.342    u_pl/u_mode/lsync_reg[0]_0[0]
    SLICE_X58Y114        FDCE                                         r  u_pl/u_mode/lsync_reg[0]/D
  -------------------------------------------------------------------    -------------------

                         (clock clkout0_1 rise edge)
                                                      0.000     0.000 r  
    W17                                               0.000     0.000 r  sys_clk (IN)
                         net (fo=0)                   0.000     0.000    sys_clk
    W17                  IBUF (Prop_ibuf_I_O)         0.440     0.440 r  sys_clk_IBUF_inst/O
                         net (fo=1, routed)           0.731     1.171    sys_clk_IBUF
    BUFGCTRL_X0Y4        BUFG (Prop_bufg_I_O)         0.029     1.200 r  sys_clk_IBUF_BUFG_inst/O
                         net (fo=182, routed)         0.862     2.062    u_pl/u_clk/sys_clk_IBUF_BUFG
    MMCME2_ADV_X1Y0      MMCME2_ADV (Prop_mmcme2_adv_CLKIN1_CLKOUT0)
                                                     -1.467     0.595 r  u_pl/u_clk/u_mmcm/CLKOUT0
                         net (fo=1, routed)           0.576     1.171    u_pl/u_clk/clkout0
    BUFGCTRL_X0Y0        BUFG (Prop_bufg_I_O)         0.029     1.200 r  u_pl/u_clk/u_bufg_pix/O
                         net (fo=3219, routed)        0.930     2.130    u_pl/u_mode/clk_pix
    SLICE_X58Y114        FDCE                                         r  u_pl/u_mode/lsync_reg[0]/C
                         clock pessimism             -0.248     1.882    
                         clock uncertainty            0.259     2.141    
    SLICE_X58Y114        FDCE (Hold_fdce_C_D)         0.021     2.162    u_pl/u_mode/lsync_reg[0]
  -------------------------------------------------------------------
                         required time                         -2.162    
                         arrival time                           2.342    
  -------------------------------------------------------------------
                         slack                                  0.180    





