Copyright 1986-2022 Xilinx, Inc. All Rights Reserved. Copyright 2022-2026 Advanced Micro Devices, Inc. All Rights Reserved.
---------------------------------------------------------------------------------------------------------------------------------------------
| Tool Version : Vivado v.2025.2.1 (win64) Build 6403652 Thu Mar 19 19:48:24 GMT 2026
| Date         : Sat Oct  3 18:39:32 2026
| Host         : Uie-laptop running 64-bit major release  (build 9200)
| Command      : report_timing_summary -file C:/Users/wenqu/AppData/Local/Temp/kx/mf114/B/timing_summary.rpt
| Design       : system_top
| Device       : 7z020-clg484
| Speed File   : -2  PRODUCTION 1.12 2019-11-22
| Design State : Routed
---------------------------------------------------------------------------------------------------------------------------------------------

Timing Summary Report

------------------------------------------------------------------------------------------------
| Timer Settings
| --------------
------------------------------------------------------------------------------------------------

  Enable Multi Corner Analysis               :  Yes
  Enable Pessimism Removal                   :  Yes
  Pessimism Removal Resolution               :  Nearest Common Node
  Enable Input Delay Default Clock           :  No
  Enable Preset / Clear Arcs                 :  No
  Disable Flight Delays                      :  No
  Ignore I/O Paths                           :  No
  Timing Early Launch at Borrowing Latches   :  No
  Borrow Time for Max Delay Exceptions       :  Yes
  Merge Timing Exceptions                    :  Yes
  Inter-SLR Compensation                     :  Conservative

  Corner  Analyze    Analyze    
  Name    Max Paths  Min Paths  
  ------  ---------  ---------  
  Slow    Yes        Yes        
  Fast    Yes        Yes        


------------------------------------------------------------------------------------------------
| Report Methodology
| ------------------
------------------------------------------------------------------------------------------------

No report available as report_methodology has not been run prior. Run report_methodology on the current design for the summary of methodology violations.



check_timing report

Table of Contents
-----------------
1. checking no_clock (0)
2. checking constant_clock (0)
3. checking pulse_width_clock (0)
4. checking unconstrained_internal_endpoints (0)
5. checking no_input_delay (7)
6. checking no_output_delay (12)
7. checking multiple_clock (0)
8. checking generated_clocks (0)
9. checking loops (0)
10. checking partial_input_delay (0)
11. checking partial_output_delay (0)
12. checking latch_loops (0)

1. checking no_clock (0)
------------------------
 There are 0 register/latch pins with no clock.


2. checking constant_clock (0)
------------------------------
 There are 0 register/latch pins with constant_clock.


3. checking pulse_width_clock (0)
---------------------------------
 There are 0 register/latch pins which need pulse_width check


4. checking unconstrained_internal_endpoints (0)
------------------------------------------------
 There are 0 pins that are not constrained for maximum delay.

 There are 0 pins that are not constrained for maximum delay due to constant clock.


5. checking no_input_delay (7)
------------------------------
 There are 5 input ports with no input delay specified. (HIGH)

 There are 2 input ports with no input delay but user has a false path constraint. (MEDIUM)


6. checking no_output_delay (12)
--------------------------------
 There are 6 ports with no output delay specified. (HIGH)

 There are 6 ports with no output delay but user has a false path constraint (MEDIUM)

 There are 0 ports with no output delay but with a timing clock defined on it or propagating through it


7. checking multiple_clock (0)
------------------------------
 There are 0 register/latch pins with multiple clocks.


8. checking generated_clocks (0)
--------------------------------
 There are 0 generated clocks that are not connected to a clock source.


9. checking loops (0)
---------------------
 There are 0 combinational loops in the design.


10. checking partial_input_delay (0)
------------------------------------
 There are 0 input ports with partial input delay specified.


11. checking partial_output_delay (0)
-------------------------------------
 There are 0 ports with partial output delay specified.


12. checking latch_loops (0)
----------------------------
 There are 0 combinational latch loops in the design through latch input



------------------------------------------------------------------------------------------------
| Design Timing Summary
| ---------------------
------------------------------------------------------------------------------------------------

    WNS(ns)      TNS(ns)  TNS Failing Endpoints  TNS Total Endpoints      WHS(ns)      THS(ns)  THS Failing Endpoints  THS Total Endpoints     WPWS(ns)     TPWS(ns)  TPWS Failing Endpoints  TPWS Total Endpoints  
    -------      -------  ---------------------  -------------------      -------      -------  ---------------------  -------------------     --------     --------  ----------------------  --------------------  
      0.452        0.000                      0                51503        0.035        0.000                      0                51503        0.264        0.000                       0                 12900  


All user specified timing constraints are met.


------------------------------------------------------------------------------------------------
| Clock Summary
| -------------
------------------------------------------------------------------------------------------------

Clock         Waveform(ns)         Period(ns)      Frequency(MHz)
-----         ------------         ----------      --------------
clk_fpga_0    {0.000 5.000}        10.000          100.000         
eth_rxc       {0.000 4.000}        8.000           125.000         
sys_clk       {0.000 10.000}       20.000          50.000          
  clkfbout    {0.000 10.000}       20.000          50.000          
  clkfbout_1  {0.000 10.000}       20.000          50.000          
  clkout0_1   {0.000 10.000}       20.000          50.000          
  clkout1_1   {0.000 2.000}        4.000           250.000         
  clkout2     {0.000 2.500}        5.000           200.000         


------------------------------------------------------------------------------------------------
| Intra Clock Table
| -----------------
------------------------------------------------------------------------------------------------

Clock             WNS(ns)      TNS(ns)  TNS Failing Endpoints  TNS Total Endpoints      WHS(ns)      THS(ns)  THS Failing Endpoints  THS Total Endpoints     WPWS(ns)     TPWS(ns)  TPWS Failing Endpoints  TPWS Total Endpoints  
-----             -------      -------  ---------------------  -------------------      -------      -------  ---------------------  -------------------     --------     --------  ----------------------  --------------------  
clk_fpga_0          1.495        0.000                      0                15934        0.056        0.000                      0                15934        3.870        0.000                       0                  4485  
eth_rxc             0.452        0.000                      0                 4844        0.035        0.000                      0                 4844        3.500        0.000                       0                  2555  
sys_clk            14.262        0.000                      0                  323        0.133        0.000                      0                  323        7.000        0.000                       0                   187  
  clkfbout                                                                                                                                                     18.408        0.000                       0                     3  
  clkfbout_1                                                                                                                                                   18.408        0.000                       0                     3  
  clkout0_1         4.222        0.000                      0                30325        0.062        0.000                      0                30325        8.870        0.000                       0                  5654  
  clkout1_1                                                                                                                                                     2.408        0.000                       0                    10  
  clkout2                                                                                                                                                       0.264        0.000                       0                     3  


------------------------------------------------------------------------------------------------
| Inter Clock Table
| -----------------
------------------------------------------------------------------------------------------------

From Clock    To Clock          WNS(ns)      TNS(ns)  TNS Failing Endpoints  TNS Total Endpoints      WHS(ns)      THS(ns)  THS Failing Endpoints  THS Total Endpoints  
----------    --------          -------      -------  ---------------------  -------------------      -------      -------  ---------------------  -------------------  
clkout0_1     sys_clk            14.086        0.000                      0                   19        0.259        0.000                      0                   19  
sys_clk       clkout0_1           4.686        0.000                      0                  231        0.311        0.000                      0                  231  


------------------------------------------------------------------------------------------------
| Other Path Groups Table
| -----------------------
------------------------------------------------------------------------------------------------

Path Group    From Clock    To Clock          WNS(ns)      TNS(ns)  TNS Failing Endpoints  TNS Total Endpoints      WHS(ns)      THS(ns)  THS Failing Endpoints  THS Total Endpoints  
----------    ----------    --------          -------      -------  ---------------------  -------------------      -------      -------  ---------------------  -------------------  


------------------------------------------------------------------------------------------------
| Timing Details
| --------------
------------------------------------------------------------------------------------------------


---------------------------------------------------------------------------------------------------
From Clock:  clk_fpga_0
  To Clock:  clk_fpga_0

Setup :            0  Failing Endpoints,  Worst Slack        1.495ns,  Total Violation        0.000ns
Hold  :            0  Failing Endpoints,  Worst Slack        0.056ns,  Total Violation        0.000ns
PW    :            0  Failing Endpoints,  Worst Slack        3.870ns,  Total Violation        0.000ns
---------------------------------------------------------------------------------------------------


Max Delay Paths
--------------------------------------------------------------------------------------
Slack (MET) :             1.495ns  (required time - arrival time)
  Source:                 u_pl/u_row/fb_wr_en_reg/C
                            (rising edge-triggered cell FDCE clocked by clk_fpga_0  {rise@0.000ns fall@5.000ns period=10.000ns})
  Destination:            u_pl/u_bilin/u_fb/lo_reg_0_24/WEA[0]
                            (rising edge-triggered cell RAMB36E1 clocked by clk_fpga_0  {rise@0.000ns fall@5.000ns period=10.000ns})
  Path Group:             clk_fpga_0
  Path Type:              Setup (Max at Slow Process Corner)
  Requirement:            10.000ns  (clk_fpga_0 rise@10.000ns - clk_fpga_0 rise@0.000ns)
  Data Path Delay:        8.001ns  (logic 0.484ns (6.049%)  route 7.517ns (93.951%))
  Logic Levels:           1  (LUT6=1)
  Clock Path Skew:        0.127ns (DCD - SCD + CPR)
    Destination Clock Delay (DCD):    2.517ns = ( 12.517 - 10.000 ) 
    Source Clock Delay      (SCD):    2.487ns
    Clock Pessimism Removal (CPR):    0.097ns
  Clock Uncertainty:      0.154ns  ((TSJ^2 + TIJ^2)^1/2 + DJ) / 2 + PE
    Total System Jitter     (TSJ):    0.071ns
    Total Input Jitter      (TIJ):    0.300ns
    Discrete Jitter          (DJ):    0.000ns
    Phase Error              (PE):    0.000ns

    Location             Delay type                Incr(ns)  Path(ns)    Netlist Resource(s)
  -------------------------------------------------------------------    -------------------
                         (clock clk_fpga_0 rise edge)
                                                      0.000     0.000 r  
    PS7_X0Y0             PS7                          0.000     0.000 r  u_bd/design_1_i/processing_system7_0/inst/PS7_i/FCLKCLK[0]
                         net (fo=1, routed)           0.994     0.994    u_bd/design_1_i/processing_system7_0/inst/FCLK_CLK_unbuffered[0]
    BUFGCTRL_X0Y16       BUFG (Prop_bufg_I_O)         0.085     1.079 r  u_bd/design_1_i/processing_system7_0/inst/buffer_fclk_clk_0.FCLK_CLK_0_BUFG/O
                         net (fo=4486, routed)        1.408     2.487    u_pl/u_row/FCLK_CLK0
    SLICE_X43Y44         FDCE                                         r  u_pl/u_row/fb_wr_en_reg/C
  -------------------------------------------------------------------    -------------------
    SLICE_X43Y44         FDCE (Prop_fdce_C_Q)         0.379     2.866 r  u_pl/u_row/fb_wr_en_reg/Q
                         net (fo=38, routed)          6.605     9.471    u_pl/u_row/row_wr_en
    SLICE_X90Y98         LUT6 (Prop_lut6_I1_O)        0.105     9.576 r  u_pl/u_row/lo_reg_0_24_i_3/O
                         net (fo=1, routed)           0.913    10.488    u_pl/u_bilin/u_fb/lo_reg_0_24_2[0]
    RAMB36_X4Y22         RAMB36E1                                     r  u_pl/u_bilin/u_fb/lo_reg_0_24/WEA[0]
  -------------------------------------------------------------------    -------------------

                         (clock clk_fpga_0 rise edge)
                                                     10.000    10.000 r  
    PS7_X0Y0             PS7                          0.000    10.000 r  u_bd/design_1_i/processing_system7_0/inst/PS7_i/FCLKCLK[0]
                         net (fo=1, routed)           0.905    10.906    u_bd/design_1_i/processing_system7_0/inst/FCLK_CLK_unbuffered[0]
    BUFGCTRL_X0Y16       BUFG (Prop_bufg_I_O)         0.077    10.983 r  u_bd/design_1_i/processing_system7_0/inst/buffer_fclk_clk_0.FCLK_CLK_0_BUFG/O
                         net (fo=4486, routed)        1.535    12.517    u_pl/u_bilin/u_fb/FCLK_CLK0
    RAMB36_X4Y22         RAMB36E1                                     r  u_pl/u_bilin/u_fb/lo_reg_0_24/CLKARDCLK
                         clock pessimism              0.097    12.614    
                         clock uncertainty           -0.154    12.459    
    RAMB36_X4Y22         RAMB36E1 (Setup_ramb36e1_CLKARDCLK_WEA[0])
                                                     -0.476    11.983    u_pl/u_bilin/u_fb/lo_reg_0_24
  -------------------------------------------------------------------
                         required time                         11.983    
                         arrival time                         -10.488    
  -------------------------------------------------------------------
                         slack                                  1.495    





Min Delay Paths
--------------------------------------------------------------------------------------
Slack (MET) :             0.056ns  (arrival time - required time)
  Source:                 u_bd/design_1_i/axi_gpio_1/U0/gpio_core_1/Not_Dual.gpio_OE_reg[24]/C
                            (rising edge-triggered cell FDSE clocked by clk_fpga_0  {rise@0.000ns fall@5.000ns period=10.000ns})
  Destination:            u_bd/design_1_i/axi_gpio_1/U0/gpio_core_1/Not_Dual.ALLIN1_ND.READ_REG_GEN[24].reg1_reg[24]/D
                            (rising edge-triggered cell FDRE clocked by clk_fpga_0  {rise@0.000ns fall@5.000ns period=10.000ns})
  Path Group:             clk_fpga_0
  Path Type:              Hold (Min at Fast Process Corner)
  Requirement:            0.000ns  (clk_fpga_0 rise@0.000ns - clk_fpga_0 rise@0.000ns)
  Data Path Delay:        0.526ns  (logic 0.227ns (43.161%)  route 0.299ns (56.839%))
  Logic Levels:           1  (LUT5=1)
  Clock Path Skew:        0.349ns (DCD - SCD - CPR)
    Destination Clock Delay (DCD):    1.277ns
    Source Clock Delay      (SCD):    0.893ns
    Clock Pessimism Removal (CPR):    0.035ns

    Location             Delay type                Incr(ns)  Path(ns)    Netlist Resource(s)
  -------------------------------------------------------------------    -------------------
                         (clock clk_fpga_0 rise edge)
                                                      0.000     0.000 r  
    PS7_X0Y0             PS7                          0.000     0.000 r  u_bd/design_1_i/processing_system7_0/inst/PS7_i/FCLKCLK[0]
                         net (fo=1, routed)           0.310     0.310    u_bd/design_1_i/processing_system7_0/inst/FCLK_CLK_unbuffered[0]
    BUFGCTRL_X0Y16       BUFG (Prop_bufg_I_O)         0.026     0.336 r  u_bd/design_1_i/processing_system7_0/inst/buffer_fclk_clk_0.FCLK_CLK_0_BUFG/O
                         net (fo=4486, routed)        0.557     0.893    u_bd/design_1_i/axi_gpio_1/U0/gpio_core_1/s_axi_aclk
    SLICE_X43Y99         FDSE                                         r  u_bd/design_1_i/axi_gpio_1/U0/gpio_core_1/Not_Dual.gpio_OE_reg[24]/C
  -------------------------------------------------------------------    -------------------
    SLICE_X43Y99         FDSE (Prop_fdse_C_Q)         0.128     1.021 r  u_bd/design_1_i/axi_gpio_1/U0/gpio_core_1/Not_Dual.gpio_OE_reg[24]/Q
                         net (fo=1, routed)           0.299     1.320    u_bd/design_1_i/axi_gpio_1/U0/gpio_core_1/Not_Dual.gpio_OE_reg_n_0_[24]
    SLICE_X46Y100        LUT5 (Prop_lut5_I4_O)        0.099     1.419 r  u_bd/design_1_i/axi_gpio_1/U0/gpio_core_1/Not_Dual.ALLIN1_ND.READ_REG_GEN[24].reg1[24]_i_1/O
                         net (fo=1, routed)           0.000     1.419    u_bd/design_1_i/axi_gpio_1/U0/gpio_core_1/Not_Dual.ALLIN1_ND.READ_REG_GEN[24].reg1[24]_i_1_n_0
    SLICE_X46Y100        FDRE                                         r  u_bd/design_1_i/axi_gpio_1/U0/gpio_core_1/Not_Dual.ALLIN1_ND.READ_REG_GEN[24].reg1_reg[24]/D
  -------------------------------------------------------------------    -------------------

                         (clock clk_fpga_0 rise edge)
                                                      0.000     0.000 r  
    PS7_X0Y0             PS7                          0.000     0.000 r  u_bd/design_1_i/processing_system7_0/inst/PS7_i/FCLKCLK[0]
                         net (fo=1, routed)           0.337     0.337    u_bd/design_1_i/processing_system7_0/inst/FCLK_CLK_unbuffered[0]
    BUFGCTRL_X0Y16       BUFG (Prop_bufg_I_O)         0.029     0.366 r  u_bd/design_1_i/processing_system7_0/inst/buffer_fclk_clk_0.FCLK_CLK_0_BUFG/O
                         net (fo=4486, routed)        0.911     1.277    u_bd/design_1_i/axi_gpio_1/U0/gpio_core_1/s_axi_aclk
    SLICE_X46Y100        FDRE                                         r  u_bd/design_1_i/axi_gpio_1/U0/gpio_core_1/Not_Dual.ALLIN1_ND.READ_REG_GEN[24].reg1_reg[24]/C
                         clock pessimism             -0.035     1.242    
    SLICE_X46Y100        FDRE (Hold_fdre_C_D)         0.121     1.363    u_bd/design_1_i/axi_gpio_1/U0/gpio_core_1/Not_Dual.ALLIN1_ND.READ_REG_GEN[24].reg1_reg[24]
  -------------------------------------------------------------------
                         required time                         -1.363    
                         arrival time                           1.419    
  -------------------------------------------------------------------
                         slack                                  0.056    





Pulse Width Checks
--------------------------------------------------------------------------------------
Clock Name:         clk_fpga_0
Waveform(ns):       { 0.000 5.000 }
Period(ns):         10.000
Sources:            { u_bd/design_1_i/processing_system7_0/inst/PS7_i/FCLKCLK[0] }

Check Type        Corner  Lib Pin             Reference Pin  Required(ns)  Actual(ns)  Slack(ns)  Location      Pin
Min Period        n/a     RAMB36E1/CLKBWRCLK  n/a            2.170         10.000      7.830      RAMB36_X0Y3   u_eth/u_cdc/mem_reg_0/CLKBWRCLK
Low Pulse Width   Slow    RAMD64E/CLK         n/a            1.130         5.000       3.870      SLICE_X20Y31  u_eth/u_saver/q_addr_reg_0_63_12_14/RAMA/CLK
High Pulse Width  Slow    RAMD64E/CLK         n/a            1.130         5.000       3.870      SLICE_X20Y31  u_eth/u_saver/q_addr_reg_0_63_12_14/RAMA/CLK



---------------------------------------------------------------------------------------------------
From Clock:  eth_rxc
  To Clock:  eth_rxc

Setup :            0  Failing Endpoints,  Worst Slack        0.452ns,  Total Violation        0.000ns
Hold  :            0  Failing Endpoints,  Worst Slack        0.035ns,  Total Violation        0.000ns
PW    :            0  Failing Endpoints,  Worst Slack        3.500ns,  Total Violation        0.000ns
---------------------------------------------------------------------------------------------------


Max Delay Paths
--------------------------------------------------------------------------------------
Slack (MET) :             0.452ns  (required time - arrival time)
  Source:                 u_eth/u_icmp/u_icmp_tx/ip_head_reg[4][16]/C
                            (rising edge-triggered cell FDRE clocked by eth_rxc  {rise@0.000ns fall@4.000ns period=8.000ns})
  Destination:            u_eth/u_icmp/u_icmp_tx/check_buffer_reg[18]/D
                            (rising edge-triggered cell FDCE clocked by eth_rxc  {rise@0.000ns fall@4.000ns period=8.000ns})
  Path Group:             eth_rxc
  Path Type:              Setup (Max at Slow Process Corner)
  Requirement:            8.000ns  (eth_rxc rise@8.000ns - eth_rxc rise@0.000ns)
  Data Path Delay:        7.416ns  (logic 3.091ns (41.680%)  route 4.325ns (58.320%))
  Logic Levels:           11  (CARRY4=6 LUT3=2 LUT4=2 LUT5=1)
  Clock Path Skew:        -0.065ns (DCD - SCD + CPR)
    Destination Clock Delay (DCD):    4.492ns = ( 12.492 - 8.000 ) 
    Source Clock Delay      (SCD):    4.899ns
    Clock Pessimism Removal (CPR):    0.342ns
  Clock Uncertainty:      0.035ns  ((TSJ^2 + TIJ^2)^1/2 + DJ) / 2 + PE
    Total System Jitter     (TSJ):    0.071ns
    Total Input Jitter      (TIJ):    0.000ns
    Discrete Jitter          (DJ):    0.000ns
    Phase Error              (PE):    0.000ns

    Location             Delay type                Incr(ns)  Path(ns)    Netlist Resource(s)
  -------------------------------------------------------------------    -------------------
                         (clock eth_rxc rise edge)    0.000     0.000 r  
    Y19                                               0.000     0.000 r  eth_rxc (IN)
                         net (fo=0)                   0.000     0.000    eth_rxc
    Y19                  IBUF (Prop_ibuf_I_O)         1.430     1.430 r  eth_rxc_IBUF_inst/O
                         net (fo=1, routed)           1.873     3.303    u_eth/u_rgmii/u_rgmii_rx/rgmii_rxc
    BUFGCTRL_X0Y1        BUFG (Prop_bufg_I_O)         0.085     3.388 r  u_eth/u_rgmii/u_rgmii_rx/BUFG_inst/O
                         net (fo=2555, routed)        1.511     4.899    u_eth/u_icmp/u_icmp_tx/gmii_rx_clk
    SLICE_X103Y30        FDRE                                         r  u_eth/u_icmp/u_icmp_tx/ip_head_reg[4][16]/C
  -------------------------------------------------------------------    -------------------
    SLICE_X103Y30        FDRE (Prop_fdre_C_Q)         0.379     5.278 r  u_eth/u_icmp/u_icmp_tx/ip_head_reg[4][16]/Q
                         net (fo=3, routed)           1.285     6.563    u_eth/u_icmp/u_icmp_tx/p_0_in0_in[0]
    SLICE_X101Y27        LUT3 (Prop_lut3_I1_O)        0.119     6.682 r  u_eth/u_icmp/u_icmp_tx/check_buffer[0]_i_5/O
                         net (fo=2, routed)           0.361     7.043    u_eth/u_icmp/u_icmp_tx/check_buffer[0]_i_5_n_0
    SLICE_X101Y27        LUT4 (Prop_lut4_I3_O)        0.267     7.310 r  u_eth/u_icmp/u_icmp_tx/check_buffer[0]_i_8/O
                         net (fo=1, routed)           0.000     7.310    u_eth/u_icmp/u_icmp_tx/check_buffer[0]_i_8_n_0
    SLICE_X101Y27        CARRY4 (Prop_carry4_S[1]_CO[3])
                                                      0.457     7.767 r  u_eth/u_icmp/u_icmp_tx/check_buffer_reg[0]_i_2/CO[3]
                         net (fo=1, routed)           0.000     7.767    u_eth/u_icmp/u_icmp_tx/check_buffer_reg[0]_i_2_n_0
    SLICE_X101Y28        CARRY4 (Prop_carry4_CI_CO[3])
                                                      0.098     7.865 r  u_eth/u_icmp/u_icmp_tx/check_buffer_reg[12]_i_11/CO[3]
                         net (fo=1, routed)           0.000     7.865    u_eth/u_icmp/u_icmp_tx/check_buffer_reg[12]_i_11_n_0
    SLICE_X101Y29        CARRY4 (Prop_carry4_CI_CO[3])
                                                      0.098     7.963 r  u_eth/u_icmp/u_icmp_tx/check_buffer_reg[16]_i_12/CO[3]
                         net (fo=1, routed)           0.000     7.963    u_eth/u_icmp/u_icmp_tx/check_buffer_reg[16]_i_12_n_0
    SLICE_X101Y30        CARRY4 (Prop_carry4_CI_O[0])
                                                      0.181     8.144 r  u_eth/u_icmp/u_icmp_tx/check_buffer_reg[19]_i_8/O[0]
                         net (fo=5, routed)           0.695     8.838    u_eth/u_icmp/u_icmp_tx/check_buffer_reg[19]_i_8_n_7
    SLICE_X99Y29         LUT4 (Prop_lut4_I3_O)        0.263     9.101 r  u_eth/u_icmp/u_icmp_tx/check_buffer[16]_i_7/O
                         net (fo=2, routed)           0.675     9.776    u_eth/u_icmp/u_icmp_tx/check_buffer[16]_i_7_n_0
    SLICE_X99Y30         LUT5 (Prop_lut5_I0_O)        0.274    10.050 r  u_eth/u_icmp/u_icmp_tx/check_buffer[16]_i_11/O
                         net (fo=1, routed)           0.000    10.050    u_eth/u_icmp/u_icmp_tx/check_buffer[16]_i_11_n_0
    SLICE_X99Y30         CARRY4 (Prop_carry4_S[0]_CO[3])
                                                      0.440    10.490 r  u_eth/u_icmp/u_icmp_tx/check_buffer_reg[16]_i_2/CO[3]
                         net (fo=1, routed)           0.000    10.490    u_eth/u_icmp/u_icmp_tx/check_buffer_reg[16]_i_2_n_0
    SLICE_X99Y31         CARRY4 (Prop_carry4_CI_O[1])
                                                      0.265    10.755 r  u_eth/u_icmp/u_icmp_tx/check_buffer_reg[19]_i_4/O[1]
                         net (fo=1, routed)           0.624    11.379    u_eth/u_icmp/u_icmp_tx/check_buffer00_in[18]
    SLICE_X99Y24         LUT3 (Prop_lut3_I0_O)        0.250    11.629 r  u_eth/u_icmp/u_icmp_tx/check_buffer[18]_i_1/O
                         net (fo=1, routed)           0.686    12.315    u_eth/u_icmp/u_icmp_tx/check_buffer[18]_i_1_n_0
    SLICE_X99Y26         FDCE                                         r  u_eth/u_icmp/u_icmp_tx/check_buffer_reg[18]/D
  -------------------------------------------------------------------    -------------------

                         (clock eth_rxc rise edge)    8.000     8.000 r  
    Y19                                               0.000     8.000 r  eth_rxc (IN)
                         net (fo=0)                   0.000     8.000    eth_rxc
    Y19                  IBUF (Prop_ibuf_I_O)         1.364     9.364 r  eth_rxc_IBUF_inst/O
                         net (fo=1, routed)           1.701    11.065    u_eth/u_rgmii/u_rgmii_rx/rgmii_rxc
    BUFGCTRL_X0Y1        BUFG (Prop_bufg_I_O)         0.077    11.142 r  u_eth/u_rgmii/u_rgmii_rx/BUFG_inst/O
                         net (fo=2555, routed)        1.350    12.492    u_eth/u_icmp/u_icmp_tx/gmii_rx_clk
    SLICE_X99Y26         FDCE                                         r  u_eth/u_icmp/u_icmp_tx/check_buffer_reg[18]/C
                         clock pessimism              0.342    12.834    
                         clock uncertainty           -0.035    12.798    
    SLICE_X99Y26         FDCE (Setup_fdce_C_D)       -0.032    12.766    u_eth/u_icmp/u_icmp_tx/check_buffer_reg[18]
  -------------------------------------------------------------------
                         required time                         12.766    
                         arrival time                         -12.315    
  -------------------------------------------------------------------
                         slack                                  0.452    





Min Delay Paths
--------------------------------------------------------------------------------------
Slack (MET) :             0.035ns  (arrival time - required time)
  Source:                 u_eth/u_cdc/rgray_s1_reg[10]/C
                            (rising edge-triggered cell FDCE clocked by eth_rxc  {rise@0.000ns fall@4.000ns period=8.000ns})
  Destination:            u_eth/u_lm/full_d_reg/D
                            (rising edge-triggered cell FDCE clocked by eth_rxc  {rise@0.000ns fall@4.000ns period=8.000ns})
  Path Group:             eth_rxc
  Path Type:              Hold (Min at Fast Process Corner)
  Requirement:            0.000ns  (eth_rxc rise@0.000ns - eth_rxc rise@0.000ns)
  Data Path Delay:        0.984ns  (logic 0.400ns (40.651%)  route 0.584ns (59.349%))
  Logic Levels:           3  (CARRY4=2 LUT6=1)
  Clock Path Skew:        0.058ns (DCD - SCD - CPR)
    Destination Clock Delay (DCD):    2.060ns
    Source Clock Delay      (SCD):    1.521ns
    Clock Pessimism Removal (CPR):    0.481ns
  Clock Uncertainty:      0.800ns  ((TSJ^2 + TIJ^2)^1/2 + DJ) / 2 + PE + UU
    Total System Jitter     (TSJ):    0.000ns
    Total Input Jitter      (TIJ):    0.000ns
    Discrete Jitter          (DJ):    0.000ns
    Phase Error              (PE):    0.000ns
    User Uncertainty         (UU):    0.800ns

    Location             Delay type                Incr(ns)  Path(ns)    Netlist Resource(s)
  -------------------------------------------------------------------    -------------------
                         (clock eth_rxc rise edge)    0.000     0.000 r  
    Y19                                               0.000     0.000 r  eth_rxc (IN)
                         net (fo=0)                   0.000     0.000    eth_rxc
    Y19                  IBUF (Prop_ibuf_I_O)         0.266     0.266 r  eth_rxc_IBUF_inst/O
                         net (fo=1, routed)           0.674     0.940    u_eth/u_rgmii/u_rgmii_rx/rgmii_rxc
    BUFGCTRL_X0Y1        BUFG (Prop_bufg_I_O)         0.026     0.966 r  u_eth/u_rgmii/u_rgmii_rx/BUFG_inst/O
                         net (fo=2555, routed)        0.555     1.521    u_eth/u_cdc/gmii_rx_clk
    SLICE_X34Y18         FDCE                                         r  u_eth/u_cdc/rgray_s1_reg[10]/C
  -------------------------------------------------------------------    -------------------
    SLICE_X34Y18         FDCE (Prop_fdce_C_Q)         0.164     1.685 r  u_eth/u_cdc/rgray_s1_reg[10]/Q
                         net (fo=1, routed)           0.584     2.269    u_eth/u_cdc/rgray_s1[10]
    SLICE_X31Y18         LUT6 (Prop_lut6_I4_O)        0.045     2.314 r  u_eth/u_cdc/full_d_i_4/O
                         net (fo=1, routed)           0.000     2.314    u_eth/u_cdc/full_d_i_4_n_0
    SLICE_X31Y18         CARRY4 (Prop_carry4_S[3]_CO[3])
                                                      0.115     2.429 r  u_eth/u_cdc/full_d_reg_i_2/CO[3]
                         net (fo=1, routed)           0.000     2.429    u_eth/u_cdc/full_d_reg_i_2_n_0
    SLICE_X31Y19         CARRY4 (Prop_carry4_CI_CO[0])
                                                      0.076     2.505 r  u_eth/u_cdc/full_d_reg_i_1/CO[0]
                         net (fo=6, routed)           0.000     2.505    u_eth/u_lm/wr_full
    SLICE_X31Y19         FDCE                                         r  u_eth/u_lm/full_d_reg/D
  -------------------------------------------------------------------    -------------------

                         (clock eth_rxc rise edge)    0.000     0.000 r  
    Y19                                               0.000     0.000 r  eth_rxc (IN)
                         net (fo=0)                   0.000     0.000    eth_rxc
    Y19                  IBUF (Prop_ibuf_I_O)         0.454     0.454 r  eth_rxc_IBUF_inst/O
                         net (fo=1, routed)           0.731     1.185    u_eth/u_rgmii/u_rgmii_rx/rgmii_rxc
    BUFGCTRL_X0Y1        BUFG (Prop_bufg_I_O)         0.029     1.214 r  u_eth/u_rgmii/u_rgmii_rx/BUFG_inst/O
                         net (fo=2555, routed)        0.846     2.060    u_eth/u_lm/gmii_rx_clk
    SLICE_X31Y19         FDCE                                         r  u_eth/u_lm/full_d_reg/C
                         clock pessimism             -0.481     1.579    
                         clock uncertainty            0.800     2.379    
    SLICE_X31Y19         FDCE (Hold_fdce_C_D)         0.091     2.470    u_eth/u_lm/full_d_reg
  -------------------------------------------------------------------
                         required time                         -2.470    
                         arrival time                           2.505    
  -------------------------------------------------------------------
                         slack                                  0.035    





Pulse Width Checks
--------------------------------------------------------------------------------------
Clock Name:         eth_rxc
Waveform(ns):       { 0.000 4.000 }
Period(ns):         8.000
Sources:            { eth_rxc }

Check Type        Corner  Lib Pin             Reference Pin  Required(ns)  Actual(ns)  Slack(ns)  Location      Pin
Min Period        n/a     RAMB18E1/CLKARDCLK  n/a            2.472         8.000       5.528      RAMB18_X5Y10  u_eth/u_icmp_fifo/mem_reg/CLKARDCLK
Low Pulse Width   Slow    FDCE/C              n/a            0.500         4.000       3.500      SLICE_X26Y21  u_eth/flush_pend_reg/C
High Pulse Width  Slow    FDCE/C              n/a            0.500         4.000       3.500      SLICE_X26Y21  u_eth/flush_pend_reg/C



---------------------------------------------------------------------------------------------------
From Clock:  sys_clk
  To Clock:  sys_clk

Setup :            0  Failing Endpoints,  Worst Slack       14.262ns,  Total Violation        0.000ns
Hold  :            0  Failing Endpoints,  Worst Slack        0.133ns,  Total Violation        0.000ns
PW    :            0  Failing Endpoints,  Worst Slack        7.000ns,  Total Violation        0.000ns
---------------------------------------------------------------------------------------------------


Max Delay Paths
--------------------------------------------------------------------------------------
Slack (MET) :             14.262ns  (required time - arrival time)
  Source:                 u_pl/u_ang/angle_reg[4]/C
                            (rising edge-triggered cell FDRE clocked by sys_clk  {rise@0.000ns fall@10.000ns period=20.000ns})
  Destination:            u_pl/u_ang/angle_reg[6]/D
                            (rising edge-triggered cell FDRE clocked by sys_clk  {rise@0.000ns fall@10.000ns period=20.000ns})
  Path Group:             sys_clk
  Path Type:              Setup (Max at Slow Process Corner)
  Requirement:            20.000ns  (sys_clk rise@20.000ns - sys_clk rise@0.000ns)
  Data Path Delay:        5.615ns  (logic 1.613ns (28.724%)  route 4.002ns (71.276%))
  Logic Levels:           5  (CARRY4=1 LUT5=2 LUT6=2)
  Clock Path Skew:        -0.028ns (DCD - SCD + CPR)
    Destination Clock Delay (DCD):    4.578ns = ( 24.578 - 20.000 ) 
    Source Clock Delay      (SCD):    4.996ns
    Clock Pessimism Removal (CPR):    0.390ns
  Clock Uncertainty:      0.035ns  ((TSJ^2 + TIJ^2)^1/2 + DJ) / 2 + PE
    Total System Jitter     (TSJ):    0.071ns
    Total Input Jitter      (TIJ):    0.000ns
    Discrete Jitter          (DJ):    0.000ns
    Phase Error              (PE):    0.000ns

    Location             Delay type                Incr(ns)  Path(ns)    Netlist Resource(s)
  -------------------------------------------------------------------    -------------------
                         (clock sys_clk rise edge)    0.000     0.000 r  
    W17                                               0.000     0.000 r  sys_clk (IN)
                         net (fo=0)                   0.000     0.000    sys_clk
    W17                  IBUF (Prop_ibuf_I_O)         1.415     1.415 r  sys_clk_IBUF_inst/O
                         net (fo=1, routed)           1.873     3.288    sys_clk_IBUF
    BUFGCTRL_X0Y4        BUFG (Prop_bufg_I_O)         0.085     3.373 r  sys_clk_IBUF_BUFG_inst/O
                         net (fo=186, routed)         1.623     4.996    u_pl/u_ang/sys_clk_IBUF_BUFG
    SLICE_X82Y104        FDRE                                         r  u_pl/u_ang/angle_reg[4]/C
  -------------------------------------------------------------------    -------------------
    SLICE_X82Y104        FDRE (Prop_fdre_C_Q)         0.433     5.429 r  u_pl/u_ang/angle_reg[4]/Q
                         net (fo=203, routed)         1.295     6.724    u_pl/u_ang/angle_reg[4]_0
    SLICE_X83Y104        CARRY4 (Prop_carry4_S[0]_O[3])
                                                      0.608     7.332 r  u_pl/u_ang/angle_reg[7]_i_4/O[3]
                         net (fo=3, routed)           0.682     8.014    u_pl/u_ang/angle_reg[7]_i_4_n_4
    SLICE_X82Y103        LUT6 (Prop_lut6_I5_O)        0.257     8.271 r  u_pl/u_ang/angle[3]_i_3/O
                         net (fo=4, routed)           0.809     9.080    u_pl/u_ang/angle[3]_i_3_n_0
    SLICE_X82Y104        LUT6 (Prop_lut6_I5_O)        0.105     9.185 r  u_pl/u_ang/angle[6]_i_5/O
                         net (fo=1, routed)           0.457     9.641    u_pl/u_ang/angle[6]_i_5_n_0
    SLICE_X84Y104        LUT5 (Prop_lut5_I4_O)        0.105     9.746 r  u_pl/u_ang/angle[6]_i_3/O
                         net (fo=1, routed)           0.505    10.252    u_pl/u_ang/angle[6]_i_3_n_0
    SLICE_X84Y103        LUT5 (Prop_lut5_I4_O)        0.105    10.357 r  u_pl/u_ang/angle[6]_i_1/O
                         net (fo=1, routed)           0.255    10.612    u_pl/u_ang/p_1_in__0[6]
    SLICE_X84Y103        FDRE                                         r  u_pl/u_ang/angle_reg[6]/D
  -------------------------------------------------------------------    -------------------

                         (clock sys_clk rise edge)   20.000    20.000 r  
    W17                                               0.000    20.000 r  sys_clk (IN)
                         net (fo=0)                   0.000    20.000    sys_clk
    W17                  IBUF (Prop_ibuf_I_O)         1.349    21.349 r  sys_clk_IBUF_inst/O
                         net (fo=1, routed)           1.701    23.050    sys_clk_IBUF
    BUFGCTRL_X0Y4        BUFG (Prop_bufg_I_O)         0.077    23.127 r  sys_clk_IBUF_BUFG_inst/O
                         net (fo=186, routed)         1.451    24.578    u_pl/u_ang/sys_clk_IBUF_BUFG
    SLICE_X84Y103        FDRE                                         r  u_pl/u_ang/angle_reg[6]/C
                         clock pessimism              0.390    24.968    
                         clock uncertainty           -0.035    24.933    
    SLICE_X84Y103        FDRE (Setup_fdre_C_D)       -0.059    24.874    u_pl/u_ang/angle_reg[6]
  -------------------------------------------------------------------
                         required time                         24.874    
                         arrival time                         -10.612    
  -------------------------------------------------------------------
                         slack                                 14.262    





Min Delay Paths
--------------------------------------------------------------------------------------
Slack (MET) :             0.133ns  (arrival time - required time)
  Source:                 u_pl/u_k1/key_sync1_reg/C
                            (rising edge-triggered cell FDRE clocked by sys_clk  {rise@0.000ns fall@10.000ns period=20.000ns})
  Destination:            u_pl/u_k1/acnt_reg[3]/D
                            (rising edge-triggered cell FDRE clocked by sys_clk  {rise@0.000ns fall@10.000ns period=20.000ns})
  Path Group:             sys_clk
  Path Type:              Hold (Min at Fast Process Corner)
  Requirement:            0.000ns  (sys_clk rise@0.000ns - sys_clk rise@0.000ns)
  Data Path Delay:        0.618ns  (logic 0.273ns (44.163%)  route 0.345ns (55.837%))
  Logic Levels:           2  (CARRY4=1 LUT2=1)
  Clock Path Skew:        0.351ns (DCD - SCD - CPR)
    Destination Clock Delay (DCD):    2.167ns
    Source Clock Delay      (SCD):    1.563ns
    Clock Pessimism Removal (CPR):    0.253ns

    Location             Delay type                Incr(ns)  Path(ns)    Netlist Resource(s)
  -------------------------------------------------------------------    -------------------
                         (clock sys_clk rise edge)    0.000     0.000 r  
    W17                                               0.000     0.000 r  sys_clk (IN)
                         net (fo=0)                   0.000     0.000    sys_clk
    W17                  IBUF (Prop_ibuf_I_O)         0.252     0.252 r  sys_clk_IBUF_inst/O
                         net (fo=1, routed)           0.674     0.926    sys_clk_IBUF
    BUFGCTRL_X0Y4        BUFG (Prop_bufg_I_O)         0.026     0.952 r  sys_clk_IBUF_BUFG_inst/O
                         net (fo=186, routed)         0.611     1.563    u_pl/u_k1/sys_clk_IBUF_BUFG
    SLICE_X104Y97        FDRE                                         r  u_pl/u_k1/key_sync1_reg/C
  -------------------------------------------------------------------    -------------------
    SLICE_X104Y97        FDRE (Prop_fdre_C_Q)         0.164     1.727 r  u_pl/u_k1/key_sync1_reg/Q
                         net (fo=47, routed)          0.345     2.072    u_pl/u_k1/key_sync1
    SLICE_X102Y100       LUT2 (Prop_lut2_I0_O)        0.045     2.117 r  u_pl/u_k1/acnt[0]_i_4/O
                         net (fo=1, routed)           0.000     2.117    u_pl/u_k1/acnt[0]_i_4_n_0
    SLICE_X102Y100       CARRY4 (Prop_carry4_S[3]_O[3])
                                                      0.064     2.181 r  u_pl/u_k1/acnt_reg[0]_i_2/O[3]
                         net (fo=1, routed)           0.000     2.181    u_pl/u_k1/acnt_reg[0]_i_2_n_4
    SLICE_X102Y100       FDRE                                         r  u_pl/u_k1/acnt_reg[3]/D
  -------------------------------------------------------------------    -------------------

                         (clock sys_clk rise edge)    0.000     0.000 r  
    W17                                               0.000     0.000 r  sys_clk (IN)
                         net (fo=0)                   0.000     0.000    sys_clk
    W17                  IBUF (Prop_ibuf_I_O)         0.440     0.440 r  sys_clk_IBUF_inst/O
                         net (fo=1, routed)           0.731     1.171    sys_clk_IBUF
    BUFGCTRL_X0Y4        BUFG (Prop_bufg_I_O)         0.029     1.200 r  sys_clk_IBUF_BUFG_inst/O
                         net (fo=186, routed)         0.967     2.167    u_pl/u_k1/sys_clk_IBUF_BUFG
    SLICE_X102Y100       FDRE                                         r  u_pl/u_k1/acnt_reg[3]/C
                         clock pessimism             -0.253     1.914    
    SLICE_X102Y100       FDRE (Hold_fdre_C_D)         0.134     2.048    u_pl/u_k1/acnt_reg[3]
  -------------------------------------------------------------------
                         required time                         -2.048    
                         arrival time                           2.181    
  -------------------------------------------------------------------
                         slack                                  0.133    





Pulse Width Checks
--------------------------------------------------------------------------------------
Clock Name:         sys_clk
Waveform(ns):       { 0.000 10.000 }
Period(ns):         20.000
Sources:            { sys_clk }

Check Type        Corner  Lib Pin            Reference Pin  Required(ns)  Actual(ns)  Slack(ns)  Location         Pin
Min Period        n/a     BUFG/I             n/a            1.592         20.000      18.408     BUFGCTRL_X0Y4    sys_clk_IBUF_BUFG_inst/I
Max Period        n/a     MMCME2_ADV/CLKIN1  n/a            100.000       20.000      80.000     MMCME2_ADV_X0Y0  u_idelay_clkgen/u_mmcm/CLKIN1
Low Pulse Width   Slow    MMCME2_ADV/CLKIN1  n/a            3.000         10.000      7.000      MMCME2_ADV_X0Y0  u_idelay_clkgen/u_mmcm/CLKIN1
High Pulse Width  Slow    MMCME2_ADV/CLKIN1  n/a            3.000         10.000      7.000      MMCME2_ADV_X0Y0  u_idelay_clkgen/u_mmcm/CLKIN1



---------------------------------------------------------------------------------------------------
From Clock:  clkfbout
  To Clock:  clkfbout

Setup :           NA  Failing Endpoints,  Worst Slack           NA  ,  Total Violation           NA
Hold  :           NA  Failing Endpoints,  Worst Slack           NA  ,  Total Violation           NA
PW    :            0  Failing Endpoints,  Worst Slack       18.408ns,  Total Violation        0.000ns
---------------------------------------------------------------------------------------------------


Pulse Width Checks
--------------------------------------------------------------------------------------
Clock Name:         clkfbout
Waveform(ns):       { 0.000 10.000 }
Period(ns):         20.000
Sources:            { u_idelay_clkgen/u_mmcm/CLKFBOUT }

Check Type  Corner  Lib Pin             Reference Pin  Required(ns)  Actual(ns)  Slack(ns)  Location         Pin
Min Period  n/a     BUFG/I              n/a            1.592         20.000      18.408     BUFGCTRL_X0Y5    u_idelay_clkgen/u_bufg_fb/I
Max Period  n/a     MMCME2_ADV/CLKFBIN  n/a            100.000       20.000      80.000     MMCME2_ADV_X0Y0  u_idelay_clkgen/u_mmcm/CLKFBIN



---------------------------------------------------------------------------------------------------
From Clock:  clkfbout_1
  To Clock:  clkfbout_1

Setup :           NA  Failing Endpoints,  Worst Slack           NA  ,  Total Violation           NA
Hold  :           NA  Failing Endpoints,  Worst Slack           NA  ,  Total Violation           NA
PW    :            0  Failing Endpoints,  Worst Slack       18.408ns,  Total Violation        0.000ns
---------------------------------------------------------------------------------------------------


Pulse Width Checks
--------------------------------------------------------------------------------------
Clock Name:         clkfbout_1
Waveform(ns):       { 0.000 10.000 }
Period(ns):         20.000
Sources:            { u_pl/u_clk/u_mmcm/CLKFBOUT }

Check Type  Corner  Lib Pin             Reference Pin  Required(ns)  Actual(ns)  Slack(ns)  Location         Pin
Min Period  n/a     BUFG/I              n/a            1.592         20.000      18.408     BUFGCTRL_X0Y6    u_pl/u_clk/u_bufg_fb/I
Max Period  n/a     MMCME2_ADV/CLKFBIN  n/a            100.000       20.000      80.000     MMCME2_ADV_X1Y0  u_pl/u_clk/u_mmcm/CLKFBIN



---------------------------------------------------------------------------------------------------
From Clock:  clkout0_1
  To Clock:  clkout0_1

Setup :            0  Failing Endpoints,  Worst Slack        4.222ns,  Total Violation        0.000ns
Hold  :            0  Failing Endpoints,  Worst Slack        0.062ns,  Total Violation        0.000ns
PW    :            0  Failing Endpoints,  Worst Slack        8.870ns,  Total Violation        0.000ns
---------------------------------------------------------------------------------------------------


Max Delay Paths
--------------------------------------------------------------------------------------
Slack (MET) :             4.222ns  (required time - arrival time)
  Source:                 u_pl/u_mode/mode_q_reg[0]/C
                            (rising edge-triggered cell FDCE clocked by clkout0_1  {rise@0.000ns fall@10.000ns period=20.000ns})
  Destination:            u_pl/u_pipe/u_gray/dout_reg[2]/D
                            (rising edge-triggered cell FDCE clocked by clkout0_1  {rise@0.000ns fall@10.000ns period=20.000ns})
  Path Group:             clkout0_1
  Path Type:              Setup (Max at Slow Process Corner)
  Requirement:            20.000ns  (clkout0_1 rise@20.000ns - clkout0_1 rise@0.000ns)
  Data Path Delay:        15.487ns  (logic 4.874ns (31.472%)  route 10.613ns (68.528%))
  Logic Levels:           18  (CARRY4=8 LUT2=3 LUT3=3 LUT5=1 LUT6=2 RAMD64E=1)
  Clock Path Skew:        -0.266ns (DCD - SCD + CPR)
    Destination Clock Delay (DCD):    4.408ns = ( 24.408 - 20.000 ) 
    Source Clock Delay      (SCD):    4.932ns
    Clock Pessimism Removal (CPR):    0.258ns
  Clock Uncertainty:      0.094ns  ((TSJ^2 + DJ^2)^1/2) / 2 + PE
    Total System Jitter     (TSJ):    0.071ns
    Discrete Jitter          (DJ):    0.175ns
    Phase Error              (PE):    0.000ns

    Location             Delay type                Incr(ns)  Path(ns)    Netlist Resource(s)
  -------------------------------------------------------------------    -------------------
                         (clock clkout0_1 rise edge)
                                                      0.000     0.000 r  
    W17                                               0.000     0.000 r  sys_clk (IN)
                         net (fo=0)                   0.000     0.000    sys_clk
    W17                  IBUF (Prop_ibuf_I_O)         1.415     1.415 r  sys_clk_IBUF_inst/O
                         net (fo=1, routed)           1.873     3.288    sys_clk_IBUF
    BUFGCTRL_X0Y4        BUFG (Prop_bufg_I_O)         0.085     3.373 r  sys_clk_IBUF_BUFG_inst/O
                         net (fo=186, routed)         1.550     4.923    u_pl/u_clk/sys_clk_IBUF_BUFG
    MMCME2_ADV_X1Y0      MMCME2_ADV (Prop_mmcme2_adv_CLKIN1_CLKOUT0)
                                                     -3.232     1.691 r  u_pl/u_clk/u_mmcm/CLKOUT0
                         net (fo=1, routed)           1.597     3.288    u_pl/u_clk/clkout0
    BUFGCTRL_X0Y0        BUFG (Prop_bufg_I_O)         0.085     3.373 r  u_pl/u_clk/u_bufg_pix/O
                         net (fo=5661, routed)        1.559     4.932    u_pl/u_mode/clk_pix
    SLICE_X49Y101        FDCE                                         r  u_pl/u_mode/mode_q_reg[0]/C
  -------------------------------------------------------------------    -------------------
    SLICE_X49Y101        FDCE (Prop_fdce_C_Q)         0.379     5.311 r  u_pl/u_mode/mode_q_reg[0]/Q
                         net (fo=8, routed)           1.729     7.040    u_pl/u_mode/Q[0]
    SLICE_X62Y96         LUT5 (Prop_lut5_I2_O)        0.118     7.158 r  u_pl/u_mode/tb_reg_0_63_3_5_i_7/O
                         net (fo=31, routed)          1.668     8.826    u_pl/u_bilin/fb_vis
    SLICE_X90Y66         LUT6 (Prop_lut6_I1_O)        0.283     9.109 r  u_pl/u_bilin/tb_reg_0_63_3_5_i_2/O
                         net (fo=52, routed)          1.998    11.107    u_pl/u_pipe/u_gamma/tb_reg_128_191_6_7/ADDRB0
    SLICE_X66Y77         RAMD64E (Prop_ramd64e_RADR0_O)
                                                      0.105    11.212 r  u_pl/u_pipe/u_gamma/tb_reg_128_191_6_7/RAMB/O
                         net (fo=1, routed)           0.786    11.998    u_pl/u_pipe/u_gamma/tb_reg_128_191_6_7_n_1
    SLICE_X63Y76         LUT6 (Prop_lut6_I1_O)        0.105    12.103 r  u_pl/u_pipe/u_gamma/y160_carry_i_10/O
                         net (fo=4, routed)           0.883    12.986    u_pl/u_pipe/u_gamma/y160_carry_i_10_n_0
    SLICE_X61Y72         LUT3 (Prop_lut3_I0_O)        0.115    13.101 r  u_pl/u_pipe/u_gamma/dout[4]_i_2/O
                         net (fo=15, routed)          0.850    13.951    u_pl/u_pipe/u_gamma/gm_sync_reg[31]_3
    SLICE_X57Y69         LUT2 (Prop_lut2_I0_O)        0.267    14.218 r  u_pl/u_pipe/u_gamma/y160_carry_i_6/O
                         net (fo=1, routed)           0.000    14.218    u_pl/u_pipe/u_gray/y16_carry_1[1]
    SLICE_X57Y69         CARRY4 (Prop_carry4_S[1]_CO[3])
                                                      0.457    14.675 r  u_pl/u_pipe/u_gray/y160_carry/CO[3]
                         net (fo=1, routed)           0.000    14.675    u_pl/u_pipe/u_gray/y160_carry_n_0
    SLICE_X57Y70         CARRY4 (Prop_carry4_CI_O[0])
                                                      0.180    14.855 r  u_pl/u_pipe/u_gray/y160_carry__0/O[0]
                         net (fo=4, routed)           0.798    15.653    u_pl/u_pipe/u_gamma/O[0]
    SLICE_X59Y68         LUT3 (Prop_lut3_I1_O)        0.262    15.915 r  u_pl/u_pipe/u_gamma/y160__23_carry_i_1__2/O
                         net (fo=1, routed)           0.267    16.181    u_pl/u_pipe/u_gray/y16_carry_2[1]
    SLICE_X59Y69         CARRY4 (Prop_carry4_DI[3]_CO[3])
                                                      0.481    16.662 r  u_pl/u_pipe/u_gray/y160__23_carry/CO[3]
                         net (fo=1, routed)           0.000    16.662    u_pl/u_pipe/u_gray/y160__23_carry_n_0
    SLICE_X59Y70         CARRY4 (Prop_carry4_CI_O[0])
                                                      0.180    16.842 r  u_pl/u_pipe/u_gray/y160__23_carry__0/O[0]
                         net (fo=2, routed)           0.461    17.304    u_pl/u_pipe/u_gray/y160[7]
    SLICE_X60Y69         LUT2 (Prop_lut2_I0_O)        0.249    17.553 r  u_pl/u_pipe/u_gray/y16_carry__0_i_1__2/O
                         net (fo=1, routed)           0.000    17.553    u_pl/u_pipe/u_gray/y16_carry__0_i_1__2_n_0
    SLICE_X60Y69         CARRY4 (Prop_carry4_S[3]_CO[3])
                                                      0.332    17.885 r  u_pl/u_pipe/u_gray/y16_carry__0/CO[3]
                         net (fo=1, routed)           0.000    17.885    u_pl/u_pipe/u_gray/y16_carry__0_n_0
    SLICE_X60Y70         CARRY4 (Prop_carry4_CI_O[2])
                                                      0.200    18.085 r  u_pl/u_pipe/u_gray/y16_carry__1/O[2]
                         net (fo=1, routed)           0.458    18.543    u_pl/u_pipe/u_gray/C__2[10]
    SLICE_X63Y70         LUT2 (Prop_lut2_I1_O)        0.253    18.796 r  u_pl/u_pipe/u_gray/y16__41_carry__1_i_3__2/O
                         net (fo=1, routed)           0.000    18.796    u_pl/u_pipe/u_gray/y16__41_carry__1_i_3__2_n_0
    SLICE_X63Y70         CARRY4 (Prop_carry4_S[1]_CO[3])
                                                      0.457    19.253 r  u_pl/u_pipe/u_gray/y16__41_carry__1/CO[3]
                         net (fo=1, routed)           0.000    19.253    u_pl/u_pipe/u_gray/y16__41_carry__1_n_0
    SLICE_X63Y71         CARRY4 (Prop_carry4_CI_O[0])
                                                      0.180    19.433 r  u_pl/u_pipe/u_gray/y16__41_carry__2/O[0]
                         net (fo=3, routed)           0.715    20.148    u_pl/u_pipe/u_gray/y16__41_carry__2_i_3__2_0[1]
    SLICE_X61Y67         LUT3 (Prop_lut3_I1_O)        0.271    20.419 r  u_pl/u_pipe/u_gray/dout[2]_i_1/O
                         net (fo=1, routed)           0.000    20.419    u_pl/u_pipe/u_gray/p_0_in[2]
    SLICE_X61Y67         FDCE                                         r  u_pl/u_pipe/u_gray/dout_reg[2]/D
  -------------------------------------------------------------------    -------------------

                         (clock clkout0_1 rise edge)
                                                     20.000    20.000 r  
    W17                                               0.000    20.000 r  sys_clk (IN)
                         net (fo=0)                   0.000    20.000    sys_clk
    W17                  IBUF (Prop_ibuf_I_O)         1.349    21.349 r  sys_clk_IBUF_inst/O
                         net (fo=1, routed)           1.701    23.050    sys_clk_IBUF
    BUFGCTRL_X0Y4        BUFG (Prop_bufg_I_O)         0.077    23.127 r  sys_clk_IBUF_BUFG_inst/O
                         net (fo=186, routed)         1.384    24.511    u_pl/u_clk/sys_clk_IBUF_BUFG
    MMCME2_ADV_X1Y0      MMCME2_ADV (Prop_mmcme2_adv_CLKIN1_CLKOUT0)
                                                     -2.915    21.596 r  u_pl/u_clk/u_mmcm/CLKOUT0
                         net (fo=1, routed)           1.454    23.050    u_pl/u_clk/clkout0
    BUFGCTRL_X0Y0        BUFG (Prop_bufg_I_O)         0.077    23.127 r  u_pl/u_clk/u_bufg_pix/O
                         net (fo=5661, routed)        1.281    24.408    u_pl/u_pipe/u_gray/clk_pix
    SLICE_X61Y67         FDCE                                         r  u_pl/u_pipe/u_gray/dout_reg[2]/C
                         clock pessimism              0.258    24.666    
                         clock uncertainty           -0.094    24.572    
    SLICE_X61Y67         FDCE (Setup_fdce_C_D)        0.069    24.641    u_pl/u_pipe/u_gray/dout_reg[2]
  -------------------------------------------------------------------
                         required time                         24.641    
                         arrival time                         -20.419    
  -------------------------------------------------------------------
                         slack                                  4.222    





Min Delay Paths
--------------------------------------------------------------------------------------
Slack (MET) :             0.062ns  (arrival time - required time)
  Source:                 u_pl/u_pipe/xd_reg[8][2]/C
                            (rising edge-triggered cell FDCE clocked by clkout0_1  {rise@0.000ns fall@10.000ns period=20.000ns})
  Destination:            u_pl/u_sobel/mc1_reg_256_319_3_5/RAMA/WADR2
                            (rising edge-triggered cell RAMD64E clocked by clkout0_1  {rise@0.000ns fall@10.000ns period=20.000ns})
  Path Group:             clkout0_1
  Path Type:              Hold (Min at Fast Process Corner)
  Requirement:            0.000ns  (clkout0_1 rise@0.000ns - clkout0_1 rise@0.000ns)
  Data Path Delay:        0.349ns  (logic 0.141ns (40.383%)  route 0.208ns (59.617%))
  Logic Levels:           0  
  Clock Path Skew:        0.033ns (DCD - SCD - CPR)
    Destination Clock Delay (DCD):    2.018ns
    Source Clock Delay      (SCD):    1.503ns
    Clock Pessimism Removal (CPR):    0.482ns

    Location             Delay type                Incr(ns)  Path(ns)    Netlist Resource(s)
  -------------------------------------------------------------------    -------------------
                         (clock clkout0_1 rise edge)
                                                      0.000     0.000 r  
    W17                                               0.000     0.000 r  sys_clk (IN)
                         net (fo=0)                   0.000     0.000    sys_clk
    W17                  IBUF (Prop_ibuf_I_O)         0.252     0.252 r  sys_clk_IBUF_inst/O
                         net (fo=1, routed)           0.674     0.926    sys_clk_IBUF
    BUFGCTRL_X0Y4        BUFG (Prop_bufg_I_O)         0.026     0.952 r  sys_clk_IBUF_BUFG_inst/O
                         net (fo=186, routed)         0.595     1.547    u_pl/u_clk/sys_clk_IBUF_BUFG
    MMCME2_ADV_X1Y0      MMCME2_ADV (Prop_mmcme2_adv_CLKIN1_CLKOUT0)
                                                     -1.150     0.397 r  u_pl/u_clk/u_mmcm/CLKOUT0
                         net (fo=1, routed)           0.529     0.926    u_pl/u_clk/clkout0
    BUFGCTRL_X0Y0        BUFG (Prop_bufg_I_O)         0.026     0.952 r  u_pl/u_clk/u_bufg_pix/O
                         net (fo=5661, routed)        0.551     1.503    u_pl/u_pipe/clk_pix
    SLICE_X41Y68         FDCE                                         r  u_pl/u_pipe/xd_reg[8][2]/C
  -------------------------------------------------------------------    -------------------
    SLICE_X41Y68         FDCE (Prop_fdce_C_Q)         0.141     1.644 r  u_pl/u_pipe/xd_reg[8][2]/Q
                         net (fo=60, routed)          0.208     1.852    u_pl/u_sobel/mc1_reg_256_319_3_5/ADDRD2
    SLICE_X38Y67         RAMD64E                                      r  u_pl/u_sobel/mc1_reg_256_319_3_5/RAMA/WADR2
  -------------------------------------------------------------------    -------------------

                         (clock clkout0_1 rise edge)
                                                      0.000     0.000 r  
    W17                                               0.000     0.000 r  sys_clk (IN)
                         net (fo=0)                   0.000     0.000    sys_clk
    W17                  IBUF (Prop_ibuf_I_O)         0.440     0.440 r  sys_clk_IBUF_inst/O
                         net (fo=1, routed)           0.731     1.171    sys_clk_IBUF
    BUFGCTRL_X0Y4        BUFG (Prop_bufg_I_O)         0.029     1.200 r  sys_clk_IBUF_BUFG_inst/O
                         net (fo=186, routed)         0.862     2.062    u_pl/u_clk/sys_clk_IBUF_BUFG
    MMCME2_ADV_X1Y0      MMCME2_ADV (Prop_mmcme2_adv_CLKIN1_CLKOUT0)
                                                     -1.467     0.595 r  u_pl/u_clk/u_mmcm/CLKOUT0
                         net (fo=1, routed)           0.576     1.171    u_pl/u_clk/clkout0
    BUFGCTRL_X0Y0        BUFG (Prop_bufg_I_O)         0.029     1.200 r  u_pl/u_clk/u_bufg_pix/O
                         net (fo=5661, routed)        0.818     2.018    u_pl/u_sobel/mc1_reg_256_319_3_5/WCLK
    SLICE_X38Y67         RAMD64E                                      r  u_pl/u_sobel/mc1_reg_256_319_3_5/RAMA/CLK
                         clock pessimism             -0.482     1.536    
    SLICE_X38Y67         RAMD64E (Hold_ramd64e_CLK_WADR2)
                                                      0.254     1.790    u_pl/u_sobel/mc1_reg_256_319_3_5/RAMA
  -------------------------------------------------------------------
                         required time                         -1.790    
                         arrival time                           1.852    
  -------------------------------------------------------------------
                         slack                                  0.062    





Pulse Width Checks
--------------------------------------------------------------------------------------
Clock Name:         clkout0_1
Waveform(ns):       { 0.000 10.000 }
Period(ns):         20.000
Sources:            { u_pl/u_clk/u_mmcm/CLKOUT0 }

Check Type        Corner  Lib Pin             Reference Pin  Required(ns)  Actual(ns)  Slack(ns)  Location         Pin
Min Period        n/a     DSP48E1/CLK         n/a            3.272         20.000      16.728     DSP48_X3Y37      u_pl/u_zmap/yr_m_reg/CLK
Max Period        n/a     MMCME2_ADV/CLKOUT0  n/a            213.360       20.000      193.360    MMCME2_ADV_X1Y0  u_pl/u_clk/u_mmcm/CLKOUT0
Low Pulse Width   Slow    RAMD64E/CLK         n/a            1.130         10.000      8.870      SLICE_X62Y44     u_pl/u_blur/lb0_reg_0_63_0_2/RAMA/CLK
High Pulse Width  Slow    RAMD64E/CLK         n/a            1.130         10.000      8.870      SLICE_X62Y44     u_pl/u_blur/lb0_reg_0_63_0_2/RAMA/CLK



---------------------------------------------------------------------------------------------------
From Clock:  clkout1_1
  To Clock:  clkout1_1

Setup :           NA  Failing Endpoints,  Worst Slack           NA  ,  Total Violation           NA
Hold  :           NA  Failing Endpoints,  Worst Slack           NA  ,  Total Violation           NA
PW    :            0  Failing Endpoints,  Worst Slack        2.408ns,  Total Violation        0.000ns
---------------------------------------------------------------------------------------------------


Pulse Width Checks
--------------------------------------------------------------------------------------
Clock Name:         clkout1_1
Waveform(ns):       { 0.000 2.000 }
Period(ns):         4.000
Sources:            { u_pl/u_clk/u_mmcm/CLKOUT1 }

Check Type  Corner  Lib Pin             Reference Pin  Required(ns)  Actual(ns)  Slack(ns)  Location         Pin
Min Period  n/a     BUFG/I              n/a            1.592         4.000       2.408      BUFGCTRL_X0Y2    u_pl/u_clk/u_bufg_5x/I
Max Period  n/a     MMCME2_ADV/CLKOUT1  n/a            213.360       4.000       209.360    MMCME2_ADV_X1Y0  u_pl/u_clk/u_mmcm/CLKOUT1



---------------------------------------------------------------------------------------------------
From Clock:  clkout2
  To Clock:  clkout2

Setup :           NA  Failing Endpoints,  Worst Slack           NA  ,  Total Violation           NA
Hold  :           NA  Failing Endpoints,  Worst Slack           NA  ,  Total Violation           NA
PW    :            0  Failing Endpoints,  Worst Slack        0.264ns,  Total Violation        0.000ns
---------------------------------------------------------------------------------------------------


Pulse Width Checks
--------------------------------------------------------------------------------------
Clock Name:         clkout2
Waveform(ns):       { 0.000 2.500 }
Period(ns):         5.000
Sources:            { u_idelay_clkgen/u_mmcm/CLKOUT2 }

Check Type  Corner  Lib Pin            Reference Pin  Required(ns)  Actual(ns)  Slack(ns)  Location         Pin
Min Period  n/a     IDELAYCTRL/REFCLK  n/a            2.438         5.000       2.562      IDELAYCTRL_X1Y0  u_eth/u_rgmii/u_rgmii_rx/IDELAYCTRL_inst/REFCLK
Max Period  n/a     IDELAYCTRL/REFCLK  n/a            5.264         5.000       0.264      IDELAYCTRL_X1Y0  u_eth/u_rgmii/u_rgmii_rx/IDELAYCTRL_inst/REFCLK



---------------------------------------------------------------------------------------------------
From Clock:  clkout0_1
  To Clock:  sys_clk

Setup :            0  Failing Endpoints,  Worst Slack       14.086ns,  Total Violation        0.000ns
Hold  :            0  Failing Endpoints,  Worst Slack        0.259ns,  Total Violation        0.000ns
---------------------------------------------------------------------------------------------------


Max Delay Paths
--------------------------------------------------------------------------------------
Slack (MET) :             14.086ns  (required time - arrival time)
  Source:                 u_pl/u_split_x/bus_q_reg[16]/C
                            (rising edge-triggered cell FDCE clocked by clkout0_1  {rise@0.000ns fall@10.000ns period=20.000ns})
  Destination:            u_pl/u_ang/angle_reg[6]/D
                            (rising edge-triggered cell FDRE clocked by sys_clk  {rise@0.000ns fall@10.000ns period=20.000ns})
  Path Group:             sys_clk
  Path Type:              Setup (Max at Slow Process Corner)
  Requirement:            20.000ns  (sys_clk rise@20.000ns - clkout0_1 rise@0.000ns)
  Data Path Delay:        5.431ns  (logic 1.773ns (32.649%)  route 3.658ns (67.351%))
  Logic Levels:           7  (CARRY4=2 LUT2=1 LUT5=2 LUT6=2)
  Clock Path Skew:        -0.165ns (DCD - SCD + CPR)
    Destination Clock Delay (DCD):    4.578ns = ( 24.578 - 20.000 ) 
    Source Clock Delay      (SCD):    4.989ns
    Clock Pessimism Removal (CPR):    0.246ns
  Clock Uncertainty:      0.259ns  ((TSJ^2 + DJ^2)^1/2) / 2 + PE
    Total System Jitter     (TSJ):    0.071ns
    Discrete Jitter          (DJ):    0.175ns
    Phase Error              (PE):    0.165ns

    Location             Delay type                Incr(ns)  Path(ns)    Netlist Resource(s)
  -------------------------------------------------------------------    -------------------
                         (clock clkout0_1 rise edge)
                                                      0.000     0.000 r  
    W17                                               0.000     0.000 r  sys_clk (IN)
                         net (fo=0)                   0.000     0.000    sys_clk
    W17                  IBUF (Prop_ibuf_I_O)         1.415     1.415 r  sys_clk_IBUF_inst/O
                         net (fo=1, routed)           1.873     3.288    sys_clk_IBUF
    BUFGCTRL_X0Y4        BUFG (Prop_bufg_I_O)         0.085     3.373 r  sys_clk_IBUF_BUFG_inst/O
                         net (fo=186, routed)         1.550     4.923    u_pl/u_clk/sys_clk_IBUF_BUFG
    MMCME2_ADV_X1Y0      MMCME2_ADV (Prop_mmcme2_adv_CLKIN1_CLKOUT0)
                                                     -3.232     1.691 r  u_pl/u_clk/u_mmcm/CLKOUT0
                         net (fo=1, routed)           1.597     3.288    u_pl/u_clk/clkout0
    BUFGCTRL_X0Y0        BUFG (Prop_bufg_I_O)         0.085     3.373 r  u_pl/u_clk/u_bufg_pix/O
                         net (fo=5661, routed)        1.616     4.989    u_pl/u_split_x/clk_pix
    SLICE_X61Y104        FDCE                                         r  u_pl/u_split_x/bus_q_reg[16]/C
  -------------------------------------------------------------------    -------------------
    SLICE_X61Y104        FDCE (Prop_fdce_C_Q)         0.379     5.368 r  u_pl/u_split_x/bus_q_reg[16]/Q
                         net (fo=2, routed)           0.950     6.318    u_pl/u_ang/bus_q[1]
    SLICE_X83Y103        LUT2 (Prop_lut2_I1_O)        0.105     6.423 r  u_pl/u_ang/angle[3]_i_7/O
                         net (fo=1, routed)           0.000     6.423    u_pl/u_ang/angle[3]_i_7_n_0
    SLICE_X83Y103        CARRY4 (Prop_carry4_S[1]_CO[3])
                                                      0.457     6.880 r  u_pl/u_ang/angle_reg[3]_i_2/CO[3]
                         net (fo=1, routed)           0.000     6.880    u_pl/u_ang/angle_reg[3]_i_2_n_0
    SLICE_X83Y104        CARRY4 (Prop_carry4_CI_O[3])
                                                      0.260     7.140 r  u_pl/u_ang/angle_reg[7]_i_4/O[3]
                         net (fo=3, routed)           0.682     7.822    u_pl/u_ang/angle_reg[7]_i_4_n_4
    SLICE_X82Y103        LUT6 (Prop_lut6_I5_O)        0.257     8.079 r  u_pl/u_ang/angle[3]_i_3/O
                         net (fo=4, routed)           0.809     8.888    u_pl/u_ang/angle[3]_i_3_n_0
    SLICE_X82Y104        LUT6 (Prop_lut6_I5_O)        0.105     8.993 r  u_pl/u_ang/angle[6]_i_5/O
                         net (fo=1, routed)           0.457     9.449    u_pl/u_ang/angle[6]_i_5_n_0
    SLICE_X84Y104        LUT5 (Prop_lut5_I4_O)        0.105     9.554 r  u_pl/u_ang/angle[6]_i_3/O
                         net (fo=1, routed)           0.505    10.060    u_pl/u_ang/angle[6]_i_3_n_0
    SLICE_X84Y103        LUT5 (Prop_lut5_I4_O)        0.105    10.165 r  u_pl/u_ang/angle[6]_i_1/O
                         net (fo=1, routed)           0.255    10.420    u_pl/u_ang/p_1_in__0[6]
    SLICE_X84Y103        FDRE                                         r  u_pl/u_ang/angle_reg[6]/D
  -------------------------------------------------------------------    -------------------

                         (clock sys_clk rise edge)   20.000    20.000 r  
    W17                                               0.000    20.000 r  sys_clk (IN)
                         net (fo=0)                   0.000    20.000    sys_clk
    W17                  IBUF (Prop_ibuf_I_O)         1.349    21.349 r  sys_clk_IBUF_inst/O
                         net (fo=1, routed)           1.701    23.050    sys_clk_IBUF
    BUFGCTRL_X0Y4        BUFG (Prop_bufg_I_O)         0.077    23.127 r  sys_clk_IBUF_BUFG_inst/O
                         net (fo=186, routed)         1.451    24.578    u_pl/u_ang/sys_clk_IBUF_BUFG
    SLICE_X84Y103        FDRE                                         r  u_pl/u_ang/angle_reg[6]/C
                         clock pessimism              0.246    24.824    
                         clock uncertainty           -0.259    24.565    
    SLICE_X84Y103        FDRE (Setup_fdre_C_D)       -0.059    24.506    u_pl/u_ang/angle_reg[6]
  -------------------------------------------------------------------
                         required time                         24.506    
                         arrival time                         -10.420    
  -------------------------------------------------------------------
                         slack                                 14.086    





Min Delay Paths
--------------------------------------------------------------------------------------
Slack (MET) :             0.259ns  (arrival time - required time)
  Source:                 u_pl/rot_fs_tog_reg/C
                            (rising edge-triggered cell FDCE clocked by clkout0_1  {rise@0.000ns fall@10.000ns period=20.000ns})
  Destination:            u_pl/u_ang/fs_s_reg[0]/D
                            (rising edge-triggered cell FDRE clocked by sys_clk  {rise@0.000ns fall@10.000ns period=20.000ns})
  Path Group:             sys_clk
  Path Type:              Hold (Min at Fast Process Corner)
  Requirement:            0.000ns  (sys_clk rise@0.000ns - clkout0_1 rise@0.000ns)
  Data Path Delay:        0.953ns  (logic 0.141ns (14.789%)  route 0.812ns (85.211%))
  Logic Levels:           0  
  Clock Path Skew:        0.360ns (DCD - SCD - CPR)
    Destination Clock Delay (DCD):    2.141ns
    Source Clock Delay      (SCD):    1.533ns
    Clock Pessimism Removal (CPR):    0.248ns
  Clock Uncertainty:      0.259ns  ((TSJ^2 + DJ^2)^1/2) / 2 + PE
    Total System Jitter     (TSJ):    0.071ns
    Discrete Jitter          (DJ):    0.175ns
    Phase Error              (PE):    0.165ns

    Location             Delay type                Incr(ns)  Path(ns)    Netlist Resource(s)
  -------------------------------------------------------------------    -------------------
                         (clock clkout0_1 rise edge)
                                                      0.000     0.000 r  
    W17                                               0.000     0.000 r  sys_clk (IN)
                         net (fo=0)                   0.000     0.000    sys_clk
    W17                  IBUF (Prop_ibuf_I_O)         0.252     0.252 r  sys_clk_IBUF_inst/O
                         net (fo=1, routed)           0.674     0.926    sys_clk_IBUF
    BUFGCTRL_X0Y4        BUFG (Prop_bufg_I_O)         0.026     0.952 r  sys_clk_IBUF_BUFG_inst/O
                         net (fo=186, routed)         0.595     1.547    u_pl/u_clk/sys_clk_IBUF_BUFG
    MMCME2_ADV_X1Y0      MMCME2_ADV (Prop_mmcme2_adv_CLKIN1_CLKOUT0)
                                                     -1.150     0.397 r  u_pl/u_clk/u_mmcm/CLKOUT0
                         net (fo=1, routed)           0.529     0.926    u_pl/u_clk/clkout0
    BUFGCTRL_X0Y0        BUFG (Prop_bufg_I_O)         0.026     0.952 r  u_pl/u_clk/u_bufg_pix/O
                         net (fo=5661, routed)        0.581     1.533    u_pl/clk_pix
    SLICE_X84Y86         FDCE                                         r  u_pl/rot_fs_tog_reg/C
  -------------------------------------------------------------------    -------------------
    SLICE_X84Y86         FDCE (Prop_fdce_C_Q)         0.141     1.674 r  u_pl/rot_fs_tog_reg/Q
                         net (fo=2, routed)           0.812     2.486    u_pl/u_ang/rot_fs_tog
    SLICE_X82Y102        FDRE                                         r  u_pl/u_ang/fs_s_reg[0]/D
  -------------------------------------------------------------------    -------------------

                         (clock sys_clk rise edge)    0.000     0.000 r  
    W17                                               0.000     0.000 r  sys_clk (IN)
                         net (fo=0)                   0.000     0.000    sys_clk
    W17                  IBUF (Prop_ibuf_I_O)         0.440     0.440 r  sys_clk_IBUF_inst/O
                         net (fo=1, routed)           0.731     1.171    sys_clk_IBUF
    BUFGCTRL_X0Y4        BUFG (Prop_bufg_I_O)         0.029     1.200 r  sys_clk_IBUF_BUFG_inst/O
                         net (fo=186, routed)         0.941     2.141    u_pl/u_ang/sys_clk_IBUF_BUFG
    SLICE_X82Y102        FDRE                                         r  u_pl/u_ang/fs_s_reg[0]/C
                         clock pessimism             -0.248     1.893    
                         clock uncertainty            0.259     2.152    
    SLICE_X82Y102        FDRE (Hold_fdre_C_D)         0.075     2.227    u_pl/u_ang/fs_s_reg[0]
  -------------------------------------------------------------------
                         required time                         -2.227    
                         arrival time                           2.486    
  -------------------------------------------------------------------
                         slack                                  0.259    





---------------------------------------------------------------------------------------------------
From Clock:  sys_clk
  To Clock:  clkout0_1

Setup :            0  Failing Endpoints,  Worst Slack        4.686ns,  Total Violation        0.000ns
Hold  :            0  Failing Endpoints,  Worst Slack        0.311ns,  Total Violation        0.000ns
---------------------------------------------------------------------------------------------------


Max Delay Paths
--------------------------------------------------------------------------------------
Slack (MET) :             4.686ns  (required time - arrival time)
  Source:                 u_pl/u_ang/angle_reg[1]/C
                            (rising edge-triggered cell FDRE clocked by sys_clk  {rise@0.000ns fall@10.000ns period=20.000ns})
  Destination:            u_pl/u_zmap/y_out_reg[8]/D
                            (rising edge-triggered cell FDCE clocked by clkout0_1  {rise@0.000ns fall@10.000ns period=20.000ns})
  Path Group:             clkout0_1
  Path Type:              Setup (Max at Slow Process Corner)
  Requirement:            20.000ns  (clkout0_1 rise@20.000ns - sys_clk rise@0.000ns)
  Data Path Delay:        14.607ns  (logic 5.644ns (38.640%)  route 8.963ns (61.360%))
  Logic Levels:           13  (CARRY4=1 DSP48E1=1 LUT2=1 LUT3=1 LUT4=3 LUT5=4 LUT6=2)
  Clock Path Skew:        -0.285ns (DCD - SCD + CPR)
    Destination Clock Delay (DCD):    4.465ns = ( 24.465 - 20.000 ) 
    Source Clock Delay      (SCD):    4.996ns
    Clock Pessimism Removal (CPR):    0.246ns
  Clock Uncertainty:      0.259ns  ((TSJ^2 + DJ^2)^1/2) / 2 + PE
    Total System Jitter     (TSJ):    0.071ns
    Discrete Jitter          (DJ):    0.175ns
    Phase Error              (PE):    0.165ns

    Location             Delay type                Incr(ns)  Path(ns)    Netlist Resource(s)
  -------------------------------------------------------------------    -------------------
                         (clock sys_clk rise edge)    0.000     0.000 r  
    W17                                               0.000     0.000 r  sys_clk (IN)
                         net (fo=0)                   0.000     0.000    sys_clk
    W17                  IBUF (Prop_ibuf_I_O)         1.415     1.415 r  sys_clk_IBUF_inst/O
                         net (fo=1, routed)           1.873     3.288    sys_clk_IBUF
    BUFGCTRL_X0Y4        BUFG (Prop_bufg_I_O)         0.085     3.373 r  sys_clk_IBUF_BUFG_inst/O
                         net (fo=186, routed)         1.623     4.996    u_pl/u_ang/sys_clk_IBUF_BUFG
    SLICE_X82Y103        FDRE                                         r  u_pl/u_ang/angle_reg[1]/C
  -------------------------------------------------------------------    -------------------
    SLICE_X82Y103        FDRE (Prop_fdre_C_Q)         0.433     5.429 r  u_pl/u_ang/angle_reg[1]/Q
                         net (fo=195, routed)         1.181     6.611    u_pl/u_ang/angle_reg_n_0_[1]
    SLICE_X86Y104        LUT5 (Prop_lut5_I3_O)        0.105     6.716 r  u_pl/u_ang/rot_s0_i_2/O
                         net (fo=5, routed)           0.506     7.221    u_pl/u_ang/rot_s0_i_2_n_0
    SLICE_X84Y104        LUT5 (Prop_lut5_I0_O)        0.126     7.347 r  u_pl/u_ang/rot_s0_i_1/O
                         net (fo=13, routed)          0.753     8.100    u_pl/u_ang/angle_reg[7]_4
    SLICE_X86Y97         LUT2 (Prop_lut2_I0_O)        0.267     8.367 r  u_pl/u_ang/bus[19]_i_1/O
                         net (fo=8, routed)           0.492     8.859    u_pl/u_zfit/rot_forced
    SLICE_X85Y97         LUT4 (Prop_lut4_I3_O)        0.126     8.985 r  u_pl/u_zfit/bus[5]_i_1/O
                         net (fo=13, routed)          1.160    10.145    u_pl/u_zmap/B[5]
    DSP48_X3Y32          DSP48E1 (Prop_dsp48e1_B[5]_P[14])
                                                      3.238    13.383 r  u_pl/u_zmap/rot_ys/P[14]
                         net (fo=3, routed)           1.205    14.588    u_pl/u_zmap/p_0_in[6]
    SLICE_X98Y81         LUT4 (Prop_lut4_I0_O)        0.105    14.693 r  u_pl/u_zmap/y_out[3]_i_12/O
                         net (fo=1, routed)           0.246    14.939    u_pl/u_zmap/y_out[3]_i_12_n_0
    SLICE_X97Y81         LUT5 (Prop_lut5_I4_O)        0.105    15.044 r  u_pl/u_zmap/y_out[3]_i_11/O
                         net (fo=1, routed)           0.635    15.679    u_pl/u_zmap/y_out[3]_i_11_n_0
    SLICE_X95Y79         LUT3 (Prop_lut3_I1_O)        0.105    15.784 r  u_pl/u_zmap/y_out[3]_i_10/O
                         net (fo=1, routed)           0.000    15.784    u_pl/u_zmap/y_out[3]_i_10_n_0
    SLICE_X95Y79         CARRY4 (Prop_carry4_S[0]_O[2])
                                                      0.453    16.237 f  u_pl/u_zmap/y_out_reg[3]_i_3/O[2]
                         net (fo=2, routed)           0.504    16.741    u_pl/u_zmap/sy_c00_in[2]
    SLICE_X95Y78         LUT5 (Prop_lut5_I4_O)        0.253    16.994 f  u_pl/u_zmap/oob_i_8/O
                         net (fo=1, routed)           0.223    17.217    u_pl/u_zmap/oob_i_8_n_0
    SLICE_X95Y78         LUT6 (Prop_lut6_I2_O)        0.105    17.322 r  u_pl/u_zmap/oob_i_2/O
                         net (fo=1, routed)           0.894    18.216    u_pl/u_zmap/oob_i_2_n_0
    SLICE_X96Y81         LUT6 (Prop_lut6_I0_O)        0.105    18.321 f  u_pl/u_zmap/oob_i_1/O
                         net (fo=35, routed)          0.755    19.077    u_pl/u_zmap/oob_i_1_n_0
    SLICE_X96Y81         LUT4 (Prop_lut4_I3_O)        0.118    19.195 r  u_pl/u_zmap/y_out[8]_i_1/O
                         net (fo=1, routed)           0.408    19.603    u_pl/u_zmap/y_out[8]_i_1_n_0
    SLICE_X96Y79         FDCE                                         r  u_pl/u_zmap/y_out_reg[8]/D
  -------------------------------------------------------------------    -------------------

                         (clock clkout0_1 rise edge)
                                                     20.000    20.000 r  
    W17                                               0.000    20.000 r  sys_clk (IN)
                         net (fo=0)                   0.000    20.000    sys_clk
    W17                  IBUF (Prop_ibuf_I_O)         1.349    21.349 r  sys_clk_IBUF_inst/O
                         net (fo=1, routed)           1.701    23.050    sys_clk_IBUF
    BUFGCTRL_X0Y4        BUFG (Prop_bufg_I_O)         0.077    23.127 r  sys_clk_IBUF_BUFG_inst/O
                         net (fo=186, routed)         1.384    24.511    u_pl/u_clk/sys_clk_IBUF_BUFG
    MMCME2_ADV_X1Y0      MMCME2_ADV (Prop_mmcme2_adv_CLKIN1_CLKOUT0)
                                                     -2.915    21.596 r  u_pl/u_clk/u_mmcm/CLKOUT0
                         net (fo=1, routed)           1.454    23.050    u_pl/u_clk/clkout0
    BUFGCTRL_X0Y0        BUFG (Prop_bufg_I_O)         0.077    23.127 r  u_pl/u_clk/u_bufg_pix/O
                         net (fo=5661, routed)        1.338    24.465    u_pl/u_zmap/clk_pix
    SLICE_X96Y79         FDCE                                         r  u_pl/u_zmap/y_out_reg[8]/C
                         clock pessimism              0.246    24.711    
                         clock uncertainty           -0.259    24.452    
    SLICE_X96Y79         FDCE (Setup_fdce_C_D)       -0.163    24.289    u_pl/u_zmap/y_out_reg[8]
  -------------------------------------------------------------------
                         required time                         24.289    
                         arrival time                         -19.603    
  -------------------------------------------------------------------
                         slack                                  4.686    





Min Delay Paths
--------------------------------------------------------------------------------------
Slack (MET) :             0.311ns  (arrival time - required time)
  Source:                 u_pl/u_k1l/tog_reg/C
                            (rising edge-triggered cell FDRE clocked by sys_clk  {rise@0.000ns fall@10.000ns period=20.000ns})
  Destination:            u_pl/u_mode/lsync_reg[0]/D
                            (rising edge-triggered cell FDCE clocked by clkout0_1  {rise@0.000ns fall@10.000ns period=20.000ns})
  Path Group:             clkout0_1
  Path Type:              Hold (Min at Fast Process Corner)
  Requirement:            0.000ns  (clkout0_1 rise@0.000ns - sys_clk rise@0.000ns)
  Data Path Delay:        0.812ns  (logic 0.148ns (18.231%)  route 0.664ns (81.769%))
  Logic Levels:           0  
  Clock Path Skew:        0.249ns (DCD - SCD - CPR)
    Destination Clock Delay (DCD):    2.141ns
    Source Clock Delay      (SCD):    1.644ns
    Clock Pessimism Removal (CPR):    0.248ns
  Clock Uncertainty:      0.259ns  ((TSJ^2 + DJ^2)^1/2) / 2 + PE
    Total System Jitter     (TSJ):    0.071ns
    Discrete Jitter          (DJ):    0.175ns
    Phase Error              (PE):    0.165ns

    Location             Delay type                Incr(ns)  Path(ns)    Netlist Resource(s)
  -------------------------------------------------------------------    -------------------
                         (clock sys_clk rise edge)    0.000     0.000 r  
    W17                                               0.000     0.000 r  sys_clk (IN)
                         net (fo=0)                   0.000     0.000    sys_clk
    W17                  IBUF (Prop_ibuf_I_O)         0.252     0.252 r  sys_clk_IBUF_inst/O
                         net (fo=1, routed)           0.674     0.926    sys_clk_IBUF
    BUFGCTRL_X0Y4        BUFG (Prop_bufg_I_O)         0.026     0.952 r  sys_clk_IBUF_BUFG_inst/O
                         net (fo=186, routed)         0.692     1.644    u_pl/u_k1l/sys_clk_IBUF_BUFG
    SLICE_X96Y102        FDRE                                         r  u_pl/u_k1l/tog_reg/C
  -------------------------------------------------------------------    -------------------
    SLICE_X96Y102        FDRE (Prop_fdre_C_Q)         0.148     1.792 r  u_pl/u_k1l/tog_reg/Q
                         net (fo=3, routed)           0.664     2.456    u_pl/u_mode/D[0]
    SLICE_X85Y102        FDCE                                         r  u_pl/u_mode/lsync_reg[0]/D
  -------------------------------------------------------------------    -------------------

                         (clock clkout0_1 rise edge)
                                                      0.000     0.000 r  
    W17                                               0.000     0.000 r  sys_clk (IN)
                         net (fo=0)                   0.000     0.000    sys_clk
    W17                  IBUF (Prop_ibuf_I_O)         0.440     0.440 r  sys_clk_IBUF_inst/O
                         net (fo=1, routed)           0.731     1.171    sys_clk_IBUF
    BUFGCTRL_X0Y4        BUFG (Prop_bufg_I_O)         0.029     1.200 r  sys_clk_IBUF_BUFG_inst/O
                         net (fo=186, routed)         0.862     2.062    u_pl/u_clk/sys_clk_IBUF_BUFG
    MMCME2_ADV_X1Y0      MMCME2_ADV (Prop_mmcme2_adv_CLKIN1_CLKOUT0)
                                                     -1.467     0.595 r  u_pl/u_clk/u_mmcm/CLKOUT0
                         net (fo=1, routed)           0.576     1.171    u_pl/u_clk/clkout0
    BUFGCTRL_X0Y0        BUFG (Prop_bufg_I_O)         0.029     1.200 r  u_pl/u_clk/u_bufg_pix/O
                         net (fo=5661, routed)        0.941     2.141    u_pl/u_mode/clk_pix
    SLICE_X85Y102        FDCE                                         r  u_pl/u_mode/lsync_reg[0]/C
                         clock pessimism             -0.248     1.893    
                         clock uncertainty            0.259     2.152    
    SLICE_X85Y102        FDCE (Hold_fdce_C_D)        -0.007     2.145    u_pl/u_mode/lsync_reg[0]
  -------------------------------------------------------------------
                         required time                         -2.145    
                         arrival time                           2.456    
  -------------------------------------------------------------------
                         slack                                  0.311    





