Copyright 1986-2022 Xilinx, Inc. All Rights Reserved. Copyright 2022-2026 Advanced Micro Devices, Inc. All Rights Reserved.
---------------------------------------------------------------------------------------------------------------------------------------------
| Tool Version : Vivado v.2025.2.1 (win64) Build 6403652 Thu Mar 19 19:48:24 GMT 2026
| Date         : Sat Oct  3 19:02:45 2026
| Host         : Uie-laptop running 64-bit major release  (build 9200)
| Command      : report_timing -delay_type min -nworst 1 -max_paths 20 -file D:/Xilinx/Prj/pro/Video_Processing/build/hold_paths.rpt
| Design       : system_top
| Device       : 7z020-clg484
| Speed File   : -2  PRODUCTION 1.12 2019-11-22
| Design State : Routed
---------------------------------------------------------------------------------------------------------------------------------------------

Timing Report

Slack (MET) :             0.052ns  (arrival time - required time)
  Source:                 u_eth/u_cdc/rgray_s1_reg[10]/C
                            (rising edge-triggered cell FDCE clocked by eth_rxc  {rise@0.000ns fall@4.000ns period=8.000ns})
  Destination:            u_eth/u_lm/full_d_reg/D
                            (rising edge-triggered cell FDCE clocked by eth_rxc  {rise@0.000ns fall@4.000ns period=8.000ns})
  Path Group:             eth_rxc
  Path Type:              Hold (Min at Fast Process Corner)
  Requirement:            0.000ns  (eth_rxc rise@0.000ns - eth_rxc rise@0.000ns)
  Data Path Delay:        0.986ns  (logic 0.429ns (43.520%)  route 0.557ns (56.480%))
  Logic Levels:           3  (CARRY4=2 LUT6=1)
  Clock Path Skew:        0.014ns (DCD - SCD - CPR)
    Destination Clock Delay (DCD):    2.097ns
    Source Clock Delay      (SCD):    1.582ns
    Clock Pessimism Removal (CPR):    0.501ns
  Clock Uncertainty:      0.800ns  ((TSJ^2 + TIJ^2)^1/2 + DJ) / 2 + PE + UU
    Total System Jitter     (TSJ):    0.000ns
    Total Input Jitter      (TIJ):    0.000ns
    Discrete Jitter          (DJ):    0.000ns
    Phase Error              (PE):    0.000ns
    User Uncertainty         (UU):    0.800ns

    Location             Delay type                Incr(ns)  Path(ns)    Netlist Resource(s)
  -------------------------------------------------------------------    -------------------
                         (clock eth_rxc rise edge)    0.000     0.000 r  
    Y19                                               0.000     0.000 r  eth_rxc (IN)
                         net (fo=0)                   0.000     0.000    eth_rxc
    Y19                  IBUF (Prop_ibuf_I_O)         0.266     0.266 r  eth_rxc_IBUF_inst/O
                         net (fo=1, routed)           0.674     0.940    u_eth/u_rgmii/u_rgmii_rx/rgmii_rxc
    BUFGCTRL_X0Y1        BUFG (Prop_bufg_I_O)         0.026     0.966 r  u_eth/u_rgmii/u_rgmii_rx/BUFG_inst/O
                         net (fo=2546, routed)        0.616     1.582    u_eth/u_cdc/gmii_rx_clk
    SLICE_X6Y18          FDCE                                         r  u_eth/u_cdc/rgray_s1_reg[10]/C
  -------------------------------------------------------------------    -------------------
    SLICE_X6Y18          FDCE (Prop_fdce_C_Q)         0.148     1.730 r  u_eth/u_cdc/rgray_s1_reg[10]/Q
                         net (fo=1, routed)           0.557     2.287    u_eth/u_cdc/rgray_s1[10]
    SLICE_X4Y17          LUT6 (Prop_lut6_I4_O)        0.099     2.386 r  u_eth/u_cdc/full_d_i_4/O
                         net (fo=1, routed)           0.000     2.386    u_eth/u_cdc/full_d_i_4_n_0
    SLICE_X4Y17          CARRY4 (Prop_carry4_S[3]_CO[3])
                                                      0.109     2.495 r  u_eth/u_cdc/full_d_reg_i_2/CO[3]
                         net (fo=1, routed)           0.000     2.495    u_eth/u_cdc/full_d_reg_i_2_n_0
    SLICE_X4Y18          CARRY4 (Prop_carry4_CI_CO[0])
                                                      0.073     2.568 r  u_eth/u_cdc/full_d_reg_i_1/CO[0]
                         net (fo=6, routed)           0.000     2.568    u_eth/u_lm/wr_full
    SLICE_X4Y18          FDCE                                         r  u_eth/u_lm/full_d_reg/D
  -------------------------------------------------------------------    -------------------

                         (clock eth_rxc rise edge)    0.000     0.000 r  
    Y19                                               0.000     0.000 r  eth_rxc (IN)
                         net (fo=0)                   0.000     0.000    eth_rxc
    Y19                  IBUF (Prop_ibuf_I_O)         0.454     0.454 r  eth_rxc_IBUF_inst/O
                         net (fo=1, routed)           0.731     1.185    u_eth/u_rgmii/u_rgmii_rx/rgmii_rxc
    BUFGCTRL_X0Y1        BUFG (Prop_bufg_I_O)         0.029     1.214 r  u_eth/u_rgmii/u_rgmii_rx/BUFG_inst/O
                         net (fo=2546, routed)        0.883     2.097    u_eth/u_lm/gmii_rx_clk
    SLICE_X4Y18          FDCE                                         r  u_eth/u_lm/full_d_reg/C
                         clock pessimism             -0.501     1.596    
                         clock uncertainty            0.800     2.396    
    SLICE_X4Y18          FDCE (Hold_fdce_C_D)         0.120     2.516    u_eth/u_lm/full_d_reg
  -------------------------------------------------------------------
                         required time                         -2.516    
                         arrival time                           2.568    
  -------------------------------------------------------------------
                         slack                                  0.052    

Slack (MET) :             0.053ns  (arrival time - required time)
  Source:                 u_bd/design_1_i/axi_gp0_ic/xbar/inst/gen_sasd.crossbar_sasd_0/reg_slice_r/m_payload_i_reg[12]/C
                            (rising edge-triggered cell FDRE clocked by clk_fpga_0  {rise@0.000ns fall@5.000ns period=10.000ns})
  Destination:            u_bd/design_1_i/axi_gp0_ic/s00_couplers/auto_pc/inst/gen_axilite.gen_b2s_conv.axilite_b2s/RD.r_channel_0/rd_data_fifo_0/memory_reg[31][9]_srl32/D
                            (rising edge-triggered cell SRLC32E clocked by clk_fpga_0  {rise@0.000ns fall@5.000ns period=10.000ns})
  Path Group:             clk_fpga_0
  Path Type:              Hold (Min at Fast Process Corner)
  Requirement:            0.000ns  (clk_fpga_0 rise@0.000ns - clk_fpga_0 rise@0.000ns)
  Data Path Delay:        0.249ns  (logic 0.141ns (56.528%)  route 0.108ns (43.472%))
  Logic Levels:           0  
  Clock Path Skew:        0.013ns (DCD - SCD - CPR)
    Destination Clock Delay (DCD):    1.190ns
    Source Clock Delay      (SCD):    0.893ns
    Clock Pessimism Removal (CPR):    0.284ns

    Location             Delay type                Incr(ns)  Path(ns)    Netlist Resource(s)
  -------------------------------------------------------------------    -------------------
                         (clock clk_fpga_0 rise edge)
                                                      0.000     0.000 r  
    PS7_X0Y0             PS7                          0.000     0.000 r  u_bd/design_1_i/processing_system7_0/inst/PS7_i/FCLKCLK[0]
                         net (fo=1, routed)           0.310     0.310    u_bd/design_1_i/processing_system7_0/inst/FCLK_CLK_unbuffered[0]
    BUFGCTRL_X0Y16       BUFG (Prop_bufg_I_O)         0.026     0.336 r  u_bd/design_1_i/processing_system7_0/inst/buffer_fclk_clk_0.FCLK_CLK_0_BUFG/O
                         net (fo=4375, routed)        0.557     0.893    u_bd/design_1_i/axi_gp0_ic/xbar/inst/gen_sasd.crossbar_sasd_0/reg_slice_r/aclk
    SLICE_X33Y91         FDRE                                         r  u_bd/design_1_i/axi_gp0_ic/xbar/inst/gen_sasd.crossbar_sasd_0/reg_slice_r/m_payload_i_reg[12]/C
  -------------------------------------------------------------------    -------------------
    SLICE_X33Y91         FDRE (Prop_fdre_C_Q)         0.141     1.034 r  u_bd/design_1_i/axi_gp0_ic/xbar/inst/gen_sasd.crossbar_sasd_0/reg_slice_r/m_payload_i_reg[12]/Q
                         net (fo=1, routed)           0.108     1.142    u_bd/design_1_i/axi_gp0_ic/s00_couplers/auto_pc/inst/gen_axilite.gen_b2s_conv.axilite_b2s/RD.r_channel_0/rd_data_fifo_0/in[9]
    SLICE_X32Y91         SRLC32E                                      r  u_bd/design_1_i/axi_gp0_ic/s00_couplers/auto_pc/inst/gen_axilite.gen_b2s_conv.axilite_b2s/RD.r_channel_0/rd_data_fifo_0/memory_reg[31][9]_srl32/D
  -------------------------------------------------------------------    -------------------

                         (clock clk_fpga_0 rise edge)
                                                      0.000     0.000 r  
    PS7_X0Y0             PS7                          0.000     0.000 r  u_bd/design_1_i/processing_system7_0/inst/PS7_i/FCLKCLK[0]
                         net (fo=1, routed)           0.337     0.337    u_bd/design_1_i/processing_system7_0/inst/FCLK_CLK_unbuffered[0]
    BUFGCTRL_X0Y16       BUFG (Prop_bufg_I_O)         0.029     0.366 r  u_bd/design_1_i/processing_system7_0/inst/buffer_fclk_clk_0.FCLK_CLK_0_BUFG/O
                         net (fo=4375, routed)        0.824     1.190    u_bd/design_1_i/axi_gp0_ic/s00_couplers/auto_pc/inst/gen_axilite.gen_b2s_conv.axilite_b2s/RD.r_channel_0/rd_data_fifo_0/aclk
    SLICE_X32Y91         SRLC32E                                      r  u_bd/design_1_i/axi_gp0_ic/s00_couplers/auto_pc/inst/gen_axilite.gen_b2s_conv.axilite_b2s/RD.r_channel_0/rd_data_fifo_0/memory_reg[31][9]_srl32/CLK
                         clock pessimism             -0.284     0.906    
    SLICE_X32Y91         SRLC32E (Hold_srlc32e_CLK_D)
                                                      0.183     1.089    u_bd/design_1_i/axi_gp0_ic/s00_couplers/auto_pc/inst/gen_axilite.gen_b2s_conv.axilite_b2s/RD.r_channel_0/rd_data_fifo_0/memory_reg[31][9]_srl32
  -------------------------------------------------------------------
                         required time                         -1.089    
                         arrival time                           1.142    
  -------------------------------------------------------------------
                         slack                                  0.053    

Slack (MET) :             0.056ns  (arrival time - required time)
  Source:                 u_eth/u_icmp/u_icmp_tx/gmii_tx_en_reg/C
                            (rising edge-triggered cell FDCE clocked by eth_rxc  {rise@0.000ns fall@4.000ns period=8.000ns})
  Destination:            u_eth/u_ctrl/gmii_tx_en_reg/D
                            (rising edge-triggered cell FDCE clocked by eth_rxc  {rise@0.000ns fall@4.000ns period=8.000ns})
  Path Group:             eth_rxc
  Path Type:              Hold (Min at Fast Process Corner)
  Requirement:            0.000ns  (eth_rxc rise@0.000ns - eth_rxc rise@0.000ns)
  Data Path Delay:        0.961ns  (logic 0.186ns (19.357%)  route 0.775ns (80.643%))
  Logic Levels:           1  (LUT3=1)
  Clock Path Skew:        0.013ns (DCD - SCD - CPR)
    Destination Clock Delay (DCD):    2.121ns
    Source Clock Delay      (SCD):    1.603ns
    Clock Pessimism Removal (CPR):    0.505ns
  Clock Uncertainty:      0.800ns  ((TSJ^2 + TIJ^2)^1/2 + DJ) / 2 + PE + UU
    Total System Jitter     (TSJ):    0.000ns
    Total Input Jitter      (TIJ):    0.000ns
    Discrete Jitter          (DJ):    0.000ns
    Phase Error              (PE):    0.000ns
    User Uncertainty         (UU):    0.800ns

    Location             Delay type                Incr(ns)  Path(ns)    Netlist Resource(s)
  -------------------------------------------------------------------    -------------------
                         (clock eth_rxc rise edge)    0.000     0.000 r  
    Y19                                               0.000     0.000 r  eth_rxc (IN)
                         net (fo=0)                   0.000     0.000    eth_rxc
    Y19                  IBUF (Prop_ibuf_I_O)         0.266     0.266 r  eth_rxc_IBUF_inst/O
                         net (fo=1, routed)           0.674     0.940    u_eth/u_rgmii/u_rgmii_rx/rgmii_rxc
    BUFGCTRL_X0Y1        BUFG (Prop_bufg_I_O)         0.026     0.966 r  u_eth/u_rgmii/u_rgmii_rx/BUFG_inst/O
                         net (fo=2546, routed)        0.637     1.603    u_eth/u_icmp/u_icmp_tx/gmii_rx_clk
    SLICE_X111Y37        FDCE                                         r  u_eth/u_icmp/u_icmp_tx/gmii_tx_en_reg/C
  -------------------------------------------------------------------    -------------------
    SLICE_X111Y37        FDCE (Prop_fdce_C_Q)         0.141     1.744 r  u_eth/u_icmp/u_icmp_tx/gmii_tx_en_reg/Q
                         net (fo=1, routed)           0.775     2.519    u_eth/u_icmp/u_icmp_tx/icmp_gmii_tx_en
    SLICE_X110Y37        LUT3 (Prop_lut3_I0_O)        0.045     2.564 r  u_eth/u_icmp/u_icmp_tx/gmii_tx_en_i_1__0/O
                         net (fo=1, routed)           0.000     2.564    u_eth/u_ctrl/gmii_tx_en_reg_1
    SLICE_X110Y37        FDCE                                         r  u_eth/u_ctrl/gmii_tx_en_reg/D
  -------------------------------------------------------------------    -------------------

                         (clock eth_rxc rise edge)    0.000     0.000 r  
    Y19                                               0.000     0.000 r  eth_rxc (IN)
                         net (fo=0)                   0.000     0.000    eth_rxc
    Y19                  IBUF (Prop_ibuf_I_O)         0.454     0.454 r  eth_rxc_IBUF_inst/O
                         net (fo=1, routed)           0.731     1.185    u_eth/u_rgmii/u_rgmii_rx/rgmii_rxc
    BUFGCTRL_X0Y1        BUFG (Prop_bufg_I_O)         0.029     1.214 r  u_eth/u_rgmii/u_rgmii_rx/BUFG_inst/O
                         net (fo=2546, routed)        0.907     2.121    u_eth/u_ctrl/gmii_rx_clk
    SLICE_X110Y37        FDCE                                         r  u_eth/u_ctrl/gmii_tx_en_reg/C
                         clock pessimism             -0.505     1.616    
                         clock uncertainty            0.800     2.416    
    SLICE_X110Y37        FDCE (Hold_fdce_C_D)         0.092     2.508    u_eth/u_ctrl/gmii_tx_en_reg
  -------------------------------------------------------------------
                         required time                         -2.508    
                         arrival time                           2.564    
  -------------------------------------------------------------------
                         slack                                  0.056    

Slack (MET) :             0.056ns  (arrival time - required time)
  Source:                 u_bd/design_1_i/axi_gpio_1/U0/gpio_core_1/Not_Dual.gpio_Data_In_reg[11]/C
                            (rising edge-triggered cell FDRE clocked by clk_fpga_0  {rise@0.000ns fall@5.000ns period=10.000ns})
  Destination:            u_bd/design_1_i/axi_gpio_1/U0/gpio_core_1/Not_Dual.ALLIN1_ND.READ_REG_GEN[11].reg1_reg[11]/D
                            (rising edge-triggered cell FDRE clocked by clk_fpga_0  {rise@0.000ns fall@5.000ns period=10.000ns})
  Path Group:             clk_fpga_0
  Path Type:              Hold (Min at Fast Process Corner)
  Requirement:            0.000ns  (clk_fpga_0 rise@0.000ns - clk_fpga_0 rise@0.000ns)
  Data Path Delay:        0.329ns  (logic 0.186ns (56.538%)  route 0.143ns (43.462%))
  Logic Levels:           1  (LUT5=1)
  Clock Path Skew:        0.181ns (DCD - SCD - CPR)
    Destination Clock Delay (DCD):    1.191ns
    Source Clock Delay      (SCD):    0.975ns
    Clock Pessimism Removal (CPR):    0.035ns

    Location             Delay type                Incr(ns)  Path(ns)    Netlist Resource(s)
  -------------------------------------------------------------------    -------------------
                         (clock clk_fpga_0 rise edge)
                                                      0.000     0.000 r  
    PS7_X0Y0             PS7                          0.000     0.000 r  u_bd/design_1_i/processing_system7_0/inst/PS7_i/FCLKCLK[0]
                         net (fo=1, routed)           0.310     0.310    u_bd/design_1_i/processing_system7_0/inst/FCLK_CLK_unbuffered[0]
    BUFGCTRL_X0Y16       BUFG (Prop_bufg_I_O)         0.026     0.336 r  u_bd/design_1_i/processing_system7_0/inst/buffer_fclk_clk_0.FCLK_CLK_0_BUFG/O
                         net (fo=4375, routed)        0.639     0.975    u_bd/design_1_i/axi_gpio_1/U0/gpio_core_1/s_axi_aclk
    SLICE_X45Y100        FDRE                                         r  u_bd/design_1_i/axi_gpio_1/U0/gpio_core_1/Not_Dual.gpio_Data_In_reg[11]/C
  -------------------------------------------------------------------    -------------------
    SLICE_X45Y100        FDRE (Prop_fdre_C_Q)         0.141     1.116 r  u_bd/design_1_i/axi_gpio_1/U0/gpio_core_1/Not_Dual.gpio_Data_In_reg[11]/Q
                         net (fo=1, routed)           0.143     1.259    u_bd/design_1_i/axi_gpio_1/U0/gpio_core_1/gpio_Data_In[11]
    SLICE_X45Y98         LUT5 (Prop_lut5_I0_O)        0.045     1.304 r  u_bd/design_1_i/axi_gpio_1/U0/gpio_core_1/Not_Dual.ALLIN1_ND.READ_REG_GEN[11].reg1[11]_i_1/O
                         net (fo=1, routed)           0.000     1.304    u_bd/design_1_i/axi_gpio_1/U0/gpio_core_1/Not_Dual.ALLIN1_ND.READ_REG_GEN[11].reg1[11]_i_1_n_0
    SLICE_X45Y98         FDRE                                         r  u_bd/design_1_i/axi_gpio_1/U0/gpio_core_1/Not_Dual.ALLIN1_ND.READ_REG_GEN[11].reg1_reg[11]/D
  -------------------------------------------------------------------    -------------------

                         (clock clk_fpga_0 rise edge)
                                                      0.000     0.000 r  
    PS7_X0Y0             PS7                          0.000     0.000 r  u_bd/design_1_i/processing_system7_0/inst/PS7_i/FCLKCLK[0]
                         net (fo=1, routed)           0.337     0.337    u_bd/design_1_i/processing_system7_0/inst/FCLK_CLK_unbuffered[0]
    BUFGCTRL_X0Y16       BUFG (Prop_bufg_I_O)         0.029     0.366 r  u_bd/design_1_i/processing_system7_0/inst/buffer_fclk_clk_0.FCLK_CLK_0_BUFG/O
                         net (fo=4375, routed)        0.825     1.191    u_bd/design_1_i/axi_gpio_1/U0/gpio_core_1/s_axi_aclk
    SLICE_X45Y98         FDRE                                         r  u_bd/design_1_i/axi_gpio_1/U0/gpio_core_1/Not_Dual.ALLIN1_ND.READ_REG_GEN[11].reg1_reg[11]/C
                         clock pessimism             -0.035     1.156    
    SLICE_X45Y98         FDRE (Hold_fdre_C_D)         0.092     1.248    u_bd/design_1_i/axi_gpio_1/U0/gpio_core_1/Not_Dual.ALLIN1_ND.READ_REG_GEN[11].reg1_reg[11]
  -------------------------------------------------------------------
                         required time                         -1.248    
                         arrival time                           1.304    
  -------------------------------------------------------------------
                         slack                                  0.056    

Slack (MET) :             0.057ns  (arrival time - required time)
  Source:                 u_eth/u_rx_mac/m_sof_reg/C
                            (rising edge-triggered cell FDCE clocked by eth_rxc  {rise@0.000ns fall@4.000ns period=8.000ns})
  Destination:            u_eth/u_rx_par/in_pay_reg/D
                            (rising edge-triggered cell FDCE clocked by eth_rxc  {rise@0.000ns fall@4.000ns period=8.000ns})
  Path Group:             eth_rxc
  Path Type:              Hold (Min at Fast Process Corner)
  Requirement:            0.000ns  (eth_rxc rise@0.000ns - eth_rxc rise@0.000ns)
  Data Path Delay:        0.977ns  (logic 0.186ns (19.034%)  route 0.791ns (80.966%))
  Logic Levels:           1  (LUT6=1)
  Clock Path Skew:        0.029ns (DCD - SCD - CPR)
    Destination Clock Delay (DCD):    2.057ns
    Source Clock Delay      (SCD):    1.547ns
    Clock Pessimism Removal (CPR):    0.481ns
  Clock Uncertainty:      0.800ns  ((TSJ^2 + TIJ^2)^1/2 + DJ) / 2 + PE + UU
    Total System Jitter     (TSJ):    0.000ns
    Total Input Jitter      (TIJ):    0.000ns
    Discrete Jitter          (DJ):    0.000ns
    Phase Error              (PE):    0.000ns
    User Uncertainty         (UU):    0.800ns

    Location             Delay type                Incr(ns)  Path(ns)    Netlist Resource(s)
  -------------------------------------------------------------------    -------------------
                         (clock eth_rxc rise edge)    0.000     0.000 r  
    Y19                                               0.000     0.000 r  eth_rxc (IN)
                         net (fo=0)                   0.000     0.000    eth_rxc
    Y19                  IBUF (Prop_ibuf_I_O)         0.266     0.266 r  eth_rxc_IBUF_inst/O
                         net (fo=1, routed)           0.674     0.940    u_eth/u_rgmii/u_rgmii_rx/rgmii_rxc
    BUFGCTRL_X0Y1        BUFG (Prop_bufg_I_O)         0.026     0.966 r  u_eth/u_rgmii/u_rgmii_rx/BUFG_inst/O
                         net (fo=2546, routed)        0.581     1.547    u_eth/u_rx_mac/gmii_rx_clk
    SLICE_X83Y32         FDCE                                         r  u_eth/u_rx_mac/m_sof_reg/C
  -------------------------------------------------------------------    -------------------
    SLICE_X83Y32         FDCE (Prop_fdce_C_Q)         0.141     1.688 f  u_eth/u_rx_mac/m_sof_reg/Q
                         net (fo=2, routed)           0.791     2.479    u_eth/u_rx_mac/rx_m_sof
    SLICE_X80Y28         LUT6 (Prop_lut6_I1_O)        0.045     2.524 r  u_eth/u_rx_mac/in_pay_i_1/O
                         net (fo=1, routed)           0.000     2.524    u_eth/u_rx_par/in_pay_reg_1
    SLICE_X80Y28         FDCE                                         r  u_eth/u_rx_par/in_pay_reg/D
  -------------------------------------------------------------------    -------------------

                         (clock eth_rxc rise edge)    0.000     0.000 r  
    Y19                                               0.000     0.000 r  eth_rxc (IN)
                         net (fo=0)                   0.000     0.000    eth_rxc
    Y19                  IBUF (Prop_ibuf_I_O)         0.454     0.454 r  eth_rxc_IBUF_inst/O
                         net (fo=1, routed)           0.731     1.185    u_eth/u_rgmii/u_rgmii_rx/rgmii_rxc
    BUFGCTRL_X0Y1        BUFG (Prop_bufg_I_O)         0.029     1.214 r  u_eth/u_rgmii/u_rgmii_rx/BUFG_inst/O
                         net (fo=2546, routed)        0.843     2.057    u_eth/u_rx_par/gmii_rx_clk
    SLICE_X80Y28         FDCE                                         r  u_eth/u_rx_par/in_pay_reg/C
                         clock pessimism             -0.481     1.576    
                         clock uncertainty            0.800     2.376    
    SLICE_X80Y28         FDCE (Hold_fdce_C_D)         0.091     2.467    u_eth/u_rx_par/in_pay_reg
  -------------------------------------------------------------------
                         required time                         -2.467    
                         arrival time                           2.524    
  -------------------------------------------------------------------
                         slack                                  0.057    

Slack (MET) :             0.057ns  (arrival time - required time)
  Source:                 u_eth/u_arp/u_arp_rx/FSM_onehot_cur_state_reg[2]/C
                            (rising edge-triggered cell FDCE clocked by eth_rxc  {rise@0.000ns fall@4.000ns period=8.000ns})
  Destination:            u_eth/u_arp/u_arp_rx/FSM_onehot_cur_state_reg[3]/D
                            (rising edge-triggered cell FDCE clocked by eth_rxc  {rise@0.000ns fall@4.000ns period=8.000ns})
  Path Group:             eth_rxc
  Path Type:              Hold (Min at Fast Process Corner)
  Requirement:            0.000ns  (eth_rxc rise@0.000ns - eth_rxc rise@0.000ns)
  Data Path Delay:        1.014ns  (logic 0.227ns (22.381%)  route 0.787ns (77.619%))
  Logic Levels:           1  (LUT4=1)
  Clock Path Skew:        0.037ns (DCD - SCD - CPR)
    Destination Clock Delay (DCD):    2.093ns
    Source Clock Delay      (SCD):    1.575ns
    Clock Pessimism Removal (CPR):    0.481ns
  Clock Uncertainty:      0.800ns  ((TSJ^2 + TIJ^2)^1/2 + DJ) / 2 + PE + UU
    Total System Jitter     (TSJ):    0.000ns
    Total Input Jitter      (TIJ):    0.000ns
    Discrete Jitter          (DJ):    0.000ns
    Phase Error              (PE):    0.000ns
    User Uncertainty         (UU):    0.800ns

    Location             Delay type                Incr(ns)  Path(ns)    Netlist Resource(s)
  -------------------------------------------------------------------    -------------------
                         (clock eth_rxc rise edge)    0.000     0.000 r  
    Y19                                               0.000     0.000 r  eth_rxc (IN)
                         net (fo=0)                   0.000     0.000    eth_rxc
    Y19                  IBUF (Prop_ibuf_I_O)         0.266     0.266 r  eth_rxc_IBUF_inst/O
                         net (fo=1, routed)           0.674     0.940    u_eth/u_rgmii/u_rgmii_rx/rgmii_rxc
    BUFGCTRL_X0Y1        BUFG (Prop_bufg_I_O)         0.026     0.966 r  u_eth/u_rgmii/u_rgmii_rx/BUFG_inst/O
                         net (fo=2546, routed)        0.609     1.575    u_eth/u_arp/u_arp_rx/gmii_rx_clk
    SLICE_X99Y37         FDCE                                         r  u_eth/u_arp/u_arp_rx/FSM_onehot_cur_state_reg[2]/C
  -------------------------------------------------------------------    -------------------
    SLICE_X99Y37         FDCE (Prop_fdce_C_Q)         0.128     1.703 r  u_eth/u_arp/u_arp_rx/FSM_onehot_cur_state_reg[2]/Q
                         net (fo=11, routed)          0.787     2.490    u_eth/u_arp/u_arp_rx/cur_state[2]
    SLICE_X96Y39         LUT4 (Prop_lut4_I1_O)        0.099     2.589 r  u_eth/u_arp/u_arp_rx/FSM_onehot_cur_state[3]_i_1/O
                         net (fo=1, routed)           0.000     2.589    u_eth/u_arp/u_arp_rx/next_state__0[3]
    SLICE_X96Y39         FDCE                                         r  u_eth/u_arp/u_arp_rx/FSM_onehot_cur_state_reg[3]/D
  -------------------------------------------------------------------    -------------------

                         (clock eth_rxc rise edge)    0.000     0.000 r  
    Y19                                               0.000     0.000 r  eth_rxc (IN)
                         net (fo=0)                   0.000     0.000    eth_rxc
    Y19                  IBUF (Prop_ibuf_I_O)         0.454     0.454 r  eth_rxc_IBUF_inst/O
                         net (fo=1, routed)           0.731     1.185    u_eth/u_rgmii/u_rgmii_rx/rgmii_rxc
    BUFGCTRL_X0Y1        BUFG (Prop_bufg_I_O)         0.029     1.214 r  u_eth/u_rgmii/u_rgmii_rx/BUFG_inst/O
                         net (fo=2546, routed)        0.879     2.093    u_eth/u_arp/u_arp_rx/gmii_rx_clk
    SLICE_X96Y39         FDCE                                         r  u_eth/u_arp/u_arp_rx/FSM_onehot_cur_state_reg[3]/C
                         clock pessimism             -0.481     1.612    
                         clock uncertainty            0.800     2.412    
    SLICE_X96Y39         FDCE (Hold_fdce_C_D)         0.120     2.532    u_eth/u_arp/u_arp_rx/FSM_onehot_cur_state_reg[3]
  -------------------------------------------------------------------
                         required time                         -2.532    
                         arrival time                           2.589    
  -------------------------------------------------------------------
                         slack                                  0.057    

Slack (MET) :             0.057ns  (arrival time - required time)
  Source:                 u_eth/u_icmp/u_icmp_rx/icmp_id_reg[12]/C
                            (rising edge-triggered cell FDCE clocked by eth_rxc  {rise@0.000ns fall@4.000ns period=8.000ns})
  Destination:            u_eth/u_icmp/u_icmp_tx/ip_head_reg[6][28]/D
                            (rising edge-triggered cell FDRE clocked by eth_rxc  {rise@0.000ns fall@4.000ns period=8.000ns})
  Path Group:             eth_rxc
  Path Type:              Hold (Min at Fast Process Corner)
  Requirement:            0.000ns  (eth_rxc rise@0.000ns - eth_rxc rise@0.000ns)
  Data Path Delay:        0.958ns  (logic 0.164ns (17.110%)  route 0.794ns (82.890%))
  Logic Levels:           0  
  Clock Path Skew:        0.013ns (DCD - SCD - CPR)
    Destination Clock Delay (DCD):    2.088ns
    Source Clock Delay      (SCD):    1.574ns
    Clock Pessimism Removal (CPR):    0.501ns
  Clock Uncertainty:      0.800ns  ((TSJ^2 + TIJ^2)^1/2 + DJ) / 2 + PE + UU
    Total System Jitter     (TSJ):    0.000ns
    Total Input Jitter      (TIJ):    0.000ns
    Discrete Jitter          (DJ):    0.000ns
    Phase Error              (PE):    0.000ns
    User Uncertainty         (UU):    0.800ns

    Location             Delay type                Incr(ns)  Path(ns)    Netlist Resource(s)
  -------------------------------------------------------------------    -------------------
                         (clock eth_rxc rise edge)    0.000     0.000 r  
    Y19                                               0.000     0.000 r  eth_rxc (IN)
                         net (fo=0)                   0.000     0.000    eth_rxc
    Y19                  IBUF (Prop_ibuf_I_O)         0.266     0.266 r  eth_rxc_IBUF_inst/O
                         net (fo=1, routed)           0.674     0.940    u_eth/u_rgmii/u_rgmii_rx/rgmii_rxc
    BUFGCTRL_X0Y1        BUFG (Prop_bufg_I_O)         0.026     0.966 r  u_eth/u_rgmii/u_rgmii_rx/BUFG_inst/O
                         net (fo=2546, routed)        0.608     1.574    u_eth/u_icmp/u_icmp_rx/gmii_rx_clk
    SLICE_X100Y34        FDCE                                         r  u_eth/u_icmp/u_icmp_rx/icmp_id_reg[12]/C
  -------------------------------------------------------------------    -------------------
    SLICE_X100Y34        FDCE (Prop_fdce_C_Q)         0.164     1.738 r  u_eth/u_icmp/u_icmp_rx/icmp_id_reg[12]/Q
                         net (fo=1, routed)           0.794     2.533    u_eth/u_icmp/u_icmp_tx/ip_head_reg[6][31]_1[28]
    SLICE_X100Y33        FDRE                                         r  u_eth/u_icmp/u_icmp_tx/ip_head_reg[6][28]/D
  -------------------------------------------------------------------    -------------------

                         (clock eth_rxc rise edge)    0.000     0.000 r  
    Y19                                               0.000     0.000 r  eth_rxc (IN)
                         net (fo=0)                   0.000     0.000    eth_rxc
    Y19                  IBUF (Prop_ibuf_I_O)         0.454     0.454 r  eth_rxc_IBUF_inst/O
                         net (fo=1, routed)           0.731     1.185    u_eth/u_rgmii/u_rgmii_rx/rgmii_rxc
    BUFGCTRL_X0Y1        BUFG (Prop_bufg_I_O)         0.029     1.214 r  u_eth/u_rgmii/u_rgmii_rx/BUFG_inst/O
                         net (fo=2546, routed)        0.874     2.088    u_eth/u_icmp/u_icmp_tx/gmii_rx_clk
    SLICE_X100Y33        FDRE                                         r  u_eth/u_icmp/u_icmp_tx/ip_head_reg[6][28]/C
                         clock pessimism             -0.501     1.587    
                         clock uncertainty            0.800     2.387    
    SLICE_X100Y33        FDRE (Hold_fdre_C_D)         0.088     2.475    u_eth/u_icmp/u_icmp_tx/ip_head_reg[6][28]
  -------------------------------------------------------------------
                         required time                         -2.475    
                         arrival time                           2.533    
  -------------------------------------------------------------------
                         slack                                  0.057    

Slack (MET) :             0.058ns  (arrival time - required time)
  Source:                 u_eth/u_icmp/u_icmp_rx/icmp_id_reg[5]/C
                            (rising edge-triggered cell FDCE clocked by eth_rxc  {rise@0.000ns fall@4.000ns period=8.000ns})
  Destination:            u_eth/u_icmp/u_icmp_tx/ip_head_reg[6][21]/D
                            (rising edge-triggered cell FDRE clocked by eth_rxc  {rise@0.000ns fall@4.000ns period=8.000ns})
  Path Group:             eth_rxc
  Path Type:              Hold (Min at Fast Process Corner)
  Requirement:            0.000ns  (eth_rxc rise@0.000ns - eth_rxc rise@0.000ns)
  Data Path Delay:        0.930ns  (logic 0.164ns (17.636%)  route 0.766ns (82.364%))
  Logic Levels:           0  
  Clock Path Skew:        0.013ns (DCD - SCD - CPR)
    Destination Clock Delay (DCD):    2.084ns
    Source Clock Delay      (SCD):    1.569ns
    Clock Pessimism Removal (CPR):    0.502ns
  Clock Uncertainty:      0.800ns  ((TSJ^2 + TIJ^2)^1/2 + DJ) / 2 + PE + UU
    Total System Jitter     (TSJ):    0.000ns
    Total Input Jitter      (TIJ):    0.000ns
    Discrete Jitter          (DJ):    0.000ns
    Phase Error              (PE):    0.000ns
    User Uncertainty         (UU):    0.800ns

    Location             Delay type                Incr(ns)  Path(ns)    Netlist Resource(s)
  -------------------------------------------------------------------    -------------------
                         (clock eth_rxc rise edge)    0.000     0.000 r  
    Y19                                               0.000     0.000 r  eth_rxc (IN)
                         net (fo=0)                   0.000     0.000    eth_rxc
    Y19                  IBUF (Prop_ibuf_I_O)         0.266     0.266 r  eth_rxc_IBUF_inst/O
                         net (fo=1, routed)           0.674     0.940    u_eth/u_rgmii/u_rgmii_rx/rgmii_rxc
    BUFGCTRL_X0Y1        BUFG (Prop_bufg_I_O)         0.026     0.966 r  u_eth/u_rgmii/u_rgmii_rx/BUFG_inst/O
                         net (fo=2546, routed)        0.603     1.569    u_eth/u_icmp/u_icmp_rx/gmii_rx_clk
    SLICE_X100Y29        FDCE                                         r  u_eth/u_icmp/u_icmp_rx/icmp_id_reg[5]/C
  -------------------------------------------------------------------    -------------------
    SLICE_X100Y29        FDCE (Prop_fdce_C_Q)         0.164     1.733 r  u_eth/u_icmp/u_icmp_rx/icmp_id_reg[5]/Q
                         net (fo=1, routed)           0.766     2.499    u_eth/u_icmp/u_icmp_tx/ip_head_reg[6][31]_1[21]
    SLICE_X101Y29        FDRE                                         r  u_eth/u_icmp/u_icmp_tx/ip_head_reg[6][21]/D
  -------------------------------------------------------------------    -------------------

                         (clock eth_rxc rise edge)    0.000     0.000 r  
    Y19                                               0.000     0.000 r  eth_rxc (IN)
                         net (fo=0)                   0.000     0.000    eth_rxc
    Y19                  IBUF (Prop_ibuf_I_O)         0.454     0.454 r  eth_rxc_IBUF_inst/O
                         net (fo=1, routed)           0.731     1.185    u_eth/u_rgmii/u_rgmii_rx/rgmii_rxc
    BUFGCTRL_X0Y1        BUFG (Prop_bufg_I_O)         0.029     1.214 r  u_eth/u_rgmii/u_rgmii_rx/BUFG_inst/O
                         net (fo=2546, routed)        0.870     2.084    u_eth/u_icmp/u_icmp_tx/gmii_rx_clk
    SLICE_X101Y29        FDRE                                         r  u_eth/u_icmp/u_icmp_tx/ip_head_reg[6][21]/C
                         clock pessimism             -0.502     1.582    
                         clock uncertainty            0.800     2.382    
    SLICE_X101Y29        FDRE (Hold_fdre_C_D)         0.059     2.441    u_eth/u_icmp/u_icmp_tx/ip_head_reg[6][21]
  -------------------------------------------------------------------
                         required time                         -2.441    
                         arrival time                           2.499    
  -------------------------------------------------------------------
                         slack                                  0.058    

Slack (MET) :             0.059ns  (arrival time - required time)
  Source:                 u_pl/u_pipe/u_sobel/no_right_r_reg[0]/C
                            (rising edge-triggered cell FDCE clocked by clkout0_1  {rise@0.000ns fall@10.000ns period=20.000ns})
  Destination:            u_pl/u_pipe/u_sobel/no_right_r_reg[1]/D
                            (rising edge-triggered cell FDCE clocked by clkout0_1  {rise@0.000ns fall@10.000ns period=20.000ns})
  Path Group:             clkout0_1
  Path Type:              Hold (Min at Fast Process Corner)
  Requirement:            0.000ns  (clkout0_1 rise@0.000ns - clkout0_1 rise@0.000ns)
  Data Path Delay:        0.378ns  (logic 0.141ns (37.317%)  route 0.237ns (62.683%))
  Logic Levels:           0  
  Clock Path Skew:        0.259ns (DCD - SCD - CPR)
    Destination Clock Delay (DCD):    2.023ns
    Source Clock Delay      (SCD):    1.511ns
    Clock Pessimism Removal (CPR):    0.253ns

    Location             Delay type                Incr(ns)  Path(ns)    Netlist Resource(s)
  -------------------------------------------------------------------    -------------------
                         (clock clkout0_1 rise edge)
                                                      0.000     0.000 r  
    W17                                               0.000     0.000 r  sys_clk (IN)
                         net (fo=0)                   0.000     0.000    sys_clk
    W17                  IBUF (Prop_ibuf_I_O)         0.252     0.252 r  sys_clk_IBUF_inst/O
                         net (fo=1, routed)           0.674     0.926    sys_clk_IBUF
    BUFGCTRL_X0Y4        BUFG (Prop_bufg_I_O)         0.026     0.952 r  sys_clk_IBUF_BUFG_inst/O
                         net (fo=186, routed)         0.595     1.547    u_pl/u_clk/sys_clk_IBUF_BUFG
    MMCME2_ADV_X1Y0      MMCME2_ADV (Prop_mmcme2_adv_CLKIN1_CLKOUT0)
                                                     -1.150     0.397 r  u_pl/u_clk/u_mmcm/CLKOUT0
                         net (fo=1, routed)           0.529     0.926    u_pl/u_clk/clkout0
    BUFGCTRL_X0Y0        BUFG (Prop_bufg_I_O)         0.026     0.952 r  u_pl/u_clk/u_bufg_pix/O
                         net (fo=5515, routed)        0.559     1.511    u_pl/u_pipe/u_sobel/clk_pix
    SLICE_X48Y45         FDCE                                         r  u_pl/u_pipe/u_sobel/no_right_r_reg[0]/C
  -------------------------------------------------------------------    -------------------
    SLICE_X48Y45         FDCE (Prop_fdce_C_Q)         0.141     1.652 r  u_pl/u_pipe/u_sobel/no_right_r_reg[0]/Q
                         net (fo=1, routed)           0.237     1.889    u_pl/u_pipe/u_sobel/no_right_r_reg_n_0_[0]
    SLICE_X51Y45         FDCE                                         r  u_pl/u_pipe/u_sobel/no_right_r_reg[1]/D
  -------------------------------------------------------------------    -------------------

                         (clock clkout0_1 rise edge)
                                                      0.000     0.000 r  
    W17                                               0.000     0.000 r  sys_clk (IN)
                         net (fo=0)                   0.000     0.000    sys_clk
    W17                  IBUF (Prop_ibuf_I_O)         0.440     0.440 r  sys_clk_IBUF_inst/O
                         net (fo=1, routed)           0.731     1.171    sys_clk_IBUF
    BUFGCTRL_X0Y4        BUFG (Prop_bufg_I_O)         0.029     1.200 r  sys_clk_IBUF_BUFG_inst/O
                         net (fo=186, routed)         0.862     2.062    u_pl/u_clk/sys_clk_IBUF_BUFG
    MMCME2_ADV_X1Y0      MMCME2_ADV (Prop_mmcme2_adv_CLKIN1_CLKOUT0)
                                                     -1.467     0.595 r  u_pl/u_clk/u_mmcm/CLKOUT0
                         net (fo=1, routed)           0.576     1.171    u_pl/u_clk/clkout0
    BUFGCTRL_X0Y0        BUFG (Prop_bufg_I_O)         0.029     1.200 r  u_pl/u_clk/u_bufg_pix/O
                         net (fo=5515, routed)        0.823     2.023    u_pl/u_pipe/u_sobel/clk_pix
    SLICE_X51Y45         FDCE                                         r  u_pl/u_pipe/u_sobel/no_right_r_reg[1]/C
                         clock pessimism             -0.253     1.770    
    SLICE_X51Y45         FDCE (Hold_fdce_C_D)         0.059     1.829    u_pl/u_pipe/u_sobel/no_right_r_reg[1]
  -------------------------------------------------------------------
                         required time                         -1.829    
                         arrival time                           1.889    
  -------------------------------------------------------------------
                         slack                                  0.059    

Slack (MET) :             0.060ns  (arrival time - required time)
  Source:                 u_eth/u_arp/u_crc32_d8/crc_data_reg[7]/C
                            (rising edge-triggered cell FDPE clocked by eth_rxc  {rise@0.000ns fall@4.000ns period=8.000ns})
  Destination:            u_eth/u_arp/u_crc32_d8/crc_data_reg[15]/D
                            (rising edge-triggered cell FDPE clocked by eth_rxc  {rise@0.000ns fall@4.000ns period=8.000ns})
  Path Group:             eth_rxc
  Path Type:              Hold (Min at Fast Process Corner)
  Requirement:            0.000ns  (eth_rxc rise@0.000ns - eth_rxc rise@0.000ns)
  Data Path Delay:        0.990ns  (logic 0.186ns (18.797%)  route 0.804ns (81.203%))
  Logic Levels:           1  (LUT6=1)
  Clock Path Skew:        0.038ns (DCD - SCD - CPR)
    Destination Clock Delay (DCD):    2.124ns
    Source Clock Delay      (SCD):    1.605ns
    Clock Pessimism Removal (CPR):    0.481ns
  Clock Uncertainty:      0.800ns  ((TSJ^2 + TIJ^2)^1/2 + DJ) / 2 + PE + UU
    Total System Jitter     (TSJ):    0.000ns
    Total Input Jitter      (TIJ):    0.000ns
    Discrete Jitter          (DJ):    0.000ns
    Phase Error              (PE):    0.000ns
    User Uncertainty         (UU):    0.800ns

    Location             Delay type                Incr(ns)  Path(ns)    Netlist Resource(s)
  -------------------------------------------------------------------    -------------------
                         (clock eth_rxc rise edge)    0.000     0.000 r  
    Y19                                               0.000     0.000 r  eth_rxc (IN)
                         net (fo=0)                   0.000     0.000    eth_rxc
    Y19                  IBUF (Prop_ibuf_I_O)         0.266     0.266 r  eth_rxc_IBUF_inst/O
                         net (fo=1, routed)           0.674     0.940    u_eth/u_rgmii/u_rgmii_rx/rgmii_rxc
    BUFGCTRL_X0Y1        BUFG (Prop_bufg_I_O)         0.026     0.966 r  u_eth/u_rgmii/u_rgmii_rx/BUFG_inst/O
                         net (fo=2546, routed)        0.639     1.605    u_eth/u_arp/u_crc32_d8/gmii_rx_clk
    SLICE_X109Y43        FDPE                                         r  u_eth/u_arp/u_crc32_d8/crc_data_reg[7]/C
  -------------------------------------------------------------------    -------------------
    SLICE_X109Y43        FDPE (Prop_fdpe_C_Q)         0.141     1.746 r  u_eth/u_arp/u_crc32_d8/crc_data_reg[7]/Q
                         net (fo=3, routed)           0.804     2.550    u_eth/u_arp/u_crc32_d8/Q[7]
    SLICE_X110Y42        LUT6 (Prop_lut6_I3_O)        0.045     2.595 r  u_eth/u_arp/u_crc32_d8/crc_data[15]_i_1/O
                         net (fo=1, routed)           0.000     2.595    u_eth/u_arp/u_crc32_d8/p_1_in_0[15]
    SLICE_X110Y42        FDPE                                         r  u_eth/u_arp/u_crc32_d8/crc_data_reg[15]/D
  -------------------------------------------------------------------    -------------------

                         (clock eth_rxc rise edge)    0.000     0.000 r  
    Y19                                               0.000     0.000 r  eth_rxc (IN)
                         net (fo=0)                   0.000     0.000    eth_rxc
    Y19                  IBUF (Prop_ibuf_I_O)         0.454     0.454 r  eth_rxc_IBUF_inst/O
                         net (fo=1, routed)           0.731     1.185    u_eth/u_rgmii/u_rgmii_rx/rgmii_rxc
    BUFGCTRL_X0Y1        BUFG (Prop_bufg_I_O)         0.029     1.214 r  u_eth/u_rgmii/u_rgmii_rx/BUFG_inst/O
                         net (fo=2546, routed)        0.910     2.124    u_eth/u_arp/u_crc32_d8/gmii_rx_clk
    SLICE_X110Y42        FDPE                                         r  u_eth/u_arp/u_crc32_d8/crc_data_reg[15]/C
                         clock pessimism             -0.481     1.643    
                         clock uncertainty            0.800     2.443    
    SLICE_X110Y42        FDPE (Hold_fdpe_C_D)         0.092     2.535    u_eth/u_arp/u_crc32_d8/crc_data_reg[15]
  -------------------------------------------------------------------
                         required time                         -2.535    
                         arrival time                           2.595    
  -------------------------------------------------------------------
                         slack                                  0.060    

Slack (MET) :             0.060ns  (arrival time - required time)
  Source:                 u_eth/u_lm/gap_min_reg[5]/C
                            (rising edge-triggered cell FDCE clocked by eth_rxc  {rise@0.000ns fall@4.000ns period=8.000ns})
  Destination:            u_eth/u_lm/lm_bus_reg[133]/D
                            (rising edge-triggered cell FDCE clocked by eth_rxc  {rise@0.000ns fall@4.000ns period=8.000ns})
  Path Group:             eth_rxc
  Path Type:              Hold (Min at Fast Process Corner)
  Requirement:            0.000ns  (eth_rxc rise@0.000ns - eth_rxc rise@0.000ns)
  Data Path Delay:        0.950ns  (logic 0.164ns (17.260%)  route 0.786ns (82.740%))
  Logic Levels:           0  
  Clock Path Skew:        0.029ns (DCD - SCD - CPR)
    Destination Clock Delay (DCD):    2.025ns
    Source Clock Delay      (SCD):    1.514ns
    Clock Pessimism Removal (CPR):    0.482ns
  Clock Uncertainty:      0.800ns  ((TSJ^2 + TIJ^2)^1/2 + DJ) / 2 + PE + UU
    Total System Jitter     (TSJ):    0.000ns
    Total Input Jitter      (TIJ):    0.000ns
    Discrete Jitter          (DJ):    0.000ns
    Phase Error              (PE):    0.000ns
    User Uncertainty         (UU):    0.800ns

    Location             Delay type                Incr(ns)  Path(ns)    Netlist Resource(s)
  -------------------------------------------------------------------    -------------------
                         (clock eth_rxc rise edge)    0.000     0.000 r  
    Y19                                               0.000     0.000 r  eth_rxc (IN)
                         net (fo=0)                   0.000     0.000    eth_rxc
    Y19                  IBUF (Prop_ibuf_I_O)         0.266     0.266 r  eth_rxc_IBUF_inst/O
                         net (fo=1, routed)           0.674     0.940    u_eth/u_rgmii/u_rgmii_rx/rgmii_rxc
    BUFGCTRL_X0Y1        BUFG (Prop_bufg_I_O)         0.026     0.966 r  u_eth/u_rgmii/u_rgmii_rx/BUFG_inst/O
                         net (fo=2546, routed)        0.548     1.514    u_eth/u_lm/gmii_rx_clk
    SLICE_X38Y77         FDCE                                         r  u_eth/u_lm/gap_min_reg[5]/C
  -------------------------------------------------------------------    -------------------
    SLICE_X38Y77         FDCE (Prop_fdce_C_Q)         0.164     1.678 r  u_eth/u_lm/gap_min_reg[5]/Q
                         net (fo=3, routed)           0.786     2.464    u_eth/u_lm/p_0_out[133]
    SLICE_X43Y76         FDCE                                         r  u_eth/u_lm/lm_bus_reg[133]/D
  -------------------------------------------------------------------    -------------------

                         (clock eth_rxc rise edge)    0.000     0.000 r  
    Y19                                               0.000     0.000 r  eth_rxc (IN)
                         net (fo=0)                   0.000     0.000    eth_rxc
    Y19                  IBUF (Prop_ibuf_I_O)         0.454     0.454 r  eth_rxc_IBUF_inst/O
                         net (fo=1, routed)           0.731     1.185    u_eth/u_rgmii/u_rgmii_rx/rgmii_rxc
    BUFGCTRL_X0Y1        BUFG (Prop_bufg_I_O)         0.029     1.214 r  u_eth/u_rgmii/u_rgmii_rx/BUFG_inst/O
                         net (fo=2546, routed)        0.811     2.025    u_eth/u_lm/gmii_rx_clk
    SLICE_X43Y76         FDCE                                         r  u_eth/u_lm/lm_bus_reg[133]/C
                         clock pessimism             -0.482     1.543    
                         clock uncertainty            0.800     2.343    
    SLICE_X43Y76         FDCE (Hold_fdce_C_D)         0.061     2.404    u_eth/u_lm/lm_bus_reg[133]
  -------------------------------------------------------------------
                         required time                         -2.404    
                         arrival time                           2.464    
  -------------------------------------------------------------------
                         slack                                  0.060    

Slack (MET) :             0.061ns  (arrival time - required time)
  Source:                 u_eth/u_icmp/u_icmp_tx/gmii_txd_reg[2]/C
                            (rising edge-triggered cell FDCE clocked by eth_rxc  {rise@0.000ns fall@4.000ns period=8.000ns})
  Destination:            u_eth/u_icmp/u_crc32_d8/crc_data_reg[17]/D
                            (rising edge-triggered cell FDPE clocked by eth_rxc  {rise@0.000ns fall@4.000ns period=8.000ns})
  Path Group:             eth_rxc
  Path Type:              Hold (Min at Fast Process Corner)
  Requirement:            0.000ns  (eth_rxc rise@0.000ns - eth_rxc rise@0.000ns)
  Data Path Delay:        0.991ns  (logic 0.186ns (18.767%)  route 0.805ns (81.233%))
  Logic Levels:           1  (LUT6=1)
  Clock Path Skew:        0.039ns (DCD - SCD - CPR)
    Destination Clock Delay (DCD):    2.119ns
    Source Clock Delay      (SCD):    1.599ns
    Clock Pessimism Removal (CPR):    0.481ns
  Clock Uncertainty:      0.800ns  ((TSJ^2 + TIJ^2)^1/2 + DJ) / 2 + PE + UU
    Total System Jitter     (TSJ):    0.000ns
    Total Input Jitter      (TIJ):    0.000ns
    Discrete Jitter          (DJ):    0.000ns
    Phase Error              (PE):    0.000ns
    User Uncertainty         (UU):    0.800ns

    Location             Delay type                Incr(ns)  Path(ns)    Netlist Resource(s)
  -------------------------------------------------------------------    -------------------
                         (clock eth_rxc rise edge)    0.000     0.000 r  
    Y19                                               0.000     0.000 r  eth_rxc (IN)
                         net (fo=0)                   0.000     0.000    eth_rxc
    Y19                  IBUF (Prop_ibuf_I_O)         0.266     0.266 r  eth_rxc_IBUF_inst/O
                         net (fo=1, routed)           0.674     0.940    u_eth/u_rgmii/u_rgmii_rx/rgmii_rxc
    BUFGCTRL_X0Y1        BUFG (Prop_bufg_I_O)         0.026     0.966 r  u_eth/u_rgmii/u_rgmii_rx/BUFG_inst/O
                         net (fo=2546, routed)        0.633     1.599    u_eth/u_icmp/u_icmp_tx/gmii_rx_clk
    SLICE_X109Y32        FDCE                                         r  u_eth/u_icmp/u_icmp_tx/gmii_txd_reg[2]/C
  -------------------------------------------------------------------    -------------------
    SLICE_X109Y32        FDCE (Prop_fdce_C_Q)         0.141     1.740 r  u_eth/u_icmp/u_icmp_tx/gmii_txd_reg[2]/Q
                         net (fo=8, routed)           0.805     2.545    u_eth/u_icmp/u_crc32_d8/crc_data_reg[23]_0[2]
    SLICE_X111Y34        LUT6 (Prop_lut6_I2_O)        0.045     2.590 r  u_eth/u_icmp/u_crc32_d8/crc_data[17]_i_1__0/O
                         net (fo=1, routed)           0.000     2.590    u_eth/u_icmp/u_crc32_d8/p_1_in[17]
    SLICE_X111Y34        FDPE                                         r  u_eth/u_icmp/u_crc32_d8/crc_data_reg[17]/D
  -------------------------------------------------------------------    -------------------

                         (clock eth_rxc rise edge)    0.000     0.000 r  
    Y19                                               0.000     0.000 r  eth_rxc (IN)
                         net (fo=0)                   0.000     0.000    eth_rxc
    Y19                  IBUF (Prop_ibuf_I_O)         0.454     0.454 r  eth_rxc_IBUF_inst/O
                         net (fo=1, routed)           0.731     1.185    u_eth/u_rgmii/u_rgmii_rx/rgmii_rxc
    BUFGCTRL_X0Y1        BUFG (Prop_bufg_I_O)         0.029     1.214 r  u_eth/u_rgmii/u_rgmii_rx/BUFG_inst/O
                         net (fo=2546, routed)        0.905     2.119    u_eth/u_icmp/u_crc32_d8/gmii_rx_clk
    SLICE_X111Y34        FDPE                                         r  u_eth/u_icmp/u_crc32_d8/crc_data_reg[17]/C
                         clock pessimism             -0.481     1.638    
                         clock uncertainty            0.800     2.438    
    SLICE_X111Y34        FDPE (Hold_fdpe_C_D)         0.091     2.529    u_eth/u_icmp/u_crc32_d8/crc_data_reg[17]
  -------------------------------------------------------------------
                         required time                         -2.529    
                         arrival time                           2.590    
  -------------------------------------------------------------------
                         slack                                  0.061    

Slack (MET) :             0.061ns  (arrival time - required time)
  Source:                 u_eth/u_rx_par/udp_len_reg[9]/C
                            (rising edge-triggered cell FDCE clocked by eth_rxc  {rise@0.000ns fall@4.000ns period=8.000ns})
  Destination:            u_eth/u_rx_par/pay_end_reg[9]/D
                            (rising edge-triggered cell FDCE clocked by eth_rxc  {rise@0.000ns fall@4.000ns period=8.000ns})
  Path Group:             eth_rxc
  Path Type:              Hold (Min at Fast Process Corner)
  Requirement:            0.000ns  (eth_rxc rise@0.000ns - eth_rxc rise@0.000ns)
  Data Path Delay:        0.998ns  (logic 0.251ns (25.144%)  route 0.747ns (74.856%))
  Logic Levels:           2  (CARRY4=1 LUT4=1)
  Clock Path Skew:        0.032ns (DCD - SCD - CPR)
    Destination Clock Delay (DCD):    2.055ns
    Source Clock Delay      (SCD):    1.542ns
    Clock Pessimism Removal (CPR):    0.481ns
  Clock Uncertainty:      0.800ns  ((TSJ^2 + TIJ^2)^1/2 + DJ) / 2 + PE + UU
    Total System Jitter     (TSJ):    0.000ns
    Total Input Jitter      (TIJ):    0.000ns
    Discrete Jitter          (DJ):    0.000ns
    Phase Error              (PE):    0.000ns
    User Uncertainty         (UU):    0.800ns

    Location             Delay type                Incr(ns)  Path(ns)    Netlist Resource(s)
  -------------------------------------------------------------------    -------------------
                         (clock eth_rxc rise edge)    0.000     0.000 r  
    Y19                                               0.000     0.000 r  eth_rxc (IN)
                         net (fo=0)                   0.000     0.000    eth_rxc
    Y19                  IBUF (Prop_ibuf_I_O)         0.266     0.266 r  eth_rxc_IBUF_inst/O
                         net (fo=1, routed)           0.674     0.940    u_eth/u_rgmii/u_rgmii_rx/rgmii_rxc
    BUFGCTRL_X0Y1        BUFG (Prop_bufg_I_O)         0.026     0.966 r  u_eth/u_rgmii/u_rgmii_rx/BUFG_inst/O
                         net (fo=2546, routed)        0.576     1.542    u_eth/u_rx_par/gmii_rx_clk
    SLICE_X76Y28         FDCE                                         r  u_eth/u_rx_par/udp_len_reg[9]/C
  -------------------------------------------------------------------    -------------------
    SLICE_X76Y28         FDCE (Prop_fdce_C_Q)         0.141     1.683 r  u_eth/u_rx_par/udp_len_reg[9]/Q
                         net (fo=3, routed)           0.747     2.430    u_eth/u_rx_par/udp_len[9]
    SLICE_X75Y28         LUT4 (Prop_lut4_I2_O)        0.045     2.475 r  u_eth/u_rx_par/pay_end[11]_i_8/O
                         net (fo=1, routed)           0.000     2.475    u_eth/u_rx_par/pay_end[11]_i_8_n_0
    SLICE_X75Y28         CARRY4 (Prop_carry4_S[1]_O[1])
                                                      0.065     2.540 r  u_eth/u_rx_par/pay_end_reg[11]_i_1/O[1]
                         net (fo=1, routed)           0.000     2.540    u_eth/u_rx_par/pay_end0[9]
    SLICE_X75Y28         FDCE                                         r  u_eth/u_rx_par/pay_end_reg[9]/D
  -------------------------------------------------------------------    -------------------

                         (clock eth_rxc rise edge)    0.000     0.000 r  
    Y19                                               0.000     0.000 r  eth_rxc (IN)
                         net (fo=0)                   0.000     0.000    eth_rxc
    Y19                  IBUF (Prop_ibuf_I_O)         0.454     0.454 r  eth_rxc_IBUF_inst/O
                         net (fo=1, routed)           0.731     1.185    u_eth/u_rgmii/u_rgmii_rx/rgmii_rxc
    BUFGCTRL_X0Y1        BUFG (Prop_bufg_I_O)         0.029     1.214 r  u_eth/u_rgmii/u_rgmii_rx/BUFG_inst/O
                         net (fo=2546, routed)        0.841     2.055    u_eth/u_rx_par/gmii_rx_clk
    SLICE_X75Y28         FDCE                                         r  u_eth/u_rx_par/pay_end_reg[9]/C
                         clock pessimism             -0.481     1.574    
                         clock uncertainty            0.800     2.374    
    SLICE_X75Y28         FDCE (Hold_fdce_C_D)         0.105     2.479    u_eth/u_rx_par/pay_end_reg[9]
  -------------------------------------------------------------------
                         required time                         -2.479    
                         arrival time                           2.540    
  -------------------------------------------------------------------
                         slack                                  0.061    

Slack (MET) :             0.062ns  (arrival time - required time)
  Source:                 u_eth/u_saver/cur_data_reg[51]/C
                            (rising edge-triggered cell FDCE clocked by clk_fpga_0  {rise@0.000ns fall@5.000ns period=10.000ns})
  Destination:            u_eth/u_saver/q_data_reg_128_191_51_53/RAMA/I
                            (rising edge-triggered cell RAMD64E clocked by clk_fpga_0  {rise@0.000ns fall@5.000ns period=10.000ns})
  Path Group:             clk_fpga_0
  Path Type:              Hold (Min at Fast Process Corner)
  Requirement:            0.000ns  (clk_fpga_0 rise@0.000ns - clk_fpga_0 rise@0.000ns)
  Data Path Delay:        0.222ns  (logic 0.141ns (63.634%)  route 0.081ns (36.366%))
  Logic Levels:           0  
  Clock Path Skew:        0.013ns (DCD - SCD - CPR)
    Destination Clock Delay (DCD):    1.229ns
    Source Clock Delay      (SCD):    0.929ns
    Clock Pessimism Removal (CPR):    0.287ns

    Location             Delay type                Incr(ns)  Path(ns)    Netlist Resource(s)
  -------------------------------------------------------------------    -------------------
                         (clock clk_fpga_0 rise edge)
                                                      0.000     0.000 r  
    PS7_X0Y0             PS7                          0.000     0.000 r  u_bd/design_1_i/processing_system7_0/inst/PS7_i/FCLKCLK[0]
                         net (fo=1, routed)           0.310     0.310    u_bd/design_1_i/processing_system7_0/inst/FCLK_CLK_unbuffered[0]
    BUFGCTRL_X0Y16       BUFG (Prop_bufg_I_O)         0.026     0.336 r  u_bd/design_1_i/processing_system7_0/inst/buffer_fclk_clk_0.FCLK_CLK_0_BUFG/O
                         net (fo=4375, routed)        0.593     0.929    u_eth/u_saver/FCLK_CLK0
    SLICE_X19Y38         FDCE                                         r  u_eth/u_saver/cur_data_reg[51]/C
  -------------------------------------------------------------------    -------------------
    SLICE_X19Y38         FDCE (Prop_fdce_C_Q)         0.141     1.070 r  u_eth/u_saver/cur_data_reg[51]/Q
                         net (fo=8, routed)           0.081     1.150    u_eth/u_saver/q_data_reg_128_191_51_53/DIA
    SLICE_X18Y38         RAMD64E                                      r  u_eth/u_saver/q_data_reg_128_191_51_53/RAMA/I
  -------------------------------------------------------------------    -------------------

                         (clock clk_fpga_0 rise edge)
                                                      0.000     0.000 r  
    PS7_X0Y0             PS7                          0.000     0.000 r  u_bd/design_1_i/processing_system7_0/inst/PS7_i/FCLKCLK[0]
                         net (fo=1, routed)           0.337     0.337    u_bd/design_1_i/processing_system7_0/inst/FCLK_CLK_unbuffered[0]
    BUFGCTRL_X0Y16       BUFG (Prop_bufg_I_O)         0.029     0.366 r  u_bd/design_1_i/processing_system7_0/inst/buffer_fclk_clk_0.FCLK_CLK_0_BUFG/O
                         net (fo=4375, routed)        0.863     1.229    u_eth/u_saver/q_data_reg_128_191_51_53/WCLK
    SLICE_X18Y38         RAMD64E                                      r  u_eth/u_saver/q_data_reg_128_191_51_53/RAMA/CLK
                         clock pessimism             -0.287     0.942    
    SLICE_X18Y38         RAMD64E (Hold_ramd64e_CLK_I)
                                                      0.147     1.089    u_eth/u_saver/q_data_reg_128_191_51_53/RAMA
  -------------------------------------------------------------------
                         required time                         -1.088    
                         arrival time                           1.150    
  -------------------------------------------------------------------
                         slack                                  0.062    

Slack (MET) :             0.062ns  (arrival time - required time)
  Source:                 u_eth/u_saver/cur_data_reg[57]/C
                            (rising edge-triggered cell FDCE clocked by clk_fpga_0  {rise@0.000ns fall@5.000ns period=10.000ns})
  Destination:            u_eth/u_saver/q_data_reg_256_319_57_59/RAMA/I
                            (rising edge-triggered cell RAMD64E clocked by clk_fpga_0  {rise@0.000ns fall@5.000ns period=10.000ns})
  Path Group:             clk_fpga_0
  Path Type:              Hold (Min at Fast Process Corner)
  Requirement:            0.000ns  (clk_fpga_0 rise@0.000ns - clk_fpga_0 rise@0.000ns)
  Data Path Delay:        0.222ns  (logic 0.141ns (63.609%)  route 0.081ns (36.391%))
  Logic Levels:           0  
  Clock Path Skew:        0.013ns (DCD - SCD - CPR)
    Destination Clock Delay (DCD):    1.225ns
    Source Clock Delay      (SCD):    0.927ns
    Clock Pessimism Removal (CPR):    0.285ns

    Location             Delay type                Incr(ns)  Path(ns)    Netlist Resource(s)
  -------------------------------------------------------------------    -------------------
                         (clock clk_fpga_0 rise edge)
                                                      0.000     0.000 r  
    PS7_X0Y0             PS7                          0.000     0.000 r  u_bd/design_1_i/processing_system7_0/inst/PS7_i/FCLKCLK[0]
                         net (fo=1, routed)           0.310     0.310    u_bd/design_1_i/processing_system7_0/inst/FCLK_CLK_unbuffered[0]
    BUFGCTRL_X0Y16       BUFG (Prop_bufg_I_O)         0.026     0.336 r  u_bd/design_1_i/processing_system7_0/inst/buffer_fclk_clk_0.FCLK_CLK_0_BUFG/O
                         net (fo=4375, routed)        0.591     0.927    u_eth/u_saver/FCLK_CLK0
    SLICE_X21Y35         FDCE                                         r  u_eth/u_saver/cur_data_reg[57]/C
  -------------------------------------------------------------------    -------------------
    SLICE_X21Y35         FDCE (Prop_fdce_C_Q)         0.141     1.068 r  u_eth/u_saver/cur_data_reg[57]/Q
                         net (fo=8, routed)           0.081     1.148    u_eth/u_saver/q_data_reg_256_319_57_59/DIA
    SLICE_X20Y35         RAMD64E                                      r  u_eth/u_saver/q_data_reg_256_319_57_59/RAMA/I
  -------------------------------------------------------------------    -------------------

                         (clock clk_fpga_0 rise edge)
                                                      0.000     0.000 r  
    PS7_X0Y0             PS7                          0.000     0.000 r  u_bd/design_1_i/processing_system7_0/inst/PS7_i/FCLKCLK[0]
                         net (fo=1, routed)           0.337     0.337    u_bd/design_1_i/processing_system7_0/inst/FCLK_CLK_unbuffered[0]
    BUFGCTRL_X0Y16       BUFG (Prop_bufg_I_O)         0.029     0.366 r  u_bd/design_1_i/processing_system7_0/inst/buffer_fclk_clk_0.FCLK_CLK_0_BUFG/O
                         net (fo=4375, routed)        0.859     1.225    u_eth/u_saver/q_data_reg_256_319_57_59/WCLK
    SLICE_X20Y35         RAMD64E                                      r  u_eth/u_saver/q_data_reg_256_319_57_59/RAMA/CLK
                         clock pessimism             -0.285     0.940    
    SLICE_X20Y35         RAMD64E (Hold_ramd64e_CLK_I)
                                                      0.147     1.087    u_eth/u_saver/q_data_reg_256_319_57_59/RAMA
  -------------------------------------------------------------------
                         required time                         -1.087    
                         arrival time                           1.148    
  -------------------------------------------------------------------
                         slack                                  0.062    

Slack (MET) :             0.062ns  (arrival time - required time)
  Source:                 u_eth/u_icmp/u_icmp_rx/des_ip_reg[8]/C
                            (rising edge-triggered cell FDCE clocked by eth_rxc  {rise@0.000ns fall@4.000ns period=8.000ns})
  Destination:            u_eth/u_icmp/u_icmp_rx/des_ip_reg[16]/D
                            (rising edge-triggered cell FDCE clocked by eth_rxc  {rise@0.000ns fall@4.000ns period=8.000ns})
  Path Group:             eth_rxc
  Path Type:              Hold (Min at Fast Process Corner)
  Requirement:            0.000ns  (eth_rxc rise@0.000ns - eth_rxc rise@0.000ns)
  Data Path Delay:        0.957ns  (logic 0.164ns (17.138%)  route 0.793ns (82.862%))
  Logic Levels:           0  
  Clock Path Skew:        0.034ns (DCD - SCD - CPR)
    Destination Clock Delay (DCD):    2.083ns
    Source Clock Delay      (SCD):    1.568ns
    Clock Pessimism Removal (CPR):    0.481ns
  Clock Uncertainty:      0.800ns  ((TSJ^2 + TIJ^2)^1/2 + DJ) / 2 + PE + UU
    Total System Jitter     (TSJ):    0.000ns
    Total Input Jitter      (TIJ):    0.000ns
    Discrete Jitter          (DJ):    0.000ns
    Phase Error              (PE):    0.000ns
    User Uncertainty         (UU):    0.800ns

    Location             Delay type                Incr(ns)  Path(ns)    Netlist Resource(s)
  -------------------------------------------------------------------    -------------------
                         (clock eth_rxc rise edge)    0.000     0.000 r  
    Y19                                               0.000     0.000 r  eth_rxc (IN)
                         net (fo=0)                   0.000     0.000    eth_rxc
    Y19                  IBUF (Prop_ibuf_I_O)         0.266     0.266 r  eth_rxc_IBUF_inst/O
                         net (fo=1, routed)           0.674     0.940    u_eth/u_rgmii/u_rgmii_rx/rgmii_rxc
    BUFGCTRL_X0Y1        BUFG (Prop_bufg_I_O)         0.026     0.966 r  u_eth/u_rgmii/u_rgmii_rx/BUFG_inst/O
                         net (fo=2546, routed)        0.602     1.568    u_eth/u_icmp/u_icmp_rx/gmii_rx_clk
    SLICE_X98Y21         FDCE                                         r  u_eth/u_icmp/u_icmp_rx/des_ip_reg[8]/C
  -------------------------------------------------------------------    -------------------
    SLICE_X98Y21         FDCE (Prop_fdce_C_Q)         0.164     1.732 r  u_eth/u_icmp/u_icmp_rx/des_ip_reg[8]/Q
                         net (fo=2, routed)           0.793     2.525    u_eth/u_icmp/u_icmp_rx/des_ip_reg_n_0_[8]
    SLICE_X97Y21         FDCE                                         r  u_eth/u_icmp/u_icmp_rx/des_ip_reg[16]/D
  -------------------------------------------------------------------    -------------------

                         (clock eth_rxc rise edge)    0.000     0.000 r  
    Y19                                               0.000     0.000 r  eth_rxc (IN)
                         net (fo=0)                   0.000     0.000    eth_rxc
    Y19                  IBUF (Prop_ibuf_I_O)         0.454     0.454 r  eth_rxc_IBUF_inst/O
                         net (fo=1, routed)           0.731     1.185    u_eth/u_rgmii/u_rgmii_rx/rgmii_rxc
    BUFGCTRL_X0Y1        BUFG (Prop_bufg_I_O)         0.029     1.214 r  u_eth/u_rgmii/u_rgmii_rx/BUFG_inst/O
                         net (fo=2546, routed)        0.869     2.083    u_eth/u_icmp/u_icmp_rx/gmii_rx_clk
    SLICE_X97Y21         FDCE                                         r  u_eth/u_icmp/u_icmp_rx/des_ip_reg[16]/C
                         clock pessimism             -0.481     1.602    
                         clock uncertainty            0.800     2.402    
    SLICE_X97Y21         FDCE (Hold_fdce_C_D)         0.061     2.463    u_eth/u_icmp/u_icmp_rx/des_ip_reg[16]
  -------------------------------------------------------------------
                         required time                         -2.463    
                         arrival time                           2.525    
  -------------------------------------------------------------------
                         slack                                  0.062    

Slack (MET) :             0.062ns  (arrival time - required time)
  Source:                 u_eth/u_rx_par/udp_off_reg[7]/C
                            (rising edge-triggered cell FDCE clocked by eth_rxc  {rise@0.000ns fall@4.000ns period=8.000ns})
  Destination:            u_eth/u_rx_par/pay_end_reg[7]/D
                            (rising edge-triggered cell FDCE clocked by eth_rxc  {rise@0.000ns fall@4.000ns period=8.000ns})
  Path Group:             eth_rxc
  Path Type:              Hold (Min at Fast Process Corner)
  Requirement:            0.000ns  (eth_rxc rise@0.000ns - eth_rxc rise@0.000ns)
  Data Path Delay:        0.999ns  (logic 0.249ns (24.919%)  route 0.750ns (75.081%))
  Logic Levels:           2  (CARRY4=1 LUT4=1)
  Clock Path Skew:        0.032ns (DCD - SCD - CPR)
    Destination Clock Delay (DCD):    2.054ns
    Source Clock Delay      (SCD):    1.541ns
    Clock Pessimism Removal (CPR):    0.481ns
  Clock Uncertainty:      0.800ns  ((TSJ^2 + TIJ^2)^1/2 + DJ) / 2 + PE + UU
    Total System Jitter     (TSJ):    0.000ns
    Total Input Jitter      (TIJ):    0.000ns
    Discrete Jitter          (DJ):    0.000ns
    Phase Error              (PE):    0.000ns
    User Uncertainty         (UU):    0.800ns

    Location             Delay type                Incr(ns)  Path(ns)    Netlist Resource(s)
  -------------------------------------------------------------------    -------------------
                         (clock eth_rxc rise edge)    0.000     0.000 r  
    Y19                                               0.000     0.000 r  eth_rxc (IN)
                         net (fo=0)                   0.000     0.000    eth_rxc
    Y19                  IBUF (Prop_ibuf_I_O)         0.266     0.266 r  eth_rxc_IBUF_inst/O
                         net (fo=1, routed)           0.674     0.940    u_eth/u_rgmii/u_rgmii_rx/rgmii_rxc
    BUFGCTRL_X0Y1        BUFG (Prop_bufg_I_O)         0.026     0.966 r  u_eth/u_rgmii/u_rgmii_rx/BUFG_inst/O
                         net (fo=2546, routed)        0.575     1.541    u_eth/u_rx_par/gmii_rx_clk
    SLICE_X71Y28         FDCE                                         r  u_eth/u_rx_par/udp_off_reg[7]/C
  -------------------------------------------------------------------    -------------------
    SLICE_X71Y28         FDCE (Prop_fdce_C_Q)         0.141     1.682 r  u_eth/u_rx_par/udp_off_reg[7]/Q
                         net (fo=7, routed)           0.750     2.432    u_eth/u_rx_par/udp_off_reg[7]_0[5]
    SLICE_X75Y27         LUT4 (Prop_lut4_I3_O)        0.045     2.477 r  u_eth/u_rx_par/pay_end[7]_i_6/O
                         net (fo=1, routed)           0.000     2.477    u_eth/u_rx_mac/pay_end_reg[7][3]
    SLICE_X75Y27         CARRY4 (Prop_carry4_S[3]_O[3])
                                                      0.063     2.540 r  u_eth/u_rx_mac/pay_end_reg[7]_i_1/O[3]
                         net (fo=1, routed)           0.000     2.540    u_eth/u_rx_par/D[7]
    SLICE_X75Y27         FDCE                                         r  u_eth/u_rx_par/pay_end_reg[7]/D
  -------------------------------------------------------------------    -------------------

                         (clock eth_rxc rise edge)    0.000     0.000 r  
    Y19                                               0.000     0.000 r  eth_rxc (IN)
                         net (fo=0)                   0.000     0.000    eth_rxc
    Y19                  IBUF (Prop_ibuf_I_O)         0.454     0.454 r  eth_rxc_IBUF_inst/O
                         net (fo=1, routed)           0.731     1.185    u_eth/u_rgmii/u_rgmii_rx/rgmii_rxc
    BUFGCTRL_X0Y1        BUFG (Prop_bufg_I_O)         0.029     1.214 r  u_eth/u_rgmii/u_rgmii_rx/BUFG_inst/O
                         net (fo=2546, routed)        0.840     2.054    u_eth/u_rx_par/gmii_rx_clk
    SLICE_X75Y27         FDCE                                         r  u_eth/u_rx_par/pay_end_reg[7]/C
                         clock pessimism             -0.481     1.573    
                         clock uncertainty            0.800     2.373    
    SLICE_X75Y27         FDCE (Hold_fdce_C_D)         0.105     2.478    u_eth/u_rx_par/pay_end_reg[7]
  -------------------------------------------------------------------
                         required time                         -2.478    
                         arrival time                           2.540    
  -------------------------------------------------------------------
                         slack                                  0.062    

Slack (MET) :             0.063ns  (arrival time - required time)
  Source:                 u_eth/u_arp/u_crc32_d8/crc_data_reg[25]/C
                            (rising edge-triggered cell FDPE clocked by eth_rxc  {rise@0.000ns fall@4.000ns period=8.000ns})
  Destination:            u_eth/u_arp/u_crc32_d8/crc_data_reg[2]/D
                            (rising edge-triggered cell FDPE clocked by eth_rxc  {rise@0.000ns fall@4.000ns period=8.000ns})
  Path Group:             eth_rxc
  Path Type:              Hold (Min at Fast Process Corner)
  Requirement:            0.000ns  (eth_rxc rise@0.000ns - eth_rxc rise@0.000ns)
  Data Path Delay:        1.024ns  (logic 0.186ns (18.164%)  route 0.838ns (81.836%))
  Logic Levels:           1  (LUT6=1)
  Clock Path Skew:        0.040ns (DCD - SCD - CPR)
    Destination Clock Delay (DCD):    2.125ns
    Source Clock Delay      (SCD):    1.604ns
    Clock Pessimism Removal (CPR):    0.481ns
  Clock Uncertainty:      0.800ns  ((TSJ^2 + TIJ^2)^1/2 + DJ) / 2 + PE + UU
    Total System Jitter     (TSJ):    0.000ns
    Total Input Jitter      (TIJ):    0.000ns
    Discrete Jitter          (DJ):    0.000ns
    Phase Error              (PE):    0.000ns
    User Uncertainty         (UU):    0.800ns

    Location             Delay type                Incr(ns)  Path(ns)    Netlist Resource(s)
  -------------------------------------------------------------------    -------------------
                         (clock eth_rxc rise edge)    0.000     0.000 r  
    Y19                                               0.000     0.000 r  eth_rxc (IN)
                         net (fo=0)                   0.000     0.000    eth_rxc
    Y19                  IBUF (Prop_ibuf_I_O)         0.266     0.266 r  eth_rxc_IBUF_inst/O
                         net (fo=1, routed)           0.674     0.940    u_eth/u_rgmii/u_rgmii_rx/rgmii_rxc
    BUFGCTRL_X0Y1        BUFG (Prop_bufg_I_O)         0.026     0.966 r  u_eth/u_rgmii/u_rgmii_rx/BUFG_inst/O
                         net (fo=2546, routed)        0.638     1.604    u_eth/u_arp/u_crc32_d8/gmii_rx_clk
    SLICE_X109Y42        FDPE                                         r  u_eth/u_arp/u_crc32_d8/crc_data_reg[25]/C
  -------------------------------------------------------------------    -------------------
    SLICE_X109Y42        FDPE (Prop_fdpe_C_Q)         0.141     1.745 r  u_eth/u_arp/u_crc32_d8/crc_data_reg[25]/Q
                         net (fo=13, routed)          0.838     2.583    u_eth/u_arp/u_arp_tx/Q[20]
    SLICE_X112Y43        LUT6 (Prop_lut6_I1_O)        0.045     2.628 r  u_eth/u_arp/u_arp_tx/crc_data[2]_i_1/O
                         net (fo=1, routed)           0.000     2.628    u_eth/u_arp/u_crc32_d8/D[2]
    SLICE_X112Y43        FDPE                                         r  u_eth/u_arp/u_crc32_d8/crc_data_reg[2]/D
  -------------------------------------------------------------------    -------------------

                         (clock eth_rxc rise edge)    0.000     0.000 r  
    Y19                                               0.000     0.000 r  eth_rxc (IN)
                         net (fo=0)                   0.000     0.000    eth_rxc
    Y19                  IBUF (Prop_ibuf_I_O)         0.454     0.454 r  eth_rxc_IBUF_inst/O
                         net (fo=1, routed)           0.731     1.185    u_eth/u_rgmii/u_rgmii_rx/rgmii_rxc
    BUFGCTRL_X0Y1        BUFG (Prop_bufg_I_O)         0.029     1.214 r  u_eth/u_rgmii/u_rgmii_rx/BUFG_inst/O
                         net (fo=2546, routed)        0.911     2.125    u_eth/u_arp/u_crc32_d8/gmii_rx_clk
    SLICE_X112Y43        FDPE                                         r  u_eth/u_arp/u_crc32_d8/crc_data_reg[2]/C
                         clock pessimism             -0.481     1.644    
                         clock uncertainty            0.800     2.444    
    SLICE_X112Y43        FDPE (Hold_fdpe_C_D)         0.121     2.565    u_eth/u_arp/u_crc32_d8/crc_data_reg[2]
  -------------------------------------------------------------------
                         required time                         -2.565    
                         arrival time                           2.628    
  -------------------------------------------------------------------
                         slack                                  0.063    

Slack (MET) :             0.063ns  (arrival time - required time)
  Source:                 u_bd/design_1_i/axi_gp0_ic/s00_couplers/auto_pc/inst/gen_axilite.gen_b2s_conv.axilite_b2s/WR.b_channel_0/s_bresp_acc_reg[0]/C
                            (rising edge-triggered cell FDRE clocked by clk_fpga_0  {rise@0.000ns fall@5.000ns period=10.000ns})
  Destination:            u_bd/design_1_i/axi_gp0_ic/s00_couplers/auto_pc/inst/gen_axilite.gen_b2s_conv.axilite_b2s/WR.b_channel_0/bresp_fifo_0/memory_reg[3][0]_srl4/D
                            (rising edge-triggered cell SRL16E clocked by clk_fpga_0  {rise@0.000ns fall@5.000ns period=10.000ns})
  Path Group:             clk_fpga_0
  Path Type:              Hold (Min at Fast Process Corner)
  Requirement:            0.000ns  (clk_fpga_0 rise@0.000ns - clk_fpga_0 rise@0.000ns)
  Data Path Delay:        0.345ns  (logic 0.164ns (47.512%)  route 0.181ns (52.488%))
  Logic Levels:           0  
  Clock Path Skew:        0.180ns (DCD - SCD - CPR)
    Destination Clock Delay (DCD):    1.192ns
    Source Clock Delay      (SCD):    0.977ns
    Clock Pessimism Removal (CPR):    0.035ns

    Location             Delay type                Incr(ns)  Path(ns)    Netlist Resource(s)
  -------------------------------------------------------------------    -------------------
                         (clock clk_fpga_0 rise edge)
                                                      0.000     0.000 r  
    PS7_X0Y0             PS7                          0.000     0.000 r  u_bd/design_1_i/processing_system7_0/inst/PS7_i/FCLKCLK[0]
                         net (fo=1, routed)           0.310     0.310    u_bd/design_1_i/processing_system7_0/inst/FCLK_CLK_unbuffered[0]
    BUFGCTRL_X0Y16       BUFG (Prop_bufg_I_O)         0.026     0.336 r  u_bd/design_1_i/processing_system7_0/inst/buffer_fclk_clk_0.FCLK_CLK_0_BUFG/O
                         net (fo=4375, routed)        0.641     0.977    u_bd/design_1_i/axi_gp0_ic/s00_couplers/auto_pc/inst/gen_axilite.gen_b2s_conv.axilite_b2s/WR.b_channel_0/aclk
    SLICE_X32Y100        FDRE                                         r  u_bd/design_1_i/axi_gp0_ic/s00_couplers/auto_pc/inst/gen_axilite.gen_b2s_conv.axilite_b2s/WR.b_channel_0/s_bresp_acc_reg[0]/C
  -------------------------------------------------------------------    -------------------
    SLICE_X32Y100        FDRE (Prop_fdre_C_Q)         0.164     1.141 r  u_bd/design_1_i/axi_gp0_ic/s00_couplers/auto_pc/inst/gen_axilite.gen_b2s_conv.axilite_b2s/WR.b_channel_0/s_bresp_acc_reg[0]/Q
                         net (fo=2, routed)           0.181     1.322    u_bd/design_1_i/axi_gp0_ic/s00_couplers/auto_pc/inst/gen_axilite.gen_b2s_conv.axilite_b2s/WR.b_channel_0/bresp_fifo_0/in[0]
    SLICE_X32Y99         SRL16E                                       r  u_bd/design_1_i/axi_gp0_ic/s00_couplers/auto_pc/inst/gen_axilite.gen_b2s_conv.axilite_b2s/WR.b_channel_0/bresp_fifo_0/memory_reg[3][0]_srl4/D
  -------------------------------------------------------------------    -------------------

                         (clock clk_fpga_0 rise edge)
                                                      0.000     0.000 r  
    PS7_X0Y0             PS7                          0.000     0.000 r  u_bd/design_1_i/processing_system7_0/inst/PS7_i/FCLKCLK[0]
                         net (fo=1, routed)           0.337     0.337    u_bd/design_1_i/processing_system7_0/inst/FCLK_CLK_unbuffered[0]
    BUFGCTRL_X0Y16       BUFG (Prop_bufg_I_O)         0.029     0.366 r  u_bd/design_1_i/processing_system7_0/inst/buffer_fclk_clk_0.FCLK_CLK_0_BUFG/O
                         net (fo=4375, routed)        0.826     1.192    u_bd/design_1_i/axi_gp0_ic/s00_couplers/auto_pc/inst/gen_axilite.gen_b2s_conv.axilite_b2s/WR.b_channel_0/bresp_fifo_0/aclk
    SLICE_X32Y99         SRL16E                                       r  u_bd/design_1_i/axi_gp0_ic/s00_couplers/auto_pc/inst/gen_axilite.gen_b2s_conv.axilite_b2s/WR.b_channel_0/bresp_fifo_0/memory_reg[3][0]_srl4/CLK
                         clock pessimism             -0.035     1.157    
    SLICE_X32Y99         SRL16E (Hold_srl16e_CLK_D)
                                                      0.102     1.259    u_bd/design_1_i/axi_gp0_ic/s00_couplers/auto_pc/inst/gen_axilite.gen_b2s_conv.axilite_b2s/WR.b_channel_0/bresp_fifo_0/memory_reg[3][0]_srl4
  -------------------------------------------------------------------
                         required time                         -1.259    
                         arrival time                           1.322    
  -------------------------------------------------------------------
                         slack                                  0.063    

Slack (MET) :             0.064ns  (arrival time - required time)
  Source:                 u_eth/u_icmp/u_icmp_tx/check_buffer_icmp_reg[15]/C
                            (rising edge-triggered cell FDCE clocked by eth_rxc  {rise@0.000ns fall@4.000ns period=8.000ns})
  Destination:            u_eth/u_icmp/u_icmp_tx/ip_head_reg[5][15]/D
                            (rising edge-triggered cell FDRE clocked by eth_rxc  {rise@0.000ns fall@4.000ns period=8.000ns})
  Path Group:             eth_rxc
  Path Type:              Hold (Min at Fast Process Corner)
  Requirement:            0.000ns  (eth_rxc rise@0.000ns - eth_rxc rise@0.000ns)
  Data Path Delay:        0.971ns  (logic 0.226ns (23.280%)  route 0.745ns (76.720%))
  Logic Levels:           1  (LUT5=1)
  Clock Path Skew:        0.015ns (DCD - SCD - CPR)
    Destination Clock Delay (DCD):    2.090ns
    Source Clock Delay      (SCD):    1.574ns
    Clock Pessimism Removal (CPR):    0.501ns
  Clock Uncertainty:      0.800ns  ((TSJ^2 + TIJ^2)^1/2 + DJ) / 2 + PE + UU
    Total System Jitter     (TSJ):    0.000ns
    Total Input Jitter      (TIJ):    0.000ns
    Discrete Jitter          (DJ):    0.000ns
    Phase Error              (PE):    0.000ns
    User Uncertainty         (UU):    0.800ns

    Location             Delay type                Incr(ns)  Path(ns)    Netlist Resource(s)
  -------------------------------------------------------------------    -------------------
                         (clock eth_rxc rise edge)    0.000     0.000 r  
    Y19                                               0.000     0.000 r  eth_rxc (IN)
                         net (fo=0)                   0.000     0.000    eth_rxc
    Y19                  IBUF (Prop_ibuf_I_O)         0.266     0.266 r  eth_rxc_IBUF_inst/O
                         net (fo=1, routed)           0.674     0.940    u_eth/u_rgmii/u_rgmii_rx/rgmii_rxc
    BUFGCTRL_X0Y1        BUFG (Prop_bufg_I_O)         0.026     0.966 r  u_eth/u_rgmii/u_rgmii_rx/BUFG_inst/O
                         net (fo=2546, routed)        0.608     1.574    u_eth/u_icmp/u_icmp_tx/gmii_rx_clk
    SLICE_X101Y34        FDCE                                         r  u_eth/u_icmp/u_icmp_tx/check_buffer_icmp_reg[15]/C
  -------------------------------------------------------------------    -------------------
    SLICE_X101Y34        FDCE (Prop_fdce_C_Q)         0.128     1.702 f  u_eth/u_icmp/u_icmp_tx/check_buffer_icmp_reg[15]/Q
                         net (fo=2, routed)           0.745     2.447    u_eth/u_icmp/u_icmp_tx/check_buffer_icmp_reg_n_0_[15]
    SLICE_X101Y35        LUT5 (Prop_lut5_I4_O)        0.098     2.545 r  u_eth/u_icmp/u_icmp_tx/ip_head[5][15]_i_2/O
                         net (fo=1, routed)           0.000     2.545    u_eth/u_icmp/u_icmp_tx/ip_head[5][15]_i_2_n_0
    SLICE_X101Y35        FDRE                                         r  u_eth/u_icmp/u_icmp_tx/ip_head_reg[5][15]/D
  -------------------------------------------------------------------    -------------------

                         (clock eth_rxc rise edge)    0.000     0.000 r  
    Y19                                               0.000     0.000 r  eth_rxc (IN)
                         net (fo=0)                   0.000     0.000    eth_rxc
    Y19                  IBUF (Prop_ibuf_I_O)         0.454     0.454 r  eth_rxc_IBUF_inst/O
                         net (fo=1, routed)           0.731     1.185    u_eth/u_rgmii/u_rgmii_rx/rgmii_rxc
    BUFGCTRL_X0Y1        BUFG (Prop_bufg_I_O)         0.029     1.214 r  u_eth/u_rgmii/u_rgmii_rx/BUFG_inst/O
                         net (fo=2546, routed)        0.876     2.090    u_eth/u_icmp/u_icmp_tx/gmii_rx_clk
    SLICE_X101Y35        FDRE                                         r  u_eth/u_icmp/u_icmp_tx/ip_head_reg[5][15]/C
                         clock pessimism             -0.501     1.589    
                         clock uncertainty            0.800     2.389    
    SLICE_X101Y35        FDRE (Hold_fdre_C_D)         0.092     2.481    u_eth/u_icmp/u_icmp_tx/ip_head_reg[5][15]
  -------------------------------------------------------------------
                         required time                         -2.481    
                         arrival time                           2.545    
  -------------------------------------------------------------------
                         slack                                  0.064    




