Copyright 1986-2022 Xilinx, Inc. All Rights Reserved. Copyright 2022-2026 Advanced Micro Devices, Inc. All Rights Reserved.
---------------------------------------------------------------------------------------------------------------------------------------------
| Tool Version : Vivado v.2025.2.1 (win64) Build 6403652 Thu Mar 19 19:48:24 GMT 2026
| Date         : Sat Sep 26 05:42:21 2026
| Host         : Uie-laptop running 64-bit major release  (build 9200)
| Command      : report_timing_summary -file D:/Xilinx/Prj/pro/Video_Processing/build/timing_summary.rpt
| Design       : system_top
| Device       : 7z020-clg484
| Speed File   : -2  PRODUCTION 1.12 2019-11-22
| Design State : Physopt postRoute
---------------------------------------------------------------------------------------------------------------------------------------------

Timing Summary Report

------------------------------------------------------------------------------------------------
| Timer Settings
| --------------
------------------------------------------------------------------------------------------------

  Enable Multi Corner Analysis               :  Yes
  Enable Pessimism Removal                   :  Yes
  Pessimism Removal Resolution               :  Nearest Common Node
  Enable Input Delay Default Clock           :  No
  Enable Preset / Clear Arcs                 :  No
  Disable Flight Delays                      :  No
  Ignore I/O Paths                           :  No
  Timing Early Launch at Borrowing Latches   :  No
  Borrow Time for Max Delay Exceptions       :  Yes
  Merge Timing Exceptions                    :  Yes
  Inter-SLR Compensation                     :  Conservative

  Corner  Analyze    Analyze    
  Name    Max Paths  Min Paths  
  ------  ---------  ---------  
  Slow    Yes        Yes        
  Fast    Yes        Yes        


------------------------------------------------------------------------------------------------
| Report Methodology
| ------------------
------------------------------------------------------------------------------------------------

Rule       Severity  Description                                                Violations  
---------  --------  ---------------------------------------------------------  ----------  
DPIR-1     Warning   Asynchronous driver check                                  129         
LUTAR-1    Warning   LUT drives async reset alert                               1           
SYNTH-5    Warning   Mapped onto distributed RAM because of timing constraints  160         
SYNTH-6    Warning   Timing of a RAM block might be sub-optimal                 101         
TIMING-9   Warning   Unknown CDC Logic                                          1           
TIMING-10  Warning   Missing property on synchronizer                           1           
TIMING-18  Warning   Missing input or output delay                              7           

Note: This report is based on the most recent report_methodology run and may not be up-to-date. Run report_methodology on the current design for the latest report.



check_timing report

Table of Contents
-----------------
1. checking no_clock (0)
2. checking constant_clock (0)
3. checking pulse_width_clock (0)
4. checking unconstrained_internal_endpoints (0)
5. checking no_input_delay (7)
6. checking no_output_delay (12)
7. checking multiple_clock (0)
8. checking generated_clocks (0)
9. checking loops (0)
10. checking partial_input_delay (0)
11. checking partial_output_delay (0)
12. checking latch_loops (0)

1. checking no_clock (0)
------------------------
 There are 0 register/latch pins with no clock.


2. checking constant_clock (0)
------------------------------
 There are 0 register/latch pins with constant_clock.


3. checking pulse_width_clock (0)
---------------------------------
 There are 0 register/latch pins which need pulse_width check


4. checking unconstrained_internal_endpoints (0)
------------------------------------------------
 There are 0 pins that are not constrained for maximum delay.

 There are 0 pins that are not constrained for maximum delay due to constant clock.


5. checking no_input_delay (7)
------------------------------
 There are 5 input ports with no input delay specified. (HIGH)

 There are 2 input ports with no input delay but user has a false path constraint. (MEDIUM)


6. checking no_output_delay (12)
--------------------------------
 There are 6 ports with no output delay specified. (HIGH)

 There are 6 ports with no output delay but user has a false path constraint (MEDIUM)

 There are 0 ports with no output delay but with a timing clock defined on it or propagating through it


7. checking multiple_clock (0)
------------------------------
 There are 0 register/latch pins with multiple clocks.


8. checking generated_clocks (0)
--------------------------------
 There are 0 generated clocks that are not connected to a clock source.


9. checking loops (0)
---------------------
 There are 0 combinational loops in the design.


10. checking partial_input_delay (0)
------------------------------------
 There are 0 input ports with partial input delay specified.


11. checking partial_output_delay (0)
-------------------------------------
 There are 0 ports with partial output delay specified.


12. checking latch_loops (0)
----------------------------
 There are 0 combinational latch loops in the design through latch input



------------------------------------------------------------------------------------------------
| Design Timing Summary
| ---------------------
------------------------------------------------------------------------------------------------

    WNS(ns)      TNS(ns)  TNS Failing Endpoints  TNS Total Endpoints      WHS(ns)      THS(ns)  THS Failing Endpoints  THS Total Endpoints     WPWS(ns)     TPWS(ns)  TPWS Failing Endpoints  TPWS Total Endpoints  
    -------      -------  ---------------------  -------------------      -------      -------  ---------------------  -------------------     --------     --------  ----------------------  --------------------  
      0.314        0.000                      0                34563        0.049        0.000                      0                34563        0.264        0.000                       0                 12035  


All user specified timing constraints are met.


------------------------------------------------------------------------------------------------
| Clock Summary
| -------------
------------------------------------------------------------------------------------------------

Clock         Waveform(ns)         Period(ns)      Frequency(MHz)
-----         ------------         ----------      --------------
clk_fpga_0    {0.000 5.000}        10.000          100.000         
eth_rxc       {0.000 4.000}        8.000           125.000         
sys_clk       {0.000 10.000}       20.000          50.000          
  clkfbout    {0.000 10.000}       20.000          50.000          
  clkfbout_1  {0.000 10.000}       20.000          50.000          
  clkout0_1   {0.000 10.000}       20.000          50.000          
  clkout1_1   {0.000 2.000}        4.000           250.000         
  clkout2     {0.000 2.500}        5.000           200.000         


------------------------------------------------------------------------------------------------
| Intra Clock Table
| -----------------
------------------------------------------------------------------------------------------------

Clock             WNS(ns)      TNS(ns)  TNS Failing Endpoints  TNS Total Endpoints      WHS(ns)      THS(ns)  THS Failing Endpoints  THS Total Endpoints     WPWS(ns)     TPWS(ns)  TPWS Failing Endpoints  TPWS Total Endpoints  
-----             -------      -------  ---------------------  -------------------      -------      -------  ---------------------  -------------------     --------     --------  ----------------------  --------------------  
clk_fpga_0          2.323        0.000                      0                15718        0.049        0.000                      0                15718        3.870        0.000                       0                  4371  
eth_rxc             0.314        0.000                      0                 4814        0.051        0.000                      0                 4814        3.500        0.000                       0                  2526  
sys_clk            13.839        0.000                      0                  255        0.121        0.000                      0                  255        7.000        0.000                       0                   187  
  clkfbout                                                                                                                                                     18.408        0.000                       0                     3  
  clkfbout_1                                                                                                                                                   18.408        0.000                       0                     3  
  clkout0_1         0.834        0.000                      0                13698        0.052        0.000                      0                13698        8.870        0.000                       0                  4932  
  clkout1_1                                                                                                                                                     2.408        0.000                       0                    10  
  clkout2                                                                                                                                                       0.264        0.000                       0                     3  


------------------------------------------------------------------------------------------------
| Inter Clock Table
| -----------------
------------------------------------------------------------------------------------------------

From Clock    To Clock          WNS(ns)      TNS(ns)  TNS Failing Endpoints  TNS Total Endpoints      WHS(ns)      THS(ns)  THS Failing Endpoints  THS Total Endpoints  
----------    --------          -------      -------  ---------------------  -------------------      -------      -------  ---------------------  -------------------  
clkout0_1     sys_clk            14.672        0.000                      0                   22        0.180        0.000                      0                   22  
sys_clk       clkout0_1           4.455        0.000                      0                  191        0.188        0.000                      0                  191  


------------------------------------------------------------------------------------------------
| Other Path Groups Table
| -----------------------
------------------------------------------------------------------------------------------------

Path Group    From Clock    To Clock          WNS(ns)      TNS(ns)  TNS Failing Endpoints  TNS Total Endpoints      WHS(ns)      THS(ns)  THS Failing Endpoints  THS Total Endpoints  
----------    ----------    --------          -------      -------  ---------------------  -------------------      -------      -------  ---------------------  -------------------  


------------------------------------------------------------------------------------------------
| Timing Details
| --------------
------------------------------------------------------------------------------------------------


---------------------------------------------------------------------------------------------------
From Clock:  clk_fpga_0
  To Clock:  clk_fpga_0

Setup :            0  Failing Endpoints,  Worst Slack        2.323ns,  Total Violation        0.000ns
Hold  :            0  Failing Endpoints,  Worst Slack        0.049ns,  Total Violation        0.000ns
PW    :            0  Failing Endpoints,  Worst Slack        3.870ns,  Total Violation        0.000ns
---------------------------------------------------------------------------------------------------


Max Delay Paths
--------------------------------------------------------------------------------------
Slack (MET) :             2.323ns  (required time - arrival time)
  Source:                 u_pl/u_arb/owner_eth_reg_rep__0/C
                            (rising edge-triggered cell FDCE clocked by clk_fpga_0  {rise@0.000ns fall@5.000ns period=10.000ns})
  Destination:            u_pl/u_bilin/u_fb/lo_reg_0_50/ADDRARDADDR[7]
                            (rising edge-triggered cell RAMB36E1 clocked by clk_fpga_0  {rise@0.000ns fall@5.000ns period=10.000ns})
  Path Group:             clk_fpga_0
  Path Type:              Setup (Max at Slow Process Corner)
  Requirement:            10.000ns  (clk_fpga_0 rise@10.000ns - clk_fpga_0 rise@0.000ns)
  Data Path Delay:        7.018ns  (logic 0.484ns (6.897%)  route 6.534ns (93.103%))
  Logic Levels:           1  (LUT3=1)
  Clock Path Skew:        -0.015ns (DCD - SCD + CPR)
    Destination Clock Delay (DCD):    2.257ns = ( 12.257 - 10.000 ) 
    Source Clock Delay      (SCD):    2.465ns
    Clock Pessimism Removal (CPR):    0.192ns
  Clock Uncertainty:      0.154ns  ((TSJ^2 + TIJ^2)^1/2 + DJ) / 2 + PE
    Total System Jitter     (TSJ):    0.071ns
    Total Input Jitter      (TIJ):    0.300ns
    Discrete Jitter          (DJ):    0.000ns
    Phase Error              (PE):    0.000ns

    Location             Delay type                Incr(ns)  Path(ns)    Netlist Resource(s)
  -------------------------------------------------------------------    -------------------
                         (clock clk_fpga_0 rise edge)
                                                      0.000     0.000 r  
    PS7_X0Y0             PS7                          0.000     0.000 r  u_bd/design_1_i/processing_system7_0/inst/PS7_i/FCLKCLK[0]
                         net (fo=1, routed)           0.994     0.994    u_bd/design_1_i/processing_system7_0/inst/FCLK_CLK_unbuffered[0]
    BUFGCTRL_X0Y16       BUFG (Prop_bufg_I_O)         0.085     1.079 r  u_bd/design_1_i/processing_system7_0/inst/buffer_fclk_clk_0.FCLK_CLK_0_BUFG/O
                         net (fo=4372, routed)        1.386     2.465    u_pl/u_arb/FCLK_CLK0
    SLICE_X44Y62         FDCE                                         r  u_pl/u_arb/owner_eth_reg_rep__0/C
  -------------------------------------------------------------------    -------------------
    SLICE_X44Y62         FDCE (Prop_fdce_C_Q)         0.379     2.844 r  u_pl/u_arb/owner_eth_reg_rep__0/Q
                         net (fo=177, routed)         1.619     4.463    u_pl/u_row/wr_words_reg[17]_0
    SLICE_X49Y45         LUT3 (Prop_lut3_I2_O)        0.105     4.568 r  u_pl/u_row/lo_reg_0_0_i_9/O
                         net (fo=20, routed)          4.915     9.483    u_pl/u_bilin/u_fb/lo_reg_0_16_0[7]
    RAMB36_X2Y19         RAMB36E1                                     r  u_pl/u_bilin/u_fb/lo_reg_0_50/ADDRARDADDR[7]
  -------------------------------------------------------------------    -------------------

                         (clock clk_fpga_0 rise edge)
                                                     10.000    10.000 r  
    PS7_X0Y0             PS7                          0.000    10.000 r  u_bd/design_1_i/processing_system7_0/inst/PS7_i/FCLKCLK[0]
                         net (fo=1, routed)           0.905    10.906    u_bd/design_1_i/processing_system7_0/inst/FCLK_CLK_unbuffered[0]
    BUFGCTRL_X0Y16       BUFG (Prop_bufg_I_O)         0.077    10.983 r  u_bd/design_1_i/processing_system7_0/inst/buffer_fclk_clk_0.FCLK_CLK_0_BUFG/O
                         net (fo=4372, routed)        1.275    12.257    u_pl/u_bilin/u_fb/FCLK_CLK0
    RAMB36_X2Y19         RAMB36E1                                     r  u_pl/u_bilin/u_fb/lo_reg_0_50/CLKARDCLK
                         clock pessimism              0.192    12.450    
                         clock uncertainty           -0.154    12.296    
    RAMB36_X2Y19         RAMB36E1 (Setup_ramb36e1_CLKARDCLK_ADDRARDADDR[7])
                                                     -0.490    11.806    u_pl/u_bilin/u_fb/lo_reg_0_50
  -------------------------------------------------------------------
                         required time                         11.806    
                         arrival time                          -9.483    
  -------------------------------------------------------------------
                         slack                                  2.323    





Min Delay Paths
--------------------------------------------------------------------------------------
Slack (MET) :             0.049ns  (arrival time - required time)
  Source:                 u_eth/u_saver/cur_data_reg[54]/C
                            (rising edge-triggered cell FDCE clocked by clk_fpga_0  {rise@0.000ns fall@5.000ns period=10.000ns})
  Destination:            u_eth/u_saver/q_data_reg_384_447_54_56/RAMA/I
                            (rising edge-triggered cell RAMD64E clocked by clk_fpga_0  {rise@0.000ns fall@5.000ns period=10.000ns})
  Path Group:             clk_fpga_0
  Path Type:              Hold (Min at Fast Process Corner)
  Requirement:            0.000ns  (clk_fpga_0 rise@0.000ns - clk_fpga_0 rise@0.000ns)
  Data Path Delay:        0.209ns  (logic 0.141ns (67.390%)  route 0.068ns (32.611%))
  Logic Levels:           0  
  Clock Path Skew:        0.013ns (DCD - SCD - CPR)
    Destination Clock Delay (DCD):    1.226ns
    Source Clock Delay      (SCD):    0.928ns
    Clock Pessimism Removal (CPR):    0.285ns

    Location             Delay type                Incr(ns)  Path(ns)    Netlist Resource(s)
  -------------------------------------------------------------------    -------------------
                         (clock clk_fpga_0 rise edge)
                                                      0.000     0.000 r  
    PS7_X0Y0             PS7                          0.000     0.000 r  u_bd/design_1_i/processing_system7_0/inst/PS7_i/FCLKCLK[0]
                         net (fo=1, routed)           0.310     0.310    u_bd/design_1_i/processing_system7_0/inst/FCLK_CLK_unbuffered[0]
    BUFGCTRL_X0Y16       BUFG (Prop_bufg_I_O)         0.026     0.336 r  u_bd/design_1_i/processing_system7_0/inst/buffer_fclk_clk_0.FCLK_CLK_0_BUFG/O
                         net (fo=4372, routed)        0.592     0.928    u_eth/u_saver/FCLK_CLK0
    SLICE_X27Y48         FDCE                                         r  u_eth/u_saver/cur_data_reg[54]/C
  -------------------------------------------------------------------    -------------------
    SLICE_X27Y48         FDCE (Prop_fdce_C_Q)         0.141     1.069 r  u_eth/u_saver/cur_data_reg[54]/Q
                         net (fo=8, routed)           0.068     1.137    u_eth/u_saver/q_data_reg_384_447_54_56/DIA
    SLICE_X26Y48         RAMD64E                                      r  u_eth/u_saver/q_data_reg_384_447_54_56/RAMA/I
  -------------------------------------------------------------------    -------------------

                         (clock clk_fpga_0 rise edge)
                                                      0.000     0.000 r  
    PS7_X0Y0             PS7                          0.000     0.000 r  u_bd/design_1_i/processing_system7_0/inst/PS7_i/FCLKCLK[0]
                         net (fo=1, routed)           0.337     0.337    u_bd/design_1_i/processing_system7_0/inst/FCLK_CLK_unbuffered[0]
    BUFGCTRL_X0Y16       BUFG (Prop_bufg_I_O)         0.029     0.366 r  u_bd/design_1_i/processing_system7_0/inst/buffer_fclk_clk_0.FCLK_CLK_0_BUFG/O
                         net (fo=4372, routed)        0.860     1.226    u_eth/u_saver/q_data_reg_384_447_54_56/WCLK
    SLICE_X26Y48         RAMD64E                                      r  u_eth/u_saver/q_data_reg_384_447_54_56/RAMA/CLK
                         clock pessimism             -0.285     0.941    
    SLICE_X26Y48         RAMD64E (Hold_ramd64e_CLK_I)
                                                      0.147     1.088    u_eth/u_saver/q_data_reg_384_447_54_56/RAMA
  -------------------------------------------------------------------
                         required time                         -1.087    
                         arrival time                           1.137    
  -------------------------------------------------------------------
                         slack                                  0.049    





Pulse Width Checks
--------------------------------------------------------------------------------------
Clock Name:         clk_fpga_0
Waveform(ns):       { 0.000 5.000 }
Period(ns):         10.000
Sources:            { u_bd/design_1_i/processing_system7_0/inst/PS7_i/FCLKCLK[0] }

Check Type        Corner  Lib Pin             Reference Pin  Required(ns)  Actual(ns)  Slack(ns)  Location      Pin
Min Period        n/a     RAMB36E1/CLKBWRCLK  n/a            2.170         10.000      7.830      RAMB36_X2Y10  u_eth/u_cdc/mem_reg_0/CLKBWRCLK
Low Pulse Width   Slow    RAMD64E/CLK         n/a            1.130         5.000       3.870      SLICE_X16Y30  u_eth/u_saver/q_addr_reg_0_63_12_14/RAMA/CLK
High Pulse Width  Slow    RAMD64E/CLK         n/a            1.130         5.000       3.870      SLICE_X16Y30  u_eth/u_saver/q_addr_reg_0_63_12_14/RAMA/CLK



---------------------------------------------------------------------------------------------------
From Clock:  eth_rxc
  To Clock:  eth_rxc

Setup :            0  Failing Endpoints,  Worst Slack        0.314ns,  Total Violation        0.000ns
Hold  :            0  Failing Endpoints,  Worst Slack        0.051ns,  Total Violation        0.000ns
PW    :            0  Failing Endpoints,  Worst Slack        3.500ns,  Total Violation        0.000ns
---------------------------------------------------------------------------------------------------


Max Delay Paths
--------------------------------------------------------------------------------------
Slack (MET) :             0.314ns  (required time - arrival time)
  Source:                 u_eth/u_lm/ms32_reg[3]/C
                            (rising edge-triggered cell FDCE clocked by eth_rxc  {rise@0.000ns fall@4.000ns period=8.000ns})
  Destination:            u_eth/u_lm/gap_min_reg[1]/CE
                            (rising edge-triggered cell FDCE clocked by eth_rxc  {rise@0.000ns fall@4.000ns period=8.000ns})
  Path Group:             eth_rxc
  Path Type:              Setup (Max at Slow Process Corner)
  Requirement:            8.000ns  (eth_rxc rise@8.000ns - eth_rxc rise@0.000ns)
  Data Path Delay:        7.290ns  (logic 2.678ns (36.735%)  route 4.612ns (63.265%))
  Logic Levels:           14  (CARRY4=10 LUT4=2 LUT5=2)
  Clock Path Skew:        -0.024ns (DCD - SCD + CPR)
    Destination Clock Delay (DCD):    4.414ns = ( 12.414 - 8.000 ) 
    Source Clock Delay      (SCD):    4.812ns
    Clock Pessimism Removal (CPR):    0.374ns
  Clock Uncertainty:      0.035ns  ((TSJ^2 + TIJ^2)^1/2 + DJ) / 2 + PE
    Total System Jitter     (TSJ):    0.071ns
    Total Input Jitter      (TIJ):    0.000ns
    Discrete Jitter          (DJ):    0.000ns
    Phase Error              (PE):    0.000ns

    Location             Delay type                Incr(ns)  Path(ns)    Netlist Resource(s)
  -------------------------------------------------------------------    -------------------
                         (clock eth_rxc rise edge)    0.000     0.000 r  
    Y19                                               0.000     0.000 r  eth_rxc (IN)
                         net (fo=0)                   0.000     0.000    eth_rxc
    Y19                  IBUF (Prop_ibuf_I_O)         1.430     1.430 r  eth_rxc_IBUF_inst/O
                         net (fo=2, routed)           1.873     3.303    u_eth/u_rgmii/u_rgmii_rx/rgmii_rxc
    BUFGCTRL_X0Y1        BUFG (Prop_bufg_I_O)         0.085     3.388 r  u_eth/u_rgmii/u_rgmii_rx/BUFG_inst/O
                         net (fo=2520, routed)        1.424     4.812    u_eth/u_lm/gmii_rx_clk
    SLICE_X28Y66         FDCE                                         r  u_eth/u_lm/ms32_reg[3]/C
  -------------------------------------------------------------------    -------------------
    SLICE_X28Y66         FDCE (Prop_fdce_C_Q)         0.379     5.191 r  u_eth/u_lm/ms32_reg[3]/Q
                         net (fo=4, routed)           1.367     6.557    u_eth/u_lm/ms32_reg[3]
    SLICE_X27Y66         CARRY4 (Prop_carry4_DI[3]_CO[3])
                                                      0.318     6.875 r  u_eth/u_lm/gap_min_reg[3]_i_2/CO[3]
                         net (fo=1, routed)           0.000     6.875    u_eth/u_lm/gap_min_reg[3]_i_2_n_0
    SLICE_X27Y67         CARRY4 (Prop_carry4_CI_CO[3])
                                                      0.098     6.973 r  u_eth/u_lm/gap_min_reg[7]_i_2/CO[3]
                         net (fo=1, routed)           0.000     6.973    u_eth/u_lm/gap_min_reg[7]_i_2_n_0
    SLICE_X27Y68         CARRY4 (Prop_carry4_CI_CO[3])
                                                      0.098     7.071 r  u_eth/u_lm/gap_min_reg[11]_i_2/CO[3]
                         net (fo=1, routed)           0.000     7.071    u_eth/u_lm/gap_min_reg[11]_i_2_n_0
    SLICE_X27Y69         CARRY4 (Prop_carry4_CI_CO[3])
                                                      0.098     7.169 r  u_eth/u_lm/gap_min_reg[15]_i_5/CO[3]
                         net (fo=1, routed)           0.000     7.169    u_eth/u_lm/gap_min_reg[15]_i_5_n_0
    SLICE_X27Y70         CARRY4 (Prop_carry4_CI_CO[3])
                                                      0.098     7.267 r  u_eth/u_lm/gap_min_reg[15]_i_33/CO[3]
                         net (fo=1, routed)           0.000     7.267    u_eth/u_lm/gap_min_reg[15]_i_33_n_0
    SLICE_X27Y71         CARRY4 (Prop_carry4_CI_CO[3])
                                                      0.098     7.365 r  u_eth/u_lm/gap_min_reg[15]_i_31/CO[3]
                         net (fo=1, routed)           0.000     7.365    u_eth/u_lm/gap_min_reg[15]_i_31_n_0
    SLICE_X27Y72         CARRY4 (Prop_carry4_CI_CO[3])
                                                      0.098     7.463 r  u_eth/u_lm/gap_min_reg[15]_i_32/CO[3]
                         net (fo=1, routed)           0.000     7.463    u_eth/u_lm/gap_min_reg[15]_i_32_n_0
    SLICE_X27Y73         CARRY4 (Prop_carry4_CI_O[1])
                                                      0.265     7.728 r  u_eth/u_lm/gap_min_reg[15]_i_34/O[1]
                         net (fo=1, routed)           0.337     8.065    u_eth/u_lm/gap_min_reg[15]_i_34_n_6
    SLICE_X26Y72         LUT4 (Prop_lut4_I3_O)        0.250     8.315 r  u_eth/u_lm/gap_min[15]_i_17/O
                         net (fo=1, routed)           0.565     8.880    u_eth/u_lm/gap_min[15]_i_17_n_0
    SLICE_X26Y71         LUT4 (Prop_lut4_I2_O)        0.105     8.985 r  u_eth/u_lm/gap_min[15]_i_4/O
                         net (fo=96, routed)          0.831     9.816    u_eth/u_lm/gap_min[15]_i_4_n_0
    SLICE_X30Y66         LUT5 (Prop_lut5_I1_O)        0.105     9.921 r  u_eth/u_lm/gap_min[15]_i_29/O
                         net (fo=1, routed)           0.000     9.921    u_eth/u_lm/gap_min[15]_i_29_n_0
    SLICE_X30Y66         CARRY4 (Prop_carry4_S[1]_CO[3])
                                                      0.444    10.365 r  u_eth/u_lm/gap_min_reg[15]_i_6/CO[3]
                         net (fo=1, routed)           0.000    10.365    u_eth/u_lm/gap_min_reg[15]_i_6_n_0
    SLICE_X30Y67         CARRY4 (Prop_carry4_CI_CO[3])
                                                      0.100    10.465 r  u_eth/u_lm/gap_min_reg[15]_i_3/CO[3]
                         net (fo=17, routed)          0.953    11.418    u_eth/u_lm/gap_min_reg[15]_i_3_n_0
    SLICE_X29Y66         LUT5 (Prop_lut5_I2_O)        0.124    11.542 r  u_eth/u_lm/gap_min[15]_i_1/O
                         net (fo=16, routed)          0.560    12.102    u_eth/u_lm/gap_min[15]_i_1_n_0
    SLICE_X29Y66         FDCE                                         r  u_eth/u_lm/gap_min_reg[1]/CE
  -------------------------------------------------------------------    -------------------

                         (clock eth_rxc rise edge)    8.000     8.000 r  
    Y19                                               0.000     8.000 r  eth_rxc (IN)
                         net (fo=0)                   0.000     8.000    eth_rxc
    Y19                  IBUF (Prop_ibuf_I_O)         1.364     9.364 r  eth_rxc_IBUF_inst/O
                         net (fo=2, routed)           1.701    11.065    u_eth/u_rgmii/u_rgmii_rx/rgmii_rxc
    BUFGCTRL_X0Y1        BUFG (Prop_bufg_I_O)         0.077    11.142 r  u_eth/u_rgmii/u_rgmii_rx/BUFG_inst/O
                         net (fo=2520, routed)        1.272    12.414    u_eth/u_lm/gmii_rx_clk
    SLICE_X29Y66         FDCE                                         r  u_eth/u_lm/gap_min_reg[1]/C
                         clock pessimism              0.374    12.788    
                         clock uncertainty           -0.035    12.752    
    SLICE_X29Y66         FDCE (Setup_fdce_C_CE)      -0.337    12.415    u_eth/u_lm/gap_min_reg[1]
  -------------------------------------------------------------------
                         required time                         12.415    
                         arrival time                         -12.102    
  -------------------------------------------------------------------
                         slack                                  0.314    





Min Delay Paths
--------------------------------------------------------------------------------------
Slack (MET) :             0.051ns  (arrival time - required time)
  Source:                 u_eth/u_arp/u_arp_rx/des_mac_t_reg[33]/C
                            (rising edge-triggered cell FDCE clocked by eth_rxc  {rise@0.000ns fall@4.000ns period=8.000ns})
  Destination:            u_eth/u_arp/u_arp_rx/des_mac_t_reg[41]/D
                            (rising edge-triggered cell FDCE clocked by eth_rxc  {rise@0.000ns fall@4.000ns period=8.000ns})
  Path Group:             eth_rxc
  Path Type:              Hold (Min at Fast Process Corner)
  Requirement:            0.000ns  (eth_rxc rise@0.000ns - eth_rxc rise@0.000ns)
  Data Path Delay:        0.656ns  (logic 0.247ns (37.681%)  route 0.409ns (62.319%))
  Logic Levels:           1  (LUT2=1)
  Clock Path Skew:        0.013ns (DCD - SCD - CPR)
    Destination Clock Delay (DCD):    2.084ns
    Source Clock Delay      (SCD):    1.570ns
    Clock Pessimism Removal (CPR):    0.501ns
  Clock Uncertainty:      0.500ns  ((TSJ^2 + TIJ^2)^1/2 + DJ) / 2 + PE + UU
    Total System Jitter     (TSJ):    0.000ns
    Total Input Jitter      (TIJ):    0.000ns
    Discrete Jitter          (DJ):    0.000ns
    Phase Error              (PE):    0.000ns
    User Uncertainty         (UU):    0.500ns

    Location             Delay type                Incr(ns)  Path(ns)    Netlist Resource(s)
  -------------------------------------------------------------------    -------------------
                         (clock eth_rxc rise edge)    0.000     0.000 r  
    Y19                                               0.000     0.000 r  eth_rxc (IN)
                         net (fo=0)                   0.000     0.000    eth_rxc
    Y19                  IBUF (Prop_ibuf_I_O)         0.266     0.266 r  eth_rxc_IBUF_inst/O
                         net (fo=2, routed)           0.674     0.940    u_eth/u_rgmii/u_rgmii_rx/rgmii_rxc
    BUFGCTRL_X0Y1        BUFG (Prop_bufg_I_O)         0.026     0.966 r  u_eth/u_rgmii/u_rgmii_rx/BUFG_inst/O
                         net (fo=2520, routed)        0.604     1.570    u_eth/u_arp/u_arp_rx/gmii_rx_clk
    SLICE_X90Y17         FDCE                                         r  u_eth/u_arp/u_arp_rx/des_mac_t_reg[33]/C
  -------------------------------------------------------------------    -------------------
    SLICE_X90Y17         FDCE (Prop_fdce_C_Q)         0.148     1.718 r  u_eth/u_arp/u_arp_rx/des_mac_t_reg[33]/Q
                         net (fo=3, routed)           0.409     2.127    u_eth/u_arp/u_arp_rx/des_mac_t_reg_n_0_[33]
    SLICE_X91Y18         LUT2 (Prop_lut2_I0_O)        0.099     2.226 r  u_eth/u_arp/u_arp_rx/des_mac_t[41]_i_1/O
                         net (fo=1, routed)           0.000     2.226    u_eth/u_arp/u_arp_rx/des_mac_t[41]_i_1_n_0
    SLICE_X91Y18         FDCE                                         r  u_eth/u_arp/u_arp_rx/des_mac_t_reg[41]/D
  -------------------------------------------------------------------    -------------------

                         (clock eth_rxc rise edge)    0.000     0.000 r  
    Y19                                               0.000     0.000 r  eth_rxc (IN)
                         net (fo=0)                   0.000     0.000    eth_rxc
    Y19                  IBUF (Prop_ibuf_I_O)         0.454     0.454 r  eth_rxc_IBUF_inst/O
                         net (fo=2, routed)           0.731     1.185    u_eth/u_rgmii/u_rgmii_rx/rgmii_rxc
    BUFGCTRL_X0Y1        BUFG (Prop_bufg_I_O)         0.029     1.214 r  u_eth/u_rgmii/u_rgmii_rx/BUFG_inst/O
                         net (fo=2520, routed)        0.870     2.084    u_eth/u_arp/u_arp_rx/gmii_rx_clk
    SLICE_X91Y18         FDCE                                         r  u_eth/u_arp/u_arp_rx/des_mac_t_reg[41]/C
                         clock pessimism             -0.501     1.583    
                         clock uncertainty            0.500     2.083    
    SLICE_X91Y18         FDCE (Hold_fdce_C_D)         0.092     2.175    u_eth/u_arp/u_arp_rx/des_mac_t_reg[41]
  -------------------------------------------------------------------
                         required time                         -2.175    
                         arrival time                           2.226    
  -------------------------------------------------------------------
                         slack                                  0.051    





Pulse Width Checks
--------------------------------------------------------------------------------------
Clock Name:         eth_rxc
Waveform(ns):       { 0.000 4.000 }
Period(ns):         8.000
Sources:            { eth_rxc }

Check Type        Corner  Lib Pin             Reference Pin  Required(ns)  Actual(ns)  Slack(ns)  Location      Pin
Min Period        n/a     RAMB18E1/CLKARDCLK  n/a            2.472         8.000       5.528      RAMB18_X5Y8   u_eth/u_icmp_fifo/mem_reg/CLKARDCLK
Low Pulse Width   Slow    FDCE/C              n/a            0.500         4.000       3.500      SLICE_X31Y50  u_eth/flush_pend_reg/C
High Pulse Width  Slow    FDCE/C              n/a            0.500         4.000       3.500      SLICE_X31Y50  u_eth/flush_pend_reg/C



---------------------------------------------------------------------------------------------------
From Clock:  sys_clk
  To Clock:  sys_clk

Setup :            0  Failing Endpoints,  Worst Slack       13.839ns,  Total Violation        0.000ns
Hold  :            0  Failing Endpoints,  Worst Slack        0.121ns,  Total Violation        0.000ns
PW    :            0  Failing Endpoints,  Worst Slack        7.000ns,  Total Violation        0.000ns
---------------------------------------------------------------------------------------------------


Max Delay Paths
--------------------------------------------------------------------------------------
Slack (MET) :             13.839ns  (required time - arrival time)
  Source:                 u_pl/sec_div_reg[21]/C
                            (rising edge-triggered cell FDCE clocked by sys_clk  {rise@0.000ns fall@10.000ns period=20.000ns})
  Destination:            u_pl/fps_acc_reg[0]/CE
                            (rising edge-triggered cell FDCE clocked by sys_clk  {rise@0.000ns fall@10.000ns period=20.000ns})
  Path Group:             sys_clk
  Path Type:              Setup (Max at Slow Process Corner)
  Requirement:            20.000ns  (sys_clk rise@20.000ns - sys_clk rise@0.000ns)
  Data Path Delay:        5.845ns  (logic 1.050ns (17.965%)  route 4.795ns (82.035%))
  Logic Levels:           5  (LUT3=1 LUT4=1 LUT5=1 LUT6=2)
  Clock Path Skew:        -0.113ns (DCD - SCD + CPR)
    Destination Clock Delay (DCD):    4.354ns = ( 24.354 - 20.000 ) 
    Source Clock Delay      (SCD):    4.809ns
    Clock Pessimism Removal (CPR):    0.342ns
  Clock Uncertainty:      0.035ns  ((TSJ^2 + TIJ^2)^1/2 + DJ) / 2 + PE
    Total System Jitter     (TSJ):    0.071ns
    Total Input Jitter      (TIJ):    0.000ns
    Discrete Jitter          (DJ):    0.000ns
    Phase Error              (PE):    0.000ns

    Location             Delay type                Incr(ns)  Path(ns)    Netlist Resource(s)
  -------------------------------------------------------------------    -------------------
                         (clock sys_clk rise edge)    0.000     0.000 r  
    W17                                               0.000     0.000 r  sys_clk (IN)
                         net (fo=0)                   0.000     0.000    sys_clk
    W17                  IBUF (Prop_ibuf_I_O)         1.415     1.415 r  sys_clk_IBUF_inst/O
                         net (fo=1, routed)           1.873     3.288    sys_clk_IBUF
    BUFGCTRL_X0Y4        BUFG (Prop_bufg_I_O)         0.085     3.373 r  sys_clk_IBUF_BUFG_inst/O
                         net (fo=186, routed)         1.436     4.809    u_pl/CLK
    SLICE_X62Y67         FDCE                                         r  u_pl/sec_div_reg[21]/C
  -------------------------------------------------------------------    -------------------
    SLICE_X62Y67         FDCE (Prop_fdce_C_Q)         0.398     5.207 r  u_pl/sec_div_reg[21]/Q
                         net (fo=2, routed)           0.678     5.885    u_pl/sec_div_reg_n_0_[21]
    SLICE_X62Y66         LUT4 (Prop_lut4_I2_O)        0.232     6.117 f  u_pl/sec_div[25]_i_8/O
                         net (fo=1, routed)           0.523     6.640    u_pl/sec_div[25]_i_8_n_0
    SLICE_X62Y65         LUT5 (Prop_lut5_I4_O)        0.105     6.745 f  u_pl/sec_div[25]_i_7/O
                         net (fo=1, routed)           0.339     7.084    u_pl/sec_div[25]_i_7_n_0
    SLICE_X62Y64         LUT6 (Prop_lut6_I5_O)        0.105     7.189 f  u_pl/sec_div[25]_i_4/O
                         net (fo=1, routed)           0.531     7.720    u_pl/sec_div[25]_i_4_n_0
    SLICE_X62Y63         LUT6 (Prop_lut6_I0_O)        0.105     7.825 r  u_pl/sec_div[25]_i_2/O
                         net (fo=42, routed)          1.322     9.147    u_pl/fps_q[0]
    SLICE_X64Y71         LUT3 (Prop_lut3_I2_O)        0.105     9.252 r  u_pl/fps_acc[7]_i_1/O
                         net (fo=8, routed)           1.402    10.654    u_pl/fps_acc[7]_i_1_n_0
    SLICE_X53Y96         FDCE                                         r  u_pl/fps_acc_reg[0]/CE
  -------------------------------------------------------------------    -------------------

                         (clock sys_clk rise edge)   20.000    20.000 r  
    W17                                               0.000    20.000 r  sys_clk (IN)
                         net (fo=0)                   0.000    20.000    sys_clk
    W17                  IBUF (Prop_ibuf_I_O)         1.349    21.349 r  sys_clk_IBUF_inst/O
                         net (fo=1, routed)           1.701    23.050    sys_clk_IBUF
    BUFGCTRL_X0Y4        BUFG (Prop_bufg_I_O)         0.077    23.127 r  sys_clk_IBUF_BUFG_inst/O
                         net (fo=186, routed)         1.227    24.354    u_pl/CLK
    SLICE_X53Y96         FDCE                                         r  u_pl/fps_acc_reg[0]/C
                         clock pessimism              0.342    24.696    
                         clock uncertainty           -0.035    24.661    
    SLICE_X53Y96         FDCE (Setup_fdce_C_CE)      -0.168    24.493    u_pl/fps_acc_reg[0]
  -------------------------------------------------------------------
                         required time                         24.493    
                         arrival time                         -10.654    
  -------------------------------------------------------------------
                         slack                                 13.839    





Min Delay Paths
--------------------------------------------------------------------------------------
Slack (MET) :             0.121ns  (arrival time - required time)
  Source:                 u_pl/u_ang/fs_s_reg[0]/C
                            (rising edge-triggered cell FDRE clocked by sys_clk  {rise@0.000ns fall@10.000ns period=20.000ns})
  Destination:            u_pl/u_ang/fs_s_reg[1]/D
                            (rising edge-triggered cell FDRE clocked by sys_clk  {rise@0.000ns fall@10.000ns period=20.000ns})
  Path Group:             sys_clk
  Path Type:              Hold (Min at Fast Process Corner)
  Requirement:            0.000ns  (sys_clk rise@0.000ns - sys_clk rise@0.000ns)
  Data Path Delay:        0.196ns  (logic 0.141ns (71.838%)  route 0.055ns (28.162%))
  Logic Levels:           0  
  Clock Path Skew:        0.000ns (DCD - SCD - CPR)
    Destination Clock Delay (DCD):    2.112ns
    Source Clock Delay      (SCD):    1.592ns
    Clock Pessimism Removal (CPR):    0.520ns

    Location             Delay type                Incr(ns)  Path(ns)    Netlist Resource(s)
  -------------------------------------------------------------------    -------------------
                         (clock sys_clk rise edge)    0.000     0.000 r  
    W17                                               0.000     0.000 r  sys_clk (IN)
                         net (fo=0)                   0.000     0.000    sys_clk
    W17                  IBUF (Prop_ibuf_I_O)         0.252     0.252 r  sys_clk_IBUF_inst/O
                         net (fo=1, routed)           0.674     0.926    sys_clk_IBUF
    BUFGCTRL_X0Y4        BUFG (Prop_bufg_I_O)         0.026     0.952 r  sys_clk_IBUF_BUFG_inst/O
                         net (fo=186, routed)         0.640     1.592    u_pl/u_ang/CLK
    SLICE_X43Y103        FDRE                                         r  u_pl/u_ang/fs_s_reg[0]/C
  -------------------------------------------------------------------    -------------------
    SLICE_X43Y103        FDRE (Prop_fdre_C_Q)         0.141     1.733 r  u_pl/u_ang/fs_s_reg[0]/Q
                         net (fo=1, routed)           0.055     1.788    u_pl/u_ang/fs_s[0]
    SLICE_X43Y103        FDRE                                         r  u_pl/u_ang/fs_s_reg[1]/D
  -------------------------------------------------------------------    -------------------

                         (clock sys_clk rise edge)    0.000     0.000 r  
    W17                                               0.000     0.000 r  sys_clk (IN)
                         net (fo=0)                   0.000     0.000    sys_clk
    W17                  IBUF (Prop_ibuf_I_O)         0.440     0.440 r  sys_clk_IBUF_inst/O
                         net (fo=1, routed)           0.731     1.171    sys_clk_IBUF
    BUFGCTRL_X0Y4        BUFG (Prop_bufg_I_O)         0.029     1.200 r  sys_clk_IBUF_BUFG_inst/O
                         net (fo=186, routed)         0.912     2.112    u_pl/u_ang/CLK
    SLICE_X43Y103        FDRE                                         r  u_pl/u_ang/fs_s_reg[1]/C
                         clock pessimism             -0.520     1.592    
    SLICE_X43Y103        FDRE (Hold_fdre_C_D)         0.075     1.667    u_pl/u_ang/fs_s_reg[1]
  -------------------------------------------------------------------
                         required time                         -1.667    
                         arrival time                           1.788    
  -------------------------------------------------------------------
                         slack                                  0.121    





Pulse Width Checks
--------------------------------------------------------------------------------------
Clock Name:         sys_clk
Waveform(ns):       { 0.000 10.000 }
Period(ns):         20.000
Sources:            { sys_clk }

Check Type        Corner  Lib Pin            Reference Pin  Required(ns)  Actual(ns)  Slack(ns)  Location         Pin
Min Period        n/a     BUFG/I             n/a            1.592         20.000      18.408     BUFGCTRL_X0Y4    sys_clk_IBUF_BUFG_inst/I
Max Period        n/a     MMCME2_ADV/CLKIN1  n/a            100.000       20.000      80.000     MMCME2_ADV_X0Y0  u_idelay_clkgen/u_mmcm/CLKIN1
Low Pulse Width   Slow    MMCME2_ADV/CLKIN1  n/a            3.000         10.000      7.000      MMCME2_ADV_X0Y0  u_idelay_clkgen/u_mmcm/CLKIN1
High Pulse Width  Slow    MMCME2_ADV/CLKIN1  n/a            3.000         10.000      7.000      MMCME2_ADV_X0Y0  u_idelay_clkgen/u_mmcm/CLKIN1



---------------------------------------------------------------------------------------------------
From Clock:  clkfbout
  To Clock:  clkfbout

Setup :           NA  Failing Endpoints,  Worst Slack           NA  ,  Total Violation           NA
Hold  :           NA  Failing Endpoints,  Worst Slack           NA  ,  Total Violation           NA
PW    :            0  Failing Endpoints,  Worst Slack       18.408ns,  Total Violation        0.000ns
---------------------------------------------------------------------------------------------------


Pulse Width Checks
--------------------------------------------------------------------------------------
Clock Name:         clkfbout
Waveform(ns):       { 0.000 10.000 }
Period(ns):         20.000
Sources:            { u_idelay_clkgen/u_mmcm/CLKFBOUT }

Check Type  Corner  Lib Pin             Reference Pin  Required(ns)  Actual(ns)  Slack(ns)  Location         Pin
Min Period  n/a     BUFG/I              n/a            1.592         20.000      18.408     BUFGCTRL_X0Y5    u_idelay_clkgen/u_bufg_fb/I
Max Period  n/a     MMCME2_ADV/CLKFBIN  n/a            100.000       20.000      80.000     MMCME2_ADV_X0Y0  u_idelay_clkgen/u_mmcm/CLKFBIN



---------------------------------------------------------------------------------------------------
From Clock:  clkfbout_1
  To Clock:  clkfbout_1

Setup :           NA  Failing Endpoints,  Worst Slack           NA  ,  Total Violation           NA
Hold  :           NA  Failing Endpoints,  Worst Slack           NA  ,  Total Violation           NA
PW    :            0  Failing Endpoints,  Worst Slack       18.408ns,  Total Violation        0.000ns
---------------------------------------------------------------------------------------------------


Pulse Width Checks
--------------------------------------------------------------------------------------
Clock Name:         clkfbout_1
Waveform(ns):       { 0.000 10.000 }
Period(ns):         20.000
Sources:            { u_pl/u_clk/u_mmcm/CLKFBOUT }

Check Type  Corner  Lib Pin             Reference Pin  Required(ns)  Actual(ns)  Slack(ns)  Location         Pin
Min Period  n/a     BUFG/I              n/a            1.592         20.000      18.408     BUFGCTRL_X0Y6    u_pl/u_clk/u_bufg_fb/I
Max Period  n/a     MMCME2_ADV/CLKFBIN  n/a            100.000       20.000      80.000     MMCME2_ADV_X1Y0  u_pl/u_clk/u_mmcm/CLKFBIN



---------------------------------------------------------------------------------------------------
From Clock:  clkout0_1
  To Clock:  clkout0_1

Setup :            0  Failing Endpoints,  Worst Slack        0.834ns,  Total Violation        0.000ns
Hold  :            0  Failing Endpoints,  Worst Slack        0.052ns,  Total Violation        0.000ns
PW    :            0  Failing Endpoints,  Worst Slack        8.870ns,  Total Violation        0.000ns
---------------------------------------------------------------------------------------------------


Max Delay Paths
--------------------------------------------------------------------------------------
Slack (MET) :             0.834ns  (required time - arrival time)
  Source:                 u_pl/u_pipe/xd_reg[7][4]/C
                            (rising edge-triggered cell FDCE clocked by clkout0_1  {rise@0.000ns fall@10.000ns period=20.000ns})
  Destination:            u_pl/u_osd/b_reg[4]/D
                            (rising edge-triggered cell FDCE clocked by clkout0_1  {rise@0.000ns fall@10.000ns period=20.000ns})
  Path Group:             clkout0_1
  Path Type:              Setup (Max at Slow Process Corner)
  Requirement:            20.000ns  (clkout0_1 rise@20.000ns - clkout0_1 rise@0.000ns)
  Data Path Delay:        19.107ns  (logic 6.672ns (34.918%)  route 12.435ns (65.082%))
  Logic Levels:           29  (CARRY4=9 LUT1=1 LUT2=1 LUT3=2 LUT4=4 LUT5=1 LUT6=10 MUXF7=1)
  Clock Path Skew:        -0.036ns (DCD - SCD + CPR)
    Destination Clock Delay (DCD):    4.406ns = ( 24.406 - 20.000 ) 
    Source Clock Delay      (SCD):    4.816ns
    Clock Pessimism Removal (CPR):    0.374ns
  Clock Uncertainty:      0.094ns  ((TSJ^2 + DJ^2)^1/2) / 2 + PE
    Total System Jitter     (TSJ):    0.071ns
    Discrete Jitter          (DJ):    0.175ns
    Phase Error              (PE):    0.000ns

    Location             Delay type                Incr(ns)  Path(ns)    Netlist Resource(s)
  -------------------------------------------------------------------    -------------------
                         (clock clkout0_1 rise edge)
                                                      0.000     0.000 r  
    W17                                               0.000     0.000 r  sys_clk (IN)
                         net (fo=0)                   0.000     0.000    sys_clk
    W17                  IBUF (Prop_ibuf_I_O)         1.415     1.415 r  sys_clk_IBUF_inst/O
                         net (fo=1, routed)           1.873     3.288    sys_clk_IBUF
    BUFGCTRL_X0Y4        BUFG (Prop_bufg_I_O)         0.085     3.373 r  sys_clk_IBUF_BUFG_inst/O
                         net (fo=186, routed)         1.550     4.923    u_pl/u_clk/CLK
    MMCME2_ADV_X1Y0      MMCME2_ADV (Prop_mmcme2_adv_CLKIN1_CLKOUT0)
                                                     -3.232     1.691 r  u_pl/u_clk/u_mmcm/CLKOUT0
                         net (fo=1, routed)           1.597     3.288    u_pl/u_clk/clkout0
    BUFGCTRL_X0Y0        BUFG (Prop_bufg_I_O)         0.085     3.373 r  u_pl/u_clk/u_bufg_pix/O
                         net (fo=4933, routed)        1.443     4.816    u_pl/u_pipe/clk_pix
    SLICE_X67Y87         FDCE                                         r  u_pl/u_pipe/xd_reg[7][4]/C
  -------------------------------------------------------------------    -------------------
    SLICE_X67Y87         FDCE (Prop_fdce_C_Q)         0.379     5.195 f  u_pl/u_pipe/xd_reg[7][4]/Q
                         net (fo=5, routed)           0.352     5.547    u_pl/u_pipe/xd_reg[7]_6[4]
    SLICE_X66Y86         LUT1 (Prop_lut1_I0_O)        0.105     5.652 r  u_pl/u_pipe/r[7]_i_58/O
                         net (fo=1, routed)           0.000     5.652    u_pl/u_pipe/r[7]_i_58_n_0
    SLICE_X66Y86         CARRY4 (Prop_carry4_S[1]_O[3])
                                                      0.534     6.186 f  u_pl/u_pipe/r_reg[7]_i_32/O[3]
                         net (fo=25, routed)          0.756     6.942    u_pl/u_pipe/u_osd/lx[6]
    SLICE_X64Y91         LUT3 (Prop_lut3_I2_O)        0.250     7.192 r  u_pl/u_pipe/g0_b0_i_908/O
                         net (fo=4, routed)           0.575     7.767    u_pl/u_pipe/g0_b0_i_908_n_0
    SLICE_X64Y87         LUT4 (Prop_lut4_I3_O)        0.105     7.872 r  u_pl/u_pipe/g0_b0_i_910/O
                         net (fo=1, routed)           0.000     7.872    u_pl/u_pipe/g0_b0_i_910_n_0
    SLICE_X64Y87         CARRY4 (Prop_carry4_S[3]_CO[3])
                                                      0.332     8.204 r  u_pl/u_pipe/g0_b0_i_826/CO[3]
                         net (fo=1, routed)           0.000     8.204    u_pl/u_pipe/g0_b0_i_826_n_0
    SLICE_X64Y88         CARRY4 (Prop_carry4_CI_O[1])
                                                      0.265     8.469 r  u_pl/u_pipe/g0_b0_i_572/O[1]
                         net (fo=2, routed)           0.598     9.067    u_pl/u_pipe/g0_b0_i_572_n_6
    SLICE_X64Y91         LUT3 (Prop_lut3_I0_O)        0.271     9.338 r  u_pl/u_pipe/g0_b0_i_269/O
                         net (fo=2, routed)           0.468     9.806    u_pl/u_pipe/g0_b0_i_269_n_0
    SLICE_X63Y90         LUT4 (Prop_lut4_I3_O)        0.275    10.081 r  u_pl/u_pipe/g0_b0_i_273/O
                         net (fo=1, routed)           0.000    10.081    u_pl/u_pipe/g0_b0_i_273_n_0
    SLICE_X63Y90         CARRY4 (Prop_carry4_S[0]_CO[3])
                                                      0.440    10.521 r  u_pl/u_pipe/g0_b0_i_96/CO[3]
                         net (fo=1, routed)           0.000    10.521    u_pl/u_pipe/g0_b0_i_96_n_0
    SLICE_X63Y91         CARRY4 (Prop_carry4_CI_O[3])
                                                      0.260    10.781 r  u_pl/u_pipe/g0_b0_i_36/O[3]
                         net (fo=3, routed)           0.639    11.419    u_pl/u_pipe/g0_b0_i_36_n_4
    SLICE_X61Y91         LUT2 (Prop_lut2_I0_O)        0.257    11.676 r  u_pl/u_pipe/g0_b0_i_835/O
                         net (fo=1, routed)           0.000    11.676    u_pl/u_pipe/g0_b0_i_835_n_0
    SLICE_X61Y91         CARRY4 (Prop_carry4_S[3]_CO[3])
                                                      0.332    12.008 r  u_pl/u_pipe/g0_b0_i_573/CO[3]
                         net (fo=1, routed)           0.000    12.008    u_pl/u_pipe/g0_b0_i_573_n_0
    SLICE_X61Y92         CARRY4 (Prop_carry4_CI_CO[3])
                                                      0.098    12.106 r  u_pl/u_pipe/g0_b0_i_274/CO[3]
                         net (fo=1, routed)           0.000    12.106    u_pl/u_pipe/g0_b0_i_274_n_0
    SLICE_X61Y93         CARRY4 (Prop_carry4_CI_O[0])
                                                      0.180    12.286 r  u_pl/u_pipe/g0_b0_i_97/O[0]
                         net (fo=37, routed)          0.673    12.959    u_pl/u_pipe/g0_b0_i_97_n_7
    SLICE_X60Y92         LUT4 (Prop_lut4_I2_O)        0.249    13.208 r  u_pl/u_pipe/g0_b0_i_281/O
                         net (fo=1, routed)           0.000    13.208    u_pl/u_pipe/g0_b0_i_281_n_0
    SLICE_X60Y92         CARRY4 (Prop_carry4_S[1]_CO[1])
                                                      0.408    13.616 r  u_pl/u_pipe/g0_b0_i_99/CO[1]
                         net (fo=36, routed)          0.902    14.518    u_pl/u_pipe/g0_b0_i_99_n_2
    SLICE_X47Y97         LUT4 (Prop_lut4_I3_O)        0.278    14.796 r  u_pl/u_pipe/g0_b0_i_92/O
                         net (fo=144, routed)         1.118    15.915    u_pl/u_split_ctrl/g0_b0_i_369_1
    SLICE_X42Y83         LUT6 (Prop_lut6_I2_O)        0.275    16.190 r  u_pl/u_split_ctrl/g0_b0_i_761/O
                         net (fo=1, routed)           0.486    16.676    u_pl/u_split_ctrl/g0_b0_i_761_n_0
    SLICE_X45Y84         LUT6 (Prop_lut6_I5_O)        0.105    16.781 r  u_pl/u_split_ctrl/g0_b0_i_440/O
                         net (fo=1, routed)           0.333    17.114    u_pl/u_split_ctrl/g0_b0_i_440_n_0
    SLICE_X46Y85         LUT6 (Prop_lut6_I0_O)        0.105    17.219 r  u_pl/u_split_ctrl/g0_b0_i_179/O
                         net (fo=1, routed)           0.590    17.809    u_pl/u_pipe/g0_b0_i_27_2
    SLICE_X48Y86         LUT6 (Prop_lut6_I5_O)        0.105    17.914 r  u_pl/u_pipe/g0_b0_i_64/O
                         net (fo=1, routed)           0.578    18.492    u_pl/u_pipe/g0_b0_i_64_n_0
    SLICE_X48Y89         LUT6 (Prop_lut6_I0_O)        0.105    18.597 f  u_pl/u_pipe/g0_b0_i_27/O
                         net (fo=13, routed)          1.178    19.775    u_pl/u_osd/chars[0]
    SLICE_X56Y84         LUT6 (Prop_lut6_I1_O)        0.105    19.880 r  u_pl/u_osd/g0_b0_i_11/O
                         net (fo=3, routed)           0.589    20.469    u_pl/u_osd/g0_b0_i_11_n_0
    SLICE_X57Y81         LUT5 (Prop_lut5_I0_O)        0.105    20.574 r  u_pl/u_osd/g0_b0_i_3/O
                         net (fo=35, routed)          0.867    21.441    u_pl/u_pipe/r[7]_i_30_1
    SLICE_X61Y80         LUT6 (Prop_lut6_I0_O)        0.105    21.546 r  u_pl/u_pipe/r[7]_i_62/O
                         net (fo=1, routed)           0.513    22.058    u_pl/u_pipe/r[7]_i_62_n_0
    SLICE_X65Y80         LUT6 (Prop_lut6_I0_O)        0.105    22.163 r  u_pl/u_pipe/r[7]_i_40/O
                         net (fo=1, routed)           0.370    22.533    u_pl/u_pipe/r[7]_i_40_n_0
    SLICE_X67Y80         LUT6 (Prop_lut6_I4_O)        0.105    22.638 r  u_pl/u_pipe/r[7]_i_19/O
                         net (fo=1, routed)           0.000    22.638    u_pl/u_pipe/r[7]_i_19_n_0
    SLICE_X67Y80         MUXF7 (Prop_muxf7_I1_O)      0.182    22.820 r  u_pl/u_pipe/r_reg[7]_i_5/O
                         net (fo=19, routed)          0.852    23.672    u_pl/u_pipe/u_sobel/b_reg[2]_2
    SLICE_X66Y77         LUT6 (Prop_lut6_I4_O)        0.252    23.924 r  u_pl/u_pipe/u_sobel/b[4]_i_1/O
                         net (fo=1, routed)           0.000    23.924    u_pl/u_osd/b_reg[7]_1[2]
    SLICE_X66Y77         FDCE                                         r  u_pl/u_osd/b_reg[4]/D
  -------------------------------------------------------------------    -------------------

                         (clock clkout0_1 rise edge)
                                                     20.000    20.000 r  
    W17                                               0.000    20.000 r  sys_clk (IN)
                         net (fo=0)                   0.000    20.000    sys_clk
    W17                  IBUF (Prop_ibuf_I_O)         1.349    21.349 r  sys_clk_IBUF_inst/O
                         net (fo=1, routed)           1.701    23.050    sys_clk_IBUF
    BUFGCTRL_X0Y4        BUFG (Prop_bufg_I_O)         0.077    23.127 r  sys_clk_IBUF_BUFG_inst/O
                         net (fo=186, routed)         1.384    24.511    u_pl/u_clk/CLK
    MMCME2_ADV_X1Y0      MMCME2_ADV (Prop_mmcme2_adv_CLKIN1_CLKOUT0)
                                                     -2.915    21.596 r  u_pl/u_clk/u_mmcm/CLKOUT0
                         net (fo=1, routed)           1.454    23.050    u_pl/u_clk/clkout0
    BUFGCTRL_X0Y0        BUFG (Prop_bufg_I_O)         0.077    23.127 r  u_pl/u_clk/u_bufg_pix/O
                         net (fo=4933, routed)        1.279    24.406    u_pl/u_osd/clk_pix
    SLICE_X66Y77         FDCE                                         r  u_pl/u_osd/b_reg[4]/C
                         clock pessimism              0.374    24.780    
                         clock uncertainty           -0.094    24.686    
    SLICE_X66Y77         FDCE (Setup_fdce_C_D)        0.072    24.758    u_pl/u_osd/b_reg[4]
  -------------------------------------------------------------------
                         required time                         24.758    
                         arrival time                         -23.924    
  -------------------------------------------------------------------
                         slack                                  0.834    





Min Delay Paths
--------------------------------------------------------------------------------------
Slack (MET) :             0.052ns  (arrival time - required time)
  Source:                 u_pl/u_t/u_t/y_reg[5]/C
                            (rising edge-triggered cell FDCE clocked by clkout0_1  {rise@0.000ns fall@10.000ns period=20.000ns})
  Destination:            u_pl/y_d_reg[9][5]_srl10_u_pl_u_seam_src_dq_reg_c_7/D
                            (rising edge-triggered cell SRL16E clocked by clkout0_1  {rise@0.000ns fall@10.000ns period=20.000ns})
  Path Group:             clkout0_1
  Path Type:              Hold (Min at Fast Process Corner)
  Requirement:            0.000ns  (clkout0_1 rise@0.000ns - clkout0_1 rise@0.000ns)
  Data Path Delay:        0.250ns  (logic 0.141ns (56.422%)  route 0.109ns (43.578%))
  Logic Levels:           0  
  Clock Path Skew:        0.015ns (DCD - SCD - CPR)
    Destination Clock Delay (DCD):    2.040ns
    Source Clock Delay      (SCD):    1.523ns
    Clock Pessimism Removal (CPR):    0.502ns

    Location             Delay type                Incr(ns)  Path(ns)    Netlist Resource(s)
  -------------------------------------------------------------------    -------------------
                         (clock clkout0_1 rise edge)
                                                      0.000     0.000 r  
    W17                                               0.000     0.000 r  sys_clk (IN)
                         net (fo=0)                   0.000     0.000    sys_clk
    W17                  IBUF (Prop_ibuf_I_O)         0.252     0.252 r  sys_clk_IBUF_inst/O
                         net (fo=1, routed)           0.674     0.926    sys_clk_IBUF
    BUFGCTRL_X0Y4        BUFG (Prop_bufg_I_O)         0.026     0.952 r  sys_clk_IBUF_BUFG_inst/O
                         net (fo=186, routed)         0.595     1.547    u_pl/u_clk/CLK
    MMCME2_ADV_X1Y0      MMCME2_ADV (Prop_mmcme2_adv_CLKIN1_CLKOUT0)
                                                     -1.150     0.397 r  u_pl/u_clk/u_mmcm/CLKOUT0
                         net (fo=1, routed)           0.529     0.926    u_pl/u_clk/clkout0
    BUFGCTRL_X0Y0        BUFG (Prop_bufg_I_O)         0.026     0.952 r  u_pl/u_clk/u_bufg_pix/O
                         net (fo=4933, routed)        0.571     1.523    u_pl/u_t/u_t/clk_pix
    SLICE_X57Y80         FDCE                                         r  u_pl/u_t/u_t/y_reg[5]/C
  -------------------------------------------------------------------    -------------------
    SLICE_X57Y80         FDCE (Prop_fdce_C_Q)         0.141     1.664 r  u_pl/u_t/u_t/y_reg[5]/Q
                         net (fo=4, routed)           0.109     1.773    u_pl/y[5]
    SLICE_X58Y81         SRL16E                                       r  u_pl/y_d_reg[9][5]_srl10_u_pl_u_seam_src_dq_reg_c_7/D
  -------------------------------------------------------------------    -------------------

                         (clock clkout0_1 rise edge)
                                                      0.000     0.000 r  
    W17                                               0.000     0.000 r  sys_clk (IN)
                         net (fo=0)                   0.000     0.000    sys_clk
    W17                  IBUF (Prop_ibuf_I_O)         0.440     0.440 r  sys_clk_IBUF_inst/O
                         net (fo=1, routed)           0.731     1.171    sys_clk_IBUF
    BUFGCTRL_X0Y4        BUFG (Prop_bufg_I_O)         0.029     1.200 r  sys_clk_IBUF_BUFG_inst/O
                         net (fo=186, routed)         0.862     2.062    u_pl/u_clk/CLK
    MMCME2_ADV_X1Y0      MMCME2_ADV (Prop_mmcme2_adv_CLKIN1_CLKOUT0)
                                                     -1.467     0.595 r  u_pl/u_clk/u_mmcm/CLKOUT0
                         net (fo=1, routed)           0.576     1.171    u_pl/u_clk/clkout0
    BUFGCTRL_X0Y0        BUFG (Prop_bufg_I_O)         0.029     1.200 r  u_pl/u_clk/u_bufg_pix/O
                         net (fo=4933, routed)        0.840     2.040    u_pl/clk_pix
    SLICE_X58Y81         SRL16E                                       r  u_pl/y_d_reg[9][5]_srl10_u_pl_u_seam_src_dq_reg_c_7/CLK
                         clock pessimism             -0.502     1.538    
    SLICE_X58Y81         SRL16E (Hold_srl16e_CLK_D)
                                                      0.183     1.721    u_pl/y_d_reg[9][5]_srl10_u_pl_u_seam_src_dq_reg_c_7
  -------------------------------------------------------------------
                         required time                         -1.721    
                         arrival time                           1.773    
  -------------------------------------------------------------------
                         slack                                  0.052    





Pulse Width Checks
--------------------------------------------------------------------------------------
Clock Name:         clkout0_1
Waveform(ns):       { 0.000 10.000 }
Period(ns):         20.000
Sources:            { u_pl/u_clk/u_mmcm/CLKOUT0 }

Check Type        Corner  Lib Pin             Reference Pin  Required(ns)  Actual(ns)  Slack(ns)  Location         Pin
Min Period        n/a     DSP48E1/CLK         n/a            3.272         20.000      16.728     DSP48_X2Y31      u_pl/u_zmap/yr_m_reg/CLK
Max Period        n/a     MMCME2_ADV/CLKOUT0  n/a            213.360       20.000      193.360    MMCME2_ADV_X1Y0  u_pl/u_clk/u_mmcm/CLKOUT0
Low Pulse Width   Slow    RAMS64E/CLK         n/a            1.130         10.000      8.870      SLICE_X54Y94     u_pl/u_pipe/u_blur/lb1_reg_0_255_0_0/RAMS64E_A/CLK
High Pulse Width  Slow    RAMS64E/CLK         n/a            1.130         10.000      8.870      SLICE_X54Y94     u_pl/u_pipe/u_blur/lb1_reg_0_255_0_0/RAMS64E_A/CLK



---------------------------------------------------------------------------------------------------
From Clock:  clkout1_1
  To Clock:  clkout1_1

Setup :           NA  Failing Endpoints,  Worst Slack           NA  ,  Total Violation           NA
Hold  :           NA  Failing Endpoints,  Worst Slack           NA  ,  Total Violation           NA
PW    :            0  Failing Endpoints,  Worst Slack        2.408ns,  Total Violation        0.000ns
---------------------------------------------------------------------------------------------------


Pulse Width Checks
--------------------------------------------------------------------------------------
Clock Name:         clkout1_1
Waveform(ns):       { 0.000 2.000 }
Period(ns):         4.000
Sources:            { u_pl/u_clk/u_mmcm/CLKOUT1 }

Check Type  Corner  Lib Pin             Reference Pin  Required(ns)  Actual(ns)  Slack(ns)  Location         Pin
Min Period  n/a     BUFG/I              n/a            1.592         4.000       2.408      BUFGCTRL_X0Y2    u_pl/u_clk/u_bufg_5x/I
Max Period  n/a     MMCME2_ADV/CLKOUT1  n/a            213.360       4.000       209.360    MMCME2_ADV_X1Y0  u_pl/u_clk/u_mmcm/CLKOUT1



---------------------------------------------------------------------------------------------------
From Clock:  clkout2
  To Clock:  clkout2

Setup :           NA  Failing Endpoints,  Worst Slack           NA  ,  Total Violation           NA
Hold  :           NA  Failing Endpoints,  Worst Slack           NA  ,  Total Violation           NA
PW    :            0  Failing Endpoints,  Worst Slack        0.264ns,  Total Violation        0.000ns
---------------------------------------------------------------------------------------------------


Pulse Width Checks
--------------------------------------------------------------------------------------
Clock Name:         clkout2
Waveform(ns):       { 0.000 2.500 }
Period(ns):         5.000
Sources:            { u_idelay_clkgen/u_mmcm/CLKOUT2 }

Check Type  Corner  Lib Pin            Reference Pin  Required(ns)  Actual(ns)  Slack(ns)  Location         Pin
Min Period  n/a     IDELAYCTRL/REFCLK  n/a            2.438         5.000       2.562      IDELAYCTRL_X1Y0  u_eth/u_rgmii/u_rgmii_rx/IDELAYCTRL_inst/REFCLK
Max Period  n/a     IDELAYCTRL/REFCLK  n/a            5.264         5.000       0.264      IDELAYCTRL_X1Y0  u_eth/u_rgmii/u_rgmii_rx/IDELAYCTRL_inst/REFCLK



---------------------------------------------------------------------------------------------------
From Clock:  clkout0_1
  To Clock:  sys_clk

Setup :            0  Failing Endpoints,  Worst Slack       14.672ns,  Total Violation        0.000ns
Hold  :            0  Failing Endpoints,  Worst Slack        0.180ns,  Total Violation        0.000ns
---------------------------------------------------------------------------------------------------


Max Delay Paths
--------------------------------------------------------------------------------------
Slack (MET) :             14.672ns  (required time - arrival time)
  Source:                 u_pl/u_split_x/bus_q_reg[16]/C
                            (rising edge-triggered cell FDCE clocked by clkout0_1  {rise@0.000ns fall@10.000ns period=20.000ns})
  Destination:            u_pl/u_ang/angle_reg[6]/D
                            (rising edge-triggered cell FDRE clocked by sys_clk  {rise@0.000ns fall@10.000ns period=20.000ns})
  Path Group:             sys_clk
  Path Type:              Setup (Max at Slow Process Corner)
  Requirement:            20.000ns  (sys_clk rise@20.000ns - clkout0_1 rise@0.000ns)
  Data Path Delay:        5.007ns  (logic 1.837ns (36.686%)  route 3.170ns (63.314%))
  Logic Levels:           8  (CARRY4=3 LUT2=1 LUT5=2 LUT6=2)
  Clock Path Skew:        -0.002ns (DCD - SCD + CPR)
    Destination Clock Delay (DCD):    4.517ns = ( 24.517 - 20.000 ) 
    Source Clock Delay      (SCD):    4.765ns
    Clock Pessimism Removal (CPR):    0.246ns
  Clock Uncertainty:      0.259ns  ((TSJ^2 + DJ^2)^1/2) / 2 + PE
    Total System Jitter     (TSJ):    0.071ns
    Discrete Jitter          (DJ):    0.175ns
    Phase Error              (PE):    0.165ns

    Location             Delay type                Incr(ns)  Path(ns)    Netlist Resource(s)
  -------------------------------------------------------------------    -------------------
                         (clock clkout0_1 rise edge)
                                                      0.000     0.000 r  
    W17                                               0.000     0.000 r  sys_clk (IN)
                         net (fo=0)                   0.000     0.000    sys_clk
    W17                  IBUF (Prop_ibuf_I_O)         1.415     1.415 r  sys_clk_IBUF_inst/O
                         net (fo=1, routed)           1.873     3.288    sys_clk_IBUF
    BUFGCTRL_X0Y4        BUFG (Prop_bufg_I_O)         0.085     3.373 r  sys_clk_IBUF_BUFG_inst/O
                         net (fo=186, routed)         1.550     4.923    u_pl/u_clk/CLK
    MMCME2_ADV_X1Y0      MMCME2_ADV (Prop_mmcme2_adv_CLKIN1_CLKOUT0)
                                                     -3.232     1.691 r  u_pl/u_clk/u_mmcm/CLKOUT0
                         net (fo=1, routed)           1.597     3.288    u_pl/u_clk/clkout0
    BUFGCTRL_X0Y0        BUFG (Prop_bufg_I_O)         0.085     3.373 r  u_pl/u_clk/u_bufg_pix/O
                         net (fo=4933, routed)        1.392     4.765    u_pl/u_split_x/clk_pix
    SLICE_X42Y98         FDCE                                         r  u_pl/u_split_x/bus_q_reg[16]/C
  -------------------------------------------------------------------    -------------------
    SLICE_X42Y98         FDCE (Prop_fdce_C_Q)         0.433     5.198 r  u_pl/u_split_x/bus_q_reg[16]/Q
                         net (fo=2, routed)           1.072     6.270    u_pl/u_ang/bus_q[1]
    SLICE_X43Y109        LUT2 (Prop_lut2_I1_O)        0.105     6.375 r  u_pl/u_ang/angle[3]_i_7/O
                         net (fo=1, routed)           0.000     6.375    u_pl/u_ang/angle[3]_i_7_n_0
    SLICE_X43Y109        CARRY4 (Prop_carry4_S[1]_CO[3])
                                                      0.457     6.832 r  u_pl/u_ang/angle_reg[3]_i_2/CO[3]
                         net (fo=1, routed)           0.000     6.832    u_pl/u_ang/angle_reg[3]_i_2_n_0
    SLICE_X43Y110        CARRY4 (Prop_carry4_CI_CO[3])
                                                      0.098     6.930 r  u_pl/u_ang/angle_reg[7]_i_4/CO[3]
                         net (fo=1, routed)           0.000     6.930    u_pl/u_ang/angle_reg[7]_i_4_n_0
    SLICE_X43Y111        CARRY4 (Prop_carry4_CI_O[0])
                                                      0.180     7.110 r  u_pl/u_ang/angle_reg[3]_i_4/O[0]
                         net (fo=3, routed)           0.692     7.801    u_pl/u_ang/angle_reg[3]_i_4_n_7
    SLICE_X42Y110        LUT6 (Prop_lut6_I0_O)        0.249     8.050 r  u_pl/u_ang/angle[3]_i_3/O
                         net (fo=4, routed)           0.686     8.737    u_pl/u_ang/angle[3]_i_3_n_0
    SLICE_X42Y109        LUT6 (Prop_lut6_I5_O)        0.105     8.842 r  u_pl/u_ang/angle[6]_i_5/O
                         net (fo=1, routed)           0.230     9.071    u_pl/u_ang/angle[6]_i_5_n_0
    SLICE_X40Y109        LUT5 (Prop_lut5_I4_O)        0.105     9.176 r  u_pl/u_ang/angle[6]_i_3/O
                         net (fo=1, routed)           0.236     9.412    u_pl/u_ang/angle[6]_i_3_n_0
    SLICE_X40Y110        LUT5 (Prop_lut5_I4_O)        0.105     9.517 r  u_pl/u_ang/angle[6]_i_1/O
                         net (fo=1, routed)           0.255     9.773    u_pl/u_ang/p_1_in__0[6]
    SLICE_X40Y110        FDRE                                         r  u_pl/u_ang/angle_reg[6]/D
  -------------------------------------------------------------------    -------------------

                         (clock sys_clk rise edge)   20.000    20.000 r  
    W17                                               0.000    20.000 r  sys_clk (IN)
                         net (fo=0)                   0.000    20.000    sys_clk
    W17                  IBUF (Prop_ibuf_I_O)         1.349    21.349 r  sys_clk_IBUF_inst/O
                         net (fo=1, routed)           1.701    23.050    sys_clk_IBUF
    BUFGCTRL_X0Y4        BUFG (Prop_bufg_I_O)         0.077    23.127 r  sys_clk_IBUF_BUFG_inst/O
                         net (fo=186, routed)         1.390    24.517    u_pl/u_ang/CLK
    SLICE_X40Y110        FDRE                                         r  u_pl/u_ang/angle_reg[6]/C
                         clock pessimism              0.246    24.763    
                         clock uncertainty           -0.259    24.504    
    SLICE_X40Y110        FDRE (Setup_fdre_C_D)       -0.059    24.445    u_pl/u_ang/angle_reg[6]
  -------------------------------------------------------------------
                         required time                         24.445    
                         arrival time                          -9.773    
  -------------------------------------------------------------------
                         slack                                 14.672    





Min Delay Paths
--------------------------------------------------------------------------------------
Slack (MET) :             0.180ns  (arrival time - required time)
  Source:                 u_pl/u_split_x/bus_q_reg[17]/C
                            (rising edge-triggered cell FDCE clocked by clkout0_1  {rise@0.000ns fall@10.000ns period=20.000ns})
  Destination:            u_pl/u_ang/angle_reg[3]/D
                            (rising edge-triggered cell FDRE clocked by sys_clk  {rise@0.000ns fall@10.000ns period=20.000ns})
  Path Group:             sys_clk
  Path Type:              Hold (Min at Fast Process Corner)
  Requirement:            0.000ns  (sys_clk rise@0.000ns - clkout0_1 rise@0.000ns)
  Data Path Delay:        0.911ns  (logic 0.418ns (45.903%)  route 0.493ns (54.097%))
  Logic Levels:           3  (CARRY4=1 LUT2=1 LUT6=1)
  Clock Path Skew:        0.351ns (DCD - SCD - CPR)
    Destination Clock Delay (DCD):    2.110ns
    Source Clock Delay      (SCD):    1.511ns
    Clock Pessimism Removal (CPR):    0.248ns
  Clock Uncertainty:      0.259ns  ((TSJ^2 + DJ^2)^1/2) / 2 + PE
    Total System Jitter     (TSJ):    0.071ns
    Discrete Jitter          (DJ):    0.175ns
    Phase Error              (PE):    0.165ns

    Location             Delay type                Incr(ns)  Path(ns)    Netlist Resource(s)
  -------------------------------------------------------------------    -------------------
                         (clock clkout0_1 rise edge)
                                                      0.000     0.000 r  
    W17                                               0.000     0.000 r  sys_clk (IN)
                         net (fo=0)                   0.000     0.000    sys_clk
    W17                  IBUF (Prop_ibuf_I_O)         0.252     0.252 r  sys_clk_IBUF_inst/O
                         net (fo=1, routed)           0.674     0.926    sys_clk_IBUF
    BUFGCTRL_X0Y4        BUFG (Prop_bufg_I_O)         0.026     0.952 r  sys_clk_IBUF_BUFG_inst/O
                         net (fo=186, routed)         0.595     1.547    u_pl/u_clk/CLK
    MMCME2_ADV_X1Y0      MMCME2_ADV (Prop_mmcme2_adv_CLKIN1_CLKOUT0)
                                                     -1.150     0.397 r  u_pl/u_clk/u_mmcm/CLKOUT0
                         net (fo=1, routed)           0.529     0.926    u_pl/u_clk/clkout0
    BUFGCTRL_X0Y0        BUFG (Prop_bufg_I_O)         0.026     0.952 r  u_pl/u_clk/u_bufg_pix/O
                         net (fo=4933, routed)        0.559     1.511    u_pl/u_split_x/clk_pix
    SLICE_X42Y98         FDCE                                         r  u_pl/u_split_x/bus_q_reg[17]/C
  -------------------------------------------------------------------    -------------------
    SLICE_X42Y98         FDCE (Prop_fdce_C_Q)         0.164     1.675 r  u_pl/u_split_x/bus_q_reg[17]/Q
                         net (fo=2, routed)           0.318     1.992    u_pl/u_ang/bus_q[2]
    SLICE_X43Y109        LUT2 (Prop_lut2_I1_O)        0.045     2.037 r  u_pl/u_ang/angle[3]_i_6/O
                         net (fo=1, routed)           0.000     2.037    u_pl/u_ang/angle[3]_i_6_n_0
    SLICE_X43Y109        CARRY4 (Prop_carry4_S[2]_O[3])
                                                      0.099     2.136 r  u_pl/u_ang/angle_reg[3]_i_2/O[3]
                         net (fo=7, routed)           0.175     2.311    u_pl/u_ang/angle_reg[3]_i_2_n_4
    SLICE_X42Y110        LUT6 (Prop_lut6_I0_O)        0.110     2.421 r  u_pl/u_ang/angle[3]_i_1/O
                         net (fo=1, routed)           0.000     2.421    u_pl/u_ang/p_1_in__0[3]
    SLICE_X42Y110        FDRE                                         r  u_pl/u_ang/angle_reg[3]/D
  -------------------------------------------------------------------    -------------------

                         (clock sys_clk rise edge)    0.000     0.000 r  
    W17                                               0.000     0.000 r  sys_clk (IN)
                         net (fo=0)                   0.000     0.000    sys_clk
    W17                  IBUF (Prop_ibuf_I_O)         0.440     0.440 r  sys_clk_IBUF_inst/O
                         net (fo=1, routed)           0.731     1.171    sys_clk_IBUF
    BUFGCTRL_X0Y4        BUFG (Prop_bufg_I_O)         0.029     1.200 r  sys_clk_IBUF_BUFG_inst/O
                         net (fo=186, routed)         0.910     2.110    u_pl/u_ang/CLK
    SLICE_X42Y110        FDRE                                         r  u_pl/u_ang/angle_reg[3]/C
                         clock pessimism             -0.248     1.862    
                         clock uncertainty            0.259     2.121    
    SLICE_X42Y110        FDRE (Hold_fdre_C_D)         0.120     2.241    u_pl/u_ang/angle_reg[3]
  -------------------------------------------------------------------
                         required time                         -2.241    
                         arrival time                           2.421    
  -------------------------------------------------------------------
                         slack                                  0.180    





---------------------------------------------------------------------------------------------------
From Clock:  sys_clk
  To Clock:  clkout0_1

Setup :            0  Failing Endpoints,  Worst Slack        4.455ns,  Total Violation        0.000ns
Hold  :            0  Failing Endpoints,  Worst Slack        0.188ns,  Total Violation        0.000ns
---------------------------------------------------------------------------------------------------


Max Delay Paths
--------------------------------------------------------------------------------------
Slack (MET) :             4.455ns  (required time - arrival time)
  Source:                 u_pl/u_ang/angle_reg[2]/C
                            (rising edge-triggered cell FDRE clocked by sys_clk  {rise@0.000ns fall@10.000ns period=20.000ns})
  Destination:            u_pl/u_osd/b_reg[4]/D
                            (rising edge-triggered cell FDCE clocked by clkout0_1  {rise@0.000ns fall@10.000ns period=20.000ns})
  Path Group:             clkout0_1
  Path Type:              Setup (Max at Slow Process Corner)
  Requirement:            20.000ns  (clkout0_1 rise@20.000ns - sys_clk rise@0.000ns)
  Data Path Delay:        15.077ns  (logic 4.376ns (29.025%)  route 10.701ns (70.975%))
  Logic Levels:           20  (CARRY4=4 LUT2=1 LUT3=1 LUT4=2 LUT5=2 LUT6=9 MUXF7=1)
  Clock Path Skew:        -0.281ns (DCD - SCD + CPR)
    Destination Clock Delay (DCD):    4.406ns = ( 24.406 - 20.000 ) 
    Source Clock Delay      (SCD):    4.933ns
    Clock Pessimism Removal (CPR):    0.246ns
  Clock Uncertainty:      0.259ns  ((TSJ^2 + DJ^2)^1/2) / 2 + PE
    Total System Jitter     (TSJ):    0.071ns
    Discrete Jitter          (DJ):    0.175ns
    Phase Error              (PE):    0.165ns

    Location             Delay type                Incr(ns)  Path(ns)    Netlist Resource(s)
  -------------------------------------------------------------------    -------------------
                         (clock sys_clk rise edge)    0.000     0.000 r  
    W17                                               0.000     0.000 r  sys_clk (IN)
                         net (fo=0)                   0.000     0.000    sys_clk
    W17                  IBUF (Prop_ibuf_I_O)         1.415     1.415 r  sys_clk_IBUF_inst/O
                         net (fo=1, routed)           1.873     3.288    sys_clk_IBUF
    BUFGCTRL_X0Y4        BUFG (Prop_bufg_I_O)         0.085     3.373 r  sys_clk_IBUF_BUFG_inst/O
                         net (fo=186, routed)         1.560     4.933    u_pl/u_ang/CLK
    SLICE_X42Y109        FDRE                                         r  u_pl/u_ang/angle_reg[2]/C
  -------------------------------------------------------------------    -------------------
    SLICE_X42Y109        FDRE (Prop_fdre_C_Q)         0.433     5.366 r  u_pl/u_ang/angle_reg[2]/Q
                         net (fo=202, routed)         0.877     6.243    u_pl/u_ang/angle[2]
    SLICE_X41Y101        LUT2 (Prop_lut2_I0_O)        0.105     6.348 r  u_pl/u_ang/g0_b0_i_906/O
                         net (fo=1, routed)           0.000     6.348    u_pl/u_ang/g0_b0_i_906_n_0
    SLICE_X41Y101        CARRY4 (Prop_carry4_S[1]_CO[3])
                                                      0.457     6.805 r  u_pl/u_ang/g0_b0_i_814/CO[3]
                         net (fo=1, routed)           0.000     6.805    u_pl/u_ang/g0_b0_i_814_n_0
    SLICE_X41Y102        CARRY4 (Prop_carry4_CI_CO[3])
                                                      0.098     6.903 r  u_pl/u_ang/g0_b0_i_557/CO[3]
                         net (fo=1, routed)           0.000     6.903    u_pl/u_ang/g0_b0_i_557_n_0
    SLICE_X41Y103        CARRY4 (Prop_carry4_CI_O[0])
                                                      0.180     7.083 r  u_pl/u_ang/g0_b0_i_263/O[0]
                         net (fo=19, routed)          0.658     7.741    u_pl/u_ang/g0_b0_i_263_n_7
    SLICE_X39Y105        LUT3 (Prop_lut3_I1_O)        0.270     8.011 r  u_pl/u_ang/g0_b0_i_560/O
                         net (fo=2, routed)           0.695     8.706    u_pl/u_ang/g0_b0_i_560_n_0
    SLICE_X39Y105        LUT5 (Prop_lut5_I0_O)        0.267     8.973 r  u_pl/u_ang/g0_b0_i_563/O
                         net (fo=1, routed)           0.000     8.973    u_pl/u_ang/g0_b0_i_563_n_0
    SLICE_X39Y105        CARRY4 (Prop_carry4_S[1]_CO[2])
                                                      0.475     9.448 r  u_pl/u_ang/g0_b0_i_264/CO[2]
                         net (fo=9, routed)           0.632    10.080    u_pl/u_ang/g0_b0_i_264_n_1
    SLICE_X40Y101        LUT4 (Prop_lut4_I3_O)        0.264    10.344 f  u_pl/u_ang/g0_b0_i_94/O
                         net (fo=43, routed)          0.919    11.263    u_pl/u_split_x/g0_b0_i_84
    SLICE_X43Y99         LUT4 (Prop_lut4_I2_O)        0.286    11.549 f  u_pl/u_split_x/g0_b0_i_773/O
                         net (fo=1, routed)           0.694    12.243    u_pl/u_ang/g0_b0_i_184
    SLICE_X43Y100        LUT6 (Prop_lut6_I3_O)        0.267    12.510 f  u_pl/u_ang/g0_b0_i_453/O
                         net (fo=1, routed)           0.485    12.995    u_pl/u_pipe/g0_b0_i_65_0
    SLICE_X43Y99         LUT6 (Prop_lut6_I2_O)        0.105    13.100 r  u_pl/u_pipe/g0_b0_i_184/O
                         net (fo=1, routed)           0.526    13.626    u_pl/u_pipe/g0_b0_i_184_n_0
    SLICE_X44Y99         LUT6 (Prop_lut6_I5_O)        0.105    13.731 f  u_pl/u_pipe/g0_b0_i_65/O
                         net (fo=1, routed)           0.847    14.578    u_pl/u_pipe/g0_b0_i_65_n_0
    SLICE_X48Y89         LUT6 (Prop_lut6_I2_O)        0.105    14.683 f  u_pl/u_pipe/g0_b0_i_27/O
                         net (fo=13, routed)          1.178    15.861    u_pl/u_osd/chars[0]
    SLICE_X56Y84         LUT6 (Prop_lut6_I1_O)        0.105    15.966 r  u_pl/u_osd/g0_b0_i_11/O
                         net (fo=3, routed)           0.589    16.555    u_pl/u_osd/g0_b0_i_11_n_0
    SLICE_X57Y81         LUT5 (Prop_lut5_I0_O)        0.105    16.660 r  u_pl/u_osd/g0_b0_i_3/O
                         net (fo=35, routed)          0.867    17.527    u_pl/u_pipe/r[7]_i_30_1
    SLICE_X61Y80         LUT6 (Prop_lut6_I0_O)        0.105    17.632 r  u_pl/u_pipe/r[7]_i_62/O
                         net (fo=1, routed)           0.513    18.145    u_pl/u_pipe/r[7]_i_62_n_0
    SLICE_X65Y80         LUT6 (Prop_lut6_I0_O)        0.105    18.250 r  u_pl/u_pipe/r[7]_i_40/O
                         net (fo=1, routed)           0.370    18.619    u_pl/u_pipe/r[7]_i_40_n_0
    SLICE_X67Y80         LUT6 (Prop_lut6_I4_O)        0.105    18.724 r  u_pl/u_pipe/r[7]_i_19/O
                         net (fo=1, routed)           0.000    18.724    u_pl/u_pipe/r[7]_i_19_n_0
    SLICE_X67Y80         MUXF7 (Prop_muxf7_I1_O)      0.182    18.906 r  u_pl/u_pipe/r_reg[7]_i_5/O
                         net (fo=19, routed)          0.852    19.758    u_pl/u_pipe/u_sobel/b_reg[2]_2
    SLICE_X66Y77         LUT6 (Prop_lut6_I4_O)        0.252    20.010 r  u_pl/u_pipe/u_sobel/b[4]_i_1/O
                         net (fo=1, routed)           0.000    20.010    u_pl/u_osd/b_reg[7]_1[2]
    SLICE_X66Y77         FDCE                                         r  u_pl/u_osd/b_reg[4]/D
  -------------------------------------------------------------------    -------------------

                         (clock clkout0_1 rise edge)
                                                     20.000    20.000 r  
    W17                                               0.000    20.000 r  sys_clk (IN)
                         net (fo=0)                   0.000    20.000    sys_clk
    W17                  IBUF (Prop_ibuf_I_O)         1.349    21.349 r  sys_clk_IBUF_inst/O
                         net (fo=1, routed)           1.701    23.050    sys_clk_IBUF
    BUFGCTRL_X0Y4        BUFG (Prop_bufg_I_O)         0.077    23.127 r  sys_clk_IBUF_BUFG_inst/O
                         net (fo=186, routed)         1.384    24.511    u_pl/u_clk/CLK
    MMCME2_ADV_X1Y0      MMCME2_ADV (Prop_mmcme2_adv_CLKIN1_CLKOUT0)
                                                     -2.915    21.596 r  u_pl/u_clk/u_mmcm/CLKOUT0
                         net (fo=1, routed)           1.454    23.050    u_pl/u_clk/clkout0
    BUFGCTRL_X0Y0        BUFG (Prop_bufg_I_O)         0.077    23.127 r  u_pl/u_clk/u_bufg_pix/O
                         net (fo=4933, routed)        1.279    24.406    u_pl/u_osd/clk_pix
    SLICE_X66Y77         FDCE                                         r  u_pl/u_osd/b_reg[4]/C
                         clock pessimism              0.246    24.652    
                         clock uncertainty           -0.259    24.393    
    SLICE_X66Y77         FDCE (Setup_fdce_C_D)        0.072    24.465    u_pl/u_osd/b_reg[4]
  -------------------------------------------------------------------
                         required time                         24.465    
                         arrival time                         -20.010    
  -------------------------------------------------------------------
                         slack                                  4.455    





Min Delay Paths
--------------------------------------------------------------------------------------
Slack (MET) :             0.188ns  (arrival time - required time)
  Source:                 u_pl/u_k1l/tog_reg/C
                            (rising edge-triggered cell FDRE clocked by sys_clk  {rise@0.000ns fall@10.000ns period=20.000ns})
  Destination:            u_pl/u_mode/lsync_reg[0]/D
                            (rising edge-triggered cell FDCE clocked by clkout0_1  {rise@0.000ns fall@10.000ns period=20.000ns})
  Path Group:             clkout0_1
  Path Type:              Hold (Min at Fast Process Corner)
  Requirement:            0.000ns  (clkout0_1 rise@0.000ns - sys_clk rise@0.000ns)
  Data Path Delay:        0.710ns  (logic 0.128ns (18.016%)  route 0.582ns (81.984%))
  Logic Levels:           0  
  Clock Path Skew:        0.271ns (DCD - SCD - CPR)
    Destination Clock Delay (DCD):    2.043ns
    Source Clock Delay      (SCD):    1.524ns
    Clock Pessimism Removal (CPR):    0.248ns
  Clock Uncertainty:      0.259ns  ((TSJ^2 + DJ^2)^1/2) / 2 + PE
    Total System Jitter     (TSJ):    0.071ns
    Discrete Jitter          (DJ):    0.175ns
    Phase Error              (PE):    0.165ns

    Location             Delay type                Incr(ns)  Path(ns)    Netlist Resource(s)
  -------------------------------------------------------------------    -------------------
                         (clock sys_clk rise edge)    0.000     0.000 r  
    W17                                               0.000     0.000 r  sys_clk (IN)
                         net (fo=0)                   0.000     0.000    sys_clk
    W17                  IBUF (Prop_ibuf_I_O)         0.252     0.252 r  sys_clk_IBUF_inst/O
                         net (fo=1, routed)           0.674     0.926    sys_clk_IBUF
    BUFGCTRL_X0Y4        BUFG (Prop_bufg_I_O)         0.026     0.952 r  sys_clk_IBUF_BUFG_inst/O
                         net (fo=186, routed)         0.572     1.524    u_pl/u_k1l/CLK
    SLICE_X65Y70         FDRE                                         r  u_pl/u_k1l/tog_reg/C
  -------------------------------------------------------------------    -------------------
    SLICE_X65Y70         FDRE (Prop_fdre_C_Q)         0.128     1.652 r  u_pl/u_k1l/tog_reg/Q
                         net (fo=3, routed)           0.582     2.234    u_pl/u_mode/D[0]
    SLICE_X67Y83         FDCE                                         r  u_pl/u_mode/lsync_reg[0]/D
  -------------------------------------------------------------------    -------------------

                         (clock clkout0_1 rise edge)
                                                      0.000     0.000 r  
    W17                                               0.000     0.000 r  sys_clk (IN)
                         net (fo=0)                   0.000     0.000    sys_clk
    W17                  IBUF (Prop_ibuf_I_O)         0.440     0.440 r  sys_clk_IBUF_inst/O
                         net (fo=1, routed)           0.731     1.171    sys_clk_IBUF
    BUFGCTRL_X0Y4        BUFG (Prop_bufg_I_O)         0.029     1.200 r  sys_clk_IBUF_BUFG_inst/O
                         net (fo=186, routed)         0.862     2.062    u_pl/u_clk/CLK
    MMCME2_ADV_X1Y0      MMCME2_ADV (Prop_mmcme2_adv_CLKIN1_CLKOUT0)
                                                     -1.467     0.595 r  u_pl/u_clk/u_mmcm/CLKOUT0
                         net (fo=1, routed)           0.576     1.171    u_pl/u_clk/clkout0
    BUFGCTRL_X0Y0        BUFG (Prop_bufg_I_O)         0.029     1.200 r  u_pl/u_clk/u_bufg_pix/O
                         net (fo=4933, routed)        0.843     2.043    u_pl/u_mode/clk_pix
    SLICE_X67Y83         FDCE                                         r  u_pl/u_mode/lsync_reg[0]/C
                         clock pessimism             -0.248     1.795    
                         clock uncertainty            0.259     2.054    
    SLICE_X67Y83         FDCE (Hold_fdce_C_D)        -0.008     2.046    u_pl/u_mode/lsync_reg[0]
  -------------------------------------------------------------------
                         required time                         -2.046    
                         arrival time                           2.234    
  -------------------------------------------------------------------
                         slack                                  0.188    





