Copyright 1986-2022 Xilinx, Inc. All Rights Reserved. Copyright 2022-2026 Advanced Micro Devices, Inc. All Rights Reserved.
---------------------------------------------------------------------------------------------------------------------------------------------
| Tool Version : Vivado v.2025.2.1 (win64) Build 6403652 Thu Mar 19 19:48:24 GMT 2026
| Date         : Wed Sep 23 07:01:09 2026
| Host         : Uie-laptop running 64-bit major release  (build 9200)
| Command      : report_timing_summary -file D:/Xilinx/Prj/pro/Video_Processing/build/timing_summary.rpt
| Design       : system_top
| Device       : 7z020-clg484
| Speed File   : -2  PRODUCTION 1.12 2019-11-22
| Design State : Routed
---------------------------------------------------------------------------------------------------------------------------------------------

Timing Summary Report

------------------------------------------------------------------------------------------------
| Timer Settings
| --------------
------------------------------------------------------------------------------------------------

  Enable Multi Corner Analysis               :  Yes
  Enable Pessimism Removal                   :  Yes
  Pessimism Removal Resolution               :  Nearest Common Node
  Enable Input Delay Default Clock           :  No
  Enable Preset / Clear Arcs                 :  No
  Disable Flight Delays                      :  No
  Ignore I/O Paths                           :  No
  Timing Early Launch at Borrowing Latches   :  No
  Borrow Time for Max Delay Exceptions       :  Yes
  Merge Timing Exceptions                    :  Yes
  Inter-SLR Compensation                     :  Conservative

  Corner  Analyze    Analyze    
  Name    Max Paths  Min Paths  
  ------  ---------  ---------  
  Slow    Yes        Yes        
  Fast    Yes        Yes        


------------------------------------------------------------------------------------------------
| Report Methodology
| ------------------
------------------------------------------------------------------------------------------------

Rule       Severity  Description                                                Violations  
---------  --------  ---------------------------------------------------------  ----------  
DPIR-1     Warning   Asynchronous driver check                                  36          
LUTAR-1    Warning   LUT drives async reset alert                               1           
SYNTH-5    Warning   Mapped onto distributed RAM because of timing constraints  48          
SYNTH-6    Warning   Timing of a RAM block might be sub-optimal                 92          
TIMING-9   Warning   Unknown CDC Logic                                          1           
TIMING-10  Warning   Missing property on synchronizer                           1           
TIMING-18  Warning   Missing input or output delay                              7           

Note: This report is based on the most recent report_methodology run and may not be up-to-date. Run report_methodology on the current design for the latest report.



check_timing report

Table of Contents
-----------------
1. checking no_clock (0)
2. checking constant_clock (0)
3. checking pulse_width_clock (0)
4. checking unconstrained_internal_endpoints (0)
5. checking no_input_delay (7)
6. checking no_output_delay (12)
7. checking multiple_clock (0)
8. checking generated_clocks (0)
9. checking loops (0)
10. checking partial_input_delay (0)
11. checking partial_output_delay (0)
12. checking latch_loops (0)

1. checking no_clock (0)
------------------------
 There are 0 register/latch pins with no clock.


2. checking constant_clock (0)
------------------------------
 There are 0 register/latch pins with constant_clock.


3. checking pulse_width_clock (0)
---------------------------------
 There are 0 register/latch pins which need pulse_width check


4. checking unconstrained_internal_endpoints (0)
------------------------------------------------
 There are 0 pins that are not constrained for maximum delay.

 There are 0 pins that are not constrained for maximum delay due to constant clock.


5. checking no_input_delay (7)
------------------------------
 There are 5 input ports with no input delay specified. (HIGH)

 There are 2 input ports with no input delay but user has a false path constraint. (MEDIUM)


6. checking no_output_delay (12)
--------------------------------
 There are 6 ports with no output delay specified. (HIGH)

 There are 6 ports with no output delay but user has a false path constraint (MEDIUM)

 There are 0 ports with no output delay but with a timing clock defined on it or propagating through it


7. checking multiple_clock (0)
------------------------------
 There are 0 register/latch pins with multiple clocks.


8. checking generated_clocks (0)
--------------------------------
 There are 0 generated clocks that are not connected to a clock source.


9. checking loops (0)
---------------------
 There are 0 combinational loops in the design.


10. checking partial_input_delay (0)
------------------------------------
 There are 0 input ports with partial input delay specified.


11. checking partial_output_delay (0)
-------------------------------------
 There are 0 ports with partial output delay specified.


12. checking latch_loops (0)
----------------------------
 There are 0 combinational latch loops in the design through latch input



------------------------------------------------------------------------------------------------
| Design Timing Summary
| ---------------------
------------------------------------------------------------------------------------------------

    WNS(ns)      TNS(ns)  TNS Failing Endpoints  TNS Total Endpoints      WHS(ns)      THS(ns)  THS Failing Endpoints  THS Total Endpoints     WPWS(ns)     TPWS(ns)  TPWS Failing Endpoints  TPWS Total Endpoints  
    -------      -------  ---------------------  -------------------      -------      -------  ---------------------  -------------------     --------     --------  ----------------------  --------------------  
      0.598        0.000                      0                23424        0.043        0.000                      0                23424        0.264        0.000                       0                  7379  


All user specified timing constraints are met.


------------------------------------------------------------------------------------------------
| Clock Summary
| -------------
------------------------------------------------------------------------------------------------

Clock         Waveform(ns)         Period(ns)      Frequency(MHz)
-----         ------------         ----------      --------------
clk_fpga_0    {0.000 5.000}        10.000          100.000         
eth_rxc       {0.000 4.000}        8.000           125.000         
sys_clk       {0.000 10.000}       20.000          50.000          
  clkfbout    {0.000 10.000}       20.000          50.000          
  clkfbout_1  {0.000 10.000}       20.000          50.000          
  clkout0_1   {0.000 10.000}       20.000          50.000          
  clkout1_1   {0.000 2.000}        4.000           250.000         
  clkout2     {0.000 2.500}        5.000           200.000         


------------------------------------------------------------------------------------------------
| Intra Clock Table
| -----------------
------------------------------------------------------------------------------------------------

Clock             WNS(ns)      TNS(ns)  TNS Failing Endpoints  TNS Total Endpoints      WHS(ns)      THS(ns)  THS Failing Endpoints  THS Total Endpoints     WPWS(ns)     TPWS(ns)  TPWS Failing Endpoints  TPWS Total Endpoints  
-----             -------      -------  ---------------------  -------------------      -------      -------  ---------------------  -------------------     --------     --------  ----------------------  --------------------  
clk_fpga_0          1.261        0.000                      0                13889        0.043        0.000                      0                13889        3.870        0.000                       0                  3457  
eth_rxc             0.676        0.000                      0                 4647        0.046        0.000                      0                 4647        3.500        0.000                       0                  2442  
sys_clk            15.065        0.000                      0                  199        0.175        0.000                      0                  199        7.000        0.000                       0                   156  
  clkfbout                                                                                                                                                     18.408        0.000                       0                     3  
  clkfbout_1                                                                                                                                                   18.408        0.000                       0                     3  
  clkout0_1         0.598        0.000                      0                 4651        0.071        0.000                      0                 4651        8.870        0.000                       0                  1305  
  clkout1_1                                                                                                                                                     2.408        0.000                       0                    10  
  clkout2                                                                                                                                                       0.264        0.000                       0                     3  


------------------------------------------------------------------------------------------------
| Inter Clock Table
| -----------------
------------------------------------------------------------------------------------------------

From Clock    To Clock          WNS(ns)      TNS(ns)  TNS Failing Endpoints  TNS Total Endpoints      WHS(ns)      THS(ns)  THS Failing Endpoints  THS Total Endpoints  
----------    --------          -------      -------  ---------------------  -------------------      -------      -------  ---------------------  -------------------  
clkout0_1     sys_clk            17.088        0.000                      0                    1        0.379        0.000                      0                    1  
sys_clk       clkout0_1           7.090        0.000                      0                  152        0.326        0.000                      0                  152  


------------------------------------------------------------------------------------------------
| Other Path Groups Table
| -----------------------
------------------------------------------------------------------------------------------------

Path Group    From Clock    To Clock          WNS(ns)      TNS(ns)  TNS Failing Endpoints  TNS Total Endpoints      WHS(ns)      THS(ns)  THS Failing Endpoints  THS Total Endpoints  
----------    ----------    --------          -------      -------  ---------------------  -------------------      -------      -------  ---------------------  -------------------  


------------------------------------------------------------------------------------------------
| Timing Details
| --------------
------------------------------------------------------------------------------------------------


---------------------------------------------------------------------------------------------------
From Clock:  clk_fpga_0
  To Clock:  clk_fpga_0

Setup :            0  Failing Endpoints,  Worst Slack        1.261ns,  Total Violation        0.000ns
Hold  :            0  Failing Endpoints,  Worst Slack        0.043ns,  Total Violation        0.000ns
PW    :            0  Failing Endpoints,  Worst Slack        3.870ns,  Total Violation        0.000ns
---------------------------------------------------------------------------------------------------


Max Delay Paths
--------------------------------------------------------------------------------------
Slack (MET) :             1.261ns  (required time - arrival time)
  Source:                 u_pl/em2_reg/C
                            (rising edge-triggered cell FDCE clocked by clk_fpga_0  {rise@0.000ns fall@5.000ns period=10.000ns})
  Destination:            u_pl/u_fb/lo_reg_0_39/ADDRARDADDR[1]
                            (rising edge-triggered cell RAMB36E1 clocked by clk_fpga_0  {rise@0.000ns fall@5.000ns period=10.000ns})
  Path Group:             clk_fpga_0
  Path Type:              Setup (Max at Slow Process Corner)
  Requirement:            10.000ns  (clk_fpga_0 rise@10.000ns - clk_fpga_0 rise@0.000ns)
  Data Path Delay:        8.073ns  (logic 0.633ns (7.841%)  route 7.440ns (92.159%))
  Logic Levels:           1  (LUT3=1)
  Clock Path Skew:        -0.022ns (DCD - SCD + CPR)
    Destination Clock Delay (DCD):    2.348ns = ( 12.348 - 10.000 ) 
    Source Clock Delay      (SCD):    2.466ns
    Clock Pessimism Removal (CPR):    0.097ns
  Clock Uncertainty:      0.154ns  ((TSJ^2 + TIJ^2)^1/2 + DJ) / 2 + PE
    Total System Jitter     (TSJ):    0.071ns
    Total Input Jitter      (TIJ):    0.300ns
    Discrete Jitter          (DJ):    0.000ns
    Phase Error              (PE):    0.000ns

    Location             Delay type                Incr(ns)  Path(ns)    Netlist Resource(s)
  -------------------------------------------------------------------    -------------------
                         (clock clk_fpga_0 rise edge)
                                                      0.000     0.000 r  
    PS7_X0Y0             PS7                          0.000     0.000 r  u_bd/design_1_i/processing_system7_0/inst/PS7_i/FCLKCLK[0]
                         net (fo=1, routed)           0.994     0.994    u_bd/design_1_i/processing_system7_0/inst/FCLK_CLK_unbuffered[0]
    BUFGCTRL_X0Y16       BUFG (Prop_bufg_I_O)         0.085     1.079 r  u_bd/design_1_i/processing_system7_0/inst/buffer_fclk_clk_0.FCLK_CLK_0_BUFG/O
                         net (fo=3458, routed)        1.387     2.466    u_pl/FCLK_CLK0
    SLICE_X32Y62         FDCE                                         r  u_pl/em2_reg/C
  -------------------------------------------------------------------    -------------------
    SLICE_X32Y62         FDCE (Prop_fdce_C_Q)         0.398     2.864 r  u_pl/em2_reg/Q
                         net (fo=325, routed)         2.360     5.224    u_pl/u_row/out
    SLICE_X48Y48         LUT3 (Prop_lut3_I2_O)        0.235     5.459 r  u_pl/u_row/lo_reg_0_4_i_10/O
                         net (fo=20, routed)          5.081    10.539    u_pl/u_fb/lo_reg_0_0_0[1]
    RAMB36_X0Y1          RAMB36E1                                     r  u_pl/u_fb/lo_reg_0_39/ADDRARDADDR[1]
  -------------------------------------------------------------------    -------------------

                         (clock clk_fpga_0 rise edge)
                                                     10.000    10.000 r  
    PS7_X0Y0             PS7                          0.000    10.000 r  u_bd/design_1_i/processing_system7_0/inst/PS7_i/FCLKCLK[0]
                         net (fo=1, routed)           0.905    10.906    u_bd/design_1_i/processing_system7_0/inst/FCLK_CLK_unbuffered[0]
    BUFGCTRL_X0Y16       BUFG (Prop_bufg_I_O)         0.077    10.983 r  u_bd/design_1_i/processing_system7_0/inst/buffer_fclk_clk_0.FCLK_CLK_0_BUFG/O
                         net (fo=3458, routed)        1.365    12.348    u_pl/u_fb/FCLK_CLK0
    RAMB36_X0Y1          RAMB36E1                                     r  u_pl/u_fb/lo_reg_0_39/CLKARDCLK
                         clock pessimism              0.097    12.444    
                         clock uncertainty           -0.154    12.290    
    RAMB36_X0Y1          RAMB36E1 (Setup_ramb36e1_CLKARDCLK_ADDRARDADDR[1])
                                                     -0.490    11.800    u_pl/u_fb/lo_reg_0_39
  -------------------------------------------------------------------
                         required time                         11.800    
                         arrival time                         -10.539    
  -------------------------------------------------------------------
                         slack                                  1.261    





Min Delay Paths
--------------------------------------------------------------------------------------
Slack (MET) :             0.043ns  (arrival time - required time)
  Source:                 u_bd/design_1_i/axi_gp0_ic/s00_couplers/auto_pc/inst/gen_axilite.gen_b2s_conv.axilite_b2s/RD.r_channel_0/r_arid_r_reg[8]/C
                            (rising edge-triggered cell FDRE clocked by clk_fpga_0  {rise@0.000ns fall@5.000ns period=10.000ns})
  Destination:            u_bd/design_1_i/axi_gp0_ic/s00_couplers/auto_pc/inst/gen_axilite.gen_b2s_conv.axilite_b2s/RD.r_channel_0/transaction_fifo_0/memory_reg[31][9]_srl32/D
                            (rising edge-triggered cell SRLC32E clocked by clk_fpga_0  {rise@0.000ns fall@5.000ns period=10.000ns})
  Path Group:             clk_fpga_0
  Path Type:              Hold (Min at Fast Process Corner)
  Requirement:            0.000ns  (clk_fpga_0 rise@0.000ns - clk_fpga_0 rise@0.000ns)
  Data Path Delay:        0.242ns  (logic 0.141ns (58.155%)  route 0.101ns (41.845%))
  Logic Levels:           0  
  Clock Path Skew:        0.016ns (DCD - SCD - CPR)
    Destination Clock Delay (DCD):    1.209ns
    Source Clock Delay      (SCD):    0.911ns
    Clock Pessimism Removal (CPR):    0.282ns

    Location             Delay type                Incr(ns)  Path(ns)    Netlist Resource(s)
  -------------------------------------------------------------------    -------------------
                         (clock clk_fpga_0 rise edge)
                                                      0.000     0.000 r  
    PS7_X0Y0             PS7                          0.000     0.000 r  u_bd/design_1_i/processing_system7_0/inst/PS7_i/FCLKCLK[0]
                         net (fo=1, routed)           0.310     0.310    u_bd/design_1_i/processing_system7_0/inst/FCLK_CLK_unbuffered[0]
    BUFGCTRL_X0Y16       BUFG (Prop_bufg_I_O)         0.026     0.336 r  u_bd/design_1_i/processing_system7_0/inst/buffer_fclk_clk_0.FCLK_CLK_0_BUFG/O
                         net (fo=3458, routed)        0.575     0.911    u_bd/design_1_i/axi_gp0_ic/s00_couplers/auto_pc/inst/gen_axilite.gen_b2s_conv.axilite_b2s/RD.r_channel_0/aclk
    SLICE_X28Y90         FDRE                                         r  u_bd/design_1_i/axi_gp0_ic/s00_couplers/auto_pc/inst/gen_axilite.gen_b2s_conv.axilite_b2s/RD.r_channel_0/r_arid_r_reg[8]/C
  -------------------------------------------------------------------    -------------------
    SLICE_X28Y90         FDRE (Prop_fdre_C_Q)         0.141     1.052 r  u_bd/design_1_i/axi_gp0_ic/s00_couplers/auto_pc/inst/gen_axilite.gen_b2s_conv.axilite_b2s/RD.r_channel_0/r_arid_r_reg[8]/Q
                         net (fo=1, routed)           0.101     1.153    u_bd/design_1_i/axi_gp0_ic/s00_couplers/auto_pc/inst/gen_axilite.gen_b2s_conv.axilite_b2s/RD.r_channel_0/transaction_fifo_0/in[9]
    SLICE_X30Y91         SRLC32E                                      r  u_bd/design_1_i/axi_gp0_ic/s00_couplers/auto_pc/inst/gen_axilite.gen_b2s_conv.axilite_b2s/RD.r_channel_0/transaction_fifo_0/memory_reg[31][9]_srl32/D
  -------------------------------------------------------------------    -------------------

                         (clock clk_fpga_0 rise edge)
                                                      0.000     0.000 r  
    PS7_X0Y0             PS7                          0.000     0.000 r  u_bd/design_1_i/processing_system7_0/inst/PS7_i/FCLKCLK[0]
                         net (fo=1, routed)           0.337     0.337    u_bd/design_1_i/processing_system7_0/inst/FCLK_CLK_unbuffered[0]
    BUFGCTRL_X0Y16       BUFG (Prop_bufg_I_O)         0.029     0.366 r  u_bd/design_1_i/processing_system7_0/inst/buffer_fclk_clk_0.FCLK_CLK_0_BUFG/O
                         net (fo=3458, routed)        0.843     1.209    u_bd/design_1_i/axi_gp0_ic/s00_couplers/auto_pc/inst/gen_axilite.gen_b2s_conv.axilite_b2s/RD.r_channel_0/transaction_fifo_0/aclk
    SLICE_X30Y91         SRLC32E                                      r  u_bd/design_1_i/axi_gp0_ic/s00_couplers/auto_pc/inst/gen_axilite.gen_b2s_conv.axilite_b2s/RD.r_channel_0/transaction_fifo_0/memory_reg[31][9]_srl32/CLK
                         clock pessimism             -0.282     0.927    
    SLICE_X30Y91         SRLC32E (Hold_srlc32e_CLK_D)
                                                      0.183     1.110    u_bd/design_1_i/axi_gp0_ic/s00_couplers/auto_pc/inst/gen_axilite.gen_b2s_conv.axilite_b2s/RD.r_channel_0/transaction_fifo_0/memory_reg[31][9]_srl32
  -------------------------------------------------------------------
                         required time                         -1.110    
                         arrival time                           1.153    
  -------------------------------------------------------------------
                         slack                                  0.043    





Pulse Width Checks
--------------------------------------------------------------------------------------
Clock Name:         clk_fpga_0
Waveform(ns):       { 0.000 5.000 }
Period(ns):         10.000
Sources:            { u_bd/design_1_i/processing_system7_0/inst/PS7_i/FCLKCLK[0] }

Check Type        Corner  Lib Pin             Reference Pin  Required(ns)  Actual(ns)  Slack(ns)  Location      Pin
Min Period        n/a     RAMB36E1/CLKBWRCLK  n/a            2.170         10.000      7.830      RAMB36_X2Y9   u_eth/u_cdc/mem_reg_0/CLKBWRCLK
Low Pulse Width   Slow    RAMD64E/CLK         n/a            1.130         5.000       3.870      SLICE_X22Y30  u_eth/u_saver/q_addr_reg_0_63_12_14/RAMA/CLK
High Pulse Width  Slow    RAMD64E/CLK         n/a            1.130         5.000       3.870      SLICE_X22Y30  u_eth/u_saver/q_addr_reg_0_63_12_14/RAMA/CLK



---------------------------------------------------------------------------------------------------
From Clock:  eth_rxc
  To Clock:  eth_rxc

Setup :            0  Failing Endpoints,  Worst Slack        0.676ns,  Total Violation        0.000ns
Hold  :            0  Failing Endpoints,  Worst Slack        0.046ns,  Total Violation        0.000ns
PW    :            0  Failing Endpoints,  Worst Slack        3.500ns,  Total Violation        0.000ns
---------------------------------------------------------------------------------------------------


Max Delay Paths
--------------------------------------------------------------------------------------
Slack (MET) :             0.676ns  (required time - arrival time)
  Source:                 u_eth/u_lm/ms32_reg[0]/C
                            (rising edge-triggered cell FDCE clocked by eth_rxc  {rise@0.000ns fall@4.000ns period=8.000ns})
  Destination:            u_eth/u_lm/gap_max_reg[12]/CE
                            (rising edge-triggered cell FDCE clocked by eth_rxc  {rise@0.000ns fall@4.000ns period=8.000ns})
  Path Group:             eth_rxc
  Path Type:              Setup (Max at Slow Process Corner)
  Requirement:            8.000ns  (eth_rxc rise@8.000ns - eth_rxc rise@0.000ns)
  Data Path Delay:        6.901ns  (logic 2.832ns (41.037%)  route 4.069ns (58.963%))
  Logic Levels:           14  (CARRY4=8 LUT2=1 LUT4=1 LUT5=3 LUT6=1)
  Clock Path Skew:        -0.051ns (DCD - SCD + CPR)
    Destination Clock Delay (DCD):    4.368ns = ( 12.368 - 8.000 ) 
    Source Clock Delay      (SCD):    4.761ns
    Clock Pessimism Removal (CPR):    0.342ns
  Clock Uncertainty:      0.035ns  ((TSJ^2 + TIJ^2)^1/2 + DJ) / 2 + PE
    Total System Jitter     (TSJ):    0.071ns
    Total Input Jitter      (TIJ):    0.000ns
    Discrete Jitter          (DJ):    0.000ns
    Phase Error              (PE):    0.000ns

    Location             Delay type                Incr(ns)  Path(ns)    Netlist Resource(s)
  -------------------------------------------------------------------    -------------------
                         (clock eth_rxc rise edge)    0.000     0.000 r  
    Y19                                               0.000     0.000 r  eth_rxc (IN)
                         net (fo=0)                   0.000     0.000    eth_rxc
    Y19                  IBUF (Prop_ibuf_I_O)         1.430     1.430 r  eth_rxc_IBUF_inst/O
                         net (fo=2, routed)           1.873     3.303    u_eth/u_rgmii/u_rgmii_rx/rgmii_rxc
    BUFGCTRL_X0Y0        BUFG (Prop_bufg_I_O)         0.085     3.388 r  u_eth/u_rgmii/u_rgmii_rx/BUFG_inst/O
                         net (fo=2436, routed)        1.373     4.761    u_eth/u_lm/gmii_rx_clk
    SLICE_X42Y75         FDCE                                         r  u_eth/u_lm/ms32_reg[0]/C
  -------------------------------------------------------------------    -------------------
    SLICE_X42Y75         FDCE (Prop_fdce_C_Q)         0.433     5.194 r  u_eth/u_lm/ms32_reg[0]/Q
                         net (fo=4, routed)           0.630     5.824    u_eth/u_lm/ms32_reg[0]
    SLICE_X43Y75         LUT2 (Prop_lut2_I0_O)        0.105     5.929 r  u_eth/u_lm/gap_min[3]_i_6/O
                         net (fo=1, routed)           0.000     5.929    u_eth/u_lm/gap_min[3]_i_6_n_0
    SLICE_X43Y75         CARRY4 (Prop_carry4_S[0]_CO[3])
                                                      0.440     6.369 r  u_eth/u_lm/gap_min_reg[3]_i_2/CO[3]
                         net (fo=1, routed)           0.000     6.369    u_eth/u_lm/gap_min_reg[3]_i_2_n_0
    SLICE_X43Y76         CARRY4 (Prop_carry4_CI_CO[3])
                                                      0.098     6.467 r  u_eth/u_lm/gap_min_reg[7]_i_2/CO[3]
                         net (fo=1, routed)           0.000     6.467    u_eth/u_lm/gap_min_reg[7]_i_2_n_0
    SLICE_X43Y77         CARRY4 (Prop_carry4_CI_CO[3])
                                                      0.098     6.565 r  u_eth/u_lm/gap_min_reg[11]_i_2/CO[3]
                         net (fo=1, routed)           0.000     6.565    u_eth/u_lm/gap_min_reg[11]_i_2_n_0
    SLICE_X43Y78         CARRY4 (Prop_carry4_CI_CO[3])
                                                      0.098     6.663 r  u_eth/u_lm/gap_min_reg[15]_i_4/CO[3]
                         net (fo=1, routed)           0.000     6.663    u_eth/u_lm/gap_min_reg[15]_i_4_n_0
    SLICE_X43Y79         CARRY4 (Prop_carry4_CI_CO[3])
                                                      0.098     6.761 r  u_eth/u_lm/gap_min_reg[15]_i_20/CO[3]
                         net (fo=1, routed)           0.000     6.761    u_eth/u_lm/gap_min_reg[15]_i_20_n_0
    SLICE_X43Y80         CARRY4 (Prop_carry4_CI_O[3])
                                                      0.260     7.021 r  u_eth/u_lm/gap_min_reg[15]_i_22/O[3]
                         net (fo=1, routed)           0.737     7.758    u_eth/u_lm/gap_min_reg[15]_i_22_n_4
    SLICE_X44Y81         LUT4 (Prop_lut4_I2_O)        0.257     8.015 r  u_eth/u_lm/gap_min[15]_i_49/O
                         net (fo=1, routed)           0.374     8.389    u_eth/u_lm/gap_min[15]_i_49_n_0
    SLICE_X44Y81         LUT5 (Prop_lut5_I4_O)        0.105     8.494 r  u_eth/u_lm/gap_min[15]_i_24/O
                         net (fo=1, routed)           0.353     8.847    u_eth/u_lm/gap_min[15]_i_24_n_0
    SLICE_X44Y81         LUT6 (Prop_lut6_I5_O)        0.105     8.952 r  u_eth/u_lm/gap_min[15]_i_5/O
                         net (fo=96, routed)          0.710     9.662    u_eth/u_lm/gap_min[15]_i_5_n_0
    SLICE_X38Y76         LUT5 (Prop_lut5_I1_O)        0.105     9.767 r  u_eth/u_lm/gap_max[15]_i_20/O
                         net (fo=1, routed)           0.000     9.767    u_eth/u_lm/gap_max[15]_i_20_n_0
    SLICE_X38Y76         CARRY4 (Prop_carry4_S[0]_CO[3])
                                                      0.423    10.190 r  u_eth/u_lm/gap_max_reg[15]_i_4/CO[3]
                         net (fo=1, routed)           0.000    10.190    u_eth/u_lm/gap_max_reg[15]_i_4_n_0
    SLICE_X38Y77         CARRY4 (Prop_carry4_CI_CO[3])
                                                      0.100    10.290 r  u_eth/u_lm/gap_max_reg[15]_i_3/CO[3]
                         net (fo=17, routed)          0.793    11.083    u_eth/u_lm/gap_max_reg[15]_i_3_n_0
    SLICE_X39Y78         LUT5 (Prop_lut5_I0_O)        0.107    11.190 r  u_eth/u_lm/gap_max[15]_i_1/O
                         net (fo=16, routed)          0.472    11.662    u_eth/u_lm/gap_max[15]_i_1_n_0
    SLICE_X39Y78         FDCE                                         r  u_eth/u_lm/gap_max_reg[12]/CE
  -------------------------------------------------------------------    -------------------

                         (clock eth_rxc rise edge)    8.000     8.000 r  
    Y19                                               0.000     8.000 r  eth_rxc (IN)
                         net (fo=0)                   0.000     8.000    eth_rxc
    Y19                  IBUF (Prop_ibuf_I_O)         1.364     9.364 r  eth_rxc_IBUF_inst/O
                         net (fo=2, routed)           1.701    11.065    u_eth/u_rgmii/u_rgmii_rx/rgmii_rxc
    BUFGCTRL_X0Y0        BUFG (Prop_bufg_I_O)         0.077    11.142 r  u_eth/u_rgmii/u_rgmii_rx/BUFG_inst/O
                         net (fo=2436, routed)        1.226    12.368    u_eth/u_lm/gmii_rx_clk
    SLICE_X39Y78         FDCE                                         r  u_eth/u_lm/gap_max_reg[12]/C
                         clock pessimism              0.342    12.710    
                         clock uncertainty           -0.035    12.674    
    SLICE_X39Y78         FDCE (Setup_fdce_C_CE)      -0.337    12.337    u_eth/u_lm/gap_max_reg[12]
  -------------------------------------------------------------------
                         required time                         12.337    
                         arrival time                         -11.662    
  -------------------------------------------------------------------
                         slack                                  0.676    





Min Delay Paths
--------------------------------------------------------------------------------------
Slack (MET) :             0.046ns  (arrival time - required time)
  Source:                 u_eth/u_rgmii/u_rgmii_rx/rxdata_bus[1].u_iddr_rxd/C
                            (rising edge-triggered cell IDDR clocked by eth_rxc  {rise@0.000ns fall@4.000ns period=8.000ns})
  Destination:            u_eth/u_arp/u_arp_rx/src_ip_t_reg[1]/D
                            (rising edge-triggered cell FDCE clocked by eth_rxc  {rise@0.000ns fall@4.000ns period=8.000ns})
  Path Group:             eth_rxc
  Path Type:              Hold (Min at Slow Process Corner)
  Requirement:            0.000ns  (eth_rxc rise@0.000ns - eth_rxc rise@0.000ns)
  Data Path Delay:        1.938ns  (logic 0.516ns (26.625%)  route 1.422ns (73.375%))
  Logic Levels:           1  (LUT5=1)
  Clock Path Skew:        1.672ns (DCD - SCD - CPR)
    Destination Clock Delay (DCD):    4.912ns
    Source Clock Delay      (SCD):    3.173ns
    Clock Pessimism Removal (CPR):    0.066ns

    Location             Delay type                Incr(ns)  Path(ns)    Netlist Resource(s)
  -------------------------------------------------------------------    -------------------
                         (clock eth_rxc rise edge)    0.000     0.000 r  
    Y19                                               0.000     0.000 r  eth_rxc (IN)
                         net (fo=0)                   0.000     0.000    eth_rxc
    Y19                  IBUF (Prop_ibuf_I_O)         1.364     1.364 r  eth_rxc_IBUF_inst/O
                         net (fo=2, routed)           0.341     1.705    u_eth/u_rgmii/u_rgmii_rx/rgmii_rxc
    BUFIO_X1Y3           BUFIO (Prop_bufio_I_O)       1.223     2.928 r  u_eth/u_rgmii/u_rgmii_rx/BUFIO_inst/O
                         net (fo=5, routed)           0.246     3.173    u_eth/u_rgmii/u_rgmii_rx/rgmii_rxc_bufio
    ILOGIC_X1Y41         IDDR                                         r  u_eth/u_rgmii/u_rgmii_rx/rxdata_bus[1].u_iddr_rxd/C
  -------------------------------------------------------------------    -------------------
    ILOGIC_X1Y41         IDDR (Prop_iddr_C_Q1)        0.389     3.562 r  u_eth/u_rgmii/u_rgmii_rx/rxdata_bus[1].u_iddr_rxd/Q1
                         net (fo=40, routed)          1.422     4.984    u_eth/u_arp/u_arp_rx/gmii_rxd[1]
    SLICE_X105Y43        LUT5 (Prop_lut5_I0_O)        0.127     5.111 r  u_eth/u_arp/u_arp_rx/src_ip_t[1]_i_1/O
                         net (fo=1, routed)           0.000     5.111    u_eth/u_arp/u_arp_rx/src_ip_t[1]_i_1_n_0
    SLICE_X105Y43        FDCE                                         r  u_eth/u_arp/u_arp_rx/src_ip_t_reg[1]/D
  -------------------------------------------------------------------    -------------------

                         (clock eth_rxc rise edge)    0.000     0.000 r  
    Y19                                               0.000     0.000 r  eth_rxc (IN)
                         net (fo=0)                   0.000     0.000    eth_rxc
    Y19                  IBUF (Prop_ibuf_I_O)         1.430     1.430 r  eth_rxc_IBUF_inst/O
                         net (fo=2, routed)           1.873     3.303    u_eth/u_rgmii/u_rgmii_rx/rgmii_rxc
    BUFGCTRL_X0Y0        BUFG (Prop_bufg_I_O)         0.085     3.388 r  u_eth/u_rgmii/u_rgmii_rx/BUFG_inst/O
                         net (fo=2436, routed)        1.524     4.912    u_eth/u_arp/u_arp_rx/gmii_rx_clk
    SLICE_X105Y43        FDCE                                         r  u_eth/u_arp/u_arp_rx/src_ip_t_reg[1]/C
                         clock pessimism             -0.066     4.846    
    SLICE_X105Y43        FDCE (Hold_fdce_C_D)         0.220     5.066    u_eth/u_arp/u_arp_rx/src_ip_t_reg[1]
  -------------------------------------------------------------------
                         required time                         -5.066    
                         arrival time                           5.111    
  -------------------------------------------------------------------
                         slack                                  0.046    





Pulse Width Checks
--------------------------------------------------------------------------------------
Clock Name:         eth_rxc
Waveform(ns):       { 0.000 4.000 }
Period(ns):         8.000
Sources:            { eth_rxc }

Check Type        Corner  Lib Pin             Reference Pin  Required(ns)  Actual(ns)  Slack(ns)  Location      Pin
Min Period        n/a     RAMB18E1/CLKARDCLK  n/a            2.472         8.000       5.528      RAMB18_X5Y8   u_eth/u_icmp_fifo/mem_reg/CLKARDCLK
Low Pulse Width   Slow    FDCE/C              n/a            0.500         4.000       3.500      SLICE_X32Y31  u_eth/flush_pend_reg/C
High Pulse Width  Slow    FDCE/C              n/a            0.500         4.000       3.500      SLICE_X32Y31  u_eth/flush_pend_reg/C



---------------------------------------------------------------------------------------------------
From Clock:  sys_clk
  To Clock:  sys_clk

Setup :            0  Failing Endpoints,  Worst Slack       15.065ns,  Total Violation        0.000ns
Hold  :            0  Failing Endpoints,  Worst Slack        0.175ns,  Total Violation        0.000ns
PW    :            0  Failing Endpoints,  Worst Slack        7.000ns,  Total Violation        0.000ns
---------------------------------------------------------------------------------------------------


Max Delay Paths
--------------------------------------------------------------------------------------
Slack (MET) :             15.065ns  (required time - arrival time)
  Source:                 u_pl/sec_div_reg[18]/C
                            (rising edge-triggered cell FDCE clocked by sys_clk  {rise@0.000ns fall@10.000ns period=20.000ns})
  Destination:            u_pl/fps_acc_reg[1]/CE
                            (rising edge-triggered cell FDCE clocked by sys_clk  {rise@0.000ns fall@10.000ns period=20.000ns})
  Path Group:             sys_clk
  Path Type:              Setup (Max at Slow Process Corner)
  Requirement:            20.000ns  (sys_clk rise@20.000ns - sys_clk rise@0.000ns)
  Data Path Delay:        4.674ns  (logic 0.904ns (19.340%)  route 3.770ns (80.660%))
  Logic Levels:           5  (LUT3=1 LUT4=1 LUT5=1 LUT6=2)
  Clock Path Skew:        -0.057ns (DCD - SCD + CPR)
    Destination Clock Delay (DCD):    4.358ns = ( 24.358 - 20.000 ) 
    Source Clock Delay      (SCD):    4.757ns
    Clock Pessimism Removal (CPR):    0.342ns
  Clock Uncertainty:      0.035ns  ((TSJ^2 + TIJ^2)^1/2 + DJ) / 2 + PE
    Total System Jitter     (TSJ):    0.071ns
    Total Input Jitter      (TIJ):    0.000ns
    Discrete Jitter          (DJ):    0.000ns
    Phase Error              (PE):    0.000ns

    Location             Delay type                Incr(ns)  Path(ns)    Netlist Resource(s)
  -------------------------------------------------------------------    -------------------
                         (clock sys_clk rise edge)    0.000     0.000 r  
    W17                                               0.000     0.000 r  sys_clk (IN)
                         net (fo=0)                   0.000     0.000    sys_clk
    W17                  IBUF (Prop_ibuf_I_O)         1.415     1.415 r  sys_clk_IBUF_inst/O
                         net (fo=1, routed)           1.873     3.288    sys_clk_IBUF
    BUFGCTRL_X0Y4        BUFG (Prop_bufg_I_O)         0.085     3.373 r  sys_clk_IBUF_BUFG_inst/O
                         net (fo=155, routed)         1.384     4.757    u_pl/sys_clk_IBUF_BUFG
    SLICE_X49Y63         FDCE                                         r  u_pl/sec_div_reg[18]/C
  -------------------------------------------------------------------    -------------------
    SLICE_X49Y63         FDCE (Prop_fdce_C_Q)         0.379     5.136 f  u_pl/sec_div_reg[18]/Q
                         net (fo=2, routed)           0.675     5.811    u_pl/sec_div_reg_n_0_[18]
    SLICE_X49Y64         LUT4 (Prop_lut4_I1_O)        0.105     5.916 f  u_pl/sec_div[25]_i_8/O
                         net (fo=1, routed)           0.518     6.434    u_pl/sec_div[25]_i_8_n_0
    SLICE_X49Y62         LUT5 (Prop_lut5_I4_O)        0.105     6.539 f  u_pl/sec_div[25]_i_7/O
                         net (fo=1, routed)           0.465     7.004    u_pl/sec_div[25]_i_7_n_0
    SLICE_X49Y60         LUT6 (Prop_lut6_I5_O)        0.105     7.109 f  u_pl/sec_div[25]_i_4/O
                         net (fo=1, routed)           0.313     7.422    u_pl/sec_div[25]_i_4_n_0
    SLICE_X49Y59         LUT6 (Prop_lut6_I0_O)        0.105     7.527 r  u_pl/sec_div[25]_i_2/O
                         net (fo=42, routed)          1.170     8.697    u_pl/fps_q[0]
    SLICE_X49Y65         LUT3 (Prop_lut3_I2_O)        0.105     8.802 r  u_pl/fps_acc[7]_i_1/O
                         net (fo=8, routed)           0.629     9.432    u_pl/fps_acc[0]
    SLICE_X45Y64         FDCE                                         r  u_pl/fps_acc_reg[1]/CE
  -------------------------------------------------------------------    -------------------

                         (clock sys_clk rise edge)   20.000    20.000 r  
    W17                                               0.000    20.000 r  sys_clk (IN)
                         net (fo=0)                   0.000    20.000    sys_clk
    W17                  IBUF (Prop_ibuf_I_O)         1.349    21.349 r  sys_clk_IBUF_inst/O
                         net (fo=1, routed)           1.701    23.050    sys_clk_IBUF
    BUFGCTRL_X0Y4        BUFG (Prop_bufg_I_O)         0.077    23.127 r  sys_clk_IBUF_BUFG_inst/O
                         net (fo=155, routed)         1.231    24.358    u_pl/sys_clk_IBUF_BUFG
    SLICE_X45Y64         FDCE                                         r  u_pl/fps_acc_reg[1]/C
                         clock pessimism              0.342    24.700    
                         clock uncertainty           -0.035    24.665    
    SLICE_X45Y64         FDCE (Setup_fdce_C_CE)      -0.168    24.497    u_pl/fps_acc_reg[1]
  -------------------------------------------------------------------
                         required time                         24.497    
                         arrival time                          -9.432    
  -------------------------------------------------------------------
                         slack                                 15.065    





Min Delay Paths
--------------------------------------------------------------------------------------
Slack (MET) :             0.175ns  (arrival time - required time)
  Source:                 u_pl/fps_acc_reg[1]/C
                            (rising edge-triggered cell FDCE clocked by sys_clk  {rise@0.000ns fall@10.000ns period=20.000ns})
  Destination:            u_pl/fps_q_reg[1]/D
                            (rising edge-triggered cell FDCE clocked by sys_clk  {rise@0.000ns fall@10.000ns period=20.000ns})
  Path Group:             sys_clk
  Path Type:              Hold (Min at Fast Process Corner)
  Requirement:            0.000ns  (sys_clk rise@0.000ns - sys_clk rise@0.000ns)
  Data Path Delay:        0.259ns  (logic 0.141ns (54.352%)  route 0.118ns (45.648%))
  Logic Levels:           0  
  Clock Path Skew:        0.014ns (DCD - SCD - CPR)
    Destination Clock Delay (DCD):    2.020ns
    Source Clock Delay      (SCD):    1.506ns
    Clock Pessimism Removal (CPR):    0.500ns

    Location             Delay type                Incr(ns)  Path(ns)    Netlist Resource(s)
  -------------------------------------------------------------------    -------------------
                         (clock sys_clk rise edge)    0.000     0.000 r  
    W17                                               0.000     0.000 r  sys_clk (IN)
                         net (fo=0)                   0.000     0.000    sys_clk
    W17                  IBUF (Prop_ibuf_I_O)         0.252     0.252 r  sys_clk_IBUF_inst/O
                         net (fo=1, routed)           0.674     0.926    sys_clk_IBUF
    BUFGCTRL_X0Y4        BUFG (Prop_bufg_I_O)         0.026     0.952 r  sys_clk_IBUF_BUFG_inst/O
                         net (fo=155, routed)         0.554     1.506    u_pl/sys_clk_IBUF_BUFG
    SLICE_X45Y64         FDCE                                         r  u_pl/fps_acc_reg[1]/C
  -------------------------------------------------------------------    -------------------
    SLICE_X45Y64         FDCE (Prop_fdce_C_Q)         0.141     1.647 r  u_pl/fps_acc_reg[1]/Q
                         net (fo=2, routed)           0.118     1.765    u_pl/fps_acc_reg_n_0_[1]
    SLICE_X45Y65         FDCE                                         r  u_pl/fps_q_reg[1]/D
  -------------------------------------------------------------------    -------------------

                         (clock sys_clk rise edge)    0.000     0.000 r  
    W17                                               0.000     0.000 r  sys_clk (IN)
                         net (fo=0)                   0.000     0.000    sys_clk
    W17                  IBUF (Prop_ibuf_I_O)         0.440     0.440 r  sys_clk_IBUF_inst/O
                         net (fo=1, routed)           0.731     1.171    sys_clk_IBUF
    BUFGCTRL_X0Y4        BUFG (Prop_bufg_I_O)         0.029     1.200 r  sys_clk_IBUF_BUFG_inst/O
                         net (fo=155, routed)         0.820     2.020    u_pl/sys_clk_IBUF_BUFG
    SLICE_X45Y65         FDCE                                         r  u_pl/fps_q_reg[1]/C
                         clock pessimism             -0.500     1.520    
    SLICE_X45Y65         FDCE (Hold_fdce_C_D)         0.070     1.590    u_pl/fps_q_reg[1]
  -------------------------------------------------------------------
                         required time                         -1.590    
                         arrival time                           1.765    
  -------------------------------------------------------------------
                         slack                                  0.175    





Pulse Width Checks
--------------------------------------------------------------------------------------
Clock Name:         sys_clk
Waveform(ns):       { 0.000 10.000 }
Period(ns):         20.000
Sources:            { sys_clk }

Check Type        Corner  Lib Pin            Reference Pin  Required(ns)  Actual(ns)  Slack(ns)  Location         Pin
Min Period        n/a     BUFG/I             n/a            1.592         20.000      18.408     BUFGCTRL_X0Y4    sys_clk_IBUF_BUFG_inst/I
Max Period        n/a     MMCME2_ADV/CLKIN1  n/a            100.000       20.000      80.000     MMCME2_ADV_X0Y0  u_idelay_clkgen/u_mmcm/CLKIN1
Low Pulse Width   Slow    MMCME2_ADV/CLKIN1  n/a            3.000         10.000      7.000      MMCME2_ADV_X0Y0  u_idelay_clkgen/u_mmcm/CLKIN1
High Pulse Width  Slow    MMCME2_ADV/CLKIN1  n/a            3.000         10.000      7.000      MMCME2_ADV_X0Y0  u_idelay_clkgen/u_mmcm/CLKIN1



---------------------------------------------------------------------------------------------------
From Clock:  clkfbout
  To Clock:  clkfbout

Setup :           NA  Failing Endpoints,  Worst Slack           NA  ,  Total Violation           NA
Hold  :           NA  Failing Endpoints,  Worst Slack           NA  ,  Total Violation           NA
PW    :            0  Failing Endpoints,  Worst Slack       18.408ns,  Total Violation        0.000ns
---------------------------------------------------------------------------------------------------


Pulse Width Checks
--------------------------------------------------------------------------------------
Clock Name:         clkfbout
Waveform(ns):       { 0.000 10.000 }
Period(ns):         20.000
Sources:            { u_idelay_clkgen/u_mmcm/CLKFBOUT }

Check Type  Corner  Lib Pin             Reference Pin  Required(ns)  Actual(ns)  Slack(ns)  Location         Pin
Min Period  n/a     BUFG/I              n/a            1.592         20.000      18.408     BUFGCTRL_X0Y5    u_idelay_clkgen/u_bufg_fb/I
Max Period  n/a     MMCME2_ADV/CLKFBIN  n/a            100.000       20.000      80.000     MMCME2_ADV_X0Y0  u_idelay_clkgen/u_mmcm/CLKFBIN



---------------------------------------------------------------------------------------------------
From Clock:  clkfbout_1
  To Clock:  clkfbout_1

Setup :           NA  Failing Endpoints,  Worst Slack           NA  ,  Total Violation           NA
Hold  :           NA  Failing Endpoints,  Worst Slack           NA  ,  Total Violation           NA
PW    :            0  Failing Endpoints,  Worst Slack       18.408ns,  Total Violation        0.000ns
---------------------------------------------------------------------------------------------------


Pulse Width Checks
--------------------------------------------------------------------------------------
Clock Name:         clkfbout_1
Waveform(ns):       { 0.000 10.000 }
Period(ns):         20.000
Sources:            { u_pl/u_clk/u_mmcm/CLKFBOUT }

Check Type  Corner  Lib Pin             Reference Pin  Required(ns)  Actual(ns)  Slack(ns)  Location         Pin
Min Period  n/a     BUFG/I              n/a            1.592         20.000      18.408     BUFGCTRL_X0Y6    u_pl/u_clk/u_bufg_fb/I
Max Period  n/a     MMCME2_ADV/CLKFBIN  n/a            100.000       20.000      80.000     MMCME2_ADV_X1Y0  u_pl/u_clk/u_mmcm/CLKFBIN



---------------------------------------------------------------------------------------------------
From Clock:  clkout0_1
  To Clock:  clkout0_1

Setup :            0  Failing Endpoints,  Worst Slack        0.598ns,  Total Violation        0.000ns
Hold  :            0  Failing Endpoints,  Worst Slack        0.071ns,  Total Violation        0.000ns
PW    :            0  Failing Endpoints,  Worst Slack        8.870ns,  Total Violation        0.000ns
---------------------------------------------------------------------------------------------------


Max Delay Paths
--------------------------------------------------------------------------------------
Slack (MET) :             0.598ns  (required time - arrival time)
  Source:                 u_pl/x_d_reg[11][4]/C
                            (rising edge-triggered cell FDCE clocked by clkout0_1  {rise@0.000ns fall@10.000ns period=20.000ns})
  Destination:            u_pl/u_osd/b_reg[6]/D
                            (rising edge-triggered cell FDCE clocked by clkout0_1  {rise@0.000ns fall@10.000ns period=20.000ns})
  Path Group:             clkout0_1
  Path Type:              Setup (Max at Slow Process Corner)
  Requirement:            20.000ns  (clkout0_1 rise@20.000ns - clkout0_1 rise@0.000ns)
  Data Path Delay:        19.263ns  (logic 6.506ns (33.775%)  route 12.757ns (66.225%))
  Logic Levels:           27  (CARRY4=10 LUT1=1 LUT2=1 LUT3=2 LUT4=3 LUT5=3 LUT6=7)
  Clock Path Skew:        -0.077ns (DCD - SCD + CPR)
    Destination Clock Delay (DCD):    4.430ns = ( 24.430 - 20.000 ) 
    Source Clock Delay      (SCD):    4.753ns
    Clock Pessimism Removal (CPR):    0.246ns
  Clock Uncertainty:      0.094ns  ((TSJ^2 + DJ^2)^1/2) / 2 + PE
    Total System Jitter     (TSJ):    0.071ns
    Discrete Jitter          (DJ):    0.175ns
    Phase Error              (PE):    0.000ns

    Location             Delay type                Incr(ns)  Path(ns)    Netlist Resource(s)
  -------------------------------------------------------------------    -------------------
                         (clock clkout0_1 rise edge)
                                                      0.000     0.000 r  
    W17                                               0.000     0.000 r  sys_clk (IN)
                         net (fo=0)                   0.000     0.000    sys_clk
    W17                  IBUF (Prop_ibuf_I_O)         1.415     1.415 r  sys_clk_IBUF_inst/O
                         net (fo=1, routed)           1.873     3.288    sys_clk_IBUF
    BUFGCTRL_X0Y4        BUFG (Prop_bufg_I_O)         0.085     3.373 r  sys_clk_IBUF_BUFG_inst/O
                         net (fo=155, routed)         1.550     4.923    u_pl/u_clk/sys_clk_IBUF_BUFG
    MMCME2_ADV_X1Y0      MMCME2_ADV (Prop_mmcme2_adv_CLKIN1_CLKOUT0)
                                                     -3.232     1.691 r  u_pl/u_clk/u_mmcm/CLKOUT0
                         net (fo=1, routed)           1.597     3.288    u_pl/u_clk/clkout0
    BUFGCTRL_X0Y1        BUFG (Prop_bufg_I_O)         0.085     3.373 r  u_pl/u_clk/u_bufg_pix/O
                         net (fo=1306, routed)        1.380     4.753    u_pl/clk_pix
    SLICE_X50Y51         FDCE                                         r  u_pl/x_d_reg[11][4]/C
  -------------------------------------------------------------------    -------------------
    SLICE_X50Y51         FDCE (Prop_fdce_C_Q)         0.398     5.151 f  u_pl/x_d_reg[11][4]/Q
                         net (fo=6, routed)           0.510     5.662    u_pl/u_osd/r[7]_i_13
    SLICE_X49Y55         LUT1 (Prop_lut1_I0_O)        0.235     5.897 r  u_pl/u_osd/r[7]_i_82/O
                         net (fo=1, routed)           0.000     5.897    u_pl/u_osd/r[7]_i_82_n_0
    SLICE_X49Y55         CARRY4 (Prop_carry4_S[1]_CO[3])
                                                      0.457     6.354 r  u_pl/u_osd/r_reg[7]_i_52/CO[3]
                         net (fo=1, routed)           0.000     6.354    u_pl/u_osd/r_reg[7]_i_52_n_0
    SLICE_X49Y56         CARRY4 (Prop_carry4_CI_O[3])
                                                      0.260     6.614 f  u_pl/u_osd/g0_b0_i_195/O[3]
                         net (fo=25, routed)          0.654     7.268    u_pl/u_osd/lx[10]
    SLICE_X48Y58         LUT3 (Prop_lut3_I1_O)        0.257     7.525 r  u_pl/u_osd/g0_b0_i_336/O
                         net (fo=2, routed)           0.504     8.029    u_pl/u_osd/g0_b0_i_336_n_0
    SLICE_X46Y60         CARRY4 (Prop_carry4_DI[3]_CO[3])
                                                      0.327     8.356 r  u_pl/u_osd/g0_b0_i_267/CO[3]
                         net (fo=1, routed)           0.000     8.356    u_pl/u_osd/g0_b0_i_267_n_0
    SLICE_X46Y61         CARRY4 (Prop_carry4_CI_CO[3])
                                                      0.100     8.456 r  u_pl/u_osd/g0_b0_i_243/CO[3]
                         net (fo=1, routed)           0.000     8.456    u_pl/u_osd/g0_b0_i_243_n_0
    SLICE_X46Y62         CARRY4 (Prop_carry4_CI_O[0])
                                                      0.178     8.634 r  u_pl/u_osd/g0_b0_i_242/O[0]
                         net (fo=3, routed)           0.944     9.578    u_pl/u_osd/g0_b0_i_242_n_7
    SLICE_X48Y58         LUT3 (Prop_lut3_I0_O)        0.252     9.830 r  u_pl/u_osd/g0_b0_i_158/O
                         net (fo=1, routed)           0.575    10.406    u_pl/u_osd/g0_b0_i_158_n_0
    SLICE_X44Y61         CARRY4 (Prop_carry4_DI[3]_CO[3])
                                                      0.488    10.894 r  u_pl/u_osd/g0_b0_i_82/CO[3]
                         net (fo=1, routed)           0.000    10.894    u_pl/u_osd/g0_b0_i_82_n_0
    SLICE_X44Y62         CARRY4 (Prop_carry4_CI_O[1])
                                                      0.265    11.159 r  u_pl/u_osd/g0_b0_i_203/O[1]
                         net (fo=3, routed)           0.443    11.601    u_pl/u_osd/g0_b0_i_203_n_6
    SLICE_X43Y62         CARRY4 (Prop_carry4_DI[1]_CO[3])
                                                      0.563    12.164 r  u_pl/u_osd/g0_b0_i_202/CO[3]
                         net (fo=1, routed)           0.000    12.164    u_pl/u_osd/g0_b0_i_202_n_0
    SLICE_X43Y63         CARRY4 (Prop_carry4_CI_O[0])
                                                      0.180    12.344 r  u_pl/u_osd/g0_b0_i_105/O[0]
                         net (fo=16, routed)          0.507    12.852    u_pl/u_osd/g0_b0_i_105_n_7
    SLICE_X42Y62         LUT4 (Prop_lut4_I3_O)        0.249    13.101 r  u_pl/u_osd/g0_b0_i_200/O
                         net (fo=1, routed)           0.000    13.101    u_pl/u_osd/g0_b0_i_200_n_0
    SLICE_X42Y62         CARRY4 (Prop_carry4_S[1]_CO[1])
                                                      0.409    13.510 r  u_pl/u_osd/g0_b0_i_104/CO[1]
                         net (fo=15, routed)          0.501    14.011    u_pl/u_osd/g0_b0_i_104_n_2
    SLICE_X40Y64         LUT4 (Prop_lut4_I1_O)        0.277    14.288 r  u_pl/u_osd/g0_b0_i_122/O
                         net (fo=5, routed)           0.489    14.777    u_pl/u_osd/g0_b0_i_122_n_0
    SLICE_X39Y64         LUT5 (Prop_lut5_I2_O)        0.105    14.882 r  u_pl/u_osd/g0_b0_i_43/O
                         net (fo=7, routed)           0.614    15.496    u_pl/u_osd/g0_b0_i_82_1
    SLICE_X40Y65         LUT6 (Prop_lut6_I1_O)        0.105    15.601 f  u_pl/u_osd/g0_b0_i_12/O
                         net (fo=19, routed)          0.902    16.503    u_pl/u_osd/g0_b0_i_47_0
    SLICE_X40Y66         LUT2 (Prop_lut2_I0_O)        0.105    16.608 f  u_pl/u_osd/g0_b0_i_28/O
                         net (fo=11, routed)          1.076    17.684    u_pl/u_lm_x/g0_b0_i_6
    SLICE_X39Y67         LUT6 (Prop_lut6_I1_O)        0.105    17.789 r  u_pl/u_lm_x/g0_b0_i_39/O
                         net (fo=1, routed)           0.515    18.304    u_pl/u_lm_x/g0_b0_i_39_n_0
    SLICE_X39Y67         LUT6 (Prop_lut6_I3_O)        0.105    18.409 r  u_pl/u_lm_x/g0_b0_i_11/O
                         net (fo=18, routed)          0.694    19.102    u_pl/u_lm_x/g0_b0_i_11_n_0
    SLICE_X45Y63         LUT6 (Prop_lut6_I4_O)        0.105    19.207 r  u_pl/u_lm_x/g0_b0_i_4/O
                         net (fo=31, routed)          0.768    19.975    u_pl/u_lm_x/u_osd/glyph_idx_return[1]
    SLICE_X46Y64         LUT5 (Prop_lut5_I3_O)        0.125    20.100 f  u_pl/u_lm_x/g0_b1__0/O
                         net (fo=1, routed)           0.488    20.588    u_pl/u_lm_x/g0_b1__0_n_0
    SLICE_X49Y63         LUT4 (Prop_lut4_I1_O)        0.264    20.852 f  u_pl/u_lm_x/r[7]_i_86/O
                         net (fo=1, routed)           0.649    21.502    u_pl/u_lm_x/r[7]_i_86_n_0
    SLICE_X49Y64         LUT5 (Prop_lut5_I0_O)        0.115    21.617 f  u_pl/u_lm_x/r[7]_i_65/O
                         net (fo=1, routed)           0.243    21.860    u_pl/u_lm_x/r[7]_i_65_n_0
    SLICE_X50Y64         LUT6 (Prop_lut6_I1_O)        0.267    22.127 f  u_pl/u_lm_x/r[7]_i_27/O
                         net (fo=1, routed)           0.370    22.497    u_pl/u_lm_x/r[7]_i_27_n_0
    SLICE_X51Y64         LUT6 (Prop_lut6_I0_O)        0.105    22.602 f  u_pl/u_lm_x/r[7]_i_6__0/O
                         net (fo=19, routed)          1.309    23.911    u_pl/u_lm_x/r[7]_i_6__0_n_0
    SLICE_X63Y44         LUT6 (Prop_lut6_I5_O)        0.105    24.016 r  u_pl/u_lm_x/b[6]_i_1__0/O
                         net (fo=1, routed)           0.000    24.016    u_pl/u_osd/b_reg[7]_0[4]
    SLICE_X63Y44         FDCE                                         r  u_pl/u_osd/b_reg[6]/D
  -------------------------------------------------------------------    -------------------

                         (clock clkout0_1 rise edge)
                                                     20.000    20.000 r  
    W17                                               0.000    20.000 r  sys_clk (IN)
                         net (fo=0)                   0.000    20.000    sys_clk
    W17                  IBUF (Prop_ibuf_I_O)         1.349    21.349 r  sys_clk_IBUF_inst/O
                         net (fo=1, routed)           1.701    23.050    sys_clk_IBUF
    BUFGCTRL_X0Y4        BUFG (Prop_bufg_I_O)         0.077    23.127 r  sys_clk_IBUF_BUFG_inst/O
                         net (fo=155, routed)         1.384    24.511    u_pl/u_clk/sys_clk_IBUF_BUFG
    MMCME2_ADV_X1Y0      MMCME2_ADV (Prop_mmcme2_adv_CLKIN1_CLKOUT0)
                                                     -2.915    21.596 r  u_pl/u_clk/u_mmcm/CLKOUT0
                         net (fo=1, routed)           1.454    23.050    u_pl/u_clk/clkout0
    BUFGCTRL_X0Y1        BUFG (Prop_bufg_I_O)         0.077    23.127 r  u_pl/u_clk/u_bufg_pix/O
                         net (fo=1306, routed)        1.303    24.430    u_pl/u_osd/clk_pix
    SLICE_X63Y44         FDCE                                         r  u_pl/u_osd/b_reg[6]/C
                         clock pessimism              0.246    24.676    
                         clock uncertainty           -0.094    24.582    
    SLICE_X63Y44         FDCE (Setup_fdce_C_D)        0.032    24.614    u_pl/u_osd/b_reg[6]
  -------------------------------------------------------------------
                         required time                         24.614    
                         arrival time                         -24.016    
  -------------------------------------------------------------------
                         slack                                  0.598    





Min Delay Paths
--------------------------------------------------------------------------------------
Slack (MET) :             0.071ns  (arrival time - required time)
  Source:                 u_pl/u_pipe/u_bin/dout_reg[15]/C
                            (rising edge-triggered cell FDCE clocked by clkout0_1  {rise@0.000ns fall@10.000ns period=20.000ns})
  Destination:            u_pl/u_pipe/u_blur/lb1_reg_256_511_15_15/RAMS64E_D/I
                            (rising edge-triggered cell RAMS64E clocked by clkout0_1  {rise@0.000ns fall@10.000ns period=20.000ns})
  Path Group:             clkout0_1
  Path Type:              Hold (Min at Fast Process Corner)
  Requirement:            0.000ns  (clkout0_1 rise@0.000ns - clkout0_1 rise@0.000ns)
  Data Path Delay:        0.418ns  (logic 0.128ns (30.600%)  route 0.290ns (69.400%))
  Logic Levels:           0  
  Clock Path Skew:        0.256ns (DCD - SCD - CPR)
    Destination Clock Delay (DCD):    2.016ns
    Source Clock Delay      (SCD):    1.507ns
    Clock Pessimism Removal (CPR):    0.253ns

    Location             Delay type                Incr(ns)  Path(ns)    Netlist Resource(s)
  -------------------------------------------------------------------    -------------------
                         (clock clkout0_1 rise edge)
                                                      0.000     0.000 r  
    W17                                               0.000     0.000 r  sys_clk (IN)
                         net (fo=0)                   0.000     0.000    sys_clk
    W17                  IBUF (Prop_ibuf_I_O)         0.252     0.252 r  sys_clk_IBUF_inst/O
                         net (fo=1, routed)           0.674     0.926    sys_clk_IBUF
    BUFGCTRL_X0Y4        BUFG (Prop_bufg_I_O)         0.026     0.952 r  sys_clk_IBUF_BUFG_inst/O
                         net (fo=155, routed)         0.595     1.547    u_pl/u_clk/sys_clk_IBUF_BUFG
    MMCME2_ADV_X1Y0      MMCME2_ADV (Prop_mmcme2_adv_CLKIN1_CLKOUT0)
                                                     -1.150     0.397 r  u_pl/u_clk/u_mmcm/CLKOUT0
                         net (fo=1, routed)           0.529     0.926    u_pl/u_clk/clkout0
    BUFGCTRL_X0Y1        BUFG (Prop_bufg_I_O)         0.026     0.952 r  u_pl/u_clk/u_bufg_pix/O
                         net (fo=1306, routed)        0.555     1.507    u_pl/u_pipe/u_bin/clk_pix
    SLICE_X48Y35         FDCE                                         r  u_pl/u_pipe/u_bin/dout_reg[15]/C
  -------------------------------------------------------------------    -------------------
    SLICE_X48Y35         FDCE (Prop_fdce_C_Q)         0.128     1.635 r  u_pl/u_pipe/u_bin/dout_reg[15]/Q
                         net (fo=9, routed)           0.290     1.925    u_pl/u_pipe/u_blur/lb1_reg_256_511_15_15/D
    SLICE_X50Y33         RAMS64E                                      r  u_pl/u_pipe/u_blur/lb1_reg_256_511_15_15/RAMS64E_D/I
  -------------------------------------------------------------------    -------------------

                         (clock clkout0_1 rise edge)
                                                      0.000     0.000 r  
    W17                                               0.000     0.000 r  sys_clk (IN)
                         net (fo=0)                   0.000     0.000    sys_clk
    W17                  IBUF (Prop_ibuf_I_O)         0.440     0.440 r  sys_clk_IBUF_inst/O
                         net (fo=1, routed)           0.731     1.171    sys_clk_IBUF
    BUFGCTRL_X0Y4        BUFG (Prop_bufg_I_O)         0.029     1.200 r  sys_clk_IBUF_BUFG_inst/O
                         net (fo=155, routed)         0.862     2.062    u_pl/u_clk/sys_clk_IBUF_BUFG
    MMCME2_ADV_X1Y0      MMCME2_ADV (Prop_mmcme2_adv_CLKIN1_CLKOUT0)
                                                     -1.467     0.595 r  u_pl/u_clk/u_mmcm/CLKOUT0
                         net (fo=1, routed)           0.576     1.171    u_pl/u_clk/clkout0
    BUFGCTRL_X0Y1        BUFG (Prop_bufg_I_O)         0.029     1.200 r  u_pl/u_clk/u_bufg_pix/O
                         net (fo=1306, routed)        0.816     2.016    u_pl/u_pipe/u_blur/lb1_reg_256_511_15_15/WCLK
    SLICE_X50Y33         RAMS64E                                      r  u_pl/u_pipe/u_blur/lb1_reg_256_511_15_15/RAMS64E_D/CLK
                         clock pessimism             -0.253     1.763    
    SLICE_X50Y33         RAMS64E (Hold_rams64e_CLK_I)
                                                      0.091     1.854    u_pl/u_pipe/u_blur/lb1_reg_256_511_15_15/RAMS64E_D
  -------------------------------------------------------------------
                         required time                         -1.854    
                         arrival time                           1.925    
  -------------------------------------------------------------------
                         slack                                  0.071    





Pulse Width Checks
--------------------------------------------------------------------------------------
Clock Name:         clkout0_1
Waveform(ns):       { 0.000 10.000 }
Period(ns):         20.000
Sources:            { u_pl/u_clk/u_mmcm/CLKOUT0 }

Check Type        Corner  Lib Pin             Reference Pin  Required(ns)  Actual(ns)  Slack(ns)  Location         Pin
Min Period        n/a     DSP48E1/CLK         n/a            3.272         20.000      16.728     DSP48_X1Y17      u_pl/u_zmap/yr_m_reg/CLK
Max Period        n/a     MMCME2_ADV/CLKOUT0  n/a            213.360       20.000      193.360    MMCME2_ADV_X1Y0  u_pl/u_clk/u_mmcm/CLKOUT0
Low Pulse Width   Slow    RAMS64E/CLK         n/a            1.130         10.000      8.870      SLICE_X58Y29     u_pl/u_pipe/u_blur/lb1_reg_0_255_0_0/RAMS64E_A/CLK
High Pulse Width  Slow    RAMS64E/CLK         n/a            1.130         10.000      8.870      SLICE_X58Y29     u_pl/u_pipe/u_blur/lb1_reg_0_255_0_0/RAMS64E_A/CLK



---------------------------------------------------------------------------------------------------
From Clock:  clkout1_1
  To Clock:  clkout1_1

Setup :           NA  Failing Endpoints,  Worst Slack           NA  ,  Total Violation           NA
Hold  :           NA  Failing Endpoints,  Worst Slack           NA  ,  Total Violation           NA
PW    :            0  Failing Endpoints,  Worst Slack        2.408ns,  Total Violation        0.000ns
---------------------------------------------------------------------------------------------------


Pulse Width Checks
--------------------------------------------------------------------------------------
Clock Name:         clkout1_1
Waveform(ns):       { 0.000 2.000 }
Period(ns):         4.000
Sources:            { u_pl/u_clk/u_mmcm/CLKOUT1 }

Check Type  Corner  Lib Pin             Reference Pin  Required(ns)  Actual(ns)  Slack(ns)  Location         Pin
Min Period  n/a     BUFG/I              n/a            1.592         4.000       2.408      BUFGCTRL_X0Y2    u_pl/u_clk/u_bufg_5x/I
Max Period  n/a     MMCME2_ADV/CLKOUT1  n/a            213.360       4.000       209.360    MMCME2_ADV_X1Y0  u_pl/u_clk/u_mmcm/CLKOUT1



---------------------------------------------------------------------------------------------------
From Clock:  clkout2
  To Clock:  clkout2

Setup :           NA  Failing Endpoints,  Worst Slack           NA  ,  Total Violation           NA
Hold  :           NA  Failing Endpoints,  Worst Slack           NA  ,  Total Violation           NA
PW    :            0  Failing Endpoints,  Worst Slack        0.264ns,  Total Violation        0.000ns
---------------------------------------------------------------------------------------------------


Pulse Width Checks
--------------------------------------------------------------------------------------
Clock Name:         clkout2
Waveform(ns):       { 0.000 2.500 }
Period(ns):         5.000
Sources:            { u_idelay_clkgen/u_mmcm/CLKOUT2 }

Check Type  Corner  Lib Pin            Reference Pin  Required(ns)  Actual(ns)  Slack(ns)  Location         Pin
Min Period  n/a     IDELAYCTRL/REFCLK  n/a            2.438         5.000       2.562      IDELAYCTRL_X1Y0  u_eth/u_rgmii/u_rgmii_rx/IDELAYCTRL_inst/REFCLK
Max Period  n/a     IDELAYCTRL/REFCLK  n/a            5.264         5.000       0.264      IDELAYCTRL_X1Y0  u_eth/u_rgmii/u_rgmii_rx/IDELAYCTRL_inst/REFCLK



---------------------------------------------------------------------------------------------------
From Clock:  clkout0_1
  To Clock:  sys_clk

Setup :            0  Failing Endpoints,  Worst Slack       17.088ns,  Total Violation        0.000ns
Hold  :            0  Failing Endpoints,  Worst Slack        0.379ns,  Total Violation        0.000ns
---------------------------------------------------------------------------------------------------


Max Delay Paths
--------------------------------------------------------------------------------------
Slack (MET) :             17.088ns  (required time - arrival time)
  Source:                 u_pl/vs_pix_d1_reg/C
                            (rising edge-triggered cell FDRE clocked by clkout0_1  {rise@0.000ns fall@10.000ns period=20.000ns})
  Destination:            u_pl/vt0_reg/D
                            (rising edge-triggered cell FDRE clocked by sys_clk  {rise@0.000ns fall@10.000ns period=20.000ns})
  Path Group:             sys_clk
  Path Type:              Setup (Max at Slow Process Corner)
  Requirement:            20.000ns  (sys_clk rise@20.000ns - clkout0_1 rise@0.000ns)
  Data Path Delay:        2.458ns  (logic 0.484ns (19.690%)  route 1.974ns (80.310%))
  Logic Levels:           1  (LUT2=1)
  Clock Path Skew:        -0.148ns (DCD - SCD + CPR)
    Destination Clock Delay (DCD):    4.358ns = ( 24.358 - 20.000 ) 
    Source Clock Delay      (SCD):    4.752ns
    Clock Pessimism Removal (CPR):    0.246ns
  Clock Uncertainty:      0.259ns  ((TSJ^2 + DJ^2)^1/2) / 2 + PE
    Total System Jitter     (TSJ):    0.071ns
    Discrete Jitter          (DJ):    0.175ns
    Phase Error              (PE):    0.165ns

    Location             Delay type                Incr(ns)  Path(ns)    Netlist Resource(s)
  -------------------------------------------------------------------    -------------------
                         (clock clkout0_1 rise edge)
                                                      0.000     0.000 r  
    W17                                               0.000     0.000 r  sys_clk (IN)
                         net (fo=0)                   0.000     0.000    sys_clk
    W17                  IBUF (Prop_ibuf_I_O)         1.415     1.415 r  sys_clk_IBUF_inst/O
                         net (fo=1, routed)           1.873     3.288    sys_clk_IBUF
    BUFGCTRL_X0Y4        BUFG (Prop_bufg_I_O)         0.085     3.373 r  sys_clk_IBUF_BUFG_inst/O
                         net (fo=155, routed)         1.550     4.923    u_pl/u_clk/sys_clk_IBUF_BUFG
    MMCME2_ADV_X1Y0      MMCME2_ADV (Prop_mmcme2_adv_CLKIN1_CLKOUT0)
                                                     -3.232     1.691 r  u_pl/u_clk/u_mmcm/CLKOUT0
                         net (fo=1, routed)           1.597     3.288    u_pl/u_clk/clkout0
    BUFGCTRL_X0Y1        BUFG (Prop_bufg_I_O)         0.085     3.373 r  u_pl/u_clk/u_bufg_pix/O
                         net (fo=1306, routed)        1.379     4.752    u_pl/clk_pix
    SLICE_X51Y57         FDRE                                         r  u_pl/vs_pix_d1_reg/C
  -------------------------------------------------------------------    -------------------
    SLICE_X51Y57         FDRE (Prop_fdre_C_Q)         0.379     5.131 f  u_pl/vs_pix_d1_reg/Q
                         net (fo=1, routed)           0.926     6.057    u_pl/vs_pix_d1
    SLICE_X50Y57         LUT2 (Prop_lut2_I1_O)        0.105     6.162 r  u_pl/vt0_i_1/O
                         net (fo=1, routed)           1.048     7.210    u_pl/vs_tick
    SLICE_X49Y64         FDRE                                         r  u_pl/vt0_reg/D
  -------------------------------------------------------------------    -------------------

                         (clock sys_clk rise edge)   20.000    20.000 r  
    W17                                               0.000    20.000 r  sys_clk (IN)
                         net (fo=0)                   0.000    20.000    sys_clk
    W17                  IBUF (Prop_ibuf_I_O)         1.349    21.349 r  sys_clk_IBUF_inst/O
                         net (fo=1, routed)           1.701    23.050    sys_clk_IBUF
    BUFGCTRL_X0Y4        BUFG (Prop_bufg_I_O)         0.077    23.127 r  sys_clk_IBUF_BUFG_inst/O
                         net (fo=155, routed)         1.231    24.358    u_pl/sys_clk_IBUF_BUFG
    SLICE_X49Y64         FDRE                                         r  u_pl/vt0_reg/C
                         clock pessimism              0.246    24.604    
                         clock uncertainty           -0.259    24.345    
    SLICE_X49Y64         FDRE (Setup_fdre_C_D)       -0.047    24.298    u_pl/vt0_reg
  -------------------------------------------------------------------
                         required time                         24.298    
                         arrival time                          -7.210    
  -------------------------------------------------------------------
                         slack                                 17.088    





Min Delay Paths
--------------------------------------------------------------------------------------
Slack (MET) :             0.379ns  (arrival time - required time)
  Source:                 u_pl/vs_pix_d0_reg/C
                            (rising edge-triggered cell FDRE clocked by clkout0_1  {rise@0.000ns fall@10.000ns period=20.000ns})
  Destination:            u_pl/vt0_reg/D
                            (rising edge-triggered cell FDRE clocked by sys_clk  {rise@0.000ns fall@10.000ns period=20.000ns})
  Path Group:             sys_clk
  Path Type:              Hold (Min at Fast Process Corner)
  Requirement:            0.000ns  (sys_clk rise@0.000ns - clkout0_1 rise@0.000ns)
  Data Path Delay:        0.977ns  (logic 0.186ns (19.036%)  route 0.791ns (80.964%))
  Logic Levels:           1  (LUT2=1)
  Clock Path Skew:        0.268ns (DCD - SCD - CPR)
    Destination Clock Delay (DCD):    2.021ns
    Source Clock Delay      (SCD):    1.505ns
    Clock Pessimism Removal (CPR):    0.248ns
  Clock Uncertainty:      0.259ns  ((TSJ^2 + DJ^2)^1/2) / 2 + PE
    Total System Jitter     (TSJ):    0.071ns
    Discrete Jitter          (DJ):    0.175ns
    Phase Error              (PE):    0.165ns

    Location             Delay type                Incr(ns)  Path(ns)    Netlist Resource(s)
  -------------------------------------------------------------------    -------------------
                         (clock clkout0_1 rise edge)
                                                      0.000     0.000 r  
    W17                                               0.000     0.000 r  sys_clk (IN)
                         net (fo=0)                   0.000     0.000    sys_clk
    W17                  IBUF (Prop_ibuf_I_O)         0.252     0.252 r  sys_clk_IBUF_inst/O
                         net (fo=1, routed)           0.674     0.926    sys_clk_IBUF
    BUFGCTRL_X0Y4        BUFG (Prop_bufg_I_O)         0.026     0.952 r  sys_clk_IBUF_BUFG_inst/O
                         net (fo=155, routed)         0.595     1.547    u_pl/u_clk/sys_clk_IBUF_BUFG
    MMCME2_ADV_X1Y0      MMCME2_ADV (Prop_mmcme2_adv_CLKIN1_CLKOUT0)
                                                     -1.150     0.397 r  u_pl/u_clk/u_mmcm/CLKOUT0
                         net (fo=1, routed)           0.529     0.926    u_pl/u_clk/clkout0
    BUFGCTRL_X0Y1        BUFG (Prop_bufg_I_O)         0.026     0.952 r  u_pl/u_clk/u_bufg_pix/O
                         net (fo=1306, routed)        0.553     1.505    u_pl/clk_pix
    SLICE_X51Y57         FDRE                                         r  u_pl/vs_pix_d0_reg/C
  -------------------------------------------------------------------    -------------------
    SLICE_X51Y57         FDRE (Prop_fdre_C_Q)         0.141     1.646 r  u_pl/vs_pix_d0_reg/Q
                         net (fo=2, routed)           0.297     1.943    u_pl/vs_pix_d0
    SLICE_X50Y57         LUT2 (Prop_lut2_I0_O)        0.045     1.988 r  u_pl/vt0_i_1/O
                         net (fo=1, routed)           0.494     2.482    u_pl/vs_tick
    SLICE_X49Y64         FDRE                                         r  u_pl/vt0_reg/D
  -------------------------------------------------------------------    -------------------

                         (clock sys_clk rise edge)    0.000     0.000 r  
    W17                                               0.000     0.000 r  sys_clk (IN)
                         net (fo=0)                   0.000     0.000    sys_clk
    W17                  IBUF (Prop_ibuf_I_O)         0.440     0.440 r  sys_clk_IBUF_inst/O
                         net (fo=1, routed)           0.731     1.171    sys_clk_IBUF
    BUFGCTRL_X0Y4        BUFG (Prop_bufg_I_O)         0.029     1.200 r  sys_clk_IBUF_BUFG_inst/O
                         net (fo=155, routed)         0.821     2.021    u_pl/sys_clk_IBUF_BUFG
    SLICE_X49Y64         FDRE                                         r  u_pl/vt0_reg/C
                         clock pessimism             -0.248     1.773    
                         clock uncertainty            0.259     2.032    
    SLICE_X49Y64         FDRE (Hold_fdre_C_D)         0.070     2.102    u_pl/vt0_reg
  -------------------------------------------------------------------
                         required time                         -2.102    
                         arrival time                           2.482    
  -------------------------------------------------------------------
                         slack                                  0.379    





---------------------------------------------------------------------------------------------------
From Clock:  sys_clk
  To Clock:  clkout0_1

Setup :            0  Failing Endpoints,  Worst Slack        7.090ns,  Total Violation        0.000ns
Hold  :            0  Failing Endpoints,  Worst Slack        0.326ns,  Total Violation        0.000ns
---------------------------------------------------------------------------------------------------


Max Delay Paths
--------------------------------------------------------------------------------------
Slack (MET) :             7.090ns  (required time - arrival time)
  Source:                 u_pl/u_ang/angle_reg[1]/C
                            (rising edge-triggered cell FDRE clocked by sys_clk  {rise@0.000ns fall@10.000ns period=20.000ns})
  Destination:            u_pl/u_osd/b_reg[6]/D
                            (rising edge-triggered cell FDCE clocked by clkout0_1  {rise@0.000ns fall@10.000ns period=20.000ns})
  Path Group:             clkout0_1
  Path Type:              Setup (Max at Slow Process Corner)
  Requirement:            20.000ns  (clkout0_1 rise@20.000ns - sys_clk rise@0.000ns)
  Data Path Delay:        12.596ns  (logic 3.910ns (31.043%)  route 8.686ns (68.957%))
  Logic Levels:           17  (CARRY4=4 LUT4=1 LUT5=4 LUT6=8)
  Clock Path Skew:        -0.087ns (DCD - SCD + CPR)
    Destination Clock Delay (DCD):    4.430ns = ( 24.430 - 20.000 ) 
    Source Clock Delay      (SCD):    4.763ns
    Clock Pessimism Removal (CPR):    0.246ns
  Clock Uncertainty:      0.259ns  ((TSJ^2 + DJ^2)^1/2) / 2 + PE
    Total System Jitter     (TSJ):    0.071ns
    Discrete Jitter          (DJ):    0.175ns
    Phase Error              (PE):    0.165ns

    Location             Delay type                Incr(ns)  Path(ns)    Netlist Resource(s)
  -------------------------------------------------------------------    -------------------
                         (clock sys_clk rise edge)    0.000     0.000 r  
    W17                                               0.000     0.000 r  sys_clk (IN)
                         net (fo=0)                   0.000     0.000    sys_clk
    W17                  IBUF (Prop_ibuf_I_O)         1.415     1.415 r  sys_clk_IBUF_inst/O
                         net (fo=1, routed)           1.873     3.288    sys_clk_IBUF
    BUFGCTRL_X0Y4        BUFG (Prop_bufg_I_O)         0.085     3.373 r  sys_clk_IBUF_BUFG_inst/O
                         net (fo=155, routed)         1.390     4.763    u_pl/u_ang/sys_clk_IBUF_BUFG
    SLICE_X35Y61         FDRE                                         r  u_pl/u_ang/angle_reg[1]/C
  -------------------------------------------------------------------    -------------------
    SLICE_X35Y61         FDRE (Prop_fdre_C_Q)         0.379     5.142 r  u_pl/u_ang/angle_reg[1]/Q
                         net (fo=115, routed)         0.545     5.687    u_pl/u_ang/angle_reg[1]_0
    SLICE_X34Y61         CARRY4 (Prop_carry4_S[0]_CO[3])
                                                      0.528     6.215 r  u_pl/u_ang/g0_b0_i_358/CO[3]
                         net (fo=1, routed)           0.000     6.215    u_pl/u_ang/g0_b0_i_358_n_0
    SLICE_X34Y62         CARRY4 (Prop_carry4_CI_CO[3])
                                                      0.100     6.315 r  u_pl/u_ang/g0_b0_i_315/CO[3]
                         net (fo=1, routed)           0.000     6.315    u_pl/u_ang/g0_b0_i_315_n_0
    SLICE_X34Y63         CARRY4 (Prop_carry4_CI_O[1])
                                                      0.257     6.572 r  u_pl/u_ang/g0_b0_i_245/O[1]
                         net (fo=11, routed)          0.717     7.289    u_pl/u_ang/g0_b0_i_245_n_6
    SLICE_X35Y64         LUT5 (Prop_lut5_I2_O)        0.245     7.534 r  u_pl/u_ang/g0_b0_i_321/O
                         net (fo=1, routed)           0.000     7.534    u_pl/u_ang/g0_b0_i_321_n_0
    SLICE_X35Y64         CARRY4 (Prop_carry4_S[1]_CO[2])
                                                      0.475     8.009 f  u_pl/u_ang/g0_b0_i_246/CO[2]
                         net (fo=2, routed)           0.351     8.360    u_pl/u_ang/g0_b0_i_246_n_1
    SLICE_X36Y64         LUT5 (Prop_lut5_I3_O)        0.261     8.621 r  u_pl/u_ang/g0_b0_i_287/O
                         net (fo=2, routed)           0.684     9.305    u_pl/u_ang/g0_b0_i_287_n_0
    SLICE_X36Y64         LUT6 (Prop_lut6_I3_O)        0.264     9.569 f  u_pl/u_ang/g0_b0_i_211/O
                         net (fo=1, routed)           0.369     9.938    u_pl/u_ang/g0_b0_i_211_n_0
    SLICE_X38Y67         LUT6 (Prop_lut6_I5_O)        0.105    10.043 f  u_pl/u_ang/g0_b0_i_111/O
                         net (fo=4, routed)           0.817    10.860    u_pl/u_ang/g0_b0_i_211_0
    SLICE_X39Y67         LUT6 (Prop_lut6_I1_O)        0.105    10.965 r  u_pl/u_ang/g0_b0_i_36/O
                         net (fo=1, routed)           0.682    11.647    u_pl/u_lm_x/r[7]_i_34_5
    SLICE_X39Y67         LUT6 (Prop_lut6_I0_O)        0.105    11.752 r  u_pl/u_lm_x/g0_b0_i_11/O
                         net (fo=18, routed)          0.694    12.445    u_pl/u_lm_x/g0_b0_i_11_n_0
    SLICE_X45Y63         LUT6 (Prop_lut6_I4_O)        0.105    12.550 r  u_pl/u_lm_x/g0_b0_i_4/O
                         net (fo=31, routed)          0.768    13.318    u_pl/u_lm_x/u_osd/glyph_idx_return[1]
    SLICE_X46Y64         LUT5 (Prop_lut5_I3_O)        0.125    13.443 f  u_pl/u_lm_x/g0_b1__0/O
                         net (fo=1, routed)           0.488    13.931    u_pl/u_lm_x/g0_b1__0_n_0
    SLICE_X49Y63         LUT4 (Prop_lut4_I1_O)        0.264    14.195 f  u_pl/u_lm_x/r[7]_i_86/O
                         net (fo=1, routed)           0.649    14.845    u_pl/u_lm_x/r[7]_i_86_n_0
    SLICE_X49Y64         LUT5 (Prop_lut5_I0_O)        0.115    14.960 f  u_pl/u_lm_x/r[7]_i_65/O
                         net (fo=1, routed)           0.243    15.202    u_pl/u_lm_x/r[7]_i_65_n_0
    SLICE_X50Y64         LUT6 (Prop_lut6_I1_O)        0.267    15.469 f  u_pl/u_lm_x/r[7]_i_27/O
                         net (fo=1, routed)           0.370    15.840    u_pl/u_lm_x/r[7]_i_27_n_0
    SLICE_X51Y64         LUT6 (Prop_lut6_I0_O)        0.105    15.945 f  u_pl/u_lm_x/r[7]_i_6__0/O
                         net (fo=19, routed)          1.309    17.254    u_pl/u_lm_x/r[7]_i_6__0_n_0
    SLICE_X63Y44         LUT6 (Prop_lut6_I5_O)        0.105    17.359 r  u_pl/u_lm_x/b[6]_i_1__0/O
                         net (fo=1, routed)           0.000    17.359    u_pl/u_osd/b_reg[7]_0[4]
    SLICE_X63Y44         FDCE                                         r  u_pl/u_osd/b_reg[6]/D
  -------------------------------------------------------------------    -------------------

                         (clock clkout0_1 rise edge)
                                                     20.000    20.000 r  
    W17                                               0.000    20.000 r  sys_clk (IN)
                         net (fo=0)                   0.000    20.000    sys_clk
    W17                  IBUF (Prop_ibuf_I_O)         1.349    21.349 r  sys_clk_IBUF_inst/O
                         net (fo=1, routed)           1.701    23.050    sys_clk_IBUF
    BUFGCTRL_X0Y4        BUFG (Prop_bufg_I_O)         0.077    23.127 r  sys_clk_IBUF_BUFG_inst/O
                         net (fo=155, routed)         1.384    24.511    u_pl/u_clk/sys_clk_IBUF_BUFG
    MMCME2_ADV_X1Y0      MMCME2_ADV (Prop_mmcme2_adv_CLKIN1_CLKOUT0)
                                                     -2.915    21.596 r  u_pl/u_clk/u_mmcm/CLKOUT0
                         net (fo=1, routed)           1.454    23.050    u_pl/u_clk/clkout0
    BUFGCTRL_X0Y1        BUFG (Prop_bufg_I_O)         0.077    23.127 r  u_pl/u_clk/u_bufg_pix/O
                         net (fo=1306, routed)        1.303    24.430    u_pl/u_osd/clk_pix
    SLICE_X63Y44         FDCE                                         r  u_pl/u_osd/b_reg[6]/C
                         clock pessimism              0.246    24.676    
                         clock uncertainty           -0.259    24.417    
    SLICE_X63Y44         FDCE (Setup_fdce_C_D)        0.032    24.449    u_pl/u_osd/b_reg[6]
  -------------------------------------------------------------------
                         required time                         24.449    
                         arrival time                         -17.359    
  -------------------------------------------------------------------
                         slack                                  7.090    





Min Delay Paths
--------------------------------------------------------------------------------------
Slack (MET) :             0.326ns  (arrival time - required time)
  Source:                 u_pl/u_ang/angle_reg[8]/C
                            (rising edge-triggered cell FDRE clocked by sys_clk  {rise@0.000ns fall@10.000ns period=20.000ns})
  Destination:            u_pl/u_zmap/rot_s0_reg/D
                            (rising edge-triggered cell FDRE clocked by clkout0_1  {rise@0.000ns fall@10.000ns period=20.000ns})
  Path Group:             clkout0_1
  Path Type:              Hold (Min at Fast Process Corner)
  Requirement:            0.000ns  (clkout0_1 rise@0.000ns - sys_clk rise@0.000ns)
  Data Path Delay:        0.851ns  (logic 0.185ns (21.747%)  route 0.666ns (78.253%))
  Logic Levels:           1  (LUT4=1)
  Clock Path Skew:        0.266ns (DCD - SCD - CPR)
    Destination Clock Delay (DCD):    2.024ns
    Source Clock Delay      (SCD):    1.510ns
    Clock Pessimism Removal (CPR):    0.248ns
  Clock Uncertainty:      0.259ns  ((TSJ^2 + DJ^2)^1/2) / 2 + PE
    Total System Jitter     (TSJ):    0.071ns
    Discrete Jitter          (DJ):    0.175ns
    Phase Error              (PE):    0.165ns

    Location             Delay type                Incr(ns)  Path(ns)    Netlist Resource(s)
  -------------------------------------------------------------------    -------------------
                         (clock sys_clk rise edge)    0.000     0.000 r  
    W17                                               0.000     0.000 r  sys_clk (IN)
                         net (fo=0)                   0.000     0.000    sys_clk
    W17                  IBUF (Prop_ibuf_I_O)         0.252     0.252 r  sys_clk_IBUF_inst/O
                         net (fo=1, routed)           0.674     0.926    sys_clk_IBUF
    BUFGCTRL_X0Y4        BUFG (Prop_bufg_I_O)         0.026     0.952 r  sys_clk_IBUF_BUFG_inst/O
                         net (fo=155, routed)         0.558     1.510    u_pl/u_ang/sys_clk_IBUF_BUFG
    SLICE_X33Y60         FDRE                                         r  u_pl/u_ang/angle_reg[8]/C
  -------------------------------------------------------------------    -------------------
    SLICE_X33Y60         FDRE (Prop_fdre_C_Q)         0.141     1.651 r  u_pl/u_ang/angle_reg[8]/Q
                         net (fo=41, routed)          0.240     1.891    u_pl/u_ang/angle_reg[8]_0
    SLICE_X33Y60         LUT4 (Prop_lut4_I0_O)        0.044     1.935 r  u_pl/u_ang/rot_s0_i_1/O
                         net (fo=1, routed)           0.425     2.360    u_pl/u_zmap/rotate_en
    SLICE_X39Y60         FDRE                                         r  u_pl/u_zmap/rot_s0_reg/D
  -------------------------------------------------------------------    -------------------

                         (clock clkout0_1 rise edge)
                                                      0.000     0.000 r  
    W17                                               0.000     0.000 r  sys_clk (IN)
                         net (fo=0)                   0.000     0.000    sys_clk
    W17                  IBUF (Prop_ibuf_I_O)         0.440     0.440 r  sys_clk_IBUF_inst/O
                         net (fo=1, routed)           0.731     1.171    sys_clk_IBUF
    BUFGCTRL_X0Y4        BUFG (Prop_bufg_I_O)         0.029     1.200 r  sys_clk_IBUF_BUFG_inst/O
                         net (fo=155, routed)         0.862     2.062    u_pl/u_clk/sys_clk_IBUF_BUFG
    MMCME2_ADV_X1Y0      MMCME2_ADV (Prop_mmcme2_adv_CLKIN1_CLKOUT0)
                                                     -1.467     0.595 r  u_pl/u_clk/u_mmcm/CLKOUT0
                         net (fo=1, routed)           0.576     1.171    u_pl/u_clk/clkout0
    BUFGCTRL_X0Y1        BUFG (Prop_bufg_I_O)         0.029     1.200 r  u_pl/u_clk/u_bufg_pix/O
                         net (fo=1306, routed)        0.824     2.024    u_pl/u_zmap/clk_pix
    SLICE_X39Y60         FDRE                                         r  u_pl/u_zmap/rot_s0_reg/C
                         clock pessimism             -0.248     1.776    
                         clock uncertainty            0.259     2.035    
    SLICE_X39Y60         FDRE (Hold_fdre_C_D)        -0.001     2.034    u_pl/u_zmap/rot_s0_reg
  -------------------------------------------------------------------
                         required time                         -2.034    
                         arrival time                           2.360    
  -------------------------------------------------------------------
                         slack                                  0.326    





