Copyright 1986-2022 Xilinx, Inc. All Rights Reserved. Copyright 2022-2026 Advanced Micro Devices, Inc. All Rights Reserved.
---------------------------------------------------------------------------------------------------------------------------------------------
| Tool Version : Vivado v.2025.2.1 (win64) Build 6403652 Thu Mar 19 19:48:24 GMT 2026
| Date         : Sun Sep 27 01:03:02 2026
| Host         : Uie-laptop running 64-bit major release  (build 9200)
| Command      : report_timing_summary -file D:/Xilinx/Prj/pro/Video_Processing/build/timing_summary.rpt
| Design       : system_top
| Device       : 7z020-clg484
| Speed File   : -2  PRODUCTION 1.12 2019-11-22
| Design State : Routed
---------------------------------------------------------------------------------------------------------------------------------------------

Timing Summary Report

------------------------------------------------------------------------------------------------
| Timer Settings
| --------------
------------------------------------------------------------------------------------------------

  Enable Multi Corner Analysis               :  Yes
  Enable Pessimism Removal                   :  Yes
  Pessimism Removal Resolution               :  Nearest Common Node
  Enable Input Delay Default Clock           :  No
  Enable Preset / Clear Arcs                 :  No
  Disable Flight Delays                      :  No
  Ignore I/O Paths                           :  No
  Timing Early Launch at Borrowing Latches   :  No
  Borrow Time for Max Delay Exceptions       :  Yes
  Merge Timing Exceptions                    :  Yes
  Inter-SLR Compensation                     :  Conservative

  Corner  Analyze    Analyze    
  Name    Max Paths  Min Paths  
  ------  ---------  ---------  
  Slow    Yes        Yes        
  Fast    Yes        Yes        


------------------------------------------------------------------------------------------------
| Report Methodology
| ------------------
------------------------------------------------------------------------------------------------

Rule       Severity  Description                                                Violations  
---------  --------  ---------------------------------------------------------  ----------  
DPIR-1     Warning   Asynchronous driver check                                  129         
LUTAR-1    Warning   LUT drives async reset alert                               1           
SYNTH-5    Warning   Mapped onto distributed RAM because of timing constraints  320         
SYNTH-6    Warning   Timing of a RAM block might be sub-optimal                 102         
TIMING-9   Warning   Unknown CDC Logic                                          1           
TIMING-10  Warning   Missing property on synchronizer                           1           
TIMING-18  Warning   Missing input or output delay                              7           

Note: This report is based on the most recent report_methodology run and may not be up-to-date. Run report_methodology on the current design for the latest report.



check_timing report

Table of Contents
-----------------
1. checking no_clock (0)
2. checking constant_clock (0)
3. checking pulse_width_clock (0)
4. checking unconstrained_internal_endpoints (0)
5. checking no_input_delay (7)
6. checking no_output_delay (12)
7. checking multiple_clock (0)
8. checking generated_clocks (0)
9. checking loops (0)
10. checking partial_input_delay (0)
11. checking partial_output_delay (0)
12. checking latch_loops (0)

1. checking no_clock (0)
------------------------
 There are 0 register/latch pins with no clock.


2. checking constant_clock (0)
------------------------------
 There are 0 register/latch pins with constant_clock.


3. checking pulse_width_clock (0)
---------------------------------
 There are 0 register/latch pins which need pulse_width check


4. checking unconstrained_internal_endpoints (0)
------------------------------------------------
 There are 0 pins that are not constrained for maximum delay.

 There are 0 pins that are not constrained for maximum delay due to constant clock.


5. checking no_input_delay (7)
------------------------------
 There are 5 input ports with no input delay specified. (HIGH)

 There are 2 input ports with no input delay but user has a false path constraint. (MEDIUM)


6. checking no_output_delay (12)
--------------------------------
 There are 6 ports with no output delay specified. (HIGH)

 There are 6 ports with no output delay but user has a false path constraint (MEDIUM)

 There are 0 ports with no output delay but with a timing clock defined on it or propagating through it


7. checking multiple_clock (0)
------------------------------
 There are 0 register/latch pins with multiple clocks.


8. checking generated_clocks (0)
--------------------------------
 There are 0 generated clocks that are not connected to a clock source.


9. checking loops (0)
---------------------
 There are 0 combinational loops in the design.


10. checking partial_input_delay (0)
------------------------------------
 There are 0 input ports with partial input delay specified.


11. checking partial_output_delay (0)
-------------------------------------
 There are 0 ports with partial output delay specified.


12. checking latch_loops (0)
----------------------------
 There are 0 combinational latch loops in the design through latch input



------------------------------------------------------------------------------------------------
| Design Timing Summary
| ---------------------
------------------------------------------------------------------------------------------------

    WNS(ns)      TNS(ns)  TNS Failing Endpoints  TNS Total Endpoints      WHS(ns)      THS(ns)  THS Failing Endpoints  THS Total Endpoints     WPWS(ns)     TPWS(ns)  TPWS Failing Endpoints  TPWS Total Endpoints  
    -------      -------  ---------------------  -------------------      -------      -------  ---------------------  -------------------     --------     --------  ----------------------  --------------------  
      0.549        0.000                      0                39871        0.001        0.000                      0                39871        0.264        0.000                       0                 12799  


All user specified timing constraints are met.


------------------------------------------------------------------------------------------------
| Clock Summary
| -------------
------------------------------------------------------------------------------------------------

Clock         Waveform(ns)         Period(ns)      Frequency(MHz)
-----         ------------         ----------      --------------
clk_fpga_0    {0.000 5.000}        10.000          100.000         
eth_rxc       {0.000 4.000}        8.000           125.000         
sys_clk       {0.000 10.000}       20.000          50.000          
  clkfbout    {0.000 10.000}       20.000          50.000          
  clkfbout_1  {0.000 10.000}       20.000          50.000          
  clkout0_1   {0.000 10.000}       20.000          50.000          
  clkout1_1   {0.000 2.000}        4.000           250.000         
  clkout2     {0.000 2.500}        5.000           200.000         


------------------------------------------------------------------------------------------------
| Intra Clock Table
| -----------------
------------------------------------------------------------------------------------------------

Clock             WNS(ns)      TNS(ns)  TNS Failing Endpoints  TNS Total Endpoints      WHS(ns)      THS(ns)  THS Failing Endpoints  THS Total Endpoints     WPWS(ns)     TPWS(ns)  TPWS Failing Endpoints  TPWS Total Endpoints  
-----             -------      -------  ---------------------  -------------------      -------      -------  ---------------------  -------------------     --------     --------  ----------------------  --------------------  
clk_fpga_0          1.630        0.000                      0                15713        0.056        0.000                      0                15713        3.870        0.000                       0                  4368  
eth_rxc             0.712        0.000                      0                 4814        0.001        0.000                      0                 4814        3.500        0.000                       0                  2526  
sys_clk            13.909        0.000                      0                  255        0.121        0.000                      0                  255        7.000        0.000                       0                   187  
  clkfbout                                                                                                                                                     18.408        0.000                       0                     3  
  clkfbout_1                                                                                                                                                   18.408        0.000                       0                     3  
  clkout0_1         0.549        0.000                      0                19011        0.051        0.000                      0                19011        8.870        0.000                       0                  5699  
  clkout1_1                                                                                                                                                     2.408        0.000                       0                    10  
  clkout2                                                                                                                                                       0.264        0.000                       0                     3  


------------------------------------------------------------------------------------------------
| Inter Clock Table
| -----------------
------------------------------------------------------------------------------------------------

From Clock    To Clock          WNS(ns)      TNS(ns)  TNS Failing Endpoints  TNS Total Endpoints      WHS(ns)      THS(ns)  THS Failing Endpoints  THS Total Endpoints  
----------    --------          -------      -------  ---------------------  -------------------      -------      -------  ---------------------  -------------------  
clkout0_1     sys_clk            14.401        0.000                      0                   22        0.286        0.000                      0                   22  
sys_clk       clkout0_1           3.913        0.000                      0                  191        0.210        0.000                      0                  191  


------------------------------------------------------------------------------------------------
| Other Path Groups Table
| -----------------------
------------------------------------------------------------------------------------------------

Path Group    From Clock    To Clock          WNS(ns)      TNS(ns)  TNS Failing Endpoints  TNS Total Endpoints      WHS(ns)      THS(ns)  THS Failing Endpoints  THS Total Endpoints  
----------    ----------    --------          -------      -------  ---------------------  -------------------      -------      -------  ---------------------  -------------------  


------------------------------------------------------------------------------------------------
| Timing Details
| --------------
------------------------------------------------------------------------------------------------


---------------------------------------------------------------------------------------------------
From Clock:  clk_fpga_0
  To Clock:  clk_fpga_0

Setup :            0  Failing Endpoints,  Worst Slack        1.630ns,  Total Violation        0.000ns
Hold  :            0  Failing Endpoints,  Worst Slack        0.056ns,  Total Violation        0.000ns
PW    :            0  Failing Endpoints,  Worst Slack        3.870ns,  Total Violation        0.000ns
---------------------------------------------------------------------------------------------------


Max Delay Paths
--------------------------------------------------------------------------------------
Slack (MET) :             1.630ns  (required time - arrival time)
  Source:                 u_bd/design_1_i/axi_gpio_0/U0/gpio_core_1/Not_Dual.gpio_Data_Out_reg[4]/C
                            (rising edge-triggered cell FDRE clocked by clk_fpga_0  {rise@0.000ns fall@5.000ns period=10.000ns})
  Destination:            u_pl/u_lat/q_c1_reg[6]/CE
                            (rising edge-triggered cell FDCE clocked by clk_fpga_0  {rise@0.000ns fall@5.000ns period=10.000ns})
  Path Group:             clk_fpga_0
  Path Type:              Setup (Max at Slow Process Corner)
  Requirement:            10.000ns  (clk_fpga_0 rise@10.000ns - clk_fpga_0 rise@0.000ns)
  Data Path Delay:        7.924ns  (logic 0.484ns (6.108%)  route 7.440ns (93.892%))
  Logic Levels:           1  (LUT5=1)
  Clock Path Skew:        -0.124ns (DCD - SCD + CPR)
    Destination Clock Delay (DCD):    2.265ns = ( 12.265 - 10.000 ) 
    Source Clock Delay      (SCD):    2.497ns
    Clock Pessimism Removal (CPR):    0.109ns
  Clock Uncertainty:      0.154ns  ((TSJ^2 + TIJ^2)^1/2 + DJ) / 2 + PE
    Total System Jitter     (TSJ):    0.071ns
    Total Input Jitter      (TIJ):    0.300ns
    Discrete Jitter          (DJ):    0.000ns
    Phase Error              (PE):    0.000ns

    Location             Delay type                Incr(ns)  Path(ns)    Netlist Resource(s)
  -------------------------------------------------------------------    -------------------
                         (clock clk_fpga_0 rise edge)
                                                      0.000     0.000 r  
    PS7_X0Y0             PS7                          0.000     0.000 r  u_bd/design_1_i/processing_system7_0/inst/PS7_i/FCLKCLK[0]
                         net (fo=1, routed)           0.994     0.994    u_bd/design_1_i/processing_system7_0/inst/FCLK_CLK_unbuffered[0]
    BUFGCTRL_X0Y16       BUFG (Prop_bufg_I_O)         0.085     1.079 r  u_bd/design_1_i/processing_system7_0/inst/buffer_fclk_clk_0.FCLK_CLK_0_BUFG/O
                         net (fo=4369, routed)        1.418     2.497    u_bd/design_1_i/axi_gpio_0/U0/gpio_core_1/s_axi_aclk
    SLICE_X27Y82         FDRE                                         r  u_bd/design_1_i/axi_gpio_0/U0/gpio_core_1/Not_Dual.gpio_Data_Out_reg[4]/C
  -------------------------------------------------------------------    -------------------
    SLICE_X27Y82         FDRE (Prop_fdre_C_Q)         0.379     2.876 r  u_bd/design_1_i/axi_gpio_0/U0/gpio_core_1/Not_Dual.gpio_Data_Out_reg[4]/Q
                         net (fo=181, routed)         4.730     7.606    u_bd/GPIO_0_tri_o[16]
    SLICE_X45Y65         LUT5 (Prop_lut5_I2_O)        0.105     7.711 r  u_bd/q_stat[31]_i_1/O
                         net (fo=161, routed)         2.711    10.421    u_pl/u_lat/q_ms_reg[0]_0[0]
    SLICE_X59Y62         FDCE                                         r  u_pl/u_lat/q_c1_reg[6]/CE
  -------------------------------------------------------------------    -------------------

                         (clock clk_fpga_0 rise edge)
                                                     10.000    10.000 r  
    PS7_X0Y0             PS7                          0.000    10.000 r  u_bd/design_1_i/processing_system7_0/inst/PS7_i/FCLKCLK[0]
                         net (fo=1, routed)           0.905    10.906    u_bd/design_1_i/processing_system7_0/inst/FCLK_CLK_unbuffered[0]
    BUFGCTRL_X0Y16       BUFG (Prop_bufg_I_O)         0.077    10.983 r  u_bd/design_1_i/processing_system7_0/inst/buffer_fclk_clk_0.FCLK_CLK_0_BUFG/O
                         net (fo=4369, routed)        1.282    12.265    u_pl/u_lat/FCLK_CLK0
    SLICE_X59Y62         FDCE                                         r  u_pl/u_lat/q_c1_reg[6]/C
                         clock pessimism              0.109    12.373    
                         clock uncertainty           -0.154    12.219    
    SLICE_X59Y62         FDCE (Setup_fdce_C_CE)      -0.168    12.051    u_pl/u_lat/q_c1_reg[6]
  -------------------------------------------------------------------
                         required time                         12.051    
                         arrival time                         -10.421    
  -------------------------------------------------------------------
                         slack                                  1.630    





Min Delay Paths
--------------------------------------------------------------------------------------
Slack (MET) :             0.056ns  (arrival time - required time)
  Source:                 u_bd/design_1_i/axi_gp0_ic/xbar/inst/gen_sasd.crossbar_sasd_0/reg_slice_r/m_payload_i_reg[28]/C
                            (rising edge-triggered cell FDRE clocked by clk_fpga_0  {rise@0.000ns fall@5.000ns period=10.000ns})
  Destination:            u_bd/design_1_i/axi_gp0_ic/s00_couplers/auto_pc/inst/gen_axilite.gen_b2s_conv.axilite_b2s/RD.r_channel_0/rd_data_fifo_0/memory_reg[31][25]_srl32/D
                            (rising edge-triggered cell SRLC32E clocked by clk_fpga_0  {rise@0.000ns fall@5.000ns period=10.000ns})
  Path Group:             clk_fpga_0
  Path Type:              Hold (Min at Fast Process Corner)
  Requirement:            0.000ns  (clk_fpga_0 rise@0.000ns - clk_fpga_0 rise@0.000ns)
  Data Path Delay:        0.255ns  (logic 0.141ns (55.309%)  route 0.114ns (44.691%))
  Logic Levels:           0  
  Clock Path Skew:        0.016ns (DCD - SCD - CPR)
    Destination Clock Delay (DCD):    1.191ns
    Source Clock Delay      (SCD):    0.894ns
    Clock Pessimism Removal (CPR):    0.281ns

    Location             Delay type                Incr(ns)  Path(ns)    Netlist Resource(s)
  -------------------------------------------------------------------    -------------------
                         (clock clk_fpga_0 rise edge)
                                                      0.000     0.000 r  
    PS7_X0Y0             PS7                          0.000     0.000 r  u_bd/design_1_i/processing_system7_0/inst/PS7_i/FCLKCLK[0]
                         net (fo=1, routed)           0.310     0.310    u_bd/design_1_i/processing_system7_0/inst/FCLK_CLK_unbuffered[0]
    BUFGCTRL_X0Y16       BUFG (Prop_bufg_I_O)         0.026     0.336 r  u_bd/design_1_i/processing_system7_0/inst/buffer_fclk_clk_0.FCLK_CLK_0_BUFG/O
                         net (fo=4369, routed)        0.558     0.894    u_bd/design_1_i/axi_gp0_ic/xbar/inst/gen_sasd.crossbar_sasd_0/reg_slice_r/aclk
    SLICE_X33Y94         FDRE                                         r  u_bd/design_1_i/axi_gp0_ic/xbar/inst/gen_sasd.crossbar_sasd_0/reg_slice_r/m_payload_i_reg[28]/C
  -------------------------------------------------------------------    -------------------
    SLICE_X33Y94         FDRE (Prop_fdre_C_Q)         0.141     1.035 r  u_bd/design_1_i/axi_gp0_ic/xbar/inst/gen_sasd.crossbar_sasd_0/reg_slice_r/m_payload_i_reg[28]/Q
                         net (fo=1, routed)           0.114     1.149    u_bd/design_1_i/axi_gp0_ic/s00_couplers/auto_pc/inst/gen_axilite.gen_b2s_conv.axilite_b2s/RD.r_channel_0/rd_data_fifo_0/in[25]
    SLICE_X32Y93         SRLC32E                                      r  u_bd/design_1_i/axi_gp0_ic/s00_couplers/auto_pc/inst/gen_axilite.gen_b2s_conv.axilite_b2s/RD.r_channel_0/rd_data_fifo_0/memory_reg[31][25]_srl32/D
  -------------------------------------------------------------------    -------------------

                         (clock clk_fpga_0 rise edge)
                                                      0.000     0.000 r  
    PS7_X0Y0             PS7                          0.000     0.000 r  u_bd/design_1_i/processing_system7_0/inst/PS7_i/FCLKCLK[0]
                         net (fo=1, routed)           0.337     0.337    u_bd/design_1_i/processing_system7_0/inst/FCLK_CLK_unbuffered[0]
    BUFGCTRL_X0Y16       BUFG (Prop_bufg_I_O)         0.029     0.366 r  u_bd/design_1_i/processing_system7_0/inst/buffer_fclk_clk_0.FCLK_CLK_0_BUFG/O
                         net (fo=4369, routed)        0.825     1.191    u_bd/design_1_i/axi_gp0_ic/s00_couplers/auto_pc/inst/gen_axilite.gen_b2s_conv.axilite_b2s/RD.r_channel_0/rd_data_fifo_0/aclk
    SLICE_X32Y93         SRLC32E                                      r  u_bd/design_1_i/axi_gp0_ic/s00_couplers/auto_pc/inst/gen_axilite.gen_b2s_conv.axilite_b2s/RD.r_channel_0/rd_data_fifo_0/memory_reg[31][25]_srl32/CLK
                         clock pessimism             -0.281     0.910    
    SLICE_X32Y93         SRLC32E (Hold_srlc32e_CLK_D)
                                                      0.183     1.093    u_bd/design_1_i/axi_gp0_ic/s00_couplers/auto_pc/inst/gen_axilite.gen_b2s_conv.axilite_b2s/RD.r_channel_0/rd_data_fifo_0/memory_reg[31][25]_srl32
  -------------------------------------------------------------------
                         required time                         -1.093    
                         arrival time                           1.149    
  -------------------------------------------------------------------
                         slack                                  0.056    





Pulse Width Checks
--------------------------------------------------------------------------------------
Clock Name:         clk_fpga_0
Waveform(ns):       { 0.000 5.000 }
Period(ns):         10.000
Sources:            { u_bd/design_1_i/processing_system7_0/inst/PS7_i/FCLKCLK[0] }

Check Type        Corner  Lib Pin             Reference Pin  Required(ns)  Actual(ns)  Slack(ns)  Location      Pin
Min Period        n/a     RAMB36E1/CLKBWRCLK  n/a            2.170         10.000      7.830      RAMB36_X2Y8   u_eth/u_cdc/mem_reg_0/CLKBWRCLK
Low Pulse Width   Slow    RAMD64E/CLK         n/a            1.130         5.000       3.870      SLICE_X32Y32  u_eth/u_saver/q_addr_reg_0_63_12_14/RAMA/CLK
High Pulse Width  Slow    RAMD64E/CLK         n/a            1.130         5.000       3.870      SLICE_X32Y32  u_eth/u_saver/q_addr_reg_0_63_12_14/RAMA/CLK



---------------------------------------------------------------------------------------------------
From Clock:  eth_rxc
  To Clock:  eth_rxc

Setup :            0  Failing Endpoints,  Worst Slack        0.712ns,  Total Violation        0.000ns
Hold  :            0  Failing Endpoints,  Worst Slack        0.001ns,  Total Violation        0.000ns
PW    :            0  Failing Endpoints,  Worst Slack        3.500ns,  Total Violation        0.000ns
---------------------------------------------------------------------------------------------------


Max Delay Paths
--------------------------------------------------------------------------------------
Slack (MET) :             0.712ns  (required time - arrival time)
  Source:                 u_eth/u_lm/ms32_reg[0]/C
                            (rising edge-triggered cell FDCE clocked by eth_rxc  {rise@0.000ns fall@4.000ns period=8.000ns})
  Destination:            u_eth/u_lm/gap_max_reg[0]/CE
                            (rising edge-triggered cell FDCE clocked by eth_rxc  {rise@0.000ns fall@4.000ns period=8.000ns})
  Path Group:             eth_rxc
  Path Type:              Setup (Max at Slow Process Corner)
  Requirement:            8.000ns  (eth_rxc rise@8.000ns - eth_rxc rise@0.000ns)
  Data Path Delay:        6.836ns  (logic 2.749ns (40.212%)  route 4.087ns (59.788%))
  Logic Levels:           13  (CARRY4=8 LUT2=1 LUT4=2 LUT5=2)
  Clock Path Skew:        -0.099ns (DCD - SCD + CPR)
    Destination Clock Delay (DCD):    4.376ns = ( 12.376 - 8.000 ) 
    Source Clock Delay      (SCD):    4.817ns
    Clock Pessimism Removal (CPR):    0.342ns
  Clock Uncertainty:      0.035ns  ((TSJ^2 + TIJ^2)^1/2 + DJ) / 2 + PE
    Total System Jitter     (TSJ):    0.071ns
    Total Input Jitter      (TIJ):    0.000ns
    Discrete Jitter          (DJ):    0.000ns
    Phase Error              (PE):    0.000ns

    Location             Delay type                Incr(ns)  Path(ns)    Netlist Resource(s)
  -------------------------------------------------------------------    -------------------
                         (clock eth_rxc rise edge)    0.000     0.000 r  
    Y19                                               0.000     0.000 r  eth_rxc (IN)
                         net (fo=0)                   0.000     0.000    eth_rxc
    Y19                  IBUF (Prop_ibuf_I_O)         1.430     1.430 r  eth_rxc_IBUF_inst/O
                         net (fo=2, routed)           1.873     3.303    u_eth/u_rgmii/u_rgmii_rx/rgmii_rxc
    BUFGCTRL_X0Y1        BUFG (Prop_bufg_I_O)         0.085     3.388 r  u_eth/u_rgmii/u_rgmii_rx/BUFG_inst/O
                         net (fo=2520, routed)        1.429     4.817    u_eth/u_lm/gmii_rx_clk
    SLICE_X30Y62         FDCE                                         r  u_eth/u_lm/ms32_reg[0]/C
  -------------------------------------------------------------------    -------------------
    SLICE_X30Y62         FDCE (Prop_fdce_C_Q)         0.433     5.250 r  u_eth/u_lm/ms32_reg[0]/Q
                         net (fo=4, routed)           0.597     5.847    u_eth/u_lm/ms32_reg[0]
    SLICE_X31Y63         LUT2 (Prop_lut2_I0_O)        0.105     5.952 r  u_eth/u_lm/gap_min[3]_i_6/O
                         net (fo=1, routed)           0.000     5.952    u_eth/u_lm/gap_min[3]_i_6_n_0
    SLICE_X31Y63         CARRY4 (Prop_carry4_S[0]_CO[3])
                                                      0.440     6.392 r  u_eth/u_lm/gap_min_reg[3]_i_2/CO[3]
                         net (fo=1, routed)           0.000     6.392    u_eth/u_lm/gap_min_reg[3]_i_2_n_0
    SLICE_X31Y64         CARRY4 (Prop_carry4_CI_CO[3])
                                                      0.098     6.490 r  u_eth/u_lm/gap_min_reg[7]_i_2/CO[3]
                         net (fo=1, routed)           0.000     6.490    u_eth/u_lm/gap_min_reg[7]_i_2_n_0
    SLICE_X31Y65         CARRY4 (Prop_carry4_CI_CO[3])
                                                      0.098     6.588 r  u_eth/u_lm/gap_min_reg[11]_i_2/CO[3]
                         net (fo=1, routed)           0.000     6.588    u_eth/u_lm/gap_min_reg[11]_i_2_n_0
    SLICE_X31Y66         CARRY4 (Prop_carry4_CI_CO[3])
                                                      0.098     6.686 r  u_eth/u_lm/gap_min_reg[15]_i_5/CO[3]
                         net (fo=1, routed)           0.000     6.686    u_eth/u_lm/gap_min_reg[15]_i_5_n_0
    SLICE_X31Y67         CARRY4 (Prop_carry4_CI_CO[3])
                                                      0.098     6.784 r  u_eth/u_lm/gap_min_reg[15]_i_33/CO[3]
                         net (fo=1, routed)           0.000     6.784    u_eth/u_lm/gap_min_reg[15]_i_33_n_0
    SLICE_X31Y68         CARRY4 (Prop_carry4_CI_O[3])
                                                      0.260     7.044 r  u_eth/u_lm/gap_min_reg[15]_i_31/O[3]
                         net (fo=1, routed)           0.628     7.672    u_eth/u_lm/gap_min_reg[15]_i_31_n_4
    SLICE_X29Y69         LUT4 (Prop_lut4_I0_O)        0.257     7.929 r  u_eth/u_lm/gap_min[15]_i_16/O
                         net (fo=1, routed)           1.001     8.930    u_eth/u_lm/gap_min[15]_i_16_n_0
    SLICE_X32Y63         LUT4 (Prop_lut4_I1_O)        0.105     9.035 r  u_eth/u_lm/gap_min[15]_i_4/O
                         net (fo=96, routed)          0.505     9.539    u_eth/u_lm/gap_min[15]_i_4_n_0
    SLICE_X32Y64         LUT5 (Prop_lut5_I1_O)        0.105     9.644 r  u_eth/u_lm/gap_max[15]_i_19/O
                         net (fo=1, routed)           0.000     9.644    u_eth/u_lm/gap_max[15]_i_19_n_0
    SLICE_X32Y64         CARRY4 (Prop_carry4_S[1]_CO[3])
                                                      0.444    10.088 r  u_eth/u_lm/gap_max_reg[15]_i_4/CO[3]
                         net (fo=1, routed)           0.000    10.088    u_eth/u_lm/gap_max_reg[15]_i_4_n_0
    SLICE_X32Y65         CARRY4 (Prop_carry4_CI_CO[3])
                                                      0.100    10.188 r  u_eth/u_lm/gap_max_reg[15]_i_3/CO[3]
                         net (fo=17, routed)          0.769    10.957    u_eth/u_lm/gap_max_reg[15]_i_3_n_0
    SLICE_X32Y66         LUT5 (Prop_lut5_I2_O)        0.108    11.065 r  u_eth/u_lm/gap_max[15]_i_1/O
                         net (fo=16, routed)          0.587    11.653    u_eth/u_lm/gap_max[15]_i_1_n_0
    SLICE_X32Y63         FDCE                                         r  u_eth/u_lm/gap_max_reg[0]/CE
  -------------------------------------------------------------------    -------------------

                         (clock eth_rxc rise edge)    8.000     8.000 r  
    Y19                                               0.000     8.000 r  eth_rxc (IN)
                         net (fo=0)                   0.000     8.000    eth_rxc
    Y19                  IBUF (Prop_ibuf_I_O)         1.364     9.364 r  eth_rxc_IBUF_inst/O
                         net (fo=2, routed)           1.701    11.065    u_eth/u_rgmii/u_rgmii_rx/rgmii_rxc
    BUFGCTRL_X0Y1        BUFG (Prop_bufg_I_O)         0.077    11.142 r  u_eth/u_rgmii/u_rgmii_rx/BUFG_inst/O
                         net (fo=2520, routed)        1.234    12.376    u_eth/u_lm/gmii_rx_clk
    SLICE_X32Y63         FDCE                                         r  u_eth/u_lm/gap_max_reg[0]/C
                         clock pessimism              0.342    12.718    
                         clock uncertainty           -0.035    12.682    
    SLICE_X32Y63         FDCE (Setup_fdce_C_CE)      -0.317    12.365    u_eth/u_lm/gap_max_reg[0]
  -------------------------------------------------------------------
                         required time                         12.365    
                         arrival time                         -11.653    
  -------------------------------------------------------------------
                         slack                                  0.712    





Min Delay Paths
--------------------------------------------------------------------------------------
Slack (MET) :             0.001ns  (arrival time - required time)
  Source:                 u_eth/u_rx_par/p_good_reg/C
                            (rising edge-triggered cell FDCE clocked by eth_rxc  {rise@0.000ns fall@4.000ns period=8.000ns})
  Destination:            u_eth/u_reasm/bad_frame_reg/D
                            (rising edge-triggered cell FDCE clocked by eth_rxc  {rise@0.000ns fall@4.000ns period=8.000ns})
  Path Group:             eth_rxc
  Path Type:              Hold (Min at Fast Process Corner)
  Requirement:            0.000ns  (eth_rxc rise@0.000ns - eth_rxc rise@0.000ns)
  Data Path Delay:        0.826ns  (logic 0.186ns (22.521%)  route 0.640ns (77.479%))
  Logic Levels:           1  (LUT6=1)
  Clock Path Skew:        0.233ns (DCD - SCD - CPR)
    Destination Clock Delay (DCD):    2.034ns
    Source Clock Delay      (SCD):    1.548ns
    Clock Pessimism Removal (CPR):    0.253ns
  Clock Uncertainty:      0.500ns  ((TSJ^2 + TIJ^2)^1/2 + DJ) / 2 + PE + UU
    Total System Jitter     (TSJ):    0.000ns
    Total Input Jitter      (TIJ):    0.000ns
    Discrete Jitter          (DJ):    0.000ns
    Phase Error              (PE):    0.000ns
    User Uncertainty         (UU):    0.500ns

    Location             Delay type                Incr(ns)  Path(ns)    Netlist Resource(s)
  -------------------------------------------------------------------    -------------------
                         (clock eth_rxc rise edge)    0.000     0.000 r  
    Y19                                               0.000     0.000 r  eth_rxc (IN)
                         net (fo=0)                   0.000     0.000    eth_rxc
    Y19                  IBUF (Prop_ibuf_I_O)         0.266     0.266 r  eth_rxc_IBUF_inst/O
                         net (fo=2, routed)           0.674     0.940    u_eth/u_rgmii/u_rgmii_rx/rgmii_rxc
    BUFGCTRL_X0Y1        BUFG (Prop_bufg_I_O)         0.026     0.966 r  u_eth/u_rgmii/u_rgmii_rx/BUFG_inst/O
                         net (fo=2520, routed)        0.582     1.548    u_eth/u_rx_par/gmii_rx_clk
    SLICE_X74Y34         FDCE                                         r  u_eth/u_rx_par/p_good_reg/C
  -------------------------------------------------------------------    -------------------
    SLICE_X74Y34         FDCE (Prop_fdce_C_Q)         0.141     1.689 f  u_eth/u_rx_par/p_good_reg/Q
                         net (fo=12, routed)          0.640     2.329    u_eth/u_reasm/p_good
    SLICE_X37Y33         LUT6 (Prop_lut6_I2_O)        0.045     2.374 r  u_eth/u_reasm/bad_frame_i_1/O
                         net (fo=1, routed)           0.000     2.374    u_eth/u_reasm/bad_frame_i_1_n_0
    SLICE_X37Y33         FDCE                                         r  u_eth/u_reasm/bad_frame_reg/D
  -------------------------------------------------------------------    -------------------

                         (clock eth_rxc rise edge)    0.000     0.000 r  
    Y19                                               0.000     0.000 r  eth_rxc (IN)
                         net (fo=0)                   0.000     0.000    eth_rxc
    Y19                  IBUF (Prop_ibuf_I_O)         0.454     0.454 r  eth_rxc_IBUF_inst/O
                         net (fo=2, routed)           0.731     1.185    u_eth/u_rgmii/u_rgmii_rx/rgmii_rxc
    BUFGCTRL_X0Y1        BUFG (Prop_bufg_I_O)         0.029     1.214 r  u_eth/u_rgmii/u_rgmii_rx/BUFG_inst/O
                         net (fo=2520, routed)        0.820     2.034    u_eth/u_reasm/gmii_rx_clk
    SLICE_X37Y33         FDCE                                         r  u_eth/u_reasm/bad_frame_reg/C
                         clock pessimism             -0.253     1.781    
                         clock uncertainty            0.500     2.281    
    SLICE_X37Y33         FDCE (Hold_fdce_C_D)         0.091     2.372    u_eth/u_reasm/bad_frame_reg
  -------------------------------------------------------------------
                         required time                         -2.372    
                         arrival time                           2.374    
  -------------------------------------------------------------------
                         slack                                  0.001    





Pulse Width Checks
--------------------------------------------------------------------------------------
Clock Name:         eth_rxc
Waveform(ns):       { 0.000 4.000 }
Period(ns):         8.000
Sources:            { eth_rxc }

Check Type        Corner  Lib Pin             Reference Pin  Required(ns)  Actual(ns)  Slack(ns)  Location      Pin
Min Period        n/a     RAMB18E1/CLKARDCLK  n/a            2.472         8.000       5.528      RAMB18_X5Y8   u_eth/u_icmp_fifo/mem_reg/CLKARDCLK
Low Pulse Width   Slow    FDCE/C              n/a            0.500         4.000       3.500      SLICE_X24Y34  u_eth/flush_pend_reg/C
High Pulse Width  Slow    FDCE/C              n/a            0.500         4.000       3.500      SLICE_X24Y34  u_eth/flush_pend_reg/C



---------------------------------------------------------------------------------------------------
From Clock:  sys_clk
  To Clock:  sys_clk

Setup :            0  Failing Endpoints,  Worst Slack       13.909ns,  Total Violation        0.000ns
Hold  :            0  Failing Endpoints,  Worst Slack        0.121ns,  Total Violation        0.000ns
PW    :            0  Failing Endpoints,  Worst Slack        7.000ns,  Total Violation        0.000ns
---------------------------------------------------------------------------------------------------


Max Delay Paths
--------------------------------------------------------------------------------------
Slack (MET) :             13.909ns  (required time - arrival time)
  Source:                 u_pl/sec_div_reg[20]/C
                            (rising edge-triggered cell FDCE clocked by sys_clk  {rise@0.000ns fall@10.000ns period=20.000ns})
  Destination:            u_pl/fps_acc_reg[0]/CE
                            (rising edge-triggered cell FDCE clocked by sys_clk  {rise@0.000ns fall@10.000ns period=20.000ns})
  Path Group:             sys_clk
  Path Type:              Setup (Max at Slow Process Corner)
  Requirement:            20.000ns  (sys_clk rise@20.000ns - sys_clk rise@0.000ns)
  Data Path Delay:        5.862ns  (logic 1.007ns (17.178%)  route 4.855ns (82.822%))
  Logic Levels:           5  (LUT3=1 LUT4=1 LUT5=1 LUT6=2)
  Clock Path Skew:        -0.057ns (DCD - SCD + CPR)
    Destination Clock Delay (DCD):    4.413ns = ( 24.413 - 20.000 ) 
    Source Clock Delay      (SCD):    4.812ns
    Clock Pessimism Removal (CPR):    0.342ns
  Clock Uncertainty:      0.035ns  ((TSJ^2 + TIJ^2)^1/2 + DJ) / 2 + PE
    Total System Jitter     (TSJ):    0.071ns
    Total Input Jitter      (TIJ):    0.000ns
    Discrete Jitter          (DJ):    0.000ns
    Phase Error              (PE):    0.000ns

    Location             Delay type                Incr(ns)  Path(ns)    Netlist Resource(s)
  -------------------------------------------------------------------    -------------------
                         (clock sys_clk rise edge)    0.000     0.000 r  
    W17                                               0.000     0.000 r  sys_clk (IN)
                         net (fo=0)                   0.000     0.000    sys_clk
    W17                  IBUF (Prop_ibuf_I_O)         1.415     1.415 r  sys_clk_IBUF_inst/O
                         net (fo=1, routed)           1.873     3.288    sys_clk_IBUF
    BUFGCTRL_X0Y4        BUFG (Prop_bufg_I_O)         0.085     3.373 r  sys_clk_IBUF_BUFG_inst/O
                         net (fo=186, routed)         1.439     4.812    u_pl/sys_clk_IBUF_BUFG
    SLICE_X89Y71         FDCE                                         r  u_pl/sec_div_reg[20]/C
  -------------------------------------------------------------------    -------------------
    SLICE_X89Y71         FDCE (Prop_fdce_C_Q)         0.348     5.160 r  u_pl/sec_div_reg[20]/Q
                         net (fo=2, routed)           0.697     5.857    u_pl/sec_div_reg_n_0_[20]
    SLICE_X89Y71         LUT4 (Prop_lut4_I3_O)        0.239     6.096 f  u_pl/sec_div[25]_i_8/O
                         net (fo=1, routed)           0.520     6.616    u_pl/sec_div[25]_i_8_n_0
    SLICE_X89Y70         LUT5 (Prop_lut5_I4_O)        0.105     6.721 f  u_pl/sec_div[25]_i_7/O
                         net (fo=1, routed)           0.465     7.186    u_pl/sec_div[25]_i_7_n_0
    SLICE_X89Y68         LUT6 (Prop_lut6_I5_O)        0.105     7.291 f  u_pl/sec_div[25]_i_4/O
                         net (fo=1, routed)           0.507     7.798    u_pl/sec_div[25]_i_4_n_0
    SLICE_X89Y67         LUT6 (Prop_lut6_I0_O)        0.105     7.903 r  u_pl/sec_div[25]_i_2/O
                         net (fo=42, routed)          1.793     9.696    u_pl/fps_q[0]
    SLICE_X66Y72         LUT3 (Prop_lut3_I2_O)        0.105     9.801 r  u_pl/fps_acc[7]_i_1/O
                         net (fo=8, routed)           0.873    10.674    u_pl/fps_acc[0]
    SLICE_X66Y85         FDCE                                         r  u_pl/fps_acc_reg[0]/CE
  -------------------------------------------------------------------    -------------------

                         (clock sys_clk rise edge)   20.000    20.000 r  
    W17                                               0.000    20.000 r  sys_clk (IN)
                         net (fo=0)                   0.000    20.000    sys_clk
    W17                  IBUF (Prop_ibuf_I_O)         1.349    21.349 r  sys_clk_IBUF_inst/O
                         net (fo=1, routed)           1.701    23.050    sys_clk_IBUF
    BUFGCTRL_X0Y4        BUFG (Prop_bufg_I_O)         0.077    23.127 r  sys_clk_IBUF_BUFG_inst/O
                         net (fo=186, routed)         1.286    24.413    u_pl/sys_clk_IBUF_BUFG
    SLICE_X66Y85         FDCE                                         r  u_pl/fps_acc_reg[0]/C
                         clock pessimism              0.342    24.755    
                         clock uncertainty           -0.035    24.720    
    SLICE_X66Y85         FDCE (Setup_fdce_C_CE)      -0.136    24.584    u_pl/fps_acc_reg[0]
  -------------------------------------------------------------------
                         required time                         24.584    
                         arrival time                         -10.674    
  -------------------------------------------------------------------
                         slack                                 13.909    





Min Delay Paths
--------------------------------------------------------------------------------------
Slack (MET) :             0.121ns  (arrival time - required time)
  Source:                 u_pl/u_ang/fs_s_reg[0]/C
                            (rising edge-triggered cell FDRE clocked by sys_clk  {rise@0.000ns fall@10.000ns period=20.000ns})
  Destination:            u_pl/u_ang/fs_s_reg[1]/D
                            (rising edge-triggered cell FDRE clocked by sys_clk  {rise@0.000ns fall@10.000ns period=20.000ns})
  Path Group:             sys_clk
  Path Type:              Hold (Min at Fast Process Corner)
  Requirement:            0.000ns  (sys_clk rise@0.000ns - sys_clk rise@0.000ns)
  Data Path Delay:        0.196ns  (logic 0.141ns (71.838%)  route 0.055ns (28.162%))
  Logic Levels:           0  
  Clock Path Skew:        0.000ns (DCD - SCD - CPR)
    Destination Clock Delay (DCD):    2.027ns
    Source Clock Delay      (SCD):    1.511ns
    Clock Pessimism Removal (CPR):    0.516ns

    Location             Delay type                Incr(ns)  Path(ns)    Netlist Resource(s)
  -------------------------------------------------------------------    -------------------
                         (clock sys_clk rise edge)    0.000     0.000 r  
    W17                                               0.000     0.000 r  sys_clk (IN)
                         net (fo=0)                   0.000     0.000    sys_clk
    W17                  IBUF (Prop_ibuf_I_O)         0.252     0.252 r  sys_clk_IBUF_inst/O
                         net (fo=1, routed)           0.674     0.926    sys_clk_IBUF
    BUFGCTRL_X0Y4        BUFG (Prop_bufg_I_O)         0.026     0.952 r  sys_clk_IBUF_BUFG_inst/O
                         net (fo=186, routed)         0.559     1.511    u_pl/u_ang/sys_clk_IBUF_BUFG
    SLICE_X45Y99         FDRE                                         r  u_pl/u_ang/fs_s_reg[0]/C
  -------------------------------------------------------------------    -------------------
    SLICE_X45Y99         FDRE (Prop_fdre_C_Q)         0.141     1.652 r  u_pl/u_ang/fs_s_reg[0]/Q
                         net (fo=1, routed)           0.055     1.707    u_pl/u_ang/fs_s[0]
    SLICE_X45Y99         FDRE                                         r  u_pl/u_ang/fs_s_reg[1]/D
  -------------------------------------------------------------------    -------------------

                         (clock sys_clk rise edge)    0.000     0.000 r  
    W17                                               0.000     0.000 r  sys_clk (IN)
                         net (fo=0)                   0.000     0.000    sys_clk
    W17                  IBUF (Prop_ibuf_I_O)         0.440     0.440 r  sys_clk_IBUF_inst/O
                         net (fo=1, routed)           0.731     1.171    sys_clk_IBUF
    BUFGCTRL_X0Y4        BUFG (Prop_bufg_I_O)         0.029     1.200 r  sys_clk_IBUF_BUFG_inst/O
                         net (fo=186, routed)         0.827     2.027    u_pl/u_ang/sys_clk_IBUF_BUFG
    SLICE_X45Y99         FDRE                                         r  u_pl/u_ang/fs_s_reg[1]/C
                         clock pessimism             -0.516     1.511    
    SLICE_X45Y99         FDRE (Hold_fdre_C_D)         0.075     1.586    u_pl/u_ang/fs_s_reg[1]
  -------------------------------------------------------------------
                         required time                         -1.586    
                         arrival time                           1.707    
  -------------------------------------------------------------------
                         slack                                  0.121    





Pulse Width Checks
--------------------------------------------------------------------------------------
Clock Name:         sys_clk
Waveform(ns):       { 0.000 10.000 }
Period(ns):         20.000
Sources:            { sys_clk }

Check Type        Corner  Lib Pin            Reference Pin  Required(ns)  Actual(ns)  Slack(ns)  Location         Pin
Min Period        n/a     BUFG/I             n/a            1.592         20.000      18.408     BUFGCTRL_X0Y4    sys_clk_IBUF_BUFG_inst/I
Max Period        n/a     MMCME2_ADV/CLKIN1  n/a            100.000       20.000      80.000     MMCME2_ADV_X0Y0  u_idelay_clkgen/u_mmcm/CLKIN1
Low Pulse Width   Slow    MMCME2_ADV/CLKIN1  n/a            3.000         10.000      7.000      MMCME2_ADV_X0Y0  u_idelay_clkgen/u_mmcm/CLKIN1
High Pulse Width  Slow    MMCME2_ADV/CLKIN1  n/a            3.000         10.000      7.000      MMCME2_ADV_X0Y0  u_idelay_clkgen/u_mmcm/CLKIN1



---------------------------------------------------------------------------------------------------
From Clock:  clkfbout
  To Clock:  clkfbout

Setup :           NA  Failing Endpoints,  Worst Slack           NA  ,  Total Violation           NA
Hold  :           NA  Failing Endpoints,  Worst Slack           NA  ,  Total Violation           NA
PW    :            0  Failing Endpoints,  Worst Slack       18.408ns,  Total Violation        0.000ns
---------------------------------------------------------------------------------------------------


Pulse Width Checks
--------------------------------------------------------------------------------------
Clock Name:         clkfbout
Waveform(ns):       { 0.000 10.000 }
Period(ns):         20.000
Sources:            { u_idelay_clkgen/u_mmcm/CLKFBOUT }

Check Type  Corner  Lib Pin             Reference Pin  Required(ns)  Actual(ns)  Slack(ns)  Location         Pin
Min Period  n/a     BUFG/I              n/a            1.592         20.000      18.408     BUFGCTRL_X0Y5    u_idelay_clkgen/u_bufg_fb/I
Max Period  n/a     MMCME2_ADV/CLKFBIN  n/a            100.000       20.000      80.000     MMCME2_ADV_X0Y0  u_idelay_clkgen/u_mmcm/CLKFBIN



---------------------------------------------------------------------------------------------------
From Clock:  clkfbout_1
  To Clock:  clkfbout_1

Setup :           NA  Failing Endpoints,  Worst Slack           NA  ,  Total Violation           NA
Hold  :           NA  Failing Endpoints,  Worst Slack           NA  ,  Total Violation           NA
PW    :            0  Failing Endpoints,  Worst Slack       18.408ns,  Total Violation        0.000ns
---------------------------------------------------------------------------------------------------


Pulse Width Checks
--------------------------------------------------------------------------------------
Clock Name:         clkfbout_1
Waveform(ns):       { 0.000 10.000 }
Period(ns):         20.000
Sources:            { u_pl/u_clk/u_mmcm/CLKFBOUT }

Check Type  Corner  Lib Pin             Reference Pin  Required(ns)  Actual(ns)  Slack(ns)  Location         Pin
Min Period  n/a     BUFG/I              n/a            1.592         20.000      18.408     BUFGCTRL_X0Y6    u_pl/u_clk/u_bufg_fb/I
Max Period  n/a     MMCME2_ADV/CLKFBIN  n/a            100.000       20.000      80.000     MMCME2_ADV_X1Y0  u_pl/u_clk/u_mmcm/CLKFBIN



---------------------------------------------------------------------------------------------------
From Clock:  clkout0_1
  To Clock:  clkout0_1

Setup :            0  Failing Endpoints,  Worst Slack        0.549ns,  Total Violation        0.000ns
Hold  :            0  Failing Endpoints,  Worst Slack        0.051ns,  Total Violation        0.000ns
PW    :            0  Failing Endpoints,  Worst Slack        8.870ns,  Total Violation        0.000ns
---------------------------------------------------------------------------------------------------


Max Delay Paths
--------------------------------------------------------------------------------------
Slack (MET) :             0.549ns  (required time - arrival time)
  Source:                 u_pl/x_d_reg[20][4]/C
                            (rising edge-triggered cell FDCE clocked by clkout0_1  {rise@0.000ns fall@10.000ns period=20.000ns})
  Destination:            u_pl/u_osd/b_reg[4]/D
                            (rising edge-triggered cell FDCE clocked by clkout0_1  {rise@0.000ns fall@10.000ns period=20.000ns})
  Path Group:             clkout0_1
  Path Type:              Setup (Max at Slow Process Corner)
  Requirement:            20.000ns  (clkout0_1 rise@20.000ns - clkout0_1 rise@0.000ns)
  Data Path Delay:        19.339ns  (logic 6.700ns (34.644%)  route 12.639ns (65.356%))
  Logic Levels:           29  (CARRY4=9 LUT2=1 LUT3=3 LUT4=3 LUT5=1 LUT6=10 MUXF7=2)
  Clock Path Skew:        -0.047ns (DCD - SCD + CPR)
    Destination Clock Delay (DCD):    4.415ns = ( 24.415 - 20.000 ) 
    Source Clock Delay      (SCD):    4.804ns
    Clock Pessimism Removal (CPR):    0.342ns
  Clock Uncertainty:      0.094ns  ((TSJ^2 + DJ^2)^1/2) / 2 + PE
    Total System Jitter     (TSJ):    0.071ns
    Discrete Jitter          (DJ):    0.175ns
    Phase Error              (PE):    0.000ns

    Location             Delay type                Incr(ns)  Path(ns)    Netlist Resource(s)
  -------------------------------------------------------------------    -------------------
                         (clock clkout0_1 rise edge)
                                                      0.000     0.000 r  
    W17                                               0.000     0.000 r  sys_clk (IN)
                         net (fo=0)                   0.000     0.000    sys_clk
    W17                  IBUF (Prop_ibuf_I_O)         1.415     1.415 r  sys_clk_IBUF_inst/O
                         net (fo=1, routed)           1.873     3.288    sys_clk_IBUF
    BUFGCTRL_X0Y4        BUFG (Prop_bufg_I_O)         0.085     3.373 r  sys_clk_IBUF_BUFG_inst/O
                         net (fo=186, routed)         1.550     4.923    u_pl/u_clk/sys_clk_IBUF_BUFG
    MMCME2_ADV_X1Y0      MMCME2_ADV (Prop_mmcme2_adv_CLKIN1_CLKOUT0)
                                                     -3.232     1.691 r  u_pl/u_clk/u_mmcm/CLKOUT0
                         net (fo=1, routed)           1.597     3.288    u_pl/u_clk/clkout0
    BUFGCTRL_X0Y0        BUFG (Prop_bufg_I_O)         0.085     3.373 r  u_pl/u_clk/u_bufg_pix/O
                         net (fo=5700, routed)        1.431     4.804    u_pl/clk_pix
    SLICE_X56Y80         FDCE                                         r  u_pl/x_d_reg[20][4]/C
  -------------------------------------------------------------------    -------------------
    SLICE_X56Y80         FDCE (Prop_fdce_C_Q)         0.348     5.152 r  u_pl/x_d_reg[20][4]/Q
                         net (fo=8, routed)           0.436     5.588    u_pl/u_osd/r[7]_i_5_2
    SLICE_X57Y80         CARRY4 (Prop_carry4_DI[1]_CO[3])
                                                      0.553     6.141 r  u_pl/u_osd/r_reg[7]_i_84/CO[3]
                         net (fo=1, routed)           0.000     6.141    u_pl/u_osd/r_reg[7]_i_84_n_0
    SLICE_X57Y81         CARRY4 (Prop_carry4_CI_O[2])
                                                      0.200     6.341 f  u_pl/u_osd/g0_b0_i_451/O[2]
                         net (fo=27, routed)          0.841     7.182    u_pl/u_osd/lx[9]
    SLICE_X56Y85         LUT3 (Prop_lut3_I1_O)        0.253     7.435 r  u_pl/u_osd/g0_b0_i_803/O
                         net (fo=4, routed)           0.668     8.103    u_pl/u_osd/g0_b0_i_803_n_0
    SLICE_X55Y82         LUT4 (Prop_lut4_I3_O)        0.105     8.208 r  u_pl/u_osd/g0_b0_i_807/O
                         net (fo=1, routed)           0.000     8.208    u_pl/u_osd/g0_b0_i_807_n_0
    SLICE_X55Y82         CARRY4 (Prop_carry4_S[2]_CO[3])
                                                      0.332     8.540 r  u_pl/u_osd/g0_b0_i_691/CO[3]
                         net (fo=1, routed)           0.000     8.540    u_pl/u_osd/g0_b0_i_691_n_0
    SLICE_X55Y83         CARRY4 (Prop_carry4_CI_O[2])
                                                      0.200     8.740 r  u_pl/u_osd/g0_b0_i_471/O[2]
                         net (fo=2, routed)           0.916     9.655    u_pl/u_osd/g0_b0_i_471_n_5
    SLICE_X56Y85         LUT3 (Prop_lut3_I1_O)        0.263     9.918 r  u_pl/u_osd/g0_b0_i_207/O
                         net (fo=2, routed)           0.398    10.316    u_pl/u_osd/g0_b0_i_207_n_0
    SLICE_X56Y83         LUT4 (Prop_lut4_I3_O)        0.275    10.591 r  u_pl/u_osd/g0_b0_i_211/O
                         net (fo=1, routed)           0.000    10.591    u_pl/u_osd/g0_b0_i_211_n_0
    SLICE_X56Y83         CARRY4 (Prop_carry4_S[1]_O[3])
                                                      0.530    11.121 r  u_pl/u_osd/g0_b0_i_78/O[3]
                         net (fo=3, routed)           0.526    11.648    u_pl/u_osd/g0_b0_i_78_n_4
    SLICE_X57Y83         LUT2 (Prop_lut2_I0_O)        0.257    11.905 r  u_pl/u_osd/g0_b0_i_818/O
                         net (fo=1, routed)           0.000    11.905    u_pl/u_osd/g0_b0_i_818_n_0
    SLICE_X57Y83         CARRY4 (Prop_carry4_S[3]_CO[3])
                                                      0.332    12.237 r  u_pl/u_osd/g0_b0_i_705/CO[3]
                         net (fo=1, routed)           0.000    12.237    u_pl/u_osd/g0_b0_i_705_n_0
    SLICE_X57Y84         CARRY4 (Prop_carry4_CI_O[1])
                                                      0.265    12.502 r  u_pl/u_osd/g0_b0_i_453/O[1]
                         net (fo=3, routed)           0.475    12.977    u_pl/u_osd/g0_b0_i_453_n_6
    SLICE_X59Y84         LUT4 (Prop_lut4_I1_O)        0.250    13.227 r  u_pl/u_osd/g0_b0_i_697/O
                         net (fo=1, routed)           0.000    13.227    u_pl/u_osd/g0_b0_i_697_n_0
    SLICE_X59Y84         CARRY4 (Prop_carry4_S[3]_CO[3])
                                                      0.332    13.559 r  u_pl/u_osd/g0_b0_i_446/CO[3]
                         net (fo=1, routed)           0.000    13.559    u_pl/u_osd/g0_b0_i_446_n_0
    SLICE_X59Y85         CARRY4 (Prop_carry4_CI_CO[1])
                                                      0.132    13.691 r  u_pl/u_osd/g0_b0_i_194/CO[1]
                         net (fo=33, routed)          0.757    14.448    u_pl/u_osd/g0_b0_i_450_0[0]
    SLICE_X80Y84         LUT6 (Prop_lut6_I5_O)        0.275    14.723 r  u_pl/u_osd/g0_b0_i_79/O
                         net (fo=69, routed)          1.140    15.863    u_pl/u_eff/g0_b0_i_149_0
    SLICE_X63Y87         LUT6 (Prop_lut6_I0_O)        0.105    15.968 f  u_pl/u_eff/g0_b0_i_515/O
                         net (fo=1, routed)           0.682    16.651    u_pl/u_eff/g0_b0_i_515_n_0
    SLICE_X63Y87         LUT6 (Prop_lut6_I0_O)        0.105    16.756 r  u_pl/u_eff/g0_b0_i_264/O
                         net (fo=1, routed)           0.000    16.756    u_pl/u_eff/g0_b0_i_264_n_0
    SLICE_X63Y87         MUXF7 (Prop_muxf7_I1_O)      0.182    16.938 r  u_pl/u_eff/g0_b0_i_106/O
                         net (fo=1, routed)           0.664    17.602    u_pl/u_eff/g0_b0_i_106_n_0
    SLICE_X66Y81         LUT5 (Prop_lut5_I1_O)        0.252    17.854 f  u_pl/u_eff/g0_b0_i_41/O
                         net (fo=1, routed)           0.764    18.617    u_pl/u_split_ctrl/g0_b0_i_9_4
    SLICE_X83Y80         LUT6 (Prop_lut6_I0_O)        0.105    18.722 r  u_pl/u_split_ctrl/g0_b0_i_16/O
                         net (fo=12, routed)          0.846    19.568    u_pl/u_osd/chars[3]
    SLICE_X80Y82         LUT6 (Prop_lut6_I0_O)        0.105    19.673 f  u_pl/u_osd/g0_b0_i_7/O
                         net (fo=1, routed)           0.485    20.159    u_pl/u_osd/g0_b0_i_7_n_0
    SLICE_X81Y82         LUT3 (Prop_lut3_I0_O)        0.105    20.264 f  u_pl/u_osd/g0_b0_i_1/O
                         net (fo=35, routed)          0.881    21.145    u_pl/glyph_idx[0]
    SLICE_X80Y83         LUT6 (Prop_lut6_I0_O)        0.105    21.250 r  u_pl/g0_b1__2/O
                         net (fo=1, routed)           0.516    21.766    u_pl/u_split_ctrl/r[7]_i_16_2[1]
    SLICE_X81Y84         LUT6 (Prop_lut6_I3_O)        0.105    21.871 f  u_pl/u_split_ctrl/r[7]_i_94/O
                         net (fo=1, routed)           0.664    22.535    u_pl/u_split_ctrl/r[7]_i_94_n_0
    SLICE_X82Y83         LUT6 (Prop_lut6_I3_O)        0.105    22.640 f  u_pl/u_split_ctrl/r[7]_i_53/O
                         net (fo=1, routed)           0.000    22.640    u_pl/u_split_ctrl/r[7]_i_53_n_0
    SLICE_X82Y83         MUXF7 (Prop_muxf7_I1_O)      0.178    22.818 f  u_pl/u_split_ctrl/r_reg[7]_i_21/O
                         net (fo=1, routed)           0.512    23.331    u_pl/u_split_ctrl/r_reg[7]_i_21_n_0
    SLICE_X84Y81         LUT6 (Prop_lut6_I5_O)        0.241    23.572 r  u_pl/u_split_ctrl/r[7]_i_6/O
                         net (fo=19, routed)          0.467    24.039    u_pl/u_split/b_reg[2]_2
    SLICE_X84Y81         LUT6 (Prop_lut6_I5_O)        0.105    24.144 r  u_pl/u_split/b[4]_i_1/O
                         net (fo=1, routed)           0.000    24.144    u_pl/u_osd/b_reg[7]_0[2]
    SLICE_X84Y81         FDCE                                         r  u_pl/u_osd/b_reg[4]/D
  -------------------------------------------------------------------    -------------------

                         (clock clkout0_1 rise edge)
                                                     20.000    20.000 r  
    W17                                               0.000    20.000 r  sys_clk (IN)
                         net (fo=0)                   0.000    20.000    sys_clk
    W17                  IBUF (Prop_ibuf_I_O)         1.349    21.349 r  sys_clk_IBUF_inst/O
                         net (fo=1, routed)           1.701    23.050    sys_clk_IBUF
    BUFGCTRL_X0Y4        BUFG (Prop_bufg_I_O)         0.077    23.127 r  sys_clk_IBUF_BUFG_inst/O
                         net (fo=186, routed)         1.384    24.511    u_pl/u_clk/sys_clk_IBUF_BUFG
    MMCME2_ADV_X1Y0      MMCME2_ADV (Prop_mmcme2_adv_CLKIN1_CLKOUT0)
                                                     -2.915    21.596 r  u_pl/u_clk/u_mmcm/CLKOUT0
                         net (fo=1, routed)           1.454    23.050    u_pl/u_clk/clkout0
    BUFGCTRL_X0Y0        BUFG (Prop_bufg_I_O)         0.077    23.127 r  u_pl/u_clk/u_bufg_pix/O
                         net (fo=5700, routed)        1.288    24.415    u_pl/u_osd/clk_pix
    SLICE_X84Y81         FDCE                                         r  u_pl/u_osd/b_reg[4]/C
                         clock pessimism              0.342    24.757    
                         clock uncertainty           -0.094    24.663    
    SLICE_X84Y81         FDCE (Setup_fdce_C_D)        0.030    24.693    u_pl/u_osd/b_reg[4]
  -------------------------------------------------------------------
                         required time                         24.693    
                         arrival time                         -24.144    
  -------------------------------------------------------------------
                         slack                                  0.549    





Min Delay Paths
--------------------------------------------------------------------------------------
Slack (MET) :             0.051ns  (arrival time - required time)
  Source:                 u_pl/u_pipe/u_inv/dout_reg[2]/C
                            (rising edge-triggered cell FDCE clocked by clkout0_1  {rise@0.000ns fall@10.000ns period=20.000ns})
  Destination:            u_pl/u_pipe/u_blur/lb1_reg_640_767_2_2/SP.LOW/I
                            (rising edge-triggered cell RAMD64E clocked by clkout0_1  {rise@0.000ns fall@10.000ns period=20.000ns})
  Path Group:             clkout0_1
  Path Type:              Hold (Min at Fast Process Corner)
  Requirement:            0.000ns  (clkout0_1 rise@0.000ns - clkout0_1 rise@0.000ns)
  Data Path Delay:        0.208ns  (logic 0.141ns (67.807%)  route 0.067ns (32.193%))
  Logic Levels:           0  
  Clock Path Skew:        0.013ns (DCD - SCD - CPR)
    Destination Clock Delay (DCD):    2.020ns
    Source Clock Delay      (SCD):    1.504ns
    Clock Pessimism Removal (CPR):    0.503ns

    Location             Delay type                Incr(ns)  Path(ns)    Netlist Resource(s)
  -------------------------------------------------------------------    -------------------
                         (clock clkout0_1 rise edge)
                                                      0.000     0.000 r  
    W17                                               0.000     0.000 r  sys_clk (IN)
                         net (fo=0)                   0.000     0.000    sys_clk
    W17                  IBUF (Prop_ibuf_I_O)         0.252     0.252 r  sys_clk_IBUF_inst/O
                         net (fo=1, routed)           0.674     0.926    sys_clk_IBUF
    BUFGCTRL_X0Y4        BUFG (Prop_bufg_I_O)         0.026     0.952 r  sys_clk_IBUF_BUFG_inst/O
                         net (fo=186, routed)         0.595     1.547    u_pl/u_clk/sys_clk_IBUF_BUFG
    MMCME2_ADV_X1Y0      MMCME2_ADV (Prop_mmcme2_adv_CLKIN1_CLKOUT0)
                                                     -1.150     0.397 r  u_pl/u_clk/u_mmcm/CLKOUT0
                         net (fo=1, routed)           0.529     0.926    u_pl/u_clk/clkout0
    BUFGCTRL_X0Y0        BUFG (Prop_bufg_I_O)         0.026     0.952 r  u_pl/u_clk/u_bufg_pix/O
                         net (fo=5700, routed)        0.552     1.504    u_pl/u_pipe/u_inv/clk_pix
    SLICE_X51Y88         FDCE                                         r  u_pl/u_pipe/u_inv/dout_reg[2]/C
  -------------------------------------------------------------------    -------------------
    SLICE_X51Y88         FDCE (Prop_fdce_C_Q)         0.141     1.645 r  u_pl/u_pipe/u_inv/dout_reg[2]/Q
                         net (fo=33, routed)          0.067     1.712    u_pl/u_pipe/u_blur/lb1_reg_640_767_2_2/D
    SLICE_X50Y88         RAMD64E                                      r  u_pl/u_pipe/u_blur/lb1_reg_640_767_2_2/SP.LOW/I
  -------------------------------------------------------------------    -------------------

                         (clock clkout0_1 rise edge)
                                                      0.000     0.000 r  
    W17                                               0.000     0.000 r  sys_clk (IN)
                         net (fo=0)                   0.000     0.000    sys_clk
    W17                  IBUF (Prop_ibuf_I_O)         0.440     0.440 r  sys_clk_IBUF_inst/O
                         net (fo=1, routed)           0.731     1.171    sys_clk_IBUF
    BUFGCTRL_X0Y4        BUFG (Prop_bufg_I_O)         0.029     1.200 r  sys_clk_IBUF_BUFG_inst/O
                         net (fo=186, routed)         0.862     2.062    u_pl/u_clk/sys_clk_IBUF_BUFG
    MMCME2_ADV_X1Y0      MMCME2_ADV (Prop_mmcme2_adv_CLKIN1_CLKOUT0)
                                                     -1.467     0.595 r  u_pl/u_clk/u_mmcm/CLKOUT0
                         net (fo=1, routed)           0.576     1.171    u_pl/u_clk/clkout0
    BUFGCTRL_X0Y0        BUFG (Prop_bufg_I_O)         0.029     1.200 r  u_pl/u_clk/u_bufg_pix/O
                         net (fo=5700, routed)        0.820     2.020    u_pl/u_pipe/u_blur/lb1_reg_640_767_2_2/WCLK
    SLICE_X50Y88         RAMD64E                                      r  u_pl/u_pipe/u_blur/lb1_reg_640_767_2_2/SP.LOW/CLK
                         clock pessimism             -0.503     1.517    
    SLICE_X50Y88         RAMD64E (Hold_ramd64e_CLK_I)
                                                      0.144     1.661    u_pl/u_pipe/u_blur/lb1_reg_640_767_2_2/SP.LOW
  -------------------------------------------------------------------
                         required time                         -1.661    
                         arrival time                           1.712    
  -------------------------------------------------------------------
                         slack                                  0.051    





Pulse Width Checks
--------------------------------------------------------------------------------------
Clock Name:         clkout0_1
Waveform(ns):       { 0.000 10.000 }
Period(ns):         20.000
Sources:            { u_pl/u_clk/u_mmcm/CLKOUT0 }

Check Type        Corner  Lib Pin             Reference Pin  Required(ns)  Actual(ns)  Slack(ns)  Location         Pin
Min Period        n/a     DSP48E1/CLK         n/a            3.272         20.000      16.728     DSP48_X2Y38      u_pl/u_zmap/yr_m_reg/CLK
Max Period        n/a     MMCME2_ADV/CLKOUT0  n/a            213.360       20.000      193.360    MMCME2_ADV_X1Y0  u_pl/u_clk/u_mmcm/CLKOUT0
Low Pulse Width   Slow    RAMD64E/CLK         n/a            1.130         10.000      8.870      SLICE_X36Y88     u_pl/u_pipe/u_blur/lb1_reg_0_127_0_0/DP.HIGH/CLK
High Pulse Width  Slow    RAMD64E/CLK         n/a            1.130         10.000      8.870      SLICE_X36Y88     u_pl/u_pipe/u_blur/lb1_reg_0_127_0_0/DP.HIGH/CLK



---------------------------------------------------------------------------------------------------
From Clock:  clkout1_1
  To Clock:  clkout1_1

Setup :           NA  Failing Endpoints,  Worst Slack           NA  ,  Total Violation           NA
Hold  :           NA  Failing Endpoints,  Worst Slack           NA  ,  Total Violation           NA
PW    :            0  Failing Endpoints,  Worst Slack        2.408ns,  Total Violation        0.000ns
---------------------------------------------------------------------------------------------------


Pulse Width Checks
--------------------------------------------------------------------------------------
Clock Name:         clkout1_1
Waveform(ns):       { 0.000 2.000 }
Period(ns):         4.000
Sources:            { u_pl/u_clk/u_mmcm/CLKOUT1 }

Check Type  Corner  Lib Pin             Reference Pin  Required(ns)  Actual(ns)  Slack(ns)  Location         Pin
Min Period  n/a     BUFG/I              n/a            1.592         4.000       2.408      BUFGCTRL_X0Y2    u_pl/u_clk/u_bufg_5x/I
Max Period  n/a     MMCME2_ADV/CLKOUT1  n/a            213.360       4.000       209.360    MMCME2_ADV_X1Y0  u_pl/u_clk/u_mmcm/CLKOUT1



---------------------------------------------------------------------------------------------------
From Clock:  clkout2
  To Clock:  clkout2

Setup :           NA  Failing Endpoints,  Worst Slack           NA  ,  Total Violation           NA
Hold  :           NA  Failing Endpoints,  Worst Slack           NA  ,  Total Violation           NA
PW    :            0  Failing Endpoints,  Worst Slack        0.264ns,  Total Violation        0.000ns
---------------------------------------------------------------------------------------------------


Pulse Width Checks
--------------------------------------------------------------------------------------
Clock Name:         clkout2
Waveform(ns):       { 0.000 2.500 }
Period(ns):         5.000
Sources:            { u_idelay_clkgen/u_mmcm/CLKOUT2 }

Check Type  Corner  Lib Pin            Reference Pin  Required(ns)  Actual(ns)  Slack(ns)  Location         Pin
Min Period  n/a     IDELAYCTRL/REFCLK  n/a            2.438         5.000       2.562      IDELAYCTRL_X1Y0  u_eth/u_rgmii/u_rgmii_rx/IDELAYCTRL_inst/REFCLK
Max Period  n/a     IDELAYCTRL/REFCLK  n/a            5.264         5.000       0.264      IDELAYCTRL_X1Y0  u_eth/u_rgmii/u_rgmii_rx/IDELAYCTRL_inst/REFCLK



---------------------------------------------------------------------------------------------------
From Clock:  clkout0_1
  To Clock:  sys_clk

Setup :            0  Failing Endpoints,  Worst Slack       14.401ns,  Total Violation        0.000ns
Hold  :            0  Failing Endpoints,  Worst Slack        0.286ns,  Total Violation        0.000ns
---------------------------------------------------------------------------------------------------


Max Delay Paths
--------------------------------------------------------------------------------------
Slack (MET) :             14.401ns  (required time - arrival time)
  Source:                 u_pl/u_split_x/bus_q_reg[16]/C
                            (rising edge-triggered cell FDCE clocked by clkout0_1  {rise@0.000ns fall@10.000ns period=20.000ns})
  Destination:            u_pl/u_ang/angle_reg[6]/D
                            (rising edge-triggered cell FDRE clocked by sys_clk  {rise@0.000ns fall@10.000ns period=20.000ns})
  Path Group:             sys_clk
  Path Type:              Setup (Max at Slow Process Corner)
  Requirement:            20.000ns  (sys_clk rise@20.000ns - clkout0_1 rise@0.000ns)
  Data Path Delay:        5.398ns  (logic 2.042ns (37.828%)  route 3.356ns (62.172%))
  Logic Levels:           8  (CARRY4=2 LUT2=2 LUT5=2 LUT6=1 MUXF7=1)
  Clock Path Skew:        -0.001ns (DCD - SCD + CPR)
    Destination Clock Delay (DCD):    4.518ns = ( 24.518 - 20.000 ) 
    Source Clock Delay      (SCD):    4.765ns
    Clock Pessimism Removal (CPR):    0.246ns
  Clock Uncertainty:      0.259ns  ((TSJ^2 + DJ^2)^1/2) / 2 + PE
    Total System Jitter     (TSJ):    0.071ns
    Discrete Jitter          (DJ):    0.175ns
    Phase Error              (PE):    0.165ns

    Location             Delay type                Incr(ns)  Path(ns)    Netlist Resource(s)
  -------------------------------------------------------------------    -------------------
                         (clock clkout0_1 rise edge)
                                                      0.000     0.000 r  
    W17                                               0.000     0.000 r  sys_clk (IN)
                         net (fo=0)                   0.000     0.000    sys_clk
    W17                  IBUF (Prop_ibuf_I_O)         1.415     1.415 r  sys_clk_IBUF_inst/O
                         net (fo=1, routed)           1.873     3.288    sys_clk_IBUF
    BUFGCTRL_X0Y4        BUFG (Prop_bufg_I_O)         0.085     3.373 r  sys_clk_IBUF_BUFG_inst/O
                         net (fo=186, routed)         1.550     4.923    u_pl/u_clk/sys_clk_IBUF_BUFG
    MMCME2_ADV_X1Y0      MMCME2_ADV (Prop_mmcme2_adv_CLKIN1_CLKOUT0)
                                                     -3.232     1.691 r  u_pl/u_clk/u_mmcm/CLKOUT0
                         net (fo=1, routed)           1.597     3.288    u_pl/u_clk/clkout0
    BUFGCTRL_X0Y0        BUFG (Prop_bufg_I_O)         0.085     3.373 r  u_pl/u_clk/u_bufg_pix/O
                         net (fo=5700, routed)        1.392     4.765    u_pl/u_split_x/clk_pix
    SLICE_X45Y98         FDCE                                         r  u_pl/u_split_x/bus_q_reg[16]/C
  -------------------------------------------------------------------    -------------------
    SLICE_X45Y98         FDCE (Prop_fdce_C_Q)         0.379     5.144 r  u_pl/u_split_x/bus_q_reg[16]/Q
                         net (fo=2, routed)           0.929     6.074    u_pl/u_ang/bus_q[1]
    SLICE_X44Y100        LUT2 (Prop_lut2_I1_O)        0.105     6.179 r  u_pl/u_ang/angle[3]_i_6/O
                         net (fo=1, routed)           0.000     6.179    u_pl/u_ang/angle[3]_i_6_n_0
    SLICE_X44Y100        CARRY4 (Prop_carry4_S[1]_CO[3])
                                                      0.457     6.636 r  u_pl/u_ang/angle_reg[3]_i_2/CO[3]
                         net (fo=1, routed)           0.000     6.636    u_pl/u_ang/angle_reg[3]_i_2_n_0
    SLICE_X44Y101        CARRY4 (Prop_carry4_CI_O[0])
                                                      0.180     6.816 r  u_pl/u_ang/angle_reg[7]_i_5/O[0]
                         net (fo=6, routed)           0.572     7.388    u_pl/u_ang/angle_reg[7]_i_5_n_7
    SLICE_X45Y101        LUT2 (Prop_lut2_I0_O)        0.249     7.637 f  u_pl/u_ang/angle[3]_i_8/O
                         net (fo=1, routed)           0.314     7.951    u_pl/u_ang/angle[3]_i_8_n_0
    SLICE_X45Y102        LUT6 (Prop_lut6_I3_O)        0.105     8.056 r  u_pl/u_ang/angle[3]_i_3/O
                         net (fo=5, routed)           1.333     9.388    u_pl/u_ang/angle[3]_i_3_n_0
    SLICE_X45Y101        LUT5 (Prop_lut5_I4_O)        0.121     9.509 r  u_pl/u_ang/angle[6]_i_4/O
                         net (fo=1, routed)           0.208     9.717    u_pl/u_ang/angle[6]_i_4_n_0
    SLICE_X45Y101        LUT5 (Prop_lut5_I4_O)        0.268     9.985 r  u_pl/u_ang/angle[6]_i_2/O
                         net (fo=1, routed)           0.000     9.985    u_pl/u_ang/angle[6]_i_2_n_0
    SLICE_X45Y101        MUXF7 (Prop_muxf7_I0_O)      0.178    10.163 r  u_pl/u_ang/angle_reg[6]_i_1/O
                         net (fo=1, routed)           0.000    10.163    u_pl/u_ang/p_1_in__0[6]
    SLICE_X45Y101        FDRE                                         r  u_pl/u_ang/angle_reg[6]/D
  -------------------------------------------------------------------    -------------------

                         (clock sys_clk rise edge)   20.000    20.000 r  
    W17                                               0.000    20.000 r  sys_clk (IN)
                         net (fo=0)                   0.000    20.000    sys_clk
    W17                  IBUF (Prop_ibuf_I_O)         1.349    21.349 r  sys_clk_IBUF_inst/O
                         net (fo=1, routed)           1.701    23.050    sys_clk_IBUF
    BUFGCTRL_X0Y4        BUFG (Prop_bufg_I_O)         0.077    23.127 r  sys_clk_IBUF_BUFG_inst/O
                         net (fo=186, routed)         1.391    24.518    u_pl/u_ang/sys_clk_IBUF_BUFG
    SLICE_X45Y101        FDRE                                         r  u_pl/u_ang/angle_reg[6]/C
                         clock pessimism              0.246    24.764    
                         clock uncertainty           -0.259    24.505    
    SLICE_X45Y101        FDRE (Setup_fdre_C_D)        0.060    24.565    u_pl/u_ang/angle_reg[6]
  -------------------------------------------------------------------
                         required time                         24.565    
                         arrival time                         -10.163    
  -------------------------------------------------------------------
                         slack                                 14.401    





Min Delay Paths
--------------------------------------------------------------------------------------
Slack (MET) :             0.286ns  (arrival time - required time)
  Source:                 u_pl/u_split_x/bus_q_reg[14]/C
                            (rising edge-triggered cell FDCE clocked by clkout0_1  {rise@0.000ns fall@10.000ns period=20.000ns})
  Destination:            u_pl/u_ang/angle_reg[4]_rep/CE
                            (rising edge-triggered cell FDRE clocked by sys_clk  {rise@0.000ns fall@10.000ns period=20.000ns})
  Path Group:             sys_clk
  Path Type:              Hold (Min at Fast Process Corner)
  Requirement:            0.000ns  (sys_clk rise@0.000ns - clkout0_1 rise@0.000ns)
  Data Path Delay:        0.884ns  (logic 0.231ns (26.133%)  route 0.653ns (73.867%))
  Logic Levels:           2  (LUT3=1 LUT6=1)
  Clock Path Skew:        0.354ns (DCD - SCD - CPR)
    Destination Clock Delay (DCD):    2.113ns
    Source Clock Delay      (SCD):    1.511ns
    Clock Pessimism Removal (CPR):    0.248ns
  Clock Uncertainty:      0.259ns  ((TSJ^2 + DJ^2)^1/2) / 2 + PE
    Total System Jitter     (TSJ):    0.071ns
    Discrete Jitter          (DJ):    0.175ns
    Phase Error              (PE):    0.165ns

    Location             Delay type                Incr(ns)  Path(ns)    Netlist Resource(s)
  -------------------------------------------------------------------    -------------------
                         (clock clkout0_1 rise edge)
                                                      0.000     0.000 r  
    W17                                               0.000     0.000 r  sys_clk (IN)
                         net (fo=0)                   0.000     0.000    sys_clk
    W17                  IBUF (Prop_ibuf_I_O)         0.252     0.252 r  sys_clk_IBUF_inst/O
                         net (fo=1, routed)           0.674     0.926    sys_clk_IBUF
    BUFGCTRL_X0Y4        BUFG (Prop_bufg_I_O)         0.026     0.952 r  sys_clk_IBUF_BUFG_inst/O
                         net (fo=186, routed)         0.595     1.547    u_pl/u_clk/sys_clk_IBUF_BUFG
    MMCME2_ADV_X1Y0      MMCME2_ADV (Prop_mmcme2_adv_CLKIN1_CLKOUT0)
                                                     -1.150     0.397 r  u_pl/u_clk/u_mmcm/CLKOUT0
                         net (fo=1, routed)           0.529     0.926    u_pl/u_clk/clkout0
    BUFGCTRL_X0Y0        BUFG (Prop_bufg_I_O)         0.026     0.952 r  u_pl/u_clk/u_bufg_pix/O
                         net (fo=5700, routed)        0.559     1.511    u_pl/u_split_x/clk_pix
    SLICE_X45Y98         FDCE                                         r  u_pl/u_split_x/bus_q_reg[14]/C
  -------------------------------------------------------------------    -------------------
    SLICE_X45Y98         FDCE (Prop_fdce_C_Q)         0.141     1.652 r  u_pl/u_split_x/bus_q_reg[14]/Q
                         net (fo=1, routed)           0.196     1.848    u_pl/u_split_x/gp__0[14]
    SLICE_X45Y100        LUT6 (Prop_lut6_I0_O)        0.045     1.893 r  u_pl/u_split_x/angle[8]_i_3/O
                         net (fo=1, routed)           0.200     2.093    u_pl/u_split_x/angle[8]_i_3_n_0
    SLICE_X47Y101        LUT3 (Prop_lut3_I0_O)        0.045     2.138 r  u_pl/u_split_x/angle[8]_i_1/O
                         net (fo=10, routed)          0.257     2.395    u_pl/u_ang/angle_reg[0]_8
    SLICE_X46Y101        FDRE                                         r  u_pl/u_ang/angle_reg[4]_rep/CE
  -------------------------------------------------------------------    -------------------

                         (clock sys_clk rise edge)    0.000     0.000 r  
    W17                                               0.000     0.000 r  sys_clk (IN)
                         net (fo=0)                   0.000     0.000    sys_clk
    W17                  IBUF (Prop_ibuf_I_O)         0.440     0.440 r  sys_clk_IBUF_inst/O
                         net (fo=1, routed)           0.731     1.171    sys_clk_IBUF
    BUFGCTRL_X0Y4        BUFG (Prop_bufg_I_O)         0.029     1.200 r  sys_clk_IBUF_BUFG_inst/O
                         net (fo=186, routed)         0.913     2.113    u_pl/u_ang/sys_clk_IBUF_BUFG
    SLICE_X46Y101        FDRE                                         r  u_pl/u_ang/angle_reg[4]_rep/C
                         clock pessimism             -0.248     1.865    
                         clock uncertainty            0.259     2.124    
    SLICE_X46Y101        FDRE (Hold_fdre_C_CE)       -0.016     2.108    u_pl/u_ang/angle_reg[4]_rep
  -------------------------------------------------------------------
                         required time                         -2.108    
                         arrival time                           2.395    
  -------------------------------------------------------------------
                         slack                                  0.286    





---------------------------------------------------------------------------------------------------
From Clock:  sys_clk
  To Clock:  clkout0_1

Setup :            0  Failing Endpoints,  Worst Slack        3.913ns,  Total Violation        0.000ns
Hold  :            0  Failing Endpoints,  Worst Slack        0.210ns,  Total Violation        0.000ns
---------------------------------------------------------------------------------------------------


Max Delay Paths
--------------------------------------------------------------------------------------
Slack (MET) :             3.913ns  (required time - arrival time)
  Source:                 u_pl/u_ang/angle_reg[2]/C
                            (rising edge-triggered cell FDRE clocked by sys_clk  {rise@0.000ns fall@10.000ns period=20.000ns})
  Destination:            u_pl/u_osd/b_reg[4]/D
                            (rising edge-triggered cell FDCE clocked by clkout0_1  {rise@0.000ns fall@10.000ns period=20.000ns})
  Path Group:             clkout0_1
  Path Type:              Setup (Max at Slow Process Corner)
  Requirement:            20.000ns  (clkout0_1 rise@20.000ns - sys_clk rise@0.000ns)
  Data Path Delay:        15.584ns  (logic 4.199ns (26.944%)  route 11.385ns (73.056%))
  Logic Levels:           21  (CARRY4=4 LUT2=1 LUT3=3 LUT4=1 LUT5=1 LUT6=10 MUXF7=1)
  Clock Path Skew:        -0.274ns (DCD - SCD + CPR)
    Destination Clock Delay (DCD):    4.415ns = ( 24.415 - 20.000 ) 
    Source Clock Delay      (SCD):    4.935ns
    Clock Pessimism Removal (CPR):    0.246ns
  Clock Uncertainty:      0.259ns  ((TSJ^2 + DJ^2)^1/2) / 2 + PE
    Total System Jitter     (TSJ):    0.071ns
    Discrete Jitter          (DJ):    0.175ns
    Phase Error              (PE):    0.165ns

    Location             Delay type                Incr(ns)  Path(ns)    Netlist Resource(s)
  -------------------------------------------------------------------    -------------------
                         (clock sys_clk rise edge)    0.000     0.000 r  
    W17                                               0.000     0.000 r  sys_clk (IN)
                         net (fo=0)                   0.000     0.000    sys_clk
    W17                  IBUF (Prop_ibuf_I_O)         1.415     1.415 r  sys_clk_IBUF_inst/O
                         net (fo=1, routed)           1.873     3.288    sys_clk_IBUF
    BUFGCTRL_X0Y4        BUFG (Prop_bufg_I_O)         0.085     3.373 r  sys_clk_IBUF_BUFG_inst/O
                         net (fo=186, routed)         1.562     4.935    u_pl/u_ang/sys_clk_IBUF_BUFG
    SLICE_X47Y101        FDRE                                         r  u_pl/u_ang/angle_reg[2]/C
  -------------------------------------------------------------------    -------------------
    SLICE_X47Y101        FDRE (Prop_fdre_C_Q)         0.379     5.314 r  u_pl/u_ang/angle_reg[2]/Q
                         net (fo=201, routed)         1.457     6.771    u_pl/u_ang/angle_reg_n_0_[2]
    SLICE_X52Y75         LUT2 (Prop_lut2_I1_O)        0.105     6.876 r  u_pl/u_ang/g0_b0_i_821/O
                         net (fo=1, routed)           0.000     6.876    u_pl/u_ang/g0_b0_i_821_n_0
    SLICE_X52Y75         CARRY4 (Prop_carry4_S[3]_CO[3])
                                                      0.332     7.208 r  u_pl/u_ang/g0_b0_i_711/CO[3]
                         net (fo=1, routed)           0.000     7.208    u_pl/u_ang/g0_b0_i_711_n_0
    SLICE_X52Y76         CARRY4 (Prop_carry4_CI_CO[3])
                                                      0.098     7.306 r  u_pl/u_ang/g0_b0_i_462/CO[3]
                         net (fo=1, routed)           0.000     7.306    u_pl/u_ang/g0_b0_i_462_n_0
    SLICE_X52Y77         CARRY4 (Prop_carry4_CI_O[1])
                                                      0.265     7.571 r  u_pl/u_ang/g0_b0_i_203/O[1]
                         net (fo=16, routed)          0.730     8.301    u_pl/u_ang/g0_b0_i_203_n_6
    SLICE_X53Y78         LUT3 (Prop_lut3_I0_O)        0.264     8.565 r  u_pl/u_ang/g0_b0_i_465/O
                         net (fo=2, routed)           0.695     9.259    u_pl/u_ang/g0_b0_i_465_n_0
    SLICE_X53Y78         LUT5 (Prop_lut5_I0_O)        0.267     9.526 r  u_pl/u_ang/g0_b0_i_468/O
                         net (fo=1, routed)           0.000     9.526    u_pl/u_ang/g0_b0_i_468_n_0
    SLICE_X53Y78         CARRY4 (Prop_carry4_S[1]_CO[2])
                                                      0.475    10.001 r  u_pl/u_ang/g0_b0_i_204/CO[2]
                         net (fo=8, routed)           0.740    10.741    u_pl/u_ang/g0_b0_i_204_n_1
    SLICE_X54Y77         LUT4 (Prop_lut4_I3_O)        0.281    11.022 f  u_pl/u_ang/g0_b0_i_76/O
                         net (fo=48, routed)          0.567    11.590    u_pl/u_ang/angle_reg[8]_0
    SLICE_X55Y77         LUT6 (Prop_lut6_I0_O)        0.264    11.854 r  u_pl/u_ang/g0_b0_i_272/O
                         net (fo=16, routed)          1.005    12.858    u_pl/u_ang/angle_reg[4]_0
    SLICE_X60Y77         LUT6 (Prop_lut6_I3_O)        0.105    12.963 r  u_pl/u_ang/g0_b0_i_395/O
                         net (fo=1, routed)           0.551    13.515    u_pl/u_ang/g0_b0_i_395_n_0
    SLICE_X60Y77         LUT3 (Prop_lut3_I2_O)        0.105    13.620 f  u_pl/u_ang/g0_b0_i_159/O
                         net (fo=1, routed)           0.455    14.075    u_pl/u_ang/g0_b0_i_159_n_0
    SLICE_X60Y78         LUT6 (Prop_lut6_I3_O)        0.105    14.180 f  u_pl/u_ang/g0_b0_i_57/O
                         net (fo=1, routed)           0.581    14.761    u_pl/u_split_ctrl/g0_b0_i_9_9
    SLICE_X67Y82         LUT6 (Prop_lut6_I2_O)        0.105    14.866 r  u_pl/u_split_ctrl/g0_b0_i_25/O
                         net (fo=12, routed)          0.957    15.823    u_pl/u_osd/chars[1]
    SLICE_X81Y82         LUT6 (Prop_lut6_I0_O)        0.105    15.928 r  u_pl/u_osd/g0_b0_i_12/O
                         net (fo=1, routed)           0.612    16.540    u_pl/u_osd/g0_b0_i_12_n_0
    SLICE_X84Y83         LUT3 (Prop_lut3_I0_O)        0.105    16.645 r  u_pl/u_osd/g0_b0_i_3/O
                         net (fo=35, routed)          0.904    17.549    u_pl/glyph_idx[2]
    SLICE_X80Y84         LUT6 (Prop_lut6_I2_O)        0.105    17.654 r  u_pl/g0_b1__1/O
                         net (fo=1, routed)           0.488    18.142    u_pl/u_split_ctrl/r[7]_i_16_3[1]
    SLICE_X81Y84         LUT6 (Prop_lut6_I5_O)        0.105    18.247 f  u_pl/u_split_ctrl/r[7]_i_94/O
                         net (fo=1, routed)           0.664    18.911    u_pl/u_split_ctrl/r[7]_i_94_n_0
    SLICE_X82Y83         LUT6 (Prop_lut6_I3_O)        0.105    19.016 f  u_pl/u_split_ctrl/r[7]_i_53/O
                         net (fo=1, routed)           0.000    19.016    u_pl/u_split_ctrl/r[7]_i_53_n_0
    SLICE_X82Y83         MUXF7 (Prop_muxf7_I1_O)      0.178    19.194 f  u_pl/u_split_ctrl/r_reg[7]_i_21/O
                         net (fo=1, routed)           0.512    19.707    u_pl/u_split_ctrl/r_reg[7]_i_21_n_0
    SLICE_X84Y81         LUT6 (Prop_lut6_I5_O)        0.241    19.948 r  u_pl/u_split_ctrl/r[7]_i_6/O
                         net (fo=19, routed)          0.467    20.414    u_pl/u_split/b_reg[2]_2
    SLICE_X84Y81         LUT6 (Prop_lut6_I5_O)        0.105    20.519 r  u_pl/u_split/b[4]_i_1/O
                         net (fo=1, routed)           0.000    20.519    u_pl/u_osd/b_reg[7]_0[2]
    SLICE_X84Y81         FDCE                                         r  u_pl/u_osd/b_reg[4]/D
  -------------------------------------------------------------------    -------------------

                         (clock clkout0_1 rise edge)
                                                     20.000    20.000 r  
    W17                                               0.000    20.000 r  sys_clk (IN)
                         net (fo=0)                   0.000    20.000    sys_clk
    W17                  IBUF (Prop_ibuf_I_O)         1.349    21.349 r  sys_clk_IBUF_inst/O
                         net (fo=1, routed)           1.701    23.050    sys_clk_IBUF
    BUFGCTRL_X0Y4        BUFG (Prop_bufg_I_O)         0.077    23.127 r  sys_clk_IBUF_BUFG_inst/O
                         net (fo=186, routed)         1.384    24.511    u_pl/u_clk/sys_clk_IBUF_BUFG
    MMCME2_ADV_X1Y0      MMCME2_ADV (Prop_mmcme2_adv_CLKIN1_CLKOUT0)
                                                     -2.915    21.596 r  u_pl/u_clk/u_mmcm/CLKOUT0
                         net (fo=1, routed)           1.454    23.050    u_pl/u_clk/clkout0
    BUFGCTRL_X0Y0        BUFG (Prop_bufg_I_O)         0.077    23.127 r  u_pl/u_clk/u_bufg_pix/O
                         net (fo=5700, routed)        1.288    24.415    u_pl/u_osd/clk_pix
    SLICE_X84Y81         FDCE                                         r  u_pl/u_osd/b_reg[4]/C
                         clock pessimism              0.246    24.661    
                         clock uncertainty           -0.259    24.402    
    SLICE_X84Y81         FDCE (Setup_fdce_C_D)        0.030    24.432    u_pl/u_osd/b_reg[4]
  -------------------------------------------------------------------
                         required time                         24.432    
                         arrival time                         -20.519    
  -------------------------------------------------------------------
                         slack                                  3.913    





Min Delay Paths
--------------------------------------------------------------------------------------
Slack (MET) :             0.210ns  (arrival time - required time)
  Source:                 u_pl/u_k1l/tog_reg/C
                            (rising edge-triggered cell FDRE clocked by sys_clk  {rise@0.000ns fall@10.000ns period=20.000ns})
  Destination:            u_pl/u_mode/lsync_reg[0]/D
                            (rising edge-triggered cell FDCE clocked by clkout0_1  {rise@0.000ns fall@10.000ns period=20.000ns})
  Path Group:             clkout0_1
  Path Type:              Hold (Min at Fast Process Corner)
  Requirement:            0.000ns  (clkout0_1 rise@0.000ns - sys_clk rise@0.000ns)
  Data Path Delay:        0.758ns  (logic 0.128ns (16.892%)  route 0.630ns (83.108%))
  Logic Levels:           0  
  Clock Path Skew:        0.272ns (DCD - SCD - CPR)
    Destination Clock Delay (DCD):    2.112ns
    Source Clock Delay      (SCD):    1.592ns
    Clock Pessimism Removal (CPR):    0.248ns
  Clock Uncertainty:      0.259ns  ((TSJ^2 + DJ^2)^1/2) / 2 + PE
    Total System Jitter     (TSJ):    0.071ns
    Discrete Jitter          (DJ):    0.175ns
    Phase Error              (PE):    0.165ns

    Location             Delay type                Incr(ns)  Path(ns)    Netlist Resource(s)
  -------------------------------------------------------------------    -------------------
                         (clock sys_clk rise edge)    0.000     0.000 r  
    W17                                               0.000     0.000 r  sys_clk (IN)
                         net (fo=0)                   0.000     0.000    sys_clk
    W17                  IBUF (Prop_ibuf_I_O)         0.252     0.252 r  sys_clk_IBUF_inst/O
                         net (fo=1, routed)           0.674     0.926    sys_clk_IBUF
    BUFGCTRL_X0Y4        BUFG (Prop_bufg_I_O)         0.026     0.952 r  sys_clk_IBUF_BUFG_inst/O
                         net (fo=186, routed)         0.640     1.592    u_pl/u_k1l/sys_clk_IBUF_BUFG
    SLICE_X41Y106        FDRE                                         r  u_pl/u_k1l/tog_reg/C
  -------------------------------------------------------------------    -------------------
    SLICE_X41Y106        FDRE (Prop_fdre_C_Q)         0.128     1.720 r  u_pl/u_k1l/tog_reg/Q
                         net (fo=3, routed)           0.630     2.350    u_pl/u_mode/D[0]
    SLICE_X41Y103        FDCE                                         r  u_pl/u_mode/lsync_reg[0]/D
  -------------------------------------------------------------------    -------------------

                         (clock clkout0_1 rise edge)
                                                      0.000     0.000 r  
    W17                                               0.000     0.000 r  sys_clk (IN)
                         net (fo=0)                   0.000     0.000    sys_clk
    W17                  IBUF (Prop_ibuf_I_O)         0.440     0.440 r  sys_clk_IBUF_inst/O
                         net (fo=1, routed)           0.731     1.171    sys_clk_IBUF
    BUFGCTRL_X0Y4        BUFG (Prop_bufg_I_O)         0.029     1.200 r  sys_clk_IBUF_BUFG_inst/O
                         net (fo=186, routed)         0.862     2.062    u_pl/u_clk/sys_clk_IBUF_BUFG
    MMCME2_ADV_X1Y0      MMCME2_ADV (Prop_mmcme2_adv_CLKIN1_CLKOUT0)
                                                     -1.467     0.595 r  u_pl/u_clk/u_mmcm/CLKOUT0
                         net (fo=1, routed)           0.576     1.171    u_pl/u_clk/clkout0
    BUFGCTRL_X0Y0        BUFG (Prop_bufg_I_O)         0.029     1.200 r  u_pl/u_clk/u_bufg_pix/O
                         net (fo=5700, routed)        0.912     2.112    u_pl/u_mode/clk_pix
    SLICE_X41Y103        FDCE                                         r  u_pl/u_mode/lsync_reg[0]/C
                         clock pessimism             -0.248     1.864    
                         clock uncertainty            0.259     2.123    
    SLICE_X41Y103        FDCE (Hold_fdce_C_D)         0.017     2.140    u_pl/u_mode/lsync_reg[0]
  -------------------------------------------------------------------
                         required time                         -2.140    
                         arrival time                           2.350    
  -------------------------------------------------------------------
                         slack                                  0.210    





