Copyright 1986-2022 Xilinx, Inc. All Rights Reserved. Copyright 2022-2026 Advanced Micro Devices, Inc. All Rights Reserved.
---------------------------------------------------------------------------------------------------------------------------------------------
| Tool Version : Vivado v.2025.2.1 (win64) Build 6403652 Thu Mar 19 19:48:24 GMT 2026
| Date         : Mon Oct  5 11:36:32 2026
| Host         : Uie-laptop running 64-bit major release  (build 9200)
| Command      : report_timing_summary -file D:/Xilinx/Prj/pro/Video_Processing/build/isolated_1006_csumconst/timing_summary.rpt
| Design       : system_top
| Device       : 7z020-clg484
| Speed File   : -2  PRODUCTION 1.12 2019-11-22
| Design State : Routed
---------------------------------------------------------------------------------------------------------------------------------------------

Timing Summary Report

------------------------------------------------------------------------------------------------
| Timer Settings
| --------------
------------------------------------------------------------------------------------------------

  Enable Multi Corner Analysis               :  Yes
  Enable Pessimism Removal                   :  Yes
  Pessimism Removal Resolution               :  Nearest Common Node
  Enable Input Delay Default Clock           :  No
  Enable Preset / Clear Arcs                 :  No
  Disable Flight Delays                      :  No
  Ignore I/O Paths                           :  No
  Timing Early Launch at Borrowing Latches   :  No
  Borrow Time for Max Delay Exceptions       :  Yes
  Merge Timing Exceptions                    :  Yes
  Inter-SLR Compensation                     :  Conservative

  Corner  Analyze    Analyze    
  Name    Max Paths  Min Paths  
  ------  ---------  ---------  
  Slow    Yes        Yes        
  Fast    Yes        Yes        


------------------------------------------------------------------------------------------------
| Report Methodology
| ------------------
------------------------------------------------------------------------------------------------

Rule       Severity  Description                                                Violations  
---------  --------  ---------------------------------------------------------  ----------  
DPIR-1     Warning   Asynchronous driver check                                  2           
LUTAR-1    Warning   LUT drives async reset alert                               1           
SYNTH-5    Warning   Mapped onto distributed RAM because of timing constraints  336         
SYNTH-6    Warning   Timing of a RAM block might be sub-optimal                 98          
TIMING-9   Warning   Unknown CDC Logic                                          1           
TIMING-10  Warning   Missing property on synchronizer                           1           
TIMING-18  Warning   Missing input or output delay                              7           

Note: This report is based on the most recent report_methodology run and may not be up-to-date. Run report_methodology on the current design for the latest report.



check_timing report

Table of Contents
-----------------
1. checking no_clock (0)
2. checking constant_clock (0)
3. checking pulse_width_clock (0)
4. checking unconstrained_internal_endpoints (0)
5. checking no_input_delay (7)
6. checking no_output_delay (12)
7. checking multiple_clock (0)
8. checking generated_clocks (0)
9. checking loops (0)
10. checking partial_input_delay (0)
11. checking partial_output_delay (0)
12. checking latch_loops (0)

1. checking no_clock (0)
------------------------
 There are 0 register/latch pins with no clock.


2. checking constant_clock (0)
------------------------------
 There are 0 register/latch pins with constant_clock.


3. checking pulse_width_clock (0)
---------------------------------
 There are 0 register/latch pins which need pulse_width check


4. checking unconstrained_internal_endpoints (0)
------------------------------------------------
 There are 0 pins that are not constrained for maximum delay.

 There are 0 pins that are not constrained for maximum delay due to constant clock.


5. checking no_input_delay (7)
------------------------------
 There are 5 input ports with no input delay specified. (HIGH)

 There are 2 input ports with no input delay but user has a false path constraint. (MEDIUM)


6. checking no_output_delay (12)
--------------------------------
 There are 6 ports with no output delay specified. (HIGH)

 There are 6 ports with no output delay but user has a false path constraint (MEDIUM)

 There are 0 ports with no output delay but with a timing clock defined on it or propagating through it


7. checking multiple_clock (0)
------------------------------
 There are 0 register/latch pins with multiple clocks.


8. checking generated_clocks (0)
--------------------------------
 There are 0 generated clocks that are not connected to a clock source.


9. checking loops (0)
---------------------
 There are 0 combinational loops in the design.


10. checking partial_input_delay (0)
------------------------------------
 There are 0 input ports with partial input delay specified.


11. checking partial_output_delay (0)
-------------------------------------
 There are 0 ports with partial output delay specified.


12. checking latch_loops (0)
----------------------------
 There are 0 combinational latch loops in the design through latch input



------------------------------------------------------------------------------------------------
| Design Timing Summary
| ---------------------
------------------------------------------------------------------------------------------------

    WNS(ns)      TNS(ns)  TNS Failing Endpoints  TNS Total Endpoints      WHS(ns)      THS(ns)  THS Failing Endpoints  THS Total Endpoints     WPWS(ns)     TPWS(ns)  TPWS Failing Endpoints  TPWS Total Endpoints  
    -------      -------  ---------------------  -------------------      -------      -------  ---------------------  -------------------     --------     --------  ----------------------  --------------------  
      0.692        0.000                      0                51119        0.053        0.000                      0                51119        0.264        0.000                       0                 12634  


All user specified timing constraints are met.


------------------------------------------------------------------------------------------------
| Clock Summary
| -------------
------------------------------------------------------------------------------------------------

Clock         Waveform(ns)         Period(ns)      Frequency(MHz)
-----         ------------         ----------      --------------
clk_fpga_0    {0.000 5.000}        10.000          100.000         
eth_rxc       {0.000 4.000}        8.000           125.000         
sys_clk       {0.000 10.000}       20.000          50.000          
  clkfbout    {0.000 10.000}       20.000          50.000          
  clkfbout_1  {0.000 10.000}       20.000          50.000          
  clkout0_1   {0.000 10.000}       20.000          50.000          
  clkout1_1   {0.000 2.000}        4.000           250.000         
  clkout2     {0.000 2.500}        5.000           200.000         


------------------------------------------------------------------------------------------------
| Intra Clock Table
| -----------------
------------------------------------------------------------------------------------------------

Clock             WNS(ns)      TNS(ns)  TNS Failing Endpoints  TNS Total Endpoints      WHS(ns)      THS(ns)  THS Failing Endpoints  THS Total Endpoints     WPWS(ns)     TPWS(ns)  TPWS Failing Endpoints  TPWS Total Endpoints  
-----             -------      -------  ---------------------  -------------------      -------      -------  ---------------------  -------------------     --------     --------  ----------------------  --------------------  
clk_fpga_0          1.776        0.000                      0                15721        0.053        0.000                      0                15721        3.870        0.000                       0                  4374  
eth_rxc             0.692        0.000                      0                 4819        0.053        0.000                      0                 4819        3.500        0.000                       0                  2546  
sys_clk            15.175        0.000                      0                  323        0.092        0.000                      0                  323        7.000        0.000                       0                   187  
  clkfbout                                                                                                                                                     18.408        0.000                       0                     3  
  clkfbout_1                                                                                                                                                   18.408        0.000                       0                     3  
  clkout0_1         3.723        0.000                      0                30179        0.059        0.000                      0                30179        8.870        0.000                       0                  5508  
  clkout1_1                                                                                                                                                     2.408        0.000                       0                    10  
  clkout2                                                                                                                                                       0.264        0.000                       0                     3  


------------------------------------------------------------------------------------------------
| Inter Clock Table
| -----------------
------------------------------------------------------------------------------------------------

From Clock    To Clock          WNS(ns)      TNS(ns)  TNS Failing Endpoints  TNS Total Endpoints      WHS(ns)      THS(ns)  THS Failing Endpoints  THS Total Endpoints  
----------    --------          -------      -------  ---------------------  -------------------      -------      -------  ---------------------  -------------------  
clkout0_1     sys_clk            14.448        0.000                      0                   19        0.192        0.000                      0                   19  
sys_clk       clkout0_1           4.851        0.000                      0                  231        0.173        0.000                      0                  231  


------------------------------------------------------------------------------------------------
| Other Path Groups Table
| -----------------------
------------------------------------------------------------------------------------------------

Path Group    From Clock    To Clock          WNS(ns)      TNS(ns)  TNS Failing Endpoints  TNS Total Endpoints      WHS(ns)      THS(ns)  THS Failing Endpoints  THS Total Endpoints  
----------    ----------    --------          -------      -------  ---------------------  -------------------      -------      -------  ---------------------  -------------------  


------------------------------------------------------------------------------------------------
| Timing Details
| --------------
------------------------------------------------------------------------------------------------


---------------------------------------------------------------------------------------------------
From Clock:  clk_fpga_0
  To Clock:  clk_fpga_0

Setup :            0  Failing Endpoints,  Worst Slack        1.776ns,  Total Violation        0.000ns
Hold  :            0  Failing Endpoints,  Worst Slack        0.053ns,  Total Violation        0.000ns
PW    :            0  Failing Endpoints,  Worst Slack        3.870ns,  Total Violation        0.000ns
---------------------------------------------------------------------------------------------------


Max Delay Paths
--------------------------------------------------------------------------------------
Slack (MET) :             1.776ns  (required time - arrival time)
  Source:                 u_pl/u_arb/owner_eth_reg/C
                            (rising edge-triggered cell FDCE clocked by clk_fpga_0  {rise@0.000ns fall@5.000ns period=10.000ns})
  Destination:            u_pl/u_bilin/u_fb/lo_reg_0_16/ADDRARDADDR[1]
                            (rising edge-triggered cell RAMB36E1 clocked by clk_fpga_0  {rise@0.000ns fall@5.000ns period=10.000ns})
  Path Group:             clk_fpga_0
  Path Type:              Setup (Max at Slow Process Corner)
  Requirement:            10.000ns  (clk_fpga_0 rise@10.000ns - clk_fpga_0 rise@0.000ns)
  Data Path Delay:        7.622ns  (logic 0.484ns (6.350%)  route 7.138ns (93.650%))
  Logic Levels:           1  (LUT3=1)
  Clock Path Skew:        0.041ns (DCD - SCD + CPR)
    Destination Clock Delay (DCD):    2.387ns = ( 12.387 - 10.000 ) 
    Source Clock Delay      (SCD):    2.442ns
    Clock Pessimism Removal (CPR):    0.097ns
  Clock Uncertainty:      0.154ns  ((TSJ^2 + TIJ^2)^1/2 + DJ) / 2 + PE
    Total System Jitter     (TSJ):    0.071ns
    Total Input Jitter      (TIJ):    0.300ns
    Discrete Jitter          (DJ):    0.000ns
    Phase Error              (PE):    0.000ns

    Location             Delay type                Incr(ns)  Path(ns)    Netlist Resource(s)
  -------------------------------------------------------------------    -------------------
                         (clock clk_fpga_0 rise edge)
                                                      0.000     0.000 r  
    PS7_X0Y0             PS7                          0.000     0.000 r  u_bd/design_1_i/processing_system7_0/inst/PS7_i/FCLKCLK[0]
                         net (fo=1, routed)           0.994     0.994    u_bd/design_1_i/processing_system7_0/inst/FCLK_CLK_unbuffered[0]
    BUFGCTRL_X0Y16       BUFG (Prop_bufg_I_O)         0.085     1.079 r  u_bd/design_1_i/processing_system7_0/inst/buffer_fclk_clk_0.FCLK_CLK_0_BUFG/O
                         net (fo=4375, routed)        1.363     2.442    u_pl/u_arb/FCLK_CLK0
    SLICE_X52Y78         FDCE                                         r  u_pl/u_arb/owner_eth_reg/C
  -------------------------------------------------------------------    -------------------
    SLICE_X52Y78         FDCE (Prop_fdce_C_Q)         0.379     2.821 r  u_pl/u_arb/owner_eth_reg/Q
                         net (fo=269, routed)         2.457     5.278    u_pl/u_row/hi_reg_0[0]
    SLICE_X43Y44         LUT3 (Prop_lut3_I1_O)        0.105     5.383 r  u_pl/u_row/lo_reg_0_0_i_15/O
                         net (fo=20, routed)          4.680    10.064    u_pl/u_bilin/u_fb/lo_reg_0_16_0[1]
    RAMB36_X5Y1          RAMB36E1                                     r  u_pl/u_bilin/u_fb/lo_reg_0_16/ADDRARDADDR[1]
  -------------------------------------------------------------------    -------------------

                         (clock clk_fpga_0 rise edge)
                                                     10.000    10.000 r  
    PS7_X0Y0             PS7                          0.000    10.000 r  u_bd/design_1_i/processing_system7_0/inst/PS7_i/FCLKCLK[0]
                         net (fo=1, routed)           0.905    10.906    u_bd/design_1_i/processing_system7_0/inst/FCLK_CLK_unbuffered[0]
    BUFGCTRL_X0Y16       BUFG (Prop_bufg_I_O)         0.077    10.983 r  u_bd/design_1_i/processing_system7_0/inst/buffer_fclk_clk_0.FCLK_CLK_0_BUFG/O
                         net (fo=4375, routed)        1.404    12.387    u_pl/u_bilin/u_fb/FCLK_CLK0
    RAMB36_X5Y1          RAMB36E1                                     r  u_pl/u_bilin/u_fb/lo_reg_0_16/CLKARDCLK
                         clock pessimism              0.097    12.483    
                         clock uncertainty           -0.154    12.329    
    RAMB36_X5Y1          RAMB36E1 (Setup_ramb36e1_CLKARDCLK_ADDRARDADDR[1])
                                                     -0.490    11.839    u_pl/u_bilin/u_fb/lo_reg_0_16
  -------------------------------------------------------------------
                         required time                         11.839    
                         arrival time                         -10.064    
  -------------------------------------------------------------------
                         slack                                  1.776    





Min Delay Paths
--------------------------------------------------------------------------------------
Slack (MET) :             0.053ns  (arrival time - required time)
  Source:                 u_bd/design_1_i/axi_gpio_1/U0/gpio_core_1/Not_Dual.gpio_Data_In_reg[2]/C
                            (rising edge-triggered cell FDRE clocked by clk_fpga_0  {rise@0.000ns fall@5.000ns period=10.000ns})
  Destination:            u_bd/design_1_i/axi_gpio_1/U0/gpio_core_1/Not_Dual.ALLIN1_ND.READ_REG_GEN[2].reg1_reg[2]/D
                            (rising edge-triggered cell FDRE clocked by clk_fpga_0  {rise@0.000ns fall@5.000ns period=10.000ns})
  Path Group:             clk_fpga_0
  Path Type:              Hold (Min at Fast Process Corner)
  Requirement:            0.000ns  (clk_fpga_0 rise@0.000ns - clk_fpga_0 rise@0.000ns)
  Data Path Delay:        0.493ns  (logic 0.186ns (37.717%)  route 0.307ns (62.283%))
  Logic Levels:           1  (LUT5=1)
  Clock Path Skew:        0.349ns (DCD - SCD - CPR)
    Destination Clock Delay (DCD):    1.277ns
    Source Clock Delay      (SCD):    0.893ns
    Clock Pessimism Removal (CPR):    0.035ns

    Location             Delay type                Incr(ns)  Path(ns)    Netlist Resource(s)
  -------------------------------------------------------------------    -------------------
                         (clock clk_fpga_0 rise edge)
                                                      0.000     0.000 r  
    PS7_X0Y0             PS7                          0.000     0.000 r  u_bd/design_1_i/processing_system7_0/inst/PS7_i/FCLKCLK[0]
                         net (fo=1, routed)           0.310     0.310    u_bd/design_1_i/processing_system7_0/inst/FCLK_CLK_unbuffered[0]
    BUFGCTRL_X0Y16       BUFG (Prop_bufg_I_O)         0.026     0.336 r  u_bd/design_1_i/processing_system7_0/inst/buffer_fclk_clk_0.FCLK_CLK_0_BUFG/O
                         net (fo=4375, routed)        0.557     0.893    u_bd/design_1_i/axi_gpio_1/U0/gpio_core_1/s_axi_aclk
    SLICE_X37Y99         FDRE                                         r  u_bd/design_1_i/axi_gpio_1/U0/gpio_core_1/Not_Dual.gpio_Data_In_reg[2]/C
  -------------------------------------------------------------------    -------------------
    SLICE_X37Y99         FDRE (Prop_fdre_C_Q)         0.141     1.034 r  u_bd/design_1_i/axi_gpio_1/U0/gpio_core_1/Not_Dual.gpio_Data_In_reg[2]/Q
                         net (fo=1, routed)           0.307     1.341    u_bd/design_1_i/axi_gpio_1/U0/gpio_core_1/gpio_Data_In[2]
    SLICE_X37Y101        LUT5 (Prop_lut5_I0_O)        0.045     1.386 r  u_bd/design_1_i/axi_gpio_1/U0/gpio_core_1/Not_Dual.ALLIN1_ND.READ_REG_GEN[2].reg1[2]_i_1/O
                         net (fo=1, routed)           0.000     1.386    u_bd/design_1_i/axi_gpio_1/U0/gpio_core_1/Not_Dual.ALLIN1_ND.READ_REG_GEN[2].reg1[2]_i_1_n_0
    SLICE_X37Y101        FDRE                                         r  u_bd/design_1_i/axi_gpio_1/U0/gpio_core_1/Not_Dual.ALLIN1_ND.READ_REG_GEN[2].reg1_reg[2]/D
  -------------------------------------------------------------------    -------------------

                         (clock clk_fpga_0 rise edge)
                                                      0.000     0.000 r  
    PS7_X0Y0             PS7                          0.000     0.000 r  u_bd/design_1_i/processing_system7_0/inst/PS7_i/FCLKCLK[0]
                         net (fo=1, routed)           0.337     0.337    u_bd/design_1_i/processing_system7_0/inst/FCLK_CLK_unbuffered[0]
    BUFGCTRL_X0Y16       BUFG (Prop_bufg_I_O)         0.029     0.366 r  u_bd/design_1_i/processing_system7_0/inst/buffer_fclk_clk_0.FCLK_CLK_0_BUFG/O
                         net (fo=4375, routed)        0.911     1.277    u_bd/design_1_i/axi_gpio_1/U0/gpio_core_1/s_axi_aclk
    SLICE_X37Y101        FDRE                                         r  u_bd/design_1_i/axi_gpio_1/U0/gpio_core_1/Not_Dual.ALLIN1_ND.READ_REG_GEN[2].reg1_reg[2]/C
                         clock pessimism             -0.035     1.242    
    SLICE_X37Y101        FDRE (Hold_fdre_C_D)         0.091     1.333    u_bd/design_1_i/axi_gpio_1/U0/gpio_core_1/Not_Dual.ALLIN1_ND.READ_REG_GEN[2].reg1_reg[2]
  -------------------------------------------------------------------
                         required time                         -1.333    
                         arrival time                           1.386    
  -------------------------------------------------------------------
                         slack                                  0.053    





Pulse Width Checks
--------------------------------------------------------------------------------------
Clock Name:         clk_fpga_0
Waveform(ns):       { 0.000 5.000 }
Period(ns):         10.000
Sources:            { u_bd/design_1_i/processing_system7_0/inst/PS7_i/FCLKCLK[0] }

Check Type        Corner  Lib Pin             Reference Pin  Required(ns)  Actual(ns)  Slack(ns)  Location      Pin
Min Period        n/a     RAMB36E1/CLKBWRCLK  n/a            2.170         10.000      7.830      RAMB36_X1Y8   u_eth/u_cdc/mem_reg_0/CLKBWRCLK
Low Pulse Width   Slow    RAMD64E/CLK         n/a            1.130         5.000       3.870      SLICE_X22Y25  u_eth/u_saver/q_addr_reg_0_63_12_14/RAMA/CLK
High Pulse Width  Slow    RAMD64E/CLK         n/a            1.130         5.000       3.870      SLICE_X22Y25  u_eth/u_saver/q_addr_reg_0_63_12_14/RAMA/CLK



---------------------------------------------------------------------------------------------------
From Clock:  eth_rxc
  To Clock:  eth_rxc

Setup :            0  Failing Endpoints,  Worst Slack        0.692ns,  Total Violation        0.000ns
Hold  :            0  Failing Endpoints,  Worst Slack        0.053ns,  Total Violation        0.000ns
PW    :            0  Failing Endpoints,  Worst Slack        3.500ns,  Total Violation        0.000ns
---------------------------------------------------------------------------------------------------


Max Delay Paths
--------------------------------------------------------------------------------------
Slack (MET) :             0.692ns  (required time - arrival time)
  Source:                 u_eth/u_icmp/u_icmp_tx/FSM_onehot_cur_state_reg[3]/C
                            (rising edge-triggered cell FDCE clocked by eth_rxc  {rise@0.000ns fall@4.000ns period=8.000ns})
  Destination:            u_eth/u_icmp/u_icmp_tx/cnt_reg[1]/D
                            (rising edge-triggered cell FDCE clocked by eth_rxc  {rise@0.000ns fall@4.000ns period=8.000ns})
  Path Group:             eth_rxc
  Path Type:              Setup (Max at Slow Process Corner)
  Requirement:            8.000ns  (eth_rxc rise@8.000ns - eth_rxc rise@0.000ns)
  Data Path Delay:        7.123ns  (logic 0.799ns (11.217%)  route 6.324ns (88.783%))
  Logic Levels:           4  (LUT3=1 LUT4=1 LUT6=2)
  Clock Path Skew:        -0.146ns (DCD - SCD + CPR)
    Destination Clock Delay (DCD):    4.571ns = ( 12.571 - 8.000 ) 
    Source Clock Delay      (SCD):    4.963ns
    Clock Pessimism Removal (CPR):    0.246ns
  Clock Uncertainty:      0.035ns  ((TSJ^2 + TIJ^2)^1/2 + DJ) / 2 + PE
    Total System Jitter     (TSJ):    0.071ns
    Total Input Jitter      (TIJ):    0.000ns
    Discrete Jitter          (DJ):    0.000ns
    Phase Error              (PE):    0.000ns

    Location             Delay type                Incr(ns)  Path(ns)    Netlist Resource(s)
  -------------------------------------------------------------------    -------------------
                         (clock eth_rxc rise edge)    0.000     0.000 r  
    Y19                                               0.000     0.000 r  eth_rxc (IN)
                         net (fo=0)                   0.000     0.000    eth_rxc
    Y19                  IBUF (Prop_ibuf_I_O)         1.430     1.430 r  eth_rxc_IBUF_inst/O
                         net (fo=1, routed)           1.873     3.303    u_eth/u_rgmii/u_rgmii_rx/rgmii_rxc
    BUFGCTRL_X0Y1        BUFG (Prop_bufg_I_O)         0.085     3.388 r  u_eth/u_rgmii/u_rgmii_rx/BUFG_inst/O
                         net (fo=2546, routed)        1.575     4.963    u_eth/u_icmp/u_icmp_tx/gmii_rx_clk
    SLICE_X109Y50        FDCE                                         r  u_eth/u_icmp/u_icmp_tx/FSM_onehot_cur_state_reg[3]/C
  -------------------------------------------------------------------    -------------------
    SLICE_X109Y50        FDCE (Prop_fdce_C_Q)         0.379     5.342 r  u_eth/u_icmp/u_icmp_tx/FSM_onehot_cur_state_reg[3]/Q
                         net (fo=17, routed)          2.271     7.613    u_eth/u_icmp/u_icmp_tx/cur_state[3]
    SLICE_X108Y49        LUT3 (Prop_lut3_I0_O)        0.105     7.718 r  u_eth/u_icmp/u_icmp_tx/FSM_onehot_cur_state[4]_i_1__2/O
                         net (fo=9, routed)           1.058     8.776    u_eth/u_icmp/u_icmp_tx/next_state__0[4]
    SLICE_X108Y50        LUT6 (Prop_lut6_I3_O)        0.105     8.881 f  u_eth/u_icmp/u_icmp_tx/cnt[0]_i_2__0/O
                         net (fo=2, routed)           0.912     9.793    u_eth/u_icmp/u_icmp_tx/cnt[0]_i_2__0_n_0
    SLICE_X108Y49        LUT6 (Prop_lut6_I5_O)        0.105     9.898 r  u_eth/u_icmp/u_icmp_tx/cnt[3]_i_5__1/O
                         net (fo=3, routed)           0.413    10.311    u_eth/u_icmp/u_icmp_tx/cnt[3]_i_5__1_n_0
    SLICE_X108Y48        LUT4 (Prop_lut4_I1_O)        0.105    10.416 r  u_eth/u_icmp/u_icmp_tx/cnt[1]_i_1__6/O
                         net (fo=1, routed)           1.669    12.086    u_eth/u_icmp/u_icmp_tx/cnt[1]_i_1__6_n_0
    SLICE_X108Y48        FDCE                                         r  u_eth/u_icmp/u_icmp_tx/cnt_reg[1]/D
  -------------------------------------------------------------------    -------------------

                         (clock eth_rxc rise edge)    8.000     8.000 r  
    Y19                                               0.000     8.000 r  eth_rxc (IN)
                         net (fo=0)                   0.000     8.000    eth_rxc
    Y19                  IBUF (Prop_ibuf_I_O)         1.364     9.364 r  eth_rxc_IBUF_inst/O
                         net (fo=1, routed)           1.701    11.065    u_eth/u_rgmii/u_rgmii_rx/rgmii_rxc
    BUFGCTRL_X0Y1        BUFG (Prop_bufg_I_O)         0.077    11.142 r  u_eth/u_rgmii/u_rgmii_rx/BUFG_inst/O
                         net (fo=2546, routed)        1.429    12.571    u_eth/u_icmp/u_icmp_tx/gmii_rx_clk
    SLICE_X108Y48        FDCE                                         r  u_eth/u_icmp/u_icmp_tx/cnt_reg[1]/C
                         clock pessimism              0.246    12.816    
                         clock uncertainty           -0.035    12.781    
    SLICE_X108Y48        FDCE (Setup_fdce_C_D)       -0.004    12.777    u_eth/u_icmp/u_icmp_tx/cnt_reg[1]
  -------------------------------------------------------------------
                         required time                         12.777    
                         arrival time                         -12.086    
  -------------------------------------------------------------------
                         slack                                  0.692    





Min Delay Paths
--------------------------------------------------------------------------------------
Slack (MET) :             0.053ns  (arrival time - required time)
  Source:                 u_eth/u_cdc/rgray_s1_reg[10]/C
                            (rising edge-triggered cell FDCE clocked by eth_rxc  {rise@0.000ns fall@4.000ns period=8.000ns})
  Destination:            u_eth/u_lm/full_d_reg/D
                            (rising edge-triggered cell FDCE clocked by eth_rxc  {rise@0.000ns fall@4.000ns period=8.000ns})
  Path Group:             eth_rxc
  Path Type:              Hold (Min at Fast Process Corner)
  Requirement:            0.000ns  (eth_rxc rise@0.000ns - eth_rxc rise@0.000ns)
  Data Path Delay:        0.956ns  (logic 0.418ns (43.724%)  route 0.538ns (56.276%))
  Logic Levels:           3  (CARRY4=2 LUT6=1)
  Clock Path Skew:        0.012ns (DCD - SCD - CPR)
    Destination Clock Delay (DCD):    2.057ns
    Source Clock Delay      (SCD):    1.545ns
    Clock Pessimism Removal (CPR):    0.500ns
  Clock Uncertainty:      0.800ns  ((TSJ^2 + TIJ^2)^1/2 + DJ) / 2 + PE + UU
    Total System Jitter     (TSJ):    0.000ns
    Total Input Jitter      (TIJ):    0.000ns
    Discrete Jitter          (DJ):    0.000ns
    Phase Error              (PE):    0.000ns
    User Uncertainty         (UU):    0.800ns

    Location             Delay type                Incr(ns)  Path(ns)    Netlist Resource(s)
  -------------------------------------------------------------------    -------------------
                         (clock eth_rxc rise edge)    0.000     0.000 r  
    Y19                                               0.000     0.000 r  eth_rxc (IN)
                         net (fo=0)                   0.000     0.000    eth_rxc
    Y19                  IBUF (Prop_ibuf_I_O)         0.266     0.266 r  eth_rxc_IBUF_inst/O
                         net (fo=1, routed)           0.674     0.940    u_eth/u_rgmii/u_rgmii_rx/rgmii_rxc
    BUFGCTRL_X0Y1        BUFG (Prop_bufg_I_O)         0.026     0.966 r  u_eth/u_rgmii/u_rgmii_rx/BUFG_inst/O
                         net (fo=2546, routed)        0.579     1.545    u_eth/u_cdc/gmii_rx_clk
    SLICE_X28Y20         FDCE                                         r  u_eth/u_cdc/rgray_s1_reg[10]/C
  -------------------------------------------------------------------    -------------------
    SLICE_X28Y20         FDCE (Prop_fdce_C_Q)         0.128     1.673 r  u_eth/u_cdc/rgray_s1_reg[10]/Q
                         net (fo=1, routed)           0.538     2.211    u_eth/u_cdc/rgray_s1[10]
    SLICE_X28Y21         LUT6 (Prop_lut6_I4_O)        0.099     2.310 r  u_eth/u_cdc/full_d_i_4/O
                         net (fo=1, routed)           0.000     2.310    u_eth/u_cdc/full_d_i_4_n_0
    SLICE_X28Y21         CARRY4 (Prop_carry4_S[3]_CO[3])
                                                      0.115     2.425 r  u_eth/u_cdc/full_d_reg_i_2/CO[3]
                         net (fo=1, routed)           0.000     2.425    u_eth/u_cdc/full_d_reg_i_2_n_0
    SLICE_X28Y22         CARRY4 (Prop_carry4_CI_CO[0])
                                                      0.076     2.501 r  u_eth/u_cdc/full_d_reg_i_1/CO[0]
                         net (fo=6, routed)           0.000     2.501    u_eth/u_lm/wr_full
    SLICE_X28Y22         FDCE                                         r  u_eth/u_lm/full_d_reg/D
  -------------------------------------------------------------------    -------------------

                         (clock eth_rxc rise edge)    0.000     0.000 r  
    Y19                                               0.000     0.000 r  eth_rxc (IN)
                         net (fo=0)                   0.000     0.000    eth_rxc
    Y19                  IBUF (Prop_ibuf_I_O)         0.454     0.454 r  eth_rxc_IBUF_inst/O
                         net (fo=1, routed)           0.731     1.185    u_eth/u_rgmii/u_rgmii_rx/rgmii_rxc
    BUFGCTRL_X0Y1        BUFG (Prop_bufg_I_O)         0.029     1.214 r  u_eth/u_rgmii/u_rgmii_rx/BUFG_inst/O
                         net (fo=2546, routed)        0.843     2.057    u_eth/u_lm/gmii_rx_clk
    SLICE_X28Y22         FDCE                                         r  u_eth/u_lm/full_d_reg/C
                         clock pessimism             -0.500     1.557    
                         clock uncertainty            0.800     2.357    
    SLICE_X28Y22         FDCE (Hold_fdce_C_D)         0.091     2.448    u_eth/u_lm/full_d_reg
  -------------------------------------------------------------------
                         required time                         -2.448    
                         arrival time                           2.501    
  -------------------------------------------------------------------
                         slack                                  0.053    





Pulse Width Checks
--------------------------------------------------------------------------------------
Clock Name:         eth_rxc
Waveform(ns):       { 0.000 4.000 }
Period(ns):         8.000
Sources:            { eth_rxc }

Check Type        Corner  Lib Pin             Reference Pin  Required(ns)  Actual(ns)  Slack(ns)  Location      Pin
Min Period        n/a     RAMB18E1/CLKARDCLK  n/a            2.472         8.000       5.528      RAMB18_X5Y8   u_eth/u_icmp_fifo/mem_reg/CLKARDCLK
Low Pulse Width   Slow    FDCE/C              n/a            0.500         4.000       3.500      SLICE_X29Y32  u_eth/flush_pend_reg/C
High Pulse Width  Slow    FDCE/C              n/a            0.500         4.000       3.500      SLICE_X29Y32  u_eth/flush_pend_reg/C



---------------------------------------------------------------------------------------------------
From Clock:  sys_clk
  To Clock:  sys_clk

Setup :            0  Failing Endpoints,  Worst Slack       15.175ns,  Total Violation        0.000ns
Hold  :            0  Failing Endpoints,  Worst Slack        0.092ns,  Total Violation        0.000ns
PW    :            0  Failing Endpoints,  Worst Slack        7.000ns,  Total Violation        0.000ns
---------------------------------------------------------------------------------------------------


Max Delay Paths
--------------------------------------------------------------------------------------
Slack (MET) :             15.175ns  (required time - arrival time)
  Source:                 u_pl/u_ang/angle_reg[5]/C
                            (rising edge-triggered cell FDRE clocked by sys_clk  {rise@0.000ns fall@10.000ns period=20.000ns})
  Destination:            u_pl/u_ang/angle_reg[6]/D
                            (rising edge-triggered cell FDRE clocked by sys_clk  {rise@0.000ns fall@10.000ns period=20.000ns})
  Path Group:             sys_clk
  Path Type:              Setup (Max at Slow Process Corner)
  Requirement:            20.000ns  (sys_clk rise@20.000ns - sys_clk rise@0.000ns)
  Data Path Delay:        4.715ns  (logic 1.791ns (37.989%)  route 2.924ns (62.011%))
  Logic Levels:           6  (CARRY4=2 LUT5=2 LUT6=2)
  Clock Path Skew:        -0.028ns (DCD - SCD + CPR)
    Destination Clock Delay (DCD):    4.423ns = ( 24.423 - 20.000 ) 
    Source Clock Delay      (SCD):    4.826ns
    Clock Pessimism Removal (CPR):    0.375ns
  Clock Uncertainty:      0.035ns  ((TSJ^2 + TIJ^2)^1/2 + DJ) / 2 + PE
    Total System Jitter     (TSJ):    0.071ns
    Total Input Jitter      (TIJ):    0.000ns
    Discrete Jitter          (DJ):    0.000ns
    Phase Error              (PE):    0.000ns

    Location             Delay type                Incr(ns)  Path(ns)    Netlist Resource(s)
  -------------------------------------------------------------------    -------------------
                         (clock sys_clk rise edge)    0.000     0.000 r  
    W17                                               0.000     0.000 r  sys_clk (IN)
                         net (fo=0)                   0.000     0.000    sys_clk
    W17                  IBUF (Prop_ibuf_I_O)         1.415     1.415 r  sys_clk_IBUF_inst/O
                         net (fo=1, routed)           1.873     3.288    sys_clk_IBUF
    BUFGCTRL_X0Y4        BUFG (Prop_bufg_I_O)         0.085     3.373 r  sys_clk_IBUF_BUFG_inst/O
                         net (fo=186, routed)         1.453     4.826    u_pl/u_ang/sys_clk_IBUF_BUFG
    SLICE_X85Y95         FDRE                                         r  u_pl/u_ang/angle_reg[5]/C
  -------------------------------------------------------------------    -------------------
    SLICE_X85Y95         FDRE (Prop_fdre_C_Q)         0.348     5.174 r  u_pl/u_ang/angle_reg[5]/Q
                         net (fo=205, routed)         0.857     6.031    u_pl/u_ang/DI[0]
    SLICE_X83Y93         CARRY4 (Prop_carry4_S[1]_CO[3])
                                                      0.699     6.730 r  u_pl/u_ang/angle_reg[7]_i_4/CO[3]
                         net (fo=1, routed)           0.000     6.730    u_pl/u_ang/angle_reg[7]_i_4_n_0
    SLICE_X83Y94         CARRY4 (Prop_carry4_CI_O[0])
                                                      0.180     6.910 r  u_pl/u_ang/angle_reg[3]_i_4/O[0]
                         net (fo=3, routed)           0.526     7.436    u_pl/u_ang/angle_reg[3]_i_4_n_7
    SLICE_X82Y94         LUT6 (Prop_lut6_I0_O)        0.249     7.685 r  u_pl/u_ang/angle[3]_i_3/O
                         net (fo=4, routed)           0.533     8.218    u_pl/u_ang/angle[3]_i_3_n_0
    SLICE_X84Y94         LUT6 (Prop_lut6_I5_O)        0.105     8.323 r  u_pl/u_ang/angle[6]_i_5/O
                         net (fo=1, routed)           0.544     8.867    u_pl/u_ang/angle[6]_i_5_n_0
    SLICE_X85Y94         LUT5 (Prop_lut5_I4_O)        0.105     8.972 r  u_pl/u_ang/angle[6]_i_3/O
                         net (fo=1, routed)           0.204     9.176    u_pl/u_ang/angle[6]_i_3_n_0
    SLICE_X85Y94         LUT5 (Prop_lut5_I4_O)        0.105     9.281 r  u_pl/u_ang/angle[6]_i_1/O
                         net (fo=1, routed)           0.260     9.541    u_pl/u_ang/p_1_in__0[6]
    SLICE_X85Y94         FDRE                                         r  u_pl/u_ang/angle_reg[6]/D
  -------------------------------------------------------------------    -------------------

                         (clock sys_clk rise edge)   20.000    20.000 r  
    W17                                               0.000    20.000 r  sys_clk (IN)
                         net (fo=0)                   0.000    20.000    sys_clk
    W17                  IBUF (Prop_ibuf_I_O)         1.349    21.349 r  sys_clk_IBUF_inst/O
                         net (fo=1, routed)           1.701    23.050    sys_clk_IBUF
    BUFGCTRL_X0Y4        BUFG (Prop_bufg_I_O)         0.077    23.127 r  sys_clk_IBUF_BUFG_inst/O
                         net (fo=186, routed)         1.296    24.423    u_pl/u_ang/sys_clk_IBUF_BUFG
    SLICE_X85Y94         FDRE                                         r  u_pl/u_ang/angle_reg[6]/C
                         clock pessimism              0.375    24.798    
                         clock uncertainty           -0.035    24.763    
    SLICE_X85Y94         FDRE (Setup_fdre_C_D)       -0.047    24.716    u_pl/u_ang/angle_reg[6]
  -------------------------------------------------------------------
                         required time                         24.716    
                         arrival time                          -9.541    
  -------------------------------------------------------------------
                         slack                                 15.175    





Min Delay Paths
--------------------------------------------------------------------------------------
Slack (MET) :             0.092ns  (arrival time - required time)
  Source:                 u_pl/u_k1/acnt_reg[4]/C
                            (rising edge-triggered cell FDRE clocked by sys_clk  {rise@0.000ns fall@10.000ns period=20.000ns})
  Destination:            u_pl/u_k1/acnt_reg[8]/D
                            (rising edge-triggered cell FDRE clocked by sys_clk  {rise@0.000ns fall@10.000ns period=20.000ns})
  Path Group:             sys_clk
  Path Type:              Hold (Min at Fast Process Corner)
  Requirement:            0.000ns  (sys_clk rise@0.000ns - sys_clk rise@0.000ns)
  Data Path Delay:        0.548ns  (logic 0.392ns (71.515%)  route 0.156ns (28.485%))
  Logic Levels:           3  (CARRY4=2 LUT2=1)
  Clock Path Skew:        0.351ns (DCD - SCD - CPR)
    Destination Clock Delay (DCD):    2.167ns
    Source Clock Delay      (SCD):    1.563ns
    Clock Pessimism Removal (CPR):    0.253ns

    Location             Delay type                Incr(ns)  Path(ns)    Netlist Resource(s)
  -------------------------------------------------------------------    -------------------
                         (clock sys_clk rise edge)    0.000     0.000 r  
    W17                                               0.000     0.000 r  sys_clk (IN)
                         net (fo=0)                   0.000     0.000    sys_clk
    W17                  IBUF (Prop_ibuf_I_O)         0.252     0.252 r  sys_clk_IBUF_inst/O
                         net (fo=1, routed)           0.674     0.926    sys_clk_IBUF
    BUFGCTRL_X0Y4        BUFG (Prop_bufg_I_O)         0.026     0.952 r  sys_clk_IBUF_BUFG_inst/O
                         net (fo=186, routed)         0.611     1.563    u_pl/u_k1/sys_clk_IBUF_BUFG
    SLICE_X99Y99         FDRE                                         r  u_pl/u_k1/acnt_reg[4]/C
  -------------------------------------------------------------------    -------------------
    SLICE_X99Y99         FDRE (Prop_fdre_C_Q)         0.141     1.704 r  u_pl/u_k1/acnt_reg[4]/Q
                         net (fo=1, routed)           0.155     1.859    u_pl/u_k1/acnt_reg_n_0_[4]
    SLICE_X99Y99         LUT2 (Prop_lut2_I1_O)        0.045     1.904 r  u_pl/u_k1/acnt[4]_i_5/O
                         net (fo=1, routed)           0.000     1.904    u_pl/u_k1/acnt[4]_i_5_n_0
    SLICE_X99Y99         CARRY4 (Prop_carry4_S[0]_CO[3])
                                                      0.152     2.056 r  u_pl/u_k1/acnt_reg[4]_i_1/CO[3]
                         net (fo=1, routed)           0.001     2.057    u_pl/u_k1/acnt_reg[4]_i_1_n_0
    SLICE_X99Y100        CARRY4 (Prop_carry4_CI_O[0])
                                                      0.054     2.111 r  u_pl/u_k1/acnt_reg[8]_i_1/O[0]
                         net (fo=1, routed)           0.000     2.111    u_pl/u_k1/acnt_reg[8]_i_1_n_7
    SLICE_X99Y100        FDRE                                         r  u_pl/u_k1/acnt_reg[8]/D
  -------------------------------------------------------------------    -------------------

                         (clock sys_clk rise edge)    0.000     0.000 r  
    W17                                               0.000     0.000 r  sys_clk (IN)
                         net (fo=0)                   0.000     0.000    sys_clk
    W17                  IBUF (Prop_ibuf_I_O)         0.440     0.440 r  sys_clk_IBUF_inst/O
                         net (fo=1, routed)           0.731     1.171    sys_clk_IBUF
    BUFGCTRL_X0Y4        BUFG (Prop_bufg_I_O)         0.029     1.200 r  sys_clk_IBUF_BUFG_inst/O
                         net (fo=186, routed)         0.967     2.167    u_pl/u_k1/sys_clk_IBUF_BUFG
    SLICE_X99Y100        FDRE                                         r  u_pl/u_k1/acnt_reg[8]/C
                         clock pessimism             -0.253     1.914    
    SLICE_X99Y100        FDRE (Hold_fdre_C_D)         0.105     2.019    u_pl/u_k1/acnt_reg[8]
  -------------------------------------------------------------------
                         required time                         -2.019    
                         arrival time                           2.111    
  -------------------------------------------------------------------
                         slack                                  0.092    





Pulse Width Checks
--------------------------------------------------------------------------------------
Clock Name:         sys_clk
Waveform(ns):       { 0.000 10.000 }
Period(ns):         20.000
Sources:            { sys_clk }

Check Type        Corner  Lib Pin            Reference Pin  Required(ns)  Actual(ns)  Slack(ns)  Location         Pin
Min Period        n/a     BUFG/I             n/a            1.592         20.000      18.408     BUFGCTRL_X0Y4    sys_clk_IBUF_BUFG_inst/I
Max Period        n/a     MMCME2_ADV/CLKIN1  n/a            100.000       20.000      80.000     MMCME2_ADV_X0Y0  u_idelay_clkgen/u_mmcm/CLKIN1
Low Pulse Width   Slow    MMCME2_ADV/CLKIN1  n/a            3.000         10.000      7.000      MMCME2_ADV_X0Y0  u_idelay_clkgen/u_mmcm/CLKIN1
High Pulse Width  Slow    MMCME2_ADV/CLKIN1  n/a            3.000         10.000      7.000      MMCME2_ADV_X0Y0  u_idelay_clkgen/u_mmcm/CLKIN1



---------------------------------------------------------------------------------------------------
From Clock:  clkfbout
  To Clock:  clkfbout

Setup :           NA  Failing Endpoints,  Worst Slack           NA  ,  Total Violation           NA
Hold  :           NA  Failing Endpoints,  Worst Slack           NA  ,  Total Violation           NA
PW    :            0  Failing Endpoints,  Worst Slack       18.408ns,  Total Violation        0.000ns
---------------------------------------------------------------------------------------------------


Pulse Width Checks
--------------------------------------------------------------------------------------
Clock Name:         clkfbout
Waveform(ns):       { 0.000 10.000 }
Period(ns):         20.000
Sources:            { u_idelay_clkgen/u_mmcm/CLKFBOUT }

Check Type  Corner  Lib Pin             Reference Pin  Required(ns)  Actual(ns)  Slack(ns)  Location         Pin
Min Period  n/a     BUFG/I              n/a            1.592         20.000      18.408     BUFGCTRL_X0Y5    u_idelay_clkgen/u_bufg_fb/I
Max Period  n/a     MMCME2_ADV/CLKFBIN  n/a            100.000       20.000      80.000     MMCME2_ADV_X0Y0  u_idelay_clkgen/u_mmcm/CLKFBIN



---------------------------------------------------------------------------------------------------
From Clock:  clkfbout_1
  To Clock:  clkfbout_1

Setup :           NA  Failing Endpoints,  Worst Slack           NA  ,  Total Violation           NA
Hold  :           NA  Failing Endpoints,  Worst Slack           NA  ,  Total Violation           NA
PW    :            0  Failing Endpoints,  Worst Slack       18.408ns,  Total Violation        0.000ns
---------------------------------------------------------------------------------------------------


Pulse Width Checks
--------------------------------------------------------------------------------------
Clock Name:         clkfbout_1
Waveform(ns):       { 0.000 10.000 }
Period(ns):         20.000
Sources:            { u_pl/u_clk/u_mmcm/CLKFBOUT }

Check Type  Corner  Lib Pin             Reference Pin  Required(ns)  Actual(ns)  Slack(ns)  Location         Pin
Min Period  n/a     BUFG/I              n/a            1.592         20.000      18.408     BUFGCTRL_X0Y6    u_pl/u_clk/u_bufg_fb/I
Max Period  n/a     MMCME2_ADV/CLKFBIN  n/a            100.000       20.000      80.000     MMCME2_ADV_X1Y0  u_pl/u_clk/u_mmcm/CLKFBIN



---------------------------------------------------------------------------------------------------
From Clock:  clkout0_1
  To Clock:  clkout0_1

Setup :            0  Failing Endpoints,  Worst Slack        3.723ns,  Total Violation        0.000ns
Hold  :            0  Failing Endpoints,  Worst Slack        0.059ns,  Total Violation        0.000ns
PW    :            0  Failing Endpoints,  Worst Slack        8.870ns,  Total Violation        0.000ns
---------------------------------------------------------------------------------------------------


Max Delay Paths
--------------------------------------------------------------------------------------
Slack (MET) :             3.723ns  (required time - arrival time)
  Source:                 u_pl/u_mode/mode_q_reg[1]/C
                            (rising edge-triggered cell FDCE clocked by clkout0_1  {rise@0.000ns fall@10.000ns period=20.000ns})
  Destination:            u_pl/u_pipe/u_gray/dout_reg[8]/D
                            (rising edge-triggered cell FDCE clocked by clkout0_1  {rise@0.000ns fall@10.000ns period=20.000ns})
  Path Group:             clkout0_1
  Path Type:              Setup (Max at Slow Process Corner)
  Requirement:            20.000ns  (clkout0_1 rise@20.000ns - clkout0_1 rise@0.000ns)
  Data Path Delay:        15.983ns  (logic 4.932ns (30.859%)  route 11.051ns (69.141%))
  Logic Levels:           18  (CARRY4=7 LUT2=3 LUT3=3 LUT5=1 LUT6=3 RAMD64E=1)
  Clock Path Skew:        -0.269ns (DCD - SCD + CPR)
    Destination Clock Delay (DCD):    4.406ns = ( 24.406 - 20.000 ) 
    Source Clock Delay      (SCD):    4.933ns
    Clock Pessimism Removal (CPR):    0.258ns
  Clock Uncertainty:      0.094ns  ((TSJ^2 + DJ^2)^1/2) / 2 + PE
    Total System Jitter     (TSJ):    0.071ns
    Discrete Jitter          (DJ):    0.175ns
    Phase Error              (PE):    0.000ns

    Location             Delay type                Incr(ns)  Path(ns)    Netlist Resource(s)
  -------------------------------------------------------------------    -------------------
                         (clock clkout0_1 rise edge)
                                                      0.000     0.000 r  
    W17                                               0.000     0.000 r  sys_clk (IN)
                         net (fo=0)                   0.000     0.000    sys_clk
    W17                  IBUF (Prop_ibuf_I_O)         1.415     1.415 r  sys_clk_IBUF_inst/O
                         net (fo=1, routed)           1.873     3.288    sys_clk_IBUF
    BUFGCTRL_X0Y4        BUFG (Prop_bufg_I_O)         0.085     3.373 r  sys_clk_IBUF_BUFG_inst/O
                         net (fo=186, routed)         1.550     4.923    u_pl/u_clk/sys_clk_IBUF_BUFG
    MMCME2_ADV_X1Y0      MMCME2_ADV (Prop_mmcme2_adv_CLKIN1_CLKOUT0)
                                                     -3.232     1.691 r  u_pl/u_clk/u_mmcm/CLKOUT0
                         net (fo=1, routed)           1.597     3.288    u_pl/u_clk/clkout0
    BUFGCTRL_X0Y0        BUFG (Prop_bufg_I_O)         0.085     3.373 r  u_pl/u_clk/u_bufg_pix/O
                         net (fo=5515, routed)        1.560     4.933    u_pl/u_mode/clk_pix
    SLICE_X46Y109        FDCE                                         r  u_pl/u_mode/mode_q_reg[1]/C
  -------------------------------------------------------------------    -------------------
    SLICE_X46Y109        FDCE (Prop_fdce_C_Q)         0.398     5.331 f  u_pl/u_mode/mode_q_reg[1]/Q
                         net (fo=8, routed)           1.146     6.477    u_pl/u_mode/Q[1]
    SLICE_X62Y107        LUT5 (Prop_lut5_I4_O)        0.252     6.729 r  u_pl/u_mode/tb_reg_0_63_3_5_i_7/O
                         net (fo=31, routed)          2.266     8.995    u_pl/u_bilin/fb_vis
    SLICE_X89Y55         LUT6 (Prop_lut6_I1_O)        0.264     9.259 r  u_pl/u_bilin/tr_reg_0_63_3_5_i_5/O
                         net (fo=35, routed)          2.057    11.316    u_pl/u_pipe/u_gamma/tr_reg_128_191_6_7/ADDRA1
    SLICE_X66Y88         RAMD64E (Prop_ramd64e_RADR1_O)
                                                      0.105    11.421 r  u_pl/u_pipe/u_gamma/tr_reg_128_191_6_7/RAMA/O
                         net (fo=1, routed)           0.828    12.249    u_pl/u_pipe/u_gamma/tr_reg_128_191_6_7_n_0
    SLICE_X67Y86         LUT6 (Prop_lut6_I1_O)        0.105    12.354 r  u_pl/u_pipe/u_gamma/y161_carry_i_11/O
                         net (fo=5, routed)           1.180    13.534    u_pl/u_pipe/u_gamma/y161_carry_i_11_n_0
    SLICE_X65Y72         LUT3 (Prop_lut3_I0_O)        0.119    13.653 r  u_pl/u_pipe/u_gamma/dout[14]_i_2/O
                         net (fo=9, routed)           0.588    14.241    u_pl/u_pipe/u_gamma/gm_sync_reg[31]_33
    SLICE_X63Y72         LUT2 (Prop_lut2_I0_O)        0.275    14.516 r  u_pl/u_pipe/u_gamma/y161_carry__0_i_6/O
                         net (fo=1, routed)           0.000    14.516    u_pl/u_pipe/u_gray/y161__24_carry_1[1]
    SLICE_X63Y72         CARRY4 (Prop_carry4_S[1]_O[2])
                                                      0.481    14.997 r  u_pl/u_pipe/u_gray/y161_carry__0/O[2]
                         net (fo=3, routed)           0.683    15.680    u_pl/u_pipe/u_gamma/y161__24_carry__0[1]
    SLICE_X60Y72         LUT3 (Prop_lut3_I1_O)        0.267    15.947 r  u_pl/u_pipe/u_gamma/y161__24_carry__0_i_2__2/O
                         net (fo=2, routed)           0.706    16.653    u_pl/u_pipe/u_gamma/gm_sync_reg[31]_20[1]
    SLICE_X60Y72         LUT6 (Prop_lut6_I3_O)        0.275    16.928 r  u_pl/u_pipe/u_gamma/y161__24_carry__0_i_6__2/O
                         net (fo=1, routed)           0.000    16.928    u_pl/u_pipe/u_gray/y16_carry__0_i_2__2_1[2]
    SLICE_X60Y72         CARRY4 (Prop_carry4_S[2]_CO[3])
                                                      0.332    17.260 r  u_pl/u_pipe/u_gray/y161__24_carry__0/CO[3]
                         net (fo=1, routed)           0.000    17.260    u_pl/u_pipe/u_gray/y161__24_carry__0_n_0
    SLICE_X60Y73         CARRY4 (Prop_carry4_CI_O[1])
                                                      0.265    17.525 r  u_pl/u_pipe/u_gray/y161__24_carry__1/O[1]
                         net (fo=1, routed)           0.322    17.847    u_pl/u_pipe/u_gamma/y16_carry__2_1[0]
    SLICE_X61Y74         LUT2 (Prop_lut2_I1_O)        0.250    18.097 r  u_pl/u_pipe/u_gamma/y16_carry__1_i_1__2/O
                         net (fo=1, routed)           0.000    18.097    u_pl/u_pipe/u_gray/y16__41_carry__0_i_1__2_0[0]
    SLICE_X61Y74         CARRY4 (Prop_carry4_S[3]_CO[3])
                                                      0.332    18.429 r  u_pl/u_pipe/u_gray/y16_carry__1/CO[3]
                         net (fo=1, routed)           0.008    18.437    u_pl/u_pipe/u_gray/y16_carry__1_n_0
    SLICE_X61Y75         CARRY4 (Prop_carry4_CI_O[0])
                                                      0.180    18.617 r  u_pl/u_pipe/u_gray/y16_carry__2/O[0]
                         net (fo=1, routed)           0.402    19.018    u_pl/u_pipe/u_gray/C__2[12]
    SLICE_X56Y74         LUT2 (Prop_lut2_I1_O)        0.249    19.267 r  u_pl/u_pipe/u_gray/y16__41_carry__1_i_1__2/O
                         net (fo=1, routed)           0.000    19.267    u_pl/u_pipe/u_gray/y16__41_carry__1_i_1__2_n_0
    SLICE_X56Y74         CARRY4 (Prop_carry4_S[3]_CO[3])
                                                      0.332    19.599 r  u_pl/u_pipe/u_gray/y16__41_carry__1/CO[3]
                         net (fo=1, routed)           0.008    19.607    u_pl/u_pipe/u_gray/y16__41_carry__1_n_0
    SLICE_X56Y75         CARRY4 (Prop_carry4_CI_O[0])
                                                      0.180    19.787 r  u_pl/u_pipe/u_gray/y16__41_carry__2/O[0]
                         net (fo=3, routed)           0.858    20.645    u_pl/u_pipe/u_gray/y16__41_carry__2_i_3__2_0[1]
    SLICE_X64Y72         LUT3 (Prop_lut3_I1_O)        0.271    20.916 r  u_pl/u_pipe/u_gray/dout[8]_i_1/O
                         net (fo=1, routed)           0.000    20.916    u_pl/u_pipe/u_gray/p_0_in[8]
    SLICE_X64Y72         FDCE                                         r  u_pl/u_pipe/u_gray/dout_reg[8]/D
  -------------------------------------------------------------------    -------------------

                         (clock clkout0_1 rise edge)
                                                     20.000    20.000 r  
    W17                                               0.000    20.000 r  sys_clk (IN)
                         net (fo=0)                   0.000    20.000    sys_clk
    W17                  IBUF (Prop_ibuf_I_O)         1.349    21.349 r  sys_clk_IBUF_inst/O
                         net (fo=1, routed)           1.701    23.050    sys_clk_IBUF
    BUFGCTRL_X0Y4        BUFG (Prop_bufg_I_O)         0.077    23.127 r  sys_clk_IBUF_BUFG_inst/O
                         net (fo=186, routed)         1.384    24.511    u_pl/u_clk/sys_clk_IBUF_BUFG
    MMCME2_ADV_X1Y0      MMCME2_ADV (Prop_mmcme2_adv_CLKIN1_CLKOUT0)
                                                     -2.915    21.596 r  u_pl/u_clk/u_mmcm/CLKOUT0
                         net (fo=1, routed)           1.454    23.050    u_pl/u_clk/clkout0
    BUFGCTRL_X0Y0        BUFG (Prop_bufg_I_O)         0.077    23.127 r  u_pl/u_clk/u_bufg_pix/O
                         net (fo=5515, routed)        1.279    24.406    u_pl/u_pipe/u_gray/clk_pix
    SLICE_X64Y72         FDCE                                         r  u_pl/u_pipe/u_gray/dout_reg[8]/C
                         clock pessimism              0.258    24.664    
                         clock uncertainty           -0.094    24.570    
    SLICE_X64Y72         FDCE (Setup_fdce_C_D)        0.069    24.639    u_pl/u_pipe/u_gray/dout_reg[8]
  -------------------------------------------------------------------
                         required time                         24.639    
                         arrival time                         -20.916    
  -------------------------------------------------------------------
                         slack                                  3.723    





Min Delay Paths
--------------------------------------------------------------------------------------
Slack (MET) :             0.059ns  (arrival time - required time)
  Source:                 u_pl/u_pipe/xd_reg[5][5]_rep__2/C
                            (rising edge-triggered cell FDCE clocked by clkout0_1  {rise@0.000ns fall@10.000ns period=20.000ns})
  Destination:            u_pl/u_sharp/lb0_reg_192_255_3_5/RAMA/WADR5
                            (rising edge-triggered cell RAMD64E clocked by clkout0_1  {rise@0.000ns fall@10.000ns period=20.000ns})
  Path Group:             clkout0_1
  Path Type:              Hold (Min at Fast Process Corner)
  Requirement:            0.000ns  (clkout0_1 rise@0.000ns - clkout0_1 rise@0.000ns)
  Data Path Delay:        0.264ns  (logic 0.141ns (53.398%)  route 0.123ns (46.602%))
  Logic Levels:           0  
  Clock Path Skew:        0.035ns (DCD - SCD - CPR)
    Destination Clock Delay (DCD):    2.028ns
    Source Clock Delay      (SCD):    1.512ns
    Clock Pessimism Removal (CPR):    0.481ns

    Location             Delay type                Incr(ns)  Path(ns)    Netlist Resource(s)
  -------------------------------------------------------------------    -------------------
                         (clock clkout0_1 rise edge)
                                                      0.000     0.000 r  
    W17                                               0.000     0.000 r  sys_clk (IN)
                         net (fo=0)                   0.000     0.000    sys_clk
    W17                  IBUF (Prop_ibuf_I_O)         0.252     0.252 r  sys_clk_IBUF_inst/O
                         net (fo=1, routed)           0.674     0.926    sys_clk_IBUF
    BUFGCTRL_X0Y4        BUFG (Prop_bufg_I_O)         0.026     0.952 r  sys_clk_IBUF_BUFG_inst/O
                         net (fo=186, routed)         0.595     1.547    u_pl/u_clk/sys_clk_IBUF_BUFG
    MMCME2_ADV_X1Y0      MMCME2_ADV (Prop_mmcme2_adv_CLKIN1_CLKOUT0)
                                                     -1.150     0.397 r  u_pl/u_clk/u_mmcm/CLKOUT0
                         net (fo=1, routed)           0.529     0.926    u_pl/u_clk/clkout0
    BUFGCTRL_X0Y0        BUFG (Prop_bufg_I_O)         0.026     0.952 r  u_pl/u_clk/u_bufg_pix/O
                         net (fo=5515, routed)        0.560     1.512    u_pl/u_pipe/clk_pix
    SLICE_X49Y49         FDCE                                         r  u_pl/u_pipe/xd_reg[5][5]_rep__2/C
  -------------------------------------------------------------------    -------------------
    SLICE_X49Y49         FDCE (Prop_fdce_C_Q)         0.141     1.653 r  u_pl/u_pipe/xd_reg[5][5]_rep__2/Q
                         net (fo=224, routed)         0.123     1.776    u_pl/u_sharp/lb0_reg_192_255_3_5/ADDRD5
    SLICE_X46Y49         RAMD64E                                      r  u_pl/u_sharp/lb0_reg_192_255_3_5/RAMA/WADR5
  -------------------------------------------------------------------    -------------------

                         (clock clkout0_1 rise edge)
                                                      0.000     0.000 r  
    W17                                               0.000     0.000 r  sys_clk (IN)
                         net (fo=0)                   0.000     0.000    sys_clk
    W17                  IBUF (Prop_ibuf_I_O)         0.440     0.440 r  sys_clk_IBUF_inst/O
                         net (fo=1, routed)           0.731     1.171    sys_clk_IBUF
    BUFGCTRL_X0Y4        BUFG (Prop_bufg_I_O)         0.029     1.200 r  sys_clk_IBUF_BUFG_inst/O
                         net (fo=186, routed)         0.862     2.062    u_pl/u_clk/sys_clk_IBUF_BUFG
    MMCME2_ADV_X1Y0      MMCME2_ADV (Prop_mmcme2_adv_CLKIN1_CLKOUT0)
                                                     -1.467     0.595 r  u_pl/u_clk/u_mmcm/CLKOUT0
                         net (fo=1, routed)           0.576     1.171    u_pl/u_clk/clkout0
    BUFGCTRL_X0Y0        BUFG (Prop_bufg_I_O)         0.029     1.200 r  u_pl/u_clk/u_bufg_pix/O
                         net (fo=5515, routed)        0.828     2.028    u_pl/u_sharp/lb0_reg_192_255_3_5/WCLK
    SLICE_X46Y49         RAMD64E                                      r  u_pl/u_sharp/lb0_reg_192_255_3_5/RAMA/CLK
                         clock pessimism             -0.481     1.547    
    SLICE_X46Y49         RAMD64E (Hold_ramd64e_CLK_WADR5)
                                                      0.170     1.717    u_pl/u_sharp/lb0_reg_192_255_3_5/RAMA
  -------------------------------------------------------------------
                         required time                         -1.717    
                         arrival time                           1.776    
  -------------------------------------------------------------------
                         slack                                  0.059    





Pulse Width Checks
--------------------------------------------------------------------------------------
Clock Name:         clkout0_1
Waveform(ns):       { 0.000 10.000 }
Period(ns):         20.000
Sources:            { u_pl/u_clk/u_mmcm/CLKOUT0 }

Check Type        Corner  Lib Pin             Reference Pin  Required(ns)  Actual(ns)  Slack(ns)  Location         Pin
Min Period        n/a     DSP48E1/CLK         n/a            3.272         20.000      16.728     DSP48_X3Y36      u_pl/u_zmap/yr_m_reg/CLK
Max Period        n/a     MMCME2_ADV/CLKOUT0  n/a            213.360       20.000      193.360    MMCME2_ADV_X1Y0  u_pl/u_clk/u_mmcm/CLKOUT0
Low Pulse Width   Slow    RAMD64E/CLK         n/a            1.130         10.000      8.870      SLICE_X54Y24     u_pl/u_blur/lb0_reg_0_63_0_2/RAMA/CLK
High Pulse Width  Slow    RAMD64E/CLK         n/a            1.130         10.000      8.870      SLICE_X54Y24     u_pl/u_blur/lb0_reg_0_63_0_2/RAMA/CLK



---------------------------------------------------------------------------------------------------
From Clock:  clkout1_1
  To Clock:  clkout1_1

Setup :           NA  Failing Endpoints,  Worst Slack           NA  ,  Total Violation           NA
Hold  :           NA  Failing Endpoints,  Worst Slack           NA  ,  Total Violation           NA
PW    :            0  Failing Endpoints,  Worst Slack        2.408ns,  Total Violation        0.000ns
---------------------------------------------------------------------------------------------------


Pulse Width Checks
--------------------------------------------------------------------------------------
Clock Name:         clkout1_1
Waveform(ns):       { 0.000 2.000 }
Period(ns):         4.000
Sources:            { u_pl/u_clk/u_mmcm/CLKOUT1 }

Check Type  Corner  Lib Pin             Reference Pin  Required(ns)  Actual(ns)  Slack(ns)  Location         Pin
Min Period  n/a     BUFG/I              n/a            1.592         4.000       2.408      BUFGCTRL_X0Y2    u_pl/u_clk/u_bufg_5x/I
Max Period  n/a     MMCME2_ADV/CLKOUT1  n/a            213.360       4.000       209.360    MMCME2_ADV_X1Y0  u_pl/u_clk/u_mmcm/CLKOUT1



---------------------------------------------------------------------------------------------------
From Clock:  clkout2
  To Clock:  clkout2

Setup :           NA  Failing Endpoints,  Worst Slack           NA  ,  Total Violation           NA
Hold  :           NA  Failing Endpoints,  Worst Slack           NA  ,  Total Violation           NA
PW    :            0  Failing Endpoints,  Worst Slack        0.264ns,  Total Violation        0.000ns
---------------------------------------------------------------------------------------------------


Pulse Width Checks
--------------------------------------------------------------------------------------
Clock Name:         clkout2
Waveform(ns):       { 0.000 2.500 }
Period(ns):         5.000
Sources:            { u_idelay_clkgen/u_mmcm/CLKOUT2 }

Check Type  Corner  Lib Pin            Reference Pin  Required(ns)  Actual(ns)  Slack(ns)  Location         Pin
Min Period  n/a     IDELAYCTRL/REFCLK  n/a            2.438         5.000       2.562      IDELAYCTRL_X1Y0  u_eth/u_rgmii/u_rgmii_rx/IDELAYCTRL_inst/REFCLK
Max Period  n/a     IDELAYCTRL/REFCLK  n/a            5.264         5.000       0.264      IDELAYCTRL_X1Y0  u_eth/u_rgmii/u_rgmii_rx/IDELAYCTRL_inst/REFCLK



---------------------------------------------------------------------------------------------------
From Clock:  clkout0_1
  To Clock:  sys_clk

Setup :            0  Failing Endpoints,  Worst Slack       14.448ns,  Total Violation        0.000ns
Hold  :            0  Failing Endpoints,  Worst Slack        0.192ns,  Total Violation        0.000ns
---------------------------------------------------------------------------------------------------


Max Delay Paths
--------------------------------------------------------------------------------------
Slack (MET) :             14.448ns  (required time - arrival time)
  Source:                 u_pl/u_split_x/bus_q_reg[15]/C
                            (rising edge-triggered cell FDCE clocked by clkout0_1  {rise@0.000ns fall@10.000ns period=20.000ns})
  Destination:            u_pl/u_ang/angle_reg[6]/D
                            (rising edge-triggered cell FDRE clocked by sys_clk  {rise@0.000ns fall@10.000ns period=20.000ns})
  Path Group:             sys_clk
  Path Type:              Setup (Max at Slow Process Corner)
  Requirement:            20.000ns  (sys_clk rise@20.000ns - clkout0_1 rise@0.000ns)
  Data Path Delay:        5.096ns  (logic 1.722ns (33.790%)  route 3.374ns (66.210%))
  Logic Levels:           7  (CARRY4=2 LUT2=1 LUT5=2 LUT6=2)
  Clock Path Skew:        -0.150ns (DCD - SCD + CPR)
    Destination Clock Delay (DCD):    4.423ns = ( 24.423 - 20.000 ) 
    Source Clock Delay      (SCD):    4.819ns
    Clock Pessimism Removal (CPR):    0.246ns
  Clock Uncertainty:      0.259ns  ((TSJ^2 + DJ^2)^1/2) / 2 + PE
    Total System Jitter     (TSJ):    0.071ns
    Discrete Jitter          (DJ):    0.175ns
    Phase Error              (PE):    0.165ns

    Location             Delay type                Incr(ns)  Path(ns)    Netlist Resource(s)
  -------------------------------------------------------------------    -------------------
                         (clock clkout0_1 rise edge)
                                                      0.000     0.000 r  
    W17                                               0.000     0.000 r  sys_clk (IN)
                         net (fo=0)                   0.000     0.000    sys_clk
    W17                  IBUF (Prop_ibuf_I_O)         1.415     1.415 r  sys_clk_IBUF_inst/O
                         net (fo=1, routed)           1.873     3.288    sys_clk_IBUF
    BUFGCTRL_X0Y4        BUFG (Prop_bufg_I_O)         0.085     3.373 r  sys_clk_IBUF_BUFG_inst/O
                         net (fo=186, routed)         1.550     4.923    u_pl/u_clk/sys_clk_IBUF_BUFG
    MMCME2_ADV_X1Y0      MMCME2_ADV (Prop_mmcme2_adv_CLKIN1_CLKOUT0)
                                                     -3.232     1.691 r  u_pl/u_clk/u_mmcm/CLKOUT0
                         net (fo=1, routed)           1.597     3.288    u_pl/u_clk/clkout0
    BUFGCTRL_X0Y0        BUFG (Prop_bufg_I_O)         0.085     3.373 r  u_pl/u_clk/u_bufg_pix/O
                         net (fo=5515, routed)        1.446     4.819    u_pl/u_split_x/clk_pix
    SLICE_X66Y93         FDCE                                         r  u_pl/u_split_x/bus_q_reg[15]/C
  -------------------------------------------------------------------    -------------------
    SLICE_X66Y93         FDCE (Prop_fdce_C_Q)         0.433     5.252 r  u_pl/u_split_x/bus_q_reg[15]/Q
                         net (fo=2, routed)           1.008     6.260    u_pl/u_ang/bus_q[0]
    SLICE_X83Y92         LUT2 (Prop_lut2_I1_O)        0.105     6.365 r  u_pl/u_ang/angle[3]_i_8/O
                         net (fo=1, routed)           0.000     6.365    u_pl/u_ang/angle[3]_i_8_n_0
    SLICE_X83Y92         CARRY4 (Prop_carry4_S[0]_CO[3])
                                                      0.440     6.805 r  u_pl/u_ang/angle_reg[3]_i_2/CO[3]
                         net (fo=1, routed)           0.000     6.805    u_pl/u_ang/angle_reg[3]_i_2_n_0
    SLICE_X83Y93         CARRY4 (Prop_carry4_CI_O[0])
                                                      0.180     6.985 r  u_pl/u_ang/angle_reg[7]_i_4/O[0]
                         net (fo=6, routed)           0.825     7.810    u_pl/u_ang/angle_reg[7]_i_4_n_7
    SLICE_X82Y94         LUT6 (Prop_lut6_I1_O)        0.249     8.059 r  u_pl/u_ang/angle[3]_i_3/O
                         net (fo=4, routed)           0.533     8.593    u_pl/u_ang/angle[3]_i_3_n_0
    SLICE_X84Y94         LUT6 (Prop_lut6_I5_O)        0.105     8.698 r  u_pl/u_ang/angle[6]_i_5/O
                         net (fo=1, routed)           0.544     9.241    u_pl/u_ang/angle[6]_i_5_n_0
    SLICE_X85Y94         LUT5 (Prop_lut5_I4_O)        0.105     9.346 r  u_pl/u_ang/angle[6]_i_3/O
                         net (fo=1, routed)           0.204     9.551    u_pl/u_ang/angle[6]_i_3_n_0
    SLICE_X85Y94         LUT5 (Prop_lut5_I4_O)        0.105     9.656 r  u_pl/u_ang/angle[6]_i_1/O
                         net (fo=1, routed)           0.260     9.915    u_pl/u_ang/p_1_in__0[6]
    SLICE_X85Y94         FDRE                                         r  u_pl/u_ang/angle_reg[6]/D
  -------------------------------------------------------------------    -------------------

                         (clock sys_clk rise edge)   20.000    20.000 r  
    W17                                               0.000    20.000 r  sys_clk (IN)
                         net (fo=0)                   0.000    20.000    sys_clk
    W17                  IBUF (Prop_ibuf_I_O)         1.349    21.349 r  sys_clk_IBUF_inst/O
                         net (fo=1, routed)           1.701    23.050    sys_clk_IBUF
    BUFGCTRL_X0Y4        BUFG (Prop_bufg_I_O)         0.077    23.127 r  sys_clk_IBUF_BUFG_inst/O
                         net (fo=186, routed)         1.296    24.423    u_pl/u_ang/sys_clk_IBUF_BUFG
    SLICE_X85Y94         FDRE                                         r  u_pl/u_ang/angle_reg[6]/C
                         clock pessimism              0.246    24.669    
                         clock uncertainty           -0.259    24.410    
    SLICE_X85Y94         FDRE (Setup_fdre_C_D)       -0.047    24.363    u_pl/u_ang/angle_reg[6]
  -------------------------------------------------------------------
                         required time                         24.363    
                         arrival time                          -9.915    
  -------------------------------------------------------------------
                         slack                                 14.448    





Min Delay Paths
--------------------------------------------------------------------------------------
Slack (MET) :             0.192ns  (arrival time - required time)
  Source:                 u_pl/rot_fs_tog_reg/C
                            (rising edge-triggered cell FDCE clocked by clkout0_1  {rise@0.000ns fall@10.000ns period=20.000ns})
  Destination:            u_pl/u_ang/fs_s_reg[0]/D
                            (rising edge-triggered cell FDRE clocked by sys_clk  {rise@0.000ns fall@10.000ns period=20.000ns})
  Path Group:             sys_clk
  Path Type:              Hold (Min at Fast Process Corner)
  Requirement:            0.000ns  (sys_clk rise@0.000ns - clkout0_1 rise@0.000ns)
  Data Path Delay:        0.802ns  (logic 0.141ns (17.576%)  route 0.661ns (82.424%))
  Logic Levels:           0  
  Clock Path Skew:        0.276ns (DCD - SCD - CPR)
    Destination Clock Delay (DCD):    2.053ns
    Source Clock Delay      (SCD):    1.529ns
    Clock Pessimism Removal (CPR):    0.248ns
  Clock Uncertainty:      0.259ns  ((TSJ^2 + DJ^2)^1/2) / 2 + PE
    Total System Jitter     (TSJ):    0.071ns
    Discrete Jitter          (DJ):    0.175ns
    Phase Error              (PE):    0.165ns

    Location             Delay type                Incr(ns)  Path(ns)    Netlist Resource(s)
  -------------------------------------------------------------------    -------------------
                         (clock clkout0_1 rise edge)
                                                      0.000     0.000 r  
    W17                                               0.000     0.000 r  sys_clk (IN)
                         net (fo=0)                   0.000     0.000    sys_clk
    W17                  IBUF (Prop_ibuf_I_O)         0.252     0.252 r  sys_clk_IBUF_inst/O
                         net (fo=1, routed)           0.674     0.926    sys_clk_IBUF
    BUFGCTRL_X0Y4        BUFG (Prop_bufg_I_O)         0.026     0.952 r  sys_clk_IBUF_BUFG_inst/O
                         net (fo=186, routed)         0.595     1.547    u_pl/u_clk/sys_clk_IBUF_BUFG
    MMCME2_ADV_X1Y0      MMCME2_ADV (Prop_mmcme2_adv_CLKIN1_CLKOUT0)
                                                     -1.150     0.397 r  u_pl/u_clk/u_mmcm/CLKOUT0
                         net (fo=1, routed)           0.529     0.926    u_pl/u_clk/clkout0
    BUFGCTRL_X0Y0        BUFG (Prop_bufg_I_O)         0.026     0.952 r  u_pl/u_clk/u_bufg_pix/O
                         net (fo=5515, routed)        0.577     1.529    u_pl/clk_pix
    SLICE_X80Y80         FDCE                                         r  u_pl/rot_fs_tog_reg/C
  -------------------------------------------------------------------    -------------------
    SLICE_X80Y80         FDCE (Prop_fdce_C_Q)         0.141     1.670 r  u_pl/rot_fs_tog_reg/Q
                         net (fo=2, routed)           0.661     2.331    u_pl/u_ang/rot_fs_tog
    SLICE_X82Y92         FDRE                                         r  u_pl/u_ang/fs_s_reg[0]/D
  -------------------------------------------------------------------    -------------------

                         (clock sys_clk rise edge)    0.000     0.000 r  
    W17                                               0.000     0.000 r  sys_clk (IN)
                         net (fo=0)                   0.000     0.000    sys_clk
    W17                  IBUF (Prop_ibuf_I_O)         0.440     0.440 r  sys_clk_IBUF_inst/O
                         net (fo=1, routed)           0.731     1.171    sys_clk_IBUF
    BUFGCTRL_X0Y4        BUFG (Prop_bufg_I_O)         0.029     1.200 r  sys_clk_IBUF_BUFG_inst/O
                         net (fo=186, routed)         0.853     2.053    u_pl/u_ang/sys_clk_IBUF_BUFG
    SLICE_X82Y92         FDRE                                         r  u_pl/u_ang/fs_s_reg[0]/C
                         clock pessimism             -0.248     1.805    
                         clock uncertainty            0.259     2.064    
    SLICE_X82Y92         FDRE (Hold_fdre_C_D)         0.075     2.139    u_pl/u_ang/fs_s_reg[0]
  -------------------------------------------------------------------
                         required time                         -2.139    
                         arrival time                           2.331    
  -------------------------------------------------------------------
                         slack                                  0.192    





---------------------------------------------------------------------------------------------------
From Clock:  sys_clk
  To Clock:  clkout0_1

Setup :            0  Failing Endpoints,  Worst Slack        4.851ns,  Total Violation        0.000ns
Hold  :            0  Failing Endpoints,  Worst Slack        0.173ns,  Total Violation        0.000ns
---------------------------------------------------------------------------------------------------


Max Delay Paths
--------------------------------------------------------------------------------------
Slack (MET) :             4.851ns  (required time - arrival time)
  Source:                 u_pl/u_ang/angle_reg[0]/C
                            (rising edge-triggered cell FDRE clocked by sys_clk  {rise@0.000ns fall@10.000ns period=20.000ns})
  Destination:            u_pl/u_zmap/y_out_reg[8]/D
                            (rising edge-triggered cell FDCE clocked by clkout0_1  {rise@0.000ns fall@10.000ns period=20.000ns})
  Path Group:             clkout0_1
  Path Type:              Setup (Max at Slow Process Corner)
  Requirement:            20.000ns  (clkout0_1 rise@20.000ns - sys_clk rise@0.000ns)
  Data Path Delay:        14.565ns  (logic 5.840ns (40.096%)  route 8.725ns (59.904%))
  Logic Levels:           15  (CARRY4=3 DSP48E1=1 LUT2=1 LUT3=1 LUT4=3 LUT5=4 LUT6=2)
  Clock Path Skew:        -0.116ns (DCD - SCD + CPR)
    Destination Clock Delay (DCD):    4.463ns = ( 24.463 - 20.000 ) 
    Source Clock Delay      (SCD):    4.825ns
    Clock Pessimism Removal (CPR):    0.246ns
  Clock Uncertainty:      0.259ns  ((TSJ^2 + DJ^2)^1/2) / 2 + PE
    Total System Jitter     (TSJ):    0.071ns
    Discrete Jitter          (DJ):    0.175ns
    Phase Error              (PE):    0.165ns

    Location             Delay type                Incr(ns)  Path(ns)    Netlist Resource(s)
  -------------------------------------------------------------------    -------------------
                         (clock sys_clk rise edge)    0.000     0.000 r  
    W17                                               0.000     0.000 r  sys_clk (IN)
                         net (fo=0)                   0.000     0.000    sys_clk
    W17                  IBUF (Prop_ibuf_I_O)         1.415     1.415 r  sys_clk_IBUF_inst/O
                         net (fo=1, routed)           1.873     3.288    sys_clk_IBUF
    BUFGCTRL_X0Y4        BUFG (Prop_bufg_I_O)         0.085     3.373 r  sys_clk_IBUF_BUFG_inst/O
                         net (fo=186, routed)         1.452     4.825    u_pl/u_ang/sys_clk_IBUF_BUFG
    SLICE_X83Y92         FDRE                                         r  u_pl/u_ang/angle_reg[0]/C
  -------------------------------------------------------------------    -------------------
    SLICE_X83Y92         FDRE (Prop_fdre_C_Q)         0.379     5.204 r  u_pl/u_ang/angle_reg[0]/Q
                         net (fo=185, routed)         1.126     6.330    u_pl/u_ang/angle_reg_n_0_[0]
    SLICE_X85Y95         LUT5 (Prop_lut5_I4_O)        0.105     6.435 r  u_pl/u_ang/rot_s0_i_2/O
                         net (fo=5, routed)           0.479     6.914    u_pl/u_ang/rot_s0_i_2_n_0
    SLICE_X85Y94         LUT5 (Prop_lut5_I0_O)        0.126     7.040 r  u_pl/u_ang/rot_s0_i_1/O
                         net (fo=13, routed)          0.921     7.961    u_pl/u_ang/angle_reg[7]_4
    SLICE_X67Y94         LUT2 (Prop_lut2_I0_O)        0.267     8.228 r  u_pl/u_ang/bus[19]_i_1/O
                         net (fo=8, routed)           0.347     8.575    u_pl/u_zfit/rot_forced
    SLICE_X67Y93         LUT4 (Prop_lut4_I3_O)        0.108     8.683 r  u_pl/u_zfit/bus[5]_i_1/O
                         net (fo=13, routed)          1.148     9.831    u_pl/u_zmap/B[5]
    DSP48_X3Y34          DSP48E1 (Prop_dsp48e1_B[5]_P[15])
                                                      3.238    13.069 r  u_pl/u_zmap/rot_ys/P[15]
                         net (fo=2, routed)           0.979    14.047    u_pl/u_zmap/p_0_in[7]
    SLICE_X95Y85         LUT4 (Prop_lut4_I1_O)        0.105    14.152 r  u_pl/u_zmap/y_out[3]_i_12/O
                         net (fo=1, routed)           0.313    14.466    u_pl/u_zmap/y_out[3]_i_12_n_0
    SLICE_X95Y84         LUT5 (Prop_lut5_I4_O)        0.105    14.571 r  u_pl/u_zmap/y_out[3]_i_11/O
                         net (fo=1, routed)           0.477    15.047    u_pl/u_zmap/y_out[3]_i_11_n_0
    SLICE_X94Y83         LUT3 (Prop_lut3_I1_O)        0.105    15.152 r  u_pl/u_zmap/y_out[3]_i_10/O
                         net (fo=1, routed)           0.000    15.152    u_pl/u_zmap/y_out[3]_i_10_n_0
    SLICE_X94Y83         CARRY4 (Prop_carry4_S[0]_CO[3])
                                                      0.423    15.575 r  u_pl/u_zmap/y_out_reg[3]_i_3/CO[3]
                         net (fo=1, routed)           0.000    15.575    u_pl/u_zmap/y_out_reg[3]_i_3_n_0
    SLICE_X94Y84         CARRY4 (Prop_carry4_CI_CO[3])
                                                      0.100    15.675 r  u_pl/u_zmap/y_out_reg[7]_i_3/CO[3]
                         net (fo=1, routed)           0.000    15.675    u_pl/u_zmap/y_out_reg[7]_i_3_n_0
    SLICE_X94Y85         CARRY4 (Prop_carry4_CI_O[2])
                                                      0.199    15.874 f  u_pl/u_zmap/y_out_reg[8]_i_3/O[2]
                         net (fo=1, routed)           0.532    16.406    u_pl/u_zmap/sy_c00_in[10]
    SLICE_X96Y77         LUT5 (Prop_lut5_I1_O)        0.244    16.650 f  u_pl/u_zmap/oob_i_9/O
                         net (fo=1, routed)           0.527    17.177    u_pl/u_zmap/oob_i_9_n_0
    SLICE_X96Y78         LUT6 (Prop_lut6_I0_O)        0.105    17.282 f  u_pl/u_zmap/oob_i_5/O
                         net (fo=1, routed)           0.652    17.935    u_pl/u_zmap/oob_i_5_n_0
    SLICE_X94Y78         LUT6 (Prop_lut6_I3_O)        0.105    18.040 f  u_pl/u_zmap/oob_i_1/O
                         net (fo=35, routed)          0.624    18.664    u_pl/u_zmap/oob_i_1_n_0
    SLICE_X95Y76         LUT4 (Prop_lut4_I3_O)        0.126    18.790 r  u_pl/u_zmap/y_out[8]_i_1/O
                         net (fo=1, routed)           0.600    19.390    u_pl/u_zmap/y_out[8]_i_1_n_0
    SLICE_X95Y71         FDCE                                         r  u_pl/u_zmap/y_out_reg[8]/D
  -------------------------------------------------------------------    -------------------

                         (clock clkout0_1 rise edge)
                                                     20.000    20.000 r  
    W17                                               0.000    20.000 r  sys_clk (IN)
                         net (fo=0)                   0.000    20.000    sys_clk
    W17                  IBUF (Prop_ibuf_I_O)         1.349    21.349 r  sys_clk_IBUF_inst/O
                         net (fo=1, routed)           1.701    23.050    sys_clk_IBUF
    BUFGCTRL_X0Y4        BUFG (Prop_bufg_I_O)         0.077    23.127 r  sys_clk_IBUF_BUFG_inst/O
                         net (fo=186, routed)         1.384    24.511    u_pl/u_clk/sys_clk_IBUF_BUFG
    MMCME2_ADV_X1Y0      MMCME2_ADV (Prop_mmcme2_adv_CLKIN1_CLKOUT0)
                                                     -2.915    21.596 r  u_pl/u_clk/u_mmcm/CLKOUT0
                         net (fo=1, routed)           1.454    23.050    u_pl/u_clk/clkout0
    BUFGCTRL_X0Y0        BUFG (Prop_bufg_I_O)         0.077    23.127 r  u_pl/u_clk/u_bufg_pix/O
                         net (fo=5515, routed)        1.336    24.463    u_pl/u_zmap/clk_pix
    SLICE_X95Y71         FDCE                                         r  u_pl/u_zmap/y_out_reg[8]/C
                         clock pessimism              0.246    24.709    
                         clock uncertainty           -0.259    24.450    
    SLICE_X95Y71         FDCE (Setup_fdce_C_D)       -0.209    24.241    u_pl/u_zmap/y_out_reg[8]
  -------------------------------------------------------------------
                         required time                         24.241    
                         arrival time                         -19.390    
  -------------------------------------------------------------------
                         slack                                  4.851    





Min Delay Paths
--------------------------------------------------------------------------------------
Slack (MET) :             0.173ns  (arrival time - required time)
  Source:                 u_pl/u_k1l/tog_reg/C
                            (rising edge-triggered cell FDRE clocked by sys_clk  {rise@0.000ns fall@10.000ns period=20.000ns})
  Destination:            u_pl/u_mode/lsync_reg[0]/D
                            (rising edge-triggered cell FDCE clocked by clkout0_1  {rise@0.000ns fall@10.000ns period=20.000ns})
  Path Group:             clkout0_1
  Path Type:              Hold (Min at Fast Process Corner)
  Requirement:            0.000ns  (clkout0_1 rise@0.000ns - sys_clk rise@0.000ns)
  Data Path Delay:        0.691ns  (logic 0.128ns (18.525%)  route 0.563ns (81.475%))
  Logic Levels:           0  
  Clock Path Skew:        0.267ns (DCD - SCD - CPR)
    Destination Clock Delay (DCD):    2.135ns
    Source Clock Delay      (SCD):    1.620ns
    Clock Pessimism Removal (CPR):    0.248ns
  Clock Uncertainty:      0.259ns  ((TSJ^2 + DJ^2)^1/2) / 2 + PE
    Total System Jitter     (TSJ):    0.071ns
    Discrete Jitter          (DJ):    0.175ns
    Phase Error              (PE):    0.165ns

    Location             Delay type                Incr(ns)  Path(ns)    Netlist Resource(s)
  -------------------------------------------------------------------    -------------------
                         (clock sys_clk rise edge)    0.000     0.000 r  
    W17                                               0.000     0.000 r  sys_clk (IN)
                         net (fo=0)                   0.000     0.000    sys_clk
    W17                  IBUF (Prop_ibuf_I_O)         0.252     0.252 r  sys_clk_IBUF_inst/O
                         net (fo=1, routed)           0.674     0.926    sys_clk_IBUF
    BUFGCTRL_X0Y4        BUFG (Prop_bufg_I_O)         0.026     0.952 r  sys_clk_IBUF_BUFG_inst/O
                         net (fo=186, routed)         0.668     1.620    u_pl/u_k1l/sys_clk_IBUF_BUFG
    SLICE_X84Y100        FDRE                                         r  u_pl/u_k1l/tog_reg/C
  -------------------------------------------------------------------    -------------------
    SLICE_X84Y100        FDRE (Prop_fdre_C_Q)         0.128     1.748 r  u_pl/u_k1l/tog_reg/Q
                         net (fo=3, routed)           0.563     2.311    u_pl/u_mode/D[0]
    SLICE_X65Y109        FDCE                                         r  u_pl/u_mode/lsync_reg[0]/D
  -------------------------------------------------------------------    -------------------

                         (clock clkout0_1 rise edge)
                                                      0.000     0.000 r  
    W17                                               0.000     0.000 r  sys_clk (IN)
                         net (fo=0)                   0.000     0.000    sys_clk
    W17                  IBUF (Prop_ibuf_I_O)         0.440     0.440 r  sys_clk_IBUF_inst/O
                         net (fo=1, routed)           0.731     1.171    sys_clk_IBUF
    BUFGCTRL_X0Y4        BUFG (Prop_bufg_I_O)         0.029     1.200 r  sys_clk_IBUF_BUFG_inst/O
                         net (fo=186, routed)         0.862     2.062    u_pl/u_clk/sys_clk_IBUF_BUFG
    MMCME2_ADV_X1Y0      MMCME2_ADV (Prop_mmcme2_adv_CLKIN1_CLKOUT0)
                                                     -1.467     0.595 r  u_pl/u_clk/u_mmcm/CLKOUT0
                         net (fo=1, routed)           0.576     1.171    u_pl/u_clk/clkout0
    BUFGCTRL_X0Y0        BUFG (Prop_bufg_I_O)         0.029     1.200 r  u_pl/u_clk/u_bufg_pix/O
                         net (fo=5515, routed)        0.935     2.135    u_pl/u_mode/clk_pix
    SLICE_X65Y109        FDCE                                         r  u_pl/u_mode/lsync_reg[0]/C
                         clock pessimism             -0.248     1.887    
                         clock uncertainty            0.259     2.146    
    SLICE_X65Y109        FDCE (Hold_fdce_C_D)        -0.008     2.138    u_pl/u_mode/lsync_reg[0]
  -------------------------------------------------------------------
                         required time                         -2.138    
                         arrival time                           2.311    
  -------------------------------------------------------------------
                         slack                                  0.173    





