Copyright 1986-2022 Xilinx, Inc. All Rights Reserved. Copyright 2022-2026 Advanced Micro Devices, Inc. All Rights Reserved.
---------------------------------------------------------------------------------------------------------------------------------------------
| Tool Version : Vivado v.2025.2.1 (win64) Build 6403652 Thu Mar 19 19:48:24 GMT 2026
| Date         : Tue Sep 29 01:12:48 2026
| Host         : Uie-laptop running 64-bit major release  (build 9200)
| Command      : report_timing_summary -file D:/Xilinx/Prj/pro/Video_Processing/build/timing_summary.rpt
| Design       : system_top
| Device       : 7z020-clg484
| Speed File   : -2  PRODUCTION 1.12 2019-11-22
| Design State : Routed
---------------------------------------------------------------------------------------------------------------------------------------------

Timing Summary Report

------------------------------------------------------------------------------------------------
| Timer Settings
| --------------
------------------------------------------------------------------------------------------------

  Enable Multi Corner Analysis               :  Yes
  Enable Pessimism Removal                   :  Yes
  Pessimism Removal Resolution               :  Nearest Common Node
  Enable Input Delay Default Clock           :  No
  Enable Preset / Clear Arcs                 :  No
  Disable Flight Delays                      :  No
  Ignore I/O Paths                           :  No
  Timing Early Launch at Borrowing Latches   :  No
  Borrow Time for Max Delay Exceptions       :  Yes
  Merge Timing Exceptions                    :  Yes
  Inter-SLR Compensation                     :  Conservative

  Corner  Analyze    Analyze    
  Name    Max Paths  Min Paths  
  ------  ---------  ---------  
  Slow    Yes        Yes        
  Fast    Yes        Yes        


------------------------------------------------------------------------------------------------
| Report Methodology
| ------------------
------------------------------------------------------------------------------------------------

Rule       Severity  Description                                                Violations  
---------  --------  ---------------------------------------------------------  ----------  
DPIR-1     Warning   Asynchronous driver check                                  2           
LUTAR-1    Warning   LUT drives async reset alert                               1           
SYNTH-5    Warning   Mapped onto distributed RAM because of timing constraints  336         
SYNTH-6    Warning   Timing of a RAM block might be sub-optimal                 97          
TIMING-9   Warning   Unknown CDC Logic                                          1           
TIMING-10  Warning   Missing property on synchronizer                           1           
TIMING-18  Warning   Missing input or output delay                              7           

Note: This report is based on the most recent report_methodology run and may not be up-to-date. Run report_methodology on the current design for the latest report.



check_timing report

Table of Contents
-----------------
1. checking no_clock (0)
2. checking constant_clock (0)
3. checking pulse_width_clock (0)
4. checking unconstrained_internal_endpoints (0)
5. checking no_input_delay (7)
6. checking no_output_delay (12)
7. checking multiple_clock (0)
8. checking generated_clocks (0)
9. checking loops (0)
10. checking partial_input_delay (0)
11. checking partial_output_delay (0)
12. checking latch_loops (0)

1. checking no_clock (0)
------------------------
 There are 0 register/latch pins with no clock.


2. checking constant_clock (0)
------------------------------
 There are 0 register/latch pins with constant_clock.


3. checking pulse_width_clock (0)
---------------------------------
 There are 0 register/latch pins which need pulse_width check


4. checking unconstrained_internal_endpoints (0)
------------------------------------------------
 There are 0 pins that are not constrained for maximum delay.

 There are 0 pins that are not constrained for maximum delay due to constant clock.


5. checking no_input_delay (7)
------------------------------
 There are 5 input ports with no input delay specified. (HIGH)

 There are 2 input ports with no input delay but user has a false path constraint. (MEDIUM)


6. checking no_output_delay (12)
--------------------------------
 There are 6 ports with no output delay specified. (HIGH)

 There are 6 ports with no output delay but user has a false path constraint (MEDIUM)

 There are 0 ports with no output delay but with a timing clock defined on it or propagating through it


7. checking multiple_clock (0)
------------------------------
 There are 0 register/latch pins with multiple clocks.


8. checking generated_clocks (0)
--------------------------------
 There are 0 generated clocks that are not connected to a clock source.


9. checking loops (0)
---------------------
 There are 0 combinational loops in the design.


10. checking partial_input_delay (0)
------------------------------------
 There are 0 input ports with partial input delay specified.


11. checking partial_output_delay (0)
-------------------------------------
 There are 0 ports with partial output delay specified.


12. checking latch_loops (0)
----------------------------
 There are 0 combinational latch loops in the design through latch input



------------------------------------------------------------------------------------------------
| Design Timing Summary
| ---------------------
------------------------------------------------------------------------------------------------

    WNS(ns)      TNS(ns)  TNS Failing Endpoints  TNS Total Endpoints      WHS(ns)      THS(ns)  THS Failing Endpoints  THS Total Endpoints     WPWS(ns)     TPWS(ns)  TPWS Failing Endpoints  TPWS Total Endpoints  
    -------      -------  ---------------------  -------------------      -------      -------  ---------------------  -------------------     --------     --------  ----------------------  --------------------  
     -0.094       -0.747                     16                50883        0.056        0.000                      0                50883        0.264        0.000                       0                 12521  


Timing constraints are not met.


------------------------------------------------------------------------------------------------
| Clock Summary
| -------------
------------------------------------------------------------------------------------------------

Clock         Waveform(ns)         Period(ns)      Frequency(MHz)
-----         ------------         ----------      --------------
clk_fpga_0    {0.000 5.000}        10.000          100.000         
eth_rxc       {0.000 4.000}        8.000           125.000         
sys_clk       {0.000 10.000}       20.000          50.000          
  clkfbout    {0.000 10.000}       20.000          50.000          
  clkfbout_1  {0.000 10.000}       20.000          50.000          
  clkout0_1   {0.000 10.000}       20.000          50.000          
  clkout1_1   {0.000 2.000}        4.000           250.000         
  clkout2     {0.000 2.500}        5.000           200.000         


------------------------------------------------------------------------------------------------
| Intra Clock Table
| -----------------
------------------------------------------------------------------------------------------------

Clock             WNS(ns)      TNS(ns)  TNS Failing Endpoints  TNS Total Endpoints      WHS(ns)      THS(ns)  THS Failing Endpoints  THS Total Endpoints     WPWS(ns)     TPWS(ns)  TPWS Failing Endpoints  TPWS Total Endpoints  
-----             -------      -------  ---------------------  -------------------      -------      -------  ---------------------  -------------------     --------     --------  ----------------------  --------------------  
clk_fpga_0          1.436        0.000                      0                15713        0.056        0.000                      0                15713        3.870        0.000                       0                  4368  
eth_rxc            -0.094       -0.747                     16                 4719        0.056        0.000                      0                 4719        3.500        0.000                       0                  2479  
sys_clk            14.782        0.000                      0                  255        0.121        0.000                      0                  255        7.000        0.000                       0                   187  
  clkfbout                                                                                                                                                     18.408        0.000                       0                     3  
  clkfbout_1                                                                                                                                                   18.408        0.000                       0                     3  
  clkout0_1         1.513        0.000                      0                30118        0.062        0.000                      0                30118        8.870        0.000                       0                  5468  
  clkout1_1                                                                                                                                                     2.408        0.000                       0                    10  
  clkout2                                                                                                                                                       0.264        0.000                       0                     3  


------------------------------------------------------------------------------------------------
| Inter Clock Table
| -----------------
------------------------------------------------------------------------------------------------

From Clock    To Clock          WNS(ns)      TNS(ns)  TNS Failing Endpoints  TNS Total Endpoints      WHS(ns)      THS(ns)  THS Failing Endpoints  THS Total Endpoints  
----------    --------          -------      -------  ---------------------  -------------------      -------      -------  ---------------------  -------------------  
clkout0_1     sys_clk            14.114        0.000                      0                   22        0.196        0.000                      0                   22  
sys_clk       clkout0_1           2.883        0.000                      0                  191        0.172        0.000                      0                  191  


------------------------------------------------------------------------------------------------
| Other Path Groups Table
| -----------------------
------------------------------------------------------------------------------------------------

Path Group    From Clock    To Clock          WNS(ns)      TNS(ns)  TNS Failing Endpoints  TNS Total Endpoints      WHS(ns)      THS(ns)  THS Failing Endpoints  THS Total Endpoints  
----------    ----------    --------          -------      -------  ---------------------  -------------------      -------      -------  ---------------------  -------------------  


------------------------------------------------------------------------------------------------
| Timing Details
| --------------
------------------------------------------------------------------------------------------------


---------------------------------------------------------------------------------------------------
From Clock:  clk_fpga_0
  To Clock:  clk_fpga_0

Setup :            0  Failing Endpoints,  Worst Slack        1.436ns,  Total Violation        0.000ns
Hold  :            0  Failing Endpoints,  Worst Slack        0.056ns,  Total Violation        0.000ns
PW    :            0  Failing Endpoints,  Worst Slack        3.870ns,  Total Violation        0.000ns
---------------------------------------------------------------------------------------------------


Max Delay Paths
--------------------------------------------------------------------------------------
Slack (MET) :             1.436ns  (required time - arrival time)
  Source:                 u_pl/u_arb/owner_eth_reg_rep__0/C
                            (rising edge-triggered cell FDCE clocked by clk_fpga_0  {rise@0.000ns fall@5.000ns period=10.000ns})
  Destination:            u_pl/u_bilin/u_fb/lo_reg_0_43/ADDRARDADDR[5]
                            (rising edge-triggered cell RAMB36E1 clocked by clk_fpga_0  {rise@0.000ns fall@5.000ns period=10.000ns})
  Path Group:             clk_fpga_0
  Path Type:              Setup (Max at Slow Process Corner)
  Requirement:            10.000ns  (clk_fpga_0 rise@10.000ns - clk_fpga_0 rise@0.000ns)
  Data Path Delay:        7.788ns  (logic 0.500ns (6.420%)  route 7.288ns (93.580%))
  Logic Levels:           1  (LUT3=1)
  Clock Path Skew:        0.030ns (DCD - SCD + CPR)
    Destination Clock Delay (DCD):    2.384ns = ( 12.384 - 10.000 ) 
    Source Clock Delay      (SCD):    2.450ns
    Clock Pessimism Removal (CPR):    0.097ns
  Clock Uncertainty:      0.154ns  ((TSJ^2 + TIJ^2)^1/2 + DJ) / 2 + PE
    Total System Jitter     (TSJ):    0.071ns
    Total Input Jitter      (TIJ):    0.300ns
    Discrete Jitter          (DJ):    0.000ns
    Phase Error              (PE):    0.000ns

    Location             Delay type                Incr(ns)  Path(ns)    Netlist Resource(s)
  -------------------------------------------------------------------    -------------------
                         (clock clk_fpga_0 rise edge)
                                                      0.000     0.000 r  
    PS7_X0Y0             PS7                          0.000     0.000 r  u_bd/design_1_i/processing_system7_0/inst/PS7_i/FCLKCLK[0]
                         net (fo=1, routed)           0.994     0.994    u_bd/design_1_i/processing_system7_0/inst/FCLK_CLK_unbuffered[0]
    BUFGCTRL_X0Y16       BUFG (Prop_bufg_I_O)         0.085     1.079 r  u_bd/design_1_i/processing_system7_0/inst/buffer_fclk_clk_0.FCLK_CLK_0_BUFG/O
                         net (fo=4369, routed)        1.371     2.450    u_pl/u_arb/FCLK_CLK0
    SLICE_X48Y72         FDCE                                         r  u_pl/u_arb/owner_eth_reg_rep__0/C
  -------------------------------------------------------------------    -------------------
    SLICE_X48Y72         FDCE (Prop_fdce_C_Q)         0.379     2.829 r  u_pl/u_arb/owner_eth_reg_rep__0/Q
                         net (fo=187, routed)         2.671     5.500    u_pl/u_row/wr_words_reg[17]_0
    SLICE_X39Y44         LUT3 (Prop_lut3_I2_O)        0.121     5.621 r  u_pl/u_row/lo_reg_0_8_i_10/O
                         net (fo=20, routed)          4.617    10.238    u_pl/u_bilin/u_fb/lo_reg_0_24_0[5]
    RAMB36_X5Y2          RAMB36E1                                     r  u_pl/u_bilin/u_fb/lo_reg_0_43/ADDRARDADDR[5]
  -------------------------------------------------------------------    -------------------

                         (clock clk_fpga_0 rise edge)
                                                     10.000    10.000 r  
    PS7_X0Y0             PS7                          0.000    10.000 r  u_bd/design_1_i/processing_system7_0/inst/PS7_i/FCLKCLK[0]
                         net (fo=1, routed)           0.905    10.906    u_bd/design_1_i/processing_system7_0/inst/FCLK_CLK_unbuffered[0]
    BUFGCTRL_X0Y16       BUFG (Prop_bufg_I_O)         0.077    10.983 r  u_bd/design_1_i/processing_system7_0/inst/buffer_fclk_clk_0.FCLK_CLK_0_BUFG/O
                         net (fo=4369, routed)        1.401    12.384    u_pl/u_bilin/u_fb/FCLK_CLK0
    RAMB36_X5Y2          RAMB36E1                                     r  u_pl/u_bilin/u_fb/lo_reg_0_43/CLKARDCLK
                         clock pessimism              0.097    12.480    
                         clock uncertainty           -0.154    12.326    
    RAMB36_X5Y2          RAMB36E1 (Setup_ramb36e1_CLKARDCLK_ADDRARDADDR[5])
                                                     -0.653    11.673    u_pl/u_bilin/u_fb/lo_reg_0_43
  -------------------------------------------------------------------
                         required time                         11.673    
                         arrival time                         -10.238    
  -------------------------------------------------------------------
                         slack                                  1.436    





Min Delay Paths
--------------------------------------------------------------------------------------
Slack (MET) :             0.056ns  (arrival time - required time)
  Source:                 u_bd/design_1_i/axi_gpio_1/U0/gpio_core_1/Not_Dual.ALLIN1_ND.READ_REG_GEN[0].reg1_reg[0]/C
                            (rising edge-triggered cell FDRE clocked by clk_fpga_0  {rise@0.000ns fall@5.000ns period=10.000ns})
  Destination:            u_bd/design_1_i/axi_gpio_1/U0/ip2bus_data_i_D1_reg[0]/D
                            (rising edge-triggered cell FDRE clocked by clk_fpga_0  {rise@0.000ns fall@5.000ns period=10.000ns})
  Path Group:             clk_fpga_0
  Path Type:              Hold (Min at Fast Process Corner)
  Requirement:            0.000ns  (clk_fpga_0 rise@0.000ns - clk_fpga_0 rise@0.000ns)
  Data Path Delay:        0.496ns  (logic 0.186ns (37.470%)  route 0.310ns (62.530%))
  Logic Levels:           1  (LUT6=1)
  Clock Path Skew:        0.349ns (DCD - SCD - CPR)
    Destination Clock Delay (DCD):    1.277ns
    Source Clock Delay      (SCD):    0.893ns
    Clock Pessimism Removal (CPR):    0.035ns

    Location             Delay type                Incr(ns)  Path(ns)    Netlist Resource(s)
  -------------------------------------------------------------------    -------------------
                         (clock clk_fpga_0 rise edge)
                                                      0.000     0.000 r  
    PS7_X0Y0             PS7                          0.000     0.000 r  u_bd/design_1_i/processing_system7_0/inst/PS7_i/FCLKCLK[0]
                         net (fo=1, routed)           0.310     0.310    u_bd/design_1_i/processing_system7_0/inst/FCLK_CLK_unbuffered[0]
    BUFGCTRL_X0Y16       BUFG (Prop_bufg_I_O)         0.026     0.336 r  u_bd/design_1_i/processing_system7_0/inst/buffer_fclk_clk_0.FCLK_CLK_0_BUFG/O
                         net (fo=4369, routed)        0.557     0.893    u_bd/design_1_i/axi_gpio_1/U0/gpio_core_1/s_axi_aclk
    SLICE_X44Y99         FDRE                                         r  u_bd/design_1_i/axi_gpio_1/U0/gpio_core_1/Not_Dual.ALLIN1_ND.READ_REG_GEN[0].reg1_reg[0]/C
  -------------------------------------------------------------------    -------------------
    SLICE_X44Y99         FDRE (Prop_fdre_C_Q)         0.141     1.034 r  u_bd/design_1_i/axi_gpio_1/U0/gpio_core_1/Not_Dual.ALLIN1_ND.READ_REG_GEN[0].reg1_reg[0]/Q
                         net (fo=1, routed)           0.310     1.344    u_bd/design_1_i/axi_gpio_1/U0/gpio_core_1/Not_Dual.ALLIN1_ND.READ_REG_GEN[0].reg1_reg
    SLICE_X44Y100        LUT6 (Prop_lut6_I1_O)        0.045     1.389 r  u_bd/design_1_i/axi_gpio_1/U0/gpio_core_1/ip2bus_data_i_D1[0]_i_1/O
                         net (fo=1, routed)           0.000     1.389    u_bd/design_1_i/axi_gpio_1/U0/ip2bus_data[0]
    SLICE_X44Y100        FDRE                                         r  u_bd/design_1_i/axi_gpio_1/U0/ip2bus_data_i_D1_reg[0]/D
  -------------------------------------------------------------------    -------------------

                         (clock clk_fpga_0 rise edge)
                                                      0.000     0.000 r  
    PS7_X0Y0             PS7                          0.000     0.000 r  u_bd/design_1_i/processing_system7_0/inst/PS7_i/FCLKCLK[0]
                         net (fo=1, routed)           0.337     0.337    u_bd/design_1_i/processing_system7_0/inst/FCLK_CLK_unbuffered[0]
    BUFGCTRL_X0Y16       BUFG (Prop_bufg_I_O)         0.029     0.366 r  u_bd/design_1_i/processing_system7_0/inst/buffer_fclk_clk_0.FCLK_CLK_0_BUFG/O
                         net (fo=4369, routed)        0.911     1.277    u_bd/design_1_i/axi_gpio_1/U0/s_axi_aclk
    SLICE_X44Y100        FDRE                                         r  u_bd/design_1_i/axi_gpio_1/U0/ip2bus_data_i_D1_reg[0]/C
                         clock pessimism             -0.035     1.242    
    SLICE_X44Y100        FDRE (Hold_fdre_C_D)         0.091     1.333    u_bd/design_1_i/axi_gpio_1/U0/ip2bus_data_i_D1_reg[0]
  -------------------------------------------------------------------
                         required time                         -1.333    
                         arrival time                           1.389    
  -------------------------------------------------------------------
                         slack                                  0.056    





Pulse Width Checks
--------------------------------------------------------------------------------------
Clock Name:         clk_fpga_0
Waveform(ns):       { 0.000 5.000 }
Period(ns):         10.000
Sources:            { u_bd/design_1_i/processing_system7_0/inst/PS7_i/FCLKCLK[0] }

Check Type        Corner  Lib Pin             Reference Pin  Required(ns)  Actual(ns)  Slack(ns)  Location      Pin
Min Period        n/a     RAMB36E1/CLKBWRCLK  n/a            2.170         10.000      7.830      RAMB36_X0Y1   u_eth/u_cdc/mem_reg_0/CLKBWRCLK
Low Pulse Width   Slow    RAMD64E/CLK         n/a            1.130         5.000       3.870      SLICE_X30Y28  u_eth/u_saver/q_addr_reg_0_63_12_14/RAMA/CLK
High Pulse Width  Slow    RAMD64E/CLK         n/a            1.130         5.000       3.870      SLICE_X30Y28  u_eth/u_saver/q_addr_reg_0_63_12_14/RAMA/CLK



---------------------------------------------------------------------------------------------------
From Clock:  eth_rxc
  To Clock:  eth_rxc

Setup :           16  Failing Endpoints,  Worst Slack       -0.094ns,  Total Violation       -0.747ns
Hold  :            0  Failing Endpoints,  Worst Slack        0.056ns,  Total Violation        0.000ns
PW    :            0  Failing Endpoints,  Worst Slack        3.500ns,  Total Violation        0.000ns
---------------------------------------------------------------------------------------------------


Max Delay Paths
--------------------------------------------------------------------------------------
Slack (VIOLATED) :        -0.094ns  (required time - arrival time)
  Source:                 u_eth/u_cdc/wbin_reg[0]/C
                            (rising edge-triggered cell FDCE clocked by eth_rxc  {rise@0.000ns fall@4.000ns period=8.000ns})
  Destination:            u_eth/u_lm/drop_words_reg[20]/CE
                            (rising edge-triggered cell FDCE clocked by eth_rxc  {rise@0.000ns fall@4.000ns period=8.000ns})
  Path Group:             eth_rxc
  Path Type:              Setup (Max at Slow Process Corner)
  Requirement:            8.000ns  (eth_rxc rise@8.000ns - eth_rxc rise@0.000ns)
  Data Path Delay:        7.694ns  (logic 2.229ns (28.970%)  route 5.465ns (71.030%))
  Logic Levels:           6  (CARRY4=3 LUT4=2 LUT5=1)
  Clock Path Skew:        -0.197ns (DCD - SCD + CPR)
    Destination Clock Delay (DCD):    4.420ns = ( 12.420 - 8.000 ) 
    Source Clock Delay      (SCD):    4.863ns
    Clock Pessimism Removal (CPR):    0.246ns
  Clock Uncertainty:      0.035ns  ((TSJ^2 + TIJ^2)^1/2 + DJ) / 2 + PE
    Total System Jitter     (TSJ):    0.071ns
    Total Input Jitter      (TIJ):    0.000ns
    Discrete Jitter          (DJ):    0.000ns
    Phase Error              (PE):    0.000ns

    Location             Delay type                Incr(ns)  Path(ns)    Netlist Resource(s)
  -------------------------------------------------------------------    -------------------
                         (clock eth_rxc rise edge)    0.000     0.000 r  
    Y19                                               0.000     0.000 r  eth_rxc (IN)
                         net (fo=0)                   0.000     0.000    eth_rxc
    Y19                  IBUF (Prop_ibuf_I_O)         1.430     1.430 r  eth_rxc_IBUF_inst/O
                         net (fo=2, routed)           1.873     3.303    u_eth/u_rgmii/u_rgmii_rx/rgmii_rxc
    BUFGCTRL_X0Y1        BUFG (Prop_bufg_I_O)         0.085     3.388 r  u_eth/u_rgmii/u_rgmii_rx/BUFG_inst/O
                         net (fo=2473, routed)        1.475     4.863    u_eth/u_cdc/gmii_rx_clk
    SLICE_X27Y7          FDCE                                         r  u_eth/u_cdc/wbin_reg[0]/C
  -------------------------------------------------------------------    -------------------
    SLICE_X27Y7          FDCE (Prop_fdce_C_Q)         0.379     5.242 r  u_eth/u_cdc/wbin_reg[0]/Q
                         net (fo=13, routed)          1.255     6.496    u_eth/u_cdc/wbin_reg[0]
    SLICE_X26Y7          CARRY4 (Prop_carry4_CYINIT_O[1])
                                                      0.506     7.002 r  u_eth/u_cdc/wgray_reg[4]_i_2/O[1]
                         net (fo=3, routed)           1.083     8.086    u_eth/u_cdc/b1_in__0[2]
    SLICE_X24Y6          LUT5 (Prop_lut5_I3_O)        0.245     8.331 r  u_eth/u_cdc/full_d_i_11/O
                         net (fo=1, routed)           0.436     8.766    u_eth/u_cdc/full_d_i_11_n_0
    SLICE_X24Y8          LUT4 (Prop_lut4_I3_O)        0.105     8.871 r  u_eth/u_cdc/full_d_i_7/O
                         net (fo=1, routed)           0.000     8.871    u_eth/u_cdc/full_d_i_7_n_0
    SLICE_X24Y8          CARRY4 (Prop_carry4_S[0]_CO[3])
                                                      0.440     9.311 r  u_eth/u_cdc/full_d_reg_i_2/CO[3]
                         net (fo=1, routed)           0.000     9.311    u_eth/u_cdc/full_d_reg_i_2_n_0
    SLICE_X24Y9          CARRY4 (Prop_carry4_CI_CO[0])
                                                      0.245     9.556 r  u_eth/u_cdc/full_d_reg_i_1/CO[0]
                         net (fo=6, routed)           0.721    10.277    u_eth/u_reasm/wr_full
    SLICE_X24Y12         LUT4 (Prop_lut4_I0_O)        0.309    10.586 r  u_eth/u_reasm/drop_words[0]_i_1/O
                         net (fo=32, routed)          1.971    12.557    u_eth/u_lm/drop_words0
    SLICE_X31Y92         FDCE                                         r  u_eth/u_lm/drop_words_reg[20]/CE
  -------------------------------------------------------------------    -------------------

                         (clock eth_rxc rise edge)    8.000     8.000 r  
    Y19                                               0.000     8.000 r  eth_rxc (IN)
                         net (fo=0)                   0.000     8.000    eth_rxc
    Y19                  IBUF (Prop_ibuf_I_O)         1.364     9.364 r  eth_rxc_IBUF_inst/O
                         net (fo=2, routed)           1.701    11.065    u_eth/u_rgmii/u_rgmii_rx/rgmii_rxc
    BUFGCTRL_X0Y1        BUFG (Prop_bufg_I_O)         0.077    11.142 r  u_eth/u_rgmii/u_rgmii_rx/BUFG_inst/O
                         net (fo=2473, routed)        1.278    12.420    u_eth/u_lm/gmii_rx_clk
    SLICE_X31Y92         FDCE                                         r  u_eth/u_lm/drop_words_reg[20]/C
                         clock pessimism              0.246    12.666    
                         clock uncertainty           -0.035    12.630    
    SLICE_X31Y92         FDCE (Setup_fdce_C_CE)      -0.168    12.462    u_eth/u_lm/drop_words_reg[20]
  -------------------------------------------------------------------
                         required time                         12.462    
                         arrival time                         -12.557    
  -------------------------------------------------------------------
                         slack                                 -0.094    





Min Delay Paths
--------------------------------------------------------------------------------------
Slack (MET) :             0.056ns  (arrival time - required time)
  Source:                 u_eth/u_cdc/rgray_s1_reg[3]/C
                            (rising edge-triggered cell FDCE clocked by eth_rxc  {rise@0.000ns fall@4.000ns period=8.000ns})
  Destination:            u_eth/u_lm/full_d_reg/D
                            (rising edge-triggered cell FDCE clocked by eth_rxc  {rise@0.000ns fall@4.000ns period=8.000ns})
  Path Group:             eth_rxc
  Path Type:              Hold (Min at Fast Process Corner)
  Requirement:            0.000ns  (eth_rxc rise@0.000ns - eth_rxc rise@0.000ns)
  Data Path Delay:        0.962ns  (logic 0.417ns (43.357%)  route 0.545ns (56.643%))
  Logic Levels:           3  (CARRY4=2 LUT4=1)
  Clock Path Skew:        0.015ns (DCD - SCD - CPR)
    Destination Clock Delay (DCD):    2.070ns
    Source Clock Delay      (SCD):    1.555ns
    Clock Pessimism Removal (CPR):    0.500ns
  Clock Uncertainty:      0.800ns  ((TSJ^2 + TIJ^2)^1/2 + DJ) / 2 + PE + UU
    Total System Jitter     (TSJ):    0.000ns
    Total Input Jitter      (TIJ):    0.000ns
    Discrete Jitter          (DJ):    0.000ns
    Phase Error              (PE):    0.000ns
    User Uncertainty         (UU):    0.800ns

    Location             Delay type                Incr(ns)  Path(ns)    Netlist Resource(s)
  -------------------------------------------------------------------    -------------------
                         (clock eth_rxc rise edge)    0.000     0.000 r  
    Y19                                               0.000     0.000 r  eth_rxc (IN)
                         net (fo=0)                   0.000     0.000    eth_rxc
    Y19                  IBUF (Prop_ibuf_I_O)         0.266     0.266 r  eth_rxc_IBUF_inst/O
                         net (fo=2, routed)           0.674     0.940    u_eth/u_rgmii/u_rgmii_rx/rgmii_rxc
    BUFGCTRL_X0Y1        BUFG (Prop_bufg_I_O)         0.026     0.966 r  u_eth/u_rgmii/u_rgmii_rx/BUFG_inst/O
                         net (fo=2473, routed)        0.589     1.555    u_eth/u_cdc/gmii_rx_clk
    SLICE_X24Y5          FDCE                                         r  u_eth/u_cdc/rgray_s1_reg[3]/C
  -------------------------------------------------------------------    -------------------
    SLICE_X24Y5          FDCE (Prop_fdce_C_Q)         0.141     1.696 r  u_eth/u_cdc/rgray_s1_reg[3]/Q
                         net (fo=1, routed)           0.545     2.241    u_eth/u_cdc/rgray_s1[3]
    SLICE_X24Y8          LUT4 (Prop_lut4_I2_O)        0.045     2.286 r  u_eth/u_cdc/full_d_i_6/O
                         net (fo=1, routed)           0.000     2.286    u_eth/u_cdc/full_d_i_6_n_0
    SLICE_X24Y8          CARRY4 (Prop_carry4_S[1]_CO[3])
                                                      0.155     2.441 r  u_eth/u_cdc/full_d_reg_i_2/CO[3]
                         net (fo=1, routed)           0.000     2.441    u_eth/u_cdc/full_d_reg_i_2_n_0
    SLICE_X24Y9          CARRY4 (Prop_carry4_CI_CO[0])
                                                      0.076     2.517 r  u_eth/u_cdc/full_d_reg_i_1/CO[0]
                         net (fo=6, routed)           0.000     2.517    u_eth/u_lm/wr_full
    SLICE_X24Y9          FDCE                                         r  u_eth/u_lm/full_d_reg/D
  -------------------------------------------------------------------    -------------------

                         (clock eth_rxc rise edge)    0.000     0.000 r  
    Y19                                               0.000     0.000 r  eth_rxc (IN)
                         net (fo=0)                   0.000     0.000    eth_rxc
    Y19                  IBUF (Prop_ibuf_I_O)         0.454     0.454 r  eth_rxc_IBUF_inst/O
                         net (fo=2, routed)           0.731     1.185    u_eth/u_rgmii/u_rgmii_rx/rgmii_rxc
    BUFGCTRL_X0Y1        BUFG (Prop_bufg_I_O)         0.029     1.214 r  u_eth/u_rgmii/u_rgmii_rx/BUFG_inst/O
                         net (fo=2473, routed)        0.856     2.070    u_eth/u_lm/gmii_rx_clk
    SLICE_X24Y9          FDCE                                         r  u_eth/u_lm/full_d_reg/C
                         clock pessimism             -0.500     1.570    
                         clock uncertainty            0.800     2.370    
    SLICE_X24Y9          FDCE (Hold_fdce_C_D)         0.091     2.461    u_eth/u_lm/full_d_reg
  -------------------------------------------------------------------
                         required time                         -2.461    
                         arrival time                           2.517    
  -------------------------------------------------------------------
                         slack                                  0.056    





Pulse Width Checks
--------------------------------------------------------------------------------------
Clock Name:         eth_rxc
Waveform(ns):       { 0.000 4.000 }
Period(ns):         8.000
Sources:            { eth_rxc }

Check Type        Corner  Lib Pin             Reference Pin  Required(ns)  Actual(ns)  Slack(ns)  Location      Pin
Min Period        n/a     RAMB18E1/CLKARDCLK  n/a            2.472         8.000       5.528      RAMB18_X5Y12  u_eth/u_icmp_fifo/mem_reg/CLKARDCLK
Low Pulse Width   Slow    FDCE/C              n/a            0.500         4.000       3.500      SLICE_X24Y12  u_eth/flush_pend_reg/C
High Pulse Width  Slow    FDCE/C              n/a            0.500         4.000       3.500      SLICE_X24Y12  u_eth/flush_pend_reg/C



---------------------------------------------------------------------------------------------------
From Clock:  sys_clk
  To Clock:  sys_clk

Setup :            0  Failing Endpoints,  Worst Slack       14.782ns,  Total Violation        0.000ns
Hold  :            0  Failing Endpoints,  Worst Slack        0.121ns,  Total Violation        0.000ns
PW    :            0  Failing Endpoints,  Worst Slack        7.000ns,  Total Violation        0.000ns
---------------------------------------------------------------------------------------------------


Max Delay Paths
--------------------------------------------------------------------------------------
Slack (MET) :             14.782ns  (required time - arrival time)
  Source:                 u_pl/sec_div_reg[20]/C
                            (rising edge-triggered cell FDCE clocked by sys_clk  {rise@0.000ns fall@10.000ns period=20.000ns})
  Destination:            u_pl/fps_acc_reg[0]/CE
                            (rising edge-triggered cell FDCE clocked by sys_clk  {rise@0.000ns fall@10.000ns period=20.000ns})
  Path Group:             sys_clk
  Path Type:              Setup (Max at Slow Process Corner)
  Requirement:            20.000ns  (sys_clk rise@20.000ns - sys_clk rise@0.000ns)
  Data Path Delay:        4.989ns  (logic 1.008ns (20.204%)  route 3.981ns (79.796%))
  Logic Levels:           5  (LUT3=1 LUT4=1 LUT5=1 LUT6=2)
  Clock Path Skew:        -0.057ns (DCD - SCD + CPR)
    Destination Clock Delay (DCD):    4.418ns = ( 24.418 - 20.000 ) 
    Source Clock Delay      (SCD):    4.817ns
    Clock Pessimism Removal (CPR):    0.342ns
  Clock Uncertainty:      0.035ns  ((TSJ^2 + TIJ^2)^1/2 + DJ) / 2 + PE
    Total System Jitter     (TSJ):    0.071ns
    Total Input Jitter      (TIJ):    0.000ns
    Discrete Jitter          (DJ):    0.000ns
    Phase Error              (PE):    0.000ns

    Location             Delay type                Incr(ns)  Path(ns)    Netlist Resource(s)
  -------------------------------------------------------------------    -------------------
                         (clock sys_clk rise edge)    0.000     0.000 r  
    W17                                               0.000     0.000 r  sys_clk (IN)
                         net (fo=0)                   0.000     0.000    sys_clk
    W17                  IBUF (Prop_ibuf_I_O)         1.415     1.415 r  sys_clk_IBUF_inst/O
                         net (fo=1, routed)           1.873     3.288    sys_clk_IBUF
    BUFGCTRL_X0Y4        BUFG (Prop_bufg_I_O)         0.085     3.373 r  sys_clk_IBUF_BUFG_inst/O
                         net (fo=186, routed)         1.444     4.817    u_pl/CLK
    SLICE_X83Y83         FDCE                                         r  u_pl/sec_div_reg[20]/C
  -------------------------------------------------------------------    -------------------
    SLICE_X83Y83         FDCE (Prop_fdce_C_Q)         0.348     5.165 r  u_pl/sec_div_reg[20]/Q
                         net (fo=2, routed)           0.568     5.733    u_pl/sec_div_reg_n_0_[20]
    SLICE_X83Y83         LUT4 (Prop_lut4_I3_O)        0.240     5.973 f  u_pl/sec_div[25]_i_8/O
                         net (fo=1, routed)           0.507     6.480    u_pl/sec_div[25]_i_8_n_0
    SLICE_X83Y82         LUT5 (Prop_lut5_I4_O)        0.105     6.585 f  u_pl/sec_div[25]_i_7/O
                         net (fo=1, routed)           0.455     7.040    u_pl/sec_div[25]_i_7_n_0
    SLICE_X83Y81         LUT6 (Prop_lut6_I5_O)        0.105     7.145 f  u_pl/sec_div[25]_i_4/O
                         net (fo=1, routed)           0.505     7.650    u_pl/sec_div[25]_i_4_n_0
    SLICE_X83Y80         LUT6 (Prop_lut6_I0_O)        0.105     7.755 r  u_pl/sec_div[25]_i_2/O
                         net (fo=42, routed)          1.085     8.840    u_pl/fps_q[0]
    SLICE_X67Y80         LUT3 (Prop_lut3_I2_O)        0.105     8.945 r  u_pl/fps_acc[7]_i_1/O
                         net (fo=8, routed)           0.861     9.806    u_pl/fps_acc[7]_i_1_n_0
    SLICE_X66Y96         FDCE                                         r  u_pl/fps_acc_reg[0]/CE
  -------------------------------------------------------------------    -------------------

                         (clock sys_clk rise edge)   20.000    20.000 r  
    W17                                               0.000    20.000 r  sys_clk (IN)
                         net (fo=0)                   0.000    20.000    sys_clk
    W17                  IBUF (Prop_ibuf_I_O)         1.349    21.349 r  sys_clk_IBUF_inst/O
                         net (fo=1, routed)           1.701    23.050    sys_clk_IBUF
    BUFGCTRL_X0Y4        BUFG (Prop_bufg_I_O)         0.077    23.127 r  sys_clk_IBUF_BUFG_inst/O
                         net (fo=186, routed)         1.291    24.418    u_pl/CLK
    SLICE_X66Y96         FDCE                                         r  u_pl/fps_acc_reg[0]/C
                         clock pessimism              0.342    24.760    
                         clock uncertainty           -0.035    24.725    
    SLICE_X66Y96         FDCE (Setup_fdce_C_CE)      -0.136    24.589    u_pl/fps_acc_reg[0]
  -------------------------------------------------------------------
                         required time                         24.589    
                         arrival time                          -9.806    
  -------------------------------------------------------------------
                         slack                                 14.782    





Min Delay Paths
--------------------------------------------------------------------------------------
Slack (MET) :             0.121ns  (arrival time - required time)
  Source:                 u_pl/vt0_reg/C
                            (rising edge-triggered cell FDRE clocked by sys_clk  {rise@0.000ns fall@10.000ns period=20.000ns})
  Destination:            u_pl/vt1_reg/D
                            (rising edge-triggered cell FDRE clocked by sys_clk  {rise@0.000ns fall@10.000ns period=20.000ns})
  Path Group:             sys_clk
  Path Type:              Hold (Min at Fast Process Corner)
  Requirement:            0.000ns  (sys_clk rise@0.000ns - sys_clk rise@0.000ns)
  Data Path Delay:        0.196ns  (logic 0.141ns (71.838%)  route 0.055ns (28.162%))
  Logic Levels:           0  
  Clock Path Skew:        0.000ns (DCD - SCD - CPR)
    Destination Clock Delay (DCD):    2.040ns
    Source Clock Delay      (SCD):    1.525ns
    Clock Pessimism Removal (CPR):    0.515ns

    Location             Delay type                Incr(ns)  Path(ns)    Netlist Resource(s)
  -------------------------------------------------------------------    -------------------
                         (clock sys_clk rise edge)    0.000     0.000 r  
    W17                                               0.000     0.000 r  sys_clk (IN)
                         net (fo=0)                   0.000     0.000    sys_clk
    W17                  IBUF (Prop_ibuf_I_O)         0.252     0.252 r  sys_clk_IBUF_inst/O
                         net (fo=1, routed)           0.674     0.926    sys_clk_IBUF
    BUFGCTRL_X0Y4        BUFG (Prop_bufg_I_O)         0.026     0.952 r  sys_clk_IBUF_BUFG_inst/O
                         net (fo=186, routed)         0.573     1.525    u_pl/CLK
    SLICE_X67Y80         FDRE                                         r  u_pl/vt0_reg/C
  -------------------------------------------------------------------    -------------------
    SLICE_X67Y80         FDRE (Prop_fdre_C_Q)         0.141     1.666 r  u_pl/vt0_reg/Q
                         net (fo=1, routed)           0.055     1.721    u_pl/vt0
    SLICE_X67Y80         FDRE                                         r  u_pl/vt1_reg/D
  -------------------------------------------------------------------    -------------------

                         (clock sys_clk rise edge)    0.000     0.000 r  
    W17                                               0.000     0.000 r  sys_clk (IN)
                         net (fo=0)                   0.000     0.000    sys_clk
    W17                  IBUF (Prop_ibuf_I_O)         0.440     0.440 r  sys_clk_IBUF_inst/O
                         net (fo=1, routed)           0.731     1.171    sys_clk_IBUF
    BUFGCTRL_X0Y4        BUFG (Prop_bufg_I_O)         0.029     1.200 r  sys_clk_IBUF_BUFG_inst/O
                         net (fo=186, routed)         0.840     2.040    u_pl/CLK
    SLICE_X67Y80         FDRE                                         r  u_pl/vt1_reg/C
                         clock pessimism             -0.515     1.525    
    SLICE_X67Y80         FDRE (Hold_fdre_C_D)         0.075     1.600    u_pl/vt1_reg
  -------------------------------------------------------------------
                         required time                         -1.600    
                         arrival time                           1.721    
  -------------------------------------------------------------------
                         slack                                  0.121    





Pulse Width Checks
--------------------------------------------------------------------------------------
Clock Name:         sys_clk
Waveform(ns):       { 0.000 10.000 }
Period(ns):         20.000
Sources:            { sys_clk }

Check Type        Corner  Lib Pin            Reference Pin  Required(ns)  Actual(ns)  Slack(ns)  Location         Pin
Min Period        n/a     BUFG/I             n/a            1.592         20.000      18.408     BUFGCTRL_X0Y4    sys_clk_IBUF_BUFG_inst/I
Max Period        n/a     MMCME2_ADV/CLKIN1  n/a            100.000       20.000      80.000     MMCME2_ADV_X0Y0  u_idelay_clkgen/u_mmcm/CLKIN1
Low Pulse Width   Slow    MMCME2_ADV/CLKIN1  n/a            3.000         10.000      7.000      MMCME2_ADV_X0Y0  u_idelay_clkgen/u_mmcm/CLKIN1
High Pulse Width  Slow    MMCME2_ADV/CLKIN1  n/a            3.000         10.000      7.000      MMCME2_ADV_X0Y0  u_idelay_clkgen/u_mmcm/CLKIN1



---------------------------------------------------------------------------------------------------
From Clock:  clkfbout
  To Clock:  clkfbout

Setup :           NA  Failing Endpoints,  Worst Slack           NA  ,  Total Violation           NA
Hold  :           NA  Failing Endpoints,  Worst Slack           NA  ,  Total Violation           NA
PW    :            0  Failing Endpoints,  Worst Slack       18.408ns,  Total Violation        0.000ns
---------------------------------------------------------------------------------------------------


Pulse Width Checks
--------------------------------------------------------------------------------------
Clock Name:         clkfbout
Waveform(ns):       { 0.000 10.000 }
Period(ns):         20.000
Sources:            { u_idelay_clkgen/u_mmcm/CLKFBOUT }

Check Type  Corner  Lib Pin             Reference Pin  Required(ns)  Actual(ns)  Slack(ns)  Location         Pin
Min Period  n/a     BUFG/I              n/a            1.592         20.000      18.408     BUFGCTRL_X0Y5    u_idelay_clkgen/u_bufg_fb/I
Max Period  n/a     MMCME2_ADV/CLKFBIN  n/a            100.000       20.000      80.000     MMCME2_ADV_X0Y0  u_idelay_clkgen/u_mmcm/CLKFBIN



---------------------------------------------------------------------------------------------------
From Clock:  clkfbout_1
  To Clock:  clkfbout_1

Setup :           NA  Failing Endpoints,  Worst Slack           NA  ,  Total Violation           NA
Hold  :           NA  Failing Endpoints,  Worst Slack           NA  ,  Total Violation           NA
PW    :            0  Failing Endpoints,  Worst Slack       18.408ns,  Total Violation        0.000ns
---------------------------------------------------------------------------------------------------


Pulse Width Checks
--------------------------------------------------------------------------------------
Clock Name:         clkfbout_1
Waveform(ns):       { 0.000 10.000 }
Period(ns):         20.000
Sources:            { u_pl/u_clk/u_mmcm/CLKFBOUT }

Check Type  Corner  Lib Pin             Reference Pin  Required(ns)  Actual(ns)  Slack(ns)  Location         Pin
Min Period  n/a     BUFG/I              n/a            1.592         20.000      18.408     BUFGCTRL_X0Y6    u_pl/u_clk/u_bufg_fb/I
Max Period  n/a     MMCME2_ADV/CLKFBIN  n/a            100.000       20.000      80.000     MMCME2_ADV_X1Y0  u_pl/u_clk/u_mmcm/CLKFBIN



---------------------------------------------------------------------------------------------------
From Clock:  clkout0_1
  To Clock:  clkout0_1

Setup :            0  Failing Endpoints,  Worst Slack        1.513ns,  Total Violation        0.000ns
Hold  :            0  Failing Endpoints,  Worst Slack        0.062ns,  Total Violation        0.000ns
PW    :            0  Failing Endpoints,  Worst Slack        8.870ns,  Total Violation        0.000ns
---------------------------------------------------------------------------------------------------


Max Delay Paths
--------------------------------------------------------------------------------------
Slack (MET) :             1.513ns  (required time - arrival time)
  Source:                 u_pl/u_split_ctrl/prod/CLK
                            (rising edge-triggered cell DSP48E1 clocked by clkout0_1  {rise@0.000ns fall@10.000ns period=20.000ns})
  Destination:            u_pl/u_osd/b_reg[2]/D
                            (rising edge-triggered cell FDCE clocked by clkout0_1  {rise@0.000ns fall@10.000ns period=20.000ns})
  Path Group:             clkout0_1
  Path Type:              Setup (Max at Slow Process Corner)
  Requirement:            20.000ns  (clkout0_1 rise@20.000ns - clkout0_1 rise@0.000ns)
  Data Path Delay:        18.345ns  (logic 4.935ns (26.901%)  route 13.410ns (73.099%))
  Logic Levels:           24  (CARRY4=4 LUT2=3 LUT3=3 LUT5=1 LUT6=12 MUXF7=1)
  Clock Path Skew:        -0.120ns (DCD - SCD + CPR)
    Destination Clock Delay (DCD):    4.474ns = ( 24.474 - 20.000 ) 
    Source Clock Delay      (SCD):    4.840ns
    Clock Pessimism Removal (CPR):    0.246ns
  Clock Uncertainty:      0.094ns  ((TSJ^2 + DJ^2)^1/2) / 2 + PE
    Total System Jitter     (TSJ):    0.071ns
    Discrete Jitter          (DJ):    0.175ns
    Phase Error              (PE):    0.000ns

    Location             Delay type                Incr(ns)  Path(ns)    Netlist Resource(s)
  -------------------------------------------------------------------    -------------------
                         (clock clkout0_1 rise edge)
                                                      0.000     0.000 r  
    W17                                               0.000     0.000 r  sys_clk (IN)
                         net (fo=0)                   0.000     0.000    sys_clk
    W17                  IBUF (Prop_ibuf_I_O)         1.415     1.415 r  sys_clk_IBUF_inst/O
                         net (fo=1, routed)           1.873     3.288    sys_clk_IBUF
    BUFGCTRL_X0Y4        BUFG (Prop_bufg_I_O)         0.085     3.373 r  sys_clk_IBUF_BUFG_inst/O
                         net (fo=186, routed)         1.550     4.923    u_pl/u_clk/CLK
    MMCME2_ADV_X1Y0      MMCME2_ADV (Prop_mmcme2_adv_CLKIN1_CLKOUT0)
                                                     -3.232     1.691 r  u_pl/u_clk/u_mmcm/CLKOUT0
                         net (fo=1, routed)           1.597     3.288    u_pl/u_clk/clkout0
    BUFGCTRL_X0Y0        BUFG (Prop_bufg_I_O)         0.085     3.373 r  u_pl/u_clk/u_bufg_pix/O
                         net (fo=5475, routed)        1.467     4.840    u_pl/u_split_ctrl/clk_pix
    DSP48_X2Y33          DSP48E1                                      r  u_pl/u_split_ctrl/prod/CLK
  -------------------------------------------------------------------    -------------------
    DSP48_X2Y33          DSP48E1 (Prop_dsp48e1_CLK_P[19])
                                                      0.370     5.210 r  u_pl/u_split_ctrl/prod/P[19]
                         net (fo=1, routed)           1.260     6.470    u_pl/u_split_ctrl/prod__0[19]
    SLICE_X58Y84         LUT2 (Prop_lut2_I0_O)        0.127     6.597 r  u_pl/u_split_ctrl/g0_b0_i_463/O
                         net (fo=14, routed)          0.549     7.146    u_pl/u_split_ctrl/split_pct_w[5]
    SLICE_X59Y85         LUT3 (Prop_lut3_I0_O)        0.268     7.414 r  u_pl/u_split_ctrl/g0_b0_i_678/O
                         net (fo=1, routed)           0.000     7.414    u_pl/u_split_ctrl/g0_b0_i_678_n_0
    SLICE_X59Y85         CARRY4 (Prop_carry4_S[3]_CO[3])
                                                      0.332     7.746 r  u_pl/u_split_ctrl/g0_b0_i_513/CO[3]
                         net (fo=1, routed)           0.000     7.746    u_pl/u_split_ctrl/g0_b0_i_513_n_0
    SLICE_X59Y86         CARRY4 (Prop_carry4_CI_CO[0])
                                                      0.216     7.962 r  u_pl/u_split_ctrl/g0_b0_i_276/CO[0]
                         net (fo=65, routed)          1.247     9.209    u_pl/u_split_ctrl/g0_b0_i_515_0[0]
    SLICE_X63Y105        LUT2 (Prop_lut2_I0_O)        0.330     9.539 r  u_pl/u_split_ctrl/g0_b0_i_222/O
                         net (fo=40, routed)          0.696    10.235    u_pl/u_split_ctrl/prod_1
    SLICE_X63Y100        LUT6 (Prop_lut6_I5_O)        0.267    10.502 f  u_pl/u_split_ctrl/g0_b0_i_446/O
                         net (fo=2, routed)           0.325    10.827    u_pl/u_split_ctrl/g0_b0_i_446_n_0
    SLICE_X63Y101        LUT5 (Prop_lut5_I0_O)        0.105    10.932 r  u_pl/u_split_ctrl/g0_b0_i_476/O
                         net (fo=1, routed)           0.000    10.932    u_pl/u_split_ctrl/g0_b0_i_476_n_0
    SLICE_X63Y101        CARRY4 (Prop_carry4_S[1]_CO[3])
                                                      0.457    11.389 r  u_pl/u_split_ctrl/g0_b0_i_242/CO[3]
                         net (fo=1, routed)           0.000    11.389    u_pl/u_lat_x/g0_b0_i_551[0]
    SLICE_X63Y102        CARRY4 (Prop_carry4_CI_O[0])
                                                      0.180    11.569 f  u_pl/u_lat_x/g0_b0_i_241/O[0]
                         net (fo=19, routed)          0.904    12.473    u_pl/u_split_ctrl/g0_b0_i_319_1[0]
    SLICE_X60Y106        LUT6 (Prop_lut6_I3_O)        0.249    12.722 f  u_pl/u_split_ctrl/g0_b0_i_199/O
                         net (fo=7, routed)           0.632    13.354    u_pl/u_osd/g0_b0_i_384
    SLICE_X62Y104        LUT3 (Prop_lut3_I2_O)        0.125    13.479 r  u_pl/u_osd/g0_b0_i_623/O
                         net (fo=1, routed)           0.544    14.023    u_pl/u_split_ctrl/g0_b0_i_153_1
    SLICE_X63Y104        LUT6 (Prop_lut6_I1_O)        0.264    14.287 r  u_pl/u_split_ctrl/g0_b0_i_384/O
                         net (fo=1, routed)           0.511    14.798    u_pl/u_split_ctrl/g0_b0_i_384_n_0
    SLICE_X63Y104        LUT6 (Prop_lut6_I2_O)        0.105    14.903 r  u_pl/u_split_ctrl/g0_b0_i_153/O
                         net (fo=1, routed)           0.375    15.278    u_pl/u_osd/g0_b0_i_25_4
    SLICE_X61Y102        LUT6 (Prop_lut6_I4_O)        0.105    15.383 r  u_pl/u_osd/g0_b0_i_54/O
                         net (fo=1, routed)           0.478    15.861    u_pl/u_osd/g0_b0_i_54_n_0
    SLICE_X59Y99         LUT6 (Prop_lut6_I5_O)        0.105    15.966 r  u_pl/u_osd/g0_b0_i_25/O
                         net (fo=12, routed)          1.117    17.083    u_pl/u_osd/chars[1]
    SLICE_X60Y82         LUT6 (Prop_lut6_I4_O)        0.105    17.188 r  u_pl/u_osd/g0_b0_i_20/O
                         net (fo=1, routed)           0.554    17.742    u_pl/u_osd/g0_b0_i_20_n_0
    SLICE_X60Y82         LUT3 (Prop_lut3_I2_O)        0.119    17.861 r  u_pl/u_osd/g0_b0_i_5/O
                         net (fo=35, routed)          0.760    18.621    u_pl/glyph_idx[4]
    SLICE_X62Y82         LUT6 (Prop_lut6_I4_O)        0.267    18.888 f  u_pl/g0_b0__2/O
                         net (fo=1, routed)           0.000    18.888    u_pl/u_osd/r_reg[7]_i_14_1[0]
    SLICE_X62Y82         MUXF7 (Prop_muxf7_I1_O)      0.178    19.066 f  u_pl/u_osd/r_reg[7]_i_38/O
                         net (fo=1, routed)           0.567    19.632    u_pl/u_osd/r_reg[7]_i_38_n_0
    SLICE_X62Y82         LUT6 (Prop_lut6_I0_O)        0.241    19.873 f  u_pl/u_osd/r[7]_i_33/O
                         net (fo=1, routed)           0.228    20.101    u_pl/u_osd/r[7]_i_33_n_0
    SLICE_X63Y82         LUT6 (Prop_lut6_I0_O)        0.105    20.206 f  u_pl/u_osd/r[7]_i_19/O
                         net (fo=1, routed)           0.324    20.529    u_pl/u_osd/r[7]_i_19_n_0
    SLICE_X63Y80         LUT6 (Prop_lut6_I0_O)        0.105    20.634 r  u_pl/u_osd/r[7]_i_8/O
                         net (fo=1, routed)           0.388    21.022    u_pl/u_osd/r[7]_i_8_n_0
    SLICE_X64Y80         LUT6 (Prop_lut6_I5_O)        0.105    21.127 f  u_pl/u_osd/r[7]_i_2/O
                         net (fo=19, routed)          1.952    23.080    u_pl/u_osd/r[7]_i_2_n_0
    SLICE_X90Y23         LUT2 (Prop_lut2_I1_O)        0.105    23.185 r  u_pl/u_osd/b[2]_i_1/O
                         net (fo=1, routed)           0.000    23.185    u_pl/u_osd/b[2]_i_1_n_0
    SLICE_X90Y23         FDCE                                         r  u_pl/u_osd/b_reg[2]/D
  -------------------------------------------------------------------    -------------------

                         (clock clkout0_1 rise edge)
                                                     20.000    20.000 r  
    W17                                               0.000    20.000 r  sys_clk (IN)
                         net (fo=0)                   0.000    20.000    sys_clk
    W17                  IBUF (Prop_ibuf_I_O)         1.349    21.349 r  sys_clk_IBUF_inst/O
                         net (fo=1, routed)           1.701    23.050    sys_clk_IBUF
    BUFGCTRL_X0Y4        BUFG (Prop_bufg_I_O)         0.077    23.127 r  sys_clk_IBUF_BUFG_inst/O
                         net (fo=186, routed)         1.384    24.511    u_pl/u_clk/CLK
    MMCME2_ADV_X1Y0      MMCME2_ADV (Prop_mmcme2_adv_CLKIN1_CLKOUT0)
                                                     -2.915    21.596 r  u_pl/u_clk/u_mmcm/CLKOUT0
                         net (fo=1, routed)           1.454    23.050    u_pl/u_clk/clkout0
    BUFGCTRL_X0Y0        BUFG (Prop_bufg_I_O)         0.077    23.127 r  u_pl/u_clk/u_bufg_pix/O
                         net (fo=5475, routed)        1.347    24.474    u_pl/u_osd/clk_pix
    SLICE_X90Y23         FDCE                                         r  u_pl/u_osd/b_reg[2]/C
                         clock pessimism              0.246    24.720    
                         clock uncertainty           -0.094    24.626    
    SLICE_X90Y23         FDCE (Setup_fdce_C_D)        0.072    24.698    u_pl/u_osd/b_reg[2]
  -------------------------------------------------------------------
                         required time                         24.698    
                         arrival time                         -23.185    
  -------------------------------------------------------------------
                         slack                                  1.513    





Min Delay Paths
--------------------------------------------------------------------------------------
Slack (MET) :             0.062ns  (arrival time - required time)
  Source:                 u_pl/u_pipe/xd_reg[5][4]_rep__2/C
                            (rising edge-triggered cell FDCE clocked by clkout0_1  {rise@0.000ns fall@10.000ns period=20.000ns})
  Destination:            u_pl/u_sharp/lb0_reg_64_127_3_5/RAMA/WADR4
                            (rising edge-triggered cell RAMD64E clocked by clkout0_1  {rise@0.000ns fall@10.000ns period=20.000ns})
  Path Group:             clkout0_1
  Path Type:              Hold (Min at Fast Process Corner)
  Requirement:            0.000ns  (clkout0_1 rise@0.000ns - clkout0_1 rise@0.000ns)
  Data Path Delay:        0.278ns  (logic 0.141ns (50.736%)  route 0.137ns (49.264%))
  Logic Levels:           0  
  Clock Path Skew:        0.016ns (DCD - SCD - CPR)
    Destination Clock Delay (DCD):    2.026ns
    Source Clock Delay      (SCD):    1.511ns
    Clock Pessimism Removal (CPR):    0.499ns

    Location             Delay type                Incr(ns)  Path(ns)    Netlist Resource(s)
  -------------------------------------------------------------------    -------------------
                         (clock clkout0_1 rise edge)
                                                      0.000     0.000 r  
    W17                                               0.000     0.000 r  sys_clk (IN)
                         net (fo=0)                   0.000     0.000    sys_clk
    W17                  IBUF (Prop_ibuf_I_O)         0.252     0.252 r  sys_clk_IBUF_inst/O
                         net (fo=1, routed)           0.674     0.926    sys_clk_IBUF
    BUFGCTRL_X0Y4        BUFG (Prop_bufg_I_O)         0.026     0.952 r  sys_clk_IBUF_BUFG_inst/O
                         net (fo=186, routed)         0.595     1.547    u_pl/u_clk/CLK
    MMCME2_ADV_X1Y0      MMCME2_ADV (Prop_mmcme2_adv_CLKIN1_CLKOUT0)
                                                     -1.150     0.397 r  u_pl/u_clk/u_mmcm/CLKOUT0
                         net (fo=1, routed)           0.529     0.926    u_pl/u_clk/clkout0
    BUFGCTRL_X0Y0        BUFG (Prop_bufg_I_O)         0.026     0.952 r  u_pl/u_clk/u_bufg_pix/O
                         net (fo=5475, routed)        0.559     1.511    u_pl/u_pipe/clk_pix
    SLICE_X40Y41         FDCE                                         r  u_pl/u_pipe/xd_reg[5][4]_rep__2/C
  -------------------------------------------------------------------    -------------------
    SLICE_X40Y41         FDCE (Prop_fdce_C_Q)         0.141     1.652 r  u_pl/u_pipe/xd_reg[5][4]_rep__2/Q
                         net (fo=224, routed)         0.137     1.789    u_pl/u_sharp/lb0_reg_64_127_3_5/ADDRD4
    SLICE_X42Y40         RAMD64E                                      r  u_pl/u_sharp/lb0_reg_64_127_3_5/RAMA/WADR4
  -------------------------------------------------------------------    -------------------

                         (clock clkout0_1 rise edge)
                                                      0.000     0.000 r  
    W17                                               0.000     0.000 r  sys_clk (IN)
                         net (fo=0)                   0.000     0.000    sys_clk
    W17                  IBUF (Prop_ibuf_I_O)         0.440     0.440 r  sys_clk_IBUF_inst/O
                         net (fo=1, routed)           0.731     1.171    sys_clk_IBUF
    BUFGCTRL_X0Y4        BUFG (Prop_bufg_I_O)         0.029     1.200 r  sys_clk_IBUF_BUFG_inst/O
                         net (fo=186, routed)         0.862     2.062    u_pl/u_clk/CLK
    MMCME2_ADV_X1Y0      MMCME2_ADV (Prop_mmcme2_adv_CLKIN1_CLKOUT0)
                                                     -1.467     0.595 r  u_pl/u_clk/u_mmcm/CLKOUT0
                         net (fo=1, routed)           0.576     1.171    u_pl/u_clk/clkout0
    BUFGCTRL_X0Y0        BUFG (Prop_bufg_I_O)         0.029     1.200 r  u_pl/u_clk/u_bufg_pix/O
                         net (fo=5475, routed)        0.826     2.026    u_pl/u_sharp/lb0_reg_64_127_3_5/WCLK
    SLICE_X42Y40         RAMD64E                                      r  u_pl/u_sharp/lb0_reg_64_127_3_5/RAMA/CLK
                         clock pessimism             -0.499     1.527    
    SLICE_X42Y40         RAMD64E (Hold_ramd64e_CLK_WADR4)
                                                      0.200     1.727    u_pl/u_sharp/lb0_reg_64_127_3_5/RAMA
  -------------------------------------------------------------------
                         required time                         -1.727    
                         arrival time                           1.789    
  -------------------------------------------------------------------
                         slack                                  0.062    





Pulse Width Checks
--------------------------------------------------------------------------------------
Clock Name:         clkout0_1
Waveform(ns):       { 0.000 10.000 }
Period(ns):         20.000
Sources:            { u_pl/u_clk/u_mmcm/CLKOUT0 }

Check Type        Corner  Lib Pin             Reference Pin  Required(ns)  Actual(ns)  Slack(ns)  Location         Pin
Min Period        n/a     DSP48E1/CLK         n/a            3.272         20.000      16.728     DSP48_X2Y32      u_pl/u_zmap/yr_m_reg/CLK
Max Period        n/a     MMCME2_ADV/CLKOUT0  n/a            213.360       20.000      193.360    MMCME2_ADV_X1Y0  u_pl/u_clk/u_mmcm/CLKOUT0
Low Pulse Width   Slow    RAMD64E/CLK         n/a            1.130         10.000      8.870      SLICE_X54Y10     u_pl/u_blur/lb0_reg_0_63_0_2/RAMA/CLK
High Pulse Width  Slow    RAMD64E/CLK         n/a            1.130         10.000      8.870      SLICE_X54Y10     u_pl/u_blur/lb0_reg_0_63_0_2/RAMA/CLK



---------------------------------------------------------------------------------------------------
From Clock:  clkout1_1
  To Clock:  clkout1_1

Setup :           NA  Failing Endpoints,  Worst Slack           NA  ,  Total Violation           NA
Hold  :           NA  Failing Endpoints,  Worst Slack           NA  ,  Total Violation           NA
PW    :            0  Failing Endpoints,  Worst Slack        2.408ns,  Total Violation        0.000ns
---------------------------------------------------------------------------------------------------


Pulse Width Checks
--------------------------------------------------------------------------------------
Clock Name:         clkout1_1
Waveform(ns):       { 0.000 2.000 }
Period(ns):         4.000
Sources:            { u_pl/u_clk/u_mmcm/CLKOUT1 }

Check Type  Corner  Lib Pin             Reference Pin  Required(ns)  Actual(ns)  Slack(ns)  Location         Pin
Min Period  n/a     BUFG/I              n/a            1.592         4.000       2.408      BUFGCTRL_X0Y2    u_pl/u_clk/u_bufg_5x/I
Max Period  n/a     MMCME2_ADV/CLKOUT1  n/a            213.360       4.000       209.360    MMCME2_ADV_X1Y0  u_pl/u_clk/u_mmcm/CLKOUT1



---------------------------------------------------------------------------------------------------
From Clock:  clkout2
  To Clock:  clkout2

Setup :           NA  Failing Endpoints,  Worst Slack           NA  ,  Total Violation           NA
Hold  :           NA  Failing Endpoints,  Worst Slack           NA  ,  Total Violation           NA
PW    :            0  Failing Endpoints,  Worst Slack        0.264ns,  Total Violation        0.000ns
---------------------------------------------------------------------------------------------------


Pulse Width Checks
--------------------------------------------------------------------------------------
Clock Name:         clkout2
Waveform(ns):       { 0.000 2.500 }
Period(ns):         5.000
Sources:            { u_idelay_clkgen/u_mmcm/CLKOUT2 }

Check Type  Corner  Lib Pin            Reference Pin  Required(ns)  Actual(ns)  Slack(ns)  Location         Pin
Min Period  n/a     IDELAYCTRL/REFCLK  n/a            2.438         5.000       2.562      IDELAYCTRL_X1Y0  u_eth/u_rgmii/u_rgmii_rx/IDELAYCTRL_inst/REFCLK
Max Period  n/a     IDELAYCTRL/REFCLK  n/a            5.264         5.000       0.264      IDELAYCTRL_X1Y0  u_eth/u_rgmii/u_rgmii_rx/IDELAYCTRL_inst/REFCLK



---------------------------------------------------------------------------------------------------
From Clock:  clkout0_1
  To Clock:  sys_clk

Setup :            0  Failing Endpoints,  Worst Slack       14.114ns,  Total Violation        0.000ns
Hold  :            0  Failing Endpoints,  Worst Slack        0.196ns,  Total Violation        0.000ns
---------------------------------------------------------------------------------------------------


Max Delay Paths
--------------------------------------------------------------------------------------
Slack (MET) :             14.114ns  (required time - arrival time)
  Source:                 u_pl/u_split_x/bus_q_reg[15]/C
                            (rising edge-triggered cell FDCE clocked by clkout0_1  {rise@0.000ns fall@10.000ns period=20.000ns})
  Destination:            u_pl/u_ang/angle_reg[6]/D
                            (rising edge-triggered cell FDRE clocked by sys_clk  {rise@0.000ns fall@10.000ns period=20.000ns})
  Path Group:             sys_clk
  Path Type:              Setup (Max at Slow Process Corner)
  Requirement:            20.000ns  (sys_clk rise@20.000ns - clkout0_1 rise@0.000ns)
  Data Path Delay:        5.424ns  (logic 1.587ns (29.261%)  route 3.837ns (70.739%))
  Logic Levels:           6  (CARRY4=2 LUT2=1 LUT6=3)
  Clock Path Skew:        -0.171ns (DCD - SCD + CPR)
    Destination Clock Delay (DCD):    4.504ns = ( 24.504 - 20.000 ) 
    Source Clock Delay      (SCD):    4.921ns
    Clock Pessimism Removal (CPR):    0.246ns
  Clock Uncertainty:      0.259ns  ((TSJ^2 + DJ^2)^1/2) / 2 + PE
    Total System Jitter     (TSJ):    0.071ns
    Discrete Jitter          (DJ):    0.175ns
    Phase Error              (PE):    0.165ns

    Location             Delay type                Incr(ns)  Path(ns)    Netlist Resource(s)
  -------------------------------------------------------------------    -------------------
                         (clock clkout0_1 rise edge)
                                                      0.000     0.000 r  
    W17                                               0.000     0.000 r  sys_clk (IN)
                         net (fo=0)                   0.000     0.000    sys_clk
    W17                  IBUF (Prop_ibuf_I_O)         1.415     1.415 r  sys_clk_IBUF_inst/O
                         net (fo=1, routed)           1.873     3.288    sys_clk_IBUF
    BUFGCTRL_X0Y4        BUFG (Prop_bufg_I_O)         0.085     3.373 r  sys_clk_IBUF_BUFG_inst/O
                         net (fo=186, routed)         1.550     4.923    u_pl/u_clk/CLK
    MMCME2_ADV_X1Y0      MMCME2_ADV (Prop_mmcme2_adv_CLKIN1_CLKOUT0)
                                                     -3.232     1.691 r  u_pl/u_clk/u_mmcm/CLKOUT0
                         net (fo=1, routed)           1.597     3.288    u_pl/u_clk/clkout0
    BUFGCTRL_X0Y0        BUFG (Prop_bufg_I_O)         0.085     3.373 r  u_pl/u_clk/u_bufg_pix/O
                         net (fo=5475, routed)        1.548     4.921    u_pl/u_split_x/clk_pix
    SLICE_X52Y108        FDCE                                         r  u_pl/u_split_x/bus_q_reg[15]/C
  -------------------------------------------------------------------    -------------------
    SLICE_X52Y108        FDCE (Prop_fdce_C_Q)         0.379     5.300 r  u_pl/u_split_x/bus_q_reg[15]/Q
                         net (fo=2, routed)           1.004     6.304    u_pl/u_ang/bus_q[0]
    SLICE_X53Y112        LUT2 (Prop_lut2_I1_O)        0.105     6.409 r  u_pl/u_ang/angle[3]_i_8/O
                         net (fo=1, routed)           0.000     6.409    u_pl/u_ang/angle[3]_i_8_n_0
    SLICE_X53Y112        CARRY4 (Prop_carry4_S[0]_CO[3])
                                                      0.440     6.849 r  u_pl/u_ang/angle_reg[3]_i_2/CO[3]
                         net (fo=1, routed)           0.000     6.849    u_pl/u_ang/angle_reg[3]_i_2_n_0
    SLICE_X53Y113        CARRY4 (Prop_carry4_CI_O[2])
                                                      0.200     7.049 r  u_pl/u_ang/angle_reg[7]_i_4/O[2]
                         net (fo=4, routed)           1.249     8.298    u_pl/u_ang/angle_reg[7]_i_4_n_5
    SLICE_X54Y114        LUT6 (Prop_lut6_I4_O)        0.253     8.551 r  u_pl/u_ang/angle[3]_i_3/O
                         net (fo=4, routed)           0.459     9.010    u_pl/u_ang/angle[3]_i_3_n_0
    SLICE_X52Y113        LUT6 (Prop_lut6_I5_O)        0.105     9.115 r  u_pl/u_ang/angle[6]_i_4/O
                         net (fo=1, routed)           0.511     9.626    u_pl/u_ang/angle[6]_i_4_n_0
    SLICE_X52Y114        LUT6 (Prop_lut6_I5_O)        0.105     9.731 r  u_pl/u_ang/angle[6]_i_1/O
                         net (fo=1, routed)           0.614    10.345    u_pl/u_ang/p_1_in__0[6]
    SLICE_X52Y114        FDRE                                         r  u_pl/u_ang/angle_reg[6]/D
  -------------------------------------------------------------------    -------------------

                         (clock sys_clk rise edge)   20.000    20.000 r  
    W17                                               0.000    20.000 r  sys_clk (IN)
                         net (fo=0)                   0.000    20.000    sys_clk
    W17                  IBUF (Prop_ibuf_I_O)         1.349    21.349 r  sys_clk_IBUF_inst/O
                         net (fo=1, routed)           1.701    23.050    sys_clk_IBUF
    BUFGCTRL_X0Y4        BUFG (Prop_bufg_I_O)         0.077    23.127 r  sys_clk_IBUF_BUFG_inst/O
                         net (fo=186, routed)         1.377    24.504    u_pl/u_ang/CLK
    SLICE_X52Y114        FDRE                                         r  u_pl/u_ang/angle_reg[6]/C
                         clock pessimism              0.246    24.750    
                         clock uncertainty           -0.259    24.491    
    SLICE_X52Y114        FDRE (Setup_fdre_C_D)       -0.032    24.459    u_pl/u_ang/angle_reg[6]
  -------------------------------------------------------------------
                         required time                         24.459    
                         arrival time                         -10.345    
  -------------------------------------------------------------------
                         slack                                 14.114    





Min Delay Paths
--------------------------------------------------------------------------------------
Slack (MET) :             0.196ns  (arrival time - required time)
  Source:                 u_pl/vs_pix_d0_reg/C
                            (rising edge-triggered cell FDRE clocked by clkout0_1  {rise@0.000ns fall@10.000ns period=20.000ns})
  Destination:            u_pl/vt0_reg/D
                            (rising edge-triggered cell FDRE clocked by sys_clk  {rise@0.000ns fall@10.000ns period=20.000ns})
  Path Group:             sys_clk
  Path Type:              Hold (Min at Fast Process Corner)
  Requirement:            0.000ns  (sys_clk rise@0.000ns - clkout0_1 rise@0.000ns)
  Data Path Delay:        0.786ns  (logic 0.186ns (23.673%)  route 0.600ns (76.327%))
  Logic Levels:           1  (LUT2=1)
  Clock Path Skew:        0.269ns (DCD - SCD - CPR)
    Destination Clock Delay (DCD):    2.040ns
    Source Clock Delay      (SCD):    1.523ns
    Clock Pessimism Removal (CPR):    0.248ns
  Clock Uncertainty:      0.259ns  ((TSJ^2 + DJ^2)^1/2) / 2 + PE
    Total System Jitter     (TSJ):    0.071ns
    Discrete Jitter          (DJ):    0.175ns
    Phase Error              (PE):    0.165ns

    Location             Delay type                Incr(ns)  Path(ns)    Netlist Resource(s)
  -------------------------------------------------------------------    -------------------
                         (clock clkout0_1 rise edge)
                                                      0.000     0.000 r  
    W17                                               0.000     0.000 r  sys_clk (IN)
                         net (fo=0)                   0.000     0.000    sys_clk
    W17                  IBUF (Prop_ibuf_I_O)         0.252     0.252 r  sys_clk_IBUF_inst/O
                         net (fo=1, routed)           0.674     0.926    sys_clk_IBUF
    BUFGCTRL_X0Y4        BUFG (Prop_bufg_I_O)         0.026     0.952 r  sys_clk_IBUF_BUFG_inst/O
                         net (fo=186, routed)         0.595     1.547    u_pl/u_clk/CLK
    MMCME2_ADV_X1Y0      MMCME2_ADV (Prop_mmcme2_adv_CLKIN1_CLKOUT0)
                                                     -1.150     0.397 r  u_pl/u_clk/u_mmcm/CLKOUT0
                         net (fo=1, routed)           0.529     0.926    u_pl/u_clk/clkout0
    BUFGCTRL_X0Y0        BUFG (Prop_bufg_I_O)         0.026     0.952 r  u_pl/u_clk/u_bufg_pix/O
                         net (fo=5475, routed)        0.571     1.523    u_pl/clk_pix
    SLICE_X65Y78         FDRE                                         r  u_pl/vs_pix_d0_reg/C
  -------------------------------------------------------------------    -------------------
    SLICE_X65Y78         FDRE (Prop_fdre_C_Q)         0.141     1.664 r  u_pl/vs_pix_d0_reg/Q
                         net (fo=2, routed)           0.302     1.966    u_pl/vs_pix_d0
    SLICE_X66Y80         LUT2 (Prop_lut2_I0_O)        0.045     2.011 r  u_pl/vt0_i_1/O
                         net (fo=1, routed)           0.297     2.308    u_pl/vs_tick
    SLICE_X67Y80         FDRE                                         r  u_pl/vt0_reg/D
  -------------------------------------------------------------------    -------------------

                         (clock sys_clk rise edge)    0.000     0.000 r  
    W17                                               0.000     0.000 r  sys_clk (IN)
                         net (fo=0)                   0.000     0.000    sys_clk
    W17                  IBUF (Prop_ibuf_I_O)         0.440     0.440 r  sys_clk_IBUF_inst/O
                         net (fo=1, routed)           0.731     1.171    sys_clk_IBUF
    BUFGCTRL_X0Y4        BUFG (Prop_bufg_I_O)         0.029     1.200 r  sys_clk_IBUF_BUFG_inst/O
                         net (fo=186, routed)         0.840     2.040    u_pl/CLK
    SLICE_X67Y80         FDRE                                         r  u_pl/vt0_reg/C
                         clock pessimism             -0.248     1.792    
                         clock uncertainty            0.259     2.051    
    SLICE_X67Y80         FDRE (Hold_fdre_C_D)         0.061     2.112    u_pl/vt0_reg
  -------------------------------------------------------------------
                         required time                         -2.112    
                         arrival time                           2.308    
  -------------------------------------------------------------------
                         slack                                  0.196    





---------------------------------------------------------------------------------------------------
From Clock:  sys_clk
  To Clock:  clkout0_1

Setup :            0  Failing Endpoints,  Worst Slack        2.883ns,  Total Violation        0.000ns
Hold  :            0  Failing Endpoints,  Worst Slack        0.172ns,  Total Violation        0.000ns
---------------------------------------------------------------------------------------------------


Max Delay Paths
--------------------------------------------------------------------------------------
Slack (MET) :             2.883ns  (required time - arrival time)
  Source:                 u_pl/u_ang/angle_reg[6]/C
                            (rising edge-triggered cell FDRE clocked by sys_clk  {rise@0.000ns fall@10.000ns period=20.000ns})
  Destination:            u_pl/u_osd/b_reg[2]/D
                            (rising edge-triggered cell FDCE clocked by clkout0_1  {rise@0.000ns fall@10.000ns period=20.000ns})
  Path Group:             clkout0_1
  Path Type:              Setup (Max at Slow Process Corner)
  Requirement:            20.000ns  (clkout0_1 rise@20.000ns - sys_clk rise@0.000ns)
  Data Path Delay:        16.734ns  (logic 4.535ns (27.101%)  route 12.199ns (72.899%))
  Logic Levels:           21  (CARRY4=3 LUT2=2 LUT3=2 LUT4=2 LUT5=1 LUT6=10 MUXF7=1)
  Clock Path Skew:        -0.196ns (DCD - SCD + CPR)
    Destination Clock Delay (DCD):    4.474ns = ( 24.474 - 20.000 ) 
    Source Clock Delay      (SCD):    4.916ns
    Clock Pessimism Removal (CPR):    0.246ns
  Clock Uncertainty:      0.259ns  ((TSJ^2 + DJ^2)^1/2) / 2 + PE
    Total System Jitter     (TSJ):    0.071ns
    Discrete Jitter          (DJ):    0.175ns
    Phase Error              (PE):    0.165ns

    Location             Delay type                Incr(ns)  Path(ns)    Netlist Resource(s)
  -------------------------------------------------------------------    -------------------
                         (clock sys_clk rise edge)    0.000     0.000 r  
    W17                                               0.000     0.000 r  sys_clk (IN)
                         net (fo=0)                   0.000     0.000    sys_clk
    W17                  IBUF (Prop_ibuf_I_O)         1.415     1.415 r  sys_clk_IBUF_inst/O
                         net (fo=1, routed)           1.873     3.288    sys_clk_IBUF
    BUFGCTRL_X0Y4        BUFG (Prop_bufg_I_O)         0.085     3.373 r  sys_clk_IBUF_BUFG_inst/O
                         net (fo=186, routed)         1.543     4.916    u_pl/u_ang/CLK
    SLICE_X52Y114        FDRE                                         r  u_pl/u_ang/angle_reg[6]/C
  -------------------------------------------------------------------    -------------------
    SLICE_X52Y114        FDRE (Prop_fdre_C_Q)         0.348     5.264 r  u_pl/u_ang/angle_reg[6]/Q
                         net (fo=163, routed)         0.916     6.180    u_pl/u_ang/DI[0]
    SLICE_X52Y107        LUT2 (Prop_lut2_I0_O)        0.242     6.422 r  u_pl/u_ang/g0_b0_i_649/O
                         net (fo=1, routed)           0.000     6.422    u_pl/u_ang/g0_b0_i_649_n_0
    SLICE_X52Y107        CARRY4 (Prop_carry4_S[1]_CO[3])
                                                      0.457     6.879 r  u_pl/u_ang/g0_b0_i_416/CO[3]
                         net (fo=1, routed)           0.000     6.879    u_pl/u_ang/g0_b0_i_416_n_0
    SLICE_X52Y108        CARRY4 (Prop_carry4_CI_O[0])
                                                      0.180     7.059 r  u_pl/u_ang/g0_b0_i_179/O[0]
                         net (fo=19, routed)          0.803     7.863    u_pl/u_ang/g0_b0_i_179_n_7
    SLICE_X51Y106        LUT3 (Prop_lut3_I1_O)        0.268     8.131 r  u_pl/u_ang/g0_b0_i_411/O
                         net (fo=2, routed)           0.695     8.825    u_pl/u_ang/g0_b0_i_411_n_0
    SLICE_X51Y106        LUT5 (Prop_lut5_I0_O)        0.267     9.092 r  u_pl/u_ang/g0_b0_i_414/O
                         net (fo=1, routed)           0.000     9.092    u_pl/u_ang/g0_b0_i_414_n_0
    SLICE_X51Y106        CARRY4 (Prop_carry4_S[1]_CO[2])
                                                      0.475     9.567 r  u_pl/u_ang/g0_b0_i_178/CO[2]
                         net (fo=9, routed)           0.377     9.944    u_pl/u_ang/g0_b0_i_178_n_1
    SLICE_X53Y105        LUT4 (Prop_lut4_I0_O)        0.264    10.208 r  u_pl/u_ang/g0_b0_i_72/O
                         net (fo=46, routed)          0.626    10.835    u_pl/u_ang/angle_reg[8]_0
    SLICE_X50Y108        LUT6 (Prop_lut6_I5_O)        0.275    11.110 r  u_pl/u_ang/g0_b0_i_509/O
                         net (fo=9, routed)           0.948    12.057    u_pl/u_osd/g0_b0_i_122
    SLICE_X56Y106        LUT4 (Prop_lut4_I1_O)        0.125    12.182 r  u_pl/u_osd/g0_b0_i_313/O
                         net (fo=2, routed)           0.562    12.744    u_pl/u_ang/g0_b0_i_49
    SLICE_X56Y107        LUT6 (Prop_lut6_I3_O)        0.275    13.019 f  u_pl/u_ang/g0_b0_i_134/O
                         net (fo=1, routed)           0.578    13.597    u_pl/u_osd/g0_b0_i_24_1
    SLICE_X55Y104        LUT6 (Prop_lut6_I1_O)        0.105    13.702 r  u_pl/u_osd/g0_b0_i_49/O
                         net (fo=1, routed)           0.623    14.324    u_pl/u_osd/g0_b0_i_49_n_0
    SLICE_X56Y99         LUT6 (Prop_lut6_I4_O)        0.105    14.429 r  u_pl/u_osd/g0_b0_i_24/O
                         net (fo=11, routed)          1.070    15.499    u_pl/u_osd/chars[2]
    SLICE_X60Y83         LUT6 (Prop_lut6_I4_O)        0.105    15.604 r  u_pl/u_osd/g0_b0_i_13/O
                         net (fo=1, routed)           0.633    16.237    u_pl/u_osd/g0_b0_i_13_n_0
    SLICE_X60Y82         LUT3 (Prop_lut3_I2_O)        0.105    16.342 r  u_pl/u_osd/g0_b0_i_3/O
                         net (fo=35, routed)          0.911    17.253    u_pl/glyph_idx[2]
    SLICE_X62Y82         LUT6 (Prop_lut6_I2_O)        0.105    17.358 f  u_pl/g0_b0__1/O
                         net (fo=1, routed)           0.000    17.358    u_pl/u_osd/r_reg[7]_i_14_0[0]
    SLICE_X62Y82         MUXF7 (Prop_muxf7_I0_O)      0.173    17.531 f  u_pl/u_osd/r_reg[7]_i_38/O
                         net (fo=1, routed)           0.567    18.098    u_pl/u_osd/r_reg[7]_i_38_n_0
    SLICE_X62Y82         LUT6 (Prop_lut6_I0_O)        0.241    18.339 f  u_pl/u_osd/r[7]_i_33/O
                         net (fo=1, routed)           0.228    18.566    u_pl/u_osd/r[7]_i_33_n_0
    SLICE_X63Y82         LUT6 (Prop_lut6_I0_O)        0.105    18.671 f  u_pl/u_osd/r[7]_i_19/O
                         net (fo=1, routed)           0.324    18.995    u_pl/u_osd/r[7]_i_19_n_0
    SLICE_X63Y80         LUT6 (Prop_lut6_I0_O)        0.105    19.100 r  u_pl/u_osd/r[7]_i_8/O
                         net (fo=1, routed)           0.388    19.487    u_pl/u_osd/r[7]_i_8_n_0
    SLICE_X64Y80         LUT6 (Prop_lut6_I5_O)        0.105    19.592 f  u_pl/u_osd/r[7]_i_2/O
                         net (fo=19, routed)          1.952    21.545    u_pl/u_osd/r[7]_i_2_n_0
    SLICE_X90Y23         LUT2 (Prop_lut2_I1_O)        0.105    21.650 r  u_pl/u_osd/b[2]_i_1/O
                         net (fo=1, routed)           0.000    21.650    u_pl/u_osd/b[2]_i_1_n_0
    SLICE_X90Y23         FDCE                                         r  u_pl/u_osd/b_reg[2]/D
  -------------------------------------------------------------------    -------------------

                         (clock clkout0_1 rise edge)
                                                     20.000    20.000 r  
    W17                                               0.000    20.000 r  sys_clk (IN)
                         net (fo=0)                   0.000    20.000    sys_clk
    W17                  IBUF (Prop_ibuf_I_O)         1.349    21.349 r  sys_clk_IBUF_inst/O
                         net (fo=1, routed)           1.701    23.050    sys_clk_IBUF
    BUFGCTRL_X0Y4        BUFG (Prop_bufg_I_O)         0.077    23.127 r  sys_clk_IBUF_BUFG_inst/O
                         net (fo=186, routed)         1.384    24.511    u_pl/u_clk/CLK
    MMCME2_ADV_X1Y0      MMCME2_ADV (Prop_mmcme2_adv_CLKIN1_CLKOUT0)
                                                     -2.915    21.596 r  u_pl/u_clk/u_mmcm/CLKOUT0
                         net (fo=1, routed)           1.454    23.050    u_pl/u_clk/clkout0
    BUFGCTRL_X0Y0        BUFG (Prop_bufg_I_O)         0.077    23.127 r  u_pl/u_clk/u_bufg_pix/O
                         net (fo=5475, routed)        1.347    24.474    u_pl/u_osd/clk_pix
    SLICE_X90Y23         FDCE                                         r  u_pl/u_osd/b_reg[2]/C
                         clock pessimism              0.246    24.720    
                         clock uncertainty           -0.259    24.461    
    SLICE_X90Y23         FDCE (Setup_fdce_C_D)        0.072    24.533    u_pl/u_osd/b_reg[2]
  -------------------------------------------------------------------
                         required time                         24.533    
                         arrival time                         -21.650    
  -------------------------------------------------------------------
                         slack                                  2.883    





Min Delay Paths
--------------------------------------------------------------------------------------
Slack (MET) :             0.172ns  (arrival time - required time)
  Source:                 u_pl/u_k1l/tog_reg/C
                            (rising edge-triggered cell FDRE clocked by sys_clk  {rise@0.000ns fall@10.000ns period=20.000ns})
  Destination:            u_pl/u_mode/lsync_reg[0]/D
                            (rising edge-triggered cell FDCE clocked by clkout0_1  {rise@0.000ns fall@10.000ns period=20.000ns})
  Path Group:             clkout0_1
  Path Type:              Hold (Min at Fast Process Corner)
  Requirement:            0.000ns  (clkout0_1 rise@0.000ns - sys_clk rise@0.000ns)
  Data Path Delay:        0.737ns  (logic 0.148ns (20.081%)  route 0.589ns (79.919%))
  Logic Levels:           0  
  Clock Path Skew:        0.274ns (DCD - SCD - CPR)
    Destination Clock Delay (DCD):    2.135ns
    Source Clock Delay      (SCD):    1.613ns
    Clock Pessimism Removal (CPR):    0.248ns
  Clock Uncertainty:      0.259ns  ((TSJ^2 + DJ^2)^1/2) / 2 + PE
    Total System Jitter     (TSJ):    0.071ns
    Discrete Jitter          (DJ):    0.175ns
    Phase Error              (PE):    0.165ns

    Location             Delay type                Incr(ns)  Path(ns)    Netlist Resource(s)
  -------------------------------------------------------------------    -------------------
                         (clock sys_clk rise edge)    0.000     0.000 r  
    W17                                               0.000     0.000 r  sys_clk (IN)
                         net (fo=0)                   0.000     0.000    sys_clk
    W17                  IBUF (Prop_ibuf_I_O)         0.252     0.252 r  sys_clk_IBUF_inst/O
                         net (fo=1, routed)           0.674     0.926    sys_clk_IBUF
    BUFGCTRL_X0Y4        BUFG (Prop_bufg_I_O)         0.026     0.952 r  sys_clk_IBUF_BUFG_inst/O
                         net (fo=186, routed)         0.661     1.613    u_pl/u_k1l/CLK
    SLICE_X62Y110        FDRE                                         r  u_pl/u_k1l/tog_reg/C
  -------------------------------------------------------------------    -------------------
    SLICE_X62Y110        FDRE (Prop_fdre_C_Q)         0.148     1.761 r  u_pl/u_k1l/tog_reg/Q
                         net (fo=3, routed)           0.589     2.350    u_pl/u_mode/D[0]
    SLICE_X62Y109        FDCE                                         r  u_pl/u_mode/lsync_reg[0]/D
  -------------------------------------------------------------------    -------------------

                         (clock clkout0_1 rise edge)
                                                      0.000     0.000 r  
    W17                                               0.000     0.000 r  sys_clk (IN)
                         net (fo=0)                   0.000     0.000    sys_clk
    W17                  IBUF (Prop_ibuf_I_O)         0.440     0.440 r  sys_clk_IBUF_inst/O
                         net (fo=1, routed)           0.731     1.171    sys_clk_IBUF
    BUFGCTRL_X0Y4        BUFG (Prop_bufg_I_O)         0.029     1.200 r  sys_clk_IBUF_BUFG_inst/O
                         net (fo=186, routed)         0.862     2.062    u_pl/u_clk/CLK
    MMCME2_ADV_X1Y0      MMCME2_ADV (Prop_mmcme2_adv_CLKIN1_CLKOUT0)
                                                     -1.467     0.595 r  u_pl/u_clk/u_mmcm/CLKOUT0
                         net (fo=1, routed)           0.576     1.171    u_pl/u_clk/clkout0
    BUFGCTRL_X0Y0        BUFG (Prop_bufg_I_O)         0.029     1.200 r  u_pl/u_clk/u_bufg_pix/O
                         net (fo=5475, routed)        0.935     2.135    u_pl/u_mode/clk_pix
    SLICE_X62Y109        FDCE                                         r  u_pl/u_mode/lsync_reg[0]/C
                         clock pessimism             -0.248     1.887    
                         clock uncertainty            0.259     2.146    
    SLICE_X62Y109        FDCE (Hold_fdce_C_D)         0.032     2.178    u_pl/u_mode/lsync_reg[0]
  -------------------------------------------------------------------
                         required time                         -2.178    
                         arrival time                           2.350    
  -------------------------------------------------------------------
                         slack                                  0.172    





