Copyright 1986-2022 Xilinx, Inc. All Rights Reserved. Copyright 2022-2026 Advanced Micro Devices, Inc. All Rights Reserved.
---------------------------------------------------------------------------------------------------------------------------------------------
| Tool Version : Vivado v.2025.2.1 (win64) Build 6403652 Thu Mar 19 19:48:24 GMT 2026
| Date         : Wed Sep 30 00:56:41 2026
| Host         : Uie-laptop running 64-bit major release  (build 9200)
| Command      : report_timing_summary -file D:/Xilinx/Prj/pro/Video_Processing/build/isolated_r91_extratimingopt/timing_summary.rpt
| Design       : system_top
| Device       : 7z020-clg484
| Speed File   : -2  PRODUCTION 1.12 2019-11-22
| Design State : Routed
---------------------------------------------------------------------------------------------------------------------------------------------

Timing Summary Report

------------------------------------------------------------------------------------------------
| Timer Settings
| --------------
------------------------------------------------------------------------------------------------

  Enable Multi Corner Analysis               :  Yes
  Enable Pessimism Removal                   :  Yes
  Pessimism Removal Resolution               :  Nearest Common Node
  Enable Input Delay Default Clock           :  No
  Enable Preset / Clear Arcs                 :  No
  Disable Flight Delays                      :  No
  Ignore I/O Paths                           :  No
  Timing Early Launch at Borrowing Latches   :  No
  Borrow Time for Max Delay Exceptions       :  Yes
  Merge Timing Exceptions                    :  Yes
  Inter-SLR Compensation                     :  Conservative

  Corner  Analyze    Analyze    
  Name    Max Paths  Min Paths  
  ------  ---------  ---------  
  Slow    Yes        Yes        
  Fast    Yes        Yes        


------------------------------------------------------------------------------------------------
| Report Methodology
| ------------------
------------------------------------------------------------------------------------------------

Rule       Severity  Description                                                Violations  
---------  --------  ---------------------------------------------------------  ----------  
DPIR-1     Warning   Asynchronous driver check                                  2           
LUTAR-1    Warning   LUT drives async reset alert                               1           
SYNTH-5    Warning   Mapped onto distributed RAM because of timing constraints  336         
SYNTH-6    Warning   Timing of a RAM block might be sub-optimal                 97          
TIMING-9   Warning   Unknown CDC Logic                                          1           
TIMING-10  Warning   Missing property on synchronizer                           1           
TIMING-18  Warning   Missing input or output delay                              7           

Note: This report is based on the most recent report_methodology run and may not be up-to-date. Run report_methodology on the current design for the latest report.



check_timing report

Table of Contents
-----------------
1. checking no_clock (0)
2. checking constant_clock (0)
3. checking pulse_width_clock (0)
4. checking unconstrained_internal_endpoints (0)
5. checking no_input_delay (7)
6. checking no_output_delay (12)
7. checking multiple_clock (0)
8. checking generated_clocks (0)
9. checking loops (0)
10. checking partial_input_delay (0)
11. checking partial_output_delay (0)
12. checking latch_loops (0)

1. checking no_clock (0)
------------------------
 There are 0 register/latch pins with no clock.


2. checking constant_clock (0)
------------------------------
 There are 0 register/latch pins with constant_clock.


3. checking pulse_width_clock (0)
---------------------------------
 There are 0 register/latch pins which need pulse_width check


4. checking unconstrained_internal_endpoints (0)
------------------------------------------------
 There are 0 pins that are not constrained for maximum delay.

 There are 0 pins that are not constrained for maximum delay due to constant clock.


5. checking no_input_delay (7)
------------------------------
 There are 5 input ports with no input delay specified. (HIGH)

 There are 2 input ports with no input delay but user has a false path constraint. (MEDIUM)


6. checking no_output_delay (12)
--------------------------------
 There are 6 ports with no output delay specified. (HIGH)

 There are 6 ports with no output delay but user has a false path constraint (MEDIUM)

 There are 0 ports with no output delay but with a timing clock defined on it or propagating through it


7. checking multiple_clock (0)
------------------------------
 There are 0 register/latch pins with multiple clocks.


8. checking generated_clocks (0)
--------------------------------
 There are 0 generated clocks that are not connected to a clock source.


9. checking loops (0)
---------------------
 There are 0 combinational loops in the design.


10. checking partial_input_delay (0)
------------------------------------
 There are 0 input ports with partial input delay specified.


11. checking partial_output_delay (0)
-------------------------------------
 There are 0 ports with partial output delay specified.


12. checking latch_loops (0)
----------------------------
 There are 0 combinational latch loops in the design through latch input



------------------------------------------------------------------------------------------------
| Design Timing Summary
| ---------------------
------------------------------------------------------------------------------------------------

    WNS(ns)      TNS(ns)  TNS Failing Endpoints  TNS Total Endpoints      WHS(ns)      THS(ns)  THS Failing Endpoints  THS Total Endpoints     WPWS(ns)     TPWS(ns)  TPWS Failing Endpoints  TPWS Total Endpoints  
    -------      -------  ---------------------  -------------------      -------      -------  ---------------------  -------------------     --------     --------  ----------------------  --------------------  
      0.157        0.000                      0                50885        0.051        0.000                      0                50885        0.264        0.000                       0                 12523  


All user specified timing constraints are met.


------------------------------------------------------------------------------------------------
| Clock Summary
| -------------
------------------------------------------------------------------------------------------------

Clock         Waveform(ns)         Period(ns)      Frequency(MHz)
-----         ------------         ----------      --------------
clk_fpga_0    {0.000 5.000}        10.000          100.000         
eth_rxc       {0.000 4.000}        8.000           125.000         
sys_clk       {0.000 10.000}       20.000          50.000          
  clkfbout    {0.000 10.000}       20.000          50.000          
  clkfbout_1  {0.000 10.000}       20.000          50.000          
  clkout0_1   {0.000 10.000}       20.000          50.000          
  clkout1_1   {0.000 2.000}        4.000           250.000         
  clkout2     {0.000 2.500}        5.000           200.000         


------------------------------------------------------------------------------------------------
| Intra Clock Table
| -----------------
------------------------------------------------------------------------------------------------

Clock             WNS(ns)      TNS(ns)  TNS Failing Endpoints  TNS Total Endpoints      WHS(ns)      THS(ns)  THS Failing Endpoints  THS Total Endpoints     WPWS(ns)     TPWS(ns)  TPWS Failing Endpoints  TPWS Total Endpoints  
-----             -------      -------  ---------------------  -------------------      -------      -------  ---------------------  -------------------     --------     --------  ----------------------  --------------------  
clk_fpga_0          1.813        0.000                      0                15713        0.053        0.000                      0                15713        3.870        0.000                       0                  4368  
eth_rxc             0.157        0.000                      0                 4721        0.052        0.000                      0                 4721        3.500        0.000                       0                  2481  
sys_clk            14.540        0.000                      0                  255        0.130        0.000                      0                  255        7.000        0.000                       0                   187  
  clkfbout                                                                                                                                                     18.408        0.000                       0                     3  
  clkfbout_1                                                                                                                                                   18.408        0.000                       0                     3  
  clkout0_1         2.275        0.000                      0                30118        0.051        0.000                      0                30118        8.870        0.000                       0                  5468  
  clkout1_1                                                                                                                                                     2.408        0.000                       0                    10  
  clkout2                                                                                                                                                       0.264        0.000                       0                     3  


------------------------------------------------------------------------------------------------
| Inter Clock Table
| -----------------
------------------------------------------------------------------------------------------------

From Clock    To Clock          WNS(ns)      TNS(ns)  TNS Failing Endpoints  TNS Total Endpoints      WHS(ns)      THS(ns)  THS Failing Endpoints  THS Total Endpoints  
----------    --------          -------      -------  ---------------------  -------------------      -------      -------  ---------------------  -------------------  
clkout0_1     sys_clk            14.658        0.000                      0                   22        0.201        0.000                      0                   22  
sys_clk       clkout0_1           3.551        0.000                      0                  191        0.223        0.000                      0                  191  


------------------------------------------------------------------------------------------------
| Other Path Groups Table
| -----------------------
------------------------------------------------------------------------------------------------

Path Group    From Clock    To Clock          WNS(ns)      TNS(ns)  TNS Failing Endpoints  TNS Total Endpoints      WHS(ns)      THS(ns)  THS Failing Endpoints  THS Total Endpoints  
----------    ----------    --------          -------      -------  ---------------------  -------------------      -------      -------  ---------------------  -------------------  


------------------------------------------------------------------------------------------------
| Timing Details
| --------------
------------------------------------------------------------------------------------------------


---------------------------------------------------------------------------------------------------
From Clock:  clk_fpga_0
  To Clock:  clk_fpga_0

Setup :            0  Failing Endpoints,  Worst Slack        1.813ns,  Total Violation        0.000ns
Hold  :            0  Failing Endpoints,  Worst Slack        0.053ns,  Total Violation        0.000ns
PW    :            0  Failing Endpoints,  Worst Slack        3.870ns,  Total Violation        0.000ns
---------------------------------------------------------------------------------------------------


Max Delay Paths
--------------------------------------------------------------------------------------
Slack (MET) :             1.813ns  (required time - arrival time)
  Source:                 u_pl/u_aw/fb_wr_en_reg/C
                            (rising edge-triggered cell FDCE clocked by clk_fpga_0  {rise@0.000ns fall@5.000ns period=10.000ns})
  Destination:            u_pl/u_bilin/u_fb/lo_reg_0_0/WEA[0]
                            (rising edge-triggered cell RAMB36E1 clocked by clk_fpga_0  {rise@0.000ns fall@5.000ns period=10.000ns})
  Path Group:             clk_fpga_0
  Path Type:              Setup (Max at Slow Process Corner)
  Requirement:            10.000ns  (clk_fpga_0 rise@10.000ns - clk_fpga_0 rise@0.000ns)
  Data Path Delay:        7.520ns  (logic 0.484ns (6.436%)  route 7.036ns (93.564%))
  Logic Levels:           1  (LUT6=1)
  Clock Path Skew:        -0.037ns (DCD - SCD + CPR)
    Destination Clock Delay (DCD):    2.354ns = ( 12.354 - 10.000 ) 
    Source Clock Delay      (SCD):    2.488ns
    Clock Pessimism Removal (CPR):    0.097ns
  Clock Uncertainty:      0.154ns  ((TSJ^2 + TIJ^2)^1/2 + DJ) / 2 + PE
    Total System Jitter     (TSJ):    0.071ns
    Total Input Jitter      (TIJ):    0.300ns
    Discrete Jitter          (DJ):    0.000ns
    Phase Error              (PE):    0.000ns

    Location             Delay type                Incr(ns)  Path(ns)    Netlist Resource(s)
  -------------------------------------------------------------------    -------------------
                         (clock clk_fpga_0 rise edge)
                                                      0.000     0.000 r  
    PS7_X0Y0             PS7                          0.000     0.000 r  u_bd/design_1_i/processing_system7_0/inst/PS7_i/FCLKCLK[0]
                         net (fo=1, routed)           0.994     0.994    u_bd/design_1_i/processing_system7_0/inst/FCLK_CLK_unbuffered[0]
    BUFGCTRL_X0Y16       BUFG (Prop_bufg_I_O)         0.085     1.079 r  u_bd/design_1_i/processing_system7_0/inst/buffer_fclk_clk_0.FCLK_CLK_0_BUFG/O
                         net (fo=4369, routed)        1.409     2.488    u_pl/u_aw/FCLK_CLK0
    SLICE_X33Y48         FDCE                                         r  u_pl/u_aw/fb_wr_en_reg/C
  -------------------------------------------------------------------    -------------------
    SLICE_X33Y48         FDCE (Prop_fdce_C_Q)         0.379     2.867 r  u_pl/u_aw/fb_wr_en_reg/Q
                         net (fo=36, routed)          5.970     8.837    u_pl/u_row/fill_wr_en
    SLICE_X90Y101        LUT6 (Prop_lut6_I0_O)        0.105     8.942 r  u_pl/u_row/lo_reg_0_0_i_18/O
                         net (fo=2, routed)           1.067    10.008    u_pl/u_bilin/u_fb/WEA[1]
    RAMB36_X4Y15         RAMB36E1                                     r  u_pl/u_bilin/u_fb/lo_reg_0_0/WEA[0]
  -------------------------------------------------------------------    -------------------

                         (clock clk_fpga_0 rise edge)
                                                     10.000    10.000 r  
    PS7_X0Y0             PS7                          0.000    10.000 r  u_bd/design_1_i/processing_system7_0/inst/PS7_i/FCLKCLK[0]
                         net (fo=1, routed)           0.905    10.906    u_bd/design_1_i/processing_system7_0/inst/FCLK_CLK_unbuffered[0]
    BUFGCTRL_X0Y16       BUFG (Prop_bufg_I_O)         0.077    10.983 r  u_bd/design_1_i/processing_system7_0/inst/buffer_fclk_clk_0.FCLK_CLK_0_BUFG/O
                         net (fo=4369, routed)        1.372    12.354    u_pl/u_bilin/u_fb/FCLK_CLK0
    RAMB36_X4Y15         RAMB36E1                                     r  u_pl/u_bilin/u_fb/lo_reg_0_0/CLKARDCLK
                         clock pessimism              0.097    12.451    
                         clock uncertainty           -0.154    12.297    
    RAMB36_X4Y15         RAMB36E1 (Setup_ramb36e1_CLKARDCLK_WEA[0])
                                                     -0.476    11.821    u_pl/u_bilin/u_fb/lo_reg_0_0
  -------------------------------------------------------------------
                         required time                         11.821    
                         arrival time                         -10.008    
  -------------------------------------------------------------------
                         slack                                  1.813    





Min Delay Paths
--------------------------------------------------------------------------------------
Slack (MET) :             0.053ns  (arrival time - required time)
  Source:                 u_bd/design_1_i/axi_gpio_1/U0/gpio_core_1/Not_Dual.ALLIN1_ND.READ_REG_GEN[6].reg1_reg[6]/C
                            (rising edge-triggered cell FDRE clocked by clk_fpga_0  {rise@0.000ns fall@5.000ns period=10.000ns})
  Destination:            u_bd/design_1_i/axi_gpio_1/U0/ip2bus_data_i_D1_reg[6]/D
                            (rising edge-triggered cell FDRE clocked by clk_fpga_0  {rise@0.000ns fall@5.000ns period=10.000ns})
  Path Group:             clk_fpga_0
  Path Type:              Hold (Min at Fast Process Corner)
  Requirement:            0.000ns  (clk_fpga_0 rise@0.000ns - clk_fpga_0 rise@0.000ns)
  Data Path Delay:        0.494ns  (logic 0.186ns (37.617%)  route 0.308ns (62.383%))
  Logic Levels:           1  (LUT6=1)
  Clock Path Skew:        0.349ns (DCD - SCD - CPR)
    Destination Clock Delay (DCD):    1.277ns
    Source Clock Delay      (SCD):    0.893ns
    Clock Pessimism Removal (CPR):    0.035ns

    Location             Delay type                Incr(ns)  Path(ns)    Netlist Resource(s)
  -------------------------------------------------------------------    -------------------
                         (clock clk_fpga_0 rise edge)
                                                      0.000     0.000 r  
    PS7_X0Y0             PS7                          0.000     0.000 r  u_bd/design_1_i/processing_system7_0/inst/PS7_i/FCLKCLK[0]
                         net (fo=1, routed)           0.310     0.310    u_bd/design_1_i/processing_system7_0/inst/FCLK_CLK_unbuffered[0]
    BUFGCTRL_X0Y16       BUFG (Prop_bufg_I_O)         0.026     0.336 r  u_bd/design_1_i/processing_system7_0/inst/buffer_fclk_clk_0.FCLK_CLK_0_BUFG/O
                         net (fo=4369, routed)        0.557     0.893    u_bd/design_1_i/axi_gpio_1/U0/gpio_core_1/s_axi_aclk
    SLICE_X44Y98         FDRE                                         r  u_bd/design_1_i/axi_gpio_1/U0/gpio_core_1/Not_Dual.ALLIN1_ND.READ_REG_GEN[6].reg1_reg[6]/C
  -------------------------------------------------------------------    -------------------
    SLICE_X44Y98         FDRE (Prop_fdre_C_Q)         0.141     1.034 r  u_bd/design_1_i/axi_gpio_1/U0/gpio_core_1/Not_Dual.ALLIN1_ND.READ_REG_GEN[6].reg1_reg[6]/Q
                         net (fo=1, routed)           0.308     1.342    u_bd/design_1_i/axi_gpio_1/U0/gpio_core_1/Not_Dual.ALLIN1_ND.READ_REG_GEN[6].reg1_reg
    SLICE_X44Y100        LUT6 (Prop_lut6_I1_O)        0.045     1.387 r  u_bd/design_1_i/axi_gpio_1/U0/gpio_core_1/ip2bus_data_i_D1[6]_i_1/O
                         net (fo=1, routed)           0.000     1.387    u_bd/design_1_i/axi_gpio_1/U0/ip2bus_data[6]
    SLICE_X44Y100        FDRE                                         r  u_bd/design_1_i/axi_gpio_1/U0/ip2bus_data_i_D1_reg[6]/D
  -------------------------------------------------------------------    -------------------

                         (clock clk_fpga_0 rise edge)
                                                      0.000     0.000 r  
    PS7_X0Y0             PS7                          0.000     0.000 r  u_bd/design_1_i/processing_system7_0/inst/PS7_i/FCLKCLK[0]
                         net (fo=1, routed)           0.337     0.337    u_bd/design_1_i/processing_system7_0/inst/FCLK_CLK_unbuffered[0]
    BUFGCTRL_X0Y16       BUFG (Prop_bufg_I_O)         0.029     0.366 r  u_bd/design_1_i/processing_system7_0/inst/buffer_fclk_clk_0.FCLK_CLK_0_BUFG/O
                         net (fo=4369, routed)        0.911     1.277    u_bd/design_1_i/axi_gpio_1/U0/s_axi_aclk
    SLICE_X44Y100        FDRE                                         r  u_bd/design_1_i/axi_gpio_1/U0/ip2bus_data_i_D1_reg[6]/C
                         clock pessimism             -0.035     1.242    
    SLICE_X44Y100        FDRE (Hold_fdre_C_D)         0.092     1.334    u_bd/design_1_i/axi_gpio_1/U0/ip2bus_data_i_D1_reg[6]
  -------------------------------------------------------------------
                         required time                         -1.334    
                         arrival time                           1.387    
  -------------------------------------------------------------------
                         slack                                  0.053    





Pulse Width Checks
--------------------------------------------------------------------------------------
Clock Name:         clk_fpga_0
Waveform(ns):       { 0.000 5.000 }
Period(ns):         10.000
Sources:            { u_bd/design_1_i/processing_system7_0/inst/PS7_i/FCLKCLK[0] }

Check Type        Corner  Lib Pin             Reference Pin  Required(ns)  Actual(ns)  Slack(ns)  Location      Pin
Min Period        n/a     RAMB36E1/CLKBWRCLK  n/a            2.170         10.000      7.830      RAMB36_X0Y3   u_eth/u_cdc/mem_reg_0/CLKBWRCLK
Low Pulse Width   Slow    RAMD64E/CLK         n/a            1.130         5.000       3.870      SLICE_X14Y24  u_eth/u_saver/q_addr_reg_0_63_12_14/RAMA/CLK
High Pulse Width  Slow    RAMD64E/CLK         n/a            1.130         5.000       3.870      SLICE_X14Y24  u_eth/u_saver/q_addr_reg_0_63_12_14/RAMA/CLK



---------------------------------------------------------------------------------------------------
From Clock:  eth_rxc
  To Clock:  eth_rxc

Setup :            0  Failing Endpoints,  Worst Slack        0.157ns,  Total Violation        0.000ns
Hold  :            0  Failing Endpoints,  Worst Slack        0.052ns,  Total Violation        0.000ns
PW    :            0  Failing Endpoints,  Worst Slack        3.500ns,  Total Violation        0.000ns
---------------------------------------------------------------------------------------------------


Max Delay Paths
--------------------------------------------------------------------------------------
Slack (MET) :             0.157ns  (required time - arrival time)
  Source:                 u_eth/u_rgmii/u_rgmii_rx/rxdata_bus[0].u_iddr_rxd/C
                            (rising edge-triggered cell IDDR clocked by eth_rxc  {rise@0.000ns fall@4.000ns period=8.000ns})
  Destination:            u_eth/u_rx_mac/u_crc_rx/crc_data_reg[7]/D
                            (rising edge-triggered cell FDPE clocked by eth_rxc  {rise@0.000ns fall@4.000ns period=8.000ns})
  Path Group:             eth_rxc
  Path Type:              Setup (Max at Slow Process Corner)
  Requirement:            8.000ns  (eth_rxc rise@8.000ns - eth_rxc rise@0.000ns)
  Data Path Delay:        8.707ns  (logic 0.998ns (11.463%)  route 7.709ns (88.537%))
  Logic Levels:           3  (LUT5=2 LUT6=1)
  Clock Path Skew:        1.101ns (DCD - SCD + CPR)
    Destination Clock Delay (DCD):    4.445ns = ( 12.445 - 8.000 ) 
    Source Clock Delay      (SCD):    3.410ns
    Clock Pessimism Removal (CPR):    0.066ns
  Clock Uncertainty:      0.035ns  ((TSJ^2 + TIJ^2)^1/2 + DJ) / 2 + PE
    Total System Jitter     (TSJ):    0.071ns
    Total Input Jitter      (TIJ):    0.000ns
    Discrete Jitter          (DJ):    0.000ns
    Phase Error              (PE):    0.000ns

    Location             Delay type                Incr(ns)  Path(ns)    Netlist Resource(s)
  -------------------------------------------------------------------    -------------------
                         (clock eth_rxc rise edge)    0.000     0.000 r  
    Y19                                               0.000     0.000 r  eth_rxc (IN)
                         net (fo=0)                   0.000     0.000    eth_rxc
    Y19                  IBUF (Prop_ibuf_I_O)         1.430     1.430 r  eth_rxc_IBUF_inst/O
                         net (fo=2, routed)           0.374     1.804    u_eth/u_rgmii/u_rgmii_rx/rgmii_rxc
    BUFIO_X1Y3           BUFIO (Prop_bufio_I_O)       1.319     3.123 r  u_eth/u_rgmii/u_rgmii_rx/BUFIO_inst/O
                         net (fo=5, routed)           0.287     3.410    u_eth/u_rgmii/u_rgmii_rx/rgmii_rxc_bufio
    ILOGIC_X1Y42         IDDR                                         r  u_eth/u_rgmii/u_rgmii_rx/rxdata_bus[0].u_iddr_rxd/C
  -------------------------------------------------------------------    -------------------
    ILOGIC_X1Y42         IDDR (Prop_iddr_C_Q2)        0.448     3.858 r  u_eth/u_rgmii/u_rgmii_rx/rxdata_bus[0].u_iddr_rxd/Q2
                         net (fo=41, routed)          3.460     7.317    u_eth/u_rgmii/u_rgmii_rx/gmii_rxd[4]
    SLICE_X74Y23         LUT6 (Prop_lut6_I1_O)        0.154     7.471 f  u_eth/u_rgmii/u_rgmii_rx/FSM_onehot_state[2]_i_2/O
                         net (fo=5, routed)           1.256     8.727    u_eth/u_rgmii/u_rgmii_rx/rxdata_bus[3].u_iddr_rxd_0
    SLICE_X72Y29         LUT5 (Prop_lut5_I2_O)        0.108     8.835 r  u_eth/u_rgmii/u_rgmii_rx/crc_data[31]_i_3/O
                         net (fo=33, routed)          0.961     9.796    u_eth/u_rgmii/u_rgmii_rx/u_iddr_rx_ctl_2
    SLICE_X76Y33         LUT5 (Prop_lut5_I0_O)        0.288    10.084 r  u_eth/u_rgmii/u_rgmii_rx/crc_data[7]_i_1__1/O
                         net (fo=1, routed)           2.032    12.116    u_eth/u_rx_mac/u_crc_rx/crc_data_reg[31]_0[6]
    SLICE_X76Y33         FDPE                                         r  u_eth/u_rx_mac/u_crc_rx/crc_data_reg[7]/D
  -------------------------------------------------------------------    -------------------

                         (clock eth_rxc rise edge)    8.000     8.000 r  
    Y19                                               0.000     8.000 r  eth_rxc (IN)
                         net (fo=0)                   0.000     8.000    eth_rxc
    Y19                  IBUF (Prop_ibuf_I_O)         1.364     9.364 r  eth_rxc_IBUF_inst/O
                         net (fo=2, routed)           1.701    11.065    u_eth/u_rgmii/u_rgmii_rx/rgmii_rxc
    BUFGCTRL_X0Y1        BUFG (Prop_bufg_I_O)         0.077    11.142 r  u_eth/u_rgmii/u_rgmii_rx/BUFG_inst/O
                         net (fo=2475, routed)        1.303    12.445    u_eth/u_rx_mac/u_crc_rx/gmii_rx_clk
    SLICE_X76Y33         FDPE                                         r  u_eth/u_rx_mac/u_crc_rx/crc_data_reg[7]/C
                         clock pessimism              0.066    12.511    
                         clock uncertainty           -0.035    12.475    
    SLICE_X76Y33         FDPE (Setup_fdpe_C_D)       -0.202    12.273    u_eth/u_rx_mac/u_crc_rx/crc_data_reg[7]
  -------------------------------------------------------------------
                         required time                         12.273    
                         arrival time                         -12.116    
  -------------------------------------------------------------------
                         slack                                  0.157    





Min Delay Paths
--------------------------------------------------------------------------------------
Slack (MET) :             0.052ns  (arrival time - required time)
  Source:                 u_eth/u_cdc/rgray_s1_reg[1]/C
                            (rising edge-triggered cell FDCE clocked by eth_rxc  {rise@0.000ns fall@4.000ns period=8.000ns})
  Destination:            u_eth/u_lm/full_d_reg/D
                            (rising edge-triggered cell FDCE clocked by eth_rxc  {rise@0.000ns fall@4.000ns period=8.000ns})
  Path Group:             eth_rxc
  Path Type:              Hold (Min at Fast Process Corner)
  Requirement:            0.000ns  (eth_rxc rise@0.000ns - eth_rxc rise@0.000ns)
  Data Path Delay:        0.956ns  (logic 0.414ns (43.314%)  route 0.542ns (56.686%))
  Logic Levels:           3  (CARRY4=2 LUT6=1)
  Clock Path Skew:        0.013ns (DCD - SCD - CPR)
    Destination Clock Delay (DCD):    2.065ns
    Source Clock Delay      (SCD):    1.552ns
    Clock Pessimism Removal (CPR):    0.500ns
  Clock Uncertainty:      0.800ns  ((TSJ^2 + TIJ^2)^1/2 + DJ) / 2 + PE + UU
    Total System Jitter     (TSJ):    0.000ns
    Total Input Jitter      (TIJ):    0.000ns
    Discrete Jitter          (DJ):    0.000ns
    Phase Error              (PE):    0.000ns
    User Uncertainty         (UU):    0.800ns

    Location             Delay type                Incr(ns)  Path(ns)    Netlist Resource(s)
  -------------------------------------------------------------------    -------------------
                         (clock eth_rxc rise edge)    0.000     0.000 r  
    Y19                                               0.000     0.000 r  eth_rxc (IN)
                         net (fo=0)                   0.000     0.000    eth_rxc
    Y19                  IBUF (Prop_ibuf_I_O)         0.266     0.266 r  eth_rxc_IBUF_inst/O
                         net (fo=2, routed)           0.674     0.940    u_eth/u_rgmii/u_rgmii_rx/rgmii_rxc
    BUFGCTRL_X0Y1        BUFG (Prop_bufg_I_O)         0.026     0.966 r  u_eth/u_rgmii/u_rgmii_rx/BUFG_inst/O
                         net (fo=2475, routed)        0.586     1.552    u_eth/u_cdc/gmii_rx_clk
    SLICE_X25Y12         FDCE                                         r  u_eth/u_cdc/rgray_s1_reg[1]/C
  -------------------------------------------------------------------    -------------------
    SLICE_X25Y12         FDCE (Prop_fdce_C_Q)         0.141     1.693 r  u_eth/u_cdc/rgray_s1_reg[1]/Q
                         net (fo=1, routed)           0.542     2.235    u_eth/u_cdc/rgray_s1[1]
    SLICE_X24Y14         LUT6 (Prop_lut6_I4_O)        0.045     2.280 r  u_eth/u_cdc/full_d_i_7/O
                         net (fo=1, routed)           0.000     2.280    u_eth/u_cdc/full_d_i_7_n_0
    SLICE_X24Y14         CARRY4 (Prop_carry4_S[0]_CO[3])
                                                      0.152     2.432 r  u_eth/u_cdc/full_d_reg_i_2/CO[3]
                         net (fo=1, routed)           0.000     2.432    u_eth/u_cdc/full_d_reg_i_2_n_0
    SLICE_X24Y15         CARRY4 (Prop_carry4_CI_CO[0])
                                                      0.076     2.508 r  u_eth/u_cdc/full_d_reg_i_1/CO[0]
                         net (fo=6, routed)           0.000     2.508    u_eth/u_lm/wr_full
    SLICE_X24Y15         FDCE                                         r  u_eth/u_lm/full_d_reg/D
  -------------------------------------------------------------------    -------------------

                         (clock eth_rxc rise edge)    0.000     0.000 r  
    Y19                                               0.000     0.000 r  eth_rxc (IN)
                         net (fo=0)                   0.000     0.000    eth_rxc
    Y19                  IBUF (Prop_ibuf_I_O)         0.454     0.454 r  eth_rxc_IBUF_inst/O
                         net (fo=2, routed)           0.731     1.185    u_eth/u_rgmii/u_rgmii_rx/rgmii_rxc
    BUFGCTRL_X0Y1        BUFG (Prop_bufg_I_O)         0.029     1.214 r  u_eth/u_rgmii/u_rgmii_rx/BUFG_inst/O
                         net (fo=2475, routed)        0.851     2.065    u_eth/u_lm/gmii_rx_clk
    SLICE_X24Y15         FDCE                                         r  u_eth/u_lm/full_d_reg/C
                         clock pessimism             -0.500     1.565    
                         clock uncertainty            0.800     2.365    
    SLICE_X24Y15         FDCE (Hold_fdce_C_D)         0.091     2.456    u_eth/u_lm/full_d_reg
  -------------------------------------------------------------------
                         required time                         -2.456    
                         arrival time                           2.508    
  -------------------------------------------------------------------
                         slack                                  0.052    





Pulse Width Checks
--------------------------------------------------------------------------------------
Clock Name:         eth_rxc
Waveform(ns):       { 0.000 4.000 }
Period(ns):         8.000
Sources:            { eth_rxc }

Check Type        Corner  Lib Pin             Reference Pin  Required(ns)  Actual(ns)  Slack(ns)  Location      Pin
Min Period        n/a     RAMB18E1/CLKARDCLK  n/a            2.472         8.000       5.528      RAMB18_X5Y8   u_eth/u_icmp_fifo/mem_reg/CLKARDCLK
Low Pulse Width   Slow    FDCE/C              n/a            0.500         4.000       3.500      SLICE_X23Y20  u_eth/flush_pend_reg/C
High Pulse Width  Slow    FDCE/C              n/a            0.500         4.000       3.500      SLICE_X23Y20  u_eth/flush_pend_reg/C



---------------------------------------------------------------------------------------------------
From Clock:  sys_clk
  To Clock:  sys_clk

Setup :            0  Failing Endpoints,  Worst Slack       14.540ns,  Total Violation        0.000ns
Hold  :            0  Failing Endpoints,  Worst Slack        0.130ns,  Total Violation        0.000ns
PW    :            0  Failing Endpoints,  Worst Slack        7.000ns,  Total Violation        0.000ns
---------------------------------------------------------------------------------------------------


Max Delay Paths
--------------------------------------------------------------------------------------
Slack (MET) :             14.540ns  (required time - arrival time)
  Source:                 u_pl/u_ang/angle_reg[2]/C
                            (rising edge-triggered cell FDRE clocked by sys_clk  {rise@0.000ns fall@10.000ns period=20.000ns})
  Destination:            u_pl/u_ang/angle_reg[3]/D
                            (rising edge-triggered cell FDRE clocked by sys_clk  {rise@0.000ns fall@10.000ns period=20.000ns})
  Path Group:             sys_clk
  Path Type:              Setup (Max at Slow Process Corner)
  Requirement:            20.000ns  (sys_clk rise@20.000ns - sys_clk rise@0.000ns)
  Data Path Delay:        5.338ns  (logic 1.339ns (25.086%)  route 3.999ns (74.914%))
  Logic Levels:           5  (LUT5=2 LUT6=2 MUXF7=1)
  Clock Path Skew:        -0.028ns (DCD - SCD + CPR)
    Destination Clock Delay (DCD):    4.565ns = ( 24.565 - 20.000 ) 
    Source Clock Delay      (SCD):    4.982ns
    Clock Pessimism Removal (CPR):    0.389ns
  Clock Uncertainty:      0.035ns  ((TSJ^2 + TIJ^2)^1/2 + DJ) / 2 + PE
    Total System Jitter     (TSJ):    0.071ns
    Total Input Jitter      (TIJ):    0.000ns
    Discrete Jitter          (DJ):    0.000ns
    Phase Error              (PE):    0.000ns

    Location             Delay type                Incr(ns)  Path(ns)    Netlist Resource(s)
  -------------------------------------------------------------------    -------------------
                         (clock sys_clk rise edge)    0.000     0.000 r  
    W17                                               0.000     0.000 r  sys_clk (IN)
                         net (fo=0)                   0.000     0.000    sys_clk
    W17                  IBUF (Prop_ibuf_I_O)         1.415     1.415 r  sys_clk_IBUF_inst/O
                         net (fo=1, routed)           1.873     3.288    sys_clk_IBUF
    BUFGCTRL_X0Y4        BUFG (Prop_bufg_I_O)         0.085     3.373 r  sys_clk_IBUF_BUFG_inst/O
                         net (fo=186, routed)         1.609     4.982    u_pl/u_ang/CLK
    SLICE_X58Y111        FDRE                                         r  u_pl/u_ang/angle_reg[2]/C
  -------------------------------------------------------------------    -------------------
    SLICE_X58Y111        FDRE (Prop_fdre_C_Q)         0.433     5.415 r  u_pl/u_ang/angle_reg[2]/Q
                         net (fo=203, routed)         1.227     6.642    u_pl/u_ang/angle_reg_n_0_[2]
    SLICE_X55Y114        LUT5 (Prop_lut5_I1_O)        0.105     6.747 r  u_pl/u_ang/rot_s0_i_2/O
                         net (fo=5, routed)           0.824     7.571    u_pl/u_ang/rot_s0_i_2_n_0
    SLICE_X54Y113        LUT5 (Prop_lut5_I0_O)        0.119     7.690 r  u_pl/u_ang/rot_s0_i_1/O
                         net (fo=3, routed)           0.647     8.337    u_pl/u_ang/angle_reg[7]_7
    SLICE_X54Y113        LUT6 (Prop_lut6_I0_O)        0.268     8.605 r  u_pl/u_ang/angle[3]_i_9/O
                         net (fo=1, routed)           0.000     8.605    u_pl/u_ang/angle[3]_i_9_n_0
    SLICE_X54Y113        MUXF7 (Prop_muxf7_I0_O)      0.173     8.778 r  u_pl/u_ang/angle_reg[3]_i_5/O
                         net (fo=1, routed)           0.778     9.557    u_pl/u_ang/angle_reg[3]_i_5_n_0
    SLICE_X56Y113        LUT6 (Prop_lut6_I5_O)        0.241     9.798 r  u_pl/u_ang/angle[3]_i_1/O
                         net (fo=1, routed)           0.522    10.320    u_pl/u_ang/p_1_in__0[3]
    SLICE_X56Y113        FDRE                                         r  u_pl/u_ang/angle_reg[3]/D
  -------------------------------------------------------------------    -------------------

                         (clock sys_clk rise edge)   20.000    20.000 r  
    W17                                               0.000    20.000 r  sys_clk (IN)
                         net (fo=0)                   0.000    20.000    sys_clk
    W17                  IBUF (Prop_ibuf_I_O)         1.349    21.349 r  sys_clk_IBUF_inst/O
                         net (fo=1, routed)           1.701    23.050    sys_clk_IBUF
    BUFGCTRL_X0Y4        BUFG (Prop_bufg_I_O)         0.077    23.127 r  sys_clk_IBUF_BUFG_inst/O
                         net (fo=186, routed)         1.438    24.565    u_pl/u_ang/CLK
    SLICE_X56Y113        FDRE                                         r  u_pl/u_ang/angle_reg[3]/C
                         clock pessimism              0.389    24.954    
                         clock uncertainty           -0.035    24.919    
    SLICE_X56Y113        FDRE (Setup_fdre_C_D)       -0.059    24.860    u_pl/u_ang/angle_reg[3]
  -------------------------------------------------------------------
                         required time                         24.860    
                         arrival time                         -10.320    
  -------------------------------------------------------------------
                         slack                                 14.540    





Min Delay Paths
--------------------------------------------------------------------------------------
Slack (MET) :             0.130ns  (arrival time - required time)
  Source:                 u_pl/vt0_reg/C
                            (rising edge-triggered cell FDRE clocked by sys_clk  {rise@0.000ns fall@10.000ns period=20.000ns})
  Destination:            u_pl/vt1_reg/D
                            (rising edge-triggered cell FDRE clocked by sys_clk  {rise@0.000ns fall@10.000ns period=20.000ns})
  Path Group:             sys_clk
  Path Type:              Hold (Min at Fast Process Corner)
  Requirement:            0.000ns  (sys_clk rise@0.000ns - sys_clk rise@0.000ns)
  Data Path Delay:        0.205ns  (logic 0.141ns (68.843%)  route 0.064ns (31.157%))
  Logic Levels:           0  
  Clock Path Skew:        0.000ns (DCD - SCD - CPR)
    Destination Clock Delay (DCD):    2.132ns
    Source Clock Delay      (SCD):    1.612ns
    Clock Pessimism Removal (CPR):    0.520ns

    Location             Delay type                Incr(ns)  Path(ns)    Netlist Resource(s)
  -------------------------------------------------------------------    -------------------
                         (clock sys_clk rise edge)    0.000     0.000 r  
    W17                                               0.000     0.000 r  sys_clk (IN)
                         net (fo=0)                   0.000     0.000    sys_clk
    W17                  IBUF (Prop_ibuf_I_O)         0.252     0.252 r  sys_clk_IBUF_inst/O
                         net (fo=1, routed)           0.674     0.926    sys_clk_IBUF
    BUFGCTRL_X0Y4        BUFG (Prop_bufg_I_O)         0.026     0.952 r  sys_clk_IBUF_BUFG_inst/O
                         net (fo=186, routed)         0.660     1.612    u_pl/CLK
    SLICE_X64Y112        FDRE                                         r  u_pl/vt0_reg/C
  -------------------------------------------------------------------    -------------------
    SLICE_X64Y112        FDRE (Prop_fdre_C_Q)         0.141     1.753 r  u_pl/vt0_reg/Q
                         net (fo=1, routed)           0.064     1.817    u_pl/vt0
    SLICE_X64Y112        FDRE                                         r  u_pl/vt1_reg/D
  -------------------------------------------------------------------    -------------------

                         (clock sys_clk rise edge)    0.000     0.000 r  
    W17                                               0.000     0.000 r  sys_clk (IN)
                         net (fo=0)                   0.000     0.000    sys_clk
    W17                  IBUF (Prop_ibuf_I_O)         0.440     0.440 r  sys_clk_IBUF_inst/O
                         net (fo=1, routed)           0.731     1.171    sys_clk_IBUF
    BUFGCTRL_X0Y4        BUFG (Prop_bufg_I_O)         0.029     1.200 r  sys_clk_IBUF_BUFG_inst/O
                         net (fo=186, routed)         0.932     2.132    u_pl/CLK
    SLICE_X64Y112        FDRE                                         r  u_pl/vt1_reg/C
                         clock pessimism             -0.520     1.612    
    SLICE_X64Y112        FDRE (Hold_fdre_C_D)         0.075     1.687    u_pl/vt1_reg
  -------------------------------------------------------------------
                         required time                         -1.687    
                         arrival time                           1.817    
  -------------------------------------------------------------------
                         slack                                  0.130    





Pulse Width Checks
--------------------------------------------------------------------------------------
Clock Name:         sys_clk
Waveform(ns):       { 0.000 10.000 }
Period(ns):         20.000
Sources:            { sys_clk }

Check Type        Corner  Lib Pin            Reference Pin  Required(ns)  Actual(ns)  Slack(ns)  Location         Pin
Min Period        n/a     BUFG/I             n/a            1.592         20.000      18.408     BUFGCTRL_X0Y4    sys_clk_IBUF_BUFG_inst/I
Max Period        n/a     MMCME2_ADV/CLKIN1  n/a            100.000       20.000      80.000     MMCME2_ADV_X0Y0  u_idelay_clkgen/u_mmcm/CLKIN1
Low Pulse Width   Slow    MMCME2_ADV/CLKIN1  n/a            3.000         10.000      7.000      MMCME2_ADV_X0Y0  u_idelay_clkgen/u_mmcm/CLKIN1
High Pulse Width  Slow    MMCME2_ADV/CLKIN1  n/a            3.000         10.000      7.000      MMCME2_ADV_X0Y0  u_idelay_clkgen/u_mmcm/CLKIN1



---------------------------------------------------------------------------------------------------
From Clock:  clkfbout
  To Clock:  clkfbout

Setup :           NA  Failing Endpoints,  Worst Slack           NA  ,  Total Violation           NA
Hold  :           NA  Failing Endpoints,  Worst Slack           NA  ,  Total Violation           NA
PW    :            0  Failing Endpoints,  Worst Slack       18.408ns,  Total Violation        0.000ns
---------------------------------------------------------------------------------------------------


Pulse Width Checks
--------------------------------------------------------------------------------------
Clock Name:         clkfbout
Waveform(ns):       { 0.000 10.000 }
Period(ns):         20.000
Sources:            { u_idelay_clkgen/u_mmcm/CLKFBOUT }

Check Type  Corner  Lib Pin             Reference Pin  Required(ns)  Actual(ns)  Slack(ns)  Location         Pin
Min Period  n/a     BUFG/I              n/a            1.592         20.000      18.408     BUFGCTRL_X0Y5    u_idelay_clkgen/u_bufg_fb/I
Max Period  n/a     MMCME2_ADV/CLKFBIN  n/a            100.000       20.000      80.000     MMCME2_ADV_X0Y0  u_idelay_clkgen/u_mmcm/CLKFBIN



---------------------------------------------------------------------------------------------------
From Clock:  clkfbout_1
  To Clock:  clkfbout_1

Setup :           NA  Failing Endpoints,  Worst Slack           NA  ,  Total Violation           NA
Hold  :           NA  Failing Endpoints,  Worst Slack           NA  ,  Total Violation           NA
PW    :            0  Failing Endpoints,  Worst Slack       18.408ns,  Total Violation        0.000ns
---------------------------------------------------------------------------------------------------


Pulse Width Checks
--------------------------------------------------------------------------------------
Clock Name:         clkfbout_1
Waveform(ns):       { 0.000 10.000 }
Period(ns):         20.000
Sources:            { u_pl/u_clk/u_mmcm/CLKFBOUT }

Check Type  Corner  Lib Pin             Reference Pin  Required(ns)  Actual(ns)  Slack(ns)  Location         Pin
Min Period  n/a     BUFG/I              n/a            1.592         20.000      18.408     BUFGCTRL_X0Y6    u_pl/u_clk/u_bufg_fb/I
Max Period  n/a     MMCME2_ADV/CLKFBIN  n/a            100.000       20.000      80.000     MMCME2_ADV_X1Y0  u_pl/u_clk/u_mmcm/CLKFBIN



---------------------------------------------------------------------------------------------------
From Clock:  clkout0_1
  To Clock:  clkout0_1

Setup :            0  Failing Endpoints,  Worst Slack        2.275ns,  Total Violation        0.000ns
Hold  :            0  Failing Endpoints,  Worst Slack        0.051ns,  Total Violation        0.000ns
PW    :            0  Failing Endpoints,  Worst Slack        8.870ns,  Total Violation        0.000ns
---------------------------------------------------------------------------------------------------


Max Delay Paths
--------------------------------------------------------------------------------------
Slack (MET) :             2.275ns  (required time - arrival time)
  Source:                 u_pl/u_split_ctrl/prod/CLK
                            (rising edge-triggered cell DSP48E1 clocked by clkout0_1  {rise@0.000ns fall@10.000ns period=20.000ns})
  Destination:            u_pl/u_osd/g_reg[5]/D
                            (rising edge-triggered cell FDCE clocked by clkout0_1  {rise@0.000ns fall@10.000ns period=20.000ns})
  Path Group:             clkout0_1
  Path Type:              Setup (Max at Slow Process Corner)
  Requirement:            20.000ns  (clkout0_1 rise@20.000ns - clkout0_1 rise@0.000ns)
  Data Path Delay:        17.436ns  (logic 3.638ns (20.864%)  route 13.798ns (79.135%))
  Logic Levels:           20  (CARRY4=1 LUT2=2 LUT3=2 LUT4=1 LUT5=2 LUT6=11 MUXF7=1)
  Clock Path Skew:        -0.225ns (DCD - SCD + CPR)
    Destination Clock Delay (DCD):    4.491ns = ( 24.491 - 20.000 ) 
    Source Clock Delay      (SCD):    4.962ns
    Clock Pessimism Removal (CPR):    0.246ns
  Clock Uncertainty:      0.094ns  ((TSJ^2 + DJ^2)^1/2) / 2 + PE
    Total System Jitter     (TSJ):    0.071ns
    Discrete Jitter          (DJ):    0.175ns
    Phase Error              (PE):    0.000ns

    Location             Delay type                Incr(ns)  Path(ns)    Netlist Resource(s)
  -------------------------------------------------------------------    -------------------
                         (clock clkout0_1 rise edge)
                                                      0.000     0.000 r  
    W17                                               0.000     0.000 r  sys_clk (IN)
                         net (fo=0)                   0.000     0.000    sys_clk
    W17                  IBUF (Prop_ibuf_I_O)         1.415     1.415 r  sys_clk_IBUF_inst/O
                         net (fo=1, routed)           1.873     3.288    sys_clk_IBUF
    BUFGCTRL_X0Y4        BUFG (Prop_bufg_I_O)         0.085     3.373 r  sys_clk_IBUF_BUFG_inst/O
                         net (fo=186, routed)         1.550     4.923    u_pl/u_clk/CLK
    MMCME2_ADV_X1Y0      MMCME2_ADV (Prop_mmcme2_adv_CLKIN1_CLKOUT0)
                                                     -3.232     1.691 r  u_pl/u_clk/u_mmcm/CLKOUT0
                         net (fo=1, routed)           1.597     3.288    u_pl/u_clk/clkout0
    BUFGCTRL_X0Y0        BUFG (Prop_bufg_I_O)         0.085     3.373 r  u_pl/u_clk/u_bufg_pix/O
                         net (fo=5475, routed)        1.589     4.962    u_pl/u_split_ctrl/clk_pix
    DSP48_X3Y38          DSP48E1                                      r  u_pl/u_split_ctrl/prod/CLK
  -------------------------------------------------------------------    -------------------
    DSP48_X3Y38          DSP48E1 (Prop_dsp48e1_CLK_P[17])
                                                      0.370     5.332 f  u_pl/u_split_ctrl/prod/P[17]
                         net (fo=1, routed)           0.916     6.248    u_pl/u_split_ctrl/prod__0[17]
    SLICE_X95Y102        LUT2 (Prop_lut2_I0_O)        0.125     6.373 r  u_pl/u_split_ctrl/g0_b0_i_460/O
                         net (fo=15, routed)          0.930     7.303    u_pl/u_split_ctrl/g0_b0_i_677_n_0
    SLICE_X95Y111        LUT5 (Prop_lut5_I4_O)        0.294     7.597 r  u_pl/u_split_ctrl/g0_b0_i_516/O
                         net (fo=1, routed)           0.348     7.945    u_pl/u_split_ctrl/g0_b0_i_516_n_0
    SLICE_X95Y111        LUT6 (Prop_lut6_I2_O)        0.267     8.212 f  u_pl/u_split_ctrl/g0_b0_i_277/O
                         net (fo=11, routed)          0.591     8.803    u_pl/u_split_ctrl/g0_b0_i_277_n_0
    SLICE_X96Y112        LUT4 (Prop_lut4_I2_O)        0.105     8.908 r  u_pl/u_split_ctrl/g0_b0_i_273/O
                         net (fo=33, routed)          0.836     9.745    u_pl/u_split_ctrl/g0_b0_i_223_0
    SLICE_X85Y115        LUT6 (Prop_lut6_I2_O)        0.105     9.850 f  u_pl/u_split_ctrl/g0_b0_i_424/O
                         net (fo=2, routed)           0.369    10.219    u_pl/u_split_ctrl/bus_q_reg[10]_rep_39
    SLICE_X86Y115        LUT5 (Prop_lut5_I0_O)        0.105    10.324 r  u_pl/u_split_ctrl/g0_b0_i_472/O
                         net (fo=4, routed)           0.416    10.739    u_pl/u_split_ctrl/bus_q_reg[10]_rep_17
    SLICE_X86Y116        CARRY4 (Prop_carry4_DI[2]_O[3])
                                                      0.369    11.108 r  u_pl/u_split_ctrl/g0_b0_i_242/O[3]
                         net (fo=19, routed)          1.101    12.209    u_pl/u_split_ctrl/O[3]
    SLICE_X90Y117        LUT6 (Prop_lut6_I2_O)        0.250    12.459 f  u_pl/u_split_ctrl/g0_b0_i_258/O
                         net (fo=6, routed)           0.675    13.134    u_pl/u_osd/g0_b0_i_86
    SLICE_X90Y119        LUT3 (Prop_lut3_I0_O)        0.125    13.259 f  u_pl/u_osd/g0_b0_i_193/O
                         net (fo=1, routed)           0.649    13.908    u_pl/u_split_ctrl/g0_b0_i_37_2
    SLICE_X90Y117        LUT6 (Prop_lut6_I2_O)        0.264    14.172 f  u_pl/u_split_ctrl/g0_b0_i_86/O
                         net (fo=1, routed)           0.482    14.655    u_pl/u_osd/g0_b0_i_15_2
    SLICE_X89Y114        LUT6 (Prop_lut6_I0_O)        0.105    14.760 f  u_pl/u_osd/g0_b0_i_37/O
                         net (fo=1, routed)           0.310    15.070    u_pl/u_osd/g0_b0_i_37_n_0
    SLICE_X89Y113        LUT6 (Prop_lut6_I5_O)        0.105    15.175 r  u_pl/u_osd/g0_b0_i_15/O
                         net (fo=13, routed)          1.348    16.523    u_pl/u_osd/chars[4]
    SLICE_X92Y99         LUT6 (Prop_lut6_I1_O)        0.105    16.628 r  u_pl/u_osd/g0_b0_i_9/O
                         net (fo=1, routed)           0.667    17.295    u_pl/u_osd/g0_b0_i_9_n_0
    SLICE_X91Y99         LUT3 (Prop_lut3_I2_O)        0.105    17.400 r  u_pl/u_osd/g0_b0_i_1/O
                         net (fo=35, routed)          1.301    18.701    u_pl/glyph_idx[0]
    SLICE_X92Y82         LUT6 (Prop_lut6_I0_O)        0.105    18.806 f  u_pl/g0_b3__2/O
                         net (fo=1, routed)           0.000    18.806    u_pl/u_osd/r_reg[7]_i_14_1[3]
    SLICE_X92Y82         MUXF7 (Prop_muxf7_I1_O)      0.178    18.984 f  u_pl/u_osd/r_reg[7]_i_30/O
                         net (fo=1, routed)           0.477    19.461    u_pl/u_osd/r_reg[7]_i_30_n_0
    SLICE_X92Y82         LUT6 (Prop_lut6_I1_O)        0.241    19.702 f  u_pl/u_osd/r[7]_i_17/O
                         net (fo=1, routed)           0.363    20.065    u_pl/u_osd/r[7]_i_17_n_0
    SLICE_X90Y81         LUT6 (Prop_lut6_I0_O)        0.105    20.170 f  u_pl/u_osd/r[7]_i_5/O
                         net (fo=1, routed)           0.551    20.720    u_pl/u_osd/r[7]_i_5_n_0
    SLICE_X90Y81         LUT6 (Prop_lut6_I2_O)        0.105    20.825 f  u_pl/u_osd/r[7]_i_2/O
                         net (fo=19, routed)          1.468    22.293    u_pl/u_osd/r[7]_i_2_n_0
    SLICE_X95Y47         LUT2 (Prop_lut2_I1_O)        0.105    22.398 r  u_pl/u_osd/g[5]_i_1/O
                         net (fo=1, routed)           0.000    22.398    u_pl/u_osd/g[5]_i_1_n_0
    SLICE_X95Y47         FDCE                                         r  u_pl/u_osd/g_reg[5]/D
  -------------------------------------------------------------------    -------------------

                         (clock clkout0_1 rise edge)
                                                     20.000    20.000 r  
    W17                                               0.000    20.000 r  sys_clk (IN)
                         net (fo=0)                   0.000    20.000    sys_clk
    W17                  IBUF (Prop_ibuf_I_O)         1.349    21.349 r  sys_clk_IBUF_inst/O
                         net (fo=1, routed)           1.701    23.050    sys_clk_IBUF
    BUFGCTRL_X0Y4        BUFG (Prop_bufg_I_O)         0.077    23.127 r  sys_clk_IBUF_BUFG_inst/O
                         net (fo=186, routed)         1.384    24.511    u_pl/u_clk/CLK
    MMCME2_ADV_X1Y0      MMCME2_ADV (Prop_mmcme2_adv_CLKIN1_CLKOUT0)
                                                     -2.915    21.596 r  u_pl/u_clk/u_mmcm/CLKOUT0
                         net (fo=1, routed)           1.454    23.050    u_pl/u_clk/clkout0
    BUFGCTRL_X0Y0        BUFG (Prop_bufg_I_O)         0.077    23.127 r  u_pl/u_clk/u_bufg_pix/O
                         net (fo=5475, routed)        1.364    24.491    u_pl/u_osd/clk_pix
    SLICE_X95Y47         FDCE                                         r  u_pl/u_osd/g_reg[5]/C
                         clock pessimism              0.246    24.737    
                         clock uncertainty           -0.094    24.643    
    SLICE_X95Y47         FDCE (Setup_fdce_C_D)        0.030    24.673    u_pl/u_osd/g_reg[5]
  -------------------------------------------------------------------
                         required time                         24.673    
                         arrival time                         -22.398    
  -------------------------------------------------------------------
                         slack                                  2.275    





Min Delay Paths
--------------------------------------------------------------------------------------
Slack (MET) :             0.051ns  (arrival time - required time)
  Source:                 u_pl/u_pipe/u_sobel/d21_reg[0]/C
                            (rising edge-triggered cell FDCE clocked by clkout0_1  {rise@0.000ns fall@10.000ns period=20.000ns})
  Destination:            u_pl/u_pipe/u_sobel/dout_reg[0]/D
                            (rising edge-triggered cell FDCE clocked by clkout0_1  {rise@0.000ns fall@10.000ns period=20.000ns})
  Path Group:             clkout0_1
  Path Type:              Hold (Min at Fast Process Corner)
  Requirement:            0.000ns  (clkout0_1 rise@0.000ns - clkout0_1 rise@0.000ns)
  Data Path Delay:        0.409ns  (logic 0.186ns (45.482%)  route 0.223ns (54.518%))
  Logic Levels:           1  (LUT6=1)
  Clock Path Skew:        0.267ns (DCD - SCD - CPR)
    Destination Clock Delay (DCD):    2.051ns
    Source Clock Delay      (SCD):    1.536ns
    Clock Pessimism Removal (CPR):    0.248ns

    Location             Delay type                Incr(ns)  Path(ns)    Netlist Resource(s)
  -------------------------------------------------------------------    -------------------
                         (clock clkout0_1 rise edge)
                                                      0.000     0.000 r  
    W17                                               0.000     0.000 r  sys_clk (IN)
                         net (fo=0)                   0.000     0.000    sys_clk
    W17                  IBUF (Prop_ibuf_I_O)         0.252     0.252 r  sys_clk_IBUF_inst/O
                         net (fo=1, routed)           0.674     0.926    sys_clk_IBUF
    BUFGCTRL_X0Y4        BUFG (Prop_bufg_I_O)         0.026     0.952 r  sys_clk_IBUF_BUFG_inst/O
                         net (fo=186, routed)         0.595     1.547    u_pl/u_clk/CLK
    MMCME2_ADV_X1Y0      MMCME2_ADV (Prop_mmcme2_adv_CLKIN1_CLKOUT0)
                                                     -1.150     0.397 r  u_pl/u_clk/u_mmcm/CLKOUT0
                         net (fo=1, routed)           0.529     0.926    u_pl/u_clk/clkout0
    BUFGCTRL_X0Y0        BUFG (Prop_bufg_I_O)         0.026     0.952 r  u_pl/u_clk/u_bufg_pix/O
                         net (fo=5475, routed)        0.584     1.536    u_pl/u_pipe/u_sobel/clk_pix
    SLICE_X61Y49         FDCE                                         r  u_pl/u_pipe/u_sobel/d21_reg[0]/C
  -------------------------------------------------------------------    -------------------
    SLICE_X61Y49         FDCE (Prop_fdce_C_Q)         0.141     1.677 r  u_pl/u_pipe/u_sobel/d21_reg[0]/Q
                         net (fo=1, routed)           0.223     1.900    u_pl/u_pipe/u_sobel/d21[0]
    SLICE_X61Y50         LUT6 (Prop_lut6_I3_O)        0.045     1.945 r  u_pl/u_pipe/u_sobel/dout[0]_i_1__3/O
                         net (fo=1, routed)           0.000     1.945    u_pl/u_pipe/u_sobel/p_0_in[0]
    SLICE_X61Y50         FDCE                                         r  u_pl/u_pipe/u_sobel/dout_reg[0]/D
  -------------------------------------------------------------------    -------------------

                         (clock clkout0_1 rise edge)
                                                      0.000     0.000 r  
    W17                                               0.000     0.000 r  sys_clk (IN)
                         net (fo=0)                   0.000     0.000    sys_clk
    W17                  IBUF (Prop_ibuf_I_O)         0.440     0.440 r  sys_clk_IBUF_inst/O
                         net (fo=1, routed)           0.731     1.171    sys_clk_IBUF
    BUFGCTRL_X0Y4        BUFG (Prop_bufg_I_O)         0.029     1.200 r  sys_clk_IBUF_BUFG_inst/O
                         net (fo=186, routed)         0.862     2.062    u_pl/u_clk/CLK
    MMCME2_ADV_X1Y0      MMCME2_ADV (Prop_mmcme2_adv_CLKIN1_CLKOUT0)
                                                     -1.467     0.595 r  u_pl/u_clk/u_mmcm/CLKOUT0
                         net (fo=1, routed)           0.576     1.171    u_pl/u_clk/clkout0
    BUFGCTRL_X0Y0        BUFG (Prop_bufg_I_O)         0.029     1.200 r  u_pl/u_clk/u_bufg_pix/O
                         net (fo=5475, routed)        0.851     2.051    u_pl/u_pipe/u_sobel/clk_pix
    SLICE_X61Y50         FDCE                                         r  u_pl/u_pipe/u_sobel/dout_reg[0]/C
                         clock pessimism             -0.248     1.803    
    SLICE_X61Y50         FDCE (Hold_fdce_C_D)         0.091     1.894    u_pl/u_pipe/u_sobel/dout_reg[0]
  -------------------------------------------------------------------
                         required time                         -1.894    
                         arrival time                           1.945    
  -------------------------------------------------------------------
                         slack                                  0.051    





Pulse Width Checks
--------------------------------------------------------------------------------------
Clock Name:         clkout0_1
Waveform(ns):       { 0.000 10.000 }
Period(ns):         20.000
Sources:            { u_pl/u_clk/u_mmcm/CLKOUT0 }

Check Type        Corner  Lib Pin             Reference Pin  Required(ns)  Actual(ns)  Slack(ns)  Location         Pin
Min Period        n/a     DSP48E1/CLK         n/a            3.272         20.000      16.728     DSP48_X2Y34      u_pl/u_zmap/yr_m_reg/CLK
Max Period        n/a     MMCME2_ADV/CLKOUT0  n/a            213.360       20.000      193.360    MMCME2_ADV_X1Y0  u_pl/u_clk/u_mmcm/CLKOUT0
Low Pulse Width   Slow    RAMD64E/CLK         n/a            1.130         10.000      8.870      SLICE_X86Y33     u_pl/u_blur/lb0_reg_0_63_0_2/RAMA/CLK
High Pulse Width  Slow    RAMD64E/CLK         n/a            1.130         10.000      8.870      SLICE_X86Y33     u_pl/u_blur/lb0_reg_0_63_0_2/RAMA/CLK



---------------------------------------------------------------------------------------------------
From Clock:  clkout1_1
  To Clock:  clkout1_1

Setup :           NA  Failing Endpoints,  Worst Slack           NA  ,  Total Violation           NA
Hold  :           NA  Failing Endpoints,  Worst Slack           NA  ,  Total Violation           NA
PW    :            0  Failing Endpoints,  Worst Slack        2.408ns,  Total Violation        0.000ns
---------------------------------------------------------------------------------------------------


Pulse Width Checks
--------------------------------------------------------------------------------------
Clock Name:         clkout1_1
Waveform(ns):       { 0.000 2.000 }
Period(ns):         4.000
Sources:            { u_pl/u_clk/u_mmcm/CLKOUT1 }

Check Type  Corner  Lib Pin             Reference Pin  Required(ns)  Actual(ns)  Slack(ns)  Location         Pin
Min Period  n/a     BUFG/I              n/a            1.592         4.000       2.408      BUFGCTRL_X0Y2    u_pl/u_clk/u_bufg_5x/I
Max Period  n/a     MMCME2_ADV/CLKOUT1  n/a            213.360       4.000       209.360    MMCME2_ADV_X1Y0  u_pl/u_clk/u_mmcm/CLKOUT1



---------------------------------------------------------------------------------------------------
From Clock:  clkout2
  To Clock:  clkout2

Setup :           NA  Failing Endpoints,  Worst Slack           NA  ,  Total Violation           NA
Hold  :           NA  Failing Endpoints,  Worst Slack           NA  ,  Total Violation           NA
PW    :            0  Failing Endpoints,  Worst Slack        0.264ns,  Total Violation        0.000ns
---------------------------------------------------------------------------------------------------


Pulse Width Checks
--------------------------------------------------------------------------------------
Clock Name:         clkout2
Waveform(ns):       { 0.000 2.500 }
Period(ns):         5.000
Sources:            { u_idelay_clkgen/u_mmcm/CLKOUT2 }

Check Type  Corner  Lib Pin            Reference Pin  Required(ns)  Actual(ns)  Slack(ns)  Location         Pin
Min Period  n/a     IDELAYCTRL/REFCLK  n/a            2.438         5.000       2.562      IDELAYCTRL_X1Y0  u_eth/u_rgmii/u_rgmii_rx/IDELAYCTRL_inst/REFCLK
Max Period  n/a     IDELAYCTRL/REFCLK  n/a            5.264         5.000       0.264      IDELAYCTRL_X1Y0  u_eth/u_rgmii/u_rgmii_rx/IDELAYCTRL_inst/REFCLK



---------------------------------------------------------------------------------------------------
From Clock:  clkout0_1
  To Clock:  sys_clk

Setup :            0  Failing Endpoints,  Worst Slack       14.658ns,  Total Violation        0.000ns
Hold  :            0  Failing Endpoints,  Worst Slack        0.201ns,  Total Violation        0.000ns
---------------------------------------------------------------------------------------------------


Max Delay Paths
--------------------------------------------------------------------------------------
Slack (MET) :             14.658ns  (required time - arrival time)
  Source:                 u_pl/u_split_x/bus_q_reg[16]/C
                            (rising edge-triggered cell FDCE clocked by clkout0_1  {rise@0.000ns fall@10.000ns period=20.000ns})
  Destination:            u_pl/u_ang/angle_reg[8]/D
                            (rising edge-triggered cell FDRE clocked by sys_clk  {rise@0.000ns fall@10.000ns period=20.000ns})
  Path Group:             sys_clk
  Path Type:              Setup (Max at Slow Process Corner)
  Requirement:            20.000ns  (sys_clk rise@20.000ns - clkout0_1 rise@0.000ns)
  Data Path Delay:        4.935ns  (logic 1.752ns (35.503%)  route 3.183ns (64.497%))
  Logic Levels:           6  (CARRY4=2 LUT2=1 LUT5=1 LUT6=2)
  Clock Path Skew:        -0.178ns (DCD - SCD + CPR)
    Destination Clock Delay (DCD):    4.564ns = ( 24.564 - 20.000 ) 
    Source Clock Delay      (SCD):    4.988ns
    Clock Pessimism Removal (CPR):    0.246ns
  Clock Uncertainty:      0.259ns  ((TSJ^2 + DJ^2)^1/2) / 2 + PE
    Total System Jitter     (TSJ):    0.071ns
    Discrete Jitter          (DJ):    0.175ns
    Phase Error              (PE):    0.165ns

    Location             Delay type                Incr(ns)  Path(ns)    Netlist Resource(s)
  -------------------------------------------------------------------    -------------------
                         (clock clkout0_1 rise edge)
                                                      0.000     0.000 r  
    W17                                               0.000     0.000 r  sys_clk (IN)
                         net (fo=0)                   0.000     0.000    sys_clk
    W17                  IBUF (Prop_ibuf_I_O)         1.415     1.415 r  sys_clk_IBUF_inst/O
                         net (fo=1, routed)           1.873     3.288    sys_clk_IBUF
    BUFGCTRL_X0Y4        BUFG (Prop_bufg_I_O)         0.085     3.373 r  sys_clk_IBUF_BUFG_inst/O
                         net (fo=186, routed)         1.550     4.923    u_pl/u_clk/CLK
    MMCME2_ADV_X1Y0      MMCME2_ADV (Prop_mmcme2_adv_CLKIN1_CLKOUT0)
                                                     -3.232     1.691 r  u_pl/u_clk/u_mmcm/CLKOUT0
                         net (fo=1, routed)           1.597     3.288    u_pl/u_clk/clkout0
    BUFGCTRL_X0Y0        BUFG (Prop_bufg_I_O)         0.085     3.373 r  u_pl/u_clk/u_bufg_pix/O
                         net (fo=5475, routed)        1.615     4.988    u_pl/u_split_x/clk_pix
    SLICE_X64Y109        FDCE                                         r  u_pl/u_split_x/bus_q_reg[16]/C
  -------------------------------------------------------------------    -------------------
    SLICE_X64Y109        FDCE (Prop_fdce_C_Q)         0.379     5.367 r  u_pl/u_split_x/bus_q_reg[16]/Q
                         net (fo=2, routed)           0.934     6.301    u_pl/u_ang/bus_q[1]
    SLICE_X57Y110        LUT2 (Prop_lut2_I1_O)        0.105     6.406 r  u_pl/u_ang/angle[3]_i_7/O
                         net (fo=1, routed)           0.000     6.406    u_pl/u_ang/angle[3]_i_7_n_0
    SLICE_X57Y110        CARRY4 (Prop_carry4_S[1]_CO[3])
                                                      0.457     6.863 r  u_pl/u_ang/angle_reg[3]_i_2/CO[3]
                         net (fo=1, routed)           0.000     6.863    u_pl/u_ang/angle_reg[3]_i_2_n_0
    SLICE_X57Y111        CARRY4 (Prop_carry4_CI_O[0])
                                                      0.180     7.043 f  u_pl/u_ang/angle_reg[7]_i_4/O[0]
                         net (fo=6, routed)           1.038     8.080    u_pl/u_ang/angle_reg[7]_i_4_n_7
    SLICE_X57Y113        LUT5 (Prop_lut5_I4_O)        0.259     8.339 r  u_pl/u_ang/angle[8]_i_7/O
                         net (fo=1, routed)           0.546     8.886    u_pl/u_ang/angle[8]_i_7_n_0
    SLICE_X56Y113        LUT6 (Prop_lut6_I2_O)        0.267     9.153 r  u_pl/u_ang/angle[8]_i_4/O
                         net (fo=1, routed)           0.665     9.818    u_pl/u_ang/angle[8]_i_4_n_0
    SLICE_X56Y114        LUT6 (Prop_lut6_I0_O)        0.105     9.923 r  u_pl/u_ang/angle[8]_i_2/O
                         net (fo=1, routed)           0.000     9.923    u_pl/u_ang/p_1_in__0[8]
    SLICE_X56Y114        FDRE                                         r  u_pl/u_ang/angle_reg[8]/D
  -------------------------------------------------------------------    -------------------

                         (clock sys_clk rise edge)   20.000    20.000 r  
    W17                                               0.000    20.000 r  sys_clk (IN)
                         net (fo=0)                   0.000    20.000    sys_clk
    W17                  IBUF (Prop_ibuf_I_O)         1.349    21.349 r  sys_clk_IBUF_inst/O
                         net (fo=1, routed)           1.701    23.050    sys_clk_IBUF
    BUFGCTRL_X0Y4        BUFG (Prop_bufg_I_O)         0.077    23.127 r  sys_clk_IBUF_BUFG_inst/O
                         net (fo=186, routed)         1.437    24.564    u_pl/u_ang/CLK
    SLICE_X56Y114        FDRE                                         r  u_pl/u_ang/angle_reg[8]/C
                         clock pessimism              0.246    24.810    
                         clock uncertainty           -0.259    24.551    
    SLICE_X56Y114        FDRE (Setup_fdre_C_D)        0.030    24.581    u_pl/u_ang/angle_reg[8]
  -------------------------------------------------------------------
                         required time                         24.581    
                         arrival time                          -9.923    
  -------------------------------------------------------------------
                         slack                                 14.658    





Min Delay Paths
--------------------------------------------------------------------------------------
Slack (MET) :             0.201ns  (arrival time - required time)
  Source:                 u_pl/rot_fs_tog_reg/C
                            (rising edge-triggered cell FDCE clocked by clkout0_1  {rise@0.000ns fall@10.000ns period=20.000ns})
  Destination:            u_pl/u_ang/fs_s_reg[0]/D
                            (rising edge-triggered cell FDRE clocked by sys_clk  {rise@0.000ns fall@10.000ns period=20.000ns})
  Path Group:             sys_clk
  Path Type:              Hold (Min at Fast Process Corner)
  Requirement:            0.000ns  (sys_clk rise@0.000ns - clkout0_1 rise@0.000ns)
  Data Path Delay:        0.809ns  (logic 0.141ns (17.425%)  route 0.668ns (82.575%))
  Logic Levels:           0  
  Clock Path Skew:        0.274ns (DCD - SCD - CPR)
    Destination Clock Delay (DCD):    2.133ns
    Source Clock Delay      (SCD):    1.611ns
    Clock Pessimism Removal (CPR):    0.248ns
  Clock Uncertainty:      0.259ns  ((TSJ^2 + DJ^2)^1/2) / 2 + PE
    Total System Jitter     (TSJ):    0.071ns
    Discrete Jitter          (DJ):    0.175ns
    Phase Error              (PE):    0.165ns

    Location             Delay type                Incr(ns)  Path(ns)    Netlist Resource(s)
  -------------------------------------------------------------------    -------------------
                         (clock clkout0_1 rise edge)
                                                      0.000     0.000 r  
    W17                                               0.000     0.000 r  sys_clk (IN)
                         net (fo=0)                   0.000     0.000    sys_clk
    W17                  IBUF (Prop_ibuf_I_O)         0.252     0.252 r  sys_clk_IBUF_inst/O
                         net (fo=1, routed)           0.674     0.926    sys_clk_IBUF
    BUFGCTRL_X0Y4        BUFG (Prop_bufg_I_O)         0.026     0.952 r  sys_clk_IBUF_BUFG_inst/O
                         net (fo=186, routed)         0.595     1.547    u_pl/u_clk/CLK
    MMCME2_ADV_X1Y0      MMCME2_ADV (Prop_mmcme2_adv_CLKIN1_CLKOUT0)
                                                     -1.150     0.397 r  u_pl/u_clk/u_mmcm/CLKOUT0
                         net (fo=1, routed)           0.529     0.926    u_pl/u_clk/clkout0
    BUFGCTRL_X0Y0        BUFG (Prop_bufg_I_O)         0.026     0.952 r  u_pl/u_clk/u_bufg_pix/O
                         net (fo=5475, routed)        0.659     1.611    u_pl/clk_pix
    SLICE_X59Y110        FDCE                                         r  u_pl/rot_fs_tog_reg/C
  -------------------------------------------------------------------    -------------------
    SLICE_X59Y110        FDCE (Prop_fdce_C_Q)         0.141     1.752 r  u_pl/rot_fs_tog_reg/Q
                         net (fo=2, routed)           0.668     2.420    u_pl/u_ang/rot_fs_tog
    SLICE_X58Y110        FDRE                                         r  u_pl/u_ang/fs_s_reg[0]/D
  -------------------------------------------------------------------    -------------------

                         (clock sys_clk rise edge)    0.000     0.000 r  
    W17                                               0.000     0.000 r  sys_clk (IN)
                         net (fo=0)                   0.000     0.000    sys_clk
    W17                  IBUF (Prop_ibuf_I_O)         0.440     0.440 r  sys_clk_IBUF_inst/O
                         net (fo=1, routed)           0.731     1.171    sys_clk_IBUF
    BUFGCTRL_X0Y4        BUFG (Prop_bufg_I_O)         0.029     1.200 r  sys_clk_IBUF_BUFG_inst/O
                         net (fo=186, routed)         0.933     2.133    u_pl/u_ang/CLK
    SLICE_X58Y110        FDRE                                         r  u_pl/u_ang/fs_s_reg[0]/C
                         clock pessimism             -0.248     1.885    
                         clock uncertainty            0.259     2.144    
    SLICE_X58Y110        FDRE (Hold_fdre_C_D)         0.075     2.219    u_pl/u_ang/fs_s_reg[0]
  -------------------------------------------------------------------
                         required time                         -2.219    
                         arrival time                           2.420    
  -------------------------------------------------------------------
                         slack                                  0.201    





---------------------------------------------------------------------------------------------------
From Clock:  sys_clk
  To Clock:  clkout0_1

Setup :            0  Failing Endpoints,  Worst Slack        3.551ns,  Total Violation        0.000ns
Hold  :            0  Failing Endpoints,  Worst Slack        0.223ns,  Total Violation        0.000ns
---------------------------------------------------------------------------------------------------


Max Delay Paths
--------------------------------------------------------------------------------------
Slack (MET) :             3.551ns  (required time - arrival time)
  Source:                 u_pl/u_ang/angle_reg[0]/C
                            (rising edge-triggered cell FDRE clocked by sys_clk  {rise@0.000ns fall@10.000ns period=20.000ns})
  Destination:            u_pl/u_osd/g_reg[5]/D
                            (rising edge-triggered cell FDCE clocked by clkout0_1  {rise@0.000ns fall@10.000ns period=20.000ns})
  Path Group:             clkout0_1
  Path Type:              Setup (Max at Slow Process Corner)
  Requirement:            20.000ns  (clkout0_1 rise@20.000ns - sys_clk rise@0.000ns)
  Data Path Delay:        15.974ns  (logic 4.447ns (27.839%)  route 11.527ns (72.161%))
  Logic Levels:           21  (CARRY4=4 LUT2=2 LUT3=2 LUT4=2 LUT5=1 LUT6=9 MUXF7=1)
  Clock Path Skew:        -0.246ns (DCD - SCD + CPR)
    Destination Clock Delay (DCD):    4.491ns = ( 24.491 - 20.000 ) 
    Source Clock Delay      (SCD):    4.983ns
    Clock Pessimism Removal (CPR):    0.246ns
  Clock Uncertainty:      0.259ns  ((TSJ^2 + DJ^2)^1/2) / 2 + PE
    Total System Jitter     (TSJ):    0.071ns
    Discrete Jitter          (DJ):    0.175ns
    Phase Error              (PE):    0.165ns

    Location             Delay type                Incr(ns)  Path(ns)    Netlist Resource(s)
  -------------------------------------------------------------------    -------------------
                         (clock sys_clk rise edge)    0.000     0.000 r  
    W17                                               0.000     0.000 r  sys_clk (IN)
                         net (fo=0)                   0.000     0.000    sys_clk
    W17                  IBUF (Prop_ibuf_I_O)         1.415     1.415 r  sys_clk_IBUF_inst/O
                         net (fo=1, routed)           1.873     3.288    sys_clk_IBUF
    BUFGCTRL_X0Y4        BUFG (Prop_bufg_I_O)         0.085     3.373 r  sys_clk_IBUF_BUFG_inst/O
                         net (fo=186, routed)         1.610     4.983    u_pl/u_ang/CLK
    SLICE_X57Y110        FDRE                                         r  u_pl/u_ang/angle_reg[0]/C
  -------------------------------------------------------------------    -------------------
    SLICE_X57Y110        FDRE (Prop_fdre_C_Q)         0.379     5.362 r  u_pl/u_ang/angle_reg[0]/Q
                         net (fo=186, routed)         0.663     6.025    u_pl/u_ang/angle_reg_n_0_[0]
    SLICE_X58Y114        LUT2 (Prop_lut2_I1_O)        0.105     6.130 r  u_pl/u_ang/g0_b0_i_709/O
                         net (fo=1, routed)           0.000     6.130    u_pl/u_ang/g0_b0_i_709_n_0
    SLICE_X58Y114        CARRY4 (Prop_carry4_S[1]_CO[3])
                                                      0.444     6.574 r  u_pl/u_ang/g0_b0_i_646/CO[3]
                         net (fo=1, routed)           0.000     6.574    u_pl/u_ang/g0_b0_i_646_n_0
    SLICE_X58Y115        CARRY4 (Prop_carry4_CI_CO[3])
                                                      0.100     6.674 r  u_pl/u_ang/g0_b0_i_416/CO[3]
                         net (fo=1, routed)           0.000     6.674    u_pl/u_ang/g0_b0_i_416_n_0
    SLICE_X58Y116        CARRY4 (Prop_carry4_CI_O[1])
                                                      0.257     6.931 r  u_pl/u_ang/g0_b0_i_179/O[1]
                         net (fo=17, routed)          0.729     7.660    u_pl/u_ang/g0_b0_i_179_n_6
    SLICE_X59Y117        LUT3 (Prop_lut3_I0_O)        0.255     7.915 r  u_pl/u_ang/g0_b0_i_411/O
                         net (fo=2, routed)           0.695     8.610    u_pl/u_ang/g0_b0_i_411_n_0
    SLICE_X59Y117        LUT5 (Prop_lut5_I0_O)        0.267     8.877 r  u_pl/u_ang/g0_b0_i_414/O
                         net (fo=1, routed)           0.000     8.877    u_pl/u_ang/g0_b0_i_414_n_0
    SLICE_X59Y117        CARRY4 (Prop_carry4_S[1]_CO[2])
                                                      0.475     9.352 r  u_pl/u_ang/g0_b0_i_178/CO[2]
                         net (fo=9, routed)           0.393     9.745    u_pl/u_ang/g0_b0_i_178_n_1
    SLICE_X61Y116        LUT4 (Prop_lut4_I0_O)        0.264    10.009 r  u_pl/u_ang/g0_b0_i_72/O
                         net (fo=46, routed)          0.483    10.491    u_pl/u_ang/angle_reg[8]_0
    SLICE_X61Y119        LUT6 (Prop_lut6_I5_O)        0.267    10.758 r  u_pl/u_ang/g0_b0_i_509/O
                         net (fo=9, routed)           0.853    11.612    u_pl/u_osd/g0_b0_i_122
    SLICE_X64Y115        LUT4 (Prop_lut4_I1_O)        0.108    11.720 r  u_pl/u_osd/g0_b0_i_313/O
                         net (fo=2, routed)           0.372    12.092    u_pl/u_ang/g0_b0_i_49
    SLICE_X63Y117        LUT6 (Prop_lut6_I3_O)        0.267    12.359 r  u_pl/u_ang/g0_b0_i_124/O
                         net (fo=1, routed)           0.528    12.887    u_pl/u_osd/g0_b0_i_23_4
    SLICE_X64Y117        LUT6 (Prop_lut6_I4_O)        0.105    12.992 f  u_pl/u_osd/g0_b0_i_46/O
                         net (fo=1, routed)           1.064    14.056    u_pl/u_osd/g0_b0_i_46_n_0
    SLICE_X90Y111        LUT6 (Prop_lut6_I4_O)        0.105    14.161 r  u_pl/u_osd/g0_b0_i_23/O
                         net (fo=12, routed)          0.941    15.103    u_pl/u_osd/chars[0]
    SLICE_X91Y99         LUT6 (Prop_lut6_I2_O)        0.105    15.208 r  u_pl/u_osd/g0_b0_i_7/O
                         net (fo=1, routed)           0.646    15.853    u_pl/u_osd/g0_b0_i_7_n_0
    SLICE_X91Y99         LUT3 (Prop_lut3_I0_O)        0.105    15.958 r  u_pl/u_osd/g0_b0_i_1/O
                         net (fo=35, routed)          1.301    17.260    u_pl/glyph_idx[0]
    SLICE_X92Y82         LUT6 (Prop_lut6_I0_O)        0.105    17.365 f  u_pl/g0_b3__2/O
                         net (fo=1, routed)           0.000    17.365    u_pl/u_osd/r_reg[7]_i_14_1[3]
    SLICE_X92Y82         MUXF7 (Prop_muxf7_I1_O)      0.178    17.543 f  u_pl/u_osd/r_reg[7]_i_30/O
                         net (fo=1, routed)           0.477    18.020    u_pl/u_osd/r_reg[7]_i_30_n_0
    SLICE_X92Y82         LUT6 (Prop_lut6_I1_O)        0.241    18.261 f  u_pl/u_osd/r[7]_i_17/O
                         net (fo=1, routed)           0.363    18.624    u_pl/u_osd/r[7]_i_17_n_0
    SLICE_X90Y81         LUT6 (Prop_lut6_I0_O)        0.105    18.729 f  u_pl/u_osd/r[7]_i_5/O
                         net (fo=1, routed)           0.551    19.279    u_pl/u_osd/r[7]_i_5_n_0
    SLICE_X90Y81         LUT6 (Prop_lut6_I2_O)        0.105    19.384 f  u_pl/u_osd/r[7]_i_2/O
                         net (fo=19, routed)          1.468    20.852    u_pl/u_osd/r[7]_i_2_n_0
    SLICE_X95Y47         LUT2 (Prop_lut2_I1_O)        0.105    20.957 r  u_pl/u_osd/g[5]_i_1/O
                         net (fo=1, routed)           0.000    20.957    u_pl/u_osd/g[5]_i_1_n_0
    SLICE_X95Y47         FDCE                                         r  u_pl/u_osd/g_reg[5]/D
  -------------------------------------------------------------------    -------------------

                         (clock clkout0_1 rise edge)
                                                     20.000    20.000 r  
    W17                                               0.000    20.000 r  sys_clk (IN)
                         net (fo=0)                   0.000    20.000    sys_clk
    W17                  IBUF (Prop_ibuf_I_O)         1.349    21.349 r  sys_clk_IBUF_inst/O
                         net (fo=1, routed)           1.701    23.050    sys_clk_IBUF
    BUFGCTRL_X0Y4        BUFG (Prop_bufg_I_O)         0.077    23.127 r  sys_clk_IBUF_BUFG_inst/O
                         net (fo=186, routed)         1.384    24.511    u_pl/u_clk/CLK
    MMCME2_ADV_X1Y0      MMCME2_ADV (Prop_mmcme2_adv_CLKIN1_CLKOUT0)
                                                     -2.915    21.596 r  u_pl/u_clk/u_mmcm/CLKOUT0
                         net (fo=1, routed)           1.454    23.050    u_pl/u_clk/clkout0
    BUFGCTRL_X0Y0        BUFG (Prop_bufg_I_O)         0.077    23.127 r  u_pl/u_clk/u_bufg_pix/O
                         net (fo=5475, routed)        1.364    24.491    u_pl/u_osd/clk_pix
    SLICE_X95Y47         FDCE                                         r  u_pl/u_osd/g_reg[5]/C
                         clock pessimism              0.246    24.737    
                         clock uncertainty           -0.259    24.478    
    SLICE_X95Y47         FDCE (Setup_fdce_C_D)        0.030    24.508    u_pl/u_osd/g_reg[5]
  -------------------------------------------------------------------
                         required time                         24.508    
                         arrival time                         -20.957    
  -------------------------------------------------------------------
                         slack                                  3.551    





Min Delay Paths
--------------------------------------------------------------------------------------
Slack (MET) :             0.223ns  (arrival time - required time)
  Source:                 u_pl/u_k1l/tog_reg/C
                            (rising edge-triggered cell FDRE clocked by sys_clk  {rise@0.000ns fall@10.000ns period=20.000ns})
  Destination:            u_pl/u_mode/lsync_reg[0]/D
                            (rising edge-triggered cell FDCE clocked by clkout0_1  {rise@0.000ns fall@10.000ns period=20.000ns})
  Path Group:             clkout0_1
  Path Type:              Hold (Min at Fast Process Corner)
  Requirement:            0.000ns  (clkout0_1 rise@0.000ns - sys_clk rise@0.000ns)
  Data Path Delay:        0.788ns  (logic 0.148ns (18.793%)  route 0.640ns (81.207%))
  Logic Levels:           0  
  Clock Path Skew:        0.271ns (DCD - SCD - CPR)
    Destination Clock Delay (DCD):    2.079ns
    Source Clock Delay      (SCD):    1.560ns
    Clock Pessimism Removal (CPR):    0.248ns
  Clock Uncertainty:      0.259ns  ((TSJ^2 + DJ^2)^1/2) / 2 + PE
    Total System Jitter     (TSJ):    0.071ns
    Discrete Jitter          (DJ):    0.175ns
    Phase Error              (PE):    0.165ns

    Location             Delay type                Incr(ns)  Path(ns)    Netlist Resource(s)
  -------------------------------------------------------------------    -------------------
                         (clock sys_clk rise edge)    0.000     0.000 r  
    W17                                               0.000     0.000 r  sys_clk (IN)
                         net (fo=0)                   0.000     0.000    sys_clk
    W17                  IBUF (Prop_ibuf_I_O)         0.252     0.252 r  sys_clk_IBUF_inst/O
                         net (fo=1, routed)           0.674     0.926    sys_clk_IBUF
    BUFGCTRL_X0Y4        BUFG (Prop_bufg_I_O)         0.026     0.952 r  sys_clk_IBUF_BUFG_inst/O
                         net (fo=186, routed)         0.608     1.560    u_pl/u_k1l/CLK
    SLICE_X90Y95         FDRE                                         r  u_pl/u_k1l/tog_reg/C
  -------------------------------------------------------------------    -------------------
    SLICE_X90Y95         FDRE (Prop_fdre_C_Q)         0.148     1.708 r  u_pl/u_k1l/tog_reg/Q
                         net (fo=3, routed)           0.640     2.347    u_pl/u_mode/D[0]
    SLICE_X90Y97         FDCE                                         r  u_pl/u_mode/lsync_reg[0]/D
  -------------------------------------------------------------------    -------------------

                         (clock clkout0_1 rise edge)
                                                      0.000     0.000 r  
    W17                                               0.000     0.000 r  sys_clk (IN)
                         net (fo=0)                   0.000     0.000    sys_clk
    W17                  IBUF (Prop_ibuf_I_O)         0.440     0.440 r  sys_clk_IBUF_inst/O
                         net (fo=1, routed)           0.731     1.171    sys_clk_IBUF
    BUFGCTRL_X0Y4        BUFG (Prop_bufg_I_O)         0.029     1.200 r  sys_clk_IBUF_BUFG_inst/O
                         net (fo=186, routed)         0.862     2.062    u_pl/u_clk/CLK
    MMCME2_ADV_X1Y0      MMCME2_ADV (Prop_mmcme2_adv_CLKIN1_CLKOUT0)
                                                     -1.467     0.595 r  u_pl/u_clk/u_mmcm/CLKOUT0
                         net (fo=1, routed)           0.576     1.171    u_pl/u_clk/clkout0
    BUFGCTRL_X0Y0        BUFG (Prop_bufg_I_O)         0.029     1.200 r  u_pl/u_clk/u_bufg_pix/O
                         net (fo=5475, routed)        0.879     2.079    u_pl/u_mode/clk_pix
    SLICE_X90Y97         FDCE                                         r  u_pl/u_mode/lsync_reg[0]/C
                         clock pessimism             -0.248     1.831    
                         clock uncertainty            0.259     2.090    
    SLICE_X90Y97         FDCE (Hold_fdce_C_D)         0.034     2.124    u_pl/u_mode/lsync_reg[0]
  -------------------------------------------------------------------
                         required time                         -2.124    
                         arrival time                           2.347    
  -------------------------------------------------------------------
                         slack                                  0.223    





