Copyright 1986-2022 Xilinx, Inc. All Rights Reserved. Copyright 2022-2026 Advanced Micro Devices, Inc. All Rights Reserved.
---------------------------------------------------------------------------------------------------------------------------------------------
| Tool Version : Vivado v.2025.2.1 (win64) Build 6403652 Thu Mar 19 19:48:24 GMT 2026
| Date         : Wed Sep 23 18:20:02 2026
| Host         : Uie-laptop running 64-bit major release  (build 9200)
| Command      : report_timing_summary -file D:/Xilinx/Prj/pro/Video_Processing/build/timing_summary.rpt
| Design       : system_top
| Device       : 7z020-clg484
| Speed File   : -2  PRODUCTION 1.12 2019-11-22
| Design State : Routed
---------------------------------------------------------------------------------------------------------------------------------------------

Timing Summary Report

------------------------------------------------------------------------------------------------
| Timer Settings
| --------------
------------------------------------------------------------------------------------------------

  Enable Multi Corner Analysis               :  Yes
  Enable Pessimism Removal                   :  Yes
  Pessimism Removal Resolution               :  Nearest Common Node
  Enable Input Delay Default Clock           :  No
  Enable Preset / Clear Arcs                 :  No
  Disable Flight Delays                      :  No
  Ignore I/O Paths                           :  No
  Timing Early Launch at Borrowing Latches   :  No
  Borrow Time for Max Delay Exceptions       :  Yes
  Merge Timing Exceptions                    :  Yes
  Inter-SLR Compensation                     :  Conservative

  Corner  Analyze    Analyze    
  Name    Max Paths  Min Paths  
  ------  ---------  ---------  
  Slow    Yes        Yes        
  Fast    Yes        Yes        


------------------------------------------------------------------------------------------------
| Report Methodology
| ------------------
------------------------------------------------------------------------------------------------

Rule       Severity  Description                                                Violations  
---------  --------  ---------------------------------------------------------  ----------  
DPIR-1     Warning   Asynchronous driver check                                  36          
LUTAR-1    Warning   LUT drives async reset alert                               1           
SYNTH-5    Warning   Mapped onto distributed RAM because of timing constraints  48          
SYNTH-6    Warning   Timing of a RAM block might be sub-optimal                 92          
TIMING-9   Warning   Unknown CDC Logic                                          1           
TIMING-10  Warning   Missing property on synchronizer                           1           
TIMING-18  Warning   Missing input or output delay                              7           

Note: This report is based on the most recent report_methodology run and may not be up-to-date. Run report_methodology on the current design for the latest report.



check_timing report

Table of Contents
-----------------
1. checking no_clock (0)
2. checking constant_clock (0)
3. checking pulse_width_clock (0)
4. checking unconstrained_internal_endpoints (0)
5. checking no_input_delay (7)
6. checking no_output_delay (12)
7. checking multiple_clock (0)
8. checking generated_clocks (0)
9. checking loops (0)
10. checking partial_input_delay (0)
11. checking partial_output_delay (0)
12. checking latch_loops (0)

1. checking no_clock (0)
------------------------
 There are 0 register/latch pins with no clock.


2. checking constant_clock (0)
------------------------------
 There are 0 register/latch pins with constant_clock.


3. checking pulse_width_clock (0)
---------------------------------
 There are 0 register/latch pins which need pulse_width check


4. checking unconstrained_internal_endpoints (0)
------------------------------------------------
 There are 0 pins that are not constrained for maximum delay.

 There are 0 pins that are not constrained for maximum delay due to constant clock.


5. checking no_input_delay (7)
------------------------------
 There are 5 input ports with no input delay specified. (HIGH)

 There are 2 input ports with no input delay but user has a false path constraint. (MEDIUM)


6. checking no_output_delay (12)
--------------------------------
 There are 6 ports with no output delay specified. (HIGH)

 There are 6 ports with no output delay but user has a false path constraint (MEDIUM)

 There are 0 ports with no output delay but with a timing clock defined on it or propagating through it


7. checking multiple_clock (0)
------------------------------
 There are 0 register/latch pins with multiple clocks.


8. checking generated_clocks (0)
--------------------------------
 There are 0 generated clocks that are not connected to a clock source.


9. checking loops (0)
---------------------
 There are 0 combinational loops in the design.


10. checking partial_input_delay (0)
------------------------------------
 There are 0 input ports with partial input delay specified.


11. checking partial_output_delay (0)
-------------------------------------
 There are 0 ports with partial output delay specified.


12. checking latch_loops (0)
----------------------------
 There are 0 combinational latch loops in the design through latch input



------------------------------------------------------------------------------------------------
| Design Timing Summary
| ---------------------
------------------------------------------------------------------------------------------------

    WNS(ns)      TNS(ns)  TNS Failing Endpoints  TNS Total Endpoints      WHS(ns)      THS(ns)  THS Failing Endpoints  THS Total Endpoints     WPWS(ns)     TPWS(ns)  TPWS Failing Endpoints  TPWS Total Endpoints  
    -------      -------  ---------------------  -------------------      -------      -------  ---------------------  -------------------     --------     --------  ----------------------  --------------------  
      0.740        0.000                      0                23613        0.042        0.000                      0                23613        0.264        0.000                       0                  7481  


All user specified timing constraints are met.


------------------------------------------------------------------------------------------------
| Clock Summary
| -------------
------------------------------------------------------------------------------------------------

Clock         Waveform(ns)         Period(ns)      Frequency(MHz)
-----         ------------         ----------      --------------
clk_fpga_0    {0.000 5.000}        10.000          100.000         
eth_rxc       {0.000 4.000}        8.000           125.000         
sys_clk       {0.000 10.000}       20.000          50.000          
  clkfbout    {0.000 10.000}       20.000          50.000          
  clkfbout_1  {0.000 10.000}       20.000          50.000          
  clkout0_1   {0.000 10.000}       20.000          50.000          
  clkout1_1   {0.000 2.000}        4.000           250.000         
  clkout2     {0.000 2.500}        5.000           200.000         


------------------------------------------------------------------------------------------------
| Intra Clock Table
| -----------------
------------------------------------------------------------------------------------------------

Clock             WNS(ns)      TNS(ns)  TNS Failing Endpoints  TNS Total Endpoints      WHS(ns)      THS(ns)  THS Failing Endpoints  THS Total Endpoints     WPWS(ns)     TPWS(ns)  TPWS Failing Endpoints  TPWS Total Endpoints  
-----             -------      -------  ---------------------  -------------------      -------      -------  ---------------------  -------------------     --------     --------  ----------------------  --------------------  
clk_fpga_0          1.137        0.000                      0                13909        0.042        0.000                      0                13909        3.870        0.000                       0                  3475  
eth_rxc             0.740        0.000                      0                 4818        0.071        0.000                      0                 4818        3.500        0.000                       0                  2528  
sys_clk            14.601        0.000                      0                  199        0.121        0.000                      0                  199        7.000        0.000                       0                   156  
  clkfbout                                                                                                                                                     18.408        0.000                       0                     3  
  clkfbout_1                                                                                                                                                   18.408        0.000                       0                     3  
  clkout0_1         1.437        0.000                      0                 4649        0.078        0.000                      0                 4649        8.870        0.000                       0                  1303  
  clkout1_1                                                                                                                                                     2.408        0.000                       0                    10  
  clkout2                                                                                                                                                       0.264        0.000                       0                     3  


------------------------------------------------------------------------------------------------
| Inter Clock Table
| -----------------
------------------------------------------------------------------------------------------------

From Clock    To Clock          WNS(ns)      TNS(ns)  TNS Failing Endpoints  TNS Total Endpoints      WHS(ns)      THS(ns)  THS Failing Endpoints  THS Total Endpoints  
----------    --------          -------      -------  ---------------------  -------------------      -------      -------  ---------------------  -------------------  
clkout0_1     sys_clk            17.333        0.000                      0                    1        0.226        0.000                      0                    1  
sys_clk       clkout0_1           7.535        0.000                      0                  152        0.357        0.000                      0                  152  


------------------------------------------------------------------------------------------------
| Other Path Groups Table
| -----------------------
------------------------------------------------------------------------------------------------

Path Group    From Clock    To Clock          WNS(ns)      TNS(ns)  TNS Failing Endpoints  TNS Total Endpoints      WHS(ns)      THS(ns)  THS Failing Endpoints  THS Total Endpoints  
----------    ----------    --------          -------      -------  ---------------------  -------------------      -------      -------  ---------------------  -------------------  


------------------------------------------------------------------------------------------------
| Timing Details
| --------------
------------------------------------------------------------------------------------------------


---------------------------------------------------------------------------------------------------
From Clock:  clk_fpga_0
  To Clock:  clk_fpga_0

Setup :            0  Failing Endpoints,  Worst Slack        1.137ns,  Total Violation        0.000ns
Hold  :            0  Failing Endpoints,  Worst Slack        0.042ns,  Total Violation        0.000ns
PW    :            0  Failing Endpoints,  Worst Slack        3.870ns,  Total Violation        0.000ns
---------------------------------------------------------------------------------------------------


Max Delay Paths
--------------------------------------------------------------------------------------
Slack (MET) :             1.137ns  (required time - arrival time)
  Source:                 u_pl/em2_reg/C
                            (rising edge-triggered cell FDCE clocked by clk_fpga_0  {rise@0.000ns fall@5.000ns period=10.000ns})
  Destination:            u_pl/u_fb/lo_reg_0_62/ADDRARDADDR[1]
                            (rising edge-triggered cell RAMB36E1 clocked by clk_fpga_0  {rise@0.000ns fall@5.000ns period=10.000ns})
  Path Group:             clk_fpga_0
  Path Type:              Setup (Max at Slow Process Corner)
  Requirement:            10.000ns  (clk_fpga_0 rise@10.000ns - clk_fpga_0 rise@0.000ns)
  Data Path Delay:        8.060ns  (logic 0.597ns (7.407%)  route 7.463ns (92.593%))
  Logic Levels:           1  (LUT3=1)
  Clock Path Skew:        0.011ns (DCD - SCD + CPR)
    Destination Clock Delay (DCD):    2.364ns = ( 12.364 - 10.000 ) 
    Source Clock Delay      (SCD):    2.462ns
    Clock Pessimism Removal (CPR):    0.109ns
  Clock Uncertainty:      0.154ns  ((TSJ^2 + TIJ^2)^1/2 + DJ) / 2 + PE
    Total System Jitter     (TSJ):    0.071ns
    Total Input Jitter      (TIJ):    0.300ns
    Discrete Jitter          (DJ):    0.000ns
    Phase Error              (PE):    0.000ns

    Location             Delay type                Incr(ns)  Path(ns)    Netlist Resource(s)
  -------------------------------------------------------------------    -------------------
                         (clock clk_fpga_0 rise edge)
                                                      0.000     0.000 r  
    PS7_X0Y0             PS7                          0.000     0.000 r  u_bd/design_1_i/processing_system7_0/inst/PS7_i/FCLKCLK[0]
                         net (fo=1, routed)           0.994     0.994    u_bd/design_1_i/processing_system7_0/inst/FCLK_CLK_unbuffered[0]
    BUFGCTRL_X0Y16       BUFG (Prop_bufg_I_O)         0.085     1.079 r  u_bd/design_1_i/processing_system7_0/inst/buffer_fclk_clk_0.FCLK_CLK_0_BUFG/O
                         net (fo=3476, routed)        1.383     2.462    u_pl/FCLK_CLK0
    SLICE_X41Y64         FDCE                                         r  u_pl/em2_reg/C
  -------------------------------------------------------------------    -------------------
    SLICE_X41Y64         FDCE (Prop_fdce_C_Q)         0.348     2.810 r  u_pl/em2_reg/Q
                         net (fo=325, routed)         1.824     4.634    u_pl/u_row/out
    SLICE_X44Y45         LUT3 (Prop_lut3_I2_O)        0.249     4.883 r  u_pl/u_row/lo_reg_0_12_i_9/O
                         net (fo=20, routed)          5.639    10.522    u_pl/u_fb/hi_reg_10_0[1]
    RAMB36_X5Y16         RAMB36E1                                     r  u_pl/u_fb/lo_reg_0_62/ADDRARDADDR[1]
  -------------------------------------------------------------------    -------------------

                         (clock clk_fpga_0 rise edge)
                                                     10.000    10.000 r  
    PS7_X0Y0             PS7                          0.000    10.000 r  u_bd/design_1_i/processing_system7_0/inst/PS7_i/FCLKCLK[0]
                         net (fo=1, routed)           0.905    10.906    u_bd/design_1_i/processing_system7_0/inst/FCLK_CLK_unbuffered[0]
    BUFGCTRL_X0Y16       BUFG (Prop_bufg_I_O)         0.077    10.983 r  u_bd/design_1_i/processing_system7_0/inst/buffer_fclk_clk_0.FCLK_CLK_0_BUFG/O
                         net (fo=3476, routed)        1.382    12.364    u_pl/u_fb/FCLK_CLK0
    RAMB36_X5Y16         RAMB36E1                                     r  u_pl/u_fb/lo_reg_0_62/CLKARDCLK
                         clock pessimism              0.109    12.473    
                         clock uncertainty           -0.154    12.319    
    RAMB36_X5Y16         RAMB36E1 (Setup_ramb36e1_CLKARDCLK_ADDRARDADDR[1])
                                                     -0.660    11.659    u_pl/u_fb/lo_reg_0_62
  -------------------------------------------------------------------
                         required time                         11.659    
                         arrival time                         -10.522    
  -------------------------------------------------------------------
                         slack                                  1.137    





Min Delay Paths
--------------------------------------------------------------------------------------
Slack (MET) :             0.042ns  (arrival time - required time)
  Source:                 u_bd/design_1_i/axi_gp0_ic/s00_couplers/auto_pc/inst/gen_axilite.gen_b2s_conv.axilite_b2s/WR.aw_channel_0/s_awid_r_reg[7]/C
                            (rising edge-triggered cell FDRE clocked by clk_fpga_0  {rise@0.000ns fall@5.000ns period=10.000ns})
  Destination:            u_bd/design_1_i/axi_gp0_ic/s00_couplers/auto_pc/inst/gen_axilite.gen_b2s_conv.axilite_b2s/WR.b_channel_0/bid_fifo_0/memory_reg[3][15]_srl4/D
                            (rising edge-triggered cell SRL16E clocked by clk_fpga_0  {rise@0.000ns fall@5.000ns period=10.000ns})
  Path Group:             clk_fpga_0
  Path Type:              Hold (Min at Fast Process Corner)
  Requirement:            0.000ns  (clk_fpga_0 rise@0.000ns - clk_fpga_0 rise@0.000ns)
  Data Path Delay:        0.242ns  (logic 0.141ns (58.155%)  route 0.101ns (41.845%))
  Logic Levels:           0  
  Clock Path Skew:        0.017ns (DCD - SCD - CPR)
    Destination Clock Delay (DCD):    1.297ns
    Source Clock Delay      (SCD):    0.994ns
    Clock Pessimism Removal (CPR):    0.286ns

    Location             Delay type                Incr(ns)  Path(ns)    Netlist Resource(s)
  -------------------------------------------------------------------    -------------------
                         (clock clk_fpga_0 rise edge)
                                                      0.000     0.000 r  
    PS7_X0Y0             PS7                          0.000     0.000 r  u_bd/design_1_i/processing_system7_0/inst/PS7_i/FCLKCLK[0]
                         net (fo=1, routed)           0.310     0.310    u_bd/design_1_i/processing_system7_0/inst/FCLK_CLK_unbuffered[0]
    BUFGCTRL_X0Y16       BUFG (Prop_bufg_I_O)         0.026     0.336 r  u_bd/design_1_i/processing_system7_0/inst/buffer_fclk_clk_0.FCLK_CLK_0_BUFG/O
                         net (fo=3476, routed)        0.658     0.994    u_bd/design_1_i/axi_gp0_ic/s00_couplers/auto_pc/inst/gen_axilite.gen_b2s_conv.axilite_b2s/WR.aw_channel_0/aclk
    SLICE_X28Y103        FDRE                                         r  u_bd/design_1_i/axi_gp0_ic/s00_couplers/auto_pc/inst/gen_axilite.gen_b2s_conv.axilite_b2s/WR.aw_channel_0/s_awid_r_reg[7]/C
  -------------------------------------------------------------------    -------------------
    SLICE_X28Y103        FDRE (Prop_fdre_C_Q)         0.141     1.135 r  u_bd/design_1_i/axi_gp0_ic/s00_couplers/auto_pc/inst/gen_axilite.gen_b2s_conv.axilite_b2s/WR.aw_channel_0/s_awid_r_reg[7]/Q
                         net (fo=1, routed)           0.101     1.236    u_bd/design_1_i/axi_gp0_ic/s00_couplers/auto_pc/inst/gen_axilite.gen_b2s_conv.axilite_b2s/WR.b_channel_0/bid_fifo_0/in[11]
    SLICE_X30Y102        SRL16E                                       r  u_bd/design_1_i/axi_gp0_ic/s00_couplers/auto_pc/inst/gen_axilite.gen_b2s_conv.axilite_b2s/WR.b_channel_0/bid_fifo_0/memory_reg[3][15]_srl4/D
  -------------------------------------------------------------------    -------------------

                         (clock clk_fpga_0 rise edge)
                                                      0.000     0.000 r  
    PS7_X0Y0             PS7                          0.000     0.000 r  u_bd/design_1_i/processing_system7_0/inst/PS7_i/FCLKCLK[0]
                         net (fo=1, routed)           0.337     0.337    u_bd/design_1_i/processing_system7_0/inst/FCLK_CLK_unbuffered[0]
    BUFGCTRL_X0Y16       BUFG (Prop_bufg_I_O)         0.029     0.366 r  u_bd/design_1_i/processing_system7_0/inst/buffer_fclk_clk_0.FCLK_CLK_0_BUFG/O
                         net (fo=3476, routed)        0.931     1.297    u_bd/design_1_i/axi_gp0_ic/s00_couplers/auto_pc/inst/gen_axilite.gen_b2s_conv.axilite_b2s/WR.b_channel_0/bid_fifo_0/aclk
    SLICE_X30Y102        SRL16E                                       r  u_bd/design_1_i/axi_gp0_ic/s00_couplers/auto_pc/inst/gen_axilite.gen_b2s_conv.axilite_b2s/WR.b_channel_0/bid_fifo_0/memory_reg[3][15]_srl4/CLK
                         clock pessimism             -0.286     1.011    
    SLICE_X30Y102        SRL16E (Hold_srl16e_CLK_D)
                                                      0.183     1.194    u_bd/design_1_i/axi_gp0_ic/s00_couplers/auto_pc/inst/gen_axilite.gen_b2s_conv.axilite_b2s/WR.b_channel_0/bid_fifo_0/memory_reg[3][15]_srl4
  -------------------------------------------------------------------
                         required time                         -1.194    
                         arrival time                           1.236    
  -------------------------------------------------------------------
                         slack                                  0.042    





Pulse Width Checks
--------------------------------------------------------------------------------------
Clock Name:         clk_fpga_0
Waveform(ns):       { 0.000 5.000 }
Period(ns):         10.000
Sources:            { u_bd/design_1_i/processing_system7_0/inst/PS7_i/FCLKCLK[0] }

Check Type        Corner  Lib Pin             Reference Pin  Required(ns)  Actual(ns)  Slack(ns)  Location      Pin
Min Period        n/a     RAMB36E1/CLKBWRCLK  n/a            2.170         10.000      7.830      RAMB36_X0Y8   u_eth/u_cdc/mem_reg_0/CLKBWRCLK
Low Pulse Width   Slow    RAMD64E/CLK         n/a            1.130         5.000       3.870      SLICE_X20Y30  u_eth/u_saver/q_addr_reg_0_63_12_14/RAMA/CLK
High Pulse Width  Slow    RAMD64E/CLK         n/a            1.130         5.000       3.870      SLICE_X20Y30  u_eth/u_saver/q_addr_reg_0_63_12_14/RAMA/CLK



---------------------------------------------------------------------------------------------------
From Clock:  eth_rxc
  To Clock:  eth_rxc

Setup :            0  Failing Endpoints,  Worst Slack        0.740ns,  Total Violation        0.000ns
Hold  :            0  Failing Endpoints,  Worst Slack        0.071ns,  Total Violation        0.000ns
PW    :            0  Failing Endpoints,  Worst Slack        3.500ns,  Total Violation        0.000ns
---------------------------------------------------------------------------------------------------


Max Delay Paths
--------------------------------------------------------------------------------------
Slack (MET) :             0.740ns  (required time - arrival time)
  Source:                 u_eth/u_lm/ms32_reg[9]/C
                            (rising edge-triggered cell FDCE clocked by eth_rxc  {rise@0.000ns fall@4.000ns period=8.000ns})
  Destination:            u_eth/u_lm/gap_max_reg[11]/CE
                            (rising edge-triggered cell FDCE clocked by eth_rxc  {rise@0.000ns fall@4.000ns period=8.000ns})
  Path Group:             eth_rxc
  Path Type:              Setup (Max at Slow Process Corner)
  Requirement:            8.000ns  (eth_rxc rise@8.000ns - eth_rxc rise@0.000ns)
  Data Path Delay:        6.797ns  (logic 2.679ns (39.415%)  route 4.118ns (60.585%))
  Logic Levels:           13  (CARRY4=7 LUT2=1 LUT4=1 LUT5=3 LUT6=1)
  Clock Path Skew:        -0.129ns (DCD - SCD + CPR)
    Destination Clock Delay (DCD):    4.372ns = ( 12.372 - 8.000 ) 
    Source Clock Delay      (SCD):    4.759ns
    Clock Pessimism Removal (CPR):    0.258ns
  Clock Uncertainty:      0.035ns  ((TSJ^2 + TIJ^2)^1/2 + DJ) / 2 + PE
    Total System Jitter     (TSJ):    0.071ns
    Total Input Jitter      (TIJ):    0.000ns
    Discrete Jitter          (DJ):    0.000ns
    Phase Error              (PE):    0.000ns

    Location             Delay type                Incr(ns)  Path(ns)    Netlist Resource(s)
  -------------------------------------------------------------------    -------------------
                         (clock eth_rxc rise edge)    0.000     0.000 r  
    Y19                                               0.000     0.000 r  eth_rxc (IN)
                         net (fo=0)                   0.000     0.000    eth_rxc
    Y19                  IBUF (Prop_ibuf_I_O)         1.430     1.430 r  eth_rxc_IBUF_inst/O
                         net (fo=2, routed)           1.873     3.303    u_eth/u_rgmii/u_rgmii_rx/rgmii_rxc
    BUFGCTRL_X0Y0        BUFG (Prop_bufg_I_O)         0.085     3.388 r  u_eth/u_rgmii/u_rgmii_rx/BUFG_inst/O
                         net (fo=2522, routed)        1.371     4.759    u_eth/u_lm/gmii_rx_clk
    SLICE_X50Y83         FDCE                                         r  u_eth/u_lm/ms32_reg[9]/C
  -------------------------------------------------------------------    -------------------
    SLICE_X50Y83         FDCE (Prop_fdce_C_Q)         0.433     5.192 r  u_eth/u_lm/ms32_reg[9]/Q
                         net (fo=4, routed)           0.696     5.887    u_eth/u_lm/ms32_reg[9]
    SLICE_X49Y83         LUT2 (Prop_lut2_I0_O)        0.105     5.992 r  u_eth/u_lm/gap_min[11]_i_5/O
                         net (fo=1, routed)           0.000     5.992    u_eth/u_lm/gap_min[11]_i_5_n_0
    SLICE_X49Y83         CARRY4 (Prop_carry4_S[1]_CO[3])
                                                      0.457     6.449 r  u_eth/u_lm/gap_min_reg[11]_i_2/CO[3]
                         net (fo=1, routed)           0.000     6.449    u_eth/u_lm/gap_min_reg[11]_i_2_n_0
    SLICE_X49Y84         CARRY4 (Prop_carry4_CI_CO[3])
                                                      0.098     6.547 r  u_eth/u_lm/gap_min_reg[15]_i_4/CO[3]
                         net (fo=1, routed)           0.000     6.547    u_eth/u_lm/gap_min_reg[15]_i_4_n_0
    SLICE_X49Y85         CARRY4 (Prop_carry4_CI_CO[3])
                                                      0.098     6.645 r  u_eth/u_lm/gap_min_reg[15]_i_22/CO[3]
                         net (fo=1, routed)           0.000     6.645    u_eth/u_lm/gap_min_reg[15]_i_22_n_0
    SLICE_X49Y86         CARRY4 (Prop_carry4_CI_CO[3])
                                                      0.098     6.743 r  u_eth/u_lm/gap_min_reg[15]_i_20/CO[3]
                         net (fo=1, routed)           0.000     6.743    u_eth/u_lm/gap_min_reg[15]_i_20_n_0
    SLICE_X49Y87         CARRY4 (Prop_carry4_CI_O[3])
                                                      0.260     7.003 r  u_eth/u_lm/gap_min_reg[15]_i_21/O[3]
                         net (fo=1, routed)           0.515     7.519    u_eth/u_lm/gap_min_reg[15]_i_21_n_4
    SLICE_X48Y86         LUT4 (Prop_lut4_I1_O)        0.257     7.776 r  u_eth/u_lm/gap_min[15]_i_45/O
                         net (fo=1, routed)           0.374     8.150    u_eth/u_lm/gap_min[15]_i_45_n_0
    SLICE_X48Y86         LUT5 (Prop_lut5_I4_O)        0.105     8.255 r  u_eth/u_lm/gap_min[15]_i_23/O
                         net (fo=1, routed)           0.353     8.608    u_eth/u_lm/gap_min[15]_i_23_n_0
    SLICE_X48Y86         LUT6 (Prop_lut6_I5_O)        0.105     8.713 r  u_eth/u_lm/gap_min[15]_i_5/O
                         net (fo=96, routed)          0.787     9.501    u_eth/u_lm/gap_min[15]_i_5_n_0
    SLICE_X45Y81         LUT5 (Prop_lut5_I1_O)        0.105     9.606 r  u_eth/u_lm/gap_max[15]_i_18/O
                         net (fo=1, routed)           0.000     9.606    u_eth/u_lm/gap_max[15]_i_18_n_0
    SLICE_X45Y81         CARRY4 (Prop_carry4_S[2]_CO[3])
                                                      0.332     9.938 r  u_eth/u_lm/gap_max_reg[15]_i_4/CO[3]
                         net (fo=1, routed)           0.000     9.938    u_eth/u_lm/gap_max_reg[15]_i_4_n_0
    SLICE_X45Y82         CARRY4 (Prop_carry4_CI_CO[3])
                                                      0.098    10.036 r  u_eth/u_lm/gap_max_reg[15]_i_3/CO[3]
                         net (fo=17, routed)          0.830    10.866    u_eth/u_lm/gap_max_reg[15]_i_3_n_0
    SLICE_X44Y82         LUT5 (Prop_lut5_I2_O)        0.128    10.994 r  u_eth/u_lm/gap_max[15]_i_1/O
                         net (fo=16, routed)          0.562    11.556    u_eth/u_lm/gap_max[15]_i_1_n_0
    SLICE_X46Y83         FDCE                                         r  u_eth/u_lm/gap_max_reg[11]/CE
  -------------------------------------------------------------------    -------------------

                         (clock eth_rxc rise edge)    8.000     8.000 r  
    Y19                                               0.000     8.000 r  eth_rxc (IN)
                         net (fo=0)                   0.000     8.000    eth_rxc
    Y19                  IBUF (Prop_ibuf_I_O)         1.364     9.364 r  eth_rxc_IBUF_inst/O
                         net (fo=2, routed)           1.701    11.065    u_eth/u_rgmii/u_rgmii_rx/rgmii_rxc
    BUFGCTRL_X0Y0        BUFG (Prop_bufg_I_O)         0.077    11.142 r  u_eth/u_rgmii/u_rgmii_rx/BUFG_inst/O
                         net (fo=2522, routed)        1.230    12.372    u_eth/u_lm/gmii_rx_clk
    SLICE_X46Y83         FDCE                                         r  u_eth/u_lm/gap_max_reg[11]/C
                         clock pessimism              0.258    12.630    
                         clock uncertainty           -0.035    12.594    
    SLICE_X46Y83         FDCE (Setup_fdce_C_CE)      -0.299    12.295    u_eth/u_lm/gap_max_reg[11]
  -------------------------------------------------------------------
                         required time                         12.295    
                         arrival time                         -11.556    
  -------------------------------------------------------------------
                         slack                                  0.740    





Min Delay Paths
--------------------------------------------------------------------------------------
Slack (MET) :             0.071ns  (arrival time - required time)
  Source:                 u_eth/u_lm/ms32_reg[27]/C
                            (rising edge-triggered cell FDCE clocked by eth_rxc  {rise@0.000ns fall@4.000ns period=8.000ns})
  Destination:            u_eth/u_lm/ms_last32_reg[27]/D
                            (rising edge-triggered cell FDCE clocked by eth_rxc  {rise@0.000ns fall@4.000ns period=8.000ns})
  Path Group:             eth_rxc
  Path Type:              Hold (Min at Fast Process Corner)
  Requirement:            0.000ns  (eth_rxc rise@0.000ns - eth_rxc rise@0.000ns)
  Data Path Delay:        0.409ns  (logic 0.164ns (40.100%)  route 0.245ns (59.900%))
  Logic Levels:           0  
  Clock Path Skew:        0.266ns (DCD - SCD - CPR)
    Destination Clock Delay (DCD):    2.036ns
    Source Clock Delay      (SCD):    1.517ns
    Clock Pessimism Removal (CPR):    0.253ns

    Location             Delay type                Incr(ns)  Path(ns)    Netlist Resource(s)
  -------------------------------------------------------------------    -------------------
                         (clock eth_rxc rise edge)    0.000     0.000 r  
    Y19                                               0.000     0.000 r  eth_rxc (IN)
                         net (fo=0)                   0.000     0.000    eth_rxc
    Y19                  IBUF (Prop_ibuf_I_O)         0.266     0.266 r  eth_rxc_IBUF_inst/O
                         net (fo=2, routed)           0.674     0.940    u_eth/u_rgmii/u_rgmii_rx/rgmii_rxc
    BUFGCTRL_X0Y0        BUFG (Prop_bufg_I_O)         0.026     0.966 r  u_eth/u_rgmii/u_rgmii_rx/BUFG_inst/O
                         net (fo=2522, routed)        0.551     1.517    u_eth/u_lm/gmii_rx_clk
    SLICE_X50Y87         FDCE                                         r  u_eth/u_lm/ms32_reg[27]/C
  -------------------------------------------------------------------    -------------------
    SLICE_X50Y87         FDCE (Prop_fdce_C_Q)         0.164     1.681 r  u_eth/u_lm/ms32_reg[27]/Q
                         net (fo=4, routed)           0.245     1.926    u_eth/u_lm/ms32_reg[27]
    SLICE_X49Y87         FDCE                                         r  u_eth/u_lm/ms_last32_reg[27]/D
  -------------------------------------------------------------------    -------------------

                         (clock eth_rxc rise edge)    0.000     0.000 r  
    Y19                                               0.000     0.000 r  eth_rxc (IN)
                         net (fo=0)                   0.000     0.000    eth_rxc
    Y19                  IBUF (Prop_ibuf_I_O)         0.454     0.454 r  eth_rxc_IBUF_inst/O
                         net (fo=2, routed)           0.731     1.185    u_eth/u_rgmii/u_rgmii_rx/rgmii_rxc
    BUFGCTRL_X0Y0        BUFG (Prop_bufg_I_O)         0.029     1.214 r  u_eth/u_rgmii/u_rgmii_rx/BUFG_inst/O
                         net (fo=2522, routed)        0.822     2.036    u_eth/u_lm/gmii_rx_clk
    SLICE_X49Y87         FDCE                                         r  u_eth/u_lm/ms_last32_reg[27]/C
                         clock pessimism             -0.253     1.783    
    SLICE_X49Y87         FDCE (Hold_fdce_C_D)         0.072     1.855    u_eth/u_lm/ms_last32_reg[27]
  -------------------------------------------------------------------
                         required time                         -1.855    
                         arrival time                           1.926    
  -------------------------------------------------------------------
                         slack                                  0.071    





Pulse Width Checks
--------------------------------------------------------------------------------------
Clock Name:         eth_rxc
Waveform(ns):       { 0.000 4.000 }
Period(ns):         8.000
Sources:            { eth_rxc }

Check Type        Corner  Lib Pin             Reference Pin  Required(ns)  Actual(ns)  Slack(ns)  Location      Pin
Min Period        n/a     RAMB18E1/CLKARDCLK  n/a            2.472         8.000       5.528      RAMB18_X5Y10  u_eth/u_icmp_fifo/mem_reg/CLKARDCLK
Low Pulse Width   Slow    FDCE/C              n/a            0.500         4.000       3.500      SLICE_X23Y24  u_eth/flush_pend_reg/C
High Pulse Width  Slow    FDCE/C              n/a            0.500         4.000       3.500      SLICE_X23Y24  u_eth/flush_pend_reg/C



---------------------------------------------------------------------------------------------------
From Clock:  sys_clk
  To Clock:  sys_clk

Setup :            0  Failing Endpoints,  Worst Slack       14.601ns,  Total Violation        0.000ns
Hold  :            0  Failing Endpoints,  Worst Slack        0.121ns,  Total Violation        0.000ns
PW    :            0  Failing Endpoints,  Worst Slack        7.000ns,  Total Violation        0.000ns
---------------------------------------------------------------------------------------------------


Max Delay Paths
--------------------------------------------------------------------------------------
Slack (MET) :             14.601ns  (required time - arrival time)
  Source:                 u_pl/sec_div_reg[20]/C
                            (rising edge-triggered cell FDCE clocked by sys_clk  {rise@0.000ns fall@10.000ns period=20.000ns})
  Destination:            u_pl/fps_q_reg[3]/CE
                            (rising edge-triggered cell FDCE clocked by sys_clk  {rise@0.000ns fall@10.000ns period=20.000ns})
  Path Group:             sys_clk
  Path Type:              Setup (Max at Slow Process Corner)
  Requirement:            20.000ns  (sys_clk rise@20.000ns - sys_clk rise@0.000ns)
  Data Path Delay:        5.078ns  (logic 0.902ns (17.763%)  route 4.176ns (82.238%))
  Logic Levels:           4  (LUT4=1 LUT5=1 LUT6=2)
  Clock Path Skew:        -0.150ns (DCD - SCD + CPR)
    Destination Clock Delay (DCD):    4.353ns = ( 24.353 - 20.000 ) 
    Source Clock Delay      (SCD):    4.761ns
    Clock Pessimism Removal (CPR):    0.258ns
  Clock Uncertainty:      0.035ns  ((TSJ^2 + TIJ^2)^1/2 + DJ) / 2 + PE
    Total System Jitter     (TSJ):    0.071ns
    Total Input Jitter      (TIJ):    0.000ns
    Discrete Jitter          (DJ):    0.000ns
    Phase Error              (PE):    0.000ns

    Location             Delay type                Incr(ns)  Path(ns)    Netlist Resource(s)
  -------------------------------------------------------------------    -------------------
                         (clock sys_clk rise edge)    0.000     0.000 r  
    W17                                               0.000     0.000 r  sys_clk (IN)
                         net (fo=0)                   0.000     0.000    sys_clk
    W17                  IBUF (Prop_ibuf_I_O)         1.415     1.415 r  sys_clk_IBUF_inst/O
                         net (fo=1, routed)           1.873     3.288    sys_clk_IBUF
    BUFGCTRL_X0Y4        BUFG (Prop_bufg_I_O)         0.085     3.373 r  sys_clk_IBUF_BUFG_inst/O
                         net (fo=155, routed)         1.388     4.761    u_pl/sys_clk_IBUF_BUFG
    SLICE_X49Y57         FDCE                                         r  u_pl/sec_div_reg[20]/C
  -------------------------------------------------------------------    -------------------
    SLICE_X49Y57         FDCE (Prop_fdce_C_Q)         0.348     5.109 r  u_pl/sec_div_reg[20]/Q
                         net (fo=2, routed)           0.846     5.955    u_pl/sec_div_reg_n_0_[20]
    SLICE_X49Y57         LUT4 (Prop_lut4_I3_O)        0.239     6.194 f  u_pl/sec_div[25]_i_8/O
                         net (fo=1, routed)           0.515     6.709    u_pl/sec_div[25]_i_8_n_0
    SLICE_X49Y56         LUT5 (Prop_lut5_I4_O)        0.105     6.814 f  u_pl/sec_div[25]_i_7/O
                         net (fo=1, routed)           0.663     7.477    u_pl/sec_div[25]_i_7_n_0
    SLICE_X49Y54         LUT6 (Prop_lut6_I5_O)        0.105     7.582 f  u_pl/sec_div[25]_i_4/O
                         net (fo=1, routed)           0.507     8.089    u_pl/sec_div[25]_i_4_n_0
    SLICE_X49Y53         LUT6 (Prop_lut6_I0_O)        0.105     8.194 r  u_pl/sec_div[25]_i_2/O
                         net (fo=42, routed)          1.645     9.839    u_pl/fps_q[0]
    SLICE_X50Y59         FDCE                                         r  u_pl/fps_q_reg[3]/CE
  -------------------------------------------------------------------    -------------------

                         (clock sys_clk rise edge)   20.000    20.000 r  
    W17                                               0.000    20.000 r  sys_clk (IN)
                         net (fo=0)                   0.000    20.000    sys_clk
    W17                  IBUF (Prop_ibuf_I_O)         1.349    21.349 r  sys_clk_IBUF_inst/O
                         net (fo=1, routed)           1.701    23.050    sys_clk_IBUF
    BUFGCTRL_X0Y4        BUFG (Prop_bufg_I_O)         0.077    23.127 r  sys_clk_IBUF_BUFG_inst/O
                         net (fo=155, routed)         1.226    24.353    u_pl/sys_clk_IBUF_BUFG
    SLICE_X50Y59         FDCE                                         r  u_pl/fps_q_reg[3]/C
                         clock pessimism              0.258    24.611    
                         clock uncertainty           -0.035    24.576    
    SLICE_X50Y59         FDCE (Setup_fdce_C_CE)      -0.136    24.440    u_pl/fps_q_reg[3]
  -------------------------------------------------------------------
                         required time                         24.440    
                         arrival time                          -9.839    
  -------------------------------------------------------------------
                         slack                                 14.601    





Min Delay Paths
--------------------------------------------------------------------------------------
Slack (MET) :             0.121ns  (arrival time - required time)
  Source:                 u_pl/vt0_reg/C
                            (rising edge-triggered cell FDRE clocked by sys_clk  {rise@0.000ns fall@10.000ns period=20.000ns})
  Destination:            u_pl/vt1_reg/D
                            (rising edge-triggered cell FDRE clocked by sys_clk  {rise@0.000ns fall@10.000ns period=20.000ns})
  Path Group:             sys_clk
  Path Type:              Hold (Min at Fast Process Corner)
  Requirement:            0.000ns  (sys_clk rise@0.000ns - sys_clk rise@0.000ns)
  Data Path Delay:        0.196ns  (logic 0.141ns (71.838%)  route 0.055ns (28.162%))
  Logic Levels:           0  
  Clock Path Skew:        0.000ns (DCD - SCD - CPR)
    Destination Clock Delay (DCD):    2.022ns
    Source Clock Delay      (SCD):    1.506ns
    Clock Pessimism Removal (CPR):    0.516ns

    Location             Delay type                Incr(ns)  Path(ns)    Netlist Resource(s)
  -------------------------------------------------------------------    -------------------
                         (clock sys_clk rise edge)    0.000     0.000 r  
    W17                                               0.000     0.000 r  sys_clk (IN)
                         net (fo=0)                   0.000     0.000    sys_clk
    W17                  IBUF (Prop_ibuf_I_O)         0.252     0.252 r  sys_clk_IBUF_inst/O
                         net (fo=1, routed)           0.674     0.926    sys_clk_IBUF
    BUFGCTRL_X0Y4        BUFG (Prop_bufg_I_O)         0.026     0.952 r  sys_clk_IBUF_BUFG_inst/O
                         net (fo=155, routed)         0.554     1.506    u_pl/sys_clk_IBUF_BUFG
    SLICE_X51Y56         FDRE                                         r  u_pl/vt0_reg/C
  -------------------------------------------------------------------    -------------------
    SLICE_X51Y56         FDRE (Prop_fdre_C_Q)         0.141     1.647 r  u_pl/vt0_reg/Q
                         net (fo=1, routed)           0.055     1.702    u_pl/vt0
    SLICE_X51Y56         FDRE                                         r  u_pl/vt1_reg/D
  -------------------------------------------------------------------    -------------------

                         (clock sys_clk rise edge)    0.000     0.000 r  
    W17                                               0.000     0.000 r  sys_clk (IN)
                         net (fo=0)                   0.000     0.000    sys_clk
    W17                  IBUF (Prop_ibuf_I_O)         0.440     0.440 r  sys_clk_IBUF_inst/O
                         net (fo=1, routed)           0.731     1.171    sys_clk_IBUF
    BUFGCTRL_X0Y4        BUFG (Prop_bufg_I_O)         0.029     1.200 r  sys_clk_IBUF_BUFG_inst/O
                         net (fo=155, routed)         0.822     2.022    u_pl/sys_clk_IBUF_BUFG
    SLICE_X51Y56         FDRE                                         r  u_pl/vt1_reg/C
                         clock pessimism             -0.516     1.506    
    SLICE_X51Y56         FDRE (Hold_fdre_C_D)         0.075     1.581    u_pl/vt1_reg
  -------------------------------------------------------------------
                         required time                         -1.581    
                         arrival time                           1.702    
  -------------------------------------------------------------------
                         slack                                  0.121    





Pulse Width Checks
--------------------------------------------------------------------------------------
Clock Name:         sys_clk
Waveform(ns):       { 0.000 10.000 }
Period(ns):         20.000
Sources:            { sys_clk }

Check Type        Corner  Lib Pin            Reference Pin  Required(ns)  Actual(ns)  Slack(ns)  Location         Pin
Min Period        n/a     BUFG/I             n/a            1.592         20.000      18.408     BUFGCTRL_X0Y4    sys_clk_IBUF_BUFG_inst/I
Max Period        n/a     MMCME2_ADV/CLKIN1  n/a            100.000       20.000      80.000     MMCME2_ADV_X0Y0  u_idelay_clkgen/u_mmcm/CLKIN1
Low Pulse Width   Slow    MMCME2_ADV/CLKIN1  n/a            3.000         10.000      7.000      MMCME2_ADV_X0Y0  u_idelay_clkgen/u_mmcm/CLKIN1
High Pulse Width  Slow    MMCME2_ADV/CLKIN1  n/a            3.000         10.000      7.000      MMCME2_ADV_X0Y0  u_idelay_clkgen/u_mmcm/CLKIN1



---------------------------------------------------------------------------------------------------
From Clock:  clkfbout
  To Clock:  clkfbout

Setup :           NA  Failing Endpoints,  Worst Slack           NA  ,  Total Violation           NA
Hold  :           NA  Failing Endpoints,  Worst Slack           NA  ,  Total Violation           NA
PW    :            0  Failing Endpoints,  Worst Slack       18.408ns,  Total Violation        0.000ns
---------------------------------------------------------------------------------------------------


Pulse Width Checks
--------------------------------------------------------------------------------------
Clock Name:         clkfbout
Waveform(ns):       { 0.000 10.000 }
Period(ns):         20.000
Sources:            { u_idelay_clkgen/u_mmcm/CLKFBOUT }

Check Type  Corner  Lib Pin             Reference Pin  Required(ns)  Actual(ns)  Slack(ns)  Location         Pin
Min Period  n/a     BUFG/I              n/a            1.592         20.000      18.408     BUFGCTRL_X0Y5    u_idelay_clkgen/u_bufg_fb/I
Max Period  n/a     MMCME2_ADV/CLKFBIN  n/a            100.000       20.000      80.000     MMCME2_ADV_X0Y0  u_idelay_clkgen/u_mmcm/CLKFBIN



---------------------------------------------------------------------------------------------------
From Clock:  clkfbout_1
  To Clock:  clkfbout_1

Setup :           NA  Failing Endpoints,  Worst Slack           NA  ,  Total Violation           NA
Hold  :           NA  Failing Endpoints,  Worst Slack           NA  ,  Total Violation           NA
PW    :            0  Failing Endpoints,  Worst Slack       18.408ns,  Total Violation        0.000ns
---------------------------------------------------------------------------------------------------


Pulse Width Checks
--------------------------------------------------------------------------------------
Clock Name:         clkfbout_1
Waveform(ns):       { 0.000 10.000 }
Period(ns):         20.000
Sources:            { u_pl/u_clk/u_mmcm/CLKFBOUT }

Check Type  Corner  Lib Pin             Reference Pin  Required(ns)  Actual(ns)  Slack(ns)  Location         Pin
Min Period  n/a     BUFG/I              n/a            1.592         20.000      18.408     BUFGCTRL_X0Y6    u_pl/u_clk/u_bufg_fb/I
Max Period  n/a     MMCME2_ADV/CLKFBIN  n/a            100.000       20.000      80.000     MMCME2_ADV_X1Y0  u_pl/u_clk/u_mmcm/CLKFBIN



---------------------------------------------------------------------------------------------------
From Clock:  clkout0_1
  To Clock:  clkout0_1

Setup :            0  Failing Endpoints,  Worst Slack        1.437ns,  Total Violation        0.000ns
Hold  :            0  Failing Endpoints,  Worst Slack        0.078ns,  Total Violation        0.000ns
PW    :            0  Failing Endpoints,  Worst Slack        8.870ns,  Total Violation        0.000ns
---------------------------------------------------------------------------------------------------


Max Delay Paths
--------------------------------------------------------------------------------------
Slack (MET) :             1.437ns  (required time - arrival time)
  Source:                 u_pl/x_d_reg[11][4]/C
                            (rising edge-triggered cell FDCE clocked by clkout0_1  {rise@0.000ns fall@10.000ns period=20.000ns})
  Destination:            u_pl/u_osd/b_reg[6]/D
                            (rising edge-triggered cell FDCE clocked by clkout0_1  {rise@0.000ns fall@10.000ns period=20.000ns})
  Path Group:             clkout0_1
  Path Type:              Setup (Max at Slow Process Corner)
  Requirement:            20.000ns  (clkout0_1 rise@20.000ns - clkout0_1 rise@0.000ns)
  Data Path Delay:        18.505ns  (logic 6.951ns (37.563%)  route 11.554ns (62.437%))
  Logic Levels:           25  (CARRY4=9 LUT2=1 LUT3=3 LUT4=4 LUT5=1 LUT6=7)
  Clock Path Skew:        0.004ns (DCD - SCD + CPR)
    Destination Clock Delay (DCD):    4.428ns = ( 24.428 - 20.000 ) 
    Source Clock Delay      (SCD):    4.766ns
    Clock Pessimism Removal (CPR):    0.342ns
  Clock Uncertainty:      0.094ns  ((TSJ^2 + DJ^2)^1/2) / 2 + PE
    Total System Jitter     (TSJ):    0.071ns
    Discrete Jitter          (DJ):    0.175ns
    Phase Error              (PE):    0.000ns

    Location             Delay type                Incr(ns)  Path(ns)    Netlist Resource(s)
  -------------------------------------------------------------------    -------------------
                         (clock clkout0_1 rise edge)
                                                      0.000     0.000 r  
    W17                                               0.000     0.000 r  sys_clk (IN)
                         net (fo=0)                   0.000     0.000    sys_clk
    W17                  IBUF (Prop_ibuf_I_O)         1.415     1.415 r  sys_clk_IBUF_inst/O
                         net (fo=1, routed)           1.873     3.288    sys_clk_IBUF
    BUFGCTRL_X0Y4        BUFG (Prop_bufg_I_O)         0.085     3.373 r  sys_clk_IBUF_BUFG_inst/O
                         net (fo=155, routed)         1.550     4.923    u_pl/u_clk/sys_clk_IBUF_BUFG
    MMCME2_ADV_X1Y0      MMCME2_ADV (Prop_mmcme2_adv_CLKIN1_CLKOUT0)
                                                     -3.232     1.691 r  u_pl/u_clk/u_mmcm/CLKOUT0
                         net (fo=1, routed)           1.597     3.288    u_pl/u_clk/clkout0
    BUFGCTRL_X0Y1        BUFG (Prop_bufg_I_O)         0.085     3.373 r  u_pl/u_clk/u_bufg_pix/O
                         net (fo=1304, routed)        1.393     4.766    u_pl/clk_pix
    SLICE_X53Y42         FDCE                                         r  u_pl/x_d_reg[11][4]/C
  -------------------------------------------------------------------    -------------------
    SLICE_X53Y42         FDCE (Prop_fdce_C_Q)         0.348     5.114 r  u_pl/x_d_reg[11][4]/Q
                         net (fo=6, routed)           0.433     5.547    u_pl/u_osd/r[7]_i_52_0
    SLICE_X53Y43         CARRY4 (Prop_carry4_DI[1]_CO[3])
                                                      0.555     6.102 r  u_pl/u_osd/r_reg[7]_i_38/CO[3]
                         net (fo=1, routed)           0.000     6.102    u_pl/u_osd/r_reg[7]_i_38_n_0
    SLICE_X53Y44         CARRY4 (Prop_carry4_CI_O[1])
                                                      0.265     6.367 f  u_pl/u_osd/g0_b4__2_i_129/O[1]
                         net (fo=20, routed)          0.580     6.947    u_pl/u_osd/lx[8]
    SLICE_X50Y45         LUT3 (Prop_lut3_I1_O)        0.270     7.217 r  u_pl/u_osd/g0_b4__2_i_253/O
                         net (fo=4, routed)           0.511     7.728    u_pl/u_osd/g0_b4__2_i_253_n_0
    SLICE_X51Y45         LUT4 (Prop_lut4_I3_O)        0.264     7.992 r  u_pl/u_osd/g0_b4__2_i_257/O
                         net (fo=1, routed)           0.000     7.992    u_pl/u_osd/g0_b4__2_i_257_n_0
    SLICE_X51Y45         CARRY4 (Prop_carry4_S[1]_CO[3])
                                                      0.457     8.449 r  u_pl/u_osd/g0_b4__2_i_202/CO[3]
                         net (fo=1, routed)           0.000     8.449    u_pl/u_osd/g0_b4__2_i_202_n_0
    SLICE_X51Y46         CARRY4 (Prop_carry4_CI_O[1])
                                                      0.265     8.714 r  u_pl/u_osd/g0_b4__2_i_201/O[1]
                         net (fo=2, routed)           0.781     9.494    u_pl/u_osd/g0_b4__2_i_201_n_6
    SLICE_X53Y46         LUT3 (Prop_lut3_I1_O)        0.260     9.754 r  u_pl/u_osd/g0_b4__2_i_151/O
                         net (fo=2, routed)           0.397    10.152    u_pl/u_osd/g0_b4__2_i_151_n_0
    SLICE_X52Y46         CARRY4 (Prop_carry4_DI[0]_CO[3])
                                                      0.606    10.758 r  u_pl/u_osd/g0_b4__2_i_68/CO[3]
                         net (fo=1, routed)           0.000    10.758    u_pl/u_osd/g0_b4__2_i_68_n_0
    SLICE_X52Y47         CARRY4 (Prop_carry4_CI_O[1])
                                                      0.265    11.023 r  u_pl/u_osd/g0_b4__2_i_128/O[1]
                         net (fo=3, routed)           0.487    11.510    u_pl/u_osd/g0_b4__2_i_128_n_6
    SLICE_X53Y48         LUT2 (Prop_lut2_I0_O)        0.250    11.760 r  u_pl/u_osd/g0_b4__2_i_204/O
                         net (fo=1, routed)           0.000    11.760    u_pl/u_osd/g0_b4__2_i_204_n_0
    SLICE_X53Y48         CARRY4 (Prop_carry4_S[1]_CO[3])
                                                      0.457    12.217 r  u_pl/u_osd/g0_b4__2_i_127/CO[3]
                         net (fo=1, routed)           0.000    12.217    u_pl/u_osd/g0_b4__2_i_127_n_0
    SLICE_X53Y49         CARRY4 (Prop_carry4_CI_O[0])
                                                      0.180    12.397 r  u_pl/u_osd/g0_b4__2_i_58/O[0]
                         net (fo=11, routed)          0.620    13.016    u_pl/u_osd/g0_b4__2_i_58_n_7
    SLICE_X52Y50         LUT4 (Prop_lut4_I2_O)        0.249    13.265 r  u_pl/u_osd/g0_b4__2_i_134/O
                         net (fo=1, routed)           0.000    13.265    u_pl/u_osd/g0_b4__2_i_134_n_0
    SLICE_X52Y50         CARRY4 (Prop_carry4_S[1]_CO[1])
                                                      0.408    13.673 r  u_pl/u_osd/g0_b4__2_i_60/CO[1]
                         net (fo=10, routed)          0.615    14.289    u_pl/u_osd/g0_b4__2_i_60_n_2
    SLICE_X52Y54         LUT4 (Prop_lut4_I3_O)        0.278    14.567 r  u_pl/u_osd/g0_b4__2_i_42/O
                         net (fo=39, routed)          1.127    15.693    u_pl/u_lm_x/g0_b4__2_i_64_0
    SLICE_X54Y70         LUT6 (Prop_lut6_I2_O)        0.267    15.960 r  u_pl/u_lm_x/g0_b4__2_i_107/O
                         net (fo=1, routed)           0.856    16.816    u_pl/u_lm_x/g0_b4__2_i_107_n_0
    SLICE_X52Y70         LUT6 (Prop_lut6_I0_O)        0.105    16.921 f  u_pl/u_lm_x/g0_b4__2_i_51/O
                         net (fo=1, routed)           0.525    17.446    u_pl/u_osd/g0_b4__2_i_7_0
    SLICE_X52Y61         LUT4 (Prop_lut4_I3_O)        0.105    17.551 r  u_pl/u_osd/g0_b4__2_i_18/O
                         net (fo=1, routed)           0.636    18.187    u_pl/u_osd/g0_b4__2_i_18_n_0
    SLICE_X52Y55         LUT6 (Prop_lut6_I2_O)        0.105    18.292 r  u_pl/u_osd/g0_b4__2_i_7/O
                         net (fo=5, routed)           0.637    18.929    u_pl/u_lm_x/g0_b1__2
    SLICE_X54Y55         LUT6 (Prop_lut6_I1_O)        0.105    19.034 r  u_pl/u_lm_x/g0_b4__2_i_1/O
                         net (fo=36, routed)          0.897    19.931    u_pl/u_osd/r[7]_i_5__0_0
    SLICE_X57Y52         LUT5 (Prop_lut5_I0_O)        0.121    20.052 f  u_pl/u_osd/g0_b0__1/O
                         net (fo=1, routed)           0.554    20.606    u_pl/u_osd/g0_b0__1_n_0
    SLICE_X57Y52         LUT3 (Prop_lut3_I1_O)        0.282    20.888 f  u_pl/u_osd/r_reg[7]_i_49/O
                         net (fo=1, routed)           0.467    21.355    u_pl/u_osd/r_reg[7]_i_49_n_0
    SLICE_X59Y51         LUT6 (Prop_lut6_I4_O)        0.274    21.629 r  u_pl/u_osd/r[7]_i_22/O
                         net (fo=1, routed)           0.636    22.265    u_pl/u_osd/r[7]_i_22_n_0
    SLICE_X59Y45         LUT6 (Prop_lut6_I1_O)        0.105    22.370 f  u_pl/u_osd/r[7]_i_6__0/O
                         net (fo=19, routed)          0.796    23.166    u_pl/u_osd/r[7]_i_6__0_n_0
    SLICE_X60Y39         LUT6 (Prop_lut6_I5_O)        0.105    23.271 r  u_pl/u_osd/b[6]_i_1__0/O
                         net (fo=1, routed)           0.000    23.271    u_pl/u_osd/b[6]_i_1__0_n_0
    SLICE_X60Y39         FDCE                                         r  u_pl/u_osd/b_reg[6]/D
  -------------------------------------------------------------------    -------------------

                         (clock clkout0_1 rise edge)
                                                     20.000    20.000 r  
    W17                                               0.000    20.000 r  sys_clk (IN)
                         net (fo=0)                   0.000    20.000    sys_clk
    W17                  IBUF (Prop_ibuf_I_O)         1.349    21.349 r  sys_clk_IBUF_inst/O
                         net (fo=1, routed)           1.701    23.050    sys_clk_IBUF
    BUFGCTRL_X0Y4        BUFG (Prop_bufg_I_O)         0.077    23.127 r  sys_clk_IBUF_BUFG_inst/O
                         net (fo=155, routed)         1.384    24.511    u_pl/u_clk/sys_clk_IBUF_BUFG
    MMCME2_ADV_X1Y0      MMCME2_ADV (Prop_mmcme2_adv_CLKIN1_CLKOUT0)
                                                     -2.915    21.596 r  u_pl/u_clk/u_mmcm/CLKOUT0
                         net (fo=1, routed)           1.454    23.050    u_pl/u_clk/clkout0
    BUFGCTRL_X0Y1        BUFG (Prop_bufg_I_O)         0.077    23.127 r  u_pl/u_clk/u_bufg_pix/O
                         net (fo=1304, routed)        1.301    24.428    u_pl/u_osd/clk_pix
    SLICE_X60Y39         FDCE                                         r  u_pl/u_osd/b_reg[6]/C
                         clock pessimism              0.342    24.770    
                         clock uncertainty           -0.094    24.676    
    SLICE_X60Y39         FDCE (Setup_fdce_C_D)        0.032    24.708    u_pl/u_osd/b_reg[6]
  -------------------------------------------------------------------
                         required time                         24.708    
                         arrival time                         -23.271    
  -------------------------------------------------------------------
                         slack                                  1.437    





Min Delay Paths
--------------------------------------------------------------------------------------
Slack (MET) :             0.078ns  (arrival time - required time)
  Source:                 u_pl/u_t/u_t/y_reg[10]/C
                            (rising edge-triggered cell FDCE clocked by clkout0_1  {rise@0.000ns fall@10.000ns period=20.000ns})
  Destination:            u_pl/y_d_reg[9][10]_srl10_u_pl_hs_d_reg_c_7/D
                            (rising edge-triggered cell SRL16E clocked by clkout0_1  {rise@0.000ns fall@10.000ns period=20.000ns})
  Path Group:             clkout0_1
  Path Type:              Hold (Min at Fast Process Corner)
  Requirement:            0.000ns  (clkout0_1 rise@0.000ns - clkout0_1 rise@0.000ns)
  Data Path Delay:        0.208ns  (logic 0.141ns (67.835%)  route 0.067ns (32.165%))
  Logic Levels:           0  
  Clock Path Skew:        0.013ns (DCD - SCD - CPR)
    Destination Clock Delay (DCD):    2.026ns
    Source Clock Delay      (SCD):    1.511ns
    Clock Pessimism Removal (CPR):    0.502ns

    Location             Delay type                Incr(ns)  Path(ns)    Netlist Resource(s)
  -------------------------------------------------------------------    -------------------
                         (clock clkout0_1 rise edge)
                                                      0.000     0.000 r  
    W17                                               0.000     0.000 r  sys_clk (IN)
                         net (fo=0)                   0.000     0.000    sys_clk
    W17                  IBUF (Prop_ibuf_I_O)         0.252     0.252 r  sys_clk_IBUF_inst/O
                         net (fo=1, routed)           0.674     0.926    sys_clk_IBUF
    BUFGCTRL_X0Y4        BUFG (Prop_bufg_I_O)         0.026     0.952 r  sys_clk_IBUF_BUFG_inst/O
                         net (fo=155, routed)         0.595     1.547    u_pl/u_clk/sys_clk_IBUF_BUFG
    MMCME2_ADV_X1Y0      MMCME2_ADV (Prop_mmcme2_adv_CLKIN1_CLKOUT0)
                                                     -1.150     0.397 r  u_pl/u_clk/u_mmcm/CLKOUT0
                         net (fo=1, routed)           0.529     0.926    u_pl/u_clk/clkout0
    BUFGCTRL_X0Y1        BUFG (Prop_bufg_I_O)         0.026     0.952 r  u_pl/u_clk/u_bufg_pix/O
                         net (fo=1304, routed)        0.559     1.511    u_pl/u_t/u_t/clk_pix
    SLICE_X47Y42         FDCE                                         r  u_pl/u_t/u_t/y_reg[10]/C
  -------------------------------------------------------------------    -------------------
    SLICE_X47Y42         FDCE (Prop_fdce_C_Q)         0.141     1.652 r  u_pl/u_t/u_t/y_reg[10]/Q
                         net (fo=7, routed)           0.067     1.719    u_pl/y[10]
    SLICE_X46Y42         SRL16E                                       r  u_pl/y_d_reg[9][10]_srl10_u_pl_hs_d_reg_c_7/D
  -------------------------------------------------------------------    -------------------

                         (clock clkout0_1 rise edge)
                                                      0.000     0.000 r  
    W17                                               0.000     0.000 r  sys_clk (IN)
                         net (fo=0)                   0.000     0.000    sys_clk
    W17                  IBUF (Prop_ibuf_I_O)         0.440     0.440 r  sys_clk_IBUF_inst/O
                         net (fo=1, routed)           0.731     1.171    sys_clk_IBUF
    BUFGCTRL_X0Y4        BUFG (Prop_bufg_I_O)         0.029     1.200 r  sys_clk_IBUF_BUFG_inst/O
                         net (fo=155, routed)         0.862     2.062    u_pl/u_clk/sys_clk_IBUF_BUFG
    MMCME2_ADV_X1Y0      MMCME2_ADV (Prop_mmcme2_adv_CLKIN1_CLKOUT0)
                                                     -1.467     0.595 r  u_pl/u_clk/u_mmcm/CLKOUT0
                         net (fo=1, routed)           0.576     1.171    u_pl/u_clk/clkout0
    BUFGCTRL_X0Y1        BUFG (Prop_bufg_I_O)         0.029     1.200 r  u_pl/u_clk/u_bufg_pix/O
                         net (fo=1304, routed)        0.826     2.026    u_pl/clk_pix
    SLICE_X46Y42         SRL16E                                       r  u_pl/y_d_reg[9][10]_srl10_u_pl_hs_d_reg_c_7/CLK
                         clock pessimism             -0.502     1.524    
    SLICE_X46Y42         SRL16E (Hold_srl16e_CLK_D)
                                                      0.117     1.641    u_pl/y_d_reg[9][10]_srl10_u_pl_hs_d_reg_c_7
  -------------------------------------------------------------------
                         required time                         -1.641    
                         arrival time                           1.719    
  -------------------------------------------------------------------
                         slack                                  0.078    





Pulse Width Checks
--------------------------------------------------------------------------------------
Clock Name:         clkout0_1
Waveform(ns):       { 0.000 10.000 }
Period(ns):         20.000
Sources:            { u_pl/u_clk/u_mmcm/CLKOUT0 }

Check Type        Corner  Lib Pin             Reference Pin  Required(ns)  Actual(ns)  Slack(ns)  Location         Pin
Min Period        n/a     DSP48E1/CLK         n/a            3.272         20.000      16.728     DSP48_X1Y18      u_pl/u_zmap/yr_m_reg/CLK
Max Period        n/a     MMCME2_ADV/CLKOUT0  n/a            213.360       20.000      193.360    MMCME2_ADV_X1Y0  u_pl/u_clk/u_mmcm/CLKOUT0
Low Pulse Width   Slow    RAMS64E/CLK         n/a            1.130         10.000      8.870      SLICE_X46Y23     u_pl/u_pipe/u_blur/lb1_reg_0_255_0_0/RAMS64E_A/CLK
High Pulse Width  Slow    RAMS64E/CLK         n/a            1.130         10.000      8.870      SLICE_X46Y23     u_pl/u_pipe/u_blur/lb1_reg_0_255_0_0/RAMS64E_A/CLK



---------------------------------------------------------------------------------------------------
From Clock:  clkout1_1
  To Clock:  clkout1_1

Setup :           NA  Failing Endpoints,  Worst Slack           NA  ,  Total Violation           NA
Hold  :           NA  Failing Endpoints,  Worst Slack           NA  ,  Total Violation           NA
PW    :            0  Failing Endpoints,  Worst Slack        2.408ns,  Total Violation        0.000ns
---------------------------------------------------------------------------------------------------


Pulse Width Checks
--------------------------------------------------------------------------------------
Clock Name:         clkout1_1
Waveform(ns):       { 0.000 2.000 }
Period(ns):         4.000
Sources:            { u_pl/u_clk/u_mmcm/CLKOUT1 }

Check Type  Corner  Lib Pin             Reference Pin  Required(ns)  Actual(ns)  Slack(ns)  Location         Pin
Min Period  n/a     BUFG/I              n/a            1.592         4.000       2.408      BUFGCTRL_X0Y2    u_pl/u_clk/u_bufg_5x/I
Max Period  n/a     MMCME2_ADV/CLKOUT1  n/a            213.360       4.000       209.360    MMCME2_ADV_X1Y0  u_pl/u_clk/u_mmcm/CLKOUT1



---------------------------------------------------------------------------------------------------
From Clock:  clkout2
  To Clock:  clkout2

Setup :           NA  Failing Endpoints,  Worst Slack           NA  ,  Total Violation           NA
Hold  :           NA  Failing Endpoints,  Worst Slack           NA  ,  Total Violation           NA
PW    :            0  Failing Endpoints,  Worst Slack        0.264ns,  Total Violation        0.000ns
---------------------------------------------------------------------------------------------------


Pulse Width Checks
--------------------------------------------------------------------------------------
Clock Name:         clkout2
Waveform(ns):       { 0.000 2.500 }
Period(ns):         5.000
Sources:            { u_idelay_clkgen/u_mmcm/CLKOUT2 }

Check Type  Corner  Lib Pin            Reference Pin  Required(ns)  Actual(ns)  Slack(ns)  Location         Pin
Min Period  n/a     IDELAYCTRL/REFCLK  n/a            2.438         5.000       2.562      IDELAYCTRL_X1Y0  u_eth/u_rgmii/u_rgmii_rx/IDELAYCTRL_inst/REFCLK
Max Period  n/a     IDELAYCTRL/REFCLK  n/a            5.264         5.000       0.264      IDELAYCTRL_X1Y0  u_eth/u_rgmii/u_rgmii_rx/IDELAYCTRL_inst/REFCLK



---------------------------------------------------------------------------------------------------
From Clock:  clkout0_1
  To Clock:  sys_clk

Setup :            0  Failing Endpoints,  Worst Slack       17.333ns,  Total Violation        0.000ns
Hold  :            0  Failing Endpoints,  Worst Slack        0.226ns,  Total Violation        0.000ns
---------------------------------------------------------------------------------------------------


Max Delay Paths
--------------------------------------------------------------------------------------
Slack (MET) :             17.333ns  (required time - arrival time)
  Source:                 u_pl/vs_pix_d0_reg/C
                            (rising edge-triggered cell FDRE clocked by clkout0_1  {rise@0.000ns fall@10.000ns period=20.000ns})
  Destination:            u_pl/vt0_reg/D
                            (rising edge-triggered cell FDRE clocked by sys_clk  {rise@0.000ns fall@10.000ns period=20.000ns})
  Path Group:             sys_clk
  Path Type:              Setup (Max at Slow Process Corner)
  Requirement:            20.000ns  (sys_clk rise@20.000ns - clkout0_1 rise@0.000ns)
  Data Path Delay:        2.174ns  (logic 0.538ns (24.744%)  route 1.636ns (75.257%))
  Logic Levels:           1  (LUT2=1)
  Clock Path Skew:        -0.153ns (DCD - SCD + CPR)
    Destination Clock Delay (DCD):    4.354ns = ( 24.354 - 20.000 ) 
    Source Clock Delay      (SCD):    4.753ns
    Clock Pessimism Removal (CPR):    0.246ns
  Clock Uncertainty:      0.259ns  ((TSJ^2 + DJ^2)^1/2) / 2 + PE
    Total System Jitter     (TSJ):    0.071ns
    Discrete Jitter          (DJ):    0.175ns
    Phase Error              (PE):    0.165ns

    Location             Delay type                Incr(ns)  Path(ns)    Netlist Resource(s)
  -------------------------------------------------------------------    -------------------
                         (clock clkout0_1 rise edge)
                                                      0.000     0.000 r  
    W17                                               0.000     0.000 r  sys_clk (IN)
                         net (fo=0)                   0.000     0.000    sys_clk
    W17                  IBUF (Prop_ibuf_I_O)         1.415     1.415 r  sys_clk_IBUF_inst/O
                         net (fo=1, routed)           1.873     3.288    sys_clk_IBUF
    BUFGCTRL_X0Y4        BUFG (Prop_bufg_I_O)         0.085     3.373 r  sys_clk_IBUF_BUFG_inst/O
                         net (fo=155, routed)         1.550     4.923    u_pl/u_clk/sys_clk_IBUF_BUFG
    MMCME2_ADV_X1Y0      MMCME2_ADV (Prop_mmcme2_adv_CLKIN1_CLKOUT0)
                                                     -3.232     1.691 r  u_pl/u_clk/u_mmcm/CLKOUT0
                         net (fo=1, routed)           1.597     3.288    u_pl/u_clk/clkout0
    BUFGCTRL_X0Y1        BUFG (Prop_bufg_I_O)         0.085     3.373 r  u_pl/u_clk/u_bufg_pix/O
                         net (fo=1304, routed)        1.380     4.753    u_pl/clk_pix
    SLICE_X50Y50         FDRE                                         r  u_pl/vs_pix_d0_reg/C
  -------------------------------------------------------------------    -------------------
    SLICE_X50Y50         FDRE (Prop_fdre_C_Q)         0.433     5.186 r  u_pl/vs_pix_d0_reg/Q
                         net (fo=2, routed)           0.860     6.046    u_pl/vs_pix_d0
    SLICE_X50Y58         LUT2 (Prop_lut2_I0_O)        0.105     6.151 r  u_pl/vt0_i_1/O
                         net (fo=1, routed)           0.777     6.927    u_pl/vs_tick
    SLICE_X51Y56         FDRE                                         r  u_pl/vt0_reg/D
  -------------------------------------------------------------------    -------------------

                         (clock sys_clk rise edge)   20.000    20.000 r  
    W17                                               0.000    20.000 r  sys_clk (IN)
                         net (fo=0)                   0.000    20.000    sys_clk
    W17                  IBUF (Prop_ibuf_I_O)         1.349    21.349 r  sys_clk_IBUF_inst/O
                         net (fo=1, routed)           1.701    23.050    sys_clk_IBUF
    BUFGCTRL_X0Y4        BUFG (Prop_bufg_I_O)         0.077    23.127 r  sys_clk_IBUF_BUFG_inst/O
                         net (fo=155, routed)         1.227    24.354    u_pl/sys_clk_IBUF_BUFG
    SLICE_X51Y56         FDRE                                         r  u_pl/vt0_reg/C
                         clock pessimism              0.246    24.600    
                         clock uncertainty           -0.259    24.341    
    SLICE_X51Y56         FDRE (Setup_fdre_C_D)       -0.081    24.260    u_pl/vt0_reg
  -------------------------------------------------------------------
                         required time                         24.260    
                         arrival time                          -6.927    
  -------------------------------------------------------------------
                         slack                                 17.333    





Min Delay Paths
--------------------------------------------------------------------------------------
Slack (MET) :             0.226ns  (arrival time - required time)
  Source:                 u_pl/vs_pix_d1_reg/C
                            (rising edge-triggered cell FDRE clocked by clkout0_1  {rise@0.000ns fall@10.000ns period=20.000ns})
  Destination:            u_pl/vt0_reg/D
                            (rising edge-triggered cell FDRE clocked by sys_clk  {rise@0.000ns fall@10.000ns period=20.000ns})
  Path Group:             sys_clk
  Path Type:              Hold (Min at Fast Process Corner)
  Requirement:            0.000ns  (sys_clk rise@0.000ns - clkout0_1 rise@0.000ns)
  Data Path Delay:        0.814ns  (logic 0.209ns (25.674%)  route 0.605ns (74.326%))
  Logic Levels:           1  (LUT2=1)
  Clock Path Skew:        0.269ns (DCD - SCD - CPR)
    Destination Clock Delay (DCD):    2.022ns
    Source Clock Delay      (SCD):    1.505ns
    Clock Pessimism Removal (CPR):    0.248ns
  Clock Uncertainty:      0.259ns  ((TSJ^2 + DJ^2)^1/2) / 2 + PE
    Total System Jitter     (TSJ):    0.071ns
    Discrete Jitter          (DJ):    0.175ns
    Phase Error              (PE):    0.165ns

    Location             Delay type                Incr(ns)  Path(ns)    Netlist Resource(s)
  -------------------------------------------------------------------    -------------------
                         (clock clkout0_1 rise edge)
                                                      0.000     0.000 r  
    W17                                               0.000     0.000 r  sys_clk (IN)
                         net (fo=0)                   0.000     0.000    sys_clk
    W17                  IBUF (Prop_ibuf_I_O)         0.252     0.252 r  sys_clk_IBUF_inst/O
                         net (fo=1, routed)           0.674     0.926    sys_clk_IBUF
    BUFGCTRL_X0Y4        BUFG (Prop_bufg_I_O)         0.026     0.952 r  sys_clk_IBUF_BUFG_inst/O
                         net (fo=155, routed)         0.595     1.547    u_pl/u_clk/sys_clk_IBUF_BUFG
    MMCME2_ADV_X1Y0      MMCME2_ADV (Prop_mmcme2_adv_CLKIN1_CLKOUT0)
                                                     -1.150     0.397 r  u_pl/u_clk/u_mmcm/CLKOUT0
                         net (fo=1, routed)           0.529     0.926    u_pl/u_clk/clkout0
    BUFGCTRL_X0Y1        BUFG (Prop_bufg_I_O)         0.026     0.952 r  u_pl/u_clk/u_bufg_pix/O
                         net (fo=1304, routed)        0.553     1.505    u_pl/clk_pix
    SLICE_X50Y58         FDRE                                         r  u_pl/vs_pix_d1_reg/C
  -------------------------------------------------------------------    -------------------
    SLICE_X50Y58         FDRE (Prop_fdre_C_Q)         0.164     1.669 f  u_pl/vs_pix_d1_reg/Q
                         net (fo=1, routed)           0.286     1.955    u_pl/vs_pix_d1
    SLICE_X50Y58         LUT2 (Prop_lut2_I1_O)        0.045     2.000 r  u_pl/vt0_i_1/O
                         net (fo=1, routed)           0.319     2.319    u_pl/vs_tick
    SLICE_X51Y56         FDRE                                         r  u_pl/vt0_reg/D
  -------------------------------------------------------------------    -------------------

                         (clock sys_clk rise edge)    0.000     0.000 r  
    W17                                               0.000     0.000 r  sys_clk (IN)
                         net (fo=0)                   0.000     0.000    sys_clk
    W17                  IBUF (Prop_ibuf_I_O)         0.440     0.440 r  sys_clk_IBUF_inst/O
                         net (fo=1, routed)           0.731     1.171    sys_clk_IBUF
    BUFGCTRL_X0Y4        BUFG (Prop_bufg_I_O)         0.029     1.200 r  sys_clk_IBUF_BUFG_inst/O
                         net (fo=155, routed)         0.822     2.022    u_pl/sys_clk_IBUF_BUFG
    SLICE_X51Y56         FDRE                                         r  u_pl/vt0_reg/C
                         clock pessimism             -0.248     1.774    
                         clock uncertainty            0.259     2.033    
    SLICE_X51Y56         FDRE (Hold_fdre_C_D)         0.059     2.092    u_pl/vt0_reg
  -------------------------------------------------------------------
                         required time                         -2.092    
                         arrival time                           2.319    
  -------------------------------------------------------------------
                         slack                                  0.226    





---------------------------------------------------------------------------------------------------
From Clock:  sys_clk
  To Clock:  clkout0_1

Setup :            0  Failing Endpoints,  Worst Slack        7.535ns,  Total Violation        0.000ns
Hold  :            0  Failing Endpoints,  Worst Slack        0.357ns,  Total Violation        0.000ns
---------------------------------------------------------------------------------------------------


Max Delay Paths
--------------------------------------------------------------------------------------
Slack (MET) :             7.535ns  (required time - arrival time)
  Source:                 u_pl/u_ang/angle_reg[2]/C
                            (rising edge-triggered cell FDRE clocked by sys_clk  {rise@0.000ns fall@10.000ns period=20.000ns})
  Destination:            u_pl/u_osd/b_reg[6]/D
                            (rising edge-triggered cell FDCE clocked by clkout0_1  {rise@0.000ns fall@10.000ns period=20.000ns})
  Path Group:             clkout0_1
  Path Type:              Setup (Max at Slow Process Corner)
  Requirement:            20.000ns  (clkout0_1 rise@20.000ns - sys_clk rise@0.000ns)
  Data Path Delay:        12.133ns  (logic 3.638ns (29.985%)  route 8.495ns (70.015%))
  Logic Levels:           17  (CARRY4=4 LUT2=1 LUT3=2 LUT5=3 LUT6=7)
  Clock Path Skew:        -0.105ns (DCD - SCD + CPR)
    Destination Clock Delay (DCD):    4.428ns = ( 24.428 - 20.000 ) 
    Source Clock Delay      (SCD):    4.779ns
    Clock Pessimism Removal (CPR):    0.246ns
  Clock Uncertainty:      0.259ns  ((TSJ^2 + DJ^2)^1/2) / 2 + PE
    Total System Jitter     (TSJ):    0.071ns
    Discrete Jitter          (DJ):    0.175ns
    Phase Error              (PE):    0.165ns

    Location             Delay type                Incr(ns)  Path(ns)    Netlist Resource(s)
  -------------------------------------------------------------------    -------------------
                         (clock sys_clk rise edge)    0.000     0.000 r  
    W17                                               0.000     0.000 r  sys_clk (IN)
                         net (fo=0)                   0.000     0.000    sys_clk
    W17                  IBUF (Prop_ibuf_I_O)         1.415     1.415 r  sys_clk_IBUF_inst/O
                         net (fo=1, routed)           1.873     3.288    sys_clk_IBUF
    BUFGCTRL_X0Y4        BUFG (Prop_bufg_I_O)         0.085     3.373 r  sys_clk_IBUF_BUFG_inst/O
                         net (fo=155, routed)         1.406     4.779    u_pl/u_ang/sys_clk_IBUF_BUFG
    SLICE_X43Y45         FDRE                                         r  u_pl/u_ang/angle_reg[2]/C
  -------------------------------------------------------------------    -------------------
    SLICE_X43Y45         FDRE (Prop_fdre_C_Q)         0.379     5.158 r  u_pl/u_ang/angle_reg[2]/Q
                         net (fo=118, routed)         0.950     6.108    u_pl/u_ang/angle_reg[2]_1
    SLICE_X50Y50         LUT2 (Prop_lut2_I1_O)        0.105     6.213 r  u_pl/u_ang/g0_b4__2_i_305/O
                         net (fo=1, routed)           0.000     6.213    u_pl/u_ang/g0_b4__2_i_305_n_0
    SLICE_X50Y50         CARRY4 (Prop_carry4_S[3]_CO[3])
                                                      0.314     6.527 r  u_pl/u_ang/g0_b4__2_i_270/CO[3]
                         net (fo=1, routed)           0.000     6.527    u_pl/u_ang/g0_b4__2_i_270_n_0
    SLICE_X50Y51         CARRY4 (Prop_carry4_CI_CO[3])
                                                      0.100     6.627 r  u_pl/u_ang/g0_b4__2_i_224/CO[3]
                         net (fo=1, routed)           0.000     6.627    u_pl/u_ang/g0_b4__2_i_224_n_0
    SLICE_X50Y52         CARRY4 (Prop_carry4_CI_O[0])
                                                      0.178     6.805 r  u_pl/u_ang/g0_b4__2_i_142/O[0]
                         net (fo=14, routed)          0.738     7.543    u_pl/u_ang/g0_b4__2_i_142_n_7
    SLICE_X49Y52         LUT3 (Prop_lut3_I1_O)        0.252     7.795 r  u_pl/u_ang/g0_b4__2_i_238/O
                         net (fo=2, routed)           0.695     8.490    u_pl/u_ang/g0_b4__2_i_238_n_0
    SLICE_X49Y52         LUT5 (Prop_lut5_I0_O)        0.267     8.757 r  u_pl/u_ang/g0_b4__2_i_241/O
                         net (fo=1, routed)           0.000     8.757    u_pl/u_ang/g0_b4__2_i_241_n_0
    SLICE_X49Y52         CARRY4 (Prop_carry4_S[1]_CO[2])
                                                      0.475     9.232 r  u_pl/u_ang/g0_b4__2_i_185/CO[2]
                         net (fo=2, routed)           0.326     9.558    u_pl/u_ang/g0_b4__2_i_185_n_1
    SLICE_X51Y52         LUT5 (Prop_lut5_I0_O)        0.261     9.819 r  u_pl/u_ang/g0_b4__2_i_110/O
                         net (fo=1, routed)           0.510    10.329    u_pl/u_ang/g0_b4__2_i_110_n_0
    SLICE_X51Y53         LUT6 (Prop_lut6_I1_O)        0.105    10.434 f  u_pl/u_ang/g0_b4__2_i_53/O
                         net (fo=1, routed)           0.779    11.213    u_pl/u_ang/g0_b4__2_i_53_n_0
    SLICE_X52Y56         LUT6 (Prop_lut6_I1_O)        0.105    11.318 f  u_pl/u_ang/g0_b4__2_i_19/O
                         net (fo=1, routed)           0.510    11.828    u_pl/u_osd/g0_b4__2_i_1_4
    SLICE_X52Y55         LUT6 (Prop_lut6_I3_O)        0.105    11.933 r  u_pl/u_osd/g0_b4__2_i_7/O
                         net (fo=5, routed)           0.637    12.570    u_pl/u_lm_x/g0_b1__2
    SLICE_X54Y55         LUT6 (Prop_lut6_I1_O)        0.105    12.675 r  u_pl/u_lm_x/g0_b4__2_i_1/O
                         net (fo=36, routed)          0.897    13.572    u_pl/u_osd/r[7]_i_5__0_0
    SLICE_X57Y52         LUT5 (Prop_lut5_I0_O)        0.121    13.693 f  u_pl/u_osd/g0_b0__1/O
                         net (fo=1, routed)           0.554    14.247    u_pl/u_osd/g0_b0__1_n_0
    SLICE_X57Y52         LUT3 (Prop_lut3_I1_O)        0.282    14.529 f  u_pl/u_osd/r_reg[7]_i_49/O
                         net (fo=1, routed)           0.467    14.996    u_pl/u_osd/r_reg[7]_i_49_n_0
    SLICE_X59Y51         LUT6 (Prop_lut6_I4_O)        0.274    15.270 r  u_pl/u_osd/r[7]_i_22/O
                         net (fo=1, routed)           0.636    15.906    u_pl/u_osd/r[7]_i_22_n_0
    SLICE_X59Y45         LUT6 (Prop_lut6_I1_O)        0.105    16.011 f  u_pl/u_osd/r[7]_i_6__0/O
                         net (fo=19, routed)          0.796    16.807    u_pl/u_osd/r[7]_i_6__0_n_0
    SLICE_X60Y39         LUT6 (Prop_lut6_I5_O)        0.105    16.912 r  u_pl/u_osd/b[6]_i_1__0/O
                         net (fo=1, routed)           0.000    16.912    u_pl/u_osd/b[6]_i_1__0_n_0
    SLICE_X60Y39         FDCE                                         r  u_pl/u_osd/b_reg[6]/D
  -------------------------------------------------------------------    -------------------

                         (clock clkout0_1 rise edge)
                                                     20.000    20.000 r  
    W17                                               0.000    20.000 r  sys_clk (IN)
                         net (fo=0)                   0.000    20.000    sys_clk
    W17                  IBUF (Prop_ibuf_I_O)         1.349    21.349 r  sys_clk_IBUF_inst/O
                         net (fo=1, routed)           1.701    23.050    sys_clk_IBUF
    BUFGCTRL_X0Y4        BUFG (Prop_bufg_I_O)         0.077    23.127 r  sys_clk_IBUF_BUFG_inst/O
                         net (fo=155, routed)         1.384    24.511    u_pl/u_clk/sys_clk_IBUF_BUFG
    MMCME2_ADV_X1Y0      MMCME2_ADV (Prop_mmcme2_adv_CLKIN1_CLKOUT0)
                                                     -2.915    21.596 r  u_pl/u_clk/u_mmcm/CLKOUT0
                         net (fo=1, routed)           1.454    23.050    u_pl/u_clk/clkout0
    BUFGCTRL_X0Y1        BUFG (Prop_bufg_I_O)         0.077    23.127 r  u_pl/u_clk/u_bufg_pix/O
                         net (fo=1304, routed)        1.301    24.428    u_pl/u_osd/clk_pix
    SLICE_X60Y39         FDCE                                         r  u_pl/u_osd/b_reg[6]/C
                         clock pessimism              0.246    24.674    
                         clock uncertainty           -0.259    24.415    
    SLICE_X60Y39         FDCE (Setup_fdce_C_D)        0.032    24.447    u_pl/u_osd/b_reg[6]
  -------------------------------------------------------------------
                         required time                         24.447    
                         arrival time                         -16.912    
  -------------------------------------------------------------------
                         slack                                  7.535    





Min Delay Paths
--------------------------------------------------------------------------------------
Slack (MET) :             0.357ns  (arrival time - required time)
  Source:                 u_pl/u_ang/angle_reg[8]/C
                            (rising edge-triggered cell FDRE clocked by sys_clk  {rise@0.000ns fall@10.000ns period=20.000ns})
  Destination:            u_pl/u_zmap/rot_s0_reg/D
                            (rising edge-triggered cell FDRE clocked by clkout0_1  {rise@0.000ns fall@10.000ns period=20.000ns})
  Path Group:             clkout0_1
  Path Type:              Hold (Min at Fast Process Corner)
  Requirement:            0.000ns  (clkout0_1 rise@0.000ns - sys_clk rise@0.000ns)
  Data Path Delay:        0.892ns  (logic 0.185ns (20.745%)  route 0.707ns (79.255%))
  Logic Levels:           1  (LUT4=1)
  Clock Path Skew:        0.266ns (DCD - SCD - CPR)
    Destination Clock Delay (DCD):    2.026ns
    Source Clock Delay      (SCD):    1.512ns
    Clock Pessimism Removal (CPR):    0.248ns
  Clock Uncertainty:      0.259ns  ((TSJ^2 + DJ^2)^1/2) / 2 + PE
    Total System Jitter     (TSJ):    0.071ns
    Discrete Jitter          (DJ):    0.175ns
    Phase Error              (PE):    0.165ns

    Location             Delay type                Incr(ns)  Path(ns)    Netlist Resource(s)
  -------------------------------------------------------------------    -------------------
                         (clock sys_clk rise edge)    0.000     0.000 r  
    W17                                               0.000     0.000 r  sys_clk (IN)
                         net (fo=0)                   0.000     0.000    sys_clk
    W17                  IBUF (Prop_ibuf_I_O)         0.252     0.252 r  sys_clk_IBUF_inst/O
                         net (fo=1, routed)           0.674     0.926    sys_clk_IBUF
    BUFGCTRL_X0Y4        BUFG (Prop_bufg_I_O)         0.026     0.952 r  sys_clk_IBUF_BUFG_inst/O
                         net (fo=155, routed)         0.560     1.512    u_pl/u_ang/sys_clk_IBUF_BUFG
    SLICE_X41Y45         FDRE                                         r  u_pl/u_ang/angle_reg[8]/C
  -------------------------------------------------------------------    -------------------
    SLICE_X41Y45         FDRE (Prop_fdre_C_Q)         0.141     1.653 r  u_pl/u_ang/angle_reg[8]/Q
                         net (fo=41, routed)          0.310     1.962    u_pl/u_ang/angle_reg[8]_0
    SLICE_X41Y45         LUT4 (Prop_lut4_I0_O)        0.044     2.006 r  u_pl/u_ang/rot_s0_i_1/O
                         net (fo=1, routed)           0.397     2.403    u_pl/u_zmap/rotate_en
    SLICE_X39Y42         FDRE                                         r  u_pl/u_zmap/rot_s0_reg/D
  -------------------------------------------------------------------    -------------------

                         (clock clkout0_1 rise edge)
                                                      0.000     0.000 r  
    W17                                               0.000     0.000 r  sys_clk (IN)
                         net (fo=0)                   0.000     0.000    sys_clk
    W17                  IBUF (Prop_ibuf_I_O)         0.440     0.440 r  sys_clk_IBUF_inst/O
                         net (fo=1, routed)           0.731     1.171    sys_clk_IBUF
    BUFGCTRL_X0Y4        BUFG (Prop_bufg_I_O)         0.029     1.200 r  sys_clk_IBUF_BUFG_inst/O
                         net (fo=155, routed)         0.862     2.062    u_pl/u_clk/sys_clk_IBUF_BUFG
    MMCME2_ADV_X1Y0      MMCME2_ADV (Prop_mmcme2_adv_CLKIN1_CLKOUT0)
                                                     -1.467     0.595 r  u_pl/u_clk/u_mmcm/CLKOUT0
                         net (fo=1, routed)           0.576     1.171    u_pl/u_clk/clkout0
    BUFGCTRL_X0Y1        BUFG (Prop_bufg_I_O)         0.029     1.200 r  u_pl/u_clk/u_bufg_pix/O
                         net (fo=1304, routed)        0.826     2.026    u_pl/u_zmap/clk_pix
    SLICE_X39Y42         FDRE                                         r  u_pl/u_zmap/rot_s0_reg/C
                         clock pessimism             -0.248     1.778    
                         clock uncertainty            0.259     2.037    
    SLICE_X39Y42         FDRE (Hold_fdre_C_D)         0.009     2.046    u_pl/u_zmap/rot_s0_reg
  -------------------------------------------------------------------
                         required time                         -2.046    
                         arrival time                           2.403    
  -------------------------------------------------------------------
                         slack                                  0.357    





