Copyright 1986-2022 Xilinx, Inc. All Rights Reserved. Copyright 2022-2026 Advanced Micro Devices, Inc. All Rights Reserved.
----------------------------------------------------------------------------------------------------------------------------------------------------------------------------------------------------
| Tool Version : Vivado v.2025.2.1 (win64) Build 6403652 Thu Mar 19 19:48:24 GMT 2026
| Date         : Sat Oct  3 17:56:42 2026
| Host         : Uie-laptop running 64-bit major release  (build 9200)
| Command      : report_timing -delay_type min -nworst 1 -max_paths 1 -from clkout0_1 -to clkout0_1 -file D:/Xilinx/Prj/pro/Video_Processing/build/evidence/r114_sweepB/rt_tap13_clkout0_1_hold.rpt
| Design       : system_top
| Device       : 7z020-clg484
| Speed File   : -2  PRODUCTION 1.12 2019-11-22
| Design State : Routed
----------------------------------------------------------------------------------------------------------------------------------------------------------------------------------------------------

Timing Report

Slack (MET) :             0.064ns  (arrival time - required time)
  Source:                 u_pl/u_pipe/xd_reg[8][1]_rep__1/C
                            (rising edge-triggered cell FDCE clocked by clkout0_1  {rise@0.000ns fall@10.000ns period=20.000ns})
  Destination:            u_pl/u_sobel/lb0_reg_768_831_0_2/RAMA/WADR1
                            (rising edge-triggered cell RAMD64E clocked by clkout0_1  {rise@0.000ns fall@10.000ns period=20.000ns})
  Path Group:             clkout0_1
  Path Type:              Hold (Min at Fast Process Corner)
  Requirement:            0.000ns  (clkout0_1 rise@0.000ns - clkout0_1 rise@0.000ns)
  Data Path Delay:        0.404ns  (logic 0.141ns (34.934%)  route 0.263ns (65.067%))
  Logic Levels:           0  
  Clock Path Skew:        0.031ns (DCD - SCD - CPR)
    Destination Clock Delay (DCD):    2.021ns
    Source Clock Delay      (SCD):    1.508ns
    Clock Pessimism Removal (CPR):    0.482ns

    Location             Delay type                Incr(ns)  Path(ns)    Netlist Resource(s)
  -------------------------------------------------------------------    -------------------
                         (clock clkout0_1 rise edge)
                                                      0.000     0.000 r  
    W17                                               0.000     0.000 r  sys_clk (IN)
                         net (fo=0)                   0.000     0.000    sys_clk
    W17                  IBUF (Prop_ibuf_I_O)         0.252     0.252 r  sys_clk_IBUF_inst/O
                         net (fo=1, routed)           0.674     0.926    sys_clk_IBUF
    BUFGCTRL_X0Y4        BUFG (Prop_bufg_I_O)         0.026     0.952 r  sys_clk_IBUF_BUFG_inst/O
                         net (fo=186, routed)         0.595     1.547    u_pl/u_clk/sys_clk_IBUF_BUFG
    MMCME2_ADV_X1Y0      MMCME2_ADV (Prop_mmcme2_adv_CLKIN1_CLKOUT0)
                                                     -1.150     0.397 r  u_pl/u_clk/u_mmcm/CLKOUT0
                         net (fo=1, routed)           0.529     0.926    u_pl/u_clk/clkout0
    BUFGCTRL_X0Y0        BUFG (Prop_bufg_I_O)         0.026     0.952 r  u_pl/u_clk/u_bufg_pix/O
                         net (fo=5515, routed)        0.556     1.508    u_pl/u_pipe/clk_pix
    SLICE_X35Y65         FDCE                                         r  u_pl/u_pipe/xd_reg[8][1]_rep__1/C
  -------------------------------------------------------------------    -------------------
    SLICE_X35Y65         FDCE (Prop_fdce_C_Q)         0.141     1.649 r  u_pl/u_pipe/xd_reg[8][1]_rep__1/Q
                         net (fo=224, routed)         0.263     1.911    u_pl/u_sobel/lb0_reg_768_831_0_2/ADDRD1
    SLICE_X32Y65         RAMD64E                                      r  u_pl/u_sobel/lb0_reg_768_831_0_2/RAMA/WADR1
  -------------------------------------------------------------------    -------------------

                         (clock clkout0_1 rise edge)
                                                      0.000     0.000 r  
    W17                                               0.000     0.000 r  sys_clk (IN)
                         net (fo=0)                   0.000     0.000    sys_clk
    W17                  IBUF (Prop_ibuf_I_O)         0.440     0.440 r  sys_clk_IBUF_inst/O
                         net (fo=1, routed)           0.731     1.171    sys_clk_IBUF
    BUFGCTRL_X0Y4        BUFG (Prop_bufg_I_O)         0.029     1.200 r  sys_clk_IBUF_BUFG_inst/O
                         net (fo=186, routed)         0.862     2.062    u_pl/u_clk/sys_clk_IBUF_BUFG
    MMCME2_ADV_X1Y0      MMCME2_ADV (Prop_mmcme2_adv_CLKIN1_CLKOUT0)
                                                     -1.467     0.595 r  u_pl/u_clk/u_mmcm/CLKOUT0
                         net (fo=1, routed)           0.576     1.171    u_pl/u_clk/clkout0
    BUFGCTRL_X0Y0        BUFG (Prop_bufg_I_O)         0.029     1.200 r  u_pl/u_clk/u_bufg_pix/O
                         net (fo=5515, routed)        0.821     2.021    u_pl/u_sobel/lb0_reg_768_831_0_2/WCLK
    SLICE_X32Y65         RAMD64E                                      r  u_pl/u_sobel/lb0_reg_768_831_0_2/RAMA/CLK
                         clock pessimism             -0.482     1.539    
    SLICE_X32Y65         RAMD64E (Hold_ramd64e_CLK_WADR1)
                                                      0.309     1.848    u_pl/u_sobel/lb0_reg_768_831_0_2/RAMA
  -------------------------------------------------------------------
                         required time                         -1.848    
                         arrival time                           1.911    
  -------------------------------------------------------------------
                         slack                                  0.064    




