Copyright 1986-2022 Xilinx, Inc. All Rights Reserved. Copyright 2022-2026 Advanced Micro Devices, Inc. All Rights Reserved.
-----------------------------------------------------------------------------------------------------------------------------------------------------------------------------------------------
| Tool Version : Vivado v.2025.2.1 (win64) Build 6403652 Thu Mar 19 19:48:24 GMT 2026
| Date         : Sat Oct  3 17:56:42 2026
| Host         : Uie-laptop running 64-bit major release  (build 9200)
| Command      : report_timing -delay_type max -nworst 1 -max_paths 1 -from sys_clk -to sys_clk -file D:/Xilinx/Prj/pro/Video_Processing/build/evidence/r114_sweepB/rt_tap13_sys_clk_setup.rpt
| Design       : system_top
| Device       : 7z020-clg484
| Speed File   : -2  PRODUCTION 1.12 2019-11-22
| Design State : Routed
-----------------------------------------------------------------------------------------------------------------------------------------------------------------------------------------------

Timing Report

Slack (MET) :             14.109ns  (required time - arrival time)
  Source:                 u_pl/u_ang/angle_reg[4]/C
                            (rising edge-triggered cell FDRE clocked by sys_clk  {rise@0.000ns fall@10.000ns period=20.000ns})
  Destination:            u_pl/u_ang/angle_reg[6]/D
                            (rising edge-triggered cell FDRE clocked by sys_clk  {rise@0.000ns fall@10.000ns period=20.000ns})
  Path Group:             sys_clk
  Path Type:              Setup (Max at Slow Process Corner)
  Requirement:            20.000ns  (sys_clk rise@20.000ns - sys_clk rise@0.000ns)
  Data Path Delay:        5.769ns  (logic 1.613ns (27.960%)  route 4.156ns (72.040%))
  Logic Levels:           5  (CARRY4=1 LUT5=2 LUT6=2)
  Clock Path Skew:        -0.028ns (DCD - SCD + CPR)
    Destination Clock Delay (DCD):    4.578ns = ( 24.578 - 20.000 ) 
    Source Clock Delay      (SCD):    4.996ns
    Clock Pessimism Removal (CPR):    0.390ns
  Clock Uncertainty:      0.035ns  ((TSJ^2 + TIJ^2)^1/2 + DJ) / 2 + PE
    Total System Jitter     (TSJ):    0.071ns
    Total Input Jitter      (TIJ):    0.000ns
    Discrete Jitter          (DJ):    0.000ns
    Phase Error              (PE):    0.000ns

    Location             Delay type                Incr(ns)  Path(ns)    Netlist Resource(s)
  -------------------------------------------------------------------    -------------------
                         (clock sys_clk rise edge)    0.000     0.000 r  
    W17                                               0.000     0.000 r  sys_clk (IN)
                         net (fo=0)                   0.000     0.000    sys_clk
    W17                  IBUF (Prop_ibuf_I_O)         1.415     1.415 r  sys_clk_IBUF_inst/O
                         net (fo=1, routed)           1.873     3.288    sys_clk_IBUF
    BUFGCTRL_X0Y4        BUFG (Prop_bufg_I_O)         0.085     3.373 r  sys_clk_IBUF_BUFG_inst/O
                         net (fo=186, routed)         1.623     4.996    u_pl/u_ang/sys_clk_IBUF_BUFG
    SLICE_X82Y104        FDRE                                         r  u_pl/u_ang/angle_reg[4]/C
  -------------------------------------------------------------------    -------------------
    SLICE_X82Y104        FDRE (Prop_fdre_C_Q)         0.433     5.429 r  u_pl/u_ang/angle_reg[4]/Q
                         net (fo=203, routed)         1.277     6.706    u_pl/u_ang/angle_reg[4]_0
    SLICE_X83Y104        CARRY4 (Prop_carry4_S[0]_O[3])
                                                      0.608     7.314 r  u_pl/u_ang/angle_reg[7]_i_4/O[3]
                         net (fo=3, routed)           0.682     7.996    u_pl/u_ang/angle_reg[7]_i_4_n_4
    SLICE_X82Y103        LUT6 (Prop_lut6_I5_O)        0.257     8.253 r  u_pl/u_ang/angle[3]_i_3/O
                         net (fo=4, routed)           0.809     9.062    u_pl/u_ang/angle[3]_i_3_n_0
    SLICE_X82Y104        LUT6 (Prop_lut6_I5_O)        0.105     9.167 r  u_pl/u_ang/angle[6]_i_5/O
                         net (fo=1, routed)           0.628     9.795    u_pl/u_ang/angle[6]_i_5_n_0
    SLICE_X84Y104        LUT5 (Prop_lut5_I4_O)        0.105     9.900 r  u_pl/u_ang/angle[6]_i_3/O
                         net (fo=1, routed)           0.505    10.405    u_pl/u_ang/angle[6]_i_3_n_0
    SLICE_X84Y103        LUT5 (Prop_lut5_I4_O)        0.105    10.510 r  u_pl/u_ang/angle[6]_i_1/O
                         net (fo=1, routed)           0.255    10.765    u_pl/u_ang/p_1_in__0[6]
    SLICE_X84Y103        FDRE                                         r  u_pl/u_ang/angle_reg[6]/D
  -------------------------------------------------------------------    -------------------

                         (clock sys_clk rise edge)   20.000    20.000 r  
    W17                                               0.000    20.000 r  sys_clk (IN)
                         net (fo=0)                   0.000    20.000    sys_clk
    W17                  IBUF (Prop_ibuf_I_O)         1.349    21.349 r  sys_clk_IBUF_inst/O
                         net (fo=1, routed)           1.701    23.050    sys_clk_IBUF
    BUFGCTRL_X0Y4        BUFG (Prop_bufg_I_O)         0.077    23.127 r  sys_clk_IBUF_BUFG_inst/O
                         net (fo=186, routed)         1.451    24.578    u_pl/u_ang/sys_clk_IBUF_BUFG
    SLICE_X84Y103        FDRE                                         r  u_pl/u_ang/angle_reg[6]/C
                         clock pessimism              0.390    24.968    
                         clock uncertainty           -0.035    24.933    
    SLICE_X84Y103        FDRE (Setup_fdre_C_D)       -0.059    24.874    u_pl/u_ang/angle_reg[6]
  -------------------------------------------------------------------
                         required time                         24.874    
                         arrival time                         -10.765    
  -------------------------------------------------------------------
                         slack                                 14.109    




