Copyright 1986-2022 Xilinx, Inc. All Rights Reserved. Copyright 2022-2026 Advanced Micro Devices, Inc. All Rights Reserved.
-----------------------------------------------------------------------------------------------------------------------------------------------------------------------------------------------
| Tool Version : Vivado v.2025.2.1 (win64) Build 6403652 Thu Mar 19 19:48:24 GMT 2026
| Date         : Sat Oct  3 17:56:41 2026
| Host         : Uie-laptop running 64-bit major release  (build 9200)
| Command      : report_timing -delay_type max -nworst 1 -max_paths 1 -from eth_rxc -to eth_rxc -file D:/Xilinx/Prj/pro/Video_Processing/build/evidence/r114_sweepB/rt_tap13_eth_rxc_setup.rpt
| Design       : system_top
| Device       : 7z020-clg484
| Speed File   : -2  PRODUCTION 1.12 2019-11-22
| Design State : Routed
-----------------------------------------------------------------------------------------------------------------------------------------------------------------------------------------------

Timing Report

Slack (MET) :             0.424ns  (required time - arrival time)
  Source:                 u_eth/u_icmp/u_icmp_tx/ip_head_reg[4][0]/C
                            (rising edge-triggered cell FDRE clocked by eth_rxc  {rise@0.000ns fall@4.000ns period=8.000ns})
  Destination:            u_eth/u_icmp/u_icmp_tx/check_buffer_reg[18]/D
                            (rising edge-triggered cell FDCE clocked by eth_rxc  {rise@0.000ns fall@4.000ns period=8.000ns})
  Path Group:             eth_rxc
  Path Type:              Setup (Max at Slow Process Corner)
  Requirement:            8.000ns  (eth_rxc rise@8.000ns - eth_rxc rise@0.000ns)
  Data Path Delay:        7.482ns  (logic 3.134ns (41.887%)  route 4.348ns (58.114%))
  Logic Levels:           11  (CARRY4=6 LUT3=2 LUT4=2 LUT5=1)
  Clock Path Skew:        -0.027ns (DCD - SCD + CPR)
    Destination Clock Delay (DCD):    4.492ns = ( 12.492 - 8.000 ) 
    Source Clock Delay      (SCD):    4.896ns
    Clock Pessimism Removal (CPR):    0.377ns
  Clock Uncertainty:      0.035ns  ((TSJ^2 + TIJ^2)^1/2 + DJ) / 2 + PE
    Total System Jitter     (TSJ):    0.071ns
    Total Input Jitter      (TIJ):    0.000ns
    Discrete Jitter          (DJ):    0.000ns
    Phase Error              (PE):    0.000ns

    Location             Delay type                Incr(ns)  Path(ns)    Netlist Resource(s)
  -------------------------------------------------------------------    -------------------
                         (clock eth_rxc rise edge)    0.000     0.000 r  
    Y19                                               0.000     0.000 r  eth_rxc (IN)
                         net (fo=0)                   0.000     0.000    eth_rxc
    Y19                  IBUF (Prop_ibuf_I_O)         1.430     1.430 r  eth_rxc_IBUF_inst/O
                         net (fo=1, routed)           1.873     3.303    u_eth/u_rgmii/u_rgmii_rx/rgmii_rxc
    BUFGCTRL_X0Y1        BUFG (Prop_bufg_I_O)         0.085     3.388 r  u_eth/u_rgmii/u_rgmii_rx/BUFG_inst/O
                         net (fo=2546, routed)        1.508     4.896    u_eth/u_icmp/u_icmp_tx/gmii_rx_clk
    SLICE_X100Y28        FDRE                                         r  u_eth/u_icmp/u_icmp_tx/ip_head_reg[4][0]/C
  -------------------------------------------------------------------    -------------------
    SLICE_X100Y28        FDRE (Prop_fdre_C_Q)         0.433     5.329 r  u_eth/u_icmp/u_icmp_tx/ip_head_reg[4][0]/Q
                         net (fo=3, routed)           1.248     6.577    u_eth/u_icmp/u_icmp_tx/ip_head_reg_n_0_[4][0]
    SLICE_X101Y27        LUT3 (Prop_lut3_I2_O)        0.124     6.701 r  u_eth/u_icmp/u_icmp_tx/check_buffer[0]_i_5/O
                         net (fo=2, routed)           0.361     7.061    u_eth/u_icmp/u_icmp_tx/check_buffer[0]_i_5_n_0
    SLICE_X101Y27        LUT4 (Prop_lut4_I3_O)        0.267     7.328 r  u_eth/u_icmp/u_icmp_tx/check_buffer[0]_i_8/O
                         net (fo=1, routed)           0.000     7.328    u_eth/u_icmp/u_icmp_tx/check_buffer[0]_i_8_n_0
    SLICE_X101Y27        CARRY4 (Prop_carry4_S[1]_CO[3])
                                                      0.457     7.785 r  u_eth/u_icmp/u_icmp_tx/check_buffer_reg[0]_i_2/CO[3]
                         net (fo=1, routed)           0.000     7.785    u_eth/u_icmp/u_icmp_tx/check_buffer_reg[0]_i_2_n_0
    SLICE_X101Y28        CARRY4 (Prop_carry4_CI_CO[3])
                                                      0.098     7.883 r  u_eth/u_icmp/u_icmp_tx/check_buffer_reg[12]_i_11/CO[3]
                         net (fo=1, routed)           0.000     7.883    u_eth/u_icmp/u_icmp_tx/check_buffer_reg[12]_i_11_n_0
    SLICE_X101Y29        CARRY4 (Prop_carry4_CI_O[1])
                                                      0.265     8.148 r  u_eth/u_icmp/u_icmp_tx/check_buffer_reg[16]_i_12/O[1]
                         net (fo=4, routed)           0.778     8.927    u_eth/u_icmp/u_icmp_tx/check_buffer_reg[16]_i_12_n_6
    SLICE_X99Y29         LUT4 (Prop_lut4_I1_O)        0.270     9.197 r  u_eth/u_icmp/u_icmp_tx/check_buffer[12]_i_4/O
                         net (fo=2, routed)           0.558     9.755    u_eth/u_icmp/u_icmp_tx/check_buffer[12]_i_4_n_0
    SLICE_X99Y29         LUT5 (Prop_lut5_I4_O)        0.275    10.030 r  u_eth/u_icmp/u_icmp_tx/check_buffer[12]_i_8/O
                         net (fo=1, routed)           0.000    10.030    u_eth/u_icmp/u_icmp_tx/check_buffer[12]_i_8_n_0
    SLICE_X99Y29         CARRY4 (Prop_carry4_S[2]_CO[3])
                                                      0.332    10.362 r  u_eth/u_icmp/u_icmp_tx/check_buffer_reg[12]_i_2/CO[3]
                         net (fo=1, routed)           0.000    10.362    u_eth/u_icmp/u_icmp_tx/check_buffer_reg[12]_i_2_n_0
    SLICE_X99Y30         CARRY4 (Prop_carry4_CI_CO[3])
                                                      0.098    10.460 r  u_eth/u_icmp/u_icmp_tx/check_buffer_reg[16]_i_2/CO[3]
                         net (fo=1, routed)           0.000    10.460    u_eth/u_icmp/u_icmp_tx/check_buffer_reg[16]_i_2_n_0
    SLICE_X99Y31         CARRY4 (Prop_carry4_CI_O[1])
                                                      0.265    10.725 r  u_eth/u_icmp/u_icmp_tx/check_buffer_reg[19]_i_4/O[1]
                         net (fo=1, routed)           0.717    11.442    u_eth/u_icmp/u_icmp_tx/check_buffer00_in[18]
    SLICE_X99Y24         LUT3 (Prop_lut3_I0_O)        0.250    11.692 r  u_eth/u_icmp/u_icmp_tx/check_buffer[18]_i_1/O
                         net (fo=1, routed)           0.686    12.378    u_eth/u_icmp/u_icmp_tx/check_buffer[18]_i_1_n_0
    SLICE_X99Y26         FDCE                                         r  u_eth/u_icmp/u_icmp_tx/check_buffer_reg[18]/D
  -------------------------------------------------------------------    -------------------

                         (clock eth_rxc rise edge)    8.000     8.000 r  
    Y19                                               0.000     8.000 r  eth_rxc (IN)
                         net (fo=0)                   0.000     8.000    eth_rxc
    Y19                  IBUF (Prop_ibuf_I_O)         1.364     9.364 r  eth_rxc_IBUF_inst/O
                         net (fo=1, routed)           1.701    11.065    u_eth/u_rgmii/u_rgmii_rx/rgmii_rxc
    BUFGCTRL_X0Y1        BUFG (Prop_bufg_I_O)         0.077    11.142 r  u_eth/u_rgmii/u_rgmii_rx/BUFG_inst/O
                         net (fo=2546, routed)        1.350    12.492    u_eth/u_icmp/u_icmp_tx/gmii_rx_clk
    SLICE_X99Y26         FDCE                                         r  u_eth/u_icmp/u_icmp_tx/check_buffer_reg[18]/C
                         clock pessimism              0.377    12.869    
                         clock uncertainty           -0.035    12.833    
    SLICE_X99Y26         FDCE (Setup_fdce_C_D)       -0.032    12.801    u_eth/u_icmp/u_icmp_tx/check_buffer_reg[18]
  -------------------------------------------------------------------
                         required time                         12.801    
                         arrival time                         -12.378    
  -------------------------------------------------------------------
                         slack                                  0.424    




