Copyright 1986-2022 Xilinx, Inc. All Rights Reserved. Copyright 2022-2026 Advanced Micro Devices, Inc. All Rights Reserved.
---------------------------------------------------------------------------------------------------------------------------------------------
| Tool Version : Vivado v.2025.2.1 (win64) Build 6403652 Thu Mar 19 19:48:24 GMT 2026
| Date         : Wed Sep 30 15:31:15 2026
| Host         : Uie-laptop running 64-bit major release  (build 9200)
| Command      : report_timing_summary -file D:/Xilinx/Prj/pro/Video_Processing/build/isolated_r95b_netdelay_high/timing_summary.rpt
| Design       : system_top
| Device       : 7z020-clg484
| Speed File   : -2  PRODUCTION 1.12 2019-11-22
| Design State : Routed
---------------------------------------------------------------------------------------------------------------------------------------------

Timing Summary Report

------------------------------------------------------------------------------------------------
| Timer Settings
| --------------
------------------------------------------------------------------------------------------------

  Enable Multi Corner Analysis               :  Yes
  Enable Pessimism Removal                   :  Yes
  Pessimism Removal Resolution               :  Nearest Common Node
  Enable Input Delay Default Clock           :  No
  Enable Preset / Clear Arcs                 :  No
  Disable Flight Delays                      :  No
  Ignore I/O Paths                           :  No
  Timing Early Launch at Borrowing Latches   :  No
  Borrow Time for Max Delay Exceptions       :  Yes
  Merge Timing Exceptions                    :  Yes
  Inter-SLR Compensation                     :  Conservative

  Corner  Analyze    Analyze    
  Name    Max Paths  Min Paths  
  ------  ---------  ---------  
  Slow    Yes        Yes        
  Fast    Yes        Yes        


------------------------------------------------------------------------------------------------
| Report Methodology
| ------------------
------------------------------------------------------------------------------------------------

Rule       Severity  Description                                                Violations  
---------  --------  ---------------------------------------------------------  ----------  
DPIR-1     Warning   Asynchronous driver check                                  2           
LUTAR-1    Warning   LUT drives async reset alert                               1           
SYNTH-5    Warning   Mapped onto distributed RAM because of timing constraints  336         
SYNTH-6    Warning   Timing of a RAM block might be sub-optimal                 97          
TIMING-9   Warning   Unknown CDC Logic                                          1           
TIMING-10  Warning   Missing property on synchronizer                           1           
TIMING-18  Warning   Missing input or output delay                              7           

Note: This report is based on the most recent report_methodology run and may not be up-to-date. Run report_methodology on the current design for the latest report.



check_timing report

Table of Contents
-----------------
1. checking no_clock (0)
2. checking constant_clock (0)
3. checking pulse_width_clock (0)
4. checking unconstrained_internal_endpoints (0)
5. checking no_input_delay (7)
6. checking no_output_delay (12)
7. checking multiple_clock (0)
8. checking generated_clocks (0)
9. checking loops (0)
10. checking partial_input_delay (0)
11. checking partial_output_delay (0)
12. checking latch_loops (0)

1. checking no_clock (0)
------------------------
 There are 0 register/latch pins with no clock.


2. checking constant_clock (0)
------------------------------
 There are 0 register/latch pins with constant_clock.


3. checking pulse_width_clock (0)
---------------------------------
 There are 0 register/latch pins which need pulse_width check


4. checking unconstrained_internal_endpoints (0)
------------------------------------------------
 There are 0 pins that are not constrained for maximum delay.

 There are 0 pins that are not constrained for maximum delay due to constant clock.


5. checking no_input_delay (7)
------------------------------
 There are 5 input ports with no input delay specified. (HIGH)

 There are 2 input ports with no input delay but user has a false path constraint. (MEDIUM)


6. checking no_output_delay (12)
--------------------------------
 There are 6 ports with no output delay specified. (HIGH)

 There are 6 ports with no output delay but user has a false path constraint (MEDIUM)

 There are 0 ports with no output delay but with a timing clock defined on it or propagating through it


7. checking multiple_clock (0)
------------------------------
 There are 0 register/latch pins with multiple clocks.


8. checking generated_clocks (0)
--------------------------------
 There are 0 generated clocks that are not connected to a clock source.


9. checking loops (0)
---------------------
 There are 0 combinational loops in the design.


10. checking partial_input_delay (0)
------------------------------------
 There are 0 input ports with partial input delay specified.


11. checking partial_output_delay (0)
-------------------------------------
 There are 0 ports with partial output delay specified.


12. checking latch_loops (0)
----------------------------
 There are 0 combinational latch loops in the design through latch input



------------------------------------------------------------------------------------------------
| Design Timing Summary
| ---------------------
------------------------------------------------------------------------------------------------

    WNS(ns)      TNS(ns)  TNS Failing Endpoints  TNS Total Endpoints      WHS(ns)      THS(ns)  THS Failing Endpoints  THS Total Endpoints     WPWS(ns)     TPWS(ns)  TPWS Failing Endpoints  TPWS Total Endpoints  
    -------      -------  ---------------------  -------------------      -------      -------  ---------------------  -------------------     --------     --------  ----------------------  --------------------  
      0.013        0.000                      0                50883        0.056        0.000                      0                50883        0.264        0.000                       0                 12521  


All user specified timing constraints are met.


------------------------------------------------------------------------------------------------
| Clock Summary
| -------------
------------------------------------------------------------------------------------------------

Clock         Waveform(ns)         Period(ns)      Frequency(MHz)
-----         ------------         ----------      --------------
clk_fpga_0    {0.000 5.000}        10.000          100.000         
eth_rxc       {0.000 4.000}        8.000           125.000         
sys_clk       {0.000 10.000}       20.000          50.000          
  clkfbout    {0.000 10.000}       20.000          50.000          
  clkfbout_1  {0.000 10.000}       20.000          50.000          
  clkout0_1   {0.000 10.000}       20.000          50.000          
  clkout1_1   {0.000 2.000}        4.000           250.000         
  clkout2     {0.000 2.500}        5.000           200.000         


------------------------------------------------------------------------------------------------
| Intra Clock Table
| -----------------
------------------------------------------------------------------------------------------------

Clock             WNS(ns)      TNS(ns)  TNS Failing Endpoints  TNS Total Endpoints      WHS(ns)      THS(ns)  THS Failing Endpoints  THS Total Endpoints     WPWS(ns)     TPWS(ns)  TPWS Failing Endpoints  TPWS Total Endpoints  
-----             -------      -------  ---------------------  -------------------      -------      -------  ---------------------  -------------------     --------     --------  ----------------------  --------------------  
clk_fpga_0          1.294        0.000                      0                15713        0.059        0.000                      0                15713        3.870        0.000                       0                  4368  
eth_rxc             0.013        0.000                      0                 4721        0.059        0.000                      0                 4721        3.500        0.000                       0                  2480  
sys_clk            14.736        0.000                      0                  253        0.121        0.000                      0                  253        7.000        0.000                       0                   186  
  clkfbout                                                                                                                                                     18.408        0.000                       0                     3  
  clkfbout_1                                                                                                                                                   18.408        0.000                       0                     3  
  clkout0_1         1.532        0.000                      0                30118        0.056        0.000                      0                30118        8.870        0.000                       0                  5468  
  clkout1_1                                                                                                                                                     2.408        0.000                       0                    10  
  clkout2                                                                                                                                                       0.264        0.000                       0                     3  


------------------------------------------------------------------------------------------------
| Inter Clock Table
| -----------------
------------------------------------------------------------------------------------------------

From Clock    To Clock          WNS(ns)      TNS(ns)  TNS Failing Endpoints  TNS Total Endpoints      WHS(ns)      THS(ns)  THS Failing Endpoints  THS Total Endpoints  
----------    --------          -------      -------  ---------------------  -------------------      -------      -------  ---------------------  -------------------  
clkout0_1     sys_clk            14.518        0.000                      0                   20        0.139        0.000                      0                   20  
sys_clk       clkout0_1           2.810        0.000                      0                  241        0.184        0.000                      0                  241  


------------------------------------------------------------------------------------------------
| Other Path Groups Table
| -----------------------
------------------------------------------------------------------------------------------------

Path Group    From Clock    To Clock          WNS(ns)      TNS(ns)  TNS Failing Endpoints  TNS Total Endpoints      WHS(ns)      THS(ns)  THS Failing Endpoints  THS Total Endpoints  
----------    ----------    --------          -------      -------  ---------------------  -------------------      -------      -------  ---------------------  -------------------  


------------------------------------------------------------------------------------------------
| Timing Details
| --------------
------------------------------------------------------------------------------------------------


---------------------------------------------------------------------------------------------------
From Clock:  clk_fpga_0
  To Clock:  clk_fpga_0

Setup :            0  Failing Endpoints,  Worst Slack        1.294ns,  Total Violation        0.000ns
Hold  :            0  Failing Endpoints,  Worst Slack        0.059ns,  Total Violation        0.000ns
PW    :            0  Failing Endpoints,  Worst Slack        3.870ns,  Total Violation        0.000ns
---------------------------------------------------------------------------------------------------


Max Delay Paths
--------------------------------------------------------------------------------------
Slack (MET) :             1.294ns  (required time - arrival time)
  Source:                 u_pl/u_arb/owner_eth_reg_rep__0/C
                            (rising edge-triggered cell FDCE clocked by clk_fpga_0  {rise@0.000ns fall@5.000ns period=10.000ns})
  Destination:            u_pl/u_bilin/u_fb/lo_reg_0_14/ADDRARDADDR[4]
                            (rising edge-triggered cell RAMB36E1 clocked by clk_fpga_0  {rise@0.000ns fall@5.000ns period=10.000ns})
  Path Group:             clk_fpga_0
  Path Type:              Setup (Max at Slow Process Corner)
  Requirement:            10.000ns  (clk_fpga_0 rise@10.000ns - clk_fpga_0 rise@0.000ns)
  Data Path Delay:        7.921ns  (logic 0.498ns (6.287%)  route 7.423ns (93.713%))
  Logic Levels:           1  (LUT3=1)
  Clock Path Skew:        0.020ns (DCD - SCD + CPR)
    Destination Clock Delay (DCD):    2.388ns = ( 12.388 - 10.000 ) 
    Source Clock Delay      (SCD):    2.464ns
    Clock Pessimism Removal (CPR):    0.097ns
  Clock Uncertainty:      0.154ns  ((TSJ^2 + TIJ^2)^1/2 + DJ) / 2 + PE
    Total System Jitter     (TSJ):    0.071ns
    Total Input Jitter      (TIJ):    0.300ns
    Discrete Jitter          (DJ):    0.000ns
    Phase Error              (PE):    0.000ns

    Location             Delay type                Incr(ns)  Path(ns)    Netlist Resource(s)
  -------------------------------------------------------------------    -------------------
                         (clock clk_fpga_0 rise edge)
                                                      0.000     0.000 r  
    PS7_X0Y0             PS7                          0.000     0.000 r  u_bd/design_1_i/processing_system7_0/inst/PS7_i/FCLKCLK[0]
                         net (fo=1, routed)           0.994     0.994    u_bd/design_1_i/processing_system7_0/inst/FCLK_CLK_unbuffered[0]
    BUFGCTRL_X0Y16       BUFG (Prop_bufg_I_O)         0.085     1.079 r  u_bd/design_1_i/processing_system7_0/inst/buffer_fclk_clk_0.FCLK_CLK_0_BUFG/O
                         net (fo=4369, routed)        1.385     2.464    u_pl/u_arb/FCLK_CLK0
    SLICE_X49Y59         FDCE                                         r  u_pl/u_arb/owner_eth_reg_rep__0/C
  -------------------------------------------------------------------    -------------------
    SLICE_X49Y59         FDCE (Prop_fdce_C_Q)         0.379     2.843 r  u_pl/u_arb/owner_eth_reg_rep__0/Q
                         net (fo=187, routed)         1.577     4.420    u_pl/u_row/wr_words_reg[17]_0
    SLICE_X45Y42         LUT3 (Prop_lut3_I2_O)        0.119     4.539 r  u_pl/u_row/lo_reg_0_12_i_11/O
                         net (fo=20, routed)          5.846    10.385    u_pl/u_bilin/u_fb/lo_reg_0_12_0[4]
    RAMB36_X5Y8          RAMB36E1                                     r  u_pl/u_bilin/u_fb/lo_reg_0_14/ADDRARDADDR[4]
  -------------------------------------------------------------------    -------------------

                         (clock clk_fpga_0 rise edge)
                                                     10.000    10.000 r  
    PS7_X0Y0             PS7                          0.000    10.000 r  u_bd/design_1_i/processing_system7_0/inst/PS7_i/FCLKCLK[0]
                         net (fo=1, routed)           0.905    10.906    u_bd/design_1_i/processing_system7_0/inst/FCLK_CLK_unbuffered[0]
    BUFGCTRL_X0Y16       BUFG (Prop_bufg_I_O)         0.077    10.983 r  u_bd/design_1_i/processing_system7_0/inst/buffer_fclk_clk_0.FCLK_CLK_0_BUFG/O
                         net (fo=4369, routed)        1.405    12.388    u_pl/u_bilin/u_fb/FCLK_CLK0
    RAMB36_X5Y8          RAMB36E1                                     r  u_pl/u_bilin/u_fb/lo_reg_0_14/CLKARDCLK
                         clock pessimism              0.097    12.484    
                         clock uncertainty           -0.154    12.330    
    RAMB36_X5Y8          RAMB36E1 (Setup_ramb36e1_CLKARDCLK_ADDRARDADDR[4])
                                                     -0.652    11.678    u_pl/u_bilin/u_fb/lo_reg_0_14
  -------------------------------------------------------------------
                         required time                         11.678    
                         arrival time                         -10.385    
  -------------------------------------------------------------------
                         slack                                  1.294    





Min Delay Paths
--------------------------------------------------------------------------------------
Slack (MET) :             0.059ns  (arrival time - required time)
  Source:                 u_eth/u_saver/cur_data_reg[54]/C
                            (rising edge-triggered cell FDCE clocked by clk_fpga_0  {rise@0.000ns fall@5.000ns period=10.000ns})
  Destination:            u_eth/u_saver/q_data_reg_64_127_54_56/RAMA/I
                            (rising edge-triggered cell RAMD64E clocked by clk_fpga_0  {rise@0.000ns fall@5.000ns period=10.000ns})
  Path Group:             clk_fpga_0
  Path Type:              Hold (Min at Fast Process Corner)
  Requirement:            0.000ns  (clk_fpga_0 rise@0.000ns - clk_fpga_0 rise@0.000ns)
  Data Path Delay:        0.219ns  (logic 0.141ns (64.254%)  route 0.078ns (35.746%))
  Logic Levels:           0  
  Clock Path Skew:        0.013ns (DCD - SCD - CPR)
    Destination Clock Delay (DCD):    1.219ns
    Source Clock Delay      (SCD):    0.921ns
    Clock Pessimism Removal (CPR):    0.285ns

    Location             Delay type                Incr(ns)  Path(ns)    Netlist Resource(s)
  -------------------------------------------------------------------    -------------------
                         (clock clk_fpga_0 rise edge)
                                                      0.000     0.000 r  
    PS7_X0Y0             PS7                          0.000     0.000 r  u_bd/design_1_i/processing_system7_0/inst/PS7_i/FCLKCLK[0]
                         net (fo=1, routed)           0.310     0.310    u_bd/design_1_i/processing_system7_0/inst/FCLK_CLK_unbuffered[0]
    BUFGCTRL_X0Y16       BUFG (Prop_bufg_I_O)         0.026     0.336 r  u_bd/design_1_i/processing_system7_0/inst/buffer_fclk_clk_0.FCLK_CLK_0_BUFG/O
                         net (fo=4369, routed)        0.585     0.921    u_eth/u_saver/FCLK_CLK0
    SLICE_X19Y28         FDCE                                         r  u_eth/u_saver/cur_data_reg[54]/C
  -------------------------------------------------------------------    -------------------
    SLICE_X19Y28         FDCE (Prop_fdce_C_Q)         0.141     1.062 r  u_eth/u_saver/cur_data_reg[54]/Q
                         net (fo=8, routed)           0.078     1.140    u_eth/u_saver/q_data_reg_64_127_54_56/DIA
    SLICE_X18Y28         RAMD64E                                      r  u_eth/u_saver/q_data_reg_64_127_54_56/RAMA/I
  -------------------------------------------------------------------    -------------------

                         (clock clk_fpga_0 rise edge)
                                                      0.000     0.000 r  
    PS7_X0Y0             PS7                          0.000     0.000 r  u_bd/design_1_i/processing_system7_0/inst/PS7_i/FCLKCLK[0]
                         net (fo=1, routed)           0.337     0.337    u_bd/design_1_i/processing_system7_0/inst/FCLK_CLK_unbuffered[0]
    BUFGCTRL_X0Y16       BUFG (Prop_bufg_I_O)         0.029     0.366 r  u_bd/design_1_i/processing_system7_0/inst/buffer_fclk_clk_0.FCLK_CLK_0_BUFG/O
                         net (fo=4369, routed)        0.853     1.219    u_eth/u_saver/q_data_reg_64_127_54_56/WCLK
    SLICE_X18Y28         RAMD64E                                      r  u_eth/u_saver/q_data_reg_64_127_54_56/RAMA/CLK
                         clock pessimism             -0.285     0.934    
    SLICE_X18Y28         RAMD64E (Hold_ramd64e_CLK_I)
                                                      0.147     1.081    u_eth/u_saver/q_data_reg_64_127_54_56/RAMA
  -------------------------------------------------------------------
                         required time                         -1.081    
                         arrival time                           1.140    
  -------------------------------------------------------------------
                         slack                                  0.059    





Pulse Width Checks
--------------------------------------------------------------------------------------
Clock Name:         clk_fpga_0
Waveform(ns):       { 0.000 5.000 }
Period(ns):         10.000
Sources:            { u_bd/design_1_i/processing_system7_0/inst/PS7_i/FCLKCLK[0] }

Check Type        Corner  Lib Pin             Reference Pin  Required(ns)  Actual(ns)  Slack(ns)  Location      Pin
Min Period        n/a     RAMB36E1/CLKBWRCLK  n/a            2.170         10.000      7.830      RAMB36_X2Y4   u_eth/u_cdc/mem_reg_0/CLKBWRCLK
Low Pulse Width   Slow    RAMD64E/CLK         n/a            1.130         5.000       3.870      SLICE_X26Y21  u_eth/u_saver/q_addr_reg_0_63_12_14/RAMA/CLK
High Pulse Width  Slow    RAMD64E/CLK         n/a            1.130         5.000       3.870      SLICE_X26Y21  u_eth/u_saver/q_addr_reg_0_63_12_14/RAMA/CLK



---------------------------------------------------------------------------------------------------
From Clock:  eth_rxc
  To Clock:  eth_rxc

Setup :            0  Failing Endpoints,  Worst Slack        0.013ns,  Total Violation        0.000ns
Hold  :            0  Failing Endpoints,  Worst Slack        0.059ns,  Total Violation        0.000ns
PW    :            0  Failing Endpoints,  Worst Slack        3.500ns,  Total Violation        0.000ns
---------------------------------------------------------------------------------------------------


Max Delay Paths
--------------------------------------------------------------------------------------
Slack (MET) :             0.013ns  (required time - arrival time)
  Source:                 u_eth/u_icmp/u_icmp_tx/tx_data_num_reg[5]/C
                            (rising edge-triggered cell FDCE clocked by eth_rxc  {rise@0.000ns fall@4.000ns period=8.000ns})
  Destination:            u_eth/u_icmp/u_icmp_tx/real_add_cnt_reg[4]/D
                            (rising edge-triggered cell FDCE clocked by eth_rxc  {rise@0.000ns fall@4.000ns period=8.000ns})
  Path Group:             eth_rxc
  Path Type:              Setup (Max at Slow Process Corner)
  Requirement:            8.000ns  (eth_rxc rise@8.000ns - eth_rxc rise@0.000ns)
  Data Path Delay:        7.684ns  (logic 2.514ns (32.716%)  route 5.170ns (67.284%))
  Logic Levels:           11  (CARRY4=5 LUT1=1 LUT2=2 LUT4=1 LUT5=1 LUT6=1)
  Clock Path Skew:        -0.062ns (DCD - SCD + CPR)
    Destination Clock Delay (DCD):    4.506ns = ( 12.506 - 8.000 ) 
    Source Clock Delay      (SCD):    4.910ns
    Clock Pessimism Removal (CPR):    0.342ns
  Clock Uncertainty:      0.035ns  ((TSJ^2 + TIJ^2)^1/2 + DJ) / 2 + PE
    Total System Jitter     (TSJ):    0.071ns
    Total Input Jitter      (TIJ):    0.000ns
    Discrete Jitter          (DJ):    0.000ns
    Phase Error              (PE):    0.000ns

    Location             Delay type                Incr(ns)  Path(ns)    Netlist Resource(s)
  -------------------------------------------------------------------    -------------------
                         (clock eth_rxc rise edge)    0.000     0.000 r  
    Y19                                               0.000     0.000 r  eth_rxc (IN)
                         net (fo=0)                   0.000     0.000    eth_rxc
    Y19                  IBUF (Prop_ibuf_I_O)         1.430     1.430 r  eth_rxc_IBUF_inst/O
                         net (fo=1, routed)           1.873     3.303    u_eth/u_rgmii/u_rgmii_rx/rgmii_rxc
    BUFGCTRL_X0Y1        BUFG (Prop_bufg_I_O)         0.085     3.388 r  u_eth/u_rgmii/u_rgmii_rx/BUFG_inst/O
                         net (fo=2480, routed)        1.522     4.910    u_eth/u_icmp/u_icmp_tx/gmii_rx_clk
    SLICE_X94Y46         FDCE                                         r  u_eth/u_icmp/u_icmp_tx/tx_data_num_reg[5]/C
  -------------------------------------------------------------------    -------------------
    SLICE_X94Y46         FDCE (Prop_fdce_C_Q)         0.433     5.343 r  u_eth/u_icmp/u_icmp_tx/tx_data_num_reg[5]/Q
                         net (fo=6, routed)           0.715     6.057    u_eth/u_icmp/u_icmp_tx/tx_data_num[5]
    SLICE_X91Y45         LUT4 (Prop_lut4_I1_O)        0.105     6.162 r  u_eth/u_icmp/u_icmp_tx/real_add_cnt[4]_i_100/O
                         net (fo=1, routed)           0.515     6.677    u_eth/u_icmp/u_icmp_tx/real_add_cnt[4]_i_100_n_0
    SLICE_X91Y45         LUT5 (Prop_lut5_I0_O)        0.105     6.782 r  u_eth/u_icmp/u_icmp_tx/real_add_cnt[4]_i_90/O
                         net (fo=17, routed)          0.562     7.345    u_eth/u_icmp/u_icmp_tx/real_tx_data_num1
    SLICE_X101Y43        LUT2 (Prop_lut2_I0_O)        0.105     7.450 r  u_eth/u_icmp/u_icmp_tx/real_add_cnt[4]_i_95/O
                         net (fo=1, routed)           0.488     7.938    u_eth/u_icmp/u_icmp_tx/real_add_cnt[4]_i_95_n_0
    SLICE_X101Y44        CARRY4 (Prop_carry4_CYINIT_CO[3])
                                                      0.480     8.418 r  u_eth/u_icmp/u_icmp_tx/real_add_cnt_reg[4]_i_85/CO[3]
                         net (fo=1, routed)           0.000     8.418    u_eth/u_icmp/u_icmp_tx/real_add_cnt_reg[4]_i_85_n_0
    SLICE_X101Y45        CARRY4 (Prop_carry4_CI_CO[3])
                                                      0.098     8.516 r  u_eth/u_icmp/u_icmp_tx/real_add_cnt_reg[4]_i_67/CO[3]
                         net (fo=1, routed)           0.000     8.516    u_eth/u_icmp/u_icmp_tx/real_add_cnt_reg[4]_i_67_n_0
    SLICE_X101Y46        CARRY4 (Prop_carry4_CI_O[0])
                                                      0.180     8.696 r  u_eth/u_icmp/u_icmp_tx/real_add_cnt_reg[4]_i_48/O[0]
                         net (fo=1, routed)           0.593     9.289    u_eth/u_icmp/u_icmp_tx/real_add_cnt_reg[4]_i_48_n_7
    SLICE_X102Y45        LUT2 (Prop_lut2_I1_O)        0.249     9.538 r  u_eth/u_icmp/u_icmp_tx/real_add_cnt[4]_i_45/O
                         net (fo=1, routed)           0.000     9.538    u_eth/u_icmp/u_icmp_tx/real_add_cnt[4]_i_45_n_0
    SLICE_X102Y45        CARRY4 (Prop_carry4_S[1]_CO[3])
                                                      0.444     9.982 r  u_eth/u_icmp/u_icmp_tx/real_add_cnt_reg[4]_i_20/CO[3]
                         net (fo=1, routed)           0.000     9.982    u_eth/u_icmp/u_icmp_tx/real_add_cnt_reg[4]_i_20_n_0
    SLICE_X102Y46        CARRY4 (Prop_carry4_CI_CO[3])
                                                      0.100    10.082 f  u_eth/u_icmp/u_icmp_tx/real_add_cnt_reg[4]_i_7/CO[3]
                         net (fo=9, routed)           0.711    10.792    u_eth/u_icmp/u_icmp_tx/real_add_cnt_reg[4]_i_7_n_0
    SLICE_X101Y43        LUT6 (Prop_lut6_I5_O)        0.105    10.897 r  u_eth/u_icmp/u_icmp_tx/real_add_cnt[4]_i_2/O
                         net (fo=1, routed)           0.832    11.730    u_eth/u_icmp/u_icmp_tx/real_add_cnt[4]_i_2_n_0
    SLICE_X84Y43         LUT1 (Prop_lut1_I0_O)        0.110    11.840 r  u_eth/u_icmp/u_icmp_tx/real_add_cnt[4]_i_2_n_0_hold_fix/O
                         net (fo=1, routed)           0.754    12.594    u_eth/u_icmp/u_icmp_tx/real_add_cnt[4]_i_2_n_0_hold_fix_1
    SLICE_X101Y43        FDCE                                         r  u_eth/u_icmp/u_icmp_tx/real_add_cnt_reg[4]/D
  -------------------------------------------------------------------    -------------------

                         (clock eth_rxc rise edge)    8.000     8.000 r  
    Y19                                               0.000     8.000 r  eth_rxc (IN)
                         net (fo=0)                   0.000     8.000    eth_rxc
    Y19                  IBUF (Prop_ibuf_I_O)         1.364     9.364 r  eth_rxc_IBUF_inst/O
                         net (fo=1, routed)           1.701    11.065    u_eth/u_rgmii/u_rgmii_rx/rgmii_rxc
    BUFGCTRL_X0Y1        BUFG (Prop_bufg_I_O)         0.077    11.142 r  u_eth/u_rgmii/u_rgmii_rx/BUFG_inst/O
                         net (fo=2480, routed)        1.364    12.506    u_eth/u_icmp/u_icmp_tx/gmii_rx_clk
    SLICE_X101Y43        FDCE                                         r  u_eth/u_icmp/u_icmp_tx/real_add_cnt_reg[4]/C
                         clock pessimism              0.342    12.848    
                         clock uncertainty           -0.035    12.812    
    SLICE_X101Y43        FDCE (Setup_fdce_C_D)       -0.205    12.607    u_eth/u_icmp/u_icmp_tx/real_add_cnt_reg[4]
  -------------------------------------------------------------------
                         required time                         12.607    
                         arrival time                         -12.594    
  -------------------------------------------------------------------
                         slack                                  0.013    





Min Delay Paths
--------------------------------------------------------------------------------------
Slack (MET) :             0.059ns  (arrival time - required time)
  Source:                 u_eth/u_rx_mac/u_crc_rx/crc_data_reg[21]/C
                            (rising edge-triggered cell FDPE clocked by eth_rxc  {rise@0.000ns fall@4.000ns period=8.000ns})
  Destination:            u_eth/u_rx_mac/u_crc_rx/crc_data_reg[29]/D
                            (rising edge-triggered cell FDPE clocked by eth_rxc  {rise@0.000ns fall@4.000ns period=8.000ns})
  Path Group:             eth_rxc
  Path Type:              Hold (Min at Fast Process Corner)
  Requirement:            0.000ns  (eth_rxc rise@0.000ns - eth_rxc rise@0.000ns)
  Data Path Delay:        0.964ns  (logic 0.209ns (21.682%)  route 0.755ns (78.318%))
  Logic Levels:           1  (LUT6=1)
  Clock Path Skew:        0.013ns (DCD - SCD - CPR)
    Destination Clock Delay (DCD):    2.095ns
    Source Clock Delay      (SCD):    1.577ns
    Clock Pessimism Removal (CPR):    0.505ns
  Clock Uncertainty:      0.800ns  ((TSJ^2 + TIJ^2)^1/2 + DJ) / 2 + PE + UU
    Total System Jitter     (TSJ):    0.000ns
    Total Input Jitter      (TIJ):    0.000ns
    Discrete Jitter          (DJ):    0.000ns
    Phase Error              (PE):    0.000ns
    User Uncertainty         (UU):    0.800ns

    Location             Delay type                Incr(ns)  Path(ns)    Netlist Resource(s)
  -------------------------------------------------------------------    -------------------
                         (clock eth_rxc rise edge)    0.000     0.000 r  
    Y19                                               0.000     0.000 r  eth_rxc (IN)
                         net (fo=0)                   0.000     0.000    eth_rxc
    Y19                  IBUF (Prop_ibuf_I_O)         0.266     0.266 r  eth_rxc_IBUF_inst/O
                         net (fo=1, routed)           0.674     0.940    u_eth/u_rgmii/u_rgmii_rx/rgmii_rxc
    BUFGCTRL_X0Y1        BUFG (Prop_bufg_I_O)         0.026     0.966 r  u_eth/u_rgmii/u_rgmii_rx/BUFG_inst/O
                         net (fo=2480, routed)        0.611     1.577    u_eth/u_rx_mac/u_crc_rx/gmii_rx_clk
    SLICE_X92Y49         FDPE                                         r  u_eth/u_rx_mac/u_crc_rx/crc_data_reg[21]/C
  -------------------------------------------------------------------    -------------------
    SLICE_X92Y49         FDPE (Prop_fdpe_C_Q)         0.164     1.741 r  u_eth/u_rx_mac/u_crc_rx/crc_data_reg[21]/Q
                         net (fo=2, routed)           0.755     2.496    u_eth/u_rgmii/u_rgmii_rx/Q[12]
    SLICE_X93Y49         LUT6 (Prop_lut6_I5_O)        0.045     2.541 r  u_eth/u_rgmii/u_rgmii_rx/crc_data[29]_i_1__1/O
                         net (fo=1, routed)           0.000     2.541    u_eth/u_rx_mac/u_crc_rx/crc_data_reg[31]_0[19]
    SLICE_X93Y49         FDPE                                         r  u_eth/u_rx_mac/u_crc_rx/crc_data_reg[29]/D
  -------------------------------------------------------------------    -------------------

                         (clock eth_rxc rise edge)    0.000     0.000 r  
    Y19                                               0.000     0.000 r  eth_rxc (IN)
                         net (fo=0)                   0.000     0.000    eth_rxc
    Y19                  IBUF (Prop_ibuf_I_O)         0.454     0.454 r  eth_rxc_IBUF_inst/O
                         net (fo=1, routed)           0.731     1.185    u_eth/u_rgmii/u_rgmii_rx/rgmii_rxc
    BUFGCTRL_X0Y1        BUFG (Prop_bufg_I_O)         0.029     1.214 r  u_eth/u_rgmii/u_rgmii_rx/BUFG_inst/O
                         net (fo=2480, routed)        0.881     2.095    u_eth/u_rx_mac/u_crc_rx/gmii_rx_clk
    SLICE_X93Y49         FDPE                                         r  u_eth/u_rx_mac/u_crc_rx/crc_data_reg[29]/C
                         clock pessimism             -0.505     1.590    
                         clock uncertainty            0.800     2.390    
    SLICE_X93Y49         FDPE (Hold_fdpe_C_D)         0.092     2.482    u_eth/u_rx_mac/u_crc_rx/crc_data_reg[29]
  -------------------------------------------------------------------
                         required time                         -2.482    
                         arrival time                           2.541    
  -------------------------------------------------------------------
                         slack                                  0.059    





Pulse Width Checks
--------------------------------------------------------------------------------------
Clock Name:         eth_rxc
Waveform(ns):       { 0.000 4.000 }
Period(ns):         8.000
Sources:            { eth_rxc }

Check Type        Corner  Lib Pin             Reference Pin  Required(ns)  Actual(ns)  Slack(ns)  Location      Pin
Min Period        n/a     RAMB18E1/CLKARDCLK  n/a            2.472         8.000       5.528      RAMB18_X5Y12  u_eth/u_icmp_fifo/mem_reg/CLKARDCLK
Low Pulse Width   Slow    FDCE/C              n/a            0.500         4.000       3.500      SLICE_X25Y19  u_eth/flush_pend_reg/C
High Pulse Width  Slow    FDCE/C              n/a            0.500         4.000       3.500      SLICE_X25Y19  u_eth/flush_pend_reg/C



---------------------------------------------------------------------------------------------------
From Clock:  sys_clk
  To Clock:  sys_clk

Setup :            0  Failing Endpoints,  Worst Slack       14.736ns,  Total Violation        0.000ns
Hold  :            0  Failing Endpoints,  Worst Slack        0.121ns,  Total Violation        0.000ns
PW    :            0  Failing Endpoints,  Worst Slack        7.000ns,  Total Violation        0.000ns
---------------------------------------------------------------------------------------------------


Max Delay Paths
--------------------------------------------------------------------------------------
Slack (MET) :             14.736ns  (required time - arrival time)
  Source:                 u_pl/u_ang/angle_reg[2]/C
                            (rising edge-triggered cell FDRE clocked by sys_clk  {rise@0.000ns fall@10.000ns period=20.000ns})
  Destination:            u_pl/u_ang/angle_reg[5]/D
                            (rising edge-triggered cell FDRE clocked by sys_clk  {rise@0.000ns fall@10.000ns period=20.000ns})
  Path Group:             sys_clk
  Path Type:              Setup (Max at Slow Process Corner)
  Requirement:            20.000ns  (sys_clk rise@20.000ns - sys_clk rise@0.000ns)
  Data Path Delay:        5.090ns  (logic 1.607ns (31.573%)  route 3.483ns (68.427%))
  Logic Levels:           7  (CARRY4=3 LUT2=1 LUT6=3)
  Clock Path Skew:        -0.058ns (DCD - SCD + CPR)
    Destination Clock Delay (DCD):    4.567ns = ( 24.567 - 20.000 ) 
    Source Clock Delay      (SCD):    4.982ns
    Clock Pessimism Removal (CPR):    0.357ns
  Clock Uncertainty:      0.035ns  ((TSJ^2 + TIJ^2)^1/2 + DJ) / 2 + PE
    Total System Jitter     (TSJ):    0.071ns
    Total Input Jitter      (TIJ):    0.000ns
    Discrete Jitter          (DJ):    0.000ns
    Phase Error              (PE):    0.000ns

    Location             Delay type                Incr(ns)  Path(ns)    Netlist Resource(s)
  -------------------------------------------------------------------    -------------------
                         (clock sys_clk rise edge)    0.000     0.000 r  
    W17                                               0.000     0.000 r  sys_clk (IN)
                         net (fo=0)                   0.000     0.000    sys_clk
    W17                  IBUF (Prop_ibuf_I_O)         1.415     1.415 r  sys_clk_IBUF_inst/O
                         net (fo=1, routed)           1.873     3.288    sys_clk_IBUF
    BUFGCTRL_X0Y4        BUFG (Prop_bufg_I_O)         0.085     3.373 r  sys_clk_IBUF_BUFG_inst/O
                         net (fo=185, routed)         1.609     4.982    u_pl/u_ang/CLK
    SLICE_X58Y111        FDRE                                         r  u_pl/u_ang/angle_reg[2]/C
  -------------------------------------------------------------------    -------------------
    SLICE_X58Y111        FDRE (Prop_fdre_C_Q)         0.433     5.415 r  u_pl/u_ang/angle_reg[2]/Q
                         net (fo=202, routed)         1.198     6.614    u_pl/u_ang/angle_reg_n_0_[2]
    SLICE_X59Y111        LUT2 (Prop_lut2_I0_O)        0.105     6.719 r  u_pl/u_ang/angle[3]_i_6/O
                         net (fo=1, routed)           0.000     6.719    u_pl/u_ang/angle[3]_i_6_n_0
    SLICE_X59Y111        CARRY4 (Prop_carry4_S[2]_CO[3])
                                                      0.332     7.051 r  u_pl/u_ang/angle_reg[3]_i_2/CO[3]
                         net (fo=1, routed)           0.000     7.051    u_pl/u_ang/angle_reg[3]_i_2_n_0
    SLICE_X59Y112        CARRY4 (Prop_carry4_CI_CO[3])
                                                      0.098     7.149 r  u_pl/u_ang/angle_reg[7]_i_4/CO[3]
                         net (fo=1, routed)           0.000     7.149    u_pl/u_ang/angle_reg[7]_i_4_n_0
    SLICE_X59Y113        CARRY4 (Prop_carry4_CI_O[0])
                                                      0.180     7.329 r  u_pl/u_ang/angle_reg[3]_i_4/O[0]
                         net (fo=3, routed)           0.676     8.004    u_pl/u_ang/angle_reg[3]_i_4_n_7
    SLICE_X58Y112        LUT6 (Prop_lut6_I0_O)        0.249     8.253 r  u_pl/u_ang/angle[3]_i_3/O
                         net (fo=4, routed)           0.513     8.766    u_pl/u_ang/angle[3]_i_3_n_0
    SLICE_X60Y111        LUT6 (Prop_lut6_I3_O)        0.105     8.871 r  u_pl/u_ang/angle[5]_i_2/O
                         net (fo=1, routed)           0.644     9.514    u_pl/u_ang/angle[5]_i_2_n_0
    SLICE_X63Y112        LUT6 (Prop_lut6_I4_O)        0.105     9.619 r  u_pl/u_ang/angle[5]_i_1/O
                         net (fo=1, routed)           0.453    10.072    u_pl/u_ang/p_1_in__0[5]
    SLICE_X61Y112        FDRE                                         r  u_pl/u_ang/angle_reg[5]/D
  -------------------------------------------------------------------    -------------------

                         (clock sys_clk rise edge)   20.000    20.000 r  
    W17                                               0.000    20.000 r  sys_clk (IN)
                         net (fo=0)                   0.000    20.000    sys_clk
    W17                  IBUF (Prop_ibuf_I_O)         1.349    21.349 r  sys_clk_IBUF_inst/O
                         net (fo=1, routed)           1.701    23.050    sys_clk_IBUF
    BUFGCTRL_X0Y4        BUFG (Prop_bufg_I_O)         0.077    23.127 r  sys_clk_IBUF_BUFG_inst/O
                         net (fo=185, routed)         1.440    24.567    u_pl/u_ang/CLK
    SLICE_X61Y112        FDRE                                         r  u_pl/u_ang/angle_reg[5]/C
                         clock pessimism              0.357    24.924    
                         clock uncertainty           -0.035    24.889    
    SLICE_X61Y112        FDRE (Setup_fdre_C_D)       -0.081    24.808    u_pl/u_ang/angle_reg[5]
  -------------------------------------------------------------------
                         required time                         24.808    
                         arrival time                         -10.072    
  -------------------------------------------------------------------
                         slack                                 14.736    





Min Delay Paths
--------------------------------------------------------------------------------------
Slack (MET) :             0.121ns  (arrival time - required time)
  Source:                 u_pl/u_ang/fs_s_reg[0]/C
                            (rising edge-triggered cell FDRE clocked by sys_clk  {rise@0.000ns fall@10.000ns period=20.000ns})
  Destination:            u_pl/u_ang/fs_s_reg[1]/D
                            (rising edge-triggered cell FDRE clocked by sys_clk  {rise@0.000ns fall@10.000ns period=20.000ns})
  Path Group:             sys_clk
  Path Type:              Hold (Min at Fast Process Corner)
  Requirement:            0.000ns  (sys_clk rise@0.000ns - sys_clk rise@0.000ns)
  Data Path Delay:        0.196ns  (logic 0.141ns (71.838%)  route 0.055ns (28.162%))
  Logic Levels:           0  
  Clock Path Skew:        0.000ns (DCD - SCD - CPR)
    Destination Clock Delay (DCD):    2.133ns
    Source Clock Delay      (SCD):    1.611ns
    Clock Pessimism Removal (CPR):    0.522ns

    Location             Delay type                Incr(ns)  Path(ns)    Netlist Resource(s)
  -------------------------------------------------------------------    -------------------
                         (clock sys_clk rise edge)    0.000     0.000 r  
    W17                                               0.000     0.000 r  sys_clk (IN)
                         net (fo=0)                   0.000     0.000    sys_clk
    W17                  IBUF (Prop_ibuf_I_O)         0.252     0.252 r  sys_clk_IBUF_inst/O
                         net (fo=1, routed)           0.674     0.926    sys_clk_IBUF
    BUFGCTRL_X0Y4        BUFG (Prop_bufg_I_O)         0.026     0.952 r  sys_clk_IBUF_BUFG_inst/O
                         net (fo=185, routed)         0.659     1.611    u_pl/u_ang/CLK
    SLICE_X59Y110        FDRE                                         r  u_pl/u_ang/fs_s_reg[0]/C
  -------------------------------------------------------------------    -------------------
    SLICE_X59Y110        FDRE (Prop_fdre_C_Q)         0.141     1.752 r  u_pl/u_ang/fs_s_reg[0]/Q
                         net (fo=1, routed)           0.055     1.807    u_pl/u_ang/fs_s[0]
    SLICE_X59Y110        FDRE                                         r  u_pl/u_ang/fs_s_reg[1]/D
  -------------------------------------------------------------------    -------------------

                         (clock sys_clk rise edge)    0.000     0.000 r  
    W17                                               0.000     0.000 r  sys_clk (IN)
                         net (fo=0)                   0.000     0.000    sys_clk
    W17                  IBUF (Prop_ibuf_I_O)         0.440     0.440 r  sys_clk_IBUF_inst/O
                         net (fo=1, routed)           0.731     1.171    sys_clk_IBUF
    BUFGCTRL_X0Y4        BUFG (Prop_bufg_I_O)         0.029     1.200 r  sys_clk_IBUF_BUFG_inst/O
                         net (fo=185, routed)         0.933     2.133    u_pl/u_ang/CLK
    SLICE_X59Y110        FDRE                                         r  u_pl/u_ang/fs_s_reg[1]/C
                         clock pessimism             -0.522     1.611    
    SLICE_X59Y110        FDRE (Hold_fdre_C_D)         0.075     1.686    u_pl/u_ang/fs_s_reg[1]
  -------------------------------------------------------------------
                         required time                         -1.686    
                         arrival time                           1.807    
  -------------------------------------------------------------------
                         slack                                  0.121    





Pulse Width Checks
--------------------------------------------------------------------------------------
Clock Name:         sys_clk
Waveform(ns):       { 0.000 10.000 }
Period(ns):         20.000
Sources:            { sys_clk }

Check Type        Corner  Lib Pin            Reference Pin  Required(ns)  Actual(ns)  Slack(ns)  Location         Pin
Min Period        n/a     BUFG/I             n/a            1.592         20.000      18.408     BUFGCTRL_X0Y4    sys_clk_IBUF_BUFG_inst/I
Max Period        n/a     MMCME2_ADV/CLKIN1  n/a            100.000       20.000      80.000     MMCME2_ADV_X0Y0  u_idelay_clkgen/u_mmcm/CLKIN1
Low Pulse Width   Slow    MMCME2_ADV/CLKIN1  n/a            3.000         10.000      7.000      MMCME2_ADV_X0Y0  u_idelay_clkgen/u_mmcm/CLKIN1
High Pulse Width  Slow    MMCME2_ADV/CLKIN1  n/a            3.000         10.000      7.000      MMCME2_ADV_X0Y0  u_idelay_clkgen/u_mmcm/CLKIN1



---------------------------------------------------------------------------------------------------
From Clock:  clkfbout
  To Clock:  clkfbout

Setup :           NA  Failing Endpoints,  Worst Slack           NA  ,  Total Violation           NA
Hold  :           NA  Failing Endpoints,  Worst Slack           NA  ,  Total Violation           NA
PW    :            0  Failing Endpoints,  Worst Slack       18.408ns,  Total Violation        0.000ns
---------------------------------------------------------------------------------------------------


Pulse Width Checks
--------------------------------------------------------------------------------------
Clock Name:         clkfbout
Waveform(ns):       { 0.000 10.000 }
Period(ns):         20.000
Sources:            { u_idelay_clkgen/u_mmcm/CLKFBOUT }

Check Type  Corner  Lib Pin             Reference Pin  Required(ns)  Actual(ns)  Slack(ns)  Location         Pin
Min Period  n/a     BUFG/I              n/a            1.592         20.000      18.408     BUFGCTRL_X0Y5    u_idelay_clkgen/u_bufg_fb/I
Max Period  n/a     MMCME2_ADV/CLKFBIN  n/a            100.000       20.000      80.000     MMCME2_ADV_X0Y0  u_idelay_clkgen/u_mmcm/CLKFBIN



---------------------------------------------------------------------------------------------------
From Clock:  clkfbout_1
  To Clock:  clkfbout_1

Setup :           NA  Failing Endpoints,  Worst Slack           NA  ,  Total Violation           NA
Hold  :           NA  Failing Endpoints,  Worst Slack           NA  ,  Total Violation           NA
PW    :            0  Failing Endpoints,  Worst Slack       18.408ns,  Total Violation        0.000ns
---------------------------------------------------------------------------------------------------


Pulse Width Checks
--------------------------------------------------------------------------------------
Clock Name:         clkfbout_1
Waveform(ns):       { 0.000 10.000 }
Period(ns):         20.000
Sources:            { u_pl/u_clk/u_mmcm/CLKFBOUT }

Check Type  Corner  Lib Pin             Reference Pin  Required(ns)  Actual(ns)  Slack(ns)  Location         Pin
Min Period  n/a     BUFG/I              n/a            1.592         20.000      18.408     BUFGCTRL_X0Y6    u_pl/u_clk/u_bufg_fb/I
Max Period  n/a     MMCME2_ADV/CLKFBIN  n/a            100.000       20.000      80.000     MMCME2_ADV_X1Y0  u_pl/u_clk/u_mmcm/CLKFBIN



---------------------------------------------------------------------------------------------------
From Clock:  clkout0_1
  To Clock:  clkout0_1

Setup :            0  Failing Endpoints,  Worst Slack        1.532ns,  Total Violation        0.000ns
Hold  :            0  Failing Endpoints,  Worst Slack        0.056ns,  Total Violation        0.000ns
PW    :            0  Failing Endpoints,  Worst Slack        8.870ns,  Total Violation        0.000ns
---------------------------------------------------------------------------------------------------


Max Delay Paths
--------------------------------------------------------------------------------------
Slack (MET) :             1.532ns  (required time - arrival time)
  Source:                 u_pl/u_split_ctrl/prod/CLK
                            (rising edge-triggered cell DSP48E1 clocked by clkout0_1  {rise@0.000ns fall@10.000ns period=20.000ns})
  Destination:            u_pl/u_osd/b_reg[2]/D
                            (rising edge-triggered cell FDCE clocked by clkout0_1  {rise@0.000ns fall@10.000ns period=20.000ns})
  Path Group:             clkout0_1
  Path Type:              Setup (Max at Slow Process Corner)
  Requirement:            20.000ns  (clkout0_1 rise@20.000ns - clkout0_1 rise@0.000ns)
  Data Path Delay:        18.290ns  (logic 4.078ns (22.297%)  route 14.212ns (77.703%))
  Logic Levels:           24  (CARRY4=2 LUT2=2 LUT3=2 LUT4=2 LUT5=1 LUT6=14 MUXF7=1)
  Clock Path Skew:        -0.114ns (DCD - SCD + CPR)
    Destination Clock Delay (DCD):    4.478ns = ( 24.478 - 20.000 ) 
    Source Clock Delay      (SCD):    4.838ns
    Clock Pessimism Removal (CPR):    0.246ns
  Clock Uncertainty:      0.094ns  ((TSJ^2 + DJ^2)^1/2) / 2 + PE
    Total System Jitter     (TSJ):    0.071ns
    Discrete Jitter          (DJ):    0.175ns
    Phase Error              (PE):    0.000ns

    Location             Delay type                Incr(ns)  Path(ns)    Netlist Resource(s)
  -------------------------------------------------------------------    -------------------
                         (clock clkout0_1 rise edge)
                                                      0.000     0.000 r  
    W17                                               0.000     0.000 r  sys_clk (IN)
                         net (fo=0)                   0.000     0.000    sys_clk
    W17                  IBUF (Prop_ibuf_I_O)         1.415     1.415 r  sys_clk_IBUF_inst/O
                         net (fo=1, routed)           1.873     3.288    sys_clk_IBUF
    BUFGCTRL_X0Y4        BUFG (Prop_bufg_I_O)         0.085     3.373 r  sys_clk_IBUF_BUFG_inst/O
                         net (fo=185, routed)         1.550     4.923    u_pl/u_clk/CLK
    MMCME2_ADV_X1Y0      MMCME2_ADV (Prop_mmcme2_adv_CLKIN1_CLKOUT0)
                                                     -3.232     1.691 r  u_pl/u_clk/u_mmcm/CLKOUT0
                         net (fo=1, routed)           1.597     3.288    u_pl/u_clk/clkout0
    BUFGCTRL_X0Y0        BUFG (Prop_bufg_I_O)         0.085     3.373 r  u_pl/u_clk/u_bufg_pix/O
                         net (fo=5475, routed)        1.465     4.838    u_pl/u_split_ctrl/clk_pix
    DSP48_X2Y32          DSP48E1                                      r  u_pl/u_split_ctrl/prod/CLK
  -------------------------------------------------------------------    -------------------
    DSP48_X2Y32          DSP48E1 (Prop_dsp48e1_CLK_P[19])
                                                      0.370     5.208 r  u_pl/u_split_ctrl/prod/P[19]
                         net (fo=1, routed)           1.272     6.480    u_pl/u_split_ctrl/prod__0[19]
    SLICE_X51Y95         LUT2 (Prop_lut2_I0_O)        0.124     6.604 r  u_pl/u_split_ctrl/g0_b0_i_464/O
                         net (fo=14, routed)          1.028     7.632    u_pl/u_split_ctrl/split_pct_w[5]
    SLICE_X54Y97         LUT6 (Prop_lut6_I1_O)        0.267     7.899 f  u_pl/u_split_ctrl/g0_b0_i_459/O
                         net (fo=4, routed)           0.527     8.426    u_pl/u_split_ctrl/g0_b0_i_459_n_0
    SLICE_X55Y97         LUT6 (Prop_lut6_I5_O)        0.105     8.531 f  u_pl/u_split_ctrl/g0_b0_i_278/O
                         net (fo=11, routed)          0.385     8.916    u_pl/u_split_ctrl/g0_b0_i_278_n_0
    SLICE_X56Y98         LUT4 (Prop_lut4_I2_O)        0.105     9.021 r  u_pl/u_split_ctrl/g0_b0_i_274/O
                         net (fo=33, routed)          0.751     9.773    u_pl/u_split_ctrl/g0_b0_i_224_0
    SLICE_X60Y102        LUT6 (Prop_lut6_I2_O)        0.105     9.878 f  u_pl/u_split_ctrl/g0_b0_i_425/O
                         net (fo=2, routed)           0.357    10.234    u_pl/u_split_ctrl/bus_q_reg[10]_rep_39
    SLICE_X60Y102        LUT5 (Prop_lut5_I0_O)        0.105    10.339 r  u_pl/u_split_ctrl/g0_b0_i_473/O
                         net (fo=4, routed)           0.418    10.757    u_pl/u_lat_x/g0_b0_i_243_1
    SLICE_X61Y102        LUT4 (Prop_lut4_I0_O)        0.105    10.862 r  u_pl/u_lat_x/g0_b0_i_476/O
                         net (fo=1, routed)           0.000    10.862    u_pl/u_split_ctrl/g0_b0_i_436[1]
    SLICE_X61Y102        CARRY4 (Prop_carry4_S[2]_CO[3])
                                                      0.332    11.194 r  u_pl/u_split_ctrl/g0_b0_i_243/CO[3]
                         net (fo=1, routed)           0.000    11.194    u_pl/u_lat_x/g0_b0_i_552[0]
    SLICE_X61Y103        CARRY4 (Prop_carry4_CI_O[0])
                                                      0.180    11.374 r  u_pl/u_lat_x/g0_b0_i_242/O[0]
                         net (fo=19, routed)          0.614    11.988    u_pl/u_split_ctrl/g0_b0_i_320_1[0]
    SLICE_X59Y103        LUT6 (Prop_lut6_I1_O)        0.249    12.237 r  u_pl/u_split_ctrl/g0_b0_i_258/O
                         net (fo=11, routed)          0.822    13.059    u_pl/u_osd/g0_b0_i_295
    SLICE_X63Y99         LUT3 (Prop_lut3_I2_O)        0.108    13.167 f  u_pl/u_osd/g0_b0_i_526/O
                         net (fo=1, routed)           0.348    13.515    u_pl/u_split_ctrl/g0_b0_i_119_1
    SLICE_X63Y99         LUT6 (Prop_lut6_I3_O)        0.267    13.782 r  u_pl/u_split_ctrl/g0_b0_i_295/O
                         net (fo=1, routed)           0.204    13.986    u_pl/u_split_ctrl/g0_b0_i_295_n_0
    SLICE_X63Y99         LUT6 (Prop_lut6_I5_O)        0.105    14.091 r  u_pl/u_split_ctrl/g0_b0_i_119/O
                         net (fo=1, routed)           0.600    14.692    u_pl/u_osd/g0_b0_i_23_5
    SLICE_X62Y103        LUT6 (Prop_lut6_I3_O)        0.105    14.797 r  u_pl/u_osd/g0_b0_i_45/O
                         net (fo=1, routed)           0.461    15.257    u_pl/u_osd/g0_b0_i_45_n_0
    SLICE_X56Y102        LUT6 (Prop_lut6_I3_O)        0.105    15.362 r  u_pl/u_osd/g0_b0_i_23/O
                         net (fo=12, routed)          1.004    16.366    u_pl/u_osd/chars[0]
    SLICE_X62Y97         LUT6 (Prop_lut6_I2_O)        0.105    16.471 r  u_pl/u_osd/g0_b0_i_20/O
                         net (fo=1, routed)           0.560    17.030    u_pl/u_osd/g0_b0_i_20_n_0
    SLICE_X62Y97         LUT3 (Prop_lut3_I2_O)        0.118    17.148 r  u_pl/u_osd/g0_b0_i_5/O
                         net (fo=35, routed)          1.111    18.259    u_pl/glyph_idx[4]
    SLICE_X61Y85         LUT6 (Prop_lut6_I4_O)        0.264    18.523 f  u_pl/g0_b0__2/O
                         net (fo=1, routed)           0.000    18.523    u_pl/u_osd/r_reg[7]_i_14_1[0]
    SLICE_X61Y85         MUXF7 (Prop_muxf7_I1_O)      0.182    18.705 f  u_pl/u_osd/r_reg[7]_i_38/O
                         net (fo=1, routed)           0.550    19.255    u_pl/u_osd/r_reg[7]_i_38_n_0
    SLICE_X61Y85         LUT6 (Prop_lut6_I0_O)        0.252    19.507 f  u_pl/u_osd/r[7]_i_33/O
                         net (fo=1, routed)           0.455    19.962    u_pl/u_osd/r[7]_i_33_n_0
    SLICE_X55Y85         LUT6 (Prop_lut6_I0_O)        0.105    20.067 f  u_pl/u_osd/r[7]_i_19/O
                         net (fo=1, routed)           0.546    20.613    u_pl/u_osd/r[7]_i_19_n_0
    SLICE_X53Y82         LUT6 (Prop_lut6_I0_O)        0.105    20.718 r  u_pl/u_osd/r[7]_i_8/O
                         net (fo=1, routed)           0.116    20.834    u_pl/u_osd/r[7]_i_8_n_0
    SLICE_X53Y82         LUT6 (Prop_lut6_I5_O)        0.105    20.939 f  u_pl/u_osd/r[7]_i_2/O
                         net (fo=19, routed)          2.084    23.023    u_pl/u_osd/r[7]_i_2_n_0
    SLICE_X91Y20         LUT2 (Prop_lut2_I1_O)        0.105    23.128 r  u_pl/u_osd/b[2]_i_1/O
                         net (fo=1, routed)           0.000    23.128    u_pl/u_osd/b[2]_i_1_n_0
    SLICE_X91Y20         FDCE                                         r  u_pl/u_osd/b_reg[2]/D
  -------------------------------------------------------------------    -------------------

                         (clock clkout0_1 rise edge)
                                                     20.000    20.000 r  
    W17                                               0.000    20.000 r  sys_clk (IN)
                         net (fo=0)                   0.000    20.000    sys_clk
    W17                  IBUF (Prop_ibuf_I_O)         1.349    21.349 r  sys_clk_IBUF_inst/O
                         net (fo=1, routed)           1.701    23.050    sys_clk_IBUF
    BUFGCTRL_X0Y4        BUFG (Prop_bufg_I_O)         0.077    23.127 r  sys_clk_IBUF_BUFG_inst/O
                         net (fo=185, routed)         1.384    24.511    u_pl/u_clk/CLK
    MMCME2_ADV_X1Y0      MMCME2_ADV (Prop_mmcme2_adv_CLKIN1_CLKOUT0)
                                                     -2.915    21.596 r  u_pl/u_clk/u_mmcm/CLKOUT0
                         net (fo=1, routed)           1.454    23.050    u_pl/u_clk/clkout0
    BUFGCTRL_X0Y0        BUFG (Prop_bufg_I_O)         0.077    23.127 r  u_pl/u_clk/u_bufg_pix/O
                         net (fo=5475, routed)        1.351    24.478    u_pl/u_osd/clk_pix
    SLICE_X91Y20         FDCE                                         r  u_pl/u_osd/b_reg[2]/C
                         clock pessimism              0.246    24.724    
                         clock uncertainty           -0.094    24.630    
    SLICE_X91Y20         FDCE (Setup_fdce_C_D)        0.030    24.660    u_pl/u_osd/b_reg[2]
  -------------------------------------------------------------------
                         required time                         24.660    
                         arrival time                         -23.128    
  -------------------------------------------------------------------
                         slack                                  1.532    





Min Delay Paths
--------------------------------------------------------------------------------------
Slack (MET) :             0.056ns  (arrival time - required time)
  Source:                 u_pl/u_bilin/j_d3_reg[3]_rep__3/C
                            (rising edge-triggered cell FDCE clocked by clkout0_1  {rise@0.000ns fall@10.000ns period=20.000ns})
  Destination:            u_pl/u_blur/lb0_reg_256_319_15_15/DP/WADR4
                            (rising edge-triggered cell RAMD64E clocked by clkout0_1  {rise@0.000ns fall@10.000ns period=20.000ns})
  Path Group:             clkout0_1
  Path Type:              Hold (Min at Fast Process Corner)
  Requirement:            0.000ns  (clkout0_1 rise@0.000ns - clkout0_1 rise@0.000ns)
  Data Path Delay:        0.272ns  (logic 0.141ns (51.834%)  route 0.131ns (48.166%))
  Logic Levels:           0  
  Clock Path Skew:        0.016ns (DCD - SCD - CPR)
    Destination Clock Delay (DCD):    2.051ns
    Source Clock Delay      (SCD):    1.534ns
    Clock Pessimism Removal (CPR):    0.501ns

    Location             Delay type                Incr(ns)  Path(ns)    Netlist Resource(s)
  -------------------------------------------------------------------    -------------------
                         (clock clkout0_1 rise edge)
                                                      0.000     0.000 r  
    W17                                               0.000     0.000 r  sys_clk (IN)
                         net (fo=0)                   0.000     0.000    sys_clk
    W17                  IBUF (Prop_ibuf_I_O)         0.252     0.252 r  sys_clk_IBUF_inst/O
                         net (fo=1, routed)           0.674     0.926    sys_clk_IBUF
    BUFGCTRL_X0Y4        BUFG (Prop_bufg_I_O)         0.026     0.952 r  sys_clk_IBUF_BUFG_inst/O
                         net (fo=185, routed)         0.595     1.547    u_pl/u_clk/CLK
    MMCME2_ADV_X1Y0      MMCME2_ADV (Prop_mmcme2_adv_CLKIN1_CLKOUT0)
                                                     -1.150     0.397 r  u_pl/u_clk/u_mmcm/CLKOUT0
                         net (fo=1, routed)           0.529     0.926    u_pl/u_clk/clkout0
    BUFGCTRL_X0Y0        BUFG (Prop_bufg_I_O)         0.026     0.952 r  u_pl/u_clk/u_bufg_pix/O
                         net (fo=5475, routed)        0.582     1.534    u_pl/u_bilin/clk_pix
    SLICE_X65Y50         FDCE                                         r  u_pl/u_bilin/j_d3_reg[3]_rep__3/C
  -------------------------------------------------------------------    -------------------
    SLICE_X65Y50         FDCE (Prop_fdce_C_Q)         0.141     1.675 r  u_pl/u_bilin/j_d3_reg[3]_rep__3/Q
                         net (fo=111, routed)         0.131     1.806    u_pl/u_blur/lb0_reg_256_319_15_15/A4
    SLICE_X66Y50         RAMD64E                                      r  u_pl/u_blur/lb0_reg_256_319_15_15/DP/WADR4
  -------------------------------------------------------------------    -------------------

                         (clock clkout0_1 rise edge)
                                                      0.000     0.000 r  
    W17                                               0.000     0.000 r  sys_clk (IN)
                         net (fo=0)                   0.000     0.000    sys_clk
    W17                  IBUF (Prop_ibuf_I_O)         0.440     0.440 r  sys_clk_IBUF_inst/O
                         net (fo=1, routed)           0.731     1.171    sys_clk_IBUF
    BUFGCTRL_X0Y4        BUFG (Prop_bufg_I_O)         0.029     1.200 r  sys_clk_IBUF_BUFG_inst/O
                         net (fo=185, routed)         0.862     2.062    u_pl/u_clk/CLK
    MMCME2_ADV_X1Y0      MMCME2_ADV (Prop_mmcme2_adv_CLKIN1_CLKOUT0)
                                                     -1.467     0.595 r  u_pl/u_clk/u_mmcm/CLKOUT0
                         net (fo=1, routed)           0.576     1.171    u_pl/u_clk/clkout0
    BUFGCTRL_X0Y0        BUFG (Prop_bufg_I_O)         0.029     1.200 r  u_pl/u_clk/u_bufg_pix/O
                         net (fo=5475, routed)        0.851     2.051    u_pl/u_blur/lb0_reg_256_319_15_15/WCLK
    SLICE_X66Y50         RAMD64E                                      r  u_pl/u_blur/lb0_reg_256_319_15_15/DP/CLK
                         clock pessimism             -0.501     1.550    
    SLICE_X66Y50         RAMD64E (Hold_ramd64e_CLK_WADR4)
                                                      0.200     1.750    u_pl/u_blur/lb0_reg_256_319_15_15/DP
  -------------------------------------------------------------------
                         required time                         -1.750    
                         arrival time                           1.806    
  -------------------------------------------------------------------
                         slack                                  0.056    





Pulse Width Checks
--------------------------------------------------------------------------------------
Clock Name:         clkout0_1
Waveform(ns):       { 0.000 10.000 }
Period(ns):         20.000
Sources:            { u_pl/u_clk/u_mmcm/CLKOUT0 }

Check Type        Corner  Lib Pin             Reference Pin  Required(ns)  Actual(ns)  Slack(ns)  Location         Pin
Min Period        n/a     DSP48E1/CLK         n/a            3.272         20.000      16.728     DSP48_X4Y42      u_pl/u_zmap/yr_m_reg/CLK
Max Period        n/a     MMCME2_ADV/CLKOUT0  n/a            213.360       20.000      193.360    MMCME2_ADV_X1Y0  u_pl/u_clk/u_mmcm/CLKOUT0
Low Pulse Width   Slow    RAMD64E/CLK         n/a            1.130         10.000      8.870      SLICE_X58Y37     u_pl/u_blur/lb0_reg_0_63_0_2/RAMA/CLK
High Pulse Width  Slow    RAMD64E/CLK         n/a            1.130         10.000      8.870      SLICE_X58Y37     u_pl/u_blur/lb0_reg_0_63_0_2/RAMA/CLK



---------------------------------------------------------------------------------------------------
From Clock:  clkout1_1
  To Clock:  clkout1_1

Setup :           NA  Failing Endpoints,  Worst Slack           NA  ,  Total Violation           NA
Hold  :           NA  Failing Endpoints,  Worst Slack           NA  ,  Total Violation           NA
PW    :            0  Failing Endpoints,  Worst Slack        2.408ns,  Total Violation        0.000ns
---------------------------------------------------------------------------------------------------


Pulse Width Checks
--------------------------------------------------------------------------------------
Clock Name:         clkout1_1
Waveform(ns):       { 0.000 2.000 }
Period(ns):         4.000
Sources:            { u_pl/u_clk/u_mmcm/CLKOUT1 }

Check Type  Corner  Lib Pin             Reference Pin  Required(ns)  Actual(ns)  Slack(ns)  Location         Pin
Min Period  n/a     BUFG/I              n/a            1.592         4.000       2.408      BUFGCTRL_X0Y2    u_pl/u_clk/u_bufg_5x/I
Max Period  n/a     MMCME2_ADV/CLKOUT1  n/a            213.360       4.000       209.360    MMCME2_ADV_X1Y0  u_pl/u_clk/u_mmcm/CLKOUT1



---------------------------------------------------------------------------------------------------
From Clock:  clkout2
  To Clock:  clkout2

Setup :           NA  Failing Endpoints,  Worst Slack           NA  ,  Total Violation           NA
Hold  :           NA  Failing Endpoints,  Worst Slack           NA  ,  Total Violation           NA
PW    :            0  Failing Endpoints,  Worst Slack        0.264ns,  Total Violation        0.000ns
---------------------------------------------------------------------------------------------------


Pulse Width Checks
--------------------------------------------------------------------------------------
Clock Name:         clkout2
Waveform(ns):       { 0.000 2.500 }
Period(ns):         5.000
Sources:            { u_idelay_clkgen/u_mmcm/CLKOUT2 }

Check Type  Corner  Lib Pin            Reference Pin  Required(ns)  Actual(ns)  Slack(ns)  Location         Pin
Min Period  n/a     IDELAYCTRL/REFCLK  n/a            2.438         5.000       2.562      IDELAYCTRL_X1Y0  u_eth/u_rgmii/u_rgmii_rx/IDELAYCTRL_inst/REFCLK
Max Period  n/a     IDELAYCTRL/REFCLK  n/a            5.264         5.000       0.264      IDELAYCTRL_X1Y0  u_eth/u_rgmii/u_rgmii_rx/IDELAYCTRL_inst/REFCLK



---------------------------------------------------------------------------------------------------
From Clock:  clkout0_1
  To Clock:  sys_clk

Setup :            0  Failing Endpoints,  Worst Slack       14.518ns,  Total Violation        0.000ns
Hold  :            0  Failing Endpoints,  Worst Slack        0.139ns,  Total Violation        0.000ns
---------------------------------------------------------------------------------------------------


Max Delay Paths
--------------------------------------------------------------------------------------
Slack (MET) :             14.518ns  (required time - arrival time)
  Source:                 u_pl/u_split_x/bus_q_reg[16]/C
                            (rising edge-triggered cell FDCE clocked by clkout0_1  {rise@0.000ns fall@10.000ns period=20.000ns})
  Destination:            u_pl/u_ang/angle_reg[5]/D
                            (rising edge-triggered cell FDRE clocked by sys_clk  {rise@0.000ns fall@10.000ns period=20.000ns})
  Path Group:             sys_clk
  Path Type:              Setup (Max at Slow Process Corner)
  Requirement:            20.000ns  (sys_clk rise@20.000ns - clkout0_1 rise@0.000ns)
  Data Path Delay:        4.971ns  (logic 1.678ns (33.756%)  route 3.293ns (66.244%))
  Logic Levels:           7  (CARRY4=3 LUT2=1 LUT6=3)
  Clock Path Skew:        -0.171ns (DCD - SCD + CPR)
    Destination Clock Delay (DCD):    4.567ns = ( 24.567 - 20.000 ) 
    Source Clock Delay      (SCD):    4.984ns
    Clock Pessimism Removal (CPR):    0.246ns
  Clock Uncertainty:      0.259ns  ((TSJ^2 + DJ^2)^1/2) / 2 + PE
    Total System Jitter     (TSJ):    0.071ns
    Discrete Jitter          (DJ):    0.175ns
    Phase Error              (PE):    0.165ns

    Location             Delay type                Incr(ns)  Path(ns)    Netlist Resource(s)
  -------------------------------------------------------------------    -------------------
                         (clock clkout0_1 rise edge)
                                                      0.000     0.000 r  
    W17                                               0.000     0.000 r  sys_clk (IN)
                         net (fo=0)                   0.000     0.000    sys_clk
    W17                  IBUF (Prop_ibuf_I_O)         1.415     1.415 r  sys_clk_IBUF_inst/O
                         net (fo=1, routed)           1.873     3.288    sys_clk_IBUF
    BUFGCTRL_X0Y4        BUFG (Prop_bufg_I_O)         0.085     3.373 r  sys_clk_IBUF_BUFG_inst/O
                         net (fo=185, routed)         1.550     4.923    u_pl/u_clk/CLK
    MMCME2_ADV_X1Y0      MMCME2_ADV (Prop_mmcme2_adv_CLKIN1_CLKOUT0)
                                                     -3.232     1.691 r  u_pl/u_clk/u_mmcm/CLKOUT0
                         net (fo=1, routed)           1.597     3.288    u_pl/u_clk/clkout0
    BUFGCTRL_X0Y0        BUFG (Prop_bufg_I_O)         0.085     3.373 r  u_pl/u_clk/u_bufg_pix/O
                         net (fo=5475, routed)        1.611     4.984    u_pl/u_split_x/clk_pix
    SLICE_X57Y108        FDCE                                         r  u_pl/u_split_x/bus_q_reg[16]/C
  -------------------------------------------------------------------    -------------------
    SLICE_X57Y108        FDCE (Prop_fdce_C_Q)         0.379     5.363 r  u_pl/u_split_x/bus_q_reg[16]/Q
                         net (fo=2, routed)           1.008     6.372    u_pl/u_ang/bus_q[1]
    SLICE_X59Y111        LUT2 (Prop_lut2_I1_O)        0.105     6.477 r  u_pl/u_ang/angle[3]_i_7/O
                         net (fo=1, routed)           0.000     6.477    u_pl/u_ang/angle[3]_i_7_n_0
    SLICE_X59Y111        CARRY4 (Prop_carry4_S[1]_CO[3])
                                                      0.457     6.934 r  u_pl/u_ang/angle_reg[3]_i_2/CO[3]
                         net (fo=1, routed)           0.000     6.934    u_pl/u_ang/angle_reg[3]_i_2_n_0
    SLICE_X59Y112        CARRY4 (Prop_carry4_CI_CO[3])
                                                      0.098     7.032 r  u_pl/u_ang/angle_reg[7]_i_4/CO[3]
                         net (fo=1, routed)           0.000     7.032    u_pl/u_ang/angle_reg[7]_i_4_n_0
    SLICE_X59Y113        CARRY4 (Prop_carry4_CI_O[0])
                                                      0.180     7.212 r  u_pl/u_ang/angle_reg[3]_i_4/O[0]
                         net (fo=3, routed)           0.676     7.887    u_pl/u_ang/angle_reg[3]_i_4_n_7
    SLICE_X58Y112        LUT6 (Prop_lut6_I0_O)        0.249     8.136 r  u_pl/u_ang/angle[3]_i_3/O
                         net (fo=4, routed)           0.513     8.649    u_pl/u_ang/angle[3]_i_3_n_0
    SLICE_X60Y111        LUT6 (Prop_lut6_I3_O)        0.105     8.754 r  u_pl/u_ang/angle[5]_i_2/O
                         net (fo=1, routed)           0.644     9.397    u_pl/u_ang/angle[5]_i_2_n_0
    SLICE_X63Y112        LUT6 (Prop_lut6_I4_O)        0.105     9.502 r  u_pl/u_ang/angle[5]_i_1/O
                         net (fo=1, routed)           0.453     9.955    u_pl/u_ang/p_1_in__0[5]
    SLICE_X61Y112        FDRE                                         r  u_pl/u_ang/angle_reg[5]/D
  -------------------------------------------------------------------    -------------------

                         (clock sys_clk rise edge)   20.000    20.000 r  
    W17                                               0.000    20.000 r  sys_clk (IN)
                         net (fo=0)                   0.000    20.000    sys_clk
    W17                  IBUF (Prop_ibuf_I_O)         1.349    21.349 r  sys_clk_IBUF_inst/O
                         net (fo=1, routed)           1.701    23.050    sys_clk_IBUF
    BUFGCTRL_X0Y4        BUFG (Prop_bufg_I_O)         0.077    23.127 r  sys_clk_IBUF_BUFG_inst/O
                         net (fo=185, routed)         1.440    24.567    u_pl/u_ang/CLK
    SLICE_X61Y112        FDRE                                         r  u_pl/u_ang/angle_reg[5]/C
                         clock pessimism              0.246    24.813    
                         clock uncertainty           -0.259    24.554    
    SLICE_X61Y112        FDRE (Setup_fdre_C_D)       -0.081    24.473    u_pl/u_ang/angle_reg[5]
  -------------------------------------------------------------------
                         required time                         24.473    
                         arrival time                          -9.955    
  -------------------------------------------------------------------
                         slack                                 14.518    





Min Delay Paths
--------------------------------------------------------------------------------------
Slack (MET) :             0.139ns  (arrival time - required time)
  Source:                 u_pl/rot_fs_tog_reg/C
                            (rising edge-triggered cell FDCE clocked by clkout0_1  {rise@0.000ns fall@10.000ns period=20.000ns})
  Destination:            u_pl/u_ang/fs_s_reg[0]/D
                            (rising edge-triggered cell FDRE clocked by sys_clk  {rise@0.000ns fall@10.000ns period=20.000ns})
  Path Group:             sys_clk
  Path Type:              Hold (Min at Fast Process Corner)
  Requirement:            0.000ns  (sys_clk rise@0.000ns - clkout0_1 rise@0.000ns)
  Data Path Delay:        0.718ns  (logic 0.164ns (22.832%)  route 0.554ns (77.168%))
  Logic Levels:           0  
  Clock Path Skew:        0.274ns (DCD - SCD - CPR)
    Destination Clock Delay (DCD):    2.133ns
    Source Clock Delay      (SCD):    1.611ns
    Clock Pessimism Removal (CPR):    0.248ns
  Clock Uncertainty:      0.259ns  ((TSJ^2 + DJ^2)^1/2) / 2 + PE
    Total System Jitter     (TSJ):    0.071ns
    Discrete Jitter          (DJ):    0.175ns
    Phase Error              (PE):    0.165ns

    Location             Delay type                Incr(ns)  Path(ns)    Netlist Resource(s)
  -------------------------------------------------------------------    -------------------
                         (clock clkout0_1 rise edge)
                                                      0.000     0.000 r  
    W17                                               0.000     0.000 r  sys_clk (IN)
                         net (fo=0)                   0.000     0.000    sys_clk
    W17                  IBUF (Prop_ibuf_I_O)         0.252     0.252 r  sys_clk_IBUF_inst/O
                         net (fo=1, routed)           0.674     0.926    sys_clk_IBUF
    BUFGCTRL_X0Y4        BUFG (Prop_bufg_I_O)         0.026     0.952 r  sys_clk_IBUF_BUFG_inst/O
                         net (fo=185, routed)         0.595     1.547    u_pl/u_clk/CLK
    MMCME2_ADV_X1Y0      MMCME2_ADV (Prop_mmcme2_adv_CLKIN1_CLKOUT0)
                                                     -1.150     0.397 r  u_pl/u_clk/u_mmcm/CLKOUT0
                         net (fo=1, routed)           0.529     0.926    u_pl/u_clk/clkout0
    BUFGCTRL_X0Y0        BUFG (Prop_bufg_I_O)         0.026     0.952 r  u_pl/u_clk/u_bufg_pix/O
                         net (fo=5475, routed)        0.659     1.611    u_pl/clk_pix
    SLICE_X58Y110        FDCE                                         r  u_pl/rot_fs_tog_reg/C
  -------------------------------------------------------------------    -------------------
    SLICE_X58Y110        FDCE (Prop_fdce_C_Q)         0.164     1.775 r  u_pl/rot_fs_tog_reg/Q
                         net (fo=2, routed)           0.554     2.329    u_pl/u_ang/rot_fs_tog
    SLICE_X59Y110        FDRE                                         r  u_pl/u_ang/fs_s_reg[0]/D
  -------------------------------------------------------------------    -------------------

                         (clock sys_clk rise edge)    0.000     0.000 r  
    W17                                               0.000     0.000 r  sys_clk (IN)
                         net (fo=0)                   0.000     0.000    sys_clk
    W17                  IBUF (Prop_ibuf_I_O)         0.440     0.440 r  sys_clk_IBUF_inst/O
                         net (fo=1, routed)           0.731     1.171    sys_clk_IBUF
    BUFGCTRL_X0Y4        BUFG (Prop_bufg_I_O)         0.029     1.200 r  sys_clk_IBUF_BUFG_inst/O
                         net (fo=185, routed)         0.933     2.133    u_pl/u_ang/CLK
    SLICE_X59Y110        FDRE                                         r  u_pl/u_ang/fs_s_reg[0]/C
                         clock pessimism             -0.248     1.885    
                         clock uncertainty            0.259     2.144    
    SLICE_X59Y110        FDRE (Hold_fdre_C_D)         0.046     2.190    u_pl/u_ang/fs_s_reg[0]
  -------------------------------------------------------------------
                         required time                         -2.190    
                         arrival time                           2.329    
  -------------------------------------------------------------------
                         slack                                  0.139    





---------------------------------------------------------------------------------------------------
From Clock:  sys_clk
  To Clock:  clkout0_1

Setup :            0  Failing Endpoints,  Worst Slack        2.810ns,  Total Violation        0.000ns
Hold  :            0  Failing Endpoints,  Worst Slack        0.184ns,  Total Violation        0.000ns
---------------------------------------------------------------------------------------------------


Max Delay Paths
--------------------------------------------------------------------------------------
Slack (MET) :             2.810ns  (required time - arrival time)
  Source:                 u_pl/u_ang/angle_reg[1]/C
                            (rising edge-triggered cell FDRE clocked by sys_clk  {rise@0.000ns fall@10.000ns period=20.000ns})
  Destination:            u_pl/u_osd/b_reg[2]/D
                            (rising edge-triggered cell FDCE clocked by clkout0_1  {rise@0.000ns fall@10.000ns period=20.000ns})
  Path Group:             clkout0_1
  Path Type:              Setup (Max at Slow Process Corner)
  Requirement:            20.000ns  (clkout0_1 rise@20.000ns - sys_clk rise@0.000ns)
  Data Path Delay:        16.703ns  (logic 4.794ns (28.702%)  route 11.909ns (71.298%))
  Logic Levels:           21  (CARRY4=4 LUT2=1 LUT3=2 LUT4=1 LUT5=2 LUT6=10 MUXF7=1)
  Clock Path Skew:        -0.258ns (DCD - SCD + CPR)
    Destination Clock Delay (DCD):    4.478ns = ( 24.478 - 20.000 ) 
    Source Clock Delay      (SCD):    4.982ns
    Clock Pessimism Removal (CPR):    0.246ns
  Clock Uncertainty:      0.259ns  ((TSJ^2 + DJ^2)^1/2) / 2 + PE
    Total System Jitter     (TSJ):    0.071ns
    Discrete Jitter          (DJ):    0.175ns
    Phase Error              (PE):    0.165ns

    Location             Delay type                Incr(ns)  Path(ns)    Netlist Resource(s)
  -------------------------------------------------------------------    -------------------
                         (clock sys_clk rise edge)    0.000     0.000 r  
    W17                                               0.000     0.000 r  sys_clk (IN)
                         net (fo=0)                   0.000     0.000    sys_clk
    W17                  IBUF (Prop_ibuf_I_O)         1.415     1.415 r  sys_clk_IBUF_inst/O
                         net (fo=1, routed)           1.873     3.288    sys_clk_IBUF
    BUFGCTRL_X0Y4        BUFG (Prop_bufg_I_O)         0.085     3.373 r  sys_clk_IBUF_BUFG_inst/O
                         net (fo=185, routed)         1.609     4.982    u_pl/u_ang/CLK
    SLICE_X59Y111        FDRE                                         r  u_pl/u_ang/angle_reg[1]/C
  -------------------------------------------------------------------    -------------------
    SLICE_X59Y111        FDRE (Prop_fdre_C_Q)         0.379     5.361 r  u_pl/u_ang/angle_reg[1]/Q
                         net (fo=196, routed)         0.638     5.999    u_pl/u_ang/angle_reg_n_0_[1]
    SLICE_X56Y108        CARRY4 (Prop_carry4_S[0]_CO[3])
                                                      0.545     6.544 r  u_pl/u_ang/g0_b0_i_647/CO[3]
                         net (fo=1, routed)           0.000     6.544    u_pl/u_ang/g0_b0_i_647_n_0
    SLICE_X56Y109        CARRY4 (Prop_carry4_CI_CO[3])
                                                      0.098     6.642 r  u_pl/u_ang/g0_b0_i_417/CO[3]
                         net (fo=1, routed)           0.000     6.642    u_pl/u_ang/g0_b0_i_417_n_0
    SLICE_X56Y110        CARRY4 (Prop_carry4_CI_O[1])
                                                      0.265     6.907 r  u_pl/u_ang/g0_b0_i_180/O[1]
                         net (fo=17, routed)          0.707     7.614    u_pl/u_ang/g0_b0_i_180_n_6
    SLICE_X57Y109        LUT3 (Prop_lut3_I0_O)        0.264     7.878 r  u_pl/u_ang/g0_b0_i_412/O
                         net (fo=2, routed)           0.695     8.573    u_pl/u_ang/g0_b0_i_412_n_0
    SLICE_X57Y109        LUT5 (Prop_lut5_I0_O)        0.267     8.840 r  u_pl/u_ang/g0_b0_i_415/O
                         net (fo=1, routed)           0.000     8.840    u_pl/u_ang/g0_b0_i_415_n_0
    SLICE_X57Y109        CARRY4 (Prop_carry4_S[1]_CO[2])
                                                      0.475     9.315 r  u_pl/u_ang/g0_b0_i_179/CO[2]
                         net (fo=9, routed)           0.549     9.864    u_pl/u_ang/g0_b0_i_179_n_1
    SLICE_X55Y108        LUT4 (Prop_lut4_I0_O)        0.282    10.146 r  u_pl/u_ang/g0_b0_i_72/O
                         net (fo=46, routed)          0.970    11.116    u_pl/u_osd/g0_b0_i_67_0
    SLICE_X55Y107        LUT5 (Prop_lut5_I2_O)        0.281    11.397 r  u_pl/u_osd/g0_b0_i_581/O
                         net (fo=1, routed)           0.206    11.604    u_pl/u_osd/g0_b0_i_581_n_0
    SLICE_X55Y107        LUT6 (Prop_lut6_I5_O)        0.275    11.879 r  u_pl/u_osd/g0_b0_i_341/O
                         net (fo=1, routed)           0.649    12.527    u_pl/u_osd/g0_b0_i_341_n_0
    SLICE_X53Y107        LUT6 (Prop_lut6_I1_O)        0.105    12.632 r  u_pl/u_osd/g0_b0_i_135/O
                         net (fo=1, routed)           0.430    13.063    u_pl/u_osd/g0_b0_i_135_n_0
    SLICE_X55Y106        LUT6 (Prop_lut6_I5_O)        0.105    13.168 r  u_pl/u_osd/g0_b0_i_49/O
                         net (fo=1, routed)           0.719    13.887    u_pl/u_osd/g0_b0_i_49_n_0
    SLICE_X56Y102        LUT6 (Prop_lut6_I4_O)        0.105    13.992 r  u_pl/u_osd/g0_b0_i_24/O
                         net (fo=11, routed)          0.823    14.815    u_pl/u_osd/chars[2]
    SLICE_X58Y100        LUT6 (Prop_lut6_I1_O)        0.105    14.920 r  u_pl/u_osd/g0_b0_i_10/O
                         net (fo=1, routed)           0.650    15.569    u_pl/u_osd/g0_b0_i_10_n_0
    SLICE_X58Y99         LUT3 (Prop_lut3_I0_O)        0.125    15.694 r  u_pl/u_osd/g0_b0_i_2/O
                         net (fo=35, routed)          1.122    16.817    u_pl/glyph_idx[1]
    SLICE_X61Y85         LUT6 (Prop_lut6_I1_O)        0.264    17.081 f  u_pl/g0_b0__2/O
                         net (fo=1, routed)           0.000    17.081    u_pl/u_osd/r_reg[7]_i_14_1[0]
    SLICE_X61Y85         MUXF7 (Prop_muxf7_I1_O)      0.182    17.263 f  u_pl/u_osd/r_reg[7]_i_38/O
                         net (fo=1, routed)           0.550    17.812    u_pl/u_osd/r_reg[7]_i_38_n_0
    SLICE_X61Y85         LUT6 (Prop_lut6_I0_O)        0.252    18.064 f  u_pl/u_osd/r[7]_i_33/O
                         net (fo=1, routed)           0.455    18.520    u_pl/u_osd/r[7]_i_33_n_0
    SLICE_X55Y85         LUT6 (Prop_lut6_I0_O)        0.105    18.625 f  u_pl/u_osd/r[7]_i_19/O
                         net (fo=1, routed)           0.546    19.170    u_pl/u_osd/r[7]_i_19_n_0
    SLICE_X53Y82         LUT6 (Prop_lut6_I0_O)        0.105    19.275 r  u_pl/u_osd/r[7]_i_8/O
                         net (fo=1, routed)           0.116    19.391    u_pl/u_osd/r[7]_i_8_n_0
    SLICE_X53Y82         LUT6 (Prop_lut6_I5_O)        0.105    19.496 f  u_pl/u_osd/r[7]_i_2/O
                         net (fo=19, routed)          2.084    21.580    u_pl/u_osd/r[7]_i_2_n_0
    SLICE_X91Y20         LUT2 (Prop_lut2_I1_O)        0.105    21.685 r  u_pl/u_osd/b[2]_i_1/O
                         net (fo=1, routed)           0.000    21.685    u_pl/u_osd/b[2]_i_1_n_0
    SLICE_X91Y20         FDCE                                         r  u_pl/u_osd/b_reg[2]/D
  -------------------------------------------------------------------    -------------------

                         (clock clkout0_1 rise edge)
                                                     20.000    20.000 r  
    W17                                               0.000    20.000 r  sys_clk (IN)
                         net (fo=0)                   0.000    20.000    sys_clk
    W17                  IBUF (Prop_ibuf_I_O)         1.349    21.349 r  sys_clk_IBUF_inst/O
                         net (fo=1, routed)           1.701    23.050    sys_clk_IBUF
    BUFGCTRL_X0Y4        BUFG (Prop_bufg_I_O)         0.077    23.127 r  sys_clk_IBUF_BUFG_inst/O
                         net (fo=185, routed)         1.384    24.511    u_pl/u_clk/CLK
    MMCME2_ADV_X1Y0      MMCME2_ADV (Prop_mmcme2_adv_CLKIN1_CLKOUT0)
                                                     -2.915    21.596 r  u_pl/u_clk/u_mmcm/CLKOUT0
                         net (fo=1, routed)           1.454    23.050    u_pl/u_clk/clkout0
    BUFGCTRL_X0Y0        BUFG (Prop_bufg_I_O)         0.077    23.127 r  u_pl/u_clk/u_bufg_pix/O
                         net (fo=5475, routed)        1.351    24.478    u_pl/u_osd/clk_pix
    SLICE_X91Y20         FDCE                                         r  u_pl/u_osd/b_reg[2]/C
                         clock pessimism              0.246    24.724    
                         clock uncertainty           -0.259    24.465    
    SLICE_X91Y20         FDCE (Setup_fdce_C_D)        0.030    24.495    u_pl/u_osd/b_reg[2]
  -------------------------------------------------------------------
                         required time                         24.495    
                         arrival time                         -21.685    
  -------------------------------------------------------------------
                         slack                                  2.810    





Min Delay Paths
--------------------------------------------------------------------------------------
Slack (MET) :             0.184ns  (arrival time - required time)
  Source:                 u_pl/u_k1l/tog_reg/C
                            (rising edge-triggered cell FDRE clocked by sys_clk  {rise@0.000ns fall@10.000ns period=20.000ns})
  Destination:            u_pl/u_mode/lsync_reg[0]/D
                            (rising edge-triggered cell FDCE clocked by clkout0_1  {rise@0.000ns fall@10.000ns period=20.000ns})
  Path Group:             clkout0_1
  Path Type:              Hold (Min at Fast Process Corner)
  Requirement:            0.000ns  (clkout0_1 rise@0.000ns - sys_clk rise@0.000ns)
  Data Path Delay:        0.710ns  (logic 0.128ns (18.041%)  route 0.581ns (81.959%))
  Logic Levels:           0  
  Clock Path Skew:        0.274ns (DCD - SCD - CPR)
    Destination Clock Delay (DCD):    2.131ns
    Source Clock Delay      (SCD):    1.609ns
    Clock Pessimism Removal (CPR):    0.248ns
  Clock Uncertainty:      0.259ns  ((TSJ^2 + DJ^2)^1/2) / 2 + PE
    Total System Jitter     (TSJ):    0.071ns
    Discrete Jitter          (DJ):    0.175ns
    Phase Error              (PE):    0.165ns

    Location             Delay type                Incr(ns)  Path(ns)    Netlist Resource(s)
  -------------------------------------------------------------------    -------------------
                         (clock sys_clk rise edge)    0.000     0.000 r  
    W17                                               0.000     0.000 r  sys_clk (IN)
                         net (fo=0)                   0.000     0.000    sys_clk
    W17                  IBUF (Prop_ibuf_I_O)         0.252     0.252 r  sys_clk_IBUF_inst/O
                         net (fo=1, routed)           0.674     0.926    sys_clk_IBUF
    BUFGCTRL_X0Y4        BUFG (Prop_bufg_I_O)         0.026     0.952 r  sys_clk_IBUF_BUFG_inst/O
                         net (fo=185, routed)         0.657     1.609    u_pl/u_k1l/CLK
    SLICE_X59Y115        FDRE                                         r  u_pl/u_k1l/tog_reg/C
  -------------------------------------------------------------------    -------------------
    SLICE_X59Y115        FDRE (Prop_fdre_C_Q)         0.128     1.737 r  u_pl/u_k1l/tog_reg/Q
                         net (fo=3, routed)           0.581     2.319    u_pl/u_mode/D[0]
    SLICE_X57Y112        FDCE                                         r  u_pl/u_mode/lsync_reg[0]/D
  -------------------------------------------------------------------    -------------------

                         (clock clkout0_1 rise edge)
                                                      0.000     0.000 r  
    W17                                               0.000     0.000 r  sys_clk (IN)
                         net (fo=0)                   0.000     0.000    sys_clk
    W17                  IBUF (Prop_ibuf_I_O)         0.440     0.440 r  sys_clk_IBUF_inst/O
                         net (fo=1, routed)           0.731     1.171    sys_clk_IBUF
    BUFGCTRL_X0Y4        BUFG (Prop_bufg_I_O)         0.029     1.200 r  sys_clk_IBUF_BUFG_inst/O
                         net (fo=185, routed)         0.862     2.062    u_pl/u_clk/CLK
    MMCME2_ADV_X1Y0      MMCME2_ADV (Prop_mmcme2_adv_CLKIN1_CLKOUT0)
                                                     -1.467     0.595 r  u_pl/u_clk/u_mmcm/CLKOUT0
                         net (fo=1, routed)           0.576     1.171    u_pl/u_clk/clkout0
    BUFGCTRL_X0Y0        BUFG (Prop_bufg_I_O)         0.029     1.200 r  u_pl/u_clk/u_bufg_pix/O
                         net (fo=5475, routed)        0.931     2.131    u_pl/u_mode/clk_pix
    SLICE_X57Y112        FDCE                                         r  u_pl/u_mode/lsync_reg[0]/C
                         clock pessimism             -0.248     1.883    
                         clock uncertainty            0.259     2.142    
    SLICE_X57Y112        FDCE (Hold_fdce_C_D)        -0.008     2.134    u_pl/u_mode/lsync_reg[0]
  -------------------------------------------------------------------
                         required time                         -2.134    
                         arrival time                           2.319    
  -------------------------------------------------------------------
                         slack                                  0.184    





