Copyright 1986-2022 Xilinx, Inc. All Rights Reserved. Copyright 2022-2026 Advanced Micro Devices, Inc. All Rights Reserved.
---------------------------------------------------------------------------------------------------------------------------------------------
| Tool Version : Vivado v.2025.2.1 (win64) Build 6403652 Thu Mar 19 19:48:24 GMT 2026
| Date         : Fri Sep 25 06:23:54 2026
| Host         : Uie-laptop running 64-bit major release  (build 9200)
| Command      : report_timing -delay_type min -nworst 1 -max_paths 20 -file D:/Xilinx/Prj/pro/Video_Processing/build/hold_paths.rpt
| Design       : system_top
| Device       : 7z020-clg484
| Speed File   : -2  PRODUCTION 1.12 2019-11-22
| Design State : Routed
---------------------------------------------------------------------------------------------------------------------------------------------

Timing Report

Slack (MET) :             0.019ns  (arrival time - required time)
  Source:                 u_eth/u_arp/u_arp_rx/src_ip_t_reg[28]/C
                            (rising edge-triggered cell FDCE clocked by eth_rxc  {rise@0.000ns fall@4.000ns period=8.000ns})
  Destination:            u_eth/u_arp/u_arp_rx/src_ip_reg[28]/D
                            (rising edge-triggered cell FDCE clocked by eth_rxc  {rise@0.000ns fall@4.000ns period=8.000ns})
  Path Group:             eth_rxc
  Path Type:              Hold (Min at Fast Process Corner)
  Requirement:            0.000ns  (eth_rxc rise@0.000ns - eth_rxc rise@0.000ns)
  Data Path Delay:        0.354ns  (logic 0.164ns (46.363%)  route 0.190ns (53.637%))
  Logic Levels:           0  
  Clock Path Skew:        0.271ns (DCD - SCD - CPR)
    Destination Clock Delay (DCD):    2.096ns
    Source Clock Delay      (SCD):    1.577ns
    Clock Pessimism Removal (CPR):    0.248ns

    Location             Delay type                Incr(ns)  Path(ns)    Netlist Resource(s)
  -------------------------------------------------------------------    -------------------
                         (clock eth_rxc rise edge)    0.000     0.000 r  
    Y19                                               0.000     0.000 r  eth_rxc (IN)
                         net (fo=0)                   0.000     0.000    eth_rxc
    Y19                  IBUF (Prop_ibuf_I_O)         0.266     0.266 r  eth_rxc_IBUF_inst/O
                         net (fo=2, routed)           0.674     0.940    u_eth/u_rgmii/u_rgmii_rx/rgmii_rxc
    BUFGCTRL_X0Y1        BUFG (Prop_bufg_I_O)         0.026     0.966 r  u_eth/u_rgmii/u_rgmii_rx/BUFG_inst/O
                         net (fo=2520, routed)        0.611     1.577    u_eth/u_arp/u_arp_rx/gmii_rx_clk
    SLICE_X100Y50        FDCE                                         r  u_eth/u_arp/u_arp_rx/src_ip_t_reg[28]/C
  -------------------------------------------------------------------    -------------------
    SLICE_X100Y50        FDCE (Prop_fdce_C_Q)         0.164     1.741 r  u_eth/u_arp/u_arp_rx/src_ip_t_reg[28]/Q
                         net (fo=1, routed)           0.190     1.931    u_eth/u_arp/u_arp_rx/src_ip_t_reg_n_0_[28]
    SLICE_X100Y49        FDCE                                         r  u_eth/u_arp/u_arp_rx/src_ip_reg[28]/D
  -------------------------------------------------------------------    -------------------

                         (clock eth_rxc rise edge)    0.000     0.000 r  
    Y19                                               0.000     0.000 r  eth_rxc (IN)
                         net (fo=0)                   0.000     0.000    eth_rxc
    Y19                  IBUF (Prop_ibuf_I_O)         0.454     0.454 r  eth_rxc_IBUF_inst/O
                         net (fo=2, routed)           0.731     1.185    u_eth/u_rgmii/u_rgmii_rx/rgmii_rxc
    BUFGCTRL_X0Y1        BUFG (Prop_bufg_I_O)         0.029     1.214 r  u_eth/u_rgmii/u_rgmii_rx/BUFG_inst/O
                         net (fo=2520, routed)        0.882     2.096    u_eth/u_arp/u_arp_rx/gmii_rx_clk
    SLICE_X100Y49        FDCE                                         r  u_eth/u_arp/u_arp_rx/src_ip_reg[28]/C
                         clock pessimism             -0.248     1.848    
    SLICE_X100Y49        FDCE (Hold_fdce_C_D)         0.063     1.911    u_eth/u_arp/u_arp_rx/src_ip_reg[28]
  -------------------------------------------------------------------
                         required time                         -1.911    
                         arrival time                           1.931    
  -------------------------------------------------------------------
                         slack                                  0.019    

Slack (MET) :             0.033ns  (arrival time - required time)
  Source:                 u_eth/u_arp/u_arp_rx/src_ip_t_reg[12]/C
                            (rising edge-triggered cell FDCE clocked by eth_rxc  {rise@0.000ns fall@4.000ns period=8.000ns})
  Destination:            u_eth/u_arp/u_arp_rx/src_ip_reg[12]/D
                            (rising edge-triggered cell FDCE clocked by eth_rxc  {rise@0.000ns fall@4.000ns period=8.000ns})
  Path Group:             eth_rxc
  Path Type:              Hold (Min at Fast Process Corner)
  Requirement:            0.000ns  (eth_rxc rise@0.000ns - eth_rxc rise@0.000ns)
  Data Path Delay:        0.363ns  (logic 0.164ns (45.179%)  route 0.199ns (54.821%))
  Logic Levels:           0  
  Clock Path Skew:        0.271ns (DCD - SCD - CPR)
    Destination Clock Delay (DCD):    2.096ns
    Source Clock Delay      (SCD):    1.577ns
    Clock Pessimism Removal (CPR):    0.248ns

    Location             Delay type                Incr(ns)  Path(ns)    Netlist Resource(s)
  -------------------------------------------------------------------    -------------------
                         (clock eth_rxc rise edge)    0.000     0.000 r  
    Y19                                               0.000     0.000 r  eth_rxc (IN)
                         net (fo=0)                   0.000     0.000    eth_rxc
    Y19                  IBUF (Prop_ibuf_I_O)         0.266     0.266 r  eth_rxc_IBUF_inst/O
                         net (fo=2, routed)           0.674     0.940    u_eth/u_rgmii/u_rgmii_rx/rgmii_rxc
    BUFGCTRL_X0Y1        BUFG (Prop_bufg_I_O)         0.026     0.966 r  u_eth/u_rgmii/u_rgmii_rx/BUFG_inst/O
                         net (fo=2520, routed)        0.611     1.577    u_eth/u_arp/u_arp_rx/gmii_rx_clk
    SLICE_X100Y50        FDCE                                         r  u_eth/u_arp/u_arp_rx/src_ip_t_reg[12]/C
  -------------------------------------------------------------------    -------------------
    SLICE_X100Y50        FDCE (Prop_fdce_C_Q)         0.164     1.741 r  u_eth/u_arp/u_arp_rx/src_ip_t_reg[12]/Q
                         net (fo=2, routed)           0.199     1.940    u_eth/u_arp/u_arp_rx/src_ip_t_reg_n_0_[12]
    SLICE_X100Y49        FDCE                                         r  u_eth/u_arp/u_arp_rx/src_ip_reg[12]/D
  -------------------------------------------------------------------    -------------------

                         (clock eth_rxc rise edge)    0.000     0.000 r  
    Y19                                               0.000     0.000 r  eth_rxc (IN)
                         net (fo=0)                   0.000     0.000    eth_rxc
    Y19                  IBUF (Prop_ibuf_I_O)         0.454     0.454 r  eth_rxc_IBUF_inst/O
                         net (fo=2, routed)           0.731     1.185    u_eth/u_rgmii/u_rgmii_rx/rgmii_rxc
    BUFGCTRL_X0Y1        BUFG (Prop_bufg_I_O)         0.029     1.214 r  u_eth/u_rgmii/u_rgmii_rx/BUFG_inst/O
                         net (fo=2520, routed)        0.882     2.096    u_eth/u_arp/u_arp_rx/gmii_rx_clk
    SLICE_X100Y49        FDCE                                         r  u_eth/u_arp/u_arp_rx/src_ip_reg[12]/C
                         clock pessimism             -0.248     1.848    
    SLICE_X100Y49        FDCE (Hold_fdce_C_D)         0.059     1.907    u_eth/u_arp/u_arp_rx/src_ip_reg[12]
  -------------------------------------------------------------------
                         required time                         -1.907    
                         arrival time                           1.940    
  -------------------------------------------------------------------
                         slack                                  0.033    

Slack (MET) :             0.039ns  (arrival time - required time)
  Source:                 u_bd/design_1_i/axi_gpio_2/U0/ip2bus_data_i_D1_reg[9]/C
                            (rising edge-triggered cell FDRE clocked by clk_fpga_0  {rise@0.000ns fall@5.000ns period=10.000ns})
  Destination:            u_bd/design_1_i/axi_gpio_2/U0/AXI_LITE_IPIF_I/I_SLAVE_ATTACHMENT/s_axi_rdata_i_reg[22]/D
                            (rising edge-triggered cell FDRE clocked by clk_fpga_0  {rise@0.000ns fall@5.000ns period=10.000ns})
  Path Group:             clk_fpga_0
  Path Type:              Hold (Min at Fast Process Corner)
  Requirement:            0.000ns  (clk_fpga_0 rise@0.000ns - clk_fpga_0 rise@0.000ns)
  Data Path Delay:        0.283ns  (logic 0.141ns (49.871%)  route 0.142ns (50.129%))
  Logic Levels:           0  
  Clock Path Skew:        0.181ns (DCD - SCD - CPR)
    Destination Clock Delay (DCD):    1.187ns
    Source Clock Delay      (SCD):    0.971ns
    Clock Pessimism Removal (CPR):    0.035ns

    Location             Delay type                Incr(ns)  Path(ns)    Netlist Resource(s)
  -------------------------------------------------------------------    -------------------
                         (clock clk_fpga_0 rise edge)
                                                      0.000     0.000 r  
    PS7_X0Y0             PS7                          0.000     0.000 r  u_bd/design_1_i/processing_system7_0/inst/PS7_i/FCLKCLK[0]
                         net (fo=1, routed)           0.310     0.310    u_bd/design_1_i/processing_system7_0/inst/FCLK_CLK_unbuffered[0]
    BUFGCTRL_X0Y16       BUFG (Prop_bufg_I_O)         0.026     0.336 r  u_bd/design_1_i/processing_system7_0/inst/buffer_fclk_clk_0.FCLK_CLK_0_BUFG/O
                         net (fo=4333, routed)        0.635     0.971    u_bd/design_1_i/axi_gpio_2/U0/s_axi_aclk
    SLICE_X51Y100        FDRE                                         r  u_bd/design_1_i/axi_gpio_2/U0/ip2bus_data_i_D1_reg[9]/C
  -------------------------------------------------------------------    -------------------
    SLICE_X51Y100        FDRE (Prop_fdre_C_Q)         0.141     1.112 r  u_bd/design_1_i/axi_gpio_2/U0/ip2bus_data_i_D1_reg[9]/Q
                         net (fo=1, routed)           0.142     1.254    u_bd/design_1_i/axi_gpio_2/U0/AXI_LITE_IPIF_I/I_SLAVE_ATTACHMENT/Q[22]
    SLICE_X50Y98         FDRE                                         r  u_bd/design_1_i/axi_gpio_2/U0/AXI_LITE_IPIF_I/I_SLAVE_ATTACHMENT/s_axi_rdata_i_reg[22]/D
  -------------------------------------------------------------------    -------------------

                         (clock clk_fpga_0 rise edge)
                                                      0.000     0.000 r  
    PS7_X0Y0             PS7                          0.000     0.000 r  u_bd/design_1_i/processing_system7_0/inst/PS7_i/FCLKCLK[0]
                         net (fo=1, routed)           0.337     0.337    u_bd/design_1_i/processing_system7_0/inst/FCLK_CLK_unbuffered[0]
    BUFGCTRL_X0Y16       BUFG (Prop_bufg_I_O)         0.029     0.366 r  u_bd/design_1_i/processing_system7_0/inst/buffer_fclk_clk_0.FCLK_CLK_0_BUFG/O
                         net (fo=4333, routed)        0.821     1.187    u_bd/design_1_i/axi_gpio_2/U0/AXI_LITE_IPIF_I/I_SLAVE_ATTACHMENT/s_axi_aclk
    SLICE_X50Y98         FDRE                                         r  u_bd/design_1_i/axi_gpio_2/U0/AXI_LITE_IPIF_I/I_SLAVE_ATTACHMENT/s_axi_rdata_i_reg[22]/C
                         clock pessimism             -0.035     1.152    
    SLICE_X50Y98         FDRE (Hold_fdre_C_D)         0.063     1.215    u_bd/design_1_i/axi_gpio_2/U0/AXI_LITE_IPIF_I/I_SLAVE_ATTACHMENT/s_axi_rdata_i_reg[22]
  -------------------------------------------------------------------
                         required time                         -1.215    
                         arrival time                           1.254    
  -------------------------------------------------------------------
                         slack                                  0.039    

Slack (MET) :             0.041ns  (arrival time - required time)
  Source:                 u_eth/u_arp/u_arp_rx/src_ip_t_reg[20]/C
                            (rising edge-triggered cell FDCE clocked by eth_rxc  {rise@0.000ns fall@4.000ns period=8.000ns})
  Destination:            u_eth/u_arp/u_arp_rx/src_ip_reg[20]/D
                            (rising edge-triggered cell FDCE clocked by eth_rxc  {rise@0.000ns fall@4.000ns period=8.000ns})
  Path Group:             eth_rxc
  Path Type:              Hold (Min at Fast Process Corner)
  Requirement:            0.000ns  (eth_rxc rise@0.000ns - eth_rxc rise@0.000ns)
  Data Path Delay:        0.364ns  (logic 0.164ns (45.033%)  route 0.200ns (54.967%))
  Logic Levels:           0  
  Clock Path Skew:        0.271ns (DCD - SCD - CPR)
    Destination Clock Delay (DCD):    2.096ns
    Source Clock Delay      (SCD):    1.577ns
    Clock Pessimism Removal (CPR):    0.248ns

    Location             Delay type                Incr(ns)  Path(ns)    Netlist Resource(s)
  -------------------------------------------------------------------    -------------------
                         (clock eth_rxc rise edge)    0.000     0.000 r  
    Y19                                               0.000     0.000 r  eth_rxc (IN)
                         net (fo=0)                   0.000     0.000    eth_rxc
    Y19                  IBUF (Prop_ibuf_I_O)         0.266     0.266 r  eth_rxc_IBUF_inst/O
                         net (fo=2, routed)           0.674     0.940    u_eth/u_rgmii/u_rgmii_rx/rgmii_rxc
    BUFGCTRL_X0Y1        BUFG (Prop_bufg_I_O)         0.026     0.966 r  u_eth/u_rgmii/u_rgmii_rx/BUFG_inst/O
                         net (fo=2520, routed)        0.611     1.577    u_eth/u_arp/u_arp_rx/gmii_rx_clk
    SLICE_X100Y50        FDCE                                         r  u_eth/u_arp/u_arp_rx/src_ip_t_reg[20]/C
  -------------------------------------------------------------------    -------------------
    SLICE_X100Y50        FDCE (Prop_fdce_C_Q)         0.164     1.741 r  u_eth/u_arp/u_arp_rx/src_ip_t_reg[20]/Q
                         net (fo=2, routed)           0.200     1.941    u_eth/u_arp/u_arp_rx/src_ip_t_reg_n_0_[20]
    SLICE_X100Y49        FDCE                                         r  u_eth/u_arp/u_arp_rx/src_ip_reg[20]/D
  -------------------------------------------------------------------    -------------------

                         (clock eth_rxc rise edge)    0.000     0.000 r  
    Y19                                               0.000     0.000 r  eth_rxc (IN)
                         net (fo=0)                   0.000     0.000    eth_rxc
    Y19                  IBUF (Prop_ibuf_I_O)         0.454     0.454 r  eth_rxc_IBUF_inst/O
                         net (fo=2, routed)           0.731     1.185    u_eth/u_rgmii/u_rgmii_rx/rgmii_rxc
    BUFGCTRL_X0Y1        BUFG (Prop_bufg_I_O)         0.029     1.214 r  u_eth/u_rgmii/u_rgmii_rx/BUFG_inst/O
                         net (fo=2520, routed)        0.882     2.096    u_eth/u_arp/u_arp_rx/gmii_rx_clk
    SLICE_X100Y49        FDCE                                         r  u_eth/u_arp/u_arp_rx/src_ip_reg[20]/C
                         clock pessimism             -0.248     1.848    
    SLICE_X100Y49        FDCE (Hold_fdce_C_D)         0.052     1.900    u_eth/u_arp/u_arp_rx/src_ip_reg[20]
  -------------------------------------------------------------------
                         required time                         -1.900    
                         arrival time                           1.941    
  -------------------------------------------------------------------
                         slack                                  0.041    

Slack (MET) :             0.068ns  (arrival time - required time)
  Source:                 u_pl/u_lat/tot_cyc_reg[28]/C
                            (rising edge-triggered cell FDCE clocked by clk_fpga_0  {rise@0.000ns fall@5.000ns period=10.000ns})
  Destination:            u_pl/u_lat/q_tot_reg[28]/D
                            (rising edge-triggered cell FDCE clocked by clk_fpga_0  {rise@0.000ns fall@5.000ns period=10.000ns})
  Path Group:             clk_fpga_0
  Path Type:              Hold (Min at Fast Process Corner)
  Requirement:            0.000ns  (clk_fpga_0 rise@0.000ns - clk_fpga_0 rise@0.000ns)
  Data Path Delay:        0.335ns  (logic 0.128ns (38.242%)  route 0.207ns (61.758%))
  Logic Levels:           0  
  Clock Path Skew:        0.260ns (DCD - SCD - CPR)
    Destination Clock Delay (DCD):    1.181ns
    Source Clock Delay      (SCD):    0.886ns
    Clock Pessimism Removal (CPR):    0.035ns

    Location             Delay type                Incr(ns)  Path(ns)    Netlist Resource(s)
  -------------------------------------------------------------------    -------------------
                         (clock clk_fpga_0 rise edge)
                                                      0.000     0.000 r  
    PS7_X0Y0             PS7                          0.000     0.000 r  u_bd/design_1_i/processing_system7_0/inst/PS7_i/FCLKCLK[0]
                         net (fo=1, routed)           0.310     0.310    u_bd/design_1_i/processing_system7_0/inst/FCLK_CLK_unbuffered[0]
    BUFGCTRL_X0Y16       BUFG (Prop_bufg_I_O)         0.026     0.336 r  u_bd/design_1_i/processing_system7_0/inst/buffer_fclk_clk_0.FCLK_CLK_0_BUFG/O
                         net (fo=4333, routed)        0.550     0.886    u_pl/u_lat/FCLK_CLK0
    SLICE_X48Y83         FDCE                                         r  u_pl/u_lat/tot_cyc_reg[28]/C
  -------------------------------------------------------------------    -------------------
    SLICE_X48Y83         FDCE (Prop_fdce_C_Q)         0.128     1.014 r  u_pl/u_lat/tot_cyc_reg[28]/Q
                         net (fo=1, routed)           0.207     1.220    u_pl/u_lat/tot_cyc_reg_n_0_[28]
    SLICE_X50Y86         FDCE                                         r  u_pl/u_lat/q_tot_reg[28]/D
  -------------------------------------------------------------------    -------------------

                         (clock clk_fpga_0 rise edge)
                                                      0.000     0.000 r  
    PS7_X0Y0             PS7                          0.000     0.000 r  u_bd/design_1_i/processing_system7_0/inst/PS7_i/FCLKCLK[0]
                         net (fo=1, routed)           0.337     0.337    u_bd/design_1_i/processing_system7_0/inst/FCLK_CLK_unbuffered[0]
    BUFGCTRL_X0Y16       BUFG (Prop_bufg_I_O)         0.029     0.366 r  u_bd/design_1_i/processing_system7_0/inst/buffer_fclk_clk_0.FCLK_CLK_0_BUFG/O
                         net (fo=4333, routed)        0.815     1.181    u_pl/u_lat/FCLK_CLK0
    SLICE_X50Y86         FDCE                                         r  u_pl/u_lat/q_tot_reg[28]/C
                         clock pessimism             -0.035     1.146    
    SLICE_X50Y86         FDCE (Hold_fdce_C_D)         0.006     1.152    u_pl/u_lat/q_tot_reg[28]
  -------------------------------------------------------------------
                         required time                         -1.152    
                         arrival time                           1.220    
  -------------------------------------------------------------------
                         slack                                  0.068    

Slack (MET) :             0.074ns  (arrival time - required time)
  Source:                 u_eth/u_saver/wptr_reg[5]/C
                            (rising edge-triggered cell FDCE clocked by clk_fpga_0  {rise@0.000ns fall@5.000ns period=10.000ns})
  Destination:            u_eth/u_saver/q_data_reg_320_383_42_44/RAMA/WADR5
                            (rising edge-triggered cell RAMD64E clocked by clk_fpga_0  {rise@0.000ns fall@5.000ns period=10.000ns})
  Path Group:             clk_fpga_0
  Path Type:              Hold (Min at Fast Process Corner)
  Requirement:            0.000ns  (clk_fpga_0 rise@0.000ns - clk_fpga_0 rise@0.000ns)
  Data Path Delay:        0.277ns  (logic 0.141ns (50.838%)  route 0.136ns (49.162%))
  Logic Levels:           0  
  Clock Path Skew:        0.033ns (DCD - SCD - CPR)
    Destination Clock Delay (DCD):    1.210ns
    Source Clock Delay      (SCD):    0.913ns
    Clock Pessimism Removal (CPR):    0.264ns

    Location             Delay type                Incr(ns)  Path(ns)    Netlist Resource(s)
  -------------------------------------------------------------------    -------------------
                         (clock clk_fpga_0 rise edge)
                                                      0.000     0.000 r  
    PS7_X0Y0             PS7                          0.000     0.000 r  u_bd/design_1_i/processing_system7_0/inst/PS7_i/FCLKCLK[0]
                         net (fo=1, routed)           0.310     0.310    u_bd/design_1_i/processing_system7_0/inst/FCLK_CLK_unbuffered[0]
    BUFGCTRL_X0Y16       BUFG (Prop_bufg_I_O)         0.026     0.336 r  u_bd/design_1_i/processing_system7_0/inst/buffer_fclk_clk_0.FCLK_CLK_0_BUFG/O
                         net (fo=4333, routed)        0.577     0.913    u_eth/u_saver/FCLK_CLK0
    SLICE_X28Y50         FDCE                                         r  u_eth/u_saver/wptr_reg[5]/C
  -------------------------------------------------------------------    -------------------
    SLICE_X28Y50         FDCE (Prop_fdce_C_Q)         0.141     1.054 r  u_eth/u_saver/wptr_reg[5]/Q
                         net (fo=1165, routed)        0.136     1.190    u_eth/u_saver/q_data_reg_320_383_42_44/ADDRD5
    SLICE_X26Y50         RAMD64E                                      r  u_eth/u_saver/q_data_reg_320_383_42_44/RAMA/WADR5
  -------------------------------------------------------------------    -------------------

                         (clock clk_fpga_0 rise edge)
                                                      0.000     0.000 r  
    PS7_X0Y0             PS7                          0.000     0.000 r  u_bd/design_1_i/processing_system7_0/inst/PS7_i/FCLKCLK[0]
                         net (fo=1, routed)           0.337     0.337    u_bd/design_1_i/processing_system7_0/inst/FCLK_CLK_unbuffered[0]
    BUFGCTRL_X0Y16       BUFG (Prop_bufg_I_O)         0.029     0.366 r  u_bd/design_1_i/processing_system7_0/inst/buffer_fclk_clk_0.FCLK_CLK_0_BUFG/O
                         net (fo=4333, routed)        0.844     1.210    u_eth/u_saver/q_data_reg_320_383_42_44/WCLK
    SLICE_X26Y50         RAMD64E                                      r  u_eth/u_saver/q_data_reg_320_383_42_44/RAMA/CLK
                         clock pessimism             -0.264     0.946    
    SLICE_X26Y50         RAMD64E (Hold_ramd64e_CLK_WADR5)
                                                      0.170     1.116    u_eth/u_saver/q_data_reg_320_383_42_44/RAMA
  -------------------------------------------------------------------
                         required time                         -1.116    
                         arrival time                           1.190    
  -------------------------------------------------------------------
                         slack                                  0.074    

Slack (MET) :             0.074ns  (arrival time - required time)
  Source:                 u_eth/u_saver/wptr_reg[5]/C
                            (rising edge-triggered cell FDCE clocked by clk_fpga_0  {rise@0.000ns fall@5.000ns period=10.000ns})
  Destination:            u_eth/u_saver/q_data_reg_320_383_42_44/RAMB/WADR5
                            (rising edge-triggered cell RAMD64E clocked by clk_fpga_0  {rise@0.000ns fall@5.000ns period=10.000ns})
  Path Group:             clk_fpga_0
  Path Type:              Hold (Min at Fast Process Corner)
  Requirement:            0.000ns  (clk_fpga_0 rise@0.000ns - clk_fpga_0 rise@0.000ns)
  Data Path Delay:        0.277ns  (logic 0.141ns (50.838%)  route 0.136ns (49.162%))
  Logic Levels:           0  
  Clock Path Skew:        0.033ns (DCD - SCD - CPR)
    Destination Clock Delay (DCD):    1.210ns
    Source Clock Delay      (SCD):    0.913ns
    Clock Pessimism Removal (CPR):    0.264ns

    Location             Delay type                Incr(ns)  Path(ns)    Netlist Resource(s)
  -------------------------------------------------------------------    -------------------
                         (clock clk_fpga_0 rise edge)
                                                      0.000     0.000 r  
    PS7_X0Y0             PS7                          0.000     0.000 r  u_bd/design_1_i/processing_system7_0/inst/PS7_i/FCLKCLK[0]
                         net (fo=1, routed)           0.310     0.310    u_bd/design_1_i/processing_system7_0/inst/FCLK_CLK_unbuffered[0]
    BUFGCTRL_X0Y16       BUFG (Prop_bufg_I_O)         0.026     0.336 r  u_bd/design_1_i/processing_system7_0/inst/buffer_fclk_clk_0.FCLK_CLK_0_BUFG/O
                         net (fo=4333, routed)        0.577     0.913    u_eth/u_saver/FCLK_CLK0
    SLICE_X28Y50         FDCE                                         r  u_eth/u_saver/wptr_reg[5]/C
  -------------------------------------------------------------------    -------------------
    SLICE_X28Y50         FDCE (Prop_fdce_C_Q)         0.141     1.054 r  u_eth/u_saver/wptr_reg[5]/Q
                         net (fo=1165, routed)        0.136     1.190    u_eth/u_saver/q_data_reg_320_383_42_44/ADDRD5
    SLICE_X26Y50         RAMD64E                                      r  u_eth/u_saver/q_data_reg_320_383_42_44/RAMB/WADR5
  -------------------------------------------------------------------    -------------------

                         (clock clk_fpga_0 rise edge)
                                                      0.000     0.000 r  
    PS7_X0Y0             PS7                          0.000     0.000 r  u_bd/design_1_i/processing_system7_0/inst/PS7_i/FCLKCLK[0]
                         net (fo=1, routed)           0.337     0.337    u_bd/design_1_i/processing_system7_0/inst/FCLK_CLK_unbuffered[0]
    BUFGCTRL_X0Y16       BUFG (Prop_bufg_I_O)         0.029     0.366 r  u_bd/design_1_i/processing_system7_0/inst/buffer_fclk_clk_0.FCLK_CLK_0_BUFG/O
                         net (fo=4333, routed)        0.844     1.210    u_eth/u_saver/q_data_reg_320_383_42_44/WCLK
    SLICE_X26Y50         RAMD64E                                      r  u_eth/u_saver/q_data_reg_320_383_42_44/RAMB/CLK
                         clock pessimism             -0.264     0.946    
    SLICE_X26Y50         RAMD64E (Hold_ramd64e_CLK_WADR5)
                                                      0.170     1.116    u_eth/u_saver/q_data_reg_320_383_42_44/RAMB
  -------------------------------------------------------------------
                         required time                         -1.116    
                         arrival time                           1.190    
  -------------------------------------------------------------------
                         slack                                  0.074    

Slack (MET) :             0.074ns  (arrival time - required time)
  Source:                 u_eth/u_saver/wptr_reg[5]/C
                            (rising edge-triggered cell FDCE clocked by clk_fpga_0  {rise@0.000ns fall@5.000ns period=10.000ns})
  Destination:            u_eth/u_saver/q_data_reg_320_383_42_44/RAMC/WADR5
                            (rising edge-triggered cell RAMD64E clocked by clk_fpga_0  {rise@0.000ns fall@5.000ns period=10.000ns})
  Path Group:             clk_fpga_0
  Path Type:              Hold (Min at Fast Process Corner)
  Requirement:            0.000ns  (clk_fpga_0 rise@0.000ns - clk_fpga_0 rise@0.000ns)
  Data Path Delay:        0.277ns  (logic 0.141ns (50.838%)  route 0.136ns (49.162%))
  Logic Levels:           0  
  Clock Path Skew:        0.033ns (DCD - SCD - CPR)
    Destination Clock Delay (DCD):    1.210ns
    Source Clock Delay      (SCD):    0.913ns
    Clock Pessimism Removal (CPR):    0.264ns

    Location             Delay type                Incr(ns)  Path(ns)    Netlist Resource(s)
  -------------------------------------------------------------------    -------------------
                         (clock clk_fpga_0 rise edge)
                                                      0.000     0.000 r  
    PS7_X0Y0             PS7                          0.000     0.000 r  u_bd/design_1_i/processing_system7_0/inst/PS7_i/FCLKCLK[0]
                         net (fo=1, routed)           0.310     0.310    u_bd/design_1_i/processing_system7_0/inst/FCLK_CLK_unbuffered[0]
    BUFGCTRL_X0Y16       BUFG (Prop_bufg_I_O)         0.026     0.336 r  u_bd/design_1_i/processing_system7_0/inst/buffer_fclk_clk_0.FCLK_CLK_0_BUFG/O
                         net (fo=4333, routed)        0.577     0.913    u_eth/u_saver/FCLK_CLK0
    SLICE_X28Y50         FDCE                                         r  u_eth/u_saver/wptr_reg[5]/C
  -------------------------------------------------------------------    -------------------
    SLICE_X28Y50         FDCE (Prop_fdce_C_Q)         0.141     1.054 r  u_eth/u_saver/wptr_reg[5]/Q
                         net (fo=1165, routed)        0.136     1.190    u_eth/u_saver/q_data_reg_320_383_42_44/ADDRD5
    SLICE_X26Y50         RAMD64E                                      r  u_eth/u_saver/q_data_reg_320_383_42_44/RAMC/WADR5
  -------------------------------------------------------------------    -------------------

                         (clock clk_fpga_0 rise edge)
                                                      0.000     0.000 r  
    PS7_X0Y0             PS7                          0.000     0.000 r  u_bd/design_1_i/processing_system7_0/inst/PS7_i/FCLKCLK[0]
                         net (fo=1, routed)           0.337     0.337    u_bd/design_1_i/processing_system7_0/inst/FCLK_CLK_unbuffered[0]
    BUFGCTRL_X0Y16       BUFG (Prop_bufg_I_O)         0.029     0.366 r  u_bd/design_1_i/processing_system7_0/inst/buffer_fclk_clk_0.FCLK_CLK_0_BUFG/O
                         net (fo=4333, routed)        0.844     1.210    u_eth/u_saver/q_data_reg_320_383_42_44/WCLK
    SLICE_X26Y50         RAMD64E                                      r  u_eth/u_saver/q_data_reg_320_383_42_44/RAMC/CLK
                         clock pessimism             -0.264     0.946    
    SLICE_X26Y50         RAMD64E (Hold_ramd64e_CLK_WADR5)
                                                      0.170     1.116    u_eth/u_saver/q_data_reg_320_383_42_44/RAMC
  -------------------------------------------------------------------
                         required time                         -1.116    
                         arrival time                           1.190    
  -------------------------------------------------------------------
                         slack                                  0.074    

Slack (MET) :             0.074ns  (arrival time - required time)
  Source:                 u_eth/u_saver/wptr_reg[5]/C
                            (rising edge-triggered cell FDCE clocked by clk_fpga_0  {rise@0.000ns fall@5.000ns period=10.000ns})
  Destination:            u_eth/u_saver/q_data_reg_320_383_42_44/RAMD/WADR5
                            (rising edge-triggered cell RAMD64E clocked by clk_fpga_0  {rise@0.000ns fall@5.000ns period=10.000ns})
  Path Group:             clk_fpga_0
  Path Type:              Hold (Min at Fast Process Corner)
  Requirement:            0.000ns  (clk_fpga_0 rise@0.000ns - clk_fpga_0 rise@0.000ns)
  Data Path Delay:        0.277ns  (logic 0.141ns (50.838%)  route 0.136ns (49.162%))
  Logic Levels:           0  
  Clock Path Skew:        0.033ns (DCD - SCD - CPR)
    Destination Clock Delay (DCD):    1.210ns
    Source Clock Delay      (SCD):    0.913ns
    Clock Pessimism Removal (CPR):    0.264ns

    Location             Delay type                Incr(ns)  Path(ns)    Netlist Resource(s)
  -------------------------------------------------------------------    -------------------
                         (clock clk_fpga_0 rise edge)
                                                      0.000     0.000 r  
    PS7_X0Y0             PS7                          0.000     0.000 r  u_bd/design_1_i/processing_system7_0/inst/PS7_i/FCLKCLK[0]
                         net (fo=1, routed)           0.310     0.310    u_bd/design_1_i/processing_system7_0/inst/FCLK_CLK_unbuffered[0]
    BUFGCTRL_X0Y16       BUFG (Prop_bufg_I_O)         0.026     0.336 r  u_bd/design_1_i/processing_system7_0/inst/buffer_fclk_clk_0.FCLK_CLK_0_BUFG/O
                         net (fo=4333, routed)        0.577     0.913    u_eth/u_saver/FCLK_CLK0
    SLICE_X28Y50         FDCE                                         r  u_eth/u_saver/wptr_reg[5]/C
  -------------------------------------------------------------------    -------------------
    SLICE_X28Y50         FDCE (Prop_fdce_C_Q)         0.141     1.054 r  u_eth/u_saver/wptr_reg[5]/Q
                         net (fo=1165, routed)        0.136     1.190    u_eth/u_saver/q_data_reg_320_383_42_44/ADDRD5
    SLICE_X26Y50         RAMD64E                                      r  u_eth/u_saver/q_data_reg_320_383_42_44/RAMD/WADR5
  -------------------------------------------------------------------    -------------------

                         (clock clk_fpga_0 rise edge)
                                                      0.000     0.000 r  
    PS7_X0Y0             PS7                          0.000     0.000 r  u_bd/design_1_i/processing_system7_0/inst/PS7_i/FCLKCLK[0]
                         net (fo=1, routed)           0.337     0.337    u_bd/design_1_i/processing_system7_0/inst/FCLK_CLK_unbuffered[0]
    BUFGCTRL_X0Y16       BUFG (Prop_bufg_I_O)         0.029     0.366 r  u_bd/design_1_i/processing_system7_0/inst/buffer_fclk_clk_0.FCLK_CLK_0_BUFG/O
                         net (fo=4333, routed)        0.844     1.210    u_eth/u_saver/q_data_reg_320_383_42_44/WCLK
    SLICE_X26Y50         RAMD64E                                      r  u_eth/u_saver/q_data_reg_320_383_42_44/RAMD/CLK
                         clock pessimism             -0.264     0.946    
    SLICE_X26Y50         RAMD64E (Hold_ramd64e_CLK_WADR5)
                                                      0.170     1.116    u_eth/u_saver/q_data_reg_320_383_42_44/RAMD
  -------------------------------------------------------------------
                         required time                         -1.116    
                         arrival time                           1.190    
  -------------------------------------------------------------------
                         slack                                  0.074    

Slack (MET) :             0.075ns  (arrival time - required time)
  Source:                 u_eth/u_rgmii/u_rgmii_rx/rxdata_bus[2].u_iddr_rxd/C
                            (rising edge-triggered cell IDDR clocked by eth_rxc  {rise@0.000ns fall@4.000ns period=8.000ns})
  Destination:            u_eth/u_arp/u_arp_rx/src_ip_t_reg[2]/D
                            (rising edge-triggered cell FDCE clocked by eth_rxc  {rise@0.000ns fall@4.000ns period=8.000ns})
  Path Group:             eth_rxc
  Path Type:              Hold (Min at Slow Process Corner)
  Requirement:            0.000ns  (eth_rxc rise@0.000ns - eth_rxc rise@0.000ns)
  Data Path Delay:        1.956ns  (logic 0.516ns (26.384%)  route 1.440ns (73.616%))
  Logic Levels:           1  (LUT5=1)
  Clock Path Skew:        1.658ns (DCD - SCD - CPR)
    Destination Clock Delay (DCD):    4.897ns
    Source Clock Delay      (SCD):    3.172ns
    Clock Pessimism Removal (CPR):    0.066ns

    Location             Delay type                Incr(ns)  Path(ns)    Netlist Resource(s)
  -------------------------------------------------------------------    -------------------
                         (clock eth_rxc rise edge)    0.000     0.000 r  
    Y19                                               0.000     0.000 r  eth_rxc (IN)
                         net (fo=0)                   0.000     0.000    eth_rxc
    Y19                  IBUF (Prop_ibuf_I_O)         1.364     1.364 r  eth_rxc_IBUF_inst/O
                         net (fo=2, routed)           0.341     1.705    u_eth/u_rgmii/u_rgmii_rx/rgmii_rxc
    BUFIO_X1Y3           BUFIO (Prop_bufio_I_O)       1.223     2.928 r  u_eth/u_rgmii/u_rgmii_rx/BUFIO_inst/O
                         net (fo=5, routed)           0.245     3.172    u_eth/u_rgmii/u_rgmii_rx/rgmii_rxc_bufio
    ILOGIC_X1Y40         IDDR                                         r  u_eth/u_rgmii/u_rgmii_rx/rxdata_bus[2].u_iddr_rxd/C
  -------------------------------------------------------------------    -------------------
    ILOGIC_X1Y40         IDDR (Prop_iddr_C_Q1)        0.389     3.561 r  u_eth/u_rgmii/u_rgmii_rx/rxdata_bus[2].u_iddr_rxd/Q1
                         net (fo=38, routed)          1.440     5.001    u_eth/u_arp/u_arp_rx/gmii_rxd[2]
    SLICE_X105Y51        LUT5 (Prop_lut5_I0_O)        0.127     5.128 r  u_eth/u_arp/u_arp_rx/src_ip_t[2]_i_1/O
                         net (fo=1, routed)           0.000     5.128    u_eth/u_arp/u_arp_rx/src_ip_t[2]_i_1_n_0
    SLICE_X105Y51        FDCE                                         r  u_eth/u_arp/u_arp_rx/src_ip_t_reg[2]/D
  -------------------------------------------------------------------    -------------------

                         (clock eth_rxc rise edge)    0.000     0.000 r  
    Y19                                               0.000     0.000 r  eth_rxc (IN)
                         net (fo=0)                   0.000     0.000    eth_rxc
    Y19                  IBUF (Prop_ibuf_I_O)         1.430     1.430 r  eth_rxc_IBUF_inst/O
                         net (fo=2, routed)           1.873     3.303    u_eth/u_rgmii/u_rgmii_rx/rgmii_rxc
    BUFGCTRL_X0Y1        BUFG (Prop_bufg_I_O)         0.085     3.388 r  u_eth/u_rgmii/u_rgmii_rx/BUFG_inst/O
                         net (fo=2520, routed)        1.509     4.897    u_eth/u_arp/u_arp_rx/gmii_rx_clk
    SLICE_X105Y51        FDCE                                         r  u_eth/u_arp/u_arp_rx/src_ip_t_reg[2]/C
                         clock pessimism             -0.066     4.831    
    SLICE_X105Y51        FDCE (Hold_fdce_C_D)         0.222     5.053    u_eth/u_arp/u_arp_rx/src_ip_t_reg[2]
  -------------------------------------------------------------------
                         required time                         -5.053    
                         arrival time                           5.128    
  -------------------------------------------------------------------
                         slack                                  0.075    

Slack (MET) :             0.083ns  (arrival time - required time)
  Source:                 u_pl/u_bar_r/cx1_reg[2]/C
                            (rising edge-triggered cell FDCE clocked by clkout0_1  {rise@0.000ns fall@10.000ns period=20.000ns})
  Destination:            u_pl/u_bar_r/cx2_reg[2]/D
                            (rising edge-triggered cell FDCE clocked by clkout0_1  {rise@0.000ns fall@10.000ns period=20.000ns})
  Path Group:             clkout0_1
  Path Type:              Hold (Min at Fast Process Corner)
  Requirement:            0.000ns  (clkout0_1 rise@0.000ns - clkout0_1 rise@0.000ns)
  Data Path Delay:        0.420ns  (logic 0.164ns (39.051%)  route 0.256ns (60.949%))
  Logic Levels:           0  
  Clock Path Skew:        0.267ns (DCD - SCD - CPR)
    Destination Clock Delay (DCD):    2.055ns
    Source Clock Delay      (SCD):    1.540ns
    Clock Pessimism Removal (CPR):    0.248ns

    Location             Delay type                Incr(ns)  Path(ns)    Netlist Resource(s)
  -------------------------------------------------------------------    -------------------
                         (clock clkout0_1 rise edge)
                                                      0.000     0.000 r  
    W17                                               0.000     0.000 r  sys_clk (IN)
                         net (fo=0)                   0.000     0.000    sys_clk
    W17                  IBUF (Prop_ibuf_I_O)         0.252     0.252 r  sys_clk_IBUF_inst/O
                         net (fo=1, routed)           0.674     0.926    sys_clk_IBUF
    BUFGCTRL_X0Y4        BUFG (Prop_bufg_I_O)         0.026     0.952 r  sys_clk_IBUF_BUFG_inst/O
                         net (fo=182, routed)         0.595     1.547    u_pl/u_clk/sys_clk_IBUF_BUFG
    MMCME2_ADV_X1Y0      MMCME2_ADV (Prop_mmcme2_adv_CLKIN1_CLKOUT0)
                                                     -1.150     0.397 r  u_pl/u_clk/u_mmcm/CLKOUT0
                         net (fo=1, routed)           0.529     0.926    u_pl/u_clk/clkout0
    BUFGCTRL_X0Y0        BUFG (Prop_bufg_I_O)         0.026     0.952 r  u_pl/u_clk/u_bufg_pix/O
                         net (fo=3219, routed)        0.588     1.540    u_pl/u_bar_r/clk_pix
    SLICE_X82Y48         FDCE                                         r  u_pl/u_bar_r/cx1_reg[2]/C
  -------------------------------------------------------------------    -------------------
    SLICE_X82Y48         FDCE (Prop_fdce_C_Q)         0.164     1.704 r  u_pl/u_bar_r/cx1_reg[2]/Q
                         net (fo=4, routed)           0.256     1.960    u_pl/u_bar_r/cx1_reg[8]_0[2]
    SLICE_X81Y51         FDCE                                         r  u_pl/u_bar_r/cx2_reg[2]/D
  -------------------------------------------------------------------    -------------------

                         (clock clkout0_1 rise edge)
                                                      0.000     0.000 r  
    W17                                               0.000     0.000 r  sys_clk (IN)
                         net (fo=0)                   0.000     0.000    sys_clk
    W17                  IBUF (Prop_ibuf_I_O)         0.440     0.440 r  sys_clk_IBUF_inst/O
                         net (fo=1, routed)           0.731     1.171    sys_clk_IBUF
    BUFGCTRL_X0Y4        BUFG (Prop_bufg_I_O)         0.029     1.200 r  sys_clk_IBUF_BUFG_inst/O
                         net (fo=182, routed)         0.862     2.062    u_pl/u_clk/sys_clk_IBUF_BUFG
    MMCME2_ADV_X1Y0      MMCME2_ADV (Prop_mmcme2_adv_CLKIN1_CLKOUT0)
                                                     -1.467     0.595 r  u_pl/u_clk/u_mmcm/CLKOUT0
                         net (fo=1, routed)           0.576     1.171    u_pl/u_clk/clkout0
    BUFGCTRL_X0Y0        BUFG (Prop_bufg_I_O)         0.029     1.200 r  u_pl/u_clk/u_bufg_pix/O
                         net (fo=3219, routed)        0.855     2.055    u_pl/u_bar_r/clk_pix
    SLICE_X81Y51         FDCE                                         r  u_pl/u_bar_r/cx2_reg[2]/C
                         clock pessimism             -0.248     1.807    
    SLICE_X81Y51         FDCE (Hold_fdce_C_D)         0.070     1.877    u_pl/u_bar_r/cx2_reg[2]
  -------------------------------------------------------------------
                         required time                         -1.877    
                         arrival time                           1.960    
  -------------------------------------------------------------------
                         slack                                  0.083    

Slack (MET) :             0.083ns  (arrival time - required time)
  Source:                 u_eth/u_saver/cur_data_reg[57]/C
                            (rising edge-triggered cell FDCE clocked by clk_fpga_0  {rise@0.000ns fall@5.000ns period=10.000ns})
  Destination:            u_eth/u_saver/q_data_reg_320_383_57_59/RAMA/I
                            (rising edge-triggered cell RAMD64E clocked by clk_fpga_0  {rise@0.000ns fall@5.000ns period=10.000ns})
  Path Group:             clk_fpga_0
  Path Type:              Hold (Min at Fast Process Corner)
  Requirement:            0.000ns  (clk_fpga_0 rise@0.000ns - clk_fpga_0 rise@0.000ns)
  Data Path Delay:        0.243ns  (logic 0.141ns (58.078%)  route 0.102ns (41.922%))
  Logic Levels:           0  
  Clock Path Skew:        0.013ns (DCD - SCD - CPR)
    Destination Clock Delay (DCD):    1.225ns
    Source Clock Delay      (SCD):    0.927ns
    Clock Pessimism Removal (CPR):    0.285ns

    Location             Delay type                Incr(ns)  Path(ns)    Netlist Resource(s)
  -------------------------------------------------------------------    -------------------
                         (clock clk_fpga_0 rise edge)
                                                      0.000     0.000 r  
    PS7_X0Y0             PS7                          0.000     0.000 r  u_bd/design_1_i/processing_system7_0/inst/PS7_i/FCLKCLK[0]
                         net (fo=1, routed)           0.310     0.310    u_bd/design_1_i/processing_system7_0/inst/FCLK_CLK_unbuffered[0]
    BUFGCTRL_X0Y16       BUFG (Prop_bufg_I_O)         0.026     0.336 r  u_bd/design_1_i/processing_system7_0/inst/buffer_fclk_clk_0.FCLK_CLK_0_BUFG/O
                         net (fo=4333, routed)        0.591     0.927    u_eth/u_saver/FCLK_CLK0
    SLICE_X27Y44         FDCE                                         r  u_eth/u_saver/cur_data_reg[57]/C
  -------------------------------------------------------------------    -------------------
    SLICE_X27Y44         FDCE (Prop_fdce_C_Q)         0.141     1.067 r  u_eth/u_saver/cur_data_reg[57]/Q
                         net (fo=8, routed)           0.102     1.169    u_eth/u_saver/q_data_reg_320_383_57_59/DIA
    SLICE_X26Y44         RAMD64E                                      r  u_eth/u_saver/q_data_reg_320_383_57_59/RAMA/I
  -------------------------------------------------------------------    -------------------

                         (clock clk_fpga_0 rise edge)
                                                      0.000     0.000 r  
    PS7_X0Y0             PS7                          0.000     0.000 r  u_bd/design_1_i/processing_system7_0/inst/PS7_i/FCLKCLK[0]
                         net (fo=1, routed)           0.337     0.337    u_bd/design_1_i/processing_system7_0/inst/FCLK_CLK_unbuffered[0]
    BUFGCTRL_X0Y16       BUFG (Prop_bufg_I_O)         0.029     0.366 r  u_bd/design_1_i/processing_system7_0/inst/buffer_fclk_clk_0.FCLK_CLK_0_BUFG/O
                         net (fo=4333, routed)        0.859     1.225    u_eth/u_saver/q_data_reg_320_383_57_59/WCLK
    SLICE_X26Y44         RAMD64E                                      r  u_eth/u_saver/q_data_reg_320_383_57_59/RAMA/CLK
                         clock pessimism             -0.285     0.940    
    SLICE_X26Y44         RAMD64E (Hold_ramd64e_CLK_I)
                                                      0.147     1.087    u_eth/u_saver/q_data_reg_320_383_57_59/RAMA
  -------------------------------------------------------------------
                         required time                         -1.087    
                         arrival time                           1.169    
  -------------------------------------------------------------------
                         slack                                  0.083    

Slack (MET) :             0.083ns  (arrival time - required time)
  Source:                 u_eth/u_cdc/rbin_reg_rep[1]/C
                            (rising edge-triggered cell FDCE clocked by clk_fpga_0  {rise@0.000ns fall@5.000ns period=10.000ns})
  Destination:            u_eth/u_cdc/mem_reg_7/ADDRBWRADDR[3]
                            (rising edge-triggered cell RAMB36E1 clocked by clk_fpga_0  {rise@0.000ns fall@5.000ns period=10.000ns})
  Path Group:             clk_fpga_0
  Path Type:              Hold (Min at Fast Process Corner)
  Requirement:            0.000ns  (clk_fpga_0 rise@0.000ns - clk_fpga_0 rise@0.000ns)
  Data Path Delay:        0.335ns  (logic 0.141ns (42.109%)  route 0.194ns (57.891%))
  Logic Levels:           0  
  Clock Path Skew:        0.069ns (DCD - SCD - CPR)
    Destination Clock Delay (DCD):    1.230ns
    Source Clock Delay      (SCD):    0.898ns
    Clock Pessimism Removal (CPR):    0.263ns

    Location             Delay type                Incr(ns)  Path(ns)    Netlist Resource(s)
  -------------------------------------------------------------------    -------------------
                         (clock clk_fpga_0 rise edge)
                                                      0.000     0.000 r  
    PS7_X0Y0             PS7                          0.000     0.000 r  u_bd/design_1_i/processing_system7_0/inst/PS7_i/FCLKCLK[0]
                         net (fo=1, routed)           0.310     0.310    u_bd/design_1_i/processing_system7_0/inst/FCLK_CLK_unbuffered[0]
    BUFGCTRL_X0Y16       BUFG (Prop_bufg_I_O)         0.026     0.336 r  u_bd/design_1_i/processing_system7_0/inst/buffer_fclk_clk_0.FCLK_CLK_0_BUFG/O
                         net (fo=4333, routed)        0.562     0.897    u_eth/u_cdc/FCLK_CLK0
    SLICE_X35Y38         FDCE                                         r  u_eth/u_cdc/rbin_reg_rep[1]/C
  -------------------------------------------------------------------    -------------------
    SLICE_X35Y38         FDCE (Prop_fdce_C_Q)         0.141     1.038 r  u_eth/u_cdc/rbin_reg_rep[1]/Q
                         net (fo=9, routed)           0.194     1.232    u_eth/u_cdc/rbin_reg_rep[1]
    RAMB36_X2Y7          RAMB36E1                                     r  u_eth/u_cdc/mem_reg_7/ADDRBWRADDR[3]
  -------------------------------------------------------------------    -------------------

                         (clock clk_fpga_0 rise edge)
                                                      0.000     0.000 r  
    PS7_X0Y0             PS7                          0.000     0.000 r  u_bd/design_1_i/processing_system7_0/inst/PS7_i/FCLKCLK[0]
                         net (fo=1, routed)           0.337     0.337    u_bd/design_1_i/processing_system7_0/inst/FCLK_CLK_unbuffered[0]
    BUFGCTRL_X0Y16       BUFG (Prop_bufg_I_O)         0.029     0.366 r  u_bd/design_1_i/processing_system7_0/inst/buffer_fclk_clk_0.FCLK_CLK_0_BUFG/O
                         net (fo=4333, routed)        0.864     1.230    u_eth/u_cdc/FCLK_CLK0
    RAMB36_X2Y7          RAMB36E1                                     r  u_eth/u_cdc/mem_reg_7/CLKBWRCLK
                         clock pessimism             -0.263     0.966    
    RAMB36_X2Y7          RAMB36E1 (Hold_ramb36e1_CLKBWRCLK_ADDRBWRADDR[3])
                                                      0.183     1.149    u_eth/u_cdc/mem_reg_7
  -------------------------------------------------------------------
                         required time                         -1.149    
                         arrival time                           1.232    
  -------------------------------------------------------------------
                         slack                                  0.083    

Slack (MET) :             0.086ns  (arrival time - required time)
  Source:                 u_eth/u_saver/cur_data_reg[48]/C
                            (rising edge-triggered cell FDCE clocked by clk_fpga_0  {rise@0.000ns fall@5.000ns period=10.000ns})
  Destination:            u_eth/u_saver/q_data_reg_128_191_48_50/RAMA/I
                            (rising edge-triggered cell RAMD64E clocked by clk_fpga_0  {rise@0.000ns fall@5.000ns period=10.000ns})
  Path Group:             clk_fpga_0
  Path Type:              Hold (Min at Fast Process Corner)
  Requirement:            0.000ns  (clk_fpga_0 rise@0.000ns - clk_fpga_0 rise@0.000ns)
  Data Path Delay:        0.269ns  (logic 0.141ns (52.324%)  route 0.128ns (47.676%))
  Logic Levels:           0  
  Clock Path Skew:        0.036ns (DCD - SCD - CPR)
    Destination Clock Delay (DCD):    1.229ns
    Source Clock Delay      (SCD):    0.930ns
    Clock Pessimism Removal (CPR):    0.263ns

    Location             Delay type                Incr(ns)  Path(ns)    Netlist Resource(s)
  -------------------------------------------------------------------    -------------------
                         (clock clk_fpga_0 rise edge)
                                                      0.000     0.000 r  
    PS7_X0Y0             PS7                          0.000     0.000 r  u_bd/design_1_i/processing_system7_0/inst/PS7_i/FCLKCLK[0]
                         net (fo=1, routed)           0.310     0.310    u_bd/design_1_i/processing_system7_0/inst/FCLK_CLK_unbuffered[0]
    BUFGCTRL_X0Y16       BUFG (Prop_bufg_I_O)         0.026     0.336 r  u_bd/design_1_i/processing_system7_0/inst/buffer_fclk_clk_0.FCLK_CLK_0_BUFG/O
                         net (fo=4333, routed)        0.594     0.930    u_eth/u_saver/FCLK_CLK0
    SLICE_X23Y41         FDCE                                         r  u_eth/u_saver/cur_data_reg[48]/C
  -------------------------------------------------------------------    -------------------
    SLICE_X23Y41         FDCE (Prop_fdce_C_Q)         0.141     1.071 r  u_eth/u_saver/cur_data_reg[48]/Q
                         net (fo=8, routed)           0.128     1.199    u_eth/u_saver/q_data_reg_128_191_48_50/DIA
    SLICE_X20Y42         RAMD64E                                      r  u_eth/u_saver/q_data_reg_128_191_48_50/RAMA/I
  -------------------------------------------------------------------    -------------------

                         (clock clk_fpga_0 rise edge)
                                                      0.000     0.000 r  
    PS7_X0Y0             PS7                          0.000     0.000 r  u_bd/design_1_i/processing_system7_0/inst/PS7_i/FCLKCLK[0]
                         net (fo=1, routed)           0.337     0.337    u_bd/design_1_i/processing_system7_0/inst/FCLK_CLK_unbuffered[0]
    BUFGCTRL_X0Y16       BUFG (Prop_bufg_I_O)         0.029     0.366 r  u_bd/design_1_i/processing_system7_0/inst/buffer_fclk_clk_0.FCLK_CLK_0_BUFG/O
                         net (fo=4333, routed)        0.863     1.229    u_eth/u_saver/q_data_reg_128_191_48_50/WCLK
    SLICE_X20Y42         RAMD64E                                      r  u_eth/u_saver/q_data_reg_128_191_48_50/RAMA/CLK
                         clock pessimism             -0.263     0.965    
    SLICE_X20Y42         RAMD64E (Hold_ramd64e_CLK_I)
                                                      0.147     1.112    u_eth/u_saver/q_data_reg_128_191_48_50/RAMA
  -------------------------------------------------------------------
                         required time                         -1.112    
                         arrival time                           1.199    
  -------------------------------------------------------------------
                         slack                                  0.086    

Slack (MET) :             0.087ns  (arrival time - required time)
  Source:                 u_bd/design_1_i/axi_gp0_ic/xbar/inst/gen_sasd.crossbar_sasd_0/reg_slice_r/m_payload_i_reg[1]/C
                            (rising edge-triggered cell FDRE clocked by clk_fpga_0  {rise@0.000ns fall@5.000ns period=10.000ns})
  Destination:            u_bd/design_1_i/axi_gp0_ic/s00_couplers/auto_pc/inst/gen_axilite.gen_b2s_conv.axilite_b2s/RD.r_channel_0/rd_data_fifo_0/memory_reg[31][32]_srl32/D
                            (rising edge-triggered cell SRLC32E clocked by clk_fpga_0  {rise@0.000ns fall@5.000ns period=10.000ns})
  Path Group:             clk_fpga_0
  Path Type:              Hold (Min at Fast Process Corner)
  Requirement:            0.000ns  (clk_fpga_0 rise@0.000ns - clk_fpga_0 rise@0.000ns)
  Data Path Delay:        0.305ns  (logic 0.141ns (46.242%)  route 0.164ns (53.758%))
  Logic Levels:           0  
  Clock Path Skew:        0.035ns (DCD - SCD - CPR)
    Destination Clock Delay (DCD):    1.191ns
    Source Clock Delay      (SCD):    0.892ns
    Clock Pessimism Removal (CPR):    0.264ns

    Location             Delay type                Incr(ns)  Path(ns)    Netlist Resource(s)
  -------------------------------------------------------------------    -------------------
                         (clock clk_fpga_0 rise edge)
                                                      0.000     0.000 r  
    PS7_X0Y0             PS7                          0.000     0.000 r  u_bd/design_1_i/processing_system7_0/inst/PS7_i/FCLKCLK[0]
                         net (fo=1, routed)           0.310     0.310    u_bd/design_1_i/processing_system7_0/inst/FCLK_CLK_unbuffered[0]
    BUFGCTRL_X0Y16       BUFG (Prop_bufg_I_O)         0.026     0.336 r  u_bd/design_1_i/processing_system7_0/inst/buffer_fclk_clk_0.FCLK_CLK_0_BUFG/O
                         net (fo=4333, routed)        0.556     0.892    u_bd/design_1_i/axi_gp0_ic/xbar/inst/gen_sasd.crossbar_sasd_0/reg_slice_r/aclk
    SLICE_X37Y95         FDRE                                         r  u_bd/design_1_i/axi_gp0_ic/xbar/inst/gen_sasd.crossbar_sasd_0/reg_slice_r/m_payload_i_reg[1]/C
  -------------------------------------------------------------------    -------------------
    SLICE_X37Y95         FDRE (Prop_fdre_C_Q)         0.141     1.033 r  u_bd/design_1_i/axi_gp0_ic/xbar/inst/gen_sasd.crossbar_sasd_0/reg_slice_r/m_payload_i_reg[1]/Q
                         net (fo=1, routed)           0.164     1.197    u_bd/design_1_i/axi_gp0_ic/s00_couplers/auto_pc/inst/gen_axilite.gen_b2s_conv.axilite_b2s/RD.r_channel_0/rd_data_fifo_0/in[32]
    SLICE_X34Y96         SRLC32E                                      r  u_bd/design_1_i/axi_gp0_ic/s00_couplers/auto_pc/inst/gen_axilite.gen_b2s_conv.axilite_b2s/RD.r_channel_0/rd_data_fifo_0/memory_reg[31][32]_srl32/D
  -------------------------------------------------------------------    -------------------

                         (clock clk_fpga_0 rise edge)
                                                      0.000     0.000 r  
    PS7_X0Y0             PS7                          0.000     0.000 r  u_bd/design_1_i/processing_system7_0/inst/PS7_i/FCLKCLK[0]
                         net (fo=1, routed)           0.337     0.337    u_bd/design_1_i/processing_system7_0/inst/FCLK_CLK_unbuffered[0]
    BUFGCTRL_X0Y16       BUFG (Prop_bufg_I_O)         0.029     0.366 r  u_bd/design_1_i/processing_system7_0/inst/buffer_fclk_clk_0.FCLK_CLK_0_BUFG/O
                         net (fo=4333, routed)        0.825     1.191    u_bd/design_1_i/axi_gp0_ic/s00_couplers/auto_pc/inst/gen_axilite.gen_b2s_conv.axilite_b2s/RD.r_channel_0/rd_data_fifo_0/aclk
    SLICE_X34Y96         SRLC32E                                      r  u_bd/design_1_i/axi_gp0_ic/s00_couplers/auto_pc/inst/gen_axilite.gen_b2s_conv.axilite_b2s/RD.r_channel_0/rd_data_fifo_0/memory_reg[31][32]_srl32/CLK
                         clock pessimism             -0.264     0.927    
    SLICE_X34Y96         SRLC32E (Hold_srlc32e_CLK_D)
                                                      0.183     1.110    u_bd/design_1_i/axi_gp0_ic/s00_couplers/auto_pc/inst/gen_axilite.gen_b2s_conv.axilite_b2s/RD.r_channel_0/rd_data_fifo_0/memory_reg[31][32]_srl32
  -------------------------------------------------------------------
                         required time                         -1.110    
                         arrival time                           1.197    
  -------------------------------------------------------------------
                         slack                                  0.087    

Slack (MET) :             0.089ns  (arrival time - required time)
  Source:                 u_pl/u_row/r_pix_reg[17]/C
                            (rising edge-triggered cell FDCE clocked by clk_fpga_0  {rise@0.000ns fall@5.000ns period=10.000ns})
  Destination:            u_pl/u_row/sk_addr_reg_0_63_15_17/RAMC/I
                            (rising edge-triggered cell RAMD64E clocked by clk_fpga_0  {rise@0.000ns fall@5.000ns period=10.000ns})
  Path Group:             clk_fpga_0
  Path Type:              Hold (Min at Fast Process Corner)
  Requirement:            0.000ns  (clk_fpga_0 rise@0.000ns - clk_fpga_0 rise@0.000ns)
  Data Path Delay:        0.249ns  (logic 0.141ns (56.667%)  route 0.108ns (43.333%))
  Logic Levels:           0  
  Clock Path Skew:        0.016ns (DCD - SCD - CPR)
    Destination Clock Delay (DCD):    1.191ns
    Source Clock Delay      (SCD):    0.893ns
    Clock Pessimism Removal (CPR):    0.282ns

    Location             Delay type                Incr(ns)  Path(ns)    Netlist Resource(s)
  -------------------------------------------------------------------    -------------------
                         (clock clk_fpga_0 rise edge)
                                                      0.000     0.000 r  
    PS7_X0Y0             PS7                          0.000     0.000 r  u_bd/design_1_i/processing_system7_0/inst/PS7_i/FCLKCLK[0]
                         net (fo=1, routed)           0.310     0.310    u_bd/design_1_i/processing_system7_0/inst/FCLK_CLK_unbuffered[0]
    BUFGCTRL_X0Y16       BUFG (Prop_bufg_I_O)         0.026     0.336 r  u_bd/design_1_i/processing_system7_0/inst/buffer_fclk_clk_0.FCLK_CLK_0_BUFG/O
                         net (fo=4333, routed)        0.557     0.893    u_pl/u_row/FCLK_CLK0
    SLICE_X45Y50         FDCE                                         r  u_pl/u_row/r_pix_reg[17]/C
  -------------------------------------------------------------------    -------------------
    SLICE_X45Y50         FDCE (Prop_fdce_C_Q)         0.141     1.034 r  u_pl/u_row/r_pix_reg[17]/Q
                         net (fo=3, routed)           0.108     1.141    u_pl/u_row/sk_addr_reg_0_63_15_17/DIC
    SLICE_X46Y51         RAMD64E                                      r  u_pl/u_row/sk_addr_reg_0_63_15_17/RAMC/I
  -------------------------------------------------------------------    -------------------

                         (clock clk_fpga_0 rise edge)
                                                      0.000     0.000 r  
    PS7_X0Y0             PS7                          0.000     0.000 r  u_bd/design_1_i/processing_system7_0/inst/PS7_i/FCLKCLK[0]
                         net (fo=1, routed)           0.337     0.337    u_bd/design_1_i/processing_system7_0/inst/FCLK_CLK_unbuffered[0]
    BUFGCTRL_X0Y16       BUFG (Prop_bufg_I_O)         0.029     0.366 r  u_bd/design_1_i/processing_system7_0/inst/buffer_fclk_clk_0.FCLK_CLK_0_BUFG/O
                         net (fo=4333, routed)        0.825     1.191    u_pl/u_row/sk_addr_reg_0_63_15_17/WCLK
    SLICE_X46Y51         RAMD64E                                      r  u_pl/u_row/sk_addr_reg_0_63_15_17/RAMC/CLK
                         clock pessimism             -0.282     0.909    
    SLICE_X46Y51         RAMD64E (Hold_ramd64e_CLK_I)
                                                      0.144     1.053    u_pl/u_row/sk_addr_reg_0_63_15_17/RAMC
  -------------------------------------------------------------------
                         required time                         -1.053    
                         arrival time                           1.141    
  -------------------------------------------------------------------
                         slack                                  0.089    

Slack (MET) :             0.091ns  (arrival time - required time)
  Source:                 u_eth/u_saver/cur_data_reg[36]/C
                            (rising edge-triggered cell FDCE clocked by clk_fpga_0  {rise@0.000ns fall@5.000ns period=10.000ns})
  Destination:            u_eth/u_saver/q_data_reg_320_383_36_38/RAMA/I
                            (rising edge-triggered cell RAMD64E clocked by clk_fpga_0  {rise@0.000ns fall@5.000ns period=10.000ns})
  Path Group:             clk_fpga_0
  Path Type:              Hold (Min at Fast Process Corner)
  Requirement:            0.000ns  (clk_fpga_0 rise@0.000ns - clk_fpga_0 rise@0.000ns)
  Data Path Delay:        0.254ns  (logic 0.141ns (55.542%)  route 0.113ns (44.458%))
  Logic Levels:           0  
  Clock Path Skew:        0.016ns (DCD - SCD - CPR)
    Destination Clock Delay (DCD):    1.224ns
    Source Clock Delay      (SCD):    0.926ns
    Clock Pessimism Removal (CPR):    0.282ns

    Location             Delay type                Incr(ns)  Path(ns)    Netlist Resource(s)
  -------------------------------------------------------------------    -------------------
                         (clock clk_fpga_0 rise edge)
                                                      0.000     0.000 r  
    PS7_X0Y0             PS7                          0.000     0.000 r  u_bd/design_1_i/processing_system7_0/inst/PS7_i/FCLKCLK[0]
                         net (fo=1, routed)           0.310     0.310    u_bd/design_1_i/processing_system7_0/inst/FCLK_CLK_unbuffered[0]
    BUFGCTRL_X0Y16       BUFG (Prop_bufg_I_O)         0.026     0.336 r  u_bd/design_1_i/processing_system7_0/inst/buffer_fclk_clk_0.FCLK_CLK_0_BUFG/O
                         net (fo=4333, routed)        0.590     0.926    u_eth/u_saver/FCLK_CLK0
    SLICE_X24Y40         FDCE                                         r  u_eth/u_saver/cur_data_reg[36]/C
  -------------------------------------------------------------------    -------------------
    SLICE_X24Y40         FDCE (Prop_fdce_C_Q)         0.141     1.067 r  u_eth/u_saver/cur_data_reg[36]/Q
                         net (fo=8, routed)           0.113     1.179    u_eth/u_saver/q_data_reg_320_383_36_38/DIA
    SLICE_X26Y40         RAMD64E                                      r  u_eth/u_saver/q_data_reg_320_383_36_38/RAMA/I
  -------------------------------------------------------------------    -------------------

                         (clock clk_fpga_0 rise edge)
                                                      0.000     0.000 r  
    PS7_X0Y0             PS7                          0.000     0.000 r  u_bd/design_1_i/processing_system7_0/inst/PS7_i/FCLKCLK[0]
                         net (fo=1, routed)           0.337     0.337    u_bd/design_1_i/processing_system7_0/inst/FCLK_CLK_unbuffered[0]
    BUFGCTRL_X0Y16       BUFG (Prop_bufg_I_O)         0.029     0.366 r  u_bd/design_1_i/processing_system7_0/inst/buffer_fclk_clk_0.FCLK_CLK_0_BUFG/O
                         net (fo=4333, routed)        0.858     1.224    u_eth/u_saver/q_data_reg_320_383_36_38/WCLK
    SLICE_X26Y40         RAMD64E                                      r  u_eth/u_saver/q_data_reg_320_383_36_38/RAMA/CLK
                         clock pessimism             -0.282     0.942    
    SLICE_X26Y40         RAMD64E (Hold_ramd64e_CLK_I)
                                                      0.147     1.089    u_eth/u_saver/q_data_reg_320_383_36_38/RAMA
  -------------------------------------------------------------------
                         required time                         -1.088    
                         arrival time                           1.179    
  -------------------------------------------------------------------
                         slack                                  0.091    

Slack (MET) :             0.091ns  (arrival time - required time)
  Source:                 u_pl/u_pipe/u_blur/dout_reg[14]/C
                            (rising edge-triggered cell FDCE clocked by clkout0_1  {rise@0.000ns fall@10.000ns period=20.000ns})
  Destination:            u_pl/u_pipe/u_sharp/lb1_reg_256_511_14_14/RAMS64E_D/I
                            (rising edge-triggered cell RAMS64E clocked by clkout0_1  {rise@0.000ns fall@10.000ns period=20.000ns})
  Path Group:             clkout0_1
  Path Type:              Hold (Min at Fast Process Corner)
  Requirement:            0.000ns  (clkout0_1 rise@0.000ns - clkout0_1 rise@0.000ns)
  Data Path Delay:        0.250ns  (logic 0.141ns (56.310%)  route 0.109ns (43.690%))
  Logic Levels:           0  
  Clock Path Skew:        0.015ns (DCD - SCD - CPR)
    Destination Clock Delay (DCD):    2.053ns
    Source Clock Delay      (SCD):    1.537ns
    Clock Pessimism Removal (CPR):    0.501ns

    Location             Delay type                Incr(ns)  Path(ns)    Netlist Resource(s)
  -------------------------------------------------------------------    -------------------
                         (clock clkout0_1 rise edge)
                                                      0.000     0.000 r  
    W17                                               0.000     0.000 r  sys_clk (IN)
                         net (fo=0)                   0.000     0.000    sys_clk
    W17                  IBUF (Prop_ibuf_I_O)         0.252     0.252 r  sys_clk_IBUF_inst/O
                         net (fo=1, routed)           0.674     0.926    sys_clk_IBUF
    BUFGCTRL_X0Y4        BUFG (Prop_bufg_I_O)         0.026     0.952 r  sys_clk_IBUF_BUFG_inst/O
                         net (fo=182, routed)         0.595     1.547    u_pl/u_clk/sys_clk_IBUF_BUFG
    MMCME2_ADV_X1Y0      MMCME2_ADV (Prop_mmcme2_adv_CLKIN1_CLKOUT0)
                                                     -1.150     0.397 r  u_pl/u_clk/u_mmcm/CLKOUT0
                         net (fo=1, routed)           0.529     0.926    u_pl/u_clk/clkout0
    BUFGCTRL_X0Y0        BUFG (Prop_bufg_I_O)         0.026     0.952 r  u_pl/u_clk/u_bufg_pix/O
                         net (fo=3219, routed)        0.585     1.537    u_pl/u_pipe/u_blur/clk_pix
    SLICE_X85Y93         FDCE                                         r  u_pl/u_pipe/u_blur/dout_reg[14]/C
  -------------------------------------------------------------------    -------------------
    SLICE_X85Y93         FDCE (Prop_fdce_C_Q)         0.141     1.678 r  u_pl/u_pipe/u_blur/dout_reg[14]/Q
                         net (fo=9, routed)           0.109     1.787    u_pl/u_pipe/u_sharp/lb1_reg_256_511_14_14/D
    SLICE_X82Y92         RAMS64E                                      r  u_pl/u_pipe/u_sharp/lb1_reg_256_511_14_14/RAMS64E_D/I
  -------------------------------------------------------------------    -------------------

                         (clock clkout0_1 rise edge)
                                                      0.000     0.000 r  
    W17                                               0.000     0.000 r  sys_clk (IN)
                         net (fo=0)                   0.000     0.000    sys_clk
    W17                  IBUF (Prop_ibuf_I_O)         0.440     0.440 r  sys_clk_IBUF_inst/O
                         net (fo=1, routed)           0.731     1.171    sys_clk_IBUF
    BUFGCTRL_X0Y4        BUFG (Prop_bufg_I_O)         0.029     1.200 r  sys_clk_IBUF_BUFG_inst/O
                         net (fo=182, routed)         0.862     2.062    u_pl/u_clk/sys_clk_IBUF_BUFG
    MMCME2_ADV_X1Y0      MMCME2_ADV (Prop_mmcme2_adv_CLKIN1_CLKOUT0)
                                                     -1.467     0.595 r  u_pl/u_clk/u_mmcm/CLKOUT0
                         net (fo=1, routed)           0.576     1.171    u_pl/u_clk/clkout0
    BUFGCTRL_X0Y0        BUFG (Prop_bufg_I_O)         0.029     1.200 r  u_pl/u_clk/u_bufg_pix/O
                         net (fo=3219, routed)        0.853     2.053    u_pl/u_pipe/u_sharp/lb1_reg_256_511_14_14/WCLK
    SLICE_X82Y92         RAMS64E                                      r  u_pl/u_pipe/u_sharp/lb1_reg_256_511_14_14/RAMS64E_D/CLK
                         clock pessimism             -0.501     1.552    
    SLICE_X82Y92         RAMS64E (Hold_rams64e_CLK_I)
                                                      0.144     1.696    u_pl/u_pipe/u_sharp/lb1_reg_256_511_14_14/RAMS64E_D
  -------------------------------------------------------------------
                         required time                         -1.696    
                         arrival time                           1.787    
  -------------------------------------------------------------------
                         slack                                  0.091    

Slack (MET) :             0.093ns  (arrival time - required time)
  Source:                 u_eth/u_saver/wptr_reg[5]/C
                            (rising edge-triggered cell FDCE clocked by clk_fpga_0  {rise@0.000ns fall@5.000ns period=10.000ns})
  Destination:            u_eth/u_saver/q_data_reg_256_319_39_41/RAMA/WADR5
                            (rising edge-triggered cell RAMD64E clocked by clk_fpga_0  {rise@0.000ns fall@5.000ns period=10.000ns})
  Path Group:             clk_fpga_0
  Path Type:              Hold (Min at Fast Process Corner)
  Requirement:            0.000ns  (clk_fpga_0 rise@0.000ns - clk_fpga_0 rise@0.000ns)
  Data Path Delay:        0.279ns  (logic 0.141ns (50.558%)  route 0.138ns (49.442%))
  Logic Levels:           0  
  Clock Path Skew:        0.016ns (DCD - SCD - CPR)
    Destination Clock Delay (DCD):    1.211ns
    Source Clock Delay      (SCD):    0.913ns
    Clock Pessimism Removal (CPR):    0.282ns

    Location             Delay type                Incr(ns)  Path(ns)    Netlist Resource(s)
  -------------------------------------------------------------------    -------------------
                         (clock clk_fpga_0 rise edge)
                                                      0.000     0.000 r  
    PS7_X0Y0             PS7                          0.000     0.000 r  u_bd/design_1_i/processing_system7_0/inst/PS7_i/FCLKCLK[0]
                         net (fo=1, routed)           0.310     0.310    u_bd/design_1_i/processing_system7_0/inst/FCLK_CLK_unbuffered[0]
    BUFGCTRL_X0Y16       BUFG (Prop_bufg_I_O)         0.026     0.336 r  u_bd/design_1_i/processing_system7_0/inst/buffer_fclk_clk_0.FCLK_CLK_0_BUFG/O
                         net (fo=4333, routed)        0.577     0.913    u_eth/u_saver/FCLK_CLK0
    SLICE_X28Y50         FDCE                                         r  u_eth/u_saver/wptr_reg[5]/C
  -------------------------------------------------------------------    -------------------
    SLICE_X28Y50         FDCE (Prop_fdce_C_Q)         0.141     1.054 r  u_eth/u_saver/wptr_reg[5]/Q
                         net (fo=1165, routed)        0.138     1.191    u_eth/u_saver/q_data_reg_256_319_39_41/ADDRD5
    SLICE_X30Y51         RAMD64E                                      r  u_eth/u_saver/q_data_reg_256_319_39_41/RAMA/WADR5
  -------------------------------------------------------------------    -------------------

                         (clock clk_fpga_0 rise edge)
                                                      0.000     0.000 r  
    PS7_X0Y0             PS7                          0.000     0.000 r  u_bd/design_1_i/processing_system7_0/inst/PS7_i/FCLKCLK[0]
                         net (fo=1, routed)           0.337     0.337    u_bd/design_1_i/processing_system7_0/inst/FCLK_CLK_unbuffered[0]
    BUFGCTRL_X0Y16       BUFG (Prop_bufg_I_O)         0.029     0.366 r  u_bd/design_1_i/processing_system7_0/inst/buffer_fclk_clk_0.FCLK_CLK_0_BUFG/O
                         net (fo=4333, routed)        0.845     1.211    u_eth/u_saver/q_data_reg_256_319_39_41/WCLK
    SLICE_X30Y51         RAMD64E                                      r  u_eth/u_saver/q_data_reg_256_319_39_41/RAMA/CLK
                         clock pessimism             -0.282     0.929    
    SLICE_X30Y51         RAMD64E (Hold_ramd64e_CLK_WADR5)
                                                      0.170     1.099    u_eth/u_saver/q_data_reg_256_319_39_41/RAMA
  -------------------------------------------------------------------
                         required time                         -1.099    
                         arrival time                           1.191    
  -------------------------------------------------------------------
                         slack                                  0.093    

Slack (MET) :             0.093ns  (arrival time - required time)
  Source:                 u_eth/u_saver/wptr_reg[5]/C
                            (rising edge-triggered cell FDCE clocked by clk_fpga_0  {rise@0.000ns fall@5.000ns period=10.000ns})
  Destination:            u_eth/u_saver/q_data_reg_256_319_39_41/RAMB/WADR5
                            (rising edge-triggered cell RAMD64E clocked by clk_fpga_0  {rise@0.000ns fall@5.000ns period=10.000ns})
  Path Group:             clk_fpga_0
  Path Type:              Hold (Min at Fast Process Corner)
  Requirement:            0.000ns  (clk_fpga_0 rise@0.000ns - clk_fpga_0 rise@0.000ns)
  Data Path Delay:        0.279ns  (logic 0.141ns (50.558%)  route 0.138ns (49.442%))
  Logic Levels:           0  
  Clock Path Skew:        0.016ns (DCD - SCD - CPR)
    Destination Clock Delay (DCD):    1.211ns
    Source Clock Delay      (SCD):    0.913ns
    Clock Pessimism Removal (CPR):    0.282ns

    Location             Delay type                Incr(ns)  Path(ns)    Netlist Resource(s)
  -------------------------------------------------------------------    -------------------
                         (clock clk_fpga_0 rise edge)
                                                      0.000     0.000 r  
    PS7_X0Y0             PS7                          0.000     0.000 r  u_bd/design_1_i/processing_system7_0/inst/PS7_i/FCLKCLK[0]
                         net (fo=1, routed)           0.310     0.310    u_bd/design_1_i/processing_system7_0/inst/FCLK_CLK_unbuffered[0]
    BUFGCTRL_X0Y16       BUFG (Prop_bufg_I_O)         0.026     0.336 r  u_bd/design_1_i/processing_system7_0/inst/buffer_fclk_clk_0.FCLK_CLK_0_BUFG/O
                         net (fo=4333, routed)        0.577     0.913    u_eth/u_saver/FCLK_CLK0
    SLICE_X28Y50         FDCE                                         r  u_eth/u_saver/wptr_reg[5]/C
  -------------------------------------------------------------------    -------------------
    SLICE_X28Y50         FDCE (Prop_fdce_C_Q)         0.141     1.054 r  u_eth/u_saver/wptr_reg[5]/Q
                         net (fo=1165, routed)        0.138     1.191    u_eth/u_saver/q_data_reg_256_319_39_41/ADDRD5
    SLICE_X30Y51         RAMD64E                                      r  u_eth/u_saver/q_data_reg_256_319_39_41/RAMB/WADR5
  -------------------------------------------------------------------    -------------------

                         (clock clk_fpga_0 rise edge)
                                                      0.000     0.000 r  
    PS7_X0Y0             PS7                          0.000     0.000 r  u_bd/design_1_i/processing_system7_0/inst/PS7_i/FCLKCLK[0]
                         net (fo=1, routed)           0.337     0.337    u_bd/design_1_i/processing_system7_0/inst/FCLK_CLK_unbuffered[0]
    BUFGCTRL_X0Y16       BUFG (Prop_bufg_I_O)         0.029     0.366 r  u_bd/design_1_i/processing_system7_0/inst/buffer_fclk_clk_0.FCLK_CLK_0_BUFG/O
                         net (fo=4333, routed)        0.845     1.211    u_eth/u_saver/q_data_reg_256_319_39_41/WCLK
    SLICE_X30Y51         RAMD64E                                      r  u_eth/u_saver/q_data_reg_256_319_39_41/RAMB/CLK
                         clock pessimism             -0.282     0.929    
    SLICE_X30Y51         RAMD64E (Hold_ramd64e_CLK_WADR5)
                                                      0.170     1.099    u_eth/u_saver/q_data_reg_256_319_39_41/RAMB
  -------------------------------------------------------------------
                         required time                         -1.099    
                         arrival time                           1.191    
  -------------------------------------------------------------------
                         slack                                  0.093    




