Copyright 1986-2022 Xilinx, Inc. All Rights Reserved. Copyright 2022-2026 Advanced Micro Devices, Inc. All Rights Reserved.
---------------------------------------------------------------------------------------------------------------------------------------------
| Tool Version : Vivado v.2025.2.1 (win64) Build 6403652 Thu Mar 19 19:48:24 GMT 2026
| Date         : Sun Sep 27 17:20:53 2026
| Host         : Uie-laptop running 64-bit major release  (build 9200)
| Command      : report_timing_summary -file D:/Xilinx/Prj/pro/Video_Processing/build/timing_summary.rpt
| Design       : system_top
| Device       : 7z020-clg484
| Speed File   : -2  PRODUCTION 1.12 2019-11-22
| Design State : Routed
---------------------------------------------------------------------------------------------------------------------------------------------

Timing Summary Report

------------------------------------------------------------------------------------------------
| Timer Settings
| --------------
------------------------------------------------------------------------------------------------

  Enable Multi Corner Analysis               :  Yes
  Enable Pessimism Removal                   :  Yes
  Pessimism Removal Resolution               :  Nearest Common Node
  Enable Input Delay Default Clock           :  No
  Enable Preset / Clear Arcs                 :  No
  Disable Flight Delays                      :  No
  Ignore I/O Paths                           :  No
  Timing Early Launch at Borrowing Latches   :  No
  Borrow Time for Max Delay Exceptions       :  Yes
  Merge Timing Exceptions                    :  Yes
  Inter-SLR Compensation                     :  Conservative

  Corner  Analyze    Analyze    
  Name    Max Paths  Min Paths  
  ------  ---------  ---------  
  Slow    Yes        Yes        
  Fast    Yes        Yes        


------------------------------------------------------------------------------------------------
| Report Methodology
| ------------------
------------------------------------------------------------------------------------------------

Rule       Severity  Description                                                Violations  
---------  --------  ---------------------------------------------------------  ----------  
DPIR-1     Warning   Asynchronous driver check                                  129         
LUTAR-1    Warning   LUT drives async reset alert                               1           
SYNTH-5    Warning   Mapped onto distributed RAM because of timing constraints  320         
SYNTH-6    Warning   Timing of a RAM block might be sub-optimal                 102         
TIMING-9   Warning   Unknown CDC Logic                                          1           
TIMING-10  Warning   Missing property on synchronizer                           1           
TIMING-18  Warning   Missing input or output delay                              7           

Note: This report is based on the most recent report_methodology run and may not be up-to-date. Run report_methodology on the current design for the latest report.



check_timing report

Table of Contents
-----------------
1. checking no_clock (0)
2. checking constant_clock (0)
3. checking pulse_width_clock (0)
4. checking unconstrained_internal_endpoints (0)
5. checking no_input_delay (7)
6. checking no_output_delay (12)
7. checking multiple_clock (0)
8. checking generated_clocks (0)
9. checking loops (0)
10. checking partial_input_delay (0)
11. checking partial_output_delay (0)
12. checking latch_loops (0)

1. checking no_clock (0)
------------------------
 There are 0 register/latch pins with no clock.


2. checking constant_clock (0)
------------------------------
 There are 0 register/latch pins with constant_clock.


3. checking pulse_width_clock (0)
---------------------------------
 There are 0 register/latch pins which need pulse_width check


4. checking unconstrained_internal_endpoints (0)
------------------------------------------------
 There are 0 pins that are not constrained for maximum delay.

 There are 0 pins that are not constrained for maximum delay due to constant clock.


5. checking no_input_delay (7)
------------------------------
 There are 5 input ports with no input delay specified. (HIGH)

 There are 2 input ports with no input delay but user has a false path constraint. (MEDIUM)


6. checking no_output_delay (12)
--------------------------------
 There are 6 ports with no output delay specified. (HIGH)

 There are 6 ports with no output delay but user has a false path constraint (MEDIUM)

 There are 0 ports with no output delay but with a timing clock defined on it or propagating through it


7. checking multiple_clock (0)
------------------------------
 There are 0 register/latch pins with multiple clocks.


8. checking generated_clocks (0)
--------------------------------
 There are 0 generated clocks that are not connected to a clock source.


9. checking loops (0)
---------------------
 There are 0 combinational loops in the design.


10. checking partial_input_delay (0)
------------------------------------
 There are 0 input ports with partial input delay specified.


11. checking partial_output_delay (0)
-------------------------------------
 There are 0 ports with partial output delay specified.


12. checking latch_loops (0)
----------------------------
 There are 0 combinational latch loops in the design through latch input



------------------------------------------------------------------------------------------------
| Design Timing Summary
| ---------------------
------------------------------------------------------------------------------------------------

    WNS(ns)      TNS(ns)  TNS Failing Endpoints  TNS Total Endpoints      WHS(ns)      THS(ns)  THS Failing Endpoints  THS Total Endpoints     WPWS(ns)     TPWS(ns)  TPWS Failing Endpoints  TPWS Total Endpoints  
    -------      -------  ---------------------  -------------------      -------      -------  ---------------------  -------------------     --------     --------  ----------------------  --------------------  
      0.239        0.000                      0                40232        0.051        0.000                      0                40232        0.264        0.000                       0                 13001  


All user specified timing constraints are met.


------------------------------------------------------------------------------------------------
| Clock Summary
| -------------
------------------------------------------------------------------------------------------------

Clock         Waveform(ns)         Period(ns)      Frequency(MHz)
-----         ------------         ----------      --------------
clk_fpga_0    {0.000 5.000}        10.000          100.000         
eth_rxc       {0.000 4.000}        8.000           125.000         
sys_clk       {0.000 10.000}       20.000          50.000          
  clkfbout    {0.000 10.000}       20.000          50.000          
  clkfbout_1  {0.000 10.000}       20.000          50.000          
  clkout0_1   {0.000 10.000}       20.000          50.000          
  clkout1_1   {0.000 2.000}        4.000           250.000         
  clkout2     {0.000 2.500}        5.000           200.000         


------------------------------------------------------------------------------------------------
| Intra Clock Table
| -----------------
------------------------------------------------------------------------------------------------

Clock             WNS(ns)      TNS(ns)  TNS Failing Endpoints  TNS Total Endpoints      WHS(ns)      THS(ns)  THS Failing Endpoints  THS Total Endpoints     WPWS(ns)     TPWS(ns)  TPWS Failing Endpoints  TPWS Total Endpoints  
-----             -------      -------  ---------------------  -------------------      -------      -------  ---------------------  -------------------     --------     --------  ----------------------  --------------------  
clk_fpga_0          2.194        0.000                      0                15713        0.053        0.000                      0                15713        3.870        0.000                       0                  4368  
eth_rxc             0.239        0.000                      0                 4814        0.051        0.000                      0                 4814        3.500        0.000                       0                  2526  
sys_clk            13.362        0.000                      0                  255        0.056        0.000                      0                  255        7.000        0.000                       0                   187  
  clkfbout                                                                                                                                                     18.408        0.000                       0                     3  
  clkfbout_1                                                                                                                                                   18.408        0.000                       0                     3  
  clkout0_1         2.192        0.000                      0                19372        0.064        0.000                      0                19372        8.870        0.000                       0                  5901  
  clkout1_1                                                                                                                                                     2.408        0.000                       0                    10  
  clkout2                                                                                                                                                       0.264        0.000                       0                     3  


------------------------------------------------------------------------------------------------
| Inter Clock Table
| -----------------
------------------------------------------------------------------------------------------------

From Clock    To Clock          WNS(ns)      TNS(ns)  TNS Failing Endpoints  TNS Total Endpoints      WHS(ns)      THS(ns)  THS Failing Endpoints  THS Total Endpoints  
----------    --------          -------      -------  ---------------------  -------------------      -------      -------  ---------------------  -------------------  
clkout0_1     sys_clk            14.408        0.000                      0                   22        0.130        0.000                      0                   22  
sys_clk       clkout0_1           3.468        0.000                      0                  191        0.128        0.000                      0                  191  


------------------------------------------------------------------------------------------------
| Other Path Groups Table
| -----------------------
------------------------------------------------------------------------------------------------

Path Group    From Clock    To Clock          WNS(ns)      TNS(ns)  TNS Failing Endpoints  TNS Total Endpoints      WHS(ns)      THS(ns)  THS Failing Endpoints  THS Total Endpoints  
----------    ----------    --------          -------      -------  ---------------------  -------------------      -------      -------  ---------------------  -------------------  


------------------------------------------------------------------------------------------------
| Timing Details
| --------------
------------------------------------------------------------------------------------------------


---------------------------------------------------------------------------------------------------
From Clock:  clk_fpga_0
  To Clock:  clk_fpga_0

Setup :            0  Failing Endpoints,  Worst Slack        2.194ns,  Total Violation        0.000ns
Hold  :            0  Failing Endpoints,  Worst Slack        0.053ns,  Total Violation        0.000ns
PW    :            0  Failing Endpoints,  Worst Slack        3.870ns,  Total Violation        0.000ns
---------------------------------------------------------------------------------------------------


Max Delay Paths
--------------------------------------------------------------------------------------
Slack (MET) :             2.194ns  (required time - arrival time)
  Source:                 u_pl/u_arb/owner_eth_reg_rep__0/C
                            (rising edge-triggered cell FDCE clocked by clk_fpga_0  {rise@0.000ns fall@5.000ns period=10.000ns})
  Destination:            u_pl/u_bilin/u_fb/lo_reg_0_25/ADDRARDADDR[7]
                            (rising edge-triggered cell RAMB36E1 clocked by clk_fpga_0  {rise@0.000ns fall@5.000ns period=10.000ns})
  Path Group:             clk_fpga_0
  Path Type:              Setup (Max at Slow Process Corner)
  Requirement:            10.000ns  (clk_fpga_0 rise@10.000ns - clk_fpga_0 rise@0.000ns)
  Data Path Delay:        6.969ns  (logic 0.644ns (9.241%)  route 6.325ns (90.759%))
  Logic Levels:           1  (LUT3=1)
  Clock Path Skew:        -0.023ns (DCD - SCD + CPR)
    Destination Clock Delay (DCD):    2.343ns = ( 12.343 - 10.000 ) 
    Source Clock Delay      (SCD):    2.462ns
    Clock Pessimism Removal (CPR):    0.097ns
  Clock Uncertainty:      0.154ns  ((TSJ^2 + TIJ^2)^1/2 + DJ) / 2 + PE
    Total System Jitter     (TSJ):    0.071ns
    Total Input Jitter      (TIJ):    0.300ns
    Discrete Jitter          (DJ):    0.000ns
    Phase Error              (PE):    0.000ns

    Location             Delay type                Incr(ns)  Path(ns)    Netlist Resource(s)
  -------------------------------------------------------------------    -------------------
                         (clock clk_fpga_0 rise edge)
                                                      0.000     0.000 r  
    PS7_X0Y0             PS7                          0.000     0.000 r  u_bd/design_1_i/processing_system7_0/inst/PS7_i/FCLKCLK[0]
                         net (fo=1, routed)           0.994     0.994    u_bd/design_1_i/processing_system7_0/inst/FCLK_CLK_unbuffered[0]
    BUFGCTRL_X0Y16       BUFG (Prop_bufg_I_O)         0.085     1.079 r  u_bd/design_1_i/processing_system7_0/inst/buffer_fclk_clk_0.FCLK_CLK_0_BUFG/O
                         net (fo=4369, routed)        1.383     2.462    u_pl/u_arb/FCLK_CLK0
    SLICE_X46Y64         FDCE                                         r  u_pl/u_arb/owner_eth_reg_rep__0/C
  -------------------------------------------------------------------    -------------------
    SLICE_X46Y64         FDCE (Prop_fdce_C_Q)         0.398     2.860 r  u_pl/u_arb/owner_eth_reg_rep__0/Q
                         net (fo=187, routed)         2.153     5.013    u_pl/u_row/wr_words_reg[16]_0
    SLICE_X51Y46         LUT3 (Prop_lut3_I2_O)        0.246     5.259 r  u_pl/u_row/lo_reg_0_8_i_8/O
                         net (fo=20, routed)          4.172     9.431    u_pl/u_bilin/u_fb/lo_reg_0_24_0[7]
    RAMB36_X0Y6          RAMB36E1                                     r  u_pl/u_bilin/u_fb/lo_reg_0_25/ADDRARDADDR[7]
  -------------------------------------------------------------------    -------------------

                         (clock clk_fpga_0 rise edge)
                                                     10.000    10.000 r  
    PS7_X0Y0             PS7                          0.000    10.000 r  u_bd/design_1_i/processing_system7_0/inst/PS7_i/FCLKCLK[0]
                         net (fo=1, routed)           0.905    10.906    u_bd/design_1_i/processing_system7_0/inst/FCLK_CLK_unbuffered[0]
    BUFGCTRL_X0Y16       BUFG (Prop_bufg_I_O)         0.077    10.983 r  u_bd/design_1_i/processing_system7_0/inst/buffer_fclk_clk_0.FCLK_CLK_0_BUFG/O
                         net (fo=4369, routed)        1.360    12.343    u_pl/u_bilin/u_fb/FCLK_CLK0
    RAMB36_X0Y6          RAMB36E1                                     r  u_pl/u_bilin/u_fb/lo_reg_0_25/CLKARDCLK
                         clock pessimism              0.097    12.439    
                         clock uncertainty           -0.154    12.285    
    RAMB36_X0Y6          RAMB36E1 (Setup_ramb36e1_CLKARDCLK_ADDRARDADDR[7])
                                                     -0.660    11.625    u_pl/u_bilin/u_fb/lo_reg_0_25
  -------------------------------------------------------------------
                         required time                         11.625    
                         arrival time                          -9.431    
  -------------------------------------------------------------------
                         slack                                  2.194    





Min Delay Paths
--------------------------------------------------------------------------------------
Slack (MET) :             0.053ns  (arrival time - required time)
  Source:                 u_bd/design_1_i/axi_gp0_ic/s00_couplers/auto_pc/inst/gen_axilite.gen_b2s_conv.axilite_b2s/RD.r_channel_0/r_arid_r_reg[4]/C
                            (rising edge-triggered cell FDRE clocked by clk_fpga_0  {rise@0.000ns fall@5.000ns period=10.000ns})
  Destination:            u_bd/design_1_i/axi_gp0_ic/s00_couplers/auto_pc/inst/gen_axilite.gen_b2s_conv.axilite_b2s/RD.r_channel_0/transaction_fifo_0/memory_reg[31][5]_srl32/D
                            (rising edge-triggered cell SRLC32E clocked by clk_fpga_0  {rise@0.000ns fall@5.000ns period=10.000ns})
  Path Group:             clk_fpga_0
  Path Type:              Hold (Min at Fast Process Corner)
  Requirement:            0.000ns  (clk_fpga_0 rise@0.000ns - clk_fpga_0 rise@0.000ns)
  Data Path Delay:        0.249ns  (logic 0.141ns (56.528%)  route 0.108ns (43.472%))
  Logic Levels:           0  
  Clock Path Skew:        0.013ns (DCD - SCD - CPR)
    Destination Clock Delay (DCD):    1.209ns
    Source Clock Delay      (SCD):    0.909ns
    Clock Pessimism Removal (CPR):    0.287ns

    Location             Delay type                Incr(ns)  Path(ns)    Netlist Resource(s)
  -------------------------------------------------------------------    -------------------
                         (clock clk_fpga_0 rise edge)
                                                      0.000     0.000 r  
    PS7_X0Y0             PS7                          0.000     0.000 r  u_bd/design_1_i/processing_system7_0/inst/PS7_i/FCLKCLK[0]
                         net (fo=1, routed)           0.310     0.310    u_bd/design_1_i/processing_system7_0/inst/FCLK_CLK_unbuffered[0]
    BUFGCTRL_X0Y16       BUFG (Prop_bufg_I_O)         0.026     0.336 r  u_bd/design_1_i/processing_system7_0/inst/buffer_fclk_clk_0.FCLK_CLK_0_BUFG/O
                         net (fo=4369, routed)        0.573     0.909    u_bd/design_1_i/axi_gp0_ic/s00_couplers/auto_pc/inst/gen_axilite.gen_b2s_conv.axilite_b2s/RD.r_channel_0/aclk
    SLICE_X27Y93         FDRE                                         r  u_bd/design_1_i/axi_gp0_ic/s00_couplers/auto_pc/inst/gen_axilite.gen_b2s_conv.axilite_b2s/RD.r_channel_0/r_arid_r_reg[4]/C
  -------------------------------------------------------------------    -------------------
    SLICE_X27Y93         FDRE (Prop_fdre_C_Q)         0.141     1.050 r  u_bd/design_1_i/axi_gp0_ic/s00_couplers/auto_pc/inst/gen_axilite.gen_b2s_conv.axilite_b2s/RD.r_channel_0/r_arid_r_reg[4]/Q
                         net (fo=1, routed)           0.108     1.158    u_bd/design_1_i/axi_gp0_ic/s00_couplers/auto_pc/inst/gen_axilite.gen_b2s_conv.axilite_b2s/RD.r_channel_0/transaction_fifo_0/in[5]
    SLICE_X26Y93         SRLC32E                                      r  u_bd/design_1_i/axi_gp0_ic/s00_couplers/auto_pc/inst/gen_axilite.gen_b2s_conv.axilite_b2s/RD.r_channel_0/transaction_fifo_0/memory_reg[31][5]_srl32/D
  -------------------------------------------------------------------    -------------------

                         (clock clk_fpga_0 rise edge)
                                                      0.000     0.000 r  
    PS7_X0Y0             PS7                          0.000     0.000 r  u_bd/design_1_i/processing_system7_0/inst/PS7_i/FCLKCLK[0]
                         net (fo=1, routed)           0.337     0.337    u_bd/design_1_i/processing_system7_0/inst/FCLK_CLK_unbuffered[0]
    BUFGCTRL_X0Y16       BUFG (Prop_bufg_I_O)         0.029     0.366 r  u_bd/design_1_i/processing_system7_0/inst/buffer_fclk_clk_0.FCLK_CLK_0_BUFG/O
                         net (fo=4369, routed)        0.843     1.209    u_bd/design_1_i/axi_gp0_ic/s00_couplers/auto_pc/inst/gen_axilite.gen_b2s_conv.axilite_b2s/RD.r_channel_0/transaction_fifo_0/aclk
    SLICE_X26Y93         SRLC32E                                      r  u_bd/design_1_i/axi_gp0_ic/s00_couplers/auto_pc/inst/gen_axilite.gen_b2s_conv.axilite_b2s/RD.r_channel_0/transaction_fifo_0/memory_reg[31][5]_srl32/CLK
                         clock pessimism             -0.287     0.922    
    SLICE_X26Y93         SRLC32E (Hold_srlc32e_CLK_D)
                                                      0.183     1.105    u_bd/design_1_i/axi_gp0_ic/s00_couplers/auto_pc/inst/gen_axilite.gen_b2s_conv.axilite_b2s/RD.r_channel_0/transaction_fifo_0/memory_reg[31][5]_srl32
  -------------------------------------------------------------------
                         required time                         -1.105    
                         arrival time                           1.158    
  -------------------------------------------------------------------
                         slack                                  0.053    





Pulse Width Checks
--------------------------------------------------------------------------------------
Clock Name:         clk_fpga_0
Waveform(ns):       { 0.000 5.000 }
Period(ns):         10.000
Sources:            { u_bd/design_1_i/processing_system7_0/inst/PS7_i/FCLKCLK[0] }

Check Type        Corner  Lib Pin             Reference Pin  Required(ns)  Actual(ns)  Slack(ns)  Location      Pin
Min Period        n/a     RAMB36E1/CLKBWRCLK  n/a            2.170         10.000      7.830      RAMB36_X0Y1   u_eth/u_cdc/mem_reg_0/CLKBWRCLK
Low Pulse Width   Slow    RAMD64E/CLK         n/a            1.130         5.000       3.870      SLICE_X30Y33  u_eth/u_saver/q_addr_reg_0_63_12_14/RAMA/CLK
High Pulse Width  Slow    RAMD64E/CLK         n/a            1.130         5.000       3.870      SLICE_X30Y33  u_eth/u_saver/q_addr_reg_0_63_12_14/RAMA/CLK



---------------------------------------------------------------------------------------------------
From Clock:  eth_rxc
  To Clock:  eth_rxc

Setup :            0  Failing Endpoints,  Worst Slack        0.239ns,  Total Violation        0.000ns
Hold  :            0  Failing Endpoints,  Worst Slack        0.051ns,  Total Violation        0.000ns
PW    :            0  Failing Endpoints,  Worst Slack        3.500ns,  Total Violation        0.000ns
---------------------------------------------------------------------------------------------------


Max Delay Paths
--------------------------------------------------------------------------------------
Slack (MET) :             0.239ns  (required time - arrival time)
  Source:                 u_eth/u_lm/ms32_reg[1]/C
                            (rising edge-triggered cell FDCE clocked by eth_rxc  {rise@0.000ns fall@4.000ns period=8.000ns})
  Destination:            u_eth/u_lm/gap_min_reg[10]/CE
                            (rising edge-triggered cell FDCE clocked by eth_rxc  {rise@0.000ns fall@4.000ns period=8.000ns})
  Path Group:             eth_rxc
  Path Type:              Setup (Max at Slow Process Corner)
  Requirement:            8.000ns  (eth_rxc rise@8.000ns - eth_rxc rise@0.000ns)
  Data Path Delay:        7.323ns  (logic 2.699ns (36.854%)  route 4.624ns (63.146%))
  Logic Levels:           14  (CARRY4=10 LUT4=2 LUT5=2)
  Clock Path Skew:        -0.097ns (DCD - SCD + CPR)
    Destination Clock Delay (DCD):    4.374ns = ( 12.374 - 8.000 ) 
    Source Clock Delay      (SCD):    4.813ns
    Clock Pessimism Removal (CPR):    0.342ns
  Clock Uncertainty:      0.035ns  ((TSJ^2 + TIJ^2)^1/2 + DJ) / 2 + PE
    Total System Jitter     (TSJ):    0.071ns
    Total Input Jitter      (TIJ):    0.000ns
    Discrete Jitter          (DJ):    0.000ns
    Phase Error              (PE):    0.000ns

    Location             Delay type                Incr(ns)  Path(ns)    Netlist Resource(s)
  -------------------------------------------------------------------    -------------------
                         (clock eth_rxc rise edge)    0.000     0.000 r  
    Y19                                               0.000     0.000 r  eth_rxc (IN)
                         net (fo=0)                   0.000     0.000    eth_rxc
    Y19                  IBUF (Prop_ibuf_I_O)         1.430     1.430 r  eth_rxc_IBUF_inst/O
                         net (fo=2, routed)           1.873     3.303    u_eth/u_rgmii/u_rgmii_rx/rgmii_rxc
    BUFGCTRL_X0Y1        BUFG (Prop_bufg_I_O)         0.085     3.388 r  u_eth/u_rgmii/u_rgmii_rx/BUFG_inst/O
                         net (fo=2520, routed)        1.425     4.813    u_eth/u_lm/gmii_rx_clk
    SLICE_X29Y65         FDCE                                         r  u_eth/u_lm/ms32_reg[1]/C
  -------------------------------------------------------------------    -------------------
    SLICE_X29Y65         FDCE (Prop_fdce_C_Q)         0.379     5.192 r  u_eth/u_lm/ms32_reg[1]/Q
                         net (fo=4, routed)           1.150     6.342    u_eth/u_lm/ms32_reg[1]
    SLICE_X28Y65         CARRY4 (Prop_carry4_DI[1]_CO[3])
                                                      0.418     6.760 r  u_eth/u_lm/gap_min_reg[3]_i_2/CO[3]
                         net (fo=1, routed)           0.000     6.760    u_eth/u_lm/gap_min_reg[3]_i_2_n_0
    SLICE_X28Y66         CARRY4 (Prop_carry4_CI_CO[3])
                                                      0.098     6.858 r  u_eth/u_lm/gap_min_reg[7]_i_2/CO[3]
                         net (fo=1, routed)           0.000     6.858    u_eth/u_lm/gap_min_reg[7]_i_2_n_0
    SLICE_X28Y67         CARRY4 (Prop_carry4_CI_CO[3])
                                                      0.098     6.956 r  u_eth/u_lm/gap_min_reg[11]_i_2/CO[3]
                         net (fo=1, routed)           0.000     6.956    u_eth/u_lm/gap_min_reg[11]_i_2_n_0
    SLICE_X28Y68         CARRY4 (Prop_carry4_CI_CO[3])
                                                      0.098     7.054 r  u_eth/u_lm/gap_min_reg[15]_i_5/CO[3]
                         net (fo=1, routed)           0.000     7.054    u_eth/u_lm/gap_min_reg[15]_i_5_n_0
    SLICE_X28Y69         CARRY4 (Prop_carry4_CI_CO[3])
                                                      0.098     7.152 r  u_eth/u_lm/gap_min_reg[15]_i_33/CO[3]
                         net (fo=1, routed)           0.000     7.152    u_eth/u_lm/gap_min_reg[15]_i_33_n_0
    SLICE_X28Y70         CARRY4 (Prop_carry4_CI_CO[3])
                                                      0.098     7.250 r  u_eth/u_lm/gap_min_reg[15]_i_31/CO[3]
                         net (fo=1, routed)           0.000     7.250    u_eth/u_lm/gap_min_reg[15]_i_31_n_0
    SLICE_X28Y71         CARRY4 (Prop_carry4_CI_CO[3])
                                                      0.098     7.348 r  u_eth/u_lm/gap_min_reg[15]_i_32/CO[3]
                         net (fo=1, routed)           0.000     7.348    u_eth/u_lm/gap_min_reg[15]_i_32_n_0
    SLICE_X28Y72         CARRY4 (Prop_carry4_CI_O[2])
                                                      0.200     7.548 r  u_eth/u_lm/gap_min_reg[15]_i_34/O[2]
                         net (fo=1, routed)           0.644     8.192    u_eth/u_lm/gap_min_reg[15]_i_34_n_5
    SLICE_X30Y70         LUT4 (Prop_lut4_I1_O)        0.253     8.445 r  u_eth/u_lm/gap_min[15]_i_18/O
                         net (fo=1, routed)           0.531     8.976    u_eth/u_lm/gap_min[15]_i_18_n_0
    SLICE_X30Y69         LUT4 (Prop_lut4_I3_O)        0.105     9.081 r  u_eth/u_lm/gap_min[15]_i_4/O
                         net (fo=96, routed)          0.821     9.901    u_eth/u_lm/gap_min[15]_i_4_n_0
    SLICE_X32Y64         LUT5 (Prop_lut5_I1_O)        0.105    10.006 r  u_eth/u_lm/gap_min[15]_i_29/O
                         net (fo=1, routed)           0.000    10.006    u_eth/u_lm/gap_min[15]_i_29_n_0
    SLICE_X32Y64         CARRY4 (Prop_carry4_S[1]_CO[3])
                                                      0.444    10.450 r  u_eth/u_lm/gap_min_reg[15]_i_6/CO[3]
                         net (fo=1, routed)           0.000    10.450    u_eth/u_lm/gap_min_reg[15]_i_6_n_0
    SLICE_X32Y65         CARRY4 (Prop_carry4_CI_CO[3])
                                                      0.100    10.550 r  u_eth/u_lm/gap_min_reg[15]_i_3/CO[3]
                         net (fo=17, routed)          0.849    11.399    u_eth/u_lm/gap_min_reg[15]_i_3_n_0
    SLICE_X31Y64         LUT5 (Prop_lut5_I2_O)        0.107    11.506 r  u_eth/u_lm/gap_min[15]_i_1/O
                         net (fo=16, routed)          0.630    12.136    u_eth/u_lm/gap_min[15]_i_1_n_0
    SLICE_X32Y66         FDCE                                         r  u_eth/u_lm/gap_min_reg[10]/CE
  -------------------------------------------------------------------    -------------------

                         (clock eth_rxc rise edge)    8.000     8.000 r  
    Y19                                               0.000     8.000 r  eth_rxc (IN)
                         net (fo=0)                   0.000     8.000    eth_rxc
    Y19                  IBUF (Prop_ibuf_I_O)         1.364     9.364 r  eth_rxc_IBUF_inst/O
                         net (fo=2, routed)           1.701    11.065    u_eth/u_rgmii/u_rgmii_rx/rgmii_rxc
    BUFGCTRL_X0Y1        BUFG (Prop_bufg_I_O)         0.077    11.142 r  u_eth/u_rgmii/u_rgmii_rx/BUFG_inst/O
                         net (fo=2520, routed)        1.232    12.374    u_eth/u_lm/gmii_rx_clk
    SLICE_X32Y66         FDCE                                         r  u_eth/u_lm/gap_min_reg[10]/C
                         clock pessimism              0.342    12.716    
                         clock uncertainty           -0.035    12.680    
    SLICE_X32Y66         FDCE (Setup_fdce_C_CE)      -0.305    12.375    u_eth/u_lm/gap_min_reg[10]
  -------------------------------------------------------------------
                         required time                         12.375    
                         arrival time                         -12.136    
  -------------------------------------------------------------------
                         slack                                  0.239    





Min Delay Paths
--------------------------------------------------------------------------------------
Slack (MET) :             0.051ns  (arrival time - required time)
  Source:                 u_eth/u_rx_par/p_data_reg[3]/C
                            (rising edge-triggered cell FDCE clocked by eth_rxc  {rise@0.000ns fall@4.000ns period=8.000ns})
  Destination:            u_eth/u_reasm/off_reg[27]/D
                            (rising edge-triggered cell FDCE clocked by eth_rxc  {rise@0.000ns fall@4.000ns period=8.000ns})
  Path Group:             eth_rxc
  Path Type:              Hold (Min at Fast Process Corner)
  Requirement:            0.000ns  (eth_rxc rise@0.000ns - eth_rxc rise@0.000ns)
  Data Path Delay:        0.911ns  (logic 0.209ns (22.944%)  route 0.702ns (77.056%))
  Logic Levels:           1  (LUT5=1)
  Clock Path Skew:        0.268ns (DCD - SCD - CPR)
    Destination Clock Delay (DCD):    2.061ns
    Source Clock Delay      (SCD):    1.540ns
    Clock Pessimism Removal (CPR):    0.253ns
  Clock Uncertainty:      0.500ns  ((TSJ^2 + TIJ^2)^1/2 + DJ) / 2 + PE + UU
    Total System Jitter     (TSJ):    0.000ns
    Total Input Jitter      (TIJ):    0.000ns
    Discrete Jitter          (DJ):    0.000ns
    Phase Error              (PE):    0.000ns
    User Uncertainty         (UU):    0.500ns

    Location             Delay type                Incr(ns)  Path(ns)    Netlist Resource(s)
  -------------------------------------------------------------------    -------------------
                         (clock eth_rxc rise edge)    0.000     0.000 r  
    Y19                                               0.000     0.000 r  eth_rxc (IN)
                         net (fo=0)                   0.000     0.000    eth_rxc
    Y19                  IBUF (Prop_ibuf_I_O)         0.266     0.266 r  eth_rxc_IBUF_inst/O
                         net (fo=2, routed)           0.674     0.940    u_eth/u_rgmii/u_rgmii_rx/rgmii_rxc
    BUFGCTRL_X0Y1        BUFG (Prop_bufg_I_O)         0.026     0.966 r  u_eth/u_rgmii/u_rgmii_rx/BUFG_inst/O
                         net (fo=2520, routed)        0.574     1.540    u_eth/u_rx_par/gmii_rx_clk
    SLICE_X58Y31         FDCE                                         r  u_eth/u_rx_par/p_data_reg[3]/C
  -------------------------------------------------------------------    -------------------
    SLICE_X58Y31         FDCE (Prop_fdce_C_Q)         0.164     1.704 r  u_eth/u_rx_par/p_data_reg[3]/Q
                         net (fo=9, routed)           0.702     2.406    u_eth/u_reasm/p_data[3]
    SLICE_X28Y31         LUT5 (Prop_lut5_I1_O)        0.045     2.451 r  u_eth/u_reasm/off[27]_i_1/O
                         net (fo=1, routed)           0.000     2.451    u_eth/u_reasm/p_1_in[27]
    SLICE_X28Y31         FDCE                                         r  u_eth/u_reasm/off_reg[27]/D
  -------------------------------------------------------------------    -------------------

                         (clock eth_rxc rise edge)    0.000     0.000 r  
    Y19                                               0.000     0.000 r  eth_rxc (IN)
                         net (fo=0)                   0.000     0.000    eth_rxc
    Y19                  IBUF (Prop_ibuf_I_O)         0.454     0.454 r  eth_rxc_IBUF_inst/O
                         net (fo=2, routed)           0.731     1.185    u_eth/u_rgmii/u_rgmii_rx/rgmii_rxc
    BUFGCTRL_X0Y1        BUFG (Prop_bufg_I_O)         0.029     1.214 r  u_eth/u_rgmii/u_rgmii_rx/BUFG_inst/O
                         net (fo=2520, routed)        0.847     2.061    u_eth/u_reasm/gmii_rx_clk
    SLICE_X28Y31         FDCE                                         r  u_eth/u_reasm/off_reg[27]/C
                         clock pessimism             -0.253     1.808    
                         clock uncertainty            0.500     2.308    
    SLICE_X28Y31         FDCE (Hold_fdce_C_D)         0.092     2.400    u_eth/u_reasm/off_reg[27]
  -------------------------------------------------------------------
                         required time                         -2.400    
                         arrival time                           2.451    
  -------------------------------------------------------------------
                         slack                                  0.051    





Pulse Width Checks
--------------------------------------------------------------------------------------
Clock Name:         eth_rxc
Waveform(ns):       { 0.000 4.000 }
Period(ns):         8.000
Sources:            { eth_rxc }

Check Type        Corner  Lib Pin             Reference Pin  Required(ns)  Actual(ns)  Slack(ns)  Location      Pin
Min Period        n/a     RAMB18E1/CLKARDCLK  n/a            2.472         8.000       5.528      RAMB18_X5Y6   u_eth/u_icmp_fifo/mem_reg/CLKARDCLK
Low Pulse Width   Slow    FDCE/C              n/a            0.500         4.000       3.500      SLICE_X22Y20  u_eth/flush_pend_reg/C
High Pulse Width  Slow    FDCE/C              n/a            0.500         4.000       3.500      SLICE_X22Y20  u_eth/flush_pend_reg/C



---------------------------------------------------------------------------------------------------
From Clock:  sys_clk
  To Clock:  sys_clk

Setup :            0  Failing Endpoints,  Worst Slack       13.362ns,  Total Violation        0.000ns
Hold  :            0  Failing Endpoints,  Worst Slack        0.056ns,  Total Violation        0.000ns
PW    :            0  Failing Endpoints,  Worst Slack        7.000ns,  Total Violation        0.000ns
---------------------------------------------------------------------------------------------------


Max Delay Paths
--------------------------------------------------------------------------------------
Slack (MET) :             13.362ns  (required time - arrival time)
  Source:                 u_pl/u_ang/angle_reg[3]/C
                            (rising edge-triggered cell FDRE clocked by sys_clk  {rise@0.000ns fall@10.000ns period=20.000ns})
  Destination:            u_pl/u_ang/angle_reg[4]/D
                            (rising edge-triggered cell FDRE clocked by sys_clk  {rise@0.000ns fall@10.000ns period=20.000ns})
  Path Group:             sys_clk
  Path Type:              Setup (Max at Slow Process Corner)
  Requirement:            20.000ns  (sys_clk rise@20.000ns - sys_clk rise@0.000ns)
  Data Path Delay:        6.354ns  (logic 1.160ns (18.256%)  route 5.194ns (81.744%))
  Logic Levels:           5  (LUT5=3 LUT6=1 MUXF7=1)
  Clock Path Skew:        -0.028ns (DCD - SCD + CPR)
    Destination Clock Delay (DCD):    4.518ns = ( 24.518 - 20.000 ) 
    Source Clock Delay      (SCD):    4.935ns
    Clock Pessimism Removal (CPR):    0.389ns
  Clock Uncertainty:      0.035ns  ((TSJ^2 + TIJ^2)^1/2 + DJ) / 2 + PE
    Total System Jitter     (TSJ):    0.071ns
    Total Input Jitter      (TIJ):    0.000ns
    Discrete Jitter          (DJ):    0.000ns
    Phase Error              (PE):    0.000ns

    Location             Delay type                Incr(ns)  Path(ns)    Netlist Resource(s)
  -------------------------------------------------------------------    -------------------
                         (clock sys_clk rise edge)    0.000     0.000 r  
    W17                                               0.000     0.000 r  sys_clk (IN)
                         net (fo=0)                   0.000     0.000    sys_clk
    W17                  IBUF (Prop_ibuf_I_O)         1.415     1.415 r  sys_clk_IBUF_inst/O
                         net (fo=1, routed)           1.873     3.288    sys_clk_IBUF
    BUFGCTRL_X0Y4        BUFG (Prop_bufg_I_O)         0.085     3.373 r  sys_clk_IBUF_BUFG_inst/O
                         net (fo=186, routed)         1.562     4.935    u_pl/u_ang/sys_clk_IBUF_BUFG
    SLICE_X44Y104        FDRE                                         r  u_pl/u_ang/angle_reg[3]/C
  -------------------------------------------------------------------    -------------------
    SLICE_X44Y104        FDRE (Prop_fdre_C_Q)         0.379     5.314 r  u_pl/u_ang/angle_reg[3]/Q
                         net (fo=164, routed)         2.308     7.622    u_pl/u_ang/angle_reg[3]_1
    SLICE_X86Y104        LUT5 (Prop_lut5_I4_O)        0.105     7.727 r  u_pl/u_ang/rot_s0_i_2/O
                         net (fo=5, routed)           1.382     9.109    u_pl/u_ang/rot_s0_i_2_n_0
    SLICE_X48Y105        LUT5 (Prop_lut5_I0_O)        0.126     9.235 r  u_pl/u_ang/rot_s0_i_1/O
                         net (fo=3, routed)           0.613     9.848    u_pl/u_ang/angle_reg[8]_4
    SLICE_X45Y103        LUT6 (Prop_lut6_I0_O)        0.267    10.115 r  u_pl/u_ang/angle[4]_i_4/O
                         net (fo=1, routed)           0.113    10.228    u_pl/u_ang/angle[4]_i_4_n_0
    SLICE_X45Y103        LUT5 (Prop_lut5_I0_O)        0.105    10.333 r  u_pl/u_ang/angle[4]_i_2/O
                         net (fo=1, routed)           0.000    10.333    u_pl/u_ang/angle[4]_i_2_n_0
    SLICE_X45Y103        MUXF7 (Prop_muxf7_I0_O)      0.178    10.511 r  u_pl/u_ang/angle_reg[4]_i_1/O
                         net (fo=2, routed)           0.778    11.289    u_pl/u_ang/p_1_in__0[4]
    SLICE_X47Y102        FDRE                                         r  u_pl/u_ang/angle_reg[4]/D
  -------------------------------------------------------------------    -------------------

                         (clock sys_clk rise edge)   20.000    20.000 r  
    W17                                               0.000    20.000 r  sys_clk (IN)
                         net (fo=0)                   0.000    20.000    sys_clk
    W17                  IBUF (Prop_ibuf_I_O)         1.349    21.349 r  sys_clk_IBUF_inst/O
                         net (fo=1, routed)           1.701    23.050    sys_clk_IBUF
    BUFGCTRL_X0Y4        BUFG (Prop_bufg_I_O)         0.077    23.127 r  sys_clk_IBUF_BUFG_inst/O
                         net (fo=186, routed)         1.391    24.518    u_pl/u_ang/sys_clk_IBUF_BUFG
    SLICE_X47Y102        FDRE                                         r  u_pl/u_ang/angle_reg[4]/C
                         clock pessimism              0.389    24.907    
                         clock uncertainty           -0.035    24.872    
    SLICE_X47Y102        FDRE (Setup_fdre_C_D)       -0.221    24.651    u_pl/u_ang/angle_reg[4]
  -------------------------------------------------------------------
                         required time                         24.651    
                         arrival time                         -11.289    
  -------------------------------------------------------------------
                         slack                                 13.362    





Min Delay Paths
--------------------------------------------------------------------------------------
Slack (MET) :             0.056ns  (arrival time - required time)
  Source:                 u_pl/fps_acc_reg[2]/C
                            (rising edge-triggered cell FDCE clocked by sys_clk  {rise@0.000ns fall@10.000ns period=20.000ns})
  Destination:            u_pl/fps_q_reg[2]/D
                            (rising edge-triggered cell FDCE clocked by sys_clk  {rise@0.000ns fall@10.000ns period=20.000ns})
  Path Group:             sys_clk
  Path Type:              Hold (Min at Fast Process Corner)
  Requirement:            0.000ns  (sys_clk rise@0.000ns - sys_clk rise@0.000ns)
  Data Path Delay:        0.336ns  (logic 0.128ns (38.072%)  route 0.208ns (61.928%))
  Logic Levels:           0  
  Clock Path Skew:        0.267ns (DCD - SCD - CPR)
    Destination Clock Delay (DCD):    2.112ns
    Source Clock Delay      (SCD):    1.588ns
    Clock Pessimism Removal (CPR):    0.256ns

    Location             Delay type                Incr(ns)  Path(ns)    Netlist Resource(s)
  -------------------------------------------------------------------    -------------------
                         (clock sys_clk rise edge)    0.000     0.000 r  
    W17                                               0.000     0.000 r  sys_clk (IN)
                         net (fo=0)                   0.000     0.000    sys_clk
    W17                  IBUF (Prop_ibuf_I_O)         0.252     0.252 r  sys_clk_IBUF_inst/O
                         net (fo=1, routed)           0.674     0.926    sys_clk_IBUF
    BUFGCTRL_X0Y4        BUFG (Prop_bufg_I_O)         0.026     0.952 r  sys_clk_IBUF_BUFG_inst/O
                         net (fo=186, routed)         0.636     1.588    u_pl/sys_clk_IBUF_BUFG
    SLICE_X53Y104        FDCE                                         r  u_pl/fps_acc_reg[2]/C
  -------------------------------------------------------------------    -------------------
    SLICE_X53Y104        FDCE (Prop_fdce_C_Q)         0.128     1.716 r  u_pl/fps_acc_reg[2]/Q
                         net (fo=2, routed)           0.208     1.924    u_pl/fps_acc_reg_n_0_[2]
    SLICE_X49Y103        FDCE                                         r  u_pl/fps_q_reg[2]/D
  -------------------------------------------------------------------    -------------------

                         (clock sys_clk rise edge)    0.000     0.000 r  
    W17                                               0.000     0.000 r  sys_clk (IN)
                         net (fo=0)                   0.000     0.000    sys_clk
    W17                  IBUF (Prop_ibuf_I_O)         0.440     0.440 r  sys_clk_IBUF_inst/O
                         net (fo=1, routed)           0.731     1.171    sys_clk_IBUF
    BUFGCTRL_X0Y4        BUFG (Prop_bufg_I_O)         0.029     1.200 r  sys_clk_IBUF_BUFG_inst/O
                         net (fo=186, routed)         0.912     2.112    u_pl/sys_clk_IBUF_BUFG
    SLICE_X49Y103        FDCE                                         r  u_pl/fps_q_reg[2]/C
                         clock pessimism             -0.256     1.855    
    SLICE_X49Y103        FDCE (Hold_fdce_C_D)         0.013     1.868    u_pl/fps_q_reg[2]
  -------------------------------------------------------------------
                         required time                         -1.868    
                         arrival time                           1.924    
  -------------------------------------------------------------------
                         slack                                  0.056    





Pulse Width Checks
--------------------------------------------------------------------------------------
Clock Name:         sys_clk
Waveform(ns):       { 0.000 10.000 }
Period(ns):         20.000
Sources:            { sys_clk }

Check Type        Corner  Lib Pin            Reference Pin  Required(ns)  Actual(ns)  Slack(ns)  Location         Pin
Min Period        n/a     BUFG/I             n/a            1.592         20.000      18.408     BUFGCTRL_X0Y4    sys_clk_IBUF_BUFG_inst/I
Max Period        n/a     MMCME2_ADV/CLKIN1  n/a            100.000       20.000      80.000     MMCME2_ADV_X0Y0  u_idelay_clkgen/u_mmcm/CLKIN1
Low Pulse Width   Slow    MMCME2_ADV/CLKIN1  n/a            3.000         10.000      7.000      MMCME2_ADV_X0Y0  u_idelay_clkgen/u_mmcm/CLKIN1
High Pulse Width  Slow    MMCME2_ADV/CLKIN1  n/a            3.000         10.000      7.000      MMCME2_ADV_X0Y0  u_idelay_clkgen/u_mmcm/CLKIN1



---------------------------------------------------------------------------------------------------
From Clock:  clkfbout
  To Clock:  clkfbout

Setup :           NA  Failing Endpoints,  Worst Slack           NA  ,  Total Violation           NA
Hold  :           NA  Failing Endpoints,  Worst Slack           NA  ,  Total Violation           NA
PW    :            0  Failing Endpoints,  Worst Slack       18.408ns,  Total Violation        0.000ns
---------------------------------------------------------------------------------------------------


Pulse Width Checks
--------------------------------------------------------------------------------------
Clock Name:         clkfbout
Waveform(ns):       { 0.000 10.000 }
Period(ns):         20.000
Sources:            { u_idelay_clkgen/u_mmcm/CLKFBOUT }

Check Type  Corner  Lib Pin             Reference Pin  Required(ns)  Actual(ns)  Slack(ns)  Location         Pin
Min Period  n/a     BUFG/I              n/a            1.592         20.000      18.408     BUFGCTRL_X0Y5    u_idelay_clkgen/u_bufg_fb/I
Max Period  n/a     MMCME2_ADV/CLKFBIN  n/a            100.000       20.000      80.000     MMCME2_ADV_X0Y0  u_idelay_clkgen/u_mmcm/CLKFBIN



---------------------------------------------------------------------------------------------------
From Clock:  clkfbout_1
  To Clock:  clkfbout_1

Setup :           NA  Failing Endpoints,  Worst Slack           NA  ,  Total Violation           NA
Hold  :           NA  Failing Endpoints,  Worst Slack           NA  ,  Total Violation           NA
PW    :            0  Failing Endpoints,  Worst Slack       18.408ns,  Total Violation        0.000ns
---------------------------------------------------------------------------------------------------


Pulse Width Checks
--------------------------------------------------------------------------------------
Clock Name:         clkfbout_1
Waveform(ns):       { 0.000 10.000 }
Period(ns):         20.000
Sources:            { u_pl/u_clk/u_mmcm/CLKFBOUT }

Check Type  Corner  Lib Pin             Reference Pin  Required(ns)  Actual(ns)  Slack(ns)  Location         Pin
Min Period  n/a     BUFG/I              n/a            1.592         20.000      18.408     BUFGCTRL_X0Y6    u_pl/u_clk/u_bufg_fb/I
Max Period  n/a     MMCME2_ADV/CLKFBIN  n/a            100.000       20.000      80.000     MMCME2_ADV_X1Y0  u_pl/u_clk/u_mmcm/CLKFBIN



---------------------------------------------------------------------------------------------------
From Clock:  clkout0_1
  To Clock:  clkout0_1

Setup :            0  Failing Endpoints,  Worst Slack        2.192ns,  Total Violation        0.000ns
Hold  :            0  Failing Endpoints,  Worst Slack        0.064ns,  Total Violation        0.000ns
PW    :            0  Failing Endpoints,  Worst Slack        8.870ns,  Total Violation        0.000ns
---------------------------------------------------------------------------------------------------


Max Delay Paths
--------------------------------------------------------------------------------------
Slack (MET) :             2.192ns  (required time - arrival time)
  Source:                 u_pl/u_split_ctrl/pct_q_reg[7]/C
                            (rising edge-triggered cell FDCE clocked by clkout0_1  {rise@0.000ns fall@10.000ns period=20.000ns})
  Destination:            u_pl/u_osd/b_reg[2]/D
                            (rising edge-triggered cell FDCE clocked by clkout0_1  {rise@0.000ns fall@10.000ns period=20.000ns})
  Path Group:             clkout0_1
  Path Type:              Setup (Max at Slow Process Corner)
  Requirement:            20.000ns  (clkout0_1 rise@20.000ns - clkout0_1 rise@0.000ns)
  Data Path Delay:        17.609ns  (logic 3.545ns (20.132%)  route 14.064ns (79.868%))
  Logic Levels:           20  (CARRY4=1 LUT2=1 LUT3=2 LUT5=2 LUT6=14)
  Clock Path Skew:        -0.135ns (DCD - SCD + CPR)
    Destination Clock Delay (DCD):    4.542ns = ( 24.542 - 20.000 ) 
    Source Clock Delay      (SCD):    4.923ns
    Clock Pessimism Removal (CPR):    0.246ns
  Clock Uncertainty:      0.094ns  ((TSJ^2 + DJ^2)^1/2) / 2 + PE
    Total System Jitter     (TSJ):    0.071ns
    Discrete Jitter          (DJ):    0.175ns
    Phase Error              (PE):    0.000ns

    Location             Delay type                Incr(ns)  Path(ns)    Netlist Resource(s)
  -------------------------------------------------------------------    -------------------
                         (clock clkout0_1 rise edge)
                                                      0.000     0.000 r  
    W17                                               0.000     0.000 r  sys_clk (IN)
                         net (fo=0)                   0.000     0.000    sys_clk
    W17                  IBUF (Prop_ibuf_I_O)         1.415     1.415 r  sys_clk_IBUF_inst/O
                         net (fo=1, routed)           1.873     3.288    sys_clk_IBUF
    BUFGCTRL_X0Y4        BUFG (Prop_bufg_I_O)         0.085     3.373 r  sys_clk_IBUF_BUFG_inst/O
                         net (fo=186, routed)         1.550     4.923    u_pl/u_clk/sys_clk_IBUF_BUFG
    MMCME2_ADV_X1Y0      MMCME2_ADV (Prop_mmcme2_adv_CLKIN1_CLKOUT0)
                                                     -3.232     1.691 r  u_pl/u_clk/u_mmcm/CLKOUT0
                         net (fo=1, routed)           1.597     3.288    u_pl/u_clk/clkout0
    BUFGCTRL_X0Y0        BUFG (Prop_bufg_I_O)         0.085     3.373 r  u_pl/u_clk/u_bufg_pix/O
                         net (fo=5902, routed)        1.550     4.923    u_pl/u_split_ctrl/pct_q_reg[7]_22
    SLICE_X36Y120        FDCE                                         r  u_pl/u_split_ctrl/pct_q_reg[7]/C
  -------------------------------------------------------------------    -------------------
    SLICE_X36Y120        FDCE (Prop_fdce_C_Q)         0.398     5.321 r  u_pl/u_split_ctrl/pct_q_reg[7]/Q
                         net (fo=89, routed)          1.434     6.755    u_pl/u_split_ctrl/Q[0]
    SLICE_X34Y98         LUT5 (Prop_lut5_I1_O)        0.234     6.989 r  u_pl/u_split_ctrl/g0_b0_i_420/O
                         net (fo=2, routed)           0.562     7.551    u_pl/u_split_ctrl/g0_b0_i_420_n_0
    SLICE_X34Y98         LUT6 (Prop_lut6_I3_O)        0.105     7.656 r  u_pl/u_split_ctrl/g0_b0_i_363/O
                         net (fo=15, routed)          0.514     8.170    u_pl/u_split_ctrl/g0_b0_i_363_n_0
    SLICE_X35Y98         LUT6 (Prop_lut6_I5_O)        0.105     8.275 r  u_pl/u_split_ctrl/g0_b0_i_219/O
                         net (fo=26, routed)          0.764     9.039    u_pl/u_split_ctrl/pct_q_reg[7]_4
    SLICE_X38Y91         LUT6 (Prop_lut6_I4_O)        0.105     9.144 r  u_pl/u_split_ctrl/g0_b0_i_571/O
                         net (fo=1, routed)           0.318     9.461    u_pl/u_split_ctrl/g0_b0_i_571_n_0
    SLICE_X39Y91         LUT5 (Prop_lut5_I0_O)        0.105     9.566 r  u_pl/u_split_ctrl/g0_b0_i_373/O
                         net (fo=1, routed)           0.000     9.566    u_pl/u_lat_x/S[0]
    SLICE_X39Y91         CARRY4 (Prop_carry4_S[1]_O[3])
                                                      0.530    10.096 r  u_pl/u_lat_x/g0_b0_i_159/O[3]
                         net (fo=29, routed)          1.063    11.160    u_pl/u_lat_x/g0_b0_i_159_n_4
    SLICE_X37Y95         LUT6 (Prop_lut6_I5_O)        0.257    11.417 f  u_pl/u_lat_x/g0_b0_i_171/O
                         net (fo=4, routed)           0.613    12.029    u_pl/u_osd/g0_b0_i_297_0
    SLICE_X43Y99         LUT3 (Prop_lut3_I2_O)        0.108    12.137 r  u_pl/u_osd/g0_b0_i_73/O
                         net (fo=2, routed)           0.631    12.769    u_pl/u_osd/g0_b0_i_73_n_0
    SLICE_X37Y95         LUT6 (Prop_lut6_I0_O)        0.267    13.036 r  u_pl/u_osd/g0_b0_i_297/O
                         net (fo=1, routed)           0.468    13.503    u_pl/u_osd/g0_b0_i_297_n_0
    SLICE_X34Y94         LUT6 (Prop_lut6_I1_O)        0.105    13.608 f  u_pl/u_osd/g0_b0_i_124/O
                         net (fo=1, routed)           0.762    14.370    u_pl/u_osd/g0_b0_i_124_n_0
    SLICE_X40Y94         LUT6 (Prop_lut6_I4_O)        0.105    14.475 r  u_pl/u_osd/g0_b0_i_49/O
                         net (fo=1, routed)           0.360    14.835    u_pl/u_osd/g0_b0_i_49_n_0
    SLICE_X44Y94         LUT6 (Prop_lut6_I2_O)        0.105    14.940 r  u_pl/u_osd/g0_b0_i_25/O
                         net (fo=12, routed)          0.831    15.771    u_pl/u_osd/chars[1]
    SLICE_X47Y88         LUT6 (Prop_lut6_I4_O)        0.105    15.876 r  u_pl/u_osd/g0_b0_i_20/O
                         net (fo=1, routed)           0.546    16.422    u_pl/u_osd/g0_b0_i_20_n_0
    SLICE_X47Y88         LUT3 (Prop_lut3_I2_O)        0.119    16.541 r  u_pl/u_osd/g0_b0_i_5/O
                         net (fo=35, routed)          1.105    17.646    u_pl/glyph_idx[4]
    SLICE_X55Y78         LUT6 (Prop_lut6_I4_O)        0.267    17.913 f  u_pl/g0_b3__2/O
                         net (fo=1, routed)           0.513    18.426    u_pl/u_osd/r_reg[7]_i_13_1[3]
    SLICE_X55Y77         LUT6 (Prop_lut6_I1_O)        0.105    18.531 r  u_pl/u_osd/r[7]_i_29/O
                         net (fo=1, routed)           0.374    18.905    u_pl/u_osd/r[7]_i_29_n_0
    SLICE_X55Y75         LUT6 (Prop_lut6_I1_O)        0.105    19.010 f  u_pl/u_osd/r[7]_i_21/O
                         net (fo=1, routed)           0.285    19.295    u_pl/u_osd/r[7]_i_21_n_0
    SLICE_X57Y74         LUT6 (Prop_lut6_I5_O)        0.105    19.400 r  u_pl/u_osd/r[7]_i_7/O
                         net (fo=1, routed)           0.536    19.936    u_pl/u_osd/r[7]_i_7_n_0
    SLICE_X56Y75         LUT6 (Prop_lut6_I5_O)        0.105    20.041 f  u_pl/u_osd/r[7]_i_2/O
                         net (fo=19, routed)          2.386    22.427    u_pl/u_osd/r[7]_i_2_n_0
    SLICE_X107Y23        LUT2 (Prop_lut2_I1_O)        0.105    22.532 r  u_pl/u_osd/b[2]_i_1/O
                         net (fo=1, routed)           0.000    22.532    u_pl/u_osd/b[2]_i_1_n_0
    SLICE_X107Y23        FDCE                                         r  u_pl/u_osd/b_reg[2]/D
  -------------------------------------------------------------------    -------------------

                         (clock clkout0_1 rise edge)
                                                     20.000    20.000 r  
    W17                                               0.000    20.000 r  sys_clk (IN)
                         net (fo=0)                   0.000    20.000    sys_clk
    W17                  IBUF (Prop_ibuf_I_O)         1.349    21.349 r  sys_clk_IBUF_inst/O
                         net (fo=1, routed)           1.701    23.050    sys_clk_IBUF
    BUFGCTRL_X0Y4        BUFG (Prop_bufg_I_O)         0.077    23.127 r  sys_clk_IBUF_BUFG_inst/O
                         net (fo=186, routed)         1.384    24.511    u_pl/u_clk/sys_clk_IBUF_BUFG
    MMCME2_ADV_X1Y0      MMCME2_ADV (Prop_mmcme2_adv_CLKIN1_CLKOUT0)
                                                     -2.915    21.596 r  u_pl/u_clk/u_mmcm/CLKOUT0
                         net (fo=1, routed)           1.454    23.050    u_pl/u_clk/clkout0
    BUFGCTRL_X0Y0        BUFG (Prop_bufg_I_O)         0.077    23.127 r  u_pl/u_clk/u_bufg_pix/O
                         net (fo=5902, routed)        1.415    24.542    u_pl/u_osd/s_vs_reg_0
    SLICE_X107Y23        FDCE                                         r  u_pl/u_osd/b_reg[2]/C
                         clock pessimism              0.246    24.788    
                         clock uncertainty           -0.094    24.694    
    SLICE_X107Y23        FDCE (Setup_fdce_C_D)        0.030    24.724    u_pl/u_osd/b_reg[2]
  -------------------------------------------------------------------
                         required time                         24.724    
                         arrival time                         -22.532    
  -------------------------------------------------------------------
                         slack                                  2.192    





Min Delay Paths
--------------------------------------------------------------------------------------
Slack (MET) :             0.064ns  (arrival time - required time)
  Source:                 u_pl/x_d_reg[8][8]/C
                            (rising edge-triggered cell FDCE clocked by clkout0_1  {rise@0.000ns fall@10.000ns period=20.000ns})
  Destination:            u_pl/x_d_reg[9][8]/D
                            (rising edge-triggered cell FDCE clocked by clkout0_1  {rise@0.000ns fall@10.000ns period=20.000ns})
  Path Group:             clkout0_1
  Path Type:              Hold (Min at Fast Process Corner)
  Requirement:            0.000ns  (clkout0_1 rise@0.000ns - clkout0_1 rise@0.000ns)
  Data Path Delay:        0.474ns  (logic 0.141ns (29.760%)  route 0.333ns (70.240%))
  Logic Levels:           0  
  Clock Path Skew:        0.350ns (DCD - SCD - CPR)
    Destination Clock Delay (DCD):    2.141ns
    Source Clock Delay      (SCD):    1.538ns
    Clock Pessimism Removal (CPR):    0.253ns

    Location             Delay type                Incr(ns)  Path(ns)    Netlist Resource(s)
  -------------------------------------------------------------------    -------------------
                         (clock clkout0_1 rise edge)
                                                      0.000     0.000 r  
    W17                                               0.000     0.000 r  sys_clk (IN)
                         net (fo=0)                   0.000     0.000    sys_clk
    W17                  IBUF (Prop_ibuf_I_O)         0.252     0.252 r  sys_clk_IBUF_inst/O
                         net (fo=1, routed)           0.674     0.926    sys_clk_IBUF
    BUFGCTRL_X0Y4        BUFG (Prop_bufg_I_O)         0.026     0.952 r  sys_clk_IBUF_BUFG_inst/O
                         net (fo=186, routed)         0.595     1.547    u_pl/u_clk/sys_clk_IBUF_BUFG
    MMCME2_ADV_X1Y0      MMCME2_ADV (Prop_mmcme2_adv_CLKIN1_CLKOUT0)
                                                     -1.150     0.397 r  u_pl/u_clk/u_mmcm/CLKOUT0
                         net (fo=1, routed)           0.529     0.926    u_pl/u_clk/clkout0
    BUFGCTRL_X0Y0        BUFG (Prop_bufg_I_O)         0.026     0.952 r  u_pl/u_clk/u_bufg_pix/O
                         net (fo=5902, routed)        0.586     1.538    u_pl/clk_pix
    SLICE_X80Y97         FDCE                                         r  u_pl/x_d_reg[8][8]/C
  -------------------------------------------------------------------    -------------------
    SLICE_X80Y97         FDCE (Prop_fdce_C_Q)         0.141     1.679 r  u_pl/x_d_reg[8][8]/Q
                         net (fo=1, routed)           0.333     2.012    u_pl/x_d_reg[8]_4[8]
    SLICE_X80Y101        FDCE                                         r  u_pl/x_d_reg[9][8]/D
  -------------------------------------------------------------------    -------------------

                         (clock clkout0_1 rise edge)
                                                      0.000     0.000 r  
    W17                                               0.000     0.000 r  sys_clk (IN)
                         net (fo=0)                   0.000     0.000    sys_clk
    W17                  IBUF (Prop_ibuf_I_O)         0.440     0.440 r  sys_clk_IBUF_inst/O
                         net (fo=1, routed)           0.731     1.171    sys_clk_IBUF
    BUFGCTRL_X0Y4        BUFG (Prop_bufg_I_O)         0.029     1.200 r  sys_clk_IBUF_BUFG_inst/O
                         net (fo=186, routed)         0.862     2.062    u_pl/u_clk/sys_clk_IBUF_BUFG
    MMCME2_ADV_X1Y0      MMCME2_ADV (Prop_mmcme2_adv_CLKIN1_CLKOUT0)
                                                     -1.467     0.595 r  u_pl/u_clk/u_mmcm/CLKOUT0
                         net (fo=1, routed)           0.576     1.171    u_pl/u_clk/clkout0
    BUFGCTRL_X0Y0        BUFG (Prop_bufg_I_O)         0.029     1.200 r  u_pl/u_clk/u_bufg_pix/O
                         net (fo=5902, routed)        0.941     2.141    u_pl/clk_pix
    SLICE_X80Y101        FDCE                                         r  u_pl/x_d_reg[9][8]/C
                         clock pessimism             -0.253     1.888    
    SLICE_X80Y101        FDCE (Hold_fdce_C_D)         0.059     1.947    u_pl/x_d_reg[9][8]
  -------------------------------------------------------------------
                         required time                         -1.947    
                         arrival time                           2.012    
  -------------------------------------------------------------------
                         slack                                  0.064    





Pulse Width Checks
--------------------------------------------------------------------------------------
Clock Name:         clkout0_1
Waveform(ns):       { 0.000 10.000 }
Period(ns):         20.000
Sources:            { u_pl/u_clk/u_mmcm/CLKOUT0 }

Check Type        Corner  Lib Pin             Reference Pin  Required(ns)  Actual(ns)  Slack(ns)  Location         Pin
Min Period        n/a     DSP48E1/CLK         n/a            3.272         20.000      16.728     DSP48_X4Y36      u_pl/u_zmap/yr_m_reg/CLK
Max Period        n/a     MMCME2_ADV/CLKOUT0  n/a            213.360       20.000      193.360    MMCME2_ADV_X1Y0  u_pl/u_clk/u_mmcm/CLKOUT0
Low Pulse Width   Slow    RAMD64E/CLK         n/a            1.130         10.000      8.870      SLICE_X50Y99     u_pl/u_pipe/u_blur/lb1_reg_0_127_0_0/DP.HIGH/CLK
High Pulse Width  Slow    RAMD64E/CLK         n/a            1.130         10.000      8.870      SLICE_X50Y99     u_pl/u_pipe/u_blur/lb1_reg_0_127_0_0/DP.HIGH/CLK



---------------------------------------------------------------------------------------------------
From Clock:  clkout1_1
  To Clock:  clkout1_1

Setup :           NA  Failing Endpoints,  Worst Slack           NA  ,  Total Violation           NA
Hold  :           NA  Failing Endpoints,  Worst Slack           NA  ,  Total Violation           NA
PW    :            0  Failing Endpoints,  Worst Slack        2.408ns,  Total Violation        0.000ns
---------------------------------------------------------------------------------------------------


Pulse Width Checks
--------------------------------------------------------------------------------------
Clock Name:         clkout1_1
Waveform(ns):       { 0.000 2.000 }
Period(ns):         4.000
Sources:            { u_pl/u_clk/u_mmcm/CLKOUT1 }

Check Type  Corner  Lib Pin             Reference Pin  Required(ns)  Actual(ns)  Slack(ns)  Location         Pin
Min Period  n/a     BUFG/I              n/a            1.592         4.000       2.408      BUFGCTRL_X0Y2    u_pl/u_clk/u_bufg_5x/I
Max Period  n/a     MMCME2_ADV/CLKOUT1  n/a            213.360       4.000       209.360    MMCME2_ADV_X1Y0  u_pl/u_clk/u_mmcm/CLKOUT1



---------------------------------------------------------------------------------------------------
From Clock:  clkout2
  To Clock:  clkout2

Setup :           NA  Failing Endpoints,  Worst Slack           NA  ,  Total Violation           NA
Hold  :           NA  Failing Endpoints,  Worst Slack           NA  ,  Total Violation           NA
PW    :            0  Failing Endpoints,  Worst Slack        0.264ns,  Total Violation        0.000ns
---------------------------------------------------------------------------------------------------


Pulse Width Checks
--------------------------------------------------------------------------------------
Clock Name:         clkout2
Waveform(ns):       { 0.000 2.500 }
Period(ns):         5.000
Sources:            { u_idelay_clkgen/u_mmcm/CLKOUT2 }

Check Type  Corner  Lib Pin            Reference Pin  Required(ns)  Actual(ns)  Slack(ns)  Location         Pin
Min Period  n/a     IDELAYCTRL/REFCLK  n/a            2.438         5.000       2.562      IDELAYCTRL_X1Y0  u_eth/u_rgmii/u_rgmii_rx/IDELAYCTRL_inst/REFCLK
Max Period  n/a     IDELAYCTRL/REFCLK  n/a            5.264         5.000       0.264      IDELAYCTRL_X1Y0  u_eth/u_rgmii/u_rgmii_rx/IDELAYCTRL_inst/REFCLK



---------------------------------------------------------------------------------------------------
From Clock:  clkout0_1
  To Clock:  sys_clk

Setup :            0  Failing Endpoints,  Worst Slack       14.408ns,  Total Violation        0.000ns
Hold  :            0  Failing Endpoints,  Worst Slack        0.130ns,  Total Violation        0.000ns
---------------------------------------------------------------------------------------------------


Max Delay Paths
--------------------------------------------------------------------------------------
Slack (MET) :             14.408ns  (required time - arrival time)
  Source:                 u_pl/u_split_x/bus_q_reg[16]/C
                            (rising edge-triggered cell FDCE clocked by clkout0_1  {rise@0.000ns fall@10.000ns period=20.000ns})
  Destination:            u_pl/u_ang/angle_reg[6]/D
                            (rising edge-triggered cell FDRE clocked by sys_clk  {rise@0.000ns fall@10.000ns period=20.000ns})
  Path Group:             sys_clk
  Path Type:              Setup (Max at Slow Process Corner)
  Requirement:            20.000ns  (sys_clk rise@20.000ns - clkout0_1 rise@0.000ns)
  Data Path Delay:        5.221ns  (logic 2.010ns (38.496%)  route 3.211ns (61.504%))
  Logic Levels:           8  (CARRY4=3 LUT2=1 LUT5=2 LUT6=1 MUXF7=1)
  Clock Path Skew:        -0.171ns (DCD - SCD + CPR)
    Destination Clock Delay (DCD):    4.518ns = ( 24.518 - 20.000 ) 
    Source Clock Delay      (SCD):    4.935ns
    Clock Pessimism Removal (CPR):    0.246ns
  Clock Uncertainty:      0.259ns  ((TSJ^2 + DJ^2)^1/2) / 2 + PE
    Total System Jitter     (TSJ):    0.071ns
    Discrete Jitter          (DJ):    0.175ns
    Phase Error              (PE):    0.165ns

    Location             Delay type                Incr(ns)  Path(ns)    Netlist Resource(s)
  -------------------------------------------------------------------    -------------------
                         (clock clkout0_1 rise edge)
                                                      0.000     0.000 r  
    W17                                               0.000     0.000 r  sys_clk (IN)
                         net (fo=0)                   0.000     0.000    sys_clk
    W17                  IBUF (Prop_ibuf_I_O)         1.415     1.415 r  sys_clk_IBUF_inst/O
                         net (fo=1, routed)           1.873     3.288    sys_clk_IBUF
    BUFGCTRL_X0Y4        BUFG (Prop_bufg_I_O)         0.085     3.373 r  sys_clk_IBUF_BUFG_inst/O
                         net (fo=186, routed)         1.550     4.923    u_pl/u_clk/sys_clk_IBUF_BUFG
    MMCME2_ADV_X1Y0      MMCME2_ADV (Prop_mmcme2_adv_CLKIN1_CLKOUT0)
                                                     -3.232     1.691 r  u_pl/u_clk/u_mmcm/CLKOUT0
                         net (fo=1, routed)           1.597     3.288    u_pl/u_clk/clkout0
    BUFGCTRL_X0Y0        BUFG (Prop_bufg_I_O)         0.085     3.373 r  u_pl/u_clk/u_bufg_pix/O
                         net (fo=5902, routed)        1.562     4.935    u_pl/u_split_x/bus_q_reg[18]_1
    SLICE_X43Y101        FDCE                                         r  u_pl/u_split_x/bus_q_reg[16]/C
  -------------------------------------------------------------------    -------------------
    SLICE_X43Y101        FDCE (Prop_fdce_C_Q)         0.379     5.314 r  u_pl/u_split_x/bus_q_reg[16]/Q
                         net (fo=2, routed)           0.939     6.254    u_pl/u_ang/bus_q[1]
    SLICE_X47Y102        LUT2 (Prop_lut2_I1_O)        0.105     6.359 r  u_pl/u_ang/angle[3]_i_6/O
                         net (fo=1, routed)           0.000     6.359    u_pl/u_ang/angle[3]_i_6_n_0
    SLICE_X47Y102        CARRY4 (Prop_carry4_S[1]_CO[3])
                                                      0.457     6.816 r  u_pl/u_ang/angle_reg[3]_i_2/CO[3]
                         net (fo=1, routed)           0.000     6.816    u_pl/u_ang/angle_reg[3]_i_2_n_0
    SLICE_X47Y103        CARRY4 (Prop_carry4_CI_CO[3])
                                                      0.098     6.914 r  u_pl/u_ang/angle_reg[7]_i_5/CO[3]
                         net (fo=1, routed)           0.000     6.914    u_pl/u_ang/angle_reg[7]_i_5_n_0
    SLICE_X47Y104        CARRY4 (Prop_carry4_CI_CO[1])
                                                      0.132     7.046 r  u_pl/u_ang/angle_reg[8]_i_9/CO[1]
                         net (fo=2, routed)           0.816     7.861    u_pl/u_ang/angle_reg[8]_i_9_n_2
    SLICE_X44Y104        LUT6 (Prop_lut6_I0_O)        0.275     8.136 r  u_pl/u_ang/angle[3]_i_3/O
                         net (fo=5, routed)           0.764     8.900    u_pl/u_ang/angle[3]_i_3_n_0
    SLICE_X44Y104        LUT5 (Prop_lut5_I4_O)        0.119     9.019 r  u_pl/u_ang/angle[6]_i_4/O
                         net (fo=1, routed)           0.692     9.711    u_pl/u_ang/angle[6]_i_4_n_0
    SLICE_X45Y104        LUT5 (Prop_lut5_I4_O)        0.267     9.978 r  u_pl/u_ang/angle[6]_i_2/O
                         net (fo=1, routed)           0.000     9.978    u_pl/u_ang/angle[6]_i_2_n_0
    SLICE_X45Y104        MUXF7 (Prop_muxf7_I0_O)      0.178    10.156 r  u_pl/u_ang/angle_reg[6]_i_1/O
                         net (fo=1, routed)           0.000    10.156    u_pl/u_ang/p_1_in__0[6]
    SLICE_X45Y104        FDRE                                         r  u_pl/u_ang/angle_reg[6]/D
  -------------------------------------------------------------------    -------------------

                         (clock sys_clk rise edge)   20.000    20.000 r  
    W17                                               0.000    20.000 r  sys_clk (IN)
                         net (fo=0)                   0.000    20.000    sys_clk
    W17                  IBUF (Prop_ibuf_I_O)         1.349    21.349 r  sys_clk_IBUF_inst/O
                         net (fo=1, routed)           1.701    23.050    sys_clk_IBUF
    BUFGCTRL_X0Y4        BUFG (Prop_bufg_I_O)         0.077    23.127 r  sys_clk_IBUF_BUFG_inst/O
                         net (fo=186, routed)         1.391    24.518    u_pl/u_ang/sys_clk_IBUF_BUFG
    SLICE_X45Y104        FDRE                                         r  u_pl/u_ang/angle_reg[6]/C
                         clock pessimism              0.246    24.764    
                         clock uncertainty           -0.259    24.505    
    SLICE_X45Y104        FDRE (Setup_fdre_C_D)        0.060    24.565    u_pl/u_ang/angle_reg[6]
  -------------------------------------------------------------------
                         required time                         24.565    
                         arrival time                         -10.156    
  -------------------------------------------------------------------
                         slack                                 14.408    





Min Delay Paths
--------------------------------------------------------------------------------------
Slack (MET) :             0.130ns  (arrival time - required time)
  Source:                 u_pl/rot_fs_tog_reg/C
                            (rising edge-triggered cell FDCE clocked by clkout0_1  {rise@0.000ns fall@10.000ns period=20.000ns})
  Destination:            u_pl/u_ang/fs_s_reg[0]/D
                            (rising edge-triggered cell FDRE clocked by sys_clk  {rise@0.000ns fall@10.000ns period=20.000ns})
  Path Group:             sys_clk
  Path Type:              Hold (Min at Fast Process Corner)
  Requirement:            0.000ns  (sys_clk rise@0.000ns - clkout0_1 rise@0.000ns)
  Data Path Delay:        0.793ns  (logic 0.141ns (17.783%)  route 0.652ns (82.217%))
  Logic Levels:           0  
  Clock Path Skew:        0.357ns (DCD - SCD - CPR)
    Destination Clock Delay (DCD):    2.113ns
    Source Clock Delay      (SCD):    1.508ns
    Clock Pessimism Removal (CPR):    0.248ns
  Clock Uncertainty:      0.259ns  ((TSJ^2 + DJ^2)^1/2) / 2 + PE
    Total System Jitter     (TSJ):    0.071ns
    Discrete Jitter          (DJ):    0.175ns
    Phase Error              (PE):    0.165ns

    Location             Delay type                Incr(ns)  Path(ns)    Netlist Resource(s)
  -------------------------------------------------------------------    -------------------
                         (clock clkout0_1 rise edge)
                                                      0.000     0.000 r  
    W17                                               0.000     0.000 r  sys_clk (IN)
                         net (fo=0)                   0.000     0.000    sys_clk
    W17                  IBUF (Prop_ibuf_I_O)         0.252     0.252 r  sys_clk_IBUF_inst/O
                         net (fo=1, routed)           0.674     0.926    sys_clk_IBUF
    BUFGCTRL_X0Y4        BUFG (Prop_bufg_I_O)         0.026     0.952 r  sys_clk_IBUF_BUFG_inst/O
                         net (fo=186, routed)         0.595     1.547    u_pl/u_clk/sys_clk_IBUF_BUFG
    MMCME2_ADV_X1Y0      MMCME2_ADV (Prop_mmcme2_adv_CLKIN1_CLKOUT0)
                                                     -1.150     0.397 r  u_pl/u_clk/u_mmcm/CLKOUT0
                         net (fo=1, routed)           0.529     0.926    u_pl/u_clk/clkout0
    BUFGCTRL_X0Y0        BUFG (Prop_bufg_I_O)         0.026     0.952 r  u_pl/u_clk/u_bufg_pix/O
                         net (fo=5902, routed)        0.556     1.508    u_pl/clk_pix
    SLICE_X44Y89         FDCE                                         r  u_pl/rot_fs_tog_reg/C
  -------------------------------------------------------------------    -------------------
    SLICE_X44Y89         FDCE (Prop_fdce_C_Q)         0.141     1.649 r  u_pl/rot_fs_tog_reg/Q
                         net (fo=2, routed)           0.652     2.301    u_pl/u_ang/rot_fs_tog
    SLICE_X44Y102        FDRE                                         r  u_pl/u_ang/fs_s_reg[0]/D
  -------------------------------------------------------------------    -------------------

                         (clock sys_clk rise edge)    0.000     0.000 r  
    W17                                               0.000     0.000 r  sys_clk (IN)
                         net (fo=0)                   0.000     0.000    sys_clk
    W17                  IBUF (Prop_ibuf_I_O)         0.440     0.440 r  sys_clk_IBUF_inst/O
                         net (fo=1, routed)           0.731     1.171    sys_clk_IBUF
    BUFGCTRL_X0Y4        BUFG (Prop_bufg_I_O)         0.029     1.200 r  sys_clk_IBUF_BUFG_inst/O
                         net (fo=186, routed)         0.913     2.113    u_pl/u_ang/sys_clk_IBUF_BUFG
    SLICE_X44Y102        FDRE                                         r  u_pl/u_ang/fs_s_reg[0]/C
                         clock pessimism             -0.248     1.865    
                         clock uncertainty            0.259     2.124    
    SLICE_X44Y102        FDRE (Hold_fdre_C_D)         0.046     2.170    u_pl/u_ang/fs_s_reg[0]
  -------------------------------------------------------------------
                         required time                         -2.170    
                         arrival time                           2.301    
  -------------------------------------------------------------------
                         slack                                  0.130    





---------------------------------------------------------------------------------------------------
From Clock:  sys_clk
  To Clock:  clkout0_1

Setup :            0  Failing Endpoints,  Worst Slack        3.468ns,  Total Violation        0.000ns
Hold  :            0  Failing Endpoints,  Worst Slack        0.128ns,  Total Violation        0.000ns
---------------------------------------------------------------------------------------------------


Max Delay Paths
--------------------------------------------------------------------------------------
Slack (MET) :             3.468ns  (required time - arrival time)
  Source:                 u_pl/u_ang/angle_reg[3]/C
                            (rising edge-triggered cell FDRE clocked by sys_clk  {rise@0.000ns fall@10.000ns period=20.000ns})
  Destination:            u_pl/u_osd/b_reg[2]/D
                            (rising edge-triggered cell FDCE clocked by clkout0_1  {rise@0.000ns fall@10.000ns period=20.000ns})
  Path Group:             clkout0_1
  Path Type:              Setup (Max at Slow Process Corner)
  Requirement:            20.000ns  (clkout0_1 rise@20.000ns - sys_clk rise@0.000ns)
  Data Path Delay:        16.156ns  (logic 4.227ns (26.164%)  route 11.929ns (73.836%))
  Logic Levels:           20  (CARRY4=4 LUT2=2 LUT3=2 LUT4=1 LUT5=2 LUT6=9)
  Clock Path Skew:        -0.147ns (DCD - SCD + CPR)
    Destination Clock Delay (DCD):    4.542ns = ( 24.542 - 20.000 ) 
    Source Clock Delay      (SCD):    4.935ns
    Clock Pessimism Removal (CPR):    0.246ns
  Clock Uncertainty:      0.259ns  ((TSJ^2 + DJ^2)^1/2) / 2 + PE
    Total System Jitter     (TSJ):    0.071ns
    Discrete Jitter          (DJ):    0.175ns
    Phase Error              (PE):    0.165ns

    Location             Delay type                Incr(ns)  Path(ns)    Netlist Resource(s)
  -------------------------------------------------------------------    -------------------
                         (clock sys_clk rise edge)    0.000     0.000 r  
    W17                                               0.000     0.000 r  sys_clk (IN)
                         net (fo=0)                   0.000     0.000    sys_clk
    W17                  IBUF (Prop_ibuf_I_O)         1.415     1.415 r  sys_clk_IBUF_inst/O
                         net (fo=1, routed)           1.873     3.288    sys_clk_IBUF
    BUFGCTRL_X0Y4        BUFG (Prop_bufg_I_O)         0.085     3.373 r  sys_clk_IBUF_BUFG_inst/O
                         net (fo=186, routed)         1.562     4.935    u_pl/u_ang/sys_clk_IBUF_BUFG
    SLICE_X44Y104        FDRE                                         r  u_pl/u_ang/angle_reg[3]/C
  -------------------------------------------------------------------    -------------------
    SLICE_X44Y104        FDRE (Prop_fdre_C_Q)         0.379     5.314 r  u_pl/u_ang/angle_reg[3]/Q
                         net (fo=164, routed)         1.068     6.382    u_pl/u_ang/angle_reg[3]_1
    SLICE_X56Y100        LUT2 (Prop_lut2_I0_O)        0.105     6.487 r  u_pl/u_ang/g0_b0_i_639/O
                         net (fo=1, routed)           0.000     6.487    u_pl/u_ang/g0_b0_i_639_n_0
    SLICE_X56Y100        CARRY4 (Prop_carry4_S[2]_CO[3])
                                                      0.332     6.819 r  u_pl/u_ang/g0_b0_i_558/CO[3]
                         net (fo=1, routed)           0.000     6.819    u_pl/u_ang/g0_b0_i_558_n_0
    SLICE_X56Y101        CARRY4 (Prop_carry4_CI_CO[3])
                                                      0.098     6.917 r  u_pl/u_ang/g0_b0_i_351/CO[3]
                         net (fo=1, routed)           0.000     6.917    u_pl/u_ang/g0_b0_i_351_n_0
    SLICE_X56Y102        CARRY4 (Prop_carry4_CI_O[1])
                                                      0.265     7.182 r  u_pl/u_ang/g0_b0_i_147/O[1]
                         net (fo=12, routed)          0.721     7.903    u_pl/u_ang/g0_b0_i_147_n_6
    SLICE_X57Y103        LUT3 (Prop_lut3_I0_O)        0.260     8.163 r  u_pl/u_ang/g0_b0_i_346/O
                         net (fo=2, routed)           0.361     8.524    u_pl/u_ang/g0_b0_i_346_n_0
    SLICE_X57Y103        LUT5 (Prop_lut5_I0_O)        0.267     8.791 r  u_pl/u_ang/g0_b0_i_349/O
                         net (fo=1, routed)           0.000     8.791    u_pl/u_ang/g0_b0_i_349_n_0
    SLICE_X57Y103        CARRY4 (Prop_carry4_S[1]_CO[2])
                                                      0.475     9.266 r  u_pl/u_ang/g0_b0_i_146/CO[2]
                         net (fo=4, routed)           0.417     9.683    u_pl/u_ang/g0_b0_i_146_n_1
    SLICE_X56Y103        LUT4 (Prop_lut4_I0_O)        0.280     9.963 r  u_pl/u_ang/g0_b0_i_62/O
                         net (fo=45, routed)          0.569    10.531    u_pl/u_ang/angle_reg[8]_0
    SLICE_X59Y99         LUT6 (Prop_lut6_I5_O)        0.267    10.798 r  u_pl/u_ang/g0_b0_i_199/O
                         net (fo=1, routed)           0.551    11.349    u_pl/u_osd/g0_b0_i_35_0
    SLICE_X59Y99         LUT6 (Prop_lut6_I4_O)        0.105    11.454 f  u_pl/u_osd/g0_b0_i_81/O
                         net (fo=1, routed)           0.818    12.272    u_pl/u_osd/g0_b0_i_81_n_0
    SLICE_X44Y97         LUT5 (Prop_lut5_I4_O)        0.110    12.382 r  u_pl/u_osd/g0_b0_i_35/O
                         net (fo=1, routed)           0.698    13.080    u_pl/u_osd/g0_b0_i_35_n_0
    SLICE_X44Y93         LUT6 (Prop_lut6_I5_O)        0.268    13.348 r  u_pl/u_osd/g0_b0_i_15/O
                         net (fo=13, routed)          0.981    14.330    u_pl/u_osd/chars[4]
    SLICE_X47Y88         LUT6 (Prop_lut6_I3_O)        0.105    14.435 r  u_pl/u_osd/g0_b0_i_20/O
                         net (fo=1, routed)           0.546    14.981    u_pl/u_osd/g0_b0_i_20_n_0
    SLICE_X47Y88         LUT3 (Prop_lut3_I2_O)        0.119    15.100 r  u_pl/u_osd/g0_b0_i_5/O
                         net (fo=35, routed)          1.105    16.205    u_pl/glyph_idx[4]
    SLICE_X55Y78         LUT6 (Prop_lut6_I4_O)        0.267    16.472 f  u_pl/g0_b3__2/O
                         net (fo=1, routed)           0.513    16.985    u_pl/u_osd/r_reg[7]_i_13_1[3]
    SLICE_X55Y77         LUT6 (Prop_lut6_I1_O)        0.105    17.090 r  u_pl/u_osd/r[7]_i_29/O
                         net (fo=1, routed)           0.374    17.464    u_pl/u_osd/r[7]_i_29_n_0
    SLICE_X55Y75         LUT6 (Prop_lut6_I1_O)        0.105    17.569 f  u_pl/u_osd/r[7]_i_21/O
                         net (fo=1, routed)           0.285    17.854    u_pl/u_osd/r[7]_i_21_n_0
    SLICE_X57Y74         LUT6 (Prop_lut6_I5_O)        0.105    17.959 r  u_pl/u_osd/r[7]_i_7/O
                         net (fo=1, routed)           0.536    18.495    u_pl/u_osd/r[7]_i_7_n_0
    SLICE_X56Y75         LUT6 (Prop_lut6_I5_O)        0.105    18.600 f  u_pl/u_osd/r[7]_i_2/O
                         net (fo=19, routed)          2.386    20.986    u_pl/u_osd/r[7]_i_2_n_0
    SLICE_X107Y23        LUT2 (Prop_lut2_I1_O)        0.105    21.091 r  u_pl/u_osd/b[2]_i_1/O
                         net (fo=1, routed)           0.000    21.091    u_pl/u_osd/b[2]_i_1_n_0
    SLICE_X107Y23        FDCE                                         r  u_pl/u_osd/b_reg[2]/D
  -------------------------------------------------------------------    -------------------

                         (clock clkout0_1 rise edge)
                                                     20.000    20.000 r  
    W17                                               0.000    20.000 r  sys_clk (IN)
                         net (fo=0)                   0.000    20.000    sys_clk
    W17                  IBUF (Prop_ibuf_I_O)         1.349    21.349 r  sys_clk_IBUF_inst/O
                         net (fo=1, routed)           1.701    23.050    sys_clk_IBUF
    BUFGCTRL_X0Y4        BUFG (Prop_bufg_I_O)         0.077    23.127 r  sys_clk_IBUF_BUFG_inst/O
                         net (fo=186, routed)         1.384    24.511    u_pl/u_clk/sys_clk_IBUF_BUFG
    MMCME2_ADV_X1Y0      MMCME2_ADV (Prop_mmcme2_adv_CLKIN1_CLKOUT0)
                                                     -2.915    21.596 r  u_pl/u_clk/u_mmcm/CLKOUT0
                         net (fo=1, routed)           1.454    23.050    u_pl/u_clk/clkout0
    BUFGCTRL_X0Y0        BUFG (Prop_bufg_I_O)         0.077    23.127 r  u_pl/u_clk/u_bufg_pix/O
                         net (fo=5902, routed)        1.415    24.542    u_pl/u_osd/s_vs_reg_0
    SLICE_X107Y23        FDCE                                         r  u_pl/u_osd/b_reg[2]/C
                         clock pessimism              0.246    24.788    
                         clock uncertainty           -0.259    24.529    
    SLICE_X107Y23        FDCE (Setup_fdce_C_D)        0.030    24.559    u_pl/u_osd/b_reg[2]
  -------------------------------------------------------------------
                         required time                         24.559    
                         arrival time                         -21.091    
  -------------------------------------------------------------------
                         slack                                  3.468    





Min Delay Paths
--------------------------------------------------------------------------------------
Slack (MET) :             0.128ns  (arrival time - required time)
  Source:                 u_pl/u_k1l/tog_reg/C
                            (rising edge-triggered cell FDRE clocked by sys_clk  {rise@0.000ns fall@10.000ns period=20.000ns})
  Destination:            u_pl/u_mode/lsync_reg[0]/D
                            (rising edge-triggered cell FDCE clocked by clkout0_1  {rise@0.000ns fall@10.000ns period=20.000ns})
  Path Group:             clkout0_1
  Path Type:              Hold (Min at Fast Process Corner)
  Requirement:            0.000ns  (clkout0_1 rise@0.000ns - sys_clk rise@0.000ns)
  Data Path Delay:        0.667ns  (logic 0.128ns (19.197%)  route 0.539ns (80.803%))
  Logic Levels:           0  
  Clock Path Skew:        0.276ns (DCD - SCD - CPR)
    Destination Clock Delay (DCD):    2.112ns
    Source Clock Delay      (SCD):    1.588ns
    Clock Pessimism Removal (CPR):    0.248ns
  Clock Uncertainty:      0.259ns  ((TSJ^2 + DJ^2)^1/2) / 2 + PE
    Total System Jitter     (TSJ):    0.071ns
    Discrete Jitter          (DJ):    0.175ns
    Phase Error              (PE):    0.165ns

    Location             Delay type                Incr(ns)  Path(ns)    Netlist Resource(s)
  -------------------------------------------------------------------    -------------------
                         (clock sys_clk rise edge)    0.000     0.000 r  
    W17                                               0.000     0.000 r  sys_clk (IN)
                         net (fo=0)                   0.000     0.000    sys_clk
    W17                  IBUF (Prop_ibuf_I_O)         0.252     0.252 r  sys_clk_IBUF_inst/O
                         net (fo=1, routed)           0.674     0.926    sys_clk_IBUF
    BUFGCTRL_X0Y4        BUFG (Prop_bufg_I_O)         0.026     0.952 r  sys_clk_IBUF_BUFG_inst/O
                         net (fo=186, routed)         0.636     1.588    u_pl/u_k1l/sys_clk_IBUF_BUFG
    SLICE_X39Y113        FDRE                                         r  u_pl/u_k1l/tog_reg/C
  -------------------------------------------------------------------    -------------------
    SLICE_X39Y113        FDRE (Prop_fdre_C_Q)         0.128     1.716 r  u_pl/u_k1l/tog_reg/Q
                         net (fo=3, routed)           0.539     2.255    u_pl/u_mode/D[0]
    SLICE_X41Y103        FDCE                                         r  u_pl/u_mode/lsync_reg[0]/D
  -------------------------------------------------------------------    -------------------

                         (clock clkout0_1 rise edge)
                                                      0.000     0.000 r  
    W17                                               0.000     0.000 r  sys_clk (IN)
                         net (fo=0)                   0.000     0.000    sys_clk
    W17                  IBUF (Prop_ibuf_I_O)         0.440     0.440 r  sys_clk_IBUF_inst/O
                         net (fo=1, routed)           0.731     1.171    sys_clk_IBUF
    BUFGCTRL_X0Y4        BUFG (Prop_bufg_I_O)         0.029     1.200 r  sys_clk_IBUF_BUFG_inst/O
                         net (fo=186, routed)         0.862     2.062    u_pl/u_clk/sys_clk_IBUF_BUFG
    MMCME2_ADV_X1Y0      MMCME2_ADV (Prop_mmcme2_adv_CLKIN1_CLKOUT0)
                                                     -1.467     0.595 r  u_pl/u_clk/u_mmcm/CLKOUT0
                         net (fo=1, routed)           0.576     1.171    u_pl/u_clk/clkout0
    BUFGCTRL_X0Y0        BUFG (Prop_bufg_I_O)         0.029     1.200 r  u_pl/u_clk/u_bufg_pix/O
                         net (fo=5902, routed)        0.912     2.112    u_pl/u_mode/ov_act_reg[1]_0
    SLICE_X41Y103        FDCE                                         r  u_pl/u_mode/lsync_reg[0]/C
                         clock pessimism             -0.248     1.864    
                         clock uncertainty            0.259     2.123    
    SLICE_X41Y103        FDCE (Hold_fdce_C_D)         0.004     2.127    u_pl/u_mode/lsync_reg[0]
  -------------------------------------------------------------------
                         required time                         -2.127    
                         arrival time                           2.255    
  -------------------------------------------------------------------
                         slack                                  0.128    





